2018-09-28 11:32:07.388 2505 INFO tempest.lib.common.rest_client [req-ba436e20-8add-4b60-a7e6-a4ec5df59d3c ] Request (DefaultDomainTestJSON:setUpClass): 200 GET http://10.13.3.199:35357/v3/roles 0.044s[00m
2018-09-28 11:32:07.454 2508 INFO tempest.lib.common.rest_client [req-1031369b-52d7-4d03-9725-c7b46803946c ] Request (NetworksTest:tearDownClass): 204 DELETE http://10.13.3.199:35357/v3/users/f43302f15081417eb5c166091d54c078 0.067s[00m
2018-09-28 11:32:07.500 2505 INFO tempest.lib.common.rest_client [req-f32cd740-835a-4203-904f-63997bde5028 ] Request (DefaultDomainTestJSON:setUpClass): 204 PUT http://10.13.3.199:35357/v3/domains/f262781cced8420da52950e7469e990d/users/ee37bdbcb54e4791ba7353ee28011fd0/roles/6950c4af7312413280ea7d622f590144 0.110s[00m
2018-09-28 11:32:07.500 2505 INFO tempest.lib.common.dynamic_creds [-] Acquired dynamic creds:
 credentials: Credentials: {'domain_id': 'f262781cced8420da52950e7469e990d', 'domain_name': 'admin_domain', 'username': 'tempest-DefaultDomainTestJSON-1230258263', 'project_domain_id': 'f262781cced8420da52950e7469e990d', 'project_domain_name': 'admin_domain', 'project_id': 'a10ce0f3269b4dd89d904cabce4dc849', 'project_name': 'tempest-DefaultDomainTestJSON-1230258263', 'tenant_id': 'a10ce0f3269b4dd89d904cabce4dc849', 'tenant_name': 'tempest-DefaultDomainTestJSON-1230258263', 'user_domain_id': 'f262781cced8420da52950e7469e990d', 'user_domain_name': 'admin_domain', 'user_id': 'ee37bdbcb54e4791ba7353ee28011fd0'}, Network: None, Subnet: None, Router: None[00m
2018-09-28 11:32:07.501 2505 INFO tempest.lib.common.dynamic_creds [-] Created isolated network resources for:
 credentials: Credentials: {'domain_id': 'f262781cced8420da52950e7469e990d', 'domain_name': 'admin_domain', 'username': 'tempest-DefaultDomainTestJSON-1230258263', 'project_domain_id': 'f262781cced8420da52950e7469e990d', 'project_domain_name': 'admin_domain', 'project_id': 'a10ce0f3269b4dd89d904cabce4dc849', 'project_name': 'tempest-DefaultDomainTestJSON-1230258263', 'tenant_id': 'a10ce0f3269b4dd89d904cabce4dc849', 'tenant_name': 'tempest-DefaultDomainTestJSON-1230258263', 'user_domain_id': 'f262781cced8420da52950e7469e990d', 'user_domain_name': 'admin_domain', 'user_id': 'ee37bdbcb54e4791ba7353ee28011fd0'}, Network: None, Subnet: None, Router: None[00m
2018-09-28 11:32:07.754 2508 INFO tempest.lib.common.rest_client [req-1bf3b125-07cd-4e76-85cc-f240f61d584e ] Request (NetworksTest:tearDownClass): 201 POST http://10.13.3.199:5000/v3/auth/tokens[00m
2018-09-28 11:32:07.812 2505 INFO tempest.lib.common.rest_client [req-cf2d7dc4-4f35-4fb6-9b26-cd4e76b839fd ] Request (DefaultDomainTestJSON:setUpClass): 201 POST http://10.13.3.199:5000/v3/auth/tokens[00m
2018-09-28 11:32:07.853 2508 INFO tempest.lib.common.rest_client [req-c0547ff4-04a3-4f53-b7f2-0c620a486d85 ] Request (NetworksTest:tearDownClass): 200 GET http://10.13.3.207:9696/v2.0/security-groups?tenant_id=bd6ecd2a4053443797e1aff6d4bf91c6&name=default 0.098s[00m
2018-09-28 11:32:07.929 2508 INFO tempest.lib.common.rest_client [req-aadb0421-9dff-478a-9834-7d7e7769f5cd ] Request (NetworksTest:tearDownClass): 204 DELETE http://10.13.3.207:9696/v2.0/security-groups/ec02f888-fd5f-4994-b323-e1d28d756d01 0.075s[00m
2018-09-28 11:32:08.037 2508 INFO tempest.lib.common.rest_client [req-5ae4faa0-d723-4105-a4cb-ea18cb0070eb ] Request (NetworksTest:tearDownClass): 204 DELETE http://10.13.3.199:35357/v3/projects/bd6ecd2a4053443797e1aff6d4bf91c6 0.107s[00m
2018-09-28 11:32:08.086 2505 INFO tempest.lib.common.rest_client [req-527d3a16-dd76-4432-ba88-1b78ea4c96d1 ] Request (DefaultDomainTestJSON:test_default_domain_exists): 201 POST http://10.13.3.199:5000/v3/auth/tokens[00m
2018-09-28 11:32:08.116 2505 INFO tempest.lib.common.rest_client [req-0b2f2faf-ca73-4a80-82ec-b955a33a62f4 ] Request (DefaultDomainTestJSON:test_default_domain_exists): 200 GET http://10.13.3.199:35357/v3/domains/5b71ce673cf74ca4823df9f3c4fdf696 0.028s[00m
{0} tempest.api.identity.admin.v3.test_domains.DefaultDomainTestJSON.test_default_domain_exists [0.303524s] ... ok
2018-09-28 11:32:08.227 2505 INFO tempest.lib.common.rest_client [req-aecf0627-5bd1-4578-9b04-e82b11b82620 ] Request (DefaultDomainTestJSON:tearDownClass): 204 DELETE http://10.13.3.199:35357/v3/users/6cff46ed507a47e3afec41aae3394348 0.110s[00m
2018-09-28 11:32:08.334 2508 INFO tempest.lib.common.rest_client [req-7738acf3-a6f2-4a81-a092-d6efc71f7f5e ] Request (PortsTestJSON:setUpClass): 201 POST http://10.13.3.199:5000/v3/auth/tokens[00m
2018-09-28 11:32:08.477 2505 INFO tempest.lib.common.rest_client [req-43345d06-8231-4e70-b8fe-52763e2596d5 ] Request (DefaultDomainTestJSON:tearDownClass): 201 POST http://10.13.3.199:5000/v3/auth/tokens[00m
2018-09-28 11:32:08.605 2508 INFO tempest.lib.common.rest_client [req-1ea8d3ed-1fa3-4d68-97aa-9a1ec9c41545 ] Request (PortsTestJSON:setUpClass): 201 POST http://10.13.3.199:5000/v3/auth/tokens[00m
2018-09-28 11:32:08.626 2508 INFO tempest.lib.common.rest_client [req-11fb21ef-ef6b-46a0-aed4-4685b92d6b7f ] Request (PortsTestJSON:setUpClass): 200 GET http://10.13.3.199:35357/v3/domains?name=admin_domain 0.020s[00m
2018-09-28 11:32:08.637 2505 INFO tempest.lib.common.rest_client [req-99994663-4313-4212-b536-1b9a46ff6ba2 ] Request (DefaultDomainTestJSON:tearDownClass): 200 GET http://10.13.3.207:9696/v2.0/security-groups?tenant_id=5e15fb2521884fb592b8c3e593c8b214&name=default 0.159s[00m
2018-09-28 11:32:08.654 2508 INFO tempest.lib.common.rest_client [req-bd2c5c61-780a-4966-bc10-956ec2d37b46 ] Request (PortsTestJSON:setUpClass): 201 POST http://10.13.3.199:35357/v3/projects 0.025s[00m
2018-09-28 11:32:08.712 2505 INFO tempest.lib.common.rest_client [req-d4a04636-04ca-4f15-980b-b171222b337e ] Request (DefaultDomainTestJSON:tearDownClass): 204 DELETE http://10.13.3.207:9696/v2.0/security-groups/fefb4cc0-bdff-496f-8a37-1dbdafb74681 0.074s[00m
2018-09-28 11:32:08.910 2508 INFO tempest.lib.common.rest_client [req-8273d15a-7224-4a54-a709-ef94604e5320 ] Request (PortsTestJSON:setUpClass): 201 POST http://10.13.3.199:35357/v3/users 0.252s[00m
2018-09-28 11:32:08.959 2505 INFO tempest.lib.common.rest_client [req-c964dc7a-1d0c-469f-9089-9aec451ac0ed ] Request (DefaultDomainTestJSON:tearDownClass): 204 DELETE http://10.13.3.199:35357/v3/projects/5e15fb2521884fb592b8c3e593c8b214 0.246s[00m
2018-09-28 11:32:08.992 2508 INFO tempest.lib.common.rest_client [req-efcbe2ae-8b47-4645-9b05-ca1b5557a8a6 ] Request (PortsTestJSON:setUpClass): 200 GET http://10.13.3.199:35357/v3/roles 0.078s[00m
2018-09-28 11:32:09.045 2505 INFO tempest.lib.common.rest_client [req-00cad3ea-d054-4eb7-9a42-ac28b12b33b6 ] Request (DefaultDomainTestJSON:tearDownClass): 204 DELETE http://10.13.3.199:35357/v3/users/ee37bdbcb54e4791ba7353ee28011fd0 0.085s[00m
2018-09-28 11:32:09.079 2508 INFO tempest.lib.common.rest_client [req-b5ddec4b-1300-4d45-8521-ad6aa3c8a616 ] Request (PortsTestJSON:setUpClass): 200 GET http://10.13.3.199:35357/v3/roles 0.083s[00m
2018-09-28 11:32:09.117 2505 INFO tempest.lib.common.rest_client [req-6fe9c1c8-8da7-4f57-a83d-c9bc9afcde5b ] Request (DefaultDomainTestJSON:tearDownClass): 200 GET http://10.13.3.207:9696/v2.0/security-groups?tenant_id=a10ce0f3269b4dd89d904cabce4dc849&name=default 0.071s[00m
2018-09-28 11:32:09.117 2508 INFO tempest.lib.common.rest_client [req-6dbbf709-1d96-44b3-9b01-9072903e692f ] Request (PortsTestJSON:setUpClass): 204 PUT http://10.13.3.199:35357/v3/projects/b4f0a1b786934035a05e4eeb150a3ee8/users/15e2ab024d424549a2b4df6e3cba8e0d/roles/e84d5db8d60d4adc82b90e52fb92ed6f 0.036s[00m
2018-09-28 11:32:09.117 2508 INFO tempest.lib.common.dynamic_creds [-] Acquired dynamic creds:
 credentials: Credentials: {'domain_id': 'f262781cced8420da52950e7469e990d', 'domain_name': 'admin_domain', 'username': 'tempest-PortsTestJSON-718962337', 'project_domain_id': 'f262781cced8420da52950e7469e990d', 'project_domain_name': 'admin_domain', 'project_id': 'b4f0a1b786934035a05e4eeb150a3ee8', 'project_name': 'tempest-PortsTestJSON-718962337', 'tenant_id': 'b4f0a1b786934035a05e4eeb150a3ee8', 'tenant_name': 'tempest-PortsTestJSON-718962337', 'user_domain_id': 'f262781cced8420da52950e7469e990d', 'user_domain_name': 'admin_domain', 'user_id': '15e2ab024d424549a2b4df6e3cba8e0d'}, Network: None, Subnet: None, Router: None[00m
2018-09-28 11:32:09.120 2508 INFO tempest.lib.common.dynamic_creds [-] Created isolated network resources for:
 credentials: Credentials: {'domain_id': 'f262781cced8420da52950e7469e990d', 'domain_name': 'admin_domain', 'username': 'tempest-PortsTestJSON-718962337', 'project_domain_id': 'f262781cced8420da52950e7469e990d', 'project_domain_name': 'admin_domain', 'project_id': 'b4f0a1b786934035a05e4eeb150a3ee8', 'project_name': 'tempest-PortsTestJSON-718962337', 'tenant_id': 'b4f0a1b786934035a05e4eeb150a3ee8', 'tenant_name': 'tempest-PortsTestJSON-718962337', 'user_domain_id': 'f262781cced8420da52950e7469e990d', 'user_domain_name': 'admin_domain', 'user_id': '15e2ab024d424549a2b4df6e3cba8e0d'}, Network: None, Subnet: None, Router: None[00m
2018-09-28 11:32:09.192 2505 INFO tempest.lib.common.rest_client [req-c6a5f702-f058-4452-9163-3b7c844aa651 ] Request (DefaultDomainTestJSON:tearDownClass): 204 DELETE http://10.13.3.207:9696/v2.0/security-groups/c0ab5500-cb18-4ce8-8df1-bc900c0e6e85 0.074s[00m
2018-09-28 11:32:09.298 2505 INFO tempest.lib.common.rest_client [req-913bdb59-514b-4abc-8c31-466e267b7f2c ] Request (DefaultDomainTestJSON:tearDownClass): 204 DELETE http://10.13.3.199:35357/v3/projects/a10ce0f3269b4dd89d904cabce4dc849 0.105s[00m
2018-09-28 11:32:09.449 2508 INFO tempest.lib.common.rest_client [req-0fab4498-1de6-4040-92a1-af7700cf9c99 ] Request (PortsTestJSON:setUpClass): 201 POST http://10.13.3.199:5000/v3/auth/tokens[00m
2018-09-28 11:32:09.580 2505 INFO tempest.lib.common.rest_client [req-d4198da7-28cc-49fb-aca7-89596e476239 ] Request (DomainsTestJSON:setUpClass): 201 POST http://10.13.3.199:5000/v3/auth/tokens[00m
2018-09-28 11:32:09.691 2508 INFO tempest.lib.common.rest_client [req-781a6d73-9dd0-45c7-961c-a82e3306adde ] Request (PortsTestJSON:setUpClass): 201 POST http://10.13.3.207:9696/v2.0/networks 0.240s[00m
2018-09-28 11:32:09.835 2505 INFO tempest.lib.common.rest_client [req-6076b048-878e-4530-bfc0-782cfea5b852 ] Request (DomainsTestJSON:setUpClass): 201 POST http://10.13.3.199:5000/v3/auth/tokens[00m
2018-09-28 11:32:09.854 2505 INFO tempest.lib.common.rest_client [req-9f67a12f-b216-4ac3-8a2b-33bd781745bc ] Request (DomainsTestJSON:setUpClass): 200 GET http://10.13.3.199:35357/v3/domains?name=admin_domain 0.019s[00m
2018-09-28 11:32:09.878 2505 INFO tempest.lib.common.rest_client [req-aaa92311-b608-4ee9-b6a7-ebd9732cbc42 ] Request (DomainsTestJSON:setUpClass): 201 POST http://10.13.3.199:35357/v3/projects 0.023s[00m
2018-09-28 11:32:10.082 2508 INFO tempest.lib.common.rest_client [req-58a69f12-791f-424a-8279-9072ca79f62a ] Request (PortsTestJSON:setUpClass): 201 POST http://10.13.3.207:9696/v2.0/ports 0.390s[00m
2018-09-28 11:32:10.129 2505 INFO tempest.lib.common.rest_client [req-d9809199-e6e0-4368-bde5-038390bc949b ] Request (DomainsTestJSON:setUpClass): 201 POST http://10.13.3.199:35357/v3/users 0.251s[00m
2018-09-28 11:32:10.146 2505 INFO tempest.lib.common.rest_client [req-fcc23c8b-c267-49c2-ac66-16901a493ce2 ] Request (DomainsTestJSON:setUpClass): 200 GET http://10.13.3.199:35357/v3/roles 0.016s[00m
2018-09-28 11:32:10.163 2505 INFO tempest.lib.common.rest_client [req-8c65b6b5-8b38-45bf-a288-08e884e84269 ] Request (DomainsTestJSON:setUpClass): 200 GET http://10.13.3.199:35357/v3/roles 0.016s[00m
2018-09-28 11:32:10.204 2508 INFO tempest.lib.common.rest_client [req-f652a6f0-8307-40f5-aa5a-2b87b7fa457a ] Request (PortsTestJSON:test_create_port_in_allowed_allocation_pools): 201 POST http://10.13.3.207:9696/v2.0/networks 0.120s[00m
2018-09-28 11:32:10.198 2505 INFO tempest.lib.common.rest_client [req-79dc28e3-97ad-4000-a27d-8a98f06506f6 ] Request (DomainsTestJSON:setUpClass): 204 PUT http://10.13.3.199:35357/v3/projects/e41b6a94a65d4f2caf0ca89a0f8ccb2e/users/17823684ae624e5fb6e7b377a1694404/roles/e84d5db8d60d4adc82b90e52fb92ed6f 0.034s[00m
2018-09-28 11:32:10.198 2505 INFO tempest.lib.common.dynamic_creds [-] Acquired dynamic creds:
 credentials: Credentials: {'domain_id': 'f262781cced8420da52950e7469e990d', 'domain_name': 'admin_domain', 'username': 'tempest-DomainsTestJSON-591877182', 'project_domain_id': 'f262781cced8420da52950e7469e990d', 'project_domain_name': 'admin_domain', 'project_id': 'e41b6a94a65d4f2caf0ca89a0f8ccb2e', 'project_name': 'tempest-DomainsTestJSON-591877182', 'tenant_id': 'e41b6a94a65d4f2caf0ca89a0f8ccb2e', 'tenant_name': 'tempest-DomainsTestJSON-591877182', 'user_domain_id': 'f262781cced8420da52950e7469e990d', 'user_domain_name': 'admin_domain', 'user_id': '17823684ae624e5fb6e7b377a1694404'}, Network: None, Subnet: None, Router: None[00m
2018-09-28 11:32:10.199 2505 INFO tempest.lib.common.dynamic_creds [-] Created isolated network resources for:
 credentials: Credentials: {'domain_id': 'f262781cced8420da52950e7469e990d', 'domain_name': 'admin_domain', 'username': 'tempest-DomainsTestJSON-591877182', 'project_domain_id': 'f262781cced8420da52950e7469e990d', 'project_domain_name': 'admin_domain', 'project_id': 'e41b6a94a65d4f2caf0ca89a0f8ccb2e', 'project_name': 'tempest-DomainsTestJSON-591877182', 'tenant_id': 'e41b6a94a65d4f2caf0ca89a0f8ccb2e', 'tenant_name': 'tempest-DomainsTestJSON-591877182', 'user_domain_id': 'f262781cced8420da52950e7469e990d', 'user_domain_name': 'admin_domain', 'user_id': '17823684ae624e5fb6e7b377a1694404'}, Network: None, Subnet: None, Router: None[00m
2018-09-28 11:32:10.488 2505 INFO tempest.lib.common.rest_client [req-a7d92b8c-279d-4d73-b07d-9c9b2d3e3f73 ] Request (DomainsTestJSON:setUpClass): 201 POST http://10.13.3.199:5000/v3/auth/tokens[00m
2018-09-28 11:32:10.534 2505 INFO tempest.lib.common.rest_client [req-adaf6b4c-4ea1-4463-8a02-9647daf2f455 ] Request (DomainsTestJSON:setUpClass): 201 POST http://10.13.3.199:35357/v3/projects 0.045s[00m
2018-09-28 11:32:10.717 2508 INFO tempest.lib.common.rest_client [req-752e9788-17d5-431f-95f4-567596920b4f ] Request (PortsTestJSON:test_create_port_in_allowed_allocation_pools): 201 POST http://10.13.3.207:9696/v2.0/subnets 0.512s[00m
2018-09-28 11:32:10.786 2505 INFO tempest.lib.common.rest_client [req-838813a0-1748-445e-959e-ab1d20ec585a ] Request (DomainsTestJSON:setUpClass): 201 POST http://10.13.3.199:35357/v3/users 0.251s[00m
2018-09-28 11:32:10.803 2505 INFO tempest.lib.common.rest_client [req-9de7cfb9-4d51-42c5-b6a4-761eca616780 ] Request (DomainsTestJSON:setUpClass): 200 GET http://10.13.3.199:35357/v3/roles 0.016s[00m
2018-09-28 11:32:10.840 2505 INFO tempest.lib.common.rest_client [req-673fbae4-e2c4-4b5a-97a2-d26b569e31bf ] Request (DomainsTestJSON:setUpClass): 204 PUT http://10.13.3.199:35357/v3/projects/bb4edc4bfc7542a2a8c7768aa383f389/users/6e222b6b960f424fb1e74bfb0e8e01db/roles/6950c4af7312413280ea7d622f590144 0.036s[00m
2018-09-28 11:32:10.874 2505 INFO tempest.lib.common.rest_client [req-26addbf9-1bd3-4d85-bc64-3dcbde5fc197 ] Request (DomainsTestJSON:setUpClass): 200 GET http://10.13.3.199:35357/v3/roles 0.033s[00m
2018-09-28 11:32:10.894 2505 INFO tempest.lib.common.rest_client [req-8726172c-55a7-4205-9350-ca812ba7391c ] Request (DomainsTestJSON:setUpClass): 204 PUT http://10.13.3.199:35357/v3/domains/f262781cced8420da52950e7469e990d/users/6e222b6b960f424fb1e74bfb0e8e01db/roles/6950c4af7312413280ea7d622f590144 0.019s[00m
2018-09-28 11:32:10.894 2505 INFO tempest.lib.common.dynamic_creds [-] Acquired dynamic creds:
 credentials: Credentials: {'domain_id': 'f262781cced8420da52950e7469e990d', 'domain_name': 'admin_domain', 'username': 'tempest-DomainsTestJSON-1665924532', 'project_domain_id': 'f262781cced8420da52950e7469e990d', 'project_domain_name': 'admin_domain', 'project_id': 'bb4edc4bfc7542a2a8c7768aa383f389', 'project_name': 'tempest-DomainsTestJSON-1665924532', 'tenant_id': 'bb4edc4bfc7542a2a8c7768aa383f389', 'tenant_name': 'tempest-DomainsTestJSON-1665924532', 'user_domain_id': 'f262781cced8420da52950e7469e990d', 'user_domain_name': 'admin_domain', 'user_id': '6e222b6b960f424fb1e74bfb0e8e01db'}, Network: None, Subnet: None, Router: None[00m
2018-09-28 11:32:10.894 2505 INFO tempest.lib.common.dynamic_creds [-] Created isolated network resources for:
 credentials: Credentials: {'domain_id': 'f262781cced8420da52950e7469e990d', 'domain_name': 'admin_domain', 'username': 'tempest-DomainsTestJSON-1665924532', 'project_domain_id': 'f262781cced8420da52950e7469e990d', 'project_domain_name': 'admin_domain', 'project_id': 'bb4edc4bfc7542a2a8c7768aa383f389', 'project_name': 'tempest-DomainsTestJSON-1665924532', 'tenant_id': 'bb4edc4bfc7542a2a8c7768aa383f389', 'tenant_name': 'tempest-DomainsTestJSON-1665924532', 'user_domain_id': 'f262781cced8420da52950e7469e990d', 'user_domain_name': 'admin_domain', 'user_id': '6e222b6b960f424fb1e74bfb0e8e01db'}, Network: None, Subnet: None, Router: None[00m
2018-09-28 11:32:11.184 2505 INFO tempest.lib.common.rest_client [req-83834fa0-2297-4f56-b99c-b9dbcc64c2d2 ] Request (DomainsTestJSON:setUpClass): 201 POST http://10.13.3.199:5000/v3/auth/tokens[00m
2018-09-28 11:32:11.397 2508 INFO tempest.lib.common.rest_client [req-3b0cb334-c9e7-470a-9e9b-ab2dff01acbd ] Request (PortsTestJSON:test_create_port_in_allowed_allocation_pools): 201 POST http://10.13.3.207:9696/v2.0/ports 0.679s[00m
2018-09-28 11:32:11.443 2505 INFO tempest.lib.common.rest_client [req-e824c62b-5e1d-41f6-85a1-d742d19b22a4 ] Request (DomainsTestJSON:setUpClass): 201 POST http://10.13.3.199:5000/v3/auth/tokens[00m
2018-09-28 11:32:11.467 2505 INFO tempest.lib.common.rest_client [req-27f5af91-68fa-4d71-ab67-370b70ad3165 ] Request (DomainsTestJSON:setUpClass): 201 POST http://10.13.3.199:35357/v3/domains 0.023s[00m
2018-09-28 11:32:11.506 2505 INFO tempest.lib.common.rest_client [req-bd028507-dd31-4ee6-bd6a-9452761d7ef4 ] Request (DomainsTestJSON:setUpClass): 201 POST http://10.13.3.199:35357/v3/domains 0.039s[00m
2018-09-28 11:32:11.544 2505 INFO tempest.lib.common.rest_client [req-0176652b-eeb6-4f4c-8a67-271263f478d0 ] Request (DomainsTestJSON:setUpClass): 201 POST http://10.13.3.199:35357/v3/domains 0.037s[00m
2018-09-28 11:32:11.583 2505 INFO tempest.lib.common.rest_client [req-c421b2da-1eed-465e-93d1-f8e54c539d84 ] Request (DomainsTestJSON:test_create_update_delete_domain): 201 POST http://10.13.3.199:35357/v3/domains 0.037s[00m
2018-09-28 11:32:11.641 2505 INFO tempest.lib.common.rest_client [req-a8b993aa-8d19-4c1d-ab68-fb0d0cc20bf1 ] Request (DomainsTestJSON:test_create_update_delete_domain): 200 PATCH http://10.13.3.199:35357/v3/domains/e1ba8fb7868f4958b91099fa8e452d37 0.056s[00m
2018-09-28 11:32:11.678 2505 INFO tempest.lib.common.rest_client [req-569088f0-3321-4d79-8d18-bd85c4223ba3 ] Request (DomainsTestJSON:test_create_update_delete_domain): 200 GET http://10.13.3.199:35357/v3/domains/e1ba8fb7868f4958b91099fa8e452d37 0.036s[00m
2018-09-28 11:32:11.788 2505 INFO tempest.lib.common.rest_client [req-7f9efe24-f41b-461e-b443-77d62c5a4b23 ] Request (DomainsTestJSON:test_create_update_delete_domain): 204 DELETE http://10.13.3.199:35357/v3/domains/e1ba8fb7868f4958b91099fa8e452d37 0.109s[00m
2018-09-28 11:32:11.827 2505 INFO tempest.lib.common.rest_client [req-9681a3ed-e74c-491e-a560-8a7ff88ff568 ] Request (DomainsTestJSON:test_create_update_delete_domain): 200 GET http://10.13.3.199:35357/v3/domains 0.038s[00m
2018-09-28 11:32:11.843 2505 INFO tempest.lib.common.rest_client [req-c2c04c7e-9e6e-42ae-abf2-cf2187a20539 ] Request (DomainsTestJSON:_run_cleanups): 404 PATCH http://10.13.3.199:35357/v3/domains/e1ba8fb7868f4958b91099fa8e452d37 0.015s[00m
{0} tempest.api.identity.admin.v3.test_domains.DomainsTestJSON.test_create_update_delete_domain [0.298988s] ... ok
2018-09-28 11:32:11.880 2505 INFO tempest.lib.common.rest_client [req-da456f1a-11c8-4a5b-9d27-dd26e84a974a ] Request (DomainsTestJSON:tearDownClass): 200 PATCH http://10.13.3.199:35357/v3/domains/caffd549a8a64dc194ffb13dbba58d07 0.035s[00m
2018-09-28 11:32:11.902 2508 INFO tempest.lib.common.rest_client [req-4ae09cbd-01d3-442e-aeda-ecc0fe10fde6 ] Request (PortsTestJSON:_run_cleanups): 204 DELETE http://10.13.3.207:9696/v2.0/ports/4ba18ce3-01f4-43c5-8b43-a0394df18799 0.503s[00m
2018-09-28 11:32:11.955 2505 INFO tempest.lib.common.rest_client [req-e5131c91-663e-4b22-8384-4748dcedda3e ] Request (DomainsTestJSON:tearDownClass): 204 DELETE http://10.13.3.199:35357/v3/domains/caffd549a8a64dc194ffb13dbba58d07 0.073s[00m
2018-09-28 11:32:12.010 2505 INFO tempest.lib.common.rest_client [req-7b2fc2be-ff10-4d9a-92c7-455a5412ed20 ] Request (DomainsTestJSON:tearDownClass): 200 PATCH http://10.13.3.199:35357/v3/domains/c3a656b544dc441a81cb04e05cf2dbe6 0.054s[00m
2018-09-28 11:32:12.104 2505 INFO tempest.lib.common.rest_client [req-5cd7c0ee-581b-4fe5-a94a-0060d48f2e72 ] Request (DomainsTestJSON:tearDownClass): 204 DELETE http://10.13.3.199:35357/v3/domains/c3a656b544dc441a81cb04e05cf2dbe6 0.093s[00m
2018-09-28 11:32:12.161 2505 INFO tempest.lib.common.rest_client [req-cddaa255-1c0d-43bd-a344-fbb1675dd420 ] Request (DomainsTestJSON:tearDownClass): 200 PATCH http://10.13.3.199:35357/v3/domains/c3fc496c37ed449eabcd31336dbe8fd6 0.055s[00m
2018-09-28 11:32:12.256 2505 INFO tempest.lib.common.rest_client [req-da1e20fe-0e52-4b65-ac0a-2be7b31016ee ] Request (DomainsTestJSON:tearDownClass): 204 DELETE http://10.13.3.199:35357/v3/domains/c3fc496c37ed449eabcd31336dbe8fd6 0.094s[00m
2018-09-28 11:32:12.330 2505 INFO tempest.lib.common.rest_client [req-799ae360-61f9-4b04-b741-2eca8efca63c ] Request (DomainsTestJSON:tearDownClass): 204 DELETE http://10.13.3.199:35357/v3/users/17823684ae624e5fb6e7b377a1694404 0.073s[00m
2018-09-28 11:32:12.596 2505 INFO tempest.lib.common.rest_client [req-c1369833-4468-496d-a363-c428c2a4cc81 ] Request (DomainsTestJSON:tearDownClass): 201 POST http://10.13.3.199:5000/v3/auth/tokens[00m
2018-09-28 11:32:12.710 2508 INFO tempest.lib.common.rest_client [req-2471e39e-8c6c-4ac1-977b-715917ae4502 ] Request (PortsTestJSON:_run_cleanups): 204 DELETE http://10.13.3.207:9696/v2.0/subnets/7563d423-703b-41d8-b8cb-845ddd0c5d16 0.807s[00m
2018-09-28 11:32:12.746 2505 INFO tempest.lib.common.rest_client [req-b6263a0d-a185-47ba-9b3e-63e88cca31e1 ] Request (DomainsTestJSON:tearDownClass): 200 GET http://10.13.3.207:9696/v2.0/security-groups?tenant_id=e41b6a94a65d4f2caf0ca89a0f8ccb2e&name=default 0.149s[00m
2018-09-28 11:32:12.846 2505 INFO tempest.lib.common.rest_client [req-8e21c032-5a09-41a3-97dd-87d1d72d3b5b ] Request (DomainsTestJSON:tearDownClass): 204 DELETE http://10.13.3.207:9696/v2.0/security-groups/7338788b-f416-4099-bc82-681a4c19cc33 0.099s[00m
2018-09-28 11:32:12.917 2505 INFO tempest.lib.common.rest_client [req-fd29bd5b-8cc0-4264-b83f-b52d8d3c6bdf ] Request (DomainsTestJSON:tearDownClass): 204 DELETE http://10.13.3.199:35357/v3/projects/e41b6a94a65d4f2caf0ca89a0f8ccb2e 0.070s[00m
2018-09-28 11:32:12.989 2505 INFO tempest.lib.common.rest_client [req-5a5d4ce0-cedd-47f4-a10e-fdcb76f6b120 ] Request (DomainsTestJSON:tearDownClass): 204 DELETE http://10.13.3.199:35357/v3/users/6e222b6b960f424fb1e74bfb0e8e01db 0.071s[00m
2018-09-28 11:32:13.080 2505 INFO tempest.lib.common.rest_client [req-1edfc896-8498-434e-a837-5da2c71df328 ] Request (DomainsTestJSON:tearDownClass): 200 GET http://10.13.3.207:9696/v2.0/security-groups?tenant_id=bb4edc4bfc7542a2a8c7768aa383f389&name=default 0.090s[00m
2018-09-28 11:32:13.165 2505 INFO tempest.lib.common.rest_client [req-82a0d38a-d821-4fca-8a56-4dece5b4a215 ] Request (DomainsTestJSON:tearDownClass): 204 DELETE http://10.13.3.207:9696/v2.0/security-groups/cdf5b7f1-0aca-41b4-9286-ef354a8cc568 0.082s[00m
2018-09-28 11:32:13.252 2505 INFO tempest.lib.common.rest_client [req-e463025e-326e-4f15-96d9-43168f8e242d ] Request (DomainsTestJSON:tearDownClass): 204 DELETE http://10.13.3.199:35357/v3/projects/bb4edc4bfc7542a2a8c7768aa383f389 0.086s[00m
2018-09-28 11:32:13.532 2505 INFO tempest.lib.common.rest_client [req-e855a4a2-2c31-4087-945e-95c37b790b18 ] Request (GroupsV3TestJSON:setUpClass): 201 POST http://10.13.3.199:5000/v3/auth/tokens[00m
2018-09-28 11:32:13.549 2508 INFO tempest.lib.common.rest_client [req-7714024f-c632-4f6a-8f0a-fe45a6092af7 ] Request (PortsTestJSON:_run_cleanups): 204 DELETE http://10.13.3.207:9696/v2.0/networks/8c59561a-aab3-4b4d-a8d6-6082cc4cc66f 0.837s[00m
{1} tempest.api.network.test_ports.PortsTestJSON.test_create_port_in_allowed_allocation_pools [3.466263s] ... ok
2018-09-28 11:32:13.699 2508 INFO tempest.lib.common.rest_client [req-60d28b2f-f07c-4f0a-bf11-7863dc30370f ] Request (PortsTestJSON:test_create_port_with_no_securitygroups): 201 POST http://10.13.3.207:9696/v2.0/networks 0.149s[00m
2018-09-28 11:32:13.797 2505 INFO tempest.lib.common.rest_client [req-b5039a94-ceeb-4252-bda7-aeea95d7a2b4 ] Request (GroupsV3TestJSON:setUpClass): 201 POST http://10.13.3.199:5000/v3/auth/tokens[00m
2018-09-28 11:32:13.818 2505 INFO tempest.lib.common.rest_client [req-bb9d2f45-68c1-4cd2-807c-d88e580f5ece ] Request (GroupsV3TestJSON:setUpClass): 200 GET http://10.13.3.199:35357/v3/domains?name=admin_domain 0.020s[00m
2018-09-28 11:32:13.843 2505 INFO tempest.lib.common.rest_client [req-4127c46f-d0e7-4a01-a07c-cd69201f1429 ] Request (GroupsV3TestJSON:setUpClass): 201 POST http://10.13.3.199:35357/v3/projects 0.023s[00m
2018-09-28 11:32:14.094 2505 INFO tempest.lib.common.rest_client [req-b1a39b5c-f8a5-420a-8f0f-40a511b198b9 ] Request (GroupsV3TestJSON:setUpClass): 201 POST http://10.13.3.199:35357/v3/users 0.250s[00m
2018-09-28 11:32:14.110 2505 INFO tempest.lib.common.rest_client [req-4112de9f-65c5-41ef-910c-6ead9e4cf114 ] Request (GroupsV3TestJSON:setUpClass): 200 GET http://10.13.3.199:35357/v3/roles 0.015s[00m
2018-09-28 11:32:14.126 2505 INFO tempest.lib.common.rest_client [req-62a59286-0dc4-43ab-9ba1-c690ec7d6af9 ] Request (GroupsV3TestJSON:setUpClass): 200 GET http://10.13.3.199:35357/v3/roles 0.015s[00m
2018-09-28 11:32:14.160 2505 INFO tempest.lib.common.rest_client [req-39940009-651f-4814-ab9f-5a4fdd10f317 ] Request (GroupsV3TestJSON:setUpClass): 204 PUT http://10.13.3.199:35357/v3/projects/9d9040b33e6f4efcab843b71eeaf9171/users/960d15ef28d74549a6e535f090213956/roles/e84d5db8d60d4adc82b90e52fb92ed6f 0.034s[00m
2018-09-28 11:32:14.160 2505 INFO tempest.lib.common.dynamic_creds [-] Acquired dynamic creds:
 credentials: Credentials: {'domain_id': 'f262781cced8420da52950e7469e990d', 'domain_name': 'admin_domain', 'username': 'tempest-GroupsV3TestJSON-974001161', 'project_domain_id': 'f262781cced8420da52950e7469e990d', 'project_domain_name': 'admin_domain', 'project_id': '9d9040b33e6f4efcab843b71eeaf9171', 'project_name': 'tempest-GroupsV3TestJSON-974001161', 'tenant_id': '9d9040b33e6f4efcab843b71eeaf9171', 'tenant_name': 'tempest-GroupsV3TestJSON-974001161', 'user_domain_id': 'f262781cced8420da52950e7469e990d', 'user_domain_name': 'admin_domain', 'user_id': '960d15ef28d74549a6e535f090213956'}, Network: None, Subnet: None, Router: None[00m
2018-09-28 11:32:14.161 2505 INFO tempest.lib.common.dynamic_creds [-] Created isolated network resources for:
 credentials: Credentials: {'domain_id': 'f262781cced8420da52950e7469e990d', 'domain_name': 'admin_domain', 'username': 'tempest-GroupsV3TestJSON-974001161', 'project_domain_id': 'f262781cced8420da52950e7469e990d', 'project_domain_name': 'admin_domain', 'project_id': '9d9040b33e6f4efcab843b71eeaf9171', 'project_name': 'tempest-GroupsV3TestJSON-974001161', 'tenant_id': '9d9040b33e6f4efcab843b71eeaf9171', 'tenant_name': 'tempest-GroupsV3TestJSON-974001161', 'user_domain_id': 'f262781cced8420da52950e7469e990d', 'user_domain_name': 'admin_domain', 'user_id': '960d15ef28d74549a6e535f090213956'}, Network: None, Subnet: None, Router: None[00m
2018-09-28 11:32:14.217 2508 INFO tempest.lib.common.rest_client [req-9d9d9cdb-d993-470b-bebf-dddb5198abd3 ] Request (PortsTestJSON:test_create_port_with_no_securitygroups): 201 POST http://10.13.3.207:9696/v2.0/subnets 0.516s[00m
2018-09-28 11:32:14.448 2505 INFO tempest.lib.common.rest_client [req-7c246d96-ef52-4a93-85f4-3610aa5c0113 ] Request (GroupsV3TestJSON:setUpClass): 201 POST http://10.13.3.199:5000/v3/auth/tokens[00m
2018-09-28 11:32:14.492 2505 INFO tempest.lib.common.rest_client [req-af190fc9-3464-4a45-b37e-e275720bf4ed ] Request (GroupsV3TestJSON:setUpClass): 201 POST http://10.13.3.199:35357/v3/projects 0.043s[00m
2018-09-28 11:32:14.743 2505 INFO tempest.lib.common.rest_client [req-44ccfc26-3651-46d2-9329-2f7192634e94 ] Request (GroupsV3TestJSON:setUpClass): 201 POST http://10.13.3.199:35357/v3/users 0.249s[00m
2018-09-28 11:32:14.760 2505 INFO tempest.lib.common.rest_client [req-7b6d3634-0d29-4d87-88ca-decb43361d3d ] Request (GroupsV3TestJSON:setUpClass): 200 GET http://10.13.3.199:35357/v3/roles 0.016s[00m
2018-09-28 11:32:14.796 2505 INFO tempest.lib.common.rest_client [req-acea3716-a5c9-48b3-96fc-9da8b5af84f8 ] Request (GroupsV3TestJSON:setUpClass): 204 PUT http://10.13.3.199:35357/v3/projects/526b3c0c4f7446b4a535f8adf1b8ef00/users/0811a97060684b07802bf6bb88a43653/roles/6950c4af7312413280ea7d622f590144 0.035s[00m
2018-09-28 11:32:14.810 2508 INFO tempest.lib.common.rest_client [req-3e0e90dc-ec00-4395-b7f2-c0fd7dc256c4 ] Request (PortsTestJSON:test_create_port_with_no_securitygroups): 201 POST http://10.13.3.207:9696/v2.0/ports 0.592s[00m
2018-09-28 11:32:14.834 2505 INFO tempest.lib.common.rest_client [req-c5410f96-5683-4c28-8d12-4d999e015356 ] Request (GroupsV3TestJSON:setUpClass): 200 GET http://10.13.3.199:35357/v3/roles 0.037s[00m
2018-09-28 11:32:14.858 2505 INFO tempest.lib.common.rest_client [req-3e92314a-ff2f-4797-8e71-0c83cde57fa6 ] Request (GroupsV3TestJSON:setUpClass): 204 PUT http://10.13.3.199:35357/v3/domains/f262781cced8420da52950e7469e990d/users/0811a97060684b07802bf6bb88a43653/roles/6950c4af7312413280ea7d622f590144 0.024s[00m
2018-09-28 11:32:14.859 2505 INFO tempest.lib.common.dynamic_creds [-] Acquired dynamic creds:
 credentials: Credentials: {'domain_id': 'f262781cced8420da52950e7469e990d', 'domain_name': 'admin_domain', 'username': 'tempest-GroupsV3TestJSON-181031893', 'project_domain_id': 'f262781cced8420da52950e7469e990d', 'project_domain_name': 'admin_domain', 'project_id': '526b3c0c4f7446b4a535f8adf1b8ef00', 'project_name': 'tempest-GroupsV3TestJSON-181031893', 'tenant_id': '526b3c0c4f7446b4a535f8adf1b8ef00', 'tenant_name': 'tempest-GroupsV3TestJSON-181031893', 'user_domain_id': 'f262781cced8420da52950e7469e990d', 'user_domain_name': 'admin_domain', 'user_id': '0811a97060684b07802bf6bb88a43653'}, Network: None, Subnet: None, Router: None[00m
2018-09-28 11:32:14.859 2505 INFO tempest.lib.common.dynamic_creds [-] Created isolated network resources for:
 credentials: Credentials: {'domain_id': 'f262781cced8420da52950e7469e990d', 'domain_name': 'admin_domain', 'username': 'tempest-GroupsV3TestJSON-181031893', 'project_domain_id': 'f262781cced8420da52950e7469e990d', 'project_domain_name': 'admin_domain', 'project_id': '526b3c0c4f7446b4a535f8adf1b8ef00', 'project_name': 'tempest-GroupsV3TestJSON-181031893', 'tenant_id': '526b3c0c4f7446b4a535f8adf1b8ef00', 'tenant_name': 'tempest-GroupsV3TestJSON-181031893', 'user_domain_id': 'f262781cced8420da52950e7469e990d', 'user_domain_name': 'admin_domain', 'user_id': '0811a97060684b07802bf6bb88a43653'}, Network: None, Subnet: None, Router: None[00m
2018-09-28 11:32:15.146 2505 INFO tempest.lib.common.rest_client [req-00e93b90-4c87-4ded-824a-5f1e51dd366e ] Request (GroupsV3TestJSON:setUpClass): 201 POST http://10.13.3.199:5000/v3/auth/tokens[00m
2018-09-28 11:32:15.369 2508 INFO tempest.lib.common.rest_client [req-6538ff39-4d04-46b7-a8ce-ab1ecbbd127e ] Request (PortsTestJSON:_run_cleanups): 204 DELETE http://10.13.3.207:9696/v2.0/ports/70194ee0-b156-40e1-964f-95c48a831ed7 0.558s[00m
2018-09-28 11:32:15.403 2505 INFO tempest.lib.common.rest_client [req-846fc9bb-a68f-4b72-813b-80ed176078b2 ] Request (GroupsV3TestJSON:setUpClass): 201 POST http://10.13.3.199:5000/v3/auth/tokens[00m
2018-09-28 11:32:15.429 2505 INFO tempest.lib.common.rest_client [req-45ad80dc-76b0-4244-a0fc-849072545b48 ] Request (GroupsV3TestJSON:setUpClass): 201 POST http://10.13.3.199:35357/v3/domains 0.024s[00m
2018-09-28 11:32:15.471 2505 INFO tempest.lib.common.rest_client [req-df88968c-69c1-4c47-9634-e37f2a99384f ] Request (GroupsV3TestJSON:test_group_users_add_list_delete): 201 POST http://10.13.3.199:35357/v3/groups 0.040s[00m
2018-09-28 11:32:15.705 2505 INFO tempest.lib.common.rest_client [req-dd117ba2-0442-4cd8-bbaa-360521a60ddb ] Request (GroupsV3TestJSON:test_group_users_add_list_delete): 201 POST http://10.13.3.199:35357/v3/users 0.233s[00m
2018-09-28 11:32:15.758 2505 INFO tempest.lib.common.rest_client [req-3bb810de-e2b7-410d-a667-2ba8dbde8860 ] Request (GroupsV3TestJSON:test_group_users_add_list_delete): 204 PUT http://10.13.3.199:35357/v3/groups/95a5979e6275487d8216310235bd0fca/users/189c1ab1d56a4c38b55bfa1876de239f 0.052s[00m
2018-09-28 11:32:16.011 2505 INFO tempest.lib.common.rest_client [req-e51542ab-09af-4dfd-882d-6af8adb4ab78 ] Request (GroupsV3TestJSON:test_group_users_add_list_delete): 201 POST http://10.13.3.199:35357/v3/users 0.252s[00m
2018-09-28 11:32:16.061 2505 INFO tempest.lib.common.rest_client [req-2f7d04c6-0564-4a7f-9349-18135067e392 ] Request (GroupsV3TestJSON:test_group_users_add_list_delete): 204 PUT http://10.13.3.199:35357/v3/groups/95a5979e6275487d8216310235bd0fca/users/3f5bf61ac4404edc925702bed9358405 0.049s[00m
2018-09-28 11:32:16.304 2508 INFO tempest.lib.common.rest_client [req-3a5286d0-ea66-40a0-80f1-ed5628dadccc ] Request (PortsTestJSON:_run_cleanups): 204 DELETE http://10.13.3.207:9696/v2.0/subnets/a0c4a23e-6aa3-4a4d-8eac-48407d585223 0.934s[00m
2018-09-28 11:32:16.313 2505 INFO tempest.lib.common.rest_client [req-bfda93cd-87bd-4248-9637-559eb097653a ] Request (GroupsV3TestJSON:test_group_users_add_list_delete): 201 POST http://10.13.3.199:35357/v3/users 0.251s[00m
2018-09-28 11:32:16.361 2505 INFO tempest.lib.common.rest_client [req-8641554d-f64a-49b6-9556-ca65e26b7690 ] Request (GroupsV3TestJSON:test_group_users_add_list_delete): 204 PUT http://10.13.3.199:35357/v3/groups/95a5979e6275487d8216310235bd0fca/users/316796d2b65c4bf5b8442523d8c9d635 0.046s[00m
2018-09-28 11:32:16.409 2505 INFO tempest.lib.common.rest_client [req-31ddefb8-117c-4f14-88f1-5a072fc0f374 ] Request (GroupsV3TestJSON:test_group_users_add_list_delete): 200 GET http://10.13.3.199:35357/v3/groups/95a5979e6275487d8216310235bd0fca/users 0.048s[00m
2018-09-28 11:32:16.439 2505 INFO tempest.lib.common.rest_client [req-8623002d-e4ba-4577-b8a1-80f9fbb630f2 ] Request (GroupsV3TestJSON:test_group_users_add_list_delete): 204 HEAD http://10.13.3.199:35357/v3/groups/95a5979e6275487d8216310235bd0fca/users/189c1ab1d56a4c38b55bfa1876de239f 0.029s[00m
2018-09-28 11:32:16.464 2505 INFO tempest.lib.common.rest_client [req-de2a1ed0-93b7-4926-bb1e-ec73af7c4850 ] Request (GroupsV3TestJSON:test_group_users_add_list_delete): 204 DELETE http://10.13.3.199:35357/v3/groups/95a5979e6275487d8216310235bd0fca/users/189c1ab1d56a4c38b55bfa1876de239f 0.025s[00m
2018-09-28 11:32:16.513 2505 INFO tempest.lib.common.rest_client [req-ae3e5f09-c2a4-48aa-8e40-e7ea18a40436 ] Request (GroupsV3TestJSON:test_group_users_add_list_delete): 204 HEAD http://10.13.3.199:35357/v3/groups/95a5979e6275487d8216310235bd0fca/users/3f5bf61ac4404edc925702bed9358405 0.047s[00m
2018-09-28 11:32:16.537 2505 INFO tempest.lib.common.rest_client [req-1c4906c3-49dd-4889-8ff2-93ed197b4897 ] Request (GroupsV3TestJSON:test_group_users_add_list_delete): 204 DELETE http://10.13.3.199:35357/v3/groups/95a5979e6275487d8216310235bd0fca/users/3f5bf61ac4404edc925702bed9358405 0.023s[00m
2018-09-28 11:32:16.585 2505 INFO tempest.lib.common.rest_client [req-484c6de7-d41e-4ea7-9f6b-1a9bd039fa58 ] Request (GroupsV3TestJSON:test_group_users_add_list_delete): 204 HEAD http://10.13.3.199:35357/v3/groups/95a5979e6275487d8216310235bd0fca/users/316796d2b65c4bf5b8442523d8c9d635 0.047s[00m
2018-09-28 11:32:16.609 2505 INFO tempest.lib.common.rest_client [req-7bf380b2-ca90-4abc-949c-36aee32a1b04 ] Request (GroupsV3TestJSON:test_group_users_add_list_delete): 204 DELETE http://10.13.3.199:35357/v3/groups/95a5979e6275487d8216310235bd0fca/users/316796d2b65c4bf5b8442523d8c9d635 0.024s[00m
2018-09-28 11:32:16.646 2505 INFO tempest.lib.common.rest_client [req-8e78c2e7-2a52-427a-b2f1-2440108769f1 ] Request (GroupsV3TestJSON:test_group_users_add_list_delete): 200 GET http://10.13.3.199:35357/v3/groups/95a5979e6275487d8216310235bd0fca/users 0.037s[00m
2018-09-28 11:32:16.699 2505 INFO tempest.lib.common.rest_client [req-8cf599e4-2f23-48ae-8d05-dfc7eabac230 ] Request (GroupsV3TestJSON:_run_cleanups): 204 DELETE http://10.13.3.199:35357/v3/users/316796d2b65c4bf5b8442523d8c9d635 0.052s[00m
2018-09-28 11:32:16.772 2505 INFO tempest.lib.common.rest_client [req-370bd5dd-1daa-4b60-898f-789a80f0b75e ] Request (GroupsV3TestJSON:_run_cleanups): 204 DELETE http://10.13.3.199:35357/v3/users/3f5bf61ac4404edc925702bed9358405 0.072s[00m
2018-09-28 11:32:16.871 2505 INFO tempest.lib.common.rest_client [req-4b66314f-a699-447c-9ab7-2458975b6040 ] Request (GroupsV3TestJSON:_run_cleanups): 204 DELETE http://10.13.3.199:35357/v3/users/189c1ab1d56a4c38b55bfa1876de239f 0.098s[00m
2018-09-28 11:32:16.924 2505 INFO tempest.lib.common.rest_client [req-93117f21-0545-4125-aed0-4e1c6bda5da9 ] Request (GroupsV3TestJSON:_run_cleanups): 204 DELETE http://10.13.3.199:35357/v3/groups/95a5979e6275487d8216310235bd0fca 0.052s[00m
{0} tempest.api.identity.admin.v3.test_groups.GroupsV3TestJSON.test_group_users_add_list_delete [1.495531s] ... ok
2018-09-28 11:32:16.977 2505 INFO tempest.lib.common.rest_client [req-e392bf14-e20a-43c7-ac39-2311dcaf54d1 ] Request (GroupsV3TestJSON:tearDownClass): 200 PATCH http://10.13.3.199:35357/v3/domains/0d330bb57a72462ca2325bcd3847f9cb 0.050s[00m
2018-09-28 11:32:17.069 2505 INFO tempest.lib.common.rest_client [req-e04dfb7c-aae5-41a4-b183-32a260bbadff ] Request (GroupsV3TestJSON:tearDownClass): 204 DELETE http://10.13.3.199:35357/v3/domains/0d330bb57a72462ca2325bcd3847f9cb 0.091s[00m
2018-09-28 11:32:17.112 2508 INFO tempest.lib.common.rest_client [req-642db611-f6d4-4af7-b925-af5b98efb225 ] Request (PortsTestJSON:_run_cleanups): 204 DELETE http://10.13.3.207:9696/v2.0/networks/f0cfd836-d72b-4127-a780-a0b0f437b318 0.807s[00m
{1} tempest.api.network.test_ports.PortsTestJSON.test_create_port_with_no_securitygroups [3.563654s] ... ok
2018-09-28 11:32:17.144 2505 INFO tempest.lib.common.rest_client [req-82df3129-ce90-4909-844c-99ba53b6f637 ] Request (GroupsV3TestJSON:tearDownClass): 204 DELETE http://10.13.3.199:35357/v3/users/960d15ef28d74549a6e535f090213956 0.074s[00m
2018-09-28 11:32:17.425 2505 INFO tempest.lib.common.rest_client [req-d7f0b97c-a1be-4f26-bf19-60e564d2a545 ] Request (GroupsV3TestJSON:tearDownClass): 201 POST http://10.13.3.199:5000/v3/auth/tokens[00m
2018-09-28 11:32:17.570 2505 INFO tempest.lib.common.rest_client [req-d1a8ada1-56fa-432f-9225-276a577cbd86 ] Request (GroupsV3TestJSON:tearDownClass): 200 GET http://10.13.3.207:9696/v2.0/security-groups?tenant_id=9d9040b33e6f4efcab843b71eeaf9171&name=default 0.143s[00m
2018-09-28 11:32:17.665 2505 INFO tempest.lib.common.rest_client [req-22889710-606e-48eb-95f3-52aa8b063ba8 ] Request (GroupsV3TestJSON:tearDownClass): 204 DELETE http://10.13.3.207:9696/v2.0/security-groups/aad79020-3239-4df3-8a68-3360caa1d488 0.094s[00m
2018-09-28 11:32:17.671 2508 INFO tempest.lib.common.rest_client [req-d8102cd5-f271-4ac7-851b-06cee5181672 ] Request (PortsTestJSON:test_create_update_delete_port): 201 POST http://10.13.3.207:9696/v2.0/ports 0.556s[00m
2018-09-28 11:32:17.740 2505 INFO tempest.lib.common.rest_client [req-1d8ad37f-e2b3-490e-8adc-bdd738b951c7 ] Request (GroupsV3TestJSON:tearDownClass): 204 DELETE http://10.13.3.199:35357/v3/projects/9d9040b33e6f4efcab843b71eeaf9171 0.074s[00m
2018-09-28 11:32:17.812 2505 INFO tempest.lib.common.rest_client [req-ae9cd1fc-0b23-433a-98a4-884d5c937cae ] Request (GroupsV3TestJSON:tearDownClass): 204 DELETE http://10.13.3.199:35357/v3/users/0811a97060684b07802bf6bb88a43653 0.071s[00m
2018-09-28 11:32:17.898 2505 INFO tempest.lib.common.rest_client [req-9de824a6-c923-403a-9901-3e4b8495ca35 ] Request (GroupsV3TestJSON:tearDownClass): 200 GET http://10.13.3.207:9696/v2.0/security-groups?tenant_id=526b3c0c4f7446b4a535f8adf1b8ef00&name=default 0.085s[00m
2018-09-28 11:32:17.995 2505 INFO tempest.lib.common.rest_client [req-edcc988e-19f8-4afe-8656-a14a935f39d6 ] Request (GroupsV3TestJSON:tearDownClass): 204 DELETE http://10.13.3.207:9696/v2.0/security-groups/652cc841-a543-4aea-a2d0-68335b0b8d24 0.096s[00m
2018-09-28 11:32:18.064 2505 INFO tempest.lib.common.rest_client [req-033ffa01-d765-4b50-b8a3-4b9491227d16 ] Request (GroupsV3TestJSON:tearDownClass): 204 DELETE http://10.13.3.199:35357/v3/projects/526b3c0c4f7446b4a535f8adf1b8ef00 0.068s[00m
2018-09-28 11:32:18.106 2508 INFO tempest.lib.common.rest_client [req-16df4539-2882-4be3-972d-c3d47adaca6a ] Request (PortsTestJSON:test_create_update_delete_port): 200 PUT http://10.13.3.207:9696/v2.0/ports/d25625de-4863-4417-838f-f27d1558a4aa 0.434s[00m
2018-09-28 11:32:18.334 2505 INFO tempest.lib.common.rest_client [req-a10ac6b5-dfb3-46c7-bd08-f9c0897d149c ] Request (PoliciesTestJSON:setUpClass): 201 POST http://10.13.3.199:5000/v3/auth/tokens[00m
2018-09-28 11:32:18.468 2508 INFO tempest.lib.common.rest_client [req-75a48dfc-1047-44a2-94c9-5ea5fdc8abcf ] Request (PortsTestJSON:_run_cleanups): 204 DELETE http://10.13.3.207:9696/v2.0/ports/d25625de-4863-4417-838f-f27d1558a4aa 0.361s[00m
2018-09-28 11:32:18.524 2508 INFO tempest.lib.common.rest_client [req-1c77499b-5a33-43fb-a299-3a8a4e0bd0c8 ] Request (PortsTestJSON:_run_cleanups): 200 GET http://10.13.3.207:9696/v2.0/ports 0.055s[00m
{1} tempest.api.network.test_ports.PortsTestJSON.test_create_update_delete_port [1.411171s] ... ok
2018-09-28 11:32:18.573 2508 INFO tempest.lib.common.rest_client [req-4021bdac-8c17-43c3-b661-60d9cd009334 ] Request (PortsTestJSON:test_list_ports): 200 GET http://10.13.3.207:9696/v2.0/ports 0.047s[00m
{1} tempest.api.network.test_ports.PortsTestJSON.test_list_ports [0.048812s] ... ok
2018-09-28 11:32:18.597 2505 INFO tempest.lib.common.rest_client [req-bbc299d7-67b2-4b81-b952-826bca010aa1 ] Request (PoliciesTestJSON:setUpClass): 201 POST http://10.13.3.199:5000/v3/auth/tokens[00m
2018-09-28 11:32:18.615 2508 INFO tempest.lib.common.rest_client [req-86cc736c-63eb-4c98-8b5d-9e1e17e5800f ] Request (PortsTestJSON:test_show_port): 200 GET http://10.13.3.207:9696/v2.0/ports/ce3e4010-c074-4ae5-b312-574002f162cc 0.039s[00m
{1} tempest.api.network.test_ports.PortsTestJSON.test_show_port [0.040764s] ... ok
2018-09-28 11:32:18.620 2505 INFO tempest.lib.common.rest_client [req-b29e7039-e3ba-4710-bf45-6e8d1b9023f0 ] Request (PoliciesTestJSON:setUpClass): 200 GET http://10.13.3.199:35357/v3/domains?name=admin_domain 0.022s[00m
2018-09-28 11:32:18.649 2505 INFO tempest.lib.common.rest_client [req-ee34a5cc-a613-4407-bead-97578838e5af ] Request (PoliciesTestJSON:setUpClass): 201 POST http://10.13.3.199:35357/v3/projects 0.027s[00m
2018-09-28 11:32:18.646 2508 INFO tempest.lib.common.rest_client [req-3c9e4831-a8ca-4b63-b9ac-8d4129fd19c9 ] Request (PortsTestJSON:tearDownClass): 404 DELETE http://10.13.3.207:9696/v2.0/ports/70194ee0-b156-40e1-964f-95c48a831ed7 0.029s[00m
2018-09-28 11:32:18.672 2508 INFO tempest.lib.common.rest_client [req-1726e371-0334-4d75-aa53-4178073e360c ] Request (PortsTestJSON:tearDownClass): 404 DELETE http://10.13.3.207:9696/v2.0/subnets/a0c4a23e-6aa3-4a4d-8eac-48407d585223 0.025s[00m
2018-09-28 11:32:18.701 2508 INFO tempest.lib.common.rest_client [req-236d2d41-c90a-4e1c-a962-cf9374f9e60c ] Request (PortsTestJSON:tearDownClass): 404 DELETE http://10.13.3.207:9696/v2.0/subnets/7563d423-703b-41d8-b8cb-845ddd0c5d16 0.028s[00m
2018-09-28 11:32:18.909 2505 INFO tempest.lib.common.rest_client [req-b1a3d708-daff-4361-92c7-f142c72b4a64 ] Request (PoliciesTestJSON:setUpClass): 201 POST http://10.13.3.199:35357/v3/users 0.259s[00m
2018-09-28 11:32:18.927 2505 INFO tempest.lib.common.rest_client [req-0be856a9-71ac-43a5-904c-3684a4ee5531 ] Request (PoliciesTestJSON:setUpClass): 200 GET http://10.13.3.199:35357/v3/roles 0.016s[00m
2018-09-28 11:32:18.944 2505 INFO tempest.lib.common.rest_client [req-cc8e903b-e3d8-4675-ad10-02027a3a4fa1 ] Request (PoliciesTestJSON:setUpClass): 200 GET http://10.13.3.199:35357/v3/roles 0.016s[00m
2018-09-28 11:32:18.980 2505 INFO tempest.lib.common.rest_client [req-e2592fc3-1185-4566-8e49-3808cf9f538c ] Request (PoliciesTestJSON:setUpClass): 204 PUT http://10.13.3.199:35357/v3/projects/94d517a965484829b14d66480b230cd0/users/c15d15d34a98479799f5f91df891839f/roles/e84d5db8d60d4adc82b90e52fb92ed6f 0.034s[00m
2018-09-28 11:32:18.980 2505 INFO tempest.lib.common.dynamic_creds [-] Acquired dynamic creds:
 credentials: Credentials: {'domain_id': 'f262781cced8420da52950e7469e990d', 'domain_name': 'admin_domain', 'username': 'tempest-PoliciesTestJSON-1000288772', 'project_domain_id': 'f262781cced8420da52950e7469e990d', 'project_domain_name': 'admin_domain', 'project_id': '94d517a965484829b14d66480b230cd0', 'project_name': 'tempest-PoliciesTestJSON-1000288772', 'tenant_id': '94d517a965484829b14d66480b230cd0', 'tenant_name': 'tempest-PoliciesTestJSON-1000288772', 'user_domain_id': 'f262781cced8420da52950e7469e990d', 'user_domain_name': 'admin_domain', 'user_id': 'c15d15d34a98479799f5f91df891839f'}, Network: None, Subnet: None, Router: None[00m
2018-09-28 11:32:18.981 2505 INFO tempest.lib.common.dynamic_creds [-] Created isolated network resources for:
 credentials: Credentials: {'domain_id': 'f262781cced8420da52950e7469e990d', 'domain_name': 'admin_domain', 'username': 'tempest-PoliciesTestJSON-1000288772', 'project_domain_id': 'f262781cced8420da52950e7469e990d', 'project_domain_name': 'admin_domain', 'project_id': '94d517a965484829b14d66480b230cd0', 'project_name': 'tempest-PoliciesTestJSON-1000288772', 'tenant_id': '94d517a965484829b14d66480b230cd0', 'tenant_name': 'tempest-PoliciesTestJSON-1000288772', 'user_domain_id': 'f262781cced8420da52950e7469e990d', 'user_domain_name': 'admin_domain', 'user_id': 'c15d15d34a98479799f5f91df891839f'}, Network: None, Subnet: None, Router: None[00m
2018-09-28 11:32:19.078 2508 INFO tempest.lib.common.rest_client [req-500d127d-0fa3-49ef-944e-312aa60b6e80 ] Request (PortsTestJSON:tearDownClass): 204 DELETE http://10.13.3.207:9696/v2.0/ports/ce3e4010-c074-4ae5-b312-574002f162cc 0.376s[00m
2018-09-28 11:32:19.286 2505 INFO tempest.lib.common.rest_client [req-d8a37cfb-e61d-48fb-bce7-52d0ece08eb7 ] Request (PoliciesTestJSON:setUpClass): 201 POST http://10.13.3.199:5000/v3/auth/tokens[00m
2018-09-28 11:32:19.339 2505 INFO tempest.lib.common.rest_client [req-d0e07d99-a260-49e6-aa57-e402e125d7bd ] Request (PoliciesTestJSON:setUpClass): 201 POST http://10.13.3.199:35357/v3/projects 0.051s[00m
2018-09-28 11:32:19.599 2505 INFO tempest.lib.common.rest_client [req-10bb15a7-73ab-4449-83af-97451ff9a6f4 ] Request (PoliciesTestJSON:setUpClass): 201 POST http://10.13.3.199:35357/v3/users 0.258s[00m
2018-09-28 11:32:19.616 2505 INFO tempest.lib.common.rest_client [req-806fa31e-8ae8-43c4-90b9-a86bf6e41bbb ] Request (PoliciesTestJSON:setUpClass): 200 GET http://10.13.3.199:35357/v3/roles 0.016s[00m
2018-09-28 11:32:19.650 2505 INFO tempest.lib.common.rest_client [req-d4dffa46-524d-4dde-a965-58a45147221b ] Request (PoliciesTestJSON:setUpClass): 204 PUT http://10.13.3.199:35357/v3/projects/c7343a9f6b584275a7765c1116894079/users/07d27d8d19c04d26a7e71b8d2929fc93/roles/6950c4af7312413280ea7d622f590144 0.033s[00m
2018-09-28 11:32:19.685 2505 INFO tempest.lib.common.rest_client [req-7c81627c-3016-4987-a474-d1639b15eada ] Request (PoliciesTestJSON:setUpClass): 200 GET http://10.13.3.199:35357/v3/roles 0.034s[00m
2018-09-28 11:32:19.698 2508 INFO tempest.lib.common.rest_client [req-d8b27309-4fc0-41bc-9367-f72ef68ef89b ] Request (PortsTestJSON:tearDownClass): 204 DELETE http://10.13.3.207:9696/v2.0/networks/d5fb40be-877f-46ba-85c7-2a4fa2a178ad 0.619s[00m
2018-09-28 11:32:19.706 2505 INFO tempest.lib.common.rest_client [req-a3b24abc-14f8-43cc-89c7-91ad528ef40b ] Request (PoliciesTestJSON:setUpClass): 204 PUT http://10.13.3.199:35357/v3/domains/f262781cced8420da52950e7469e990d/users/07d27d8d19c04d26a7e71b8d2929fc93/roles/6950c4af7312413280ea7d622f590144 0.020s[00m
2018-09-28 11:32:19.706 2505 INFO tempest.lib.common.dynamic_creds [-] Acquired dynamic creds:
 credentials: Credentials: {'domain_id': 'f262781cced8420da52950e7469e990d', 'domain_name': 'admin_domain', 'username': 'tempest-PoliciesTestJSON-148012764', 'project_domain_id': 'f262781cced8420da52950e7469e990d', 'project_domain_name': 'admin_domain', 'project_id': 'c7343a9f6b584275a7765c1116894079', 'project_name': 'tempest-PoliciesTestJSON-148012764', 'tenant_id': 'c7343a9f6b584275a7765c1116894079', 'tenant_name': 'tempest-PoliciesTestJSON-148012764', 'user_domain_id': 'f262781cced8420da52950e7469e990d', 'user_domain_name': 'admin_domain', 'user_id': '07d27d8d19c04d26a7e71b8d2929fc93'}, Network: None, Subnet: None, Router: None[00m
2018-09-28 11:32:19.707 2505 INFO tempest.lib.common.dynamic_creds [-] Created isolated network resources for:
