2018-09-28 11:31:53.372 2508 INFO tempest.lib.common.rest_client [req-05654c45-5d77-4e28-ad13-f8f5548f75be ] Request (TrustsV3TestJSON:setUp): 201 POST http://10.13.3.199:5000/v3/auth/tokens[00m
2018-09-28 11:31:53.404 2508 INFO tempest.lib.common.rest_client [req-0b884aa7-c7cc-497a-9ef0-9e6f5a76c691 ] Request (TrustsV3TestJSON:setUp): 201 POST http://10.13.3.199:35357/v3/projects 0.031s[00m
2018-09-28 11:31:53.666 2508 INFO tempest.lib.common.rest_client [req-9b47fdd6-89d3-47e0-b548-0f3596ba612e ] Request (TrustsV3TestJSON:setUp): 201 POST http://10.13.3.199:35357/v3/users 0.262s[00m
2018-09-28 11:31:53.691 2508 INFO tempest.lib.common.rest_client [req-befa7eb0-3da3-496d-949c-eb9cd72e78a7 ] Request (TrustsV3TestJSON:setUp): 201 POST http://10.13.3.199:35357/v3/roles 0.023s[00m
2018-09-28 11:31:53.710 2508 INFO tempest.lib.common.rest_client [req-71ffde04-fbcf-4b62-a966-113be681abdc ] Request (TrustsV3TestJSON:setUp): 201 POST http://10.13.3.199:35357/v3/roles 0.019s[00m
2018-09-28 11:31:53.745 2508 INFO tempest.lib.common.rest_client [req-e5556388-65d6-42ac-9f1c-696360796e02 ] Request (TrustsV3TestJSON:setUp): 204 PUT http://10.13.3.199:35357/v3/projects/88a503d20b3a416db2cf6b59e568ab81/users/bbb44a74e6e14925bcd2cb5b54d99c16/roles/136b3b84066a4b788e69047006c582eb 0.034s[00m
2018-09-28 11:31:53.783 2508 INFO tempest.lib.common.rest_client [req-42b6e8f8-a0fd-4031-ba44-0fd7cdddaa54 ] Request (TrustsV3TestJSON:setUp): 204 PUT http://10.13.3.199:35357/v3/projects/88a503d20b3a416db2cf6b59e568ab81/users/bbb44a74e6e14925bcd2cb5b54d99c16/roles/0257055338ef4c7497fa0c1e02e9bd52 0.036s[00m
2018-09-28 11:31:53.832 2505 INFO tempest.lib.common.rest_client [req-4e8bb145-869a-4fa0-a86c-f3f6fc4fc8d7 ] Request (ServerActionsTestJSON:tearDownClass): 404 GET http://10.13.3.202:8774/v2/e50b9b0cf40b4033b1027dc329e3cb44/servers/c95917f0-8cd7-4ec9-a3ce-3f0afb8d9876 0.031s[00m
2018-09-28 11:31:53.836 2508 INFO tempest.lib.common.rest_client [req-96550bdf-d0e8-4628-9bb6-5fb641854418 ] Request (TrustsV3TestJSON:setUp): 200 GET http://10.13.3.199:35357/v3/users 0.052s[00m
2018-09-28 11:31:53.846 2505 INFO tempest.lib.common.rest_client [req-0c2368a2-629d-4757-899d-64d69bebaf66 ] Request (ServerActionsTestJSON:tearDownClass): 202 DELETE http://10.13.3.202:8774/v2/e50b9b0cf40b4033b1027dc329e3cb44/os-keypairs/tempest-keypair-1866408105 0.013s[00m
2018-09-28 11:31:53.928 2505 INFO tempest.lib.common.rest_client [req-176b0be7-d727-457e-bb64-bf94901f6abb ] Request (ServerActionsTestJSON:tearDownClass): 204 DELETE http://10.13.3.207:9696/v2.0/security-groups/25e72802-219e-4475-8c41-79dfe646b8a7 0.081s[00m
2018-09-28 11:31:53.940 2505 INFO tempest.lib.common.rest_client [req-7de58325-9835-4301-8ea9-7353e6bfa73b ] Request (ServerActionsTestJSON:tearDownClass): 404 GET http://10.13.3.207:9696/v2.0/security-groups/25e72802-219e-4475-8c41-79dfe646b8a7 0.012s[00m
2018-09-28 11:31:54.136 2508 INFO tempest.lib.common.rest_client [req-57e28105-10e7-4cc8-9e72-f9431bb5ebcd ] Request (TrustsV3TestJSON:setUp): 201 POST http://10.13.3.199:5000/v3/auth/tokens[00m
2018-09-28 11:31:54.337 2505 INFO tempest.lib.common.rest_client [req-c59ae715-d946-4dce-9b45-8b5d65472880 ] Request (ServerActionsTestJSON:tearDownClass): 204 DELETE http://10.13.3.207:9696/v2.0/floatingips/892d3d29-ffb8-4679-a5c0-a9243e474cec 0.396s[00m
2018-09-28 11:31:54.380 2508 INFO tempest.lib.common.rest_client [req-acba0686-25f0-42d5-ac9c-418d6becdc90 ] Request (TrustsV3TestJSON:test_get_trusts_all): 201 POST http://10.13.3.199:5000/v3/auth/tokens[00m
2018-09-28 11:31:54.435 2508 INFO tempest.lib.common.rest_client [req-f2d52e4c-9ec9-4dbc-a259-956e63ee0f0d ] Request (TrustsV3TestJSON:test_get_trusts_all): 201 POST http://10.13.3.199:35357/v3/OS-TRUST/trusts 0.054s[00m
2018-09-28 11:31:54.696 2508 INFO tempest.lib.common.rest_client [req-3228aeae-0e0c-4029-86d3-525efb55510c ] Request (TrustsV3TestJSON:test_get_trusts_all): 201 POST http://10.13.3.199:5000/v3/auth/tokens[00m
2018-09-28 11:31:54.719 2508 INFO tempest.lib.common.rest_client [req-c48c1b02-60a3-489a-89f5-b11032543e48 ] Request (TrustsV3TestJSON:test_get_trusts_all): 200 GET http://10.13.3.199:35357/v3/OS-TRUST/trusts/ 0.022s[00m
2018-09-28 11:31:54.753 2508 INFO tempest.lib.common.rest_client [req-55d3a7db-0d86-400d-8a58-d99070a9d79e ] Request (TrustsV3TestJSON:tearDown): 204 DELETE http://10.13.3.199:35357/v3/OS-TRUST/trusts/36cac60137094c2e9a56067825f6f1c8 0.032s[00m
2018-09-28 11:31:54.774 2508 INFO tempest.lib.common.rest_client [-] Request (TrustsV3TestJSON:tearDown): 404 GET http://10.13.3.199:35357/v3/OS-TRUST/trusts/36cac60137094c2e9a56067825f6f1c8 0.020s[00m
2018-09-28 11:31:55.009 2508 INFO tempest.lib.common.rest_client [req-acc76d07-9bf9-437a-a041-599228716bb1 ] Request (TrustsV3TestJSON:_run_cleanups): 201 POST http://10.13.3.199:5000/v3/auth/tokens[00m
2018-09-28 11:31:55.064 2508 INFO tempest.lib.common.rest_client [req-345c3e9c-21fb-44fe-8f36-9ff742000581 ] Request (TrustsV3TestJSON:_run_cleanups): 204 DELETE http://10.13.3.199:35357/v3/users/bbb44a74e6e14925bcd2cb5b54d99c16 0.054s[00m
2018-09-28 11:31:55.136 2508 INFO tempest.lib.common.rest_client [req-6d605b2a-5d01-4ea6-b045-e2cd094007e5 ] Request (TrustsV3TestJSON:_run_cleanups): 204 DELETE http://10.13.3.199:35357/v3/projects/88a503d20b3a416db2cf6b59e568ab81 0.071s[00m
2018-09-28 11:31:55.182 2508 INFO tempest.lib.common.rest_client [req-f9e609c9-1e78-4c0a-ae8a-37fbdcb71f1d ] Request (TrustsV3TestJSON:_run_cleanups): 204 DELETE http://10.13.3.199:35357/v3/roles/136b3b84066a4b788e69047006c582eb 0.045s[00m
2018-09-28 11:31:55.232 2508 INFO tempest.lib.common.rest_client [req-78daaa19-c418-4bc0-ad4c-5fc672a1bf2b ] Request (TrustsV3TestJSON:_run_cleanups): 204 DELETE http://10.13.3.199:35357/v3/roles/0257055338ef4c7497fa0c1e02e9bd52 0.048s[00m
{1} tempest.api.identity.admin.v3.test_trusts.TrustsV3TestJSON.test_get_trusts_all [2.123218s] ... ok
2018-09-28 11:31:55.315 2508 INFO tempest.lib.common.rest_client [req-02883fec-2114-41e8-8fd6-0c6fec51ea61 ] Request (TrustsV3TestJSON:tearDownClass): 204 DELETE http://10.13.3.199:35357/v3/users/8ce29a8f61d64ad4be7f19ea571e12dd 0.080s[00m
2018-09-28 11:31:55.591 2508 INFO tempest.lib.common.rest_client [req-89ee09e5-3b7a-45de-8e29-b1b9c5dbab15 ] Request (TrustsV3TestJSON:tearDownClass): 201 POST http://10.13.3.199:5000/v3/auth/tokens[00m
2018-09-28 11:31:55.738 2508 INFO tempest.lib.common.rest_client [req-7e9f2059-1d4b-42e3-b9dc-c2422a08c29f ] Request (TrustsV3TestJSON:tearDownClass): 200 GET http://10.13.3.207:9696/v2.0/security-groups?tenant_id=8b4bec82e33d40aea277d1758edf575d&name=default 0.145s[00m
2018-09-28 11:31:55.826 2505 INFO tempest.lib.common.rest_client [req-3fc9742a-3b58-4f0e-b34e-02f101e0b186 ] Request (ServerActionsTestJSON:tearDownClass): 200 PUT http://10.13.3.207:9696/v2.0/routers/42bb53d2-6671-4ec8-86cb-b2db49f4f073/remove_router_interface 1.488s[00m
2018-09-28 11:31:55.834 2508 INFO tempest.lib.common.rest_client [req-c0810367-a062-4d35-89f9-922d81be549f ] Request (TrustsV3TestJSON:tearDownClass): 204 DELETE http://10.13.3.207:9696/v2.0/security-groups/a626565a-9fd1-43af-adff-9a035bef599b 0.095s[00m
2018-09-28 11:31:55.910 2508 INFO tempest.lib.common.rest_client [req-35e61704-4dff-4965-a09d-0ffa5df3ddd5 ] Request (TrustsV3TestJSON:tearDownClass): 204 DELETE http://10.13.3.199:35357/v3/projects/8b4bec82e33d40aea277d1758edf575d 0.075s[00m
2018-09-28 11:31:55.994 2508 INFO tempest.lib.common.rest_client [req-819b7707-77cc-4295-af03-32ecd1324ccc ] Request (TrustsV3TestJSON:tearDownClass): 204 DELETE http://10.13.3.199:35357/v3/users/7788acaca238489a9065c5af082a9c6d 0.084s[00m
2018-09-28 11:31:56.081 2508 INFO tempest.lib.common.rest_client [req-49813092-7c6f-472c-b13a-12b345d24036 ] Request (TrustsV3TestJSON:tearDownClass): 200 GET http://10.13.3.207:9696/v2.0/security-groups?tenant_id=3170f9805cbe48e399af86b901f56183&name=default 0.085s[00m
2018-09-28 11:31:56.291 2508 INFO tempest.lib.common.rest_client [req-a09c099d-93cb-4cfd-8ea5-7d5675e73020 ] Request (TrustsV3TestJSON:tearDownClass): 204 DELETE http://10.13.3.207:9696/v2.0/security-groups/897b883c-bc3b-4bda-a7e4-30073aadf39e 0.210s[00m
2018-09-28 11:31:56.362 2508 INFO tempest.lib.common.rest_client [req-94e4cd98-50c6-4de6-9fce-bade2998c90e ] Request (TrustsV3TestJSON:tearDownClass): 204 DELETE http://10.13.3.199:35357/v3/projects/3170f9805cbe48e399af86b901f56183 0.069s[00m
2018-09-28 11:31:56.651 2508 INFO tempest.lib.common.rest_client [req-efce27fc-ccc5-4c9d-95e3-8bf6d9d92a99 ] Request (BasicOperationsImagesTest:setUpClass): 201 POST http://10.13.3.199:5000/v3/auth/tokens[00m
2018-09-28 11:31:56.925 2508 INFO tempest.lib.common.rest_client [req-25da0966-be16-43d2-ad0c-ddad011d198c ] Request (BasicOperationsImagesTest:setUpClass): 201 POST http://10.13.3.199:5000/v3/auth/tokens[00m
2018-09-28 11:31:56.946 2508 INFO tempest.lib.common.rest_client [req-4b8928a2-5f66-465b-a6b7-d06348e2d704 ] Request (BasicOperationsImagesTest:setUpClass): 200 GET http://10.13.3.199:35357/v3/domains?name=admin_domain 0.020s[00m
2018-09-28 11:31:56.973 2508 INFO tempest.lib.common.rest_client [req-55737d5c-491a-45c4-ac6d-20f516e1ef5a ] Request (BasicOperationsImagesTest:setUpClass): 201 POST http://10.13.3.199:35357/v3/projects 0.026s[00m
2018-09-28 11:31:56.981 2505 INFO tempest.lib.common.rest_client [req-5d892805-28c9-4f15-8993-17f9f35ca8ef ] Request (ServerActionsTestJSON:tearDownClass): 204 DELETE http://10.13.3.207:9696/v2.0/routers/42bb53d2-6671-4ec8-86cb-b2db49f4f073 1.154s[00m
2018-09-28 11:31:57.228 2508 INFO tempest.lib.common.rest_client [req-744402d6-8353-432a-a427-3569bfa604f6 ] Request (BasicOperationsImagesTest:setUpClass): 201 POST http://10.13.3.199:35357/v3/users 0.252s[00m
2018-09-28 11:31:57.252 2508 INFO tempest.lib.common.rest_client [req-baaa3937-6615-43c2-a076-ca34995688c7 ] Request (BasicOperationsImagesTest:setUpClass): 200 GET http://10.13.3.199:35357/v3/roles 0.020s[00m
2018-09-28 11:31:57.276 2508 INFO tempest.lib.common.rest_client [req-3d414ecd-0e50-43ec-9df7-82934c5c0cde ] Request (BasicOperationsImagesTest:setUpClass): 200 GET http://10.13.3.199:35357/v3/roles 0.021s[00m
2018-09-28 11:31:57.323 2508 INFO tempest.lib.common.rest_client [req-f7a1c040-e74a-4509-991c-0dae2b75732d ] Request (BasicOperationsImagesTest:setUpClass): 204 PUT http://10.13.3.199:35357/v3/projects/e1c0a49211244aedb2a6169565fe6eca/users/402b428033aa4a6c8b763d5e420fa829/roles/e84d5db8d60d4adc82b90e52fb92ed6f 0.042s[00m
2018-09-28 11:31:57.326 2508 INFO tempest.lib.common.dynamic_creds [-] Acquired dynamic creds:
 credentials: Credentials: {'domain_id': 'f262781cced8420da52950e7469e990d', 'domain_name': 'admin_domain', 'username': 'tempest-BasicOperationsImagesTest-2139122842', 'project_domain_id': 'f262781cced8420da52950e7469e990d', 'project_domain_name': 'admin_domain', 'project_id': 'e1c0a49211244aedb2a6169565fe6eca', 'project_name': 'tempest-BasicOperationsImagesTest-2139122842', 'tenant_id': 'e1c0a49211244aedb2a6169565fe6eca', 'tenant_name': 'tempest-BasicOperationsImagesTest-2139122842', 'user_domain_id': 'f262781cced8420da52950e7469e990d', 'user_domain_name': 'admin_domain', 'user_id': '402b428033aa4a6c8b763d5e420fa829'}, Network: None, Subnet: None, Router: None[00m
2018-09-28 11:31:57.332 2508 INFO tempest.lib.common.dynamic_creds [-] Created isolated network resources for:
 credentials: Credentials: {'domain_id': 'f262781cced8420da52950e7469e990d', 'domain_name': 'admin_domain', 'username': 'tempest-BasicOperationsImagesTest-2139122842', 'project_domain_id': 'f262781cced8420da52950e7469e990d', 'project_domain_name': 'admin_domain', 'project_id': 'e1c0a49211244aedb2a6169565fe6eca', 'project_name': 'tempest-BasicOperationsImagesTest-2139122842', 'tenant_id': 'e1c0a49211244aedb2a6169565fe6eca', 'tenant_name': 'tempest-BasicOperationsImagesTest-2139122842', 'user_domain_id': 'f262781cced8420da52950e7469e990d', 'user_domain_name': 'admin_domain', 'user_id': '402b428033aa4a6c8b763d5e420fa829'}, Network: None, Subnet: None, Router: None[00m
2018-09-28 11:31:57.624 2508 INFO tempest.lib.common.rest_client [req-82e2aca8-c334-4d54-97a0-9bbb66e4c62b ] Request (BasicOperationsImagesTest:setUpClass): 201 POST http://10.13.3.199:5000/v3/auth/tokens[00m
2018-09-28 11:31:57.667 2505 INFO tempest.lib.common.rest_client [req-4382880e-6d99-4d56-af6e-0284644934e7 ] Request (ServerActionsTestJSON:tearDownClass): 204 DELETE http://10.13.3.207:9696/v2.0/subnets/5900ac7c-e9ab-4f79-ae23-5935ef8f9194 0.686s[00m
2018-09-28 11:31:57.710 2508 INFO tempest.lib.common.rest_client [req-27ae1e04-a3a1-4a52-a8cb-947d9c6873d5 ] Request (BasicOperationsImagesTest:test_delete_image): 201 POST http://10.13.3.243:9292/v2/images 0.082s[00m
2018-09-28 11:31:57.751 2508 INFO tempest.lib.common.rest_client [req-966fd023-0406-4ae0-b9ac-8e05d62ef988 ] Request (BasicOperationsImagesTest:test_delete_image): 204 DELETE http://10.13.3.243:9292/v2/images/f9a16816-fa63-412a-82a2-6032359a1a9c 0.040s[00m
2018-09-28 11:31:57.765 2508 INFO tempest.lib.common.rest_client [req-1fc58472-99b9-4d0a-ae6e-d3022d5323c4 ] Request (BasicOperationsImagesTest:test_delete_image): 404 GET http://10.13.3.243:9292/v2/images/f9a16816-fa63-412a-82a2-6032359a1a9c 0.010s[00m
2018-09-28 11:31:57.796 2508 INFO tempest.lib.common.rest_client [req-018e6e74-da33-449b-b214-44a11c2efa41 ] Request (BasicOperationsImagesTest:test_delete_image): 200 GET http://10.13.3.243:9292/v2/images 0.030s[00m
{1} tempest.api.image.v2.test_images.BasicOperationsImagesTest.test_delete_image [0.172654s] ... ok
2018-09-28 11:31:57.845 2508 INFO tempest.lib.common.rest_client [req-cc110f47-67ae-47eb-a0eb-587b07be4bf2 ] Request (BasicOperationsImagesTest:test_register_upload_get_image_file): 201 POST http://10.13.3.243:9292/v2/images 0.046s[00m
2018-09-28 11:31:57.906 2508 INFO tempest.lib.common.rest_client [req-69d5ee2f-adce-42dc-b4cc-7e429118ca45 ] Request (BasicOperationsImagesTest:test_register_upload_get_image_file): 204 PUT http://10.13.3.243:9292/v2/images/d74c756c-b5bc-4c32-892e-8ddf65eabcbd/file 0.058s[00m
2018-09-28 11:31:57.919 2508 INFO tempest.lib.common.rest_client [req-2bea566d-80a6-4ea1-8223-900bfe175bc6 ] Request (BasicOperationsImagesTest:test_register_upload_get_image_file): 200 GET http://10.13.3.243:9292/v2/images/d74c756c-b5bc-4c32-892e-8ddf65eabcbd 0.012s[00m
2018-09-28 11:31:57.933 2508 INFO tempest.lib.common.rest_client [req-ccd20d94-43dd-415a-abe5-b13bd2579b8e ] Request (BasicOperationsImagesTest:test_register_upload_get_image_file): 200 GET http://10.13.3.243:9292/v2/images/d74c756c-b5bc-4c32-892e-8ddf65eabcbd/file 0.013s[00m
{1} tempest.api.image.v2.test_images.BasicOperationsImagesTest.test_register_upload_get_image_file [0.135960s] ... ok
2018-09-28 11:31:57.953 2508 INFO tempest.lib.common.rest_client [req-bcaae382-e476-43b1-a796-33478c4c7484 ] Request (BasicOperationsImagesTest:test_update_image): 201 POST http://10.13.3.243:9292/v2/images 0.018s[00m
2018-09-28 11:31:57.969 2508 INFO tempest.lib.common.rest_client [req-831e5124-0d71-48d3-90a1-e4d65a8d652e ] Request (BasicOperationsImagesTest:test_update_image): 204 GET http://10.13.3.243:9292/v2/images/6a288a6c-ff5d-4bf0-a926-92d4a82c24c0/file 0.015s[00m
2018-09-28 11:31:58.029 2508 INFO tempest.lib.common.rest_client [req-c2a59d21-3a8f-483f-9f96-e12f0f5b9e07 ] Request (BasicOperationsImagesTest:test_update_image): 204 PUT http://10.13.3.243:9292/v2/images/6a288a6c-ff5d-4bf0-a926-92d4a82c24c0/file 0.055s[00m
2018-09-28 11:31:58.070 2508 INFO tempest.lib.common.rest_client [req-7b21ea40-341c-497c-bb60-cc9f2b31a120 ] Request (BasicOperationsImagesTest:test_update_image): 200 PATCH http://10.13.3.243:9292/v2/images/6a288a6c-ff5d-4bf0-a926-92d4a82c24c0 0.040s[00m
2018-09-28 11:31:58.083 2508 INFO tempest.lib.common.rest_client [req-9704dd84-beb8-4f39-9ecb-388c6428c2a6 ] Request (BasicOperationsImagesTest:test_update_image): 200 GET http://10.13.3.243:9292/v2/images/6a288a6c-ff5d-4bf0-a926-92d4a82c24c0 0.012s[00m
{1} tempest.api.image.v2.test_images.BasicOperationsImagesTest.test_update_image [0.149220s] ... ok
2018-09-28 11:31:58.131 2508 INFO tempest.lib.common.rest_client [req-ff6b55bc-f1cc-4986-bb2b-b12d61180eec ] Request (BasicOperationsImagesTest:tearDownClass): 204 DELETE http://10.13.3.243:9292/v2/images/6a288a6c-ff5d-4bf0-a926-92d4a82c24c0 0.044s[00m
2018-09-28 11:31:58.142 2508 INFO tempest.lib.common.rest_client [req-b558e625-e657-4087-b8e7-2180836ccd47 ] Request (BasicOperationsImagesTest:tearDownClass): 404 GET http://10.13.3.243:9292/v2/images/6a288a6c-ff5d-4bf0-a926-92d4a82c24c0 0.010s[00m
2018-09-28 11:31:58.188 2508 INFO tempest.lib.common.rest_client [req-162511c8-14ed-419d-aae3-f01dd3c77d93 ] Request (BasicOperationsImagesTest:tearDownClass): 204 DELETE http://10.13.3.243:9292/v2/images/d74c756c-b5bc-4c32-892e-8ddf65eabcbd 0.045s[00m
2018-09-28 11:31:58.200 2508 INFO tempest.lib.common.rest_client [req-e32ca10b-2a4a-4368-b6e5-e5cd6912db86 ] Request (BasicOperationsImagesTest:tearDownClass): 404 GET http://10.13.3.243:9292/v2/images/d74c756c-b5bc-4c32-892e-8ddf65eabcbd 0.011s[00m
2018-09-28 11:31:58.211 2508 INFO tempest.lib.common.rest_client [req-1cb1c3f3-7fbd-4882-adeb-e3fb93ac1b1a ] Request (BasicOperationsImagesTest:tearDownClass): 404 DELETE http://10.13.3.243:9292/v2/images/f9a16816-fa63-412a-82a2-6032359a1a9c 0.010s[00m
2018-09-28 11:31:58.222 2508 INFO tempest.lib.common.rest_client [req-d5a593d0-d306-4cd4-9841-992c9d4c55f5 ] Request (BasicOperationsImagesTest:tearDownClass): 404 GET http://10.13.3.243:9292/v2/images/f9a16816-fa63-412a-82a2-6032359a1a9c 0.010s[00m
2018-09-28 11:31:58.297 2508 INFO tempest.lib.common.rest_client [req-72617acc-0190-442d-ad34-9aaf976bb9e4 ] Request (BasicOperationsImagesTest:tearDownClass): 204 DELETE http://10.13.3.199:35357/v3/users/402b428033aa4a6c8b763d5e420fa829 0.074s[00m
2018-09-28 11:31:58.494 2505 INFO tempest.lib.common.rest_client [req-328446d0-f9e7-4424-8539-2958582076eb ] Request (ServerActionsTestJSON:tearDownClass): 204 DELETE http://10.13.3.207:9696/v2.0/networks/68f19ad8-b3b4-42bc-9db1-cd52272d75ee 0.826s[00m
2018-09-28 11:31:58.580 2508 INFO tempest.lib.common.rest_client [req-4aac470c-525a-4027-bac4-db4cc476d953 ] Request (BasicOperationsImagesTest:tearDownClass): 201 POST http://10.13.3.199:5000/v3/auth/tokens[00m
2018-09-28 11:31:58.619 2505 INFO tempest.lib.common.rest_client [req-9073dd19-f334-49c3-93ee-4d4b9f42427c ] Request (ServerActionsTestJSON:tearDownClass): 204 DELETE http://10.13.3.199:35357/v3/users/4261eed2a5de4f7db5320bdd2a791acc 0.124s[00m
2018-09-28 11:31:58.662 2505 INFO tempest.lib.common.rest_client [req-6575cb9d-70e4-463c-987b-53cd8457f513 ] Request (ServerActionsTestJSON:tearDownClass): 200 GET http://10.13.3.207:9696/v2.0/security-groups?tenant_id=e50b9b0cf40b4033b1027dc329e3cb44&name=default 0.042s[00m
2018-09-28 11:31:58.817 2505 INFO tempest.lib.common.rest_client [req-979f534a-bc8d-4f3c-9209-167009e2a47c ] Request (ServerActionsTestJSON:tearDownClass): 204 DELETE http://10.13.3.207:9696/v2.0/security-groups/efe51c66-762b-4caf-bdb2-5b06756c8be8 0.154s[00m
2018-09-28 11:31:58.827 2508 INFO tempest.lib.common.rest_client [req-604a94cb-318f-4635-adb5-650d8a50ff74 ] Request (BasicOperationsImagesTest:tearDownClass): 200 GET http://10.13.3.207:9696/v2.0/security-groups?tenant_id=e1c0a49211244aedb2a6169565fe6eca&name=default 0.247s[00m
2018-09-28 11:31:58.887 2505 INFO tempest.lib.common.rest_client [req-db8ea0e8-18d4-4d35-bbc5-9e78411be2dc ] Request (ServerActionsTestJSON:tearDownClass): 204 DELETE http://10.13.3.199:35357/v3/projects/e50b9b0cf40b4033b1027dc329e3cb44 0.069s[00m
2018-09-28 11:31:58.922 2508 INFO tempest.lib.common.rest_client [req-8e702a76-042b-4f78-81e5-7c884cf29560 ] Request (BasicOperationsImagesTest:tearDownClass): 204 DELETE http://10.13.3.207:9696/v2.0/security-groups/196e5632-9909-4561-b039-5544a74283e9 0.094s[00m
2018-09-28 11:31:59.027 2508 INFO tempest.lib.common.rest_client [req-73ef0cf5-4d90-4924-9fb2-74dbee5bb7d2 ] Request (BasicOperationsImagesTest:tearDownClass): 204 DELETE http://10.13.3.199:35357/v3/projects/e1c0a49211244aedb2a6169565fe6eca 0.104s[00m
{1} setUpClass (tempest.api.network.test_networks.BulkNetworkOpsIpV6Test) ... SKIPPED: IPv6 Tests are disabled.
{1} setUpClass (tempest.api.network.test_networks.NetworksIpV6Test) ... SKIPPED: IPv6 Tests are disabled.
2018-09-28 11:31:59.172 2505 INFO tempest.lib.common.rest_client [req-12ea01e1-ef0e-4f4c-9793-df62a0ccdc33 ] Request (TestVersions:setUpClass): 201 POST http://10.13.3.199:5000/v3/auth/tokens[00m
2018-09-28 11:31:59.290 2508 INFO tempest.lib.common.rest_client [req-bca72f7a-8d28-4de0-80be-6b5fb84786a6 ] Request (NetworksTest:setUpClass): 201 POST http://10.13.3.199:5000/v3/auth/tokens[00m
2018-09-28 11:31:59.460 2505 INFO tempest.lib.common.rest_client [req-7b257795-b575-4d7a-aee5-d972ce89342c ] Request (TestVersions:setUpClass): 201 POST http://10.13.3.199:5000/v3/auth/tokens[00m
2018-09-28 11:31:59.490 2505 INFO tempest.lib.common.rest_client [req-5854b4b5-afc4-42d3-9ef1-a73e44886759 ] Request (TestVersions:setUpClass): 200 GET http://10.13.3.199:35357/v3/domains?name=admin_domain 0.030s[00m
2018-09-28 11:31:59.527 2505 INFO tempest.lib.common.rest_client [req-5ea6046f-5b87-44d2-8477-ec5f05f51c9e ] Request (TestVersions:setUpClass): 201 POST http://10.13.3.199:35357/v3/projects 0.036s[00m
2018-09-28 11:31:59.567 2508 INFO tempest.lib.common.rest_client [req-d1718573-fba6-4559-87ce-31a0a56a5bb3 ] Request (NetworksTest:setUpClass): 201 POST http://10.13.3.199:5000/v3/auth/tokens[00m
2018-09-28 11:31:59.795 2505 INFO tempest.lib.common.rest_client [req-0b096841-670b-4306-ae01-96d21660152b ] Request (TestVersions:setUpClass): 201 POST http://10.13.3.199:35357/v3/users 0.267s[00m
2018-09-28 11:31:59.811 2508 INFO tempest.lib.common.rest_client [req-ea09991b-3dde-4498-a87e-707a588a3c44 ] Request (NetworksTest:setUpClass): 200 GET http://10.13.3.199:35357/v3/domains?name=admin_domain 0.243s[00m
2018-09-28 11:31:59.824 2505 INFO tempest.lib.common.rest_client [req-99ad372f-eb6c-4042-96c7-c052885d321c ] Request (TestVersions:setUpClass): 200 GET http://10.13.3.199:35357/v3/roles 0.029s[00m
2018-09-28 11:31:59.848 2508 INFO tempest.lib.common.rest_client [req-3abeda82-976b-4a3d-b86c-5ab3cb1e63d8 ] Request (NetworksTest:setUpClass): 201 POST http://10.13.3.199:35357/v3/projects 0.036s[00m
2018-09-28 11:31:59.886 2505 INFO tempest.lib.common.rest_client [req-a73e5a02-878a-4288-8354-b75f4447ee51 ] Request (TestVersions:setUpClass): 200 GET http://10.13.3.199:35357/v3/roles 0.060s[00m
2018-09-28 11:32:00.117 2508 INFO tempest.lib.common.rest_client [req-d0d94e74-a509-42d5-93aa-97d1777623da ] Request (NetworksTest:setUpClass): 201 POST http://10.13.3.199:35357/v3/users 0.268s[00m
2018-09-28 11:32:00.148 2505 INFO tempest.lib.common.rest_client [req-295d60c6-c12b-4a0d-a44c-897c3a35c50f ] Request (TestVersions:setUpClass): 204 PUT http://10.13.3.199:35357/v3/projects/060bd0e7d6894571a87a33dad3d7214d/users/0f950ef807db4510ad8439c176189f6a/roles/e84d5db8d60d4adc82b90e52fb92ed6f 0.262s[00m
2018-09-28 11:32:00.149 2505 INFO tempest.lib.common.dynamic_creds [-] Acquired dynamic creds:
 credentials: Credentials: {'domain_id': 'f262781cced8420da52950e7469e990d', 'domain_name': 'admin_domain', 'username': 'tempest-TestVersions-262076462', 'project_domain_id': 'f262781cced8420da52950e7469e990d', 'project_domain_name': 'admin_domain', 'project_id': '060bd0e7d6894571a87a33dad3d7214d', 'project_name': 'tempest-TestVersions-262076462', 'tenant_id': '060bd0e7d6894571a87a33dad3d7214d', 'tenant_name': 'tempest-TestVersions-262076462', 'user_domain_id': 'f262781cced8420da52950e7469e990d', 'user_domain_name': 'admin_domain', 'user_id': '0f950ef807db4510ad8439c176189f6a'}, Network: None, Subnet: None, Router: None[00m
2018-09-28 11:32:00.150 2505 INFO tempest.lib.common.dynamic_creds [-] Created isolated network resources for:
 credentials: Credentials: {'domain_id': 'f262781cced8420da52950e7469e990d', 'domain_name': 'admin_domain', 'username': 'tempest-TestVersions-262076462', 'project_domain_id': 'f262781cced8420da52950e7469e990d', 'project_domain_name': 'admin_domain', 'project_id': '060bd0e7d6894571a87a33dad3d7214d', 'project_name': 'tempest-TestVersions-262076462', 'tenant_id': '060bd0e7d6894571a87a33dad3d7214d', 'tenant_name': 'tempest-TestVersions-262076462', 'user_domain_id': 'f262781cced8420da52950e7469e990d', 'user_domain_name': 'admin_domain', 'user_id': '0f950ef807db4510ad8439c176189f6a'}, Network: None, Subnet: None, Router: None[00m
2018-09-28 11:32:00.186 2508 INFO tempest.lib.common.rest_client [req-eb6c57c7-df15-4c0f-9492-ce770647f65d ] Request (NetworksTest:setUpClass): 200 GET http://10.13.3.199:35357/v3/roles 0.067s[00m
2018-09-28 11:32:00.212 2508 INFO tempest.lib.common.rest_client [req-a5bee9f2-fe12-4bae-98a0-4b0d3e8559d3 ] Request (NetworksTest:setUpClass): 200 GET http://10.13.3.199:35357/v3/roles 0.025s[00m
2018-09-28 11:32:00.268 2508 INFO tempest.lib.common.rest_client [req-7e15d9b2-a92b-440e-a25d-c261d4b57485 ] Request (NetworksTest:setUpClass): 204 PUT http://10.13.3.199:35357/v3/projects/bd6ecd2a4053443797e1aff6d4bf91c6/users/f43302f15081417eb5c166091d54c078/roles/e84d5db8d60d4adc82b90e52fb92ed6f 0.053s[00m
2018-09-28 11:32:00.268 2508 INFO tempest.lib.common.dynamic_creds [-] Acquired dynamic creds:
 credentials: Credentials: {'domain_id': 'f262781cced8420da52950e7469e990d', 'domain_name': 'admin_domain', 'username': 'tempest-NetworksTest-601502678', 'project_domain_id': 'f262781cced8420da52950e7469e990d', 'project_domain_name': 'admin_domain', 'project_id': 'bd6ecd2a4053443797e1aff6d4bf91c6', 'project_name': 'tempest-NetworksTest-601502678', 'tenant_id': 'bd6ecd2a4053443797e1aff6d4bf91c6', 'tenant_name': 'tempest-NetworksTest-601502678', 'user_domain_id': 'f262781cced8420da52950e7469e990d', 'user_domain_name': 'admin_domain', 'user_id': 'f43302f15081417eb5c166091d54c078'}, Network: None, Subnet: None, Router: None[00m
2018-09-28 11:32:00.269 2508 INFO tempest.lib.common.dynamic_creds [-] Created isolated network resources for:
 credentials: Credentials: {'domain_id': 'f262781cced8420da52950e7469e990d', 'domain_name': 'admin_domain', 'username': 'tempest-NetworksTest-601502678', 'project_domain_id': 'f262781cced8420da52950e7469e990d', 'project_domain_name': 'admin_domain', 'project_id': 'bd6ecd2a4053443797e1aff6d4bf91c6', 'project_name': 'tempest-NetworksTest-601502678', 'tenant_id': 'bd6ecd2a4053443797e1aff6d4bf91c6', 'tenant_name': 'tempest-NetworksTest-601502678', 'user_domain_id': 'f262781cced8420da52950e7469e990d', 'user_domain_name': 'admin_domain', 'user_id': 'f43302f15081417eb5c166091d54c078'}, Network: None, Subnet: None, Router: None[00m
2018-09-28 11:32:00.482 2505 INFO tempest.lib.common.rest_client [req-b8b719c0-ecfa-4630-a7f5-e97589c122dd ] Request (TestVersions:setUpClass): 201 POST http://10.13.3.199:5000/v3/auth/tokens[00m
2018-09-28 11:32:00.489 2505 INFO tempest.lib.common.rest_client [-] Request (TestVersions:test_get_version_details): 200 GET http://10.13.3.202:8774/ 0.004s[00m
2018-09-28 11:32:00.585 2508 INFO tempest.lib.common.rest_client [req-fc1515fa-dd39-4b12-9c00-02b3a4c035c6 ] Request (NetworksTest:setUpClass): 201 POST http://10.13.3.199:5000/v3/auth/tokens[00m
{0} tempest.api.compute.test_versions.TestVersions.test_get_version_details [0.106839s] ... ok
2018-09-28 11:32:00.596 2505 INFO tempest.lib.common.rest_client [-] Request (TestVersions:test_list_api_versions): 200 GET http://10.13.3.202:8774/ 0.003s[00m
{0} tempest.api.compute.test_versions.TestVersions.test_list_api_versions [0.008706s] ... ok
2018-09-28 11:32:00.709 2505 INFO tempest.lib.common.rest_client [req-d43aa9a4-dbb0-4ee7-a1b5-9dc16a51711c ] Request (TestVersions:tearDownClass): 204 DELETE http://10.13.3.199:35357/v3/users/0f950ef807db4510ad8439c176189f6a 0.107s[00m
2018-09-28 11:32:00.807 2508 INFO tempest.lib.common.rest_client [req-2367e080-2040-4d70-ba0a-130ff61d3dbe ] Request (NetworksTest:setUpClass): 201 POST http://10.13.3.207:9696/v2.0/networks 0.220s[00m
2018-09-28 11:32:00.981 2505 INFO tempest.lib.common.rest_client [req-caf6ebf0-63fd-4ce9-b139-b64739628cfb ] Request (TestVersions:tearDownClass): 201 POST http://10.13.3.199:5000/v3/auth/tokens[00m
2018-09-28 11:32:01.108 2505 INFO tempest.lib.common.rest_client [req-debbedfe-21c6-4e5a-8e0e-168731a9531e ] Request (TestVersions:tearDownClass): 200 GET http://10.13.3.207:9696/v2.0/security-groups?tenant_id=060bd0e7d6894571a87a33dad3d7214d&name=default 0.126s[00m
2018-09-28 11:32:01.189 2505 INFO tempest.lib.common.rest_client [req-e403ba1e-7ddd-4ecd-bcf3-3c0ab8917802 ] Request (TestVersions:tearDownClass): 204 DELETE http://10.13.3.207:9696/v2.0/security-groups/0c56c160-6ee8-40a4-a8f7-b4f1ba4bf396 0.080s[00m
2018-09-28 11:32:01.277 2505 INFO tempest.lib.common.rest_client [req-9e942a3c-9259-469e-8a87-9a6d8c756050 ] Request (TestVersions:tearDownClass): 204 DELETE http://10.13.3.199:35357/v3/projects/060bd0e7d6894571a87a33dad3d7214d 0.087s[00m
{0} setUpClass (tempest.api.identity.admin.v2.test_services.ServicesTestJSON) ... SKIPPED: Identity api v2 is not enabled
2018-09-28 11:32:01.565 2505 INFO tempest.lib.common.rest_client [req-30acbb5c-e4c4-49f0-abad-65b08a503686 ] Request (CredentialsTestJSON:setUpClass): 201 POST http://10.13.3.199:5000/v3/auth/tokens[00m
2018-09-28 11:32:01.846 2505 INFO tempest.lib.common.rest_client [req-7b787566-6d18-42d7-b0b4-4d9542b649bc ] Request (CredentialsTestJSON:setUpClass): 201 POST http://10.13.3.199:5000/v3/auth/tokens[00m
2018-09-28 11:32:01.877 2505 INFO tempest.lib.common.rest_client [req-4180c710-e337-4bec-8a23-4015136feb1c ] Request (CredentialsTestJSON:setUpClass): 200 GET http://10.13.3.199:35357/v3/domains?name=admin_domain 0.030s[00m
2018-09-28 11:32:01.934 2505 INFO tempest.lib.common.rest_client [req-18c02518-4966-4935-959f-f46c585f5c68 ] Request (CredentialsTestJSON:setUpClass): 201 POST http://10.13.3.199:35357/v3/projects 0.055s[00m
2018-09-28 11:32:02.213 2505 INFO tempest.lib.common.rest_client [req-64a25237-62c2-471f-ba33-fa9865370549 ] Request (CredentialsTestJSON:setUpClass): 201 POST http://10.13.3.199:35357/v3/users 0.278s[00m
2018-09-28 11:32:02.235 2505 INFO tempest.lib.common.rest_client [req-01fcde0b-f59d-4a18-ad48-4590ee7066a4 ] Request (CredentialsTestJSON:setUpClass): 200 GET http://10.13.3.199:35357/v3/roles 0.020s[00m
2018-09-28 11:32:02.255 2505 INFO tempest.lib.common.rest_client [req-03f9de49-c158-423d-9b24-b338acba6a8d ] Request (CredentialsTestJSON:setUpClass): 200 GET http://10.13.3.199:35357/v3/roles 0.020s[00m
2018-09-28 11:32:02.303 2505 INFO tempest.lib.common.rest_client [req-d5161dfc-d19f-4ff3-8afb-3b9df08fbddc ] Request (CredentialsTestJSON:setUpClass): 204 PUT http://10.13.3.199:35357/v3/projects/d0b416029cb04711ac0b906332bb9cd8/users/aa365fd5fff34a8d8eded01e7873f969/roles/e84d5db8d60d4adc82b90e52fb92ed6f 0.047s[00m
2018-09-28 11:32:02.304 2505 INFO tempest.lib.common.dynamic_creds [-] Acquired dynamic creds:
 credentials: Credentials: {'domain_id': 'f262781cced8420da52950e7469e990d', 'domain_name': 'admin_domain', 'username': 'tempest-CredentialsTestJSON-1881442036', 'project_domain_id': 'f262781cced8420da52950e7469e990d', 'project_domain_name': 'admin_domain', 'project_id': 'd0b416029cb04711ac0b906332bb9cd8', 'project_name': 'tempest-CredentialsTestJSON-1881442036', 'tenant_id': 'd0b416029cb04711ac0b906332bb9cd8', 'tenant_name': 'tempest-CredentialsTestJSON-1881442036', 'user_domain_id': 'f262781cced8420da52950e7469e990d', 'user_domain_name': 'admin_domain', 'user_id': 'aa365fd5fff34a8d8eded01e7873f969'}, Network: None, Subnet: None, Router: None[00m
2018-09-28 11:32:02.305 2505 INFO tempest.lib.common.dynamic_creds [-] Created isolated network resources for:
 credentials: Credentials: {'domain_id': 'f262781cced8420da52950e7469e990d', 'domain_name': 'admin_domain', 'username': 'tempest-CredentialsTestJSON-1881442036', 'project_domain_id': 'f262781cced8420da52950e7469e990d', 'project_domain_name': 'admin_domain', 'project_id': 'd0b416029cb04711ac0b906332bb9cd8', 'project_name': 'tempest-CredentialsTestJSON-1881442036', 'tenant_id': 'd0b416029cb04711ac0b906332bb9cd8', 'tenant_name': 'tempest-CredentialsTestJSON-1881442036', 'user_domain_id': 'f262781cced8420da52950e7469e990d', 'user_domain_name': 'admin_domain', 'user_id': 'aa365fd5fff34a8d8eded01e7873f969'}, Network: None, Subnet: None, Router: None[00m
2018-09-28 11:32:02.415 2508 INFO tempest.lib.common.rest_client [req-05170fdf-1f8c-4d8a-969a-18fcc6be70b2 ] Request (NetworksTest:setUpClass): 201 POST http://10.13.3.207:9696/v2.0/subnets 0.520s[00m
2018-09-28 11:32:02.541 2508 INFO tempest.lib.common.rest_client [req-c3da5f24-0cea-4b4f-aeca-26fb208482d8 ] Request (NetworksTest:test_create_update_delete_network_subnet): 201 POST http://10.13.3.207:9696/v2.0/networks 0.124s[00m
2018-09-28 11:32:02.614 2505 INFO tempest.lib.common.rest_client [req-50bb970f-764c-4200-86e8-045cc66e48ab ] Request (CredentialsTestJSON:setUpClass): 201 POST http://10.13.3.199:5000/v3/auth/tokens[00m
2018-09-28 11:32:02.668 2505 INFO tempest.lib.common.rest_client [req-aa664c37-a13d-476e-8936-9fa76a9f60e8 ] Request (CredentialsTestJSON:setUpClass): 201 POST http://10.13.3.199:35357/v3/projects 0.053s[00m
2018-09-28 11:32:02.896 2508 INFO tempest.lib.common.rest_client [req-13ded80a-6c73-4793-be89-539bb5558cda ] Request (NetworksTest:test_create_update_delete_network_subnet): 200 PUT http://10.13.3.207:9696/v2.0/networks/4d1f7fba-dc62-4cde-8272-123261b458e5 0.354s[00m
2018-09-28 11:32:02.933 2505 INFO tempest.lib.common.rest_client [req-62f3f88f-2bcb-428a-84a3-ab122ccfb06e ] Request (CredentialsTestJSON:setUpClass): 201 POST http://10.13.3.199:35357/v3/users 0.264s[00m
2018-09-28 11:32:02.955 2505 INFO tempest.lib.common.rest_client [req-a559f0bf-614d-49bc-988f-977ded221dad ] Request (CredentialsTestJSON:setUpClass): 200 GET http://10.13.3.199:35357/v3/roles 0.020s[00m
2018-09-28 11:32:03.001 2505 INFO tempest.lib.common.rest_client [req-8be5b40d-2aa0-42fc-a279-1af0ba40a9ca ] Request (CredentialsTestJSON:setUpClass): 204 PUT http://10.13.3.199:35357/v3/projects/82e0c72d08414afea438b14bc85fcdd2/users/a71dd7bc93d94e9e9b0adcab02d6ddcd/roles/6950c4af7312413280ea7d622f590144 0.046s[00m
2018-09-28 11:32:03.048 2505 INFO tempest.lib.common.rest_client [req-7611c613-a863-41cb-8599-deab2cfbf952 ] Request (CredentialsTestJSON:setUpClass): 200 GET http://10.13.3.199:35357/v3/roles 0.045s[00m
2018-09-28 11:32:03.074 2505 INFO tempest.lib.common.rest_client [req-54a3409c-1e5f-469e-9ab7-67d98131c840 ] Request (CredentialsTestJSON:setUpClass): 204 PUT http://10.13.3.199:35357/v3/domains/f262781cced8420da52950e7469e990d/users/a71dd7bc93d94e9e9b0adcab02d6ddcd/roles/6950c4af7312413280ea7d622f590144 0.025s[00m
2018-09-28 11:32:03.074 2505 INFO tempest.lib.common.dynamic_creds [-] Acquired dynamic creds:
 credentials: Credentials: {'domain_id': 'f262781cced8420da52950e7469e990d', 'domain_name': 'admin_domain', 'username': 'tempest-CredentialsTestJSON-831050847', 'project_domain_id': 'f262781cced8420da52950e7469e990d', 'project_domain_name': 'admin_domain', 'project_id': '82e0c72d08414afea438b14bc85fcdd2', 'project_name': 'tempest-CredentialsTestJSON-831050847', 'tenant_id': '82e0c72d08414afea438b14bc85fcdd2', 'tenant_name': 'tempest-CredentialsTestJSON-831050847', 'user_domain_id': 'f262781cced8420da52950e7469e990d', 'user_domain_name': 'admin_domain', 'user_id': 'a71dd7bc93d94e9e9b0adcab02d6ddcd'}, Network: None, Subnet: None, Router: None[00m
2018-09-28 11:32:03.075 2505 INFO tempest.lib.common.dynamic_creds [-] Created isolated network resources for:
 credentials: Credentials: {'domain_id': 'f262781cced8420da52950e7469e990d', 'domain_name': 'admin_domain', 'username': 'tempest-CredentialsTestJSON-831050847', 'project_domain_id': 'f262781cced8420da52950e7469e990d', 'project_domain_name': 'admin_domain', 'project_id': '82e0c72d08414afea438b14bc85fcdd2', 'project_name': 'tempest-CredentialsTestJSON-831050847', 'tenant_id': '82e0c72d08414afea438b14bc85fcdd2', 'tenant_name': 'tempest-CredentialsTestJSON-831050847', 'user_domain_id': 'f262781cced8420da52950e7469e990d', 'user_domain_name': 'admin_domain', 'user_id': 'a71dd7bc93d94e9e9b0adcab02d6ddcd'}, Network: None, Subnet: None, Router: None[00m
2018-09-28 11:32:03.385 2505 INFO tempest.lib.common.rest_client [req-4ee28e8e-1401-48bb-9cb1-93a665fd5451 ] Request (CredentialsTestJSON:setUpClass): 201 POST http://10.13.3.199:5000/v3/auth/tokens[00m
2018-09-28 11:32:03.483 2508 INFO tempest.lib.common.rest_client [req-1767a458-e8d2-450d-bd7b-d8a5df5f75c3 ] Request (NetworksTest:test_create_update_delete_network_subnet): 201 POST http://10.13.3.207:9696/v2.0/subnets 0.586s[00m
2018-09-28 11:32:03.654 2505 INFO tempest.lib.common.rest_client [req-5d3a8aec-b512-4a91-ad05-d53835459228 ] Request (CredentialsTestJSON:setUpClass): 201 POST http://10.13.3.199:5000/v3/auth/tokens[00m
2018-09-28 11:32:03.685 2505 INFO tempest.lib.common.rest_client [req-cf06d10c-4c53-4499-970e-d1e90749878e ] Request (CredentialsTestJSON:setUpClass): 201 POST http://10.13.3.199:35357/v3/projects 0.030s[00m
2018-09-28 11:32:03.733 2505 INFO tempest.lib.common.rest_client [req-bac57bb4-b6b0-414b-a1a3-96d2a9ccb364 ] Request (CredentialsTestJSON:setUpClass): 201 POST http://10.13.3.199:35357/v3/projects 0.047s[00m
2018-09-28 11:32:03.823 2508 INFO tempest.lib.common.rest_client [req-21dd321e-b989-49ae-8d62-d4082b98eb06 ] Request (NetworksTest:test_create_update_delete_network_subnet): 200 PUT http://10.13.3.207:9696/v2.0/subnets/5d3388ea-b403-4c5f-8d3b-6a7f7d9870d2 0.340s[00m
2018-09-28 11:32:03.993 2505 INFO tempest.lib.common.rest_client [req-17552859-f014-4515-8917-3c8f467106aa ] Request (CredentialsTestJSON:setUpClass): 201 POST http://10.13.3.199:35357/v3/users 0.259s[00m
2018-09-28 11:32:04.017 2505 INFO tempest.lib.common.rest_client [req-4f7ad816-4440-47fe-a72c-d70389d04de8 ] Request (CredentialsTestJSON:test_credentials_create_get_update_delete): 201 POST http://10.13.3.199:35357/v3/credentials 0.022s[00m
2018-09-28 11:32:04.039 2505 INFO tempest.lib.common.rest_client [req-c0712090-d32f-4c25-b3a9-5671e66a840f ] Request (CredentialsTestJSON:test_credentials_create_get_update_delete): 200 PATCH http://10.13.3.199:35357/v3/credentials/e903d412e37bf66c9fcdf2dc7b42bcf62c964b14a09ee8e3d6f987ea580d72dc 0.021s[00m
2018-09-28 11:32:04.057 2505 INFO tempest.lib.common.rest_client [req-05ae0550-2b88-42de-b75d-03da56efcb9d ] Request (CredentialsTestJSON:test_credentials_create_get_update_delete): 200 GET http://10.13.3.199:35357/v3/credentials/e903d412e37bf66c9fcdf2dc7b42bcf62c964b14a09ee8e3d6f987ea580d72dc 0.017s[00m
2018-09-28 11:32:04.079 2505 INFO tempest.lib.common.rest_client [req-50e505a3-1128-4cd3-a355-9d08d8994560 ] Request (CredentialsTestJSON:_run_cleanups): 204 DELETE http://10.13.3.199:35357/v3/credentials/e903d412e37bf66c9fcdf2dc7b42bcf62c964b14a09ee8e3d6f987ea580d72dc 0.021s[00m
{0} tempest.api.identity.admin.v3.test_credentials.CredentialsTestJSON.test_credentials_create_get_update_delete [0.085621s] ... ok
2018-09-28 11:32:04.161 2505 INFO tempest.lib.common.rest_client [req-2ef1a043-7b3b-42fc-a870-cea84a25ecb1 ] Request (CredentialsTestJSON:tearDownClass): 204 DELETE http://10.13.3.199:35357/v3/users/0fd70799b1e34995bbe9caf1c100481f 0.080s[00m
2018-09-28 11:32:04.242 2505 INFO tempest.lib.common.rest_client [req-9a8e87c6-f4b1-45fa-b6c8-bf4013fff6d3 ] Request (CredentialsTestJSON:tearDownClass): 204 DELETE http://10.13.3.199:35357/v3/projects/501a9966d62b47e994b6ffd12fa43451 0.080s[00m
2018-09-28 11:32:04.324 2505 INFO tempest.lib.common.rest_client [req-6fa86377-e8de-456d-8f3c-a7c6c772d5c4 ] Request (CredentialsTestJSON:tearDownClass): 204 DELETE http://10.13.3.199:35357/v3/projects/3cb88e1a7f424944963ffc8b6228faed 0.081s[00m
2018-09-28 11:32:04.409 2505 INFO tempest.lib.common.rest_client [req-63a9a44f-2aae-4aef-93cf-d1ea1088d173 ] Request (CredentialsTestJSON:tearDownClass): 204 DELETE http://10.13.3.199:35357/v3/users/aa365fd5fff34a8d8eded01e7873f969 0.084s[00m
2018-09-28 11:32:04.683 2505 INFO tempest.lib.common.rest_client [req-99483f7f-fe37-4370-a773-091044638f78 ] Request (CredentialsTestJSON:tearDownClass): 201 POST http://10.13.3.199:5000/v3/auth/tokens[00m
2018-09-28 11:32:04.871 2505 INFO tempest.lib.common.rest_client [req-7142dabf-5358-44b1-a544-90ec1e4535ad ] Request (CredentialsTestJSON:tearDownClass): 200 GET http://10.13.3.207:9696/v2.0/security-groups?tenant_id=d0b416029cb04711ac0b906332bb9cd8&name=default 0.186s[00m
2018-09-28 11:32:04.993 2505 INFO tempest.lib.common.rest_client [req-71515bd0-942d-4c14-9874-b38d13308c01 ] Request (CredentialsTestJSON:tearDownClass): 204 DELETE http://10.13.3.207:9696/v2.0/security-groups/615386a7-d7c3-403d-8f1e-27acd40d44f9 0.121s[00m
2018-09-28 11:32:05.075 2505 INFO tempest.lib.common.rest_client [req-b5bdfc6c-488d-4a0a-8f20-88d60032897a ] Request (CredentialsTestJSON:tearDownClass): 204 DELETE http://10.13.3.199:35357/v3/projects/d0b416029cb04711ac0b906332bb9cd8 0.081s[00m
2018-09-28 11:32:05.162 2505 INFO tempest.lib.common.rest_client [req-76dd9bde-f508-42ab-8c4e-857b4d03040d ] Request (CredentialsTestJSON:tearDownClass): 204 DELETE http://10.13.3.199:35357/v3/users/a71dd7bc93d94e9e9b0adcab02d6ddcd 0.086s[00m
2018-09-28 11:32:05.412 2508 INFO tempest.lib.common.rest_client [req-29933a32-240a-47d9-8437-0aca919e0f19 ] Request (NetworksTest:_run_cleanups): 204 DELETE http://10.13.3.207:9696/v2.0/networks/4d1f7fba-dc62-4cde-8272-123261b458e5 1.588s[00m
{1} tempest.api.network.test_networks.NetworksTest.test_create_update_delete_network_subnet [2.996943s] ... ok
2018-09-28 11:32:05.458 2505 INFO tempest.lib.common.rest_client [req-4b5ad5e5-5a6c-4a21-955b-f3131156f626 ] Request (CredentialsTestJSON:tearDownClass): 200 GET http://10.13.3.207:9696/v2.0/security-groups?tenant_id=82e0c72d08414afea438b14bc85fcdd2&name=default 0.295s[00m
2018-09-28 11:32:05.505 2508 INFO tempest.lib.common.rest_client [req-486521ad-0325-4297-93e8-be1b9883c5d4 ] Request (NetworksTest:test_external_network_visibility): 200 GET http://10.13.3.207:9696/v2.0/networks?router%3Aexternal=True 0.090s[00m
2018-09-28 11:32:05.543 2508 INFO tempest.lib.common.rest_client [req-2993e6a9-35e1-4627-9c42-06d8795e62f1 ] Request (NetworksTest:test_external_network_visibility): 200 GET http://10.13.3.207:9696/v2.0/subnets?network_id=9fc8ea6c-3c55-4e15-ab2e-c6eba24f8aa2 0.037s[00m
{1} tempest.api.network.test_networks.NetworksTest.test_external_network_visibility [0.130223s] ... ok
2018-09-28 11:32:05.551 2505 INFO tempest.lib.common.rest_client [req-fbeec61c-7918-4957-9d76-55e79f6ca242 ] Request (CredentialsTestJSON:tearDownClass): 204 DELETE http://10.13.3.207:9696/v2.0/security-groups/c3a71bc3-32a1-4173-a346-c1298be7ef83 0.092s[00m
2018-09-28 11:32:05.619 2508 INFO tempest.lib.common.rest_client [req-6b8b25bc-23d6-472b-9a99-aca8bb237990 ] Request (NetworksTest:test_list_networks): 200 GET http://10.13.3.207:9696/v2.0/networks 0.074s[00m
{1} tempest.api.network.test_networks.NetworksTest.test_list_networks [0.075442s] ... ok
2018-09-28 11:32:05.653 2508 INFO tempest.lib.common.rest_client [req-75cf61ca-448f-48a9-b0d5-9425ea182a76 ] Request (NetworksTest:test_list_subnets): 200 GET http://10.13.3.207:9696/v2.0/subnets 0.031s[00m
{1} tempest.api.network.test_networks.NetworksTest.test_list_subnets [0.033182s] ... ok
2018-09-28 11:32:05.704 2505 INFO tempest.lib.common.rest_client [req-c35be898-9d9b-4d70-959c-8d1745ab69cd ] Request (CredentialsTestJSON:tearDownClass): 204 DELETE http://10.13.3.199:35357/v3/projects/82e0c72d08414afea438b14bc85fcdd2 0.152s[00m
2018-09-28 11:32:05.722 2508 INFO tempest.lib.common.rest_client [req-cf107d8b-409a-43d5-89df-e436b313b684 ] Request (NetworksTest:test_show_network): 200 GET http://10.13.3.207:9696/v2.0/networks/52f040e0-3006-4a14-ac3c-473d7464f561 0.067s[00m
{1} tempest.api.network.test_networks.NetworksTest.test_show_network [0.068574s] ... ok
2018-09-28 11:32:05.758 2508 INFO tempest.lib.common.rest_client [req-29cc22a7-3a9e-4490-bae5-4ea4c96fe3ec ] Request (NetworksTest:test_show_subnet): 200 GET http://10.13.3.207:9696/v2.0/subnets/b7c61159-f96d-4eb5-83aa-217441446241 0.034s[00m
{1} tempest.api.network.test_networks.NetworksTest.test_show_subnet [0.035830s] ... ok
2018-09-28 11:32:05.781 2508 INFO tempest.lib.common.rest_client [req-599e54ca-5a19-406f-b54a-b9bcff037606 ] Request (NetworksTest:tearDownClass): 404 DELETE http://10.13.3.207:9696/v2.0/subnets/5d3388ea-b403-4c5f-8d3b-6a7f7d9870d2 0.020s[00m
2018-09-28 11:32:05.800 2508 INFO tempest.lib.common.rest_client [req-80300fea-cb39-4598-a258-2f633b8a3c0a ] Request (NetworksTest:tearDownClass): 404 DELETE http://10.13.3.207:9696/v2.0/networks/4d1f7fba-dc62-4cde-8272-123261b458e5 0.017s[00m
2018-09-28 11:32:05.987 2505 INFO tempest.lib.common.rest_client [req-927e0330-0b1b-4c86-a996-af8338f2e48d ] Request (DefaultDomainTestJSON:setUpClass): 201 POST http://10.13.3.199:5000/v3/auth/tokens[00m
2018-09-28 11:32:06.258 2505 INFO tempest.lib.common.rest_client [req-49870184-6c5a-4d0b-ae57-2a01341069c7 ] Request (DefaultDomainTestJSON:setUpClass): 201 POST http://10.13.3.199:5000/v3/auth/tokens[00m
2018-09-28 11:32:06.282 2505 INFO tempest.lib.common.rest_client [req-0bc2fc0a-89bd-4777-b682-820c96fb0480 ] Request (DefaultDomainTestJSON:setUpClass): 200 GET http://10.13.3.199:35357/v3/domains?name=admin_domain 0.023s[00m
2018-09-28 11:32:06.315 2505 INFO tempest.lib.common.rest_client [req-8984d30a-fcd5-406b-a9e7-fc921d1b227a ] Request (DefaultDomainTestJSON:setUpClass): 201 POST http://10.13.3.199:35357/v3/projects 0.031s[00m
2018-09-28 11:32:06.575 2505 INFO tempest.lib.common.rest_client [req-433102de-97c6-49c4-b5eb-9e42fa225651 ] Request (DefaultDomainTestJSON:setUpClass): 201 POST http://10.13.3.199:35357/v3/users 0.260s[00m
2018-09-28 11:32:06.593 2505 INFO tempest.lib.common.rest_client [req-218f77f4-83a4-4c43-af4d-6b337e6908b7 ] Request (DefaultDomainTestJSON:setUpClass): 200 GET http://10.13.3.199:35357/v3/roles 0.017s[00m
2018-09-28 11:32:06.610 2505 INFO tempest.lib.common.rest_client [req-a3b8e882-3c44-4c1a-8c7e-7ee6b5bd5611 ] Request (DefaultDomainTestJSON:setUpClass): 200 GET http://10.13.3.199:35357/v3/roles 0.016s[00m
2018-09-28 11:32:06.661 2508 INFO tempest.lib.common.rest_client [req-5f71b657-4168-4f90-92d7-ec59fd139b3d ] Request (NetworksTest:tearDownClass): 204 DELETE http://10.13.3.207:9696/v2.0/subnets/b7c61159-f96d-4eb5-83aa-217441446241 0.861s[00m
2018-09-28 11:32:06.674 2505 INFO tempest.lib.common.rest_client [req-eeff71f6-d0bc-466a-91fb-f18fd87f52af ] Request (DefaultDomainTestJSON:setUpClass): 204 PUT http://10.13.3.199:35357/v3/projects/5e15fb2521884fb592b8c3e593c8b214/users/6cff46ed507a47e3afec41aae3394348/roles/e84d5db8d60d4adc82b90e52fb92ed6f 0.063s[00m
2018-09-28 11:32:06.674 2505 INFO tempest.lib.common.dynamic_creds [-] Acquired dynamic creds:
 credentials: Credentials: {'domain_id': 'f262781cced8420da52950e7469e990d', 'domain_name': 'admin_domain', 'username': 'tempest-DefaultDomainTestJSON-17679686', 'project_domain_id': 'f262781cced8420da52950e7469e990d', 'project_domain_name': 'admin_domain', 'project_id': '5e15fb2521884fb592b8c3e593c8b214', 'project_name': 'tempest-DefaultDomainTestJSON-17679686', 'tenant_id': '5e15fb2521884fb592b8c3e593c8b214', 'tenant_name': 'tempest-DefaultDomainTestJSON-17679686', 'user_domain_id': 'f262781cced8420da52950e7469e990d', 'user_domain_name': 'admin_domain', 'user_id': '6cff46ed507a47e3afec41aae3394348'}, Network: None, Subnet: None, Router: None[00m
2018-09-28 11:32:06.675 2505 INFO tempest.lib.common.dynamic_creds [-] Created isolated network resources for:
 credentials: Credentials: {'domain_id': 'f262781cced8420da52950e7469e990d', 'domain_name': 'admin_domain', 'username': 'tempest-DefaultDomainTestJSON-17679686', 'project_domain_id': 'f262781cced8420da52950e7469e990d', 'project_domain_name': 'admin_domain', 'project_id': '5e15fb2521884fb592b8c3e593c8b214', 'project_name': 'tempest-DefaultDomainTestJSON-17679686', 'tenant_id': '5e15fb2521884fb592b8c3e593c8b214', 'tenant_name': 'tempest-DefaultDomainTestJSON-17679686', 'user_domain_id': 'f262781cced8420da52950e7469e990d', 'user_domain_name': 'admin_domain', 'user_id': '6cff46ed507a47e3afec41aae3394348'}, Network: None, Subnet: None, Router: None[00m
2018-09-28 11:32:06.980 2505 INFO tempest.lib.common.rest_client [req-e7ad7f42-8045-48d8-973a-572bfae5fdb7 ] Request (DefaultDomainTestJSON:setUpClass): 201 POST http://10.13.3.199:5000/v3/auth/tokens[00m
2018-09-28 11:32:07.024 2505 INFO tempest.lib.common.rest_client [req-51849d09-40d8-4c2e-ac66-fdc5af63676c ] Request (DefaultDomainTestJSON:setUpClass): 201 POST http://10.13.3.199:35357/v3/projects 0.042s[00m
2018-09-28 11:32:07.277 2505 INFO tempest.lib.common.rest_client [req-874dead9-527e-4e9e-b192-7b1e81cfb449 ] Request (DefaultDomainTestJSON:setUpClass): 201 POST http://10.13.3.199:35357/v3/users 0.252s[00m
2018-09-28 11:32:07.298 2505 INFO tempest.lib.common.rest_client [req-b36de4a6-1f9d-4688-8d67-7ae4def9ae20 ] Request (DefaultDomainTestJSON:setUpClass): 200 GET http://10.13.3.199:35357/v3/roles 0.020s[00m
2018-09-28 11:32:07.341 2505 INFO tempest.lib.common.rest_client [req-69b39170-2588-487c-a3be-0df7ba8710bc ] Request (DefaultDomainTestJSON:setUpClass): 204 PUT http://10.13.3.199:35357/v3/projects/a10ce0f3269b4dd89d904cabce4dc849/users/ee37bdbcb54e4791ba7353ee28011fd0/roles/6950c4af7312413280ea7d622f590144 0.042s[00m
2018-09-28 11:32:07.386 2508 INFO tempest.lib.common.rest_client [req-beb68f55-2050-4b8e-8974-bb8f3d9c9f62 ] Request (NetworksTest:tearDownClass): 204 DELETE http://10.13.3.207:9696/v2.0/networks/52f040e0-3006-4a14-ac3c-473d7464f561 0.724s[00m
