2018-09-28 11:30:55.677 2505 INFO tempest.lib.common.rest_client [req-a91ad49d-f536-42b0-b67f-e7b6e18c274f ] Request (ServersTestManualDisk:setUpClass): 200 GET http://10.13.3.202:8774/v2/012172f12d674d8c84bbff624a18573e/servers/fced7f42-30be-4077-ba0d-38b4e305c49a 0.050s[00m
2018-09-28 11:30:56.349 2508 INFO tempest.lib.common.rest_client [req-4d6749af-e2b3-4120-81a5-e0fe21df1302 ] Request (AttachInterfacesUnderV243Test:test_add_remove_fixed_ip): 200 GET http://10.13.3.202:8774/v2/7b3cf21f180a4785bdaba3bb236a14f1/servers/cb4686bc-5f9c-4b45-a14b-413ac42a28bc 0.210s[00m
2018-09-28 11:30:56.976 2505 INFO tempest.lib.common.rest_client [req-a0f0f13f-fe08-44b6-852a-4edcc3b50c52 ] Request (ServersTestManualDisk:setUpClass): 200 GET http://10.13.3.202:8774/v2/012172f12d674d8c84bbff624a18573e/servers/fced7f42-30be-4077-ba0d-38b4e305c49a 0.288s[00m
2018-09-28 11:30:56.985 2505 INFO tempest.common.waiters [-] State transition "BUILD/scheduling" ==> "BUILD/spawning" after 1 second wait[00m
2018-09-28 11:30:57.607 2508 INFO tempest.lib.common.rest_client [req-5dc2d8ca-b62a-4e11-859d-7ba0b0c1cec1 ] Request (AttachInterfacesUnderV243Test:test_add_remove_fixed_ip): 200 GET http://10.13.3.202:8774/v2/7b3cf21f180a4785bdaba3bb236a14f1/servers/cb4686bc-5f9c-4b45-a14b-413ac42a28bc 0.248s[00m
2018-09-28 11:30:58.351 2505 INFO tempest.lib.common.rest_client [req-feba790d-97f3-42e6-be45-5199ba4b0b1a ] Request (ServersTestManualDisk:setUpClass): 200 GET http://10.13.3.202:8774/v2/012172f12d674d8c84bbff624a18573e/servers/fced7f42-30be-4077-ba0d-38b4e305c49a 0.363s[00m
2018-09-28 11:30:58.882 2508 INFO tempest.lib.common.rest_client [req-4005ca01-4362-4d20-8438-4dcabc5224d8 ] Request (AttachInterfacesUnderV243Test:test_add_remove_fixed_ip): 200 GET http://10.13.3.202:8774/v2/7b3cf21f180a4785bdaba3bb236a14f1/servers/cb4686bc-5f9c-4b45-a14b-413ac42a28bc 0.267s[00m
2018-09-28 11:30:59.491 2505 INFO tempest.lib.common.rest_client [req-4b8c6990-cf9f-4873-a1c5-40b3c907f3b5 ] Request (ServersTestManualDisk:setUpClass): 200 GET http://10.13.3.202:8774/v2/012172f12d674d8c84bbff624a18573e/servers/fced7f42-30be-4077-ba0d-38b4e305c49a 0.132s[00m
2018-09-28 11:31:00.022 2508 INFO tempest.lib.common.rest_client [req-e22f71d4-22dd-4459-92fc-bd1fd74c63c0 ] Request (AttachInterfacesUnderV243Test:test_add_remove_fixed_ip): 200 GET http://10.13.3.202:8774/v2/7b3cf21f180a4785bdaba3bb236a14f1/servers/cb4686bc-5f9c-4b45-a14b-413ac42a28bc 0.127s[00m
2018-09-28 11:31:00.033 2508 INFO tempest.common.waiters [-] State transition "BUILD/spawning" ==> "ACTIVE/None" after 8 second wait[00m
2018-09-28 11:31:00.110 2508 INFO tempest.lib.common.rest_client [req-b5855c1f-1cf8-46af-99b2-6d8cddd5351d ] Request (AttachInterfacesUnderV243Test:test_add_remove_fixed_ip): 200 GET http://10.13.3.202:8774/v2/7b3cf21f180a4785bdaba3bb236a14f1/servers/cb4686bc-5f9c-4b45-a14b-413ac42a28bc/os-interface 0.076s[00m
2018-09-28 11:31:00.180 2508 INFO tempest.lib.common.rest_client [req-d1f1fb88-5479-4a04-964f-61ec5f842e9b ] Request (AttachInterfacesUnderV243Test:test_add_remove_fixed_ip): 200 GET http://10.13.3.202:8774/v2/7b3cf21f180a4785bdaba3bb236a14f1/servers/cb4686bc-5f9c-4b45-a14b-413ac42a28bc/os-interface/8e4005ff-037b-4f24-84e4-f335faf7ad54 0.067s[00m
2018-09-28 11:31:00.221 2508 INFO tempest.lib.common.rest_client [req-af23ea42-a5ad-4848-b879-18b046344393 ] Request (AttachInterfacesUnderV243Test:test_add_remove_fixed_ip): 202 POST http://10.13.3.202:8774/v2/7b3cf21f180a4785bdaba3bb236a14f1/servers/cb4686bc-5f9c-4b45-a14b-413ac42a28bc/action 0.038s[00m
2018-09-28 11:31:00.337 2508 INFO tempest.lib.common.rest_client [req-0c77c2ea-5ca4-4f8c-8fa1-47e16975eaac ] Request (AttachInterfacesUnderV243Test:test_add_remove_fixed_ip): 200 GET http://10.13.3.202:8774/v2/7b3cf21f180a4785bdaba3bb236a14f1/servers/cb4686bc-5f9c-4b45-a14b-413ac42a28bc 0.114s[00m
2018-09-28 11:31:00.387 2508 INFO tempest.lib.common.rest_client [req-f8e03525-3a44-47ed-93c3-f7e483965b21 ] Request (AttachInterfacesUnderV243Test:test_add_remove_fixed_ip): 202 POST http://10.13.3.202:8774/v2/7b3cf21f180a4785bdaba3bb236a14f1/servers/cb4686bc-5f9c-4b45-a14b-413ac42a28bc/action 0.043s[00m
{1} tempest.api.compute.servers.test_attach_interfaces.AttachInterfacesUnderV243Test.test_add_remove_fixed_ip [8.500639s] ... ok
2018-09-28 11:31:00.474 2508 INFO tempest.lib.common.rest_client [req-a89aeb7e-d929-4d41-88be-dc1499085226 ] Request (AttachInterfacesUnderV243Test:tearDownClass): 204 DELETE http://10.13.3.202:8774/v2/7b3cf21f180a4785bdaba3bb236a14f1/servers/cb4686bc-5f9c-4b45-a14b-413ac42a28bc 0.085s[00m
2018-09-28 11:31:00.645 2508 INFO tempest.lib.common.rest_client [req-44c48938-43a8-4a1a-a8be-8165b871dbe9 ] Request (AttachInterfacesUnderV243Test:tearDownClass): 200 GET http://10.13.3.202:8774/v2/7b3cf21f180a4785bdaba3bb236a14f1/servers/cb4686bc-5f9c-4b45-a14b-413ac42a28bc 0.171s[00m
2018-09-28 11:31:00.663 2505 INFO tempest.lib.common.rest_client [req-9be13cfc-7b6d-40c5-8119-6d913e808526 ] Request (ServersTestManualDisk:setUpClass): 200 GET http://10.13.3.202:8774/v2/012172f12d674d8c84bbff624a18573e/servers/fced7f42-30be-4077-ba0d-38b4e305c49a 0.163s[00m
2018-09-28 11:31:00.669 2505 INFO tempest.common.waiters [-] State transition "BUILD/spawning" ==> "ACTIVE/None" after 5 second wait[00m
2018-09-28 11:31:00.749 2505 INFO tempest.lib.common.rest_client [req-2a41183a-ccff-40b7-817f-1ef1dab13c0c ] Request (ServersTestManualDisk:setUpClass): 200 GET http://10.13.3.202:8774/v2/012172f12d674d8c84bbff624a18573e/servers/fced7f42-30be-4077-ba0d-38b4e305c49a/os-interface 0.078s[00m
2018-09-28 11:31:02.001 2508 INFO tempest.lib.common.rest_client [req-8a3b0f73-fac6-47bd-8811-ad2eeb6fa091 ] Request (AttachInterfacesUnderV243Test:tearDownClass): 200 GET http://10.13.3.202:8774/v2/7b3cf21f180a4785bdaba3bb236a14f1/servers/cb4686bc-5f9c-4b45-a14b-413ac42a28bc 0.346s[00m
2018-09-28 11:31:02.575 2505 INFO tempest.lib.common.rest_client [req-f8126d35-86d6-483e-a1e4-ee71b3bbf6b0 ] Request (ServersTestManualDisk:setUpClass): 200 PUT http://10.13.3.207:9696/v2.0/floatingips/a978ec1a-81d0-4496-a746-af77f414cc83 1.822s[00m
2018-09-28 11:31:02.952 2505 INFO tempest.lib.common.rest_client [req-a8582ba0-caac-4979-a515-13da4c90f035 ] Request (ServersTestManualDisk:setUpClass): 200 GET http://10.13.3.202:8774/v2/012172f12d674d8c84bbff624a18573e/servers/fced7f42-30be-4077-ba0d-38b4e305c49a 0.377s[00m
2018-09-28 11:31:03.002 2505 INFO tempest.lib.common.rest_client [req-3e1b06b1-38f4-441f-9fdc-b01fddd50c09 ] Request (ServersTestManualDisk:test_list_servers): 200 GET http://10.13.3.202:8774/v2/012172f12d674d8c84bbff624a18573e/servers 0.042s[00m
{0} tempest.api.compute.servers.test_create_server.ServersTestManualDisk.test_list_servers [0.044884s] ... ok
{0} tempest.api.compute.servers.test_create_server.ServersTestManualDisk.test_verify_server_details [0.000492s] ... ok
2018-09-28 11:31:03.100 2505 INFO tempest.lib.common.rest_client [req-86447b80-cdf5-466a-b676-311817c38dc7 ] Request (ServersTestManualDisk:tearDownClass): 204 DELETE http://10.13.3.202:8774/v2/012172f12d674d8c84bbff624a18573e/servers/fced7f42-30be-4077-ba0d-38b4e305c49a 0.094s[00m
2018-09-28 11:31:03.124 2508 INFO tempest.lib.common.rest_client [req-a64beaa3-f6de-48ca-a9f0-70edcc9e4cae ] Request (AttachInterfacesUnderV243Test:tearDownClass): 200 GET http://10.13.3.202:8774/v2/7b3cf21f180a4785bdaba3bb236a14f1/servers/cb4686bc-5f9c-4b45-a14b-413ac42a28bc 0.114s[00m
2018-09-28 11:31:03.281 2505 INFO tempest.lib.common.rest_client [req-2e9f5d0e-1e0c-4946-a900-5726e488d3ce ] Request (ServersTestManualDisk:tearDownClass): 200 GET http://10.13.3.202:8774/v2/012172f12d674d8c84bbff624a18573e/servers/fced7f42-30be-4077-ba0d-38b4e305c49a 0.180s[00m
2018-09-28 11:31:04.167 2508 INFO tempest.lib.common.rest_client [req-64983089-2a7d-44b4-b96f-5d883da26716 ] Request (AttachInterfacesUnderV243Test:tearDownClass): 404 GET http://10.13.3.202:8774/v2/7b3cf21f180a4785bdaba3bb236a14f1/servers/cb4686bc-5f9c-4b45-a14b-413ac42a28bc 0.033s[00m
2018-09-28 11:31:04.542 2508 INFO tempest.lib.common.rest_client [req-98e22f17-acd0-460f-acab-71159e55343c ] Request (AttachInterfacesUnderV243Test:tearDownClass): 204 DELETE http://10.13.3.207:9696/v2.0/subnets/e959c360-eb36-466f-a164-9715f09e343d 0.374s[00m
2018-09-28 11:31:04.550 2505 INFO tempest.lib.common.rest_client [req-ff8e259a-b22f-4dc7-bd73-4bfa6b42a34a ] Request (ServersTestManualDisk:tearDownClass): 200 GET http://10.13.3.202:8774/v2/012172f12d674d8c84bbff624a18573e/servers/fced7f42-30be-4077-ba0d-38b4e305c49a 0.260s[00m
2018-09-28 11:31:05.069 2508 INFO tempest.lib.common.rest_client [req-a286fa66-e6eb-40e0-a578-74d6a52ee811 ] Request (AttachInterfacesUnderV243Test:tearDownClass): 204 DELETE http://10.13.3.207:9696/v2.0/networks/6a452d07-86e3-4320-a5e8-29f05630a06e 0.526s[00m
2018-09-28 11:31:05.152 2508 INFO tempest.lib.common.rest_client [req-16e98a96-e421-495c-ae8b-1f08f4fff19a ] Request (AttachInterfacesUnderV243Test:tearDownClass): 204 DELETE http://10.13.3.199:35357/v3/users/13ccf9b221df47799d5c749b7e0e98c4 0.082s[00m
2018-09-28 11:31:05.327 2508 INFO tempest.lib.common.rest_client [req-10c28cba-ef23-471a-b6ad-52373ab877fb ] Request (AttachInterfacesUnderV243Test:tearDownClass): 200 GET http://10.13.3.207:9696/v2.0/security-groups?tenant_id=7b3cf21f180a4785bdaba3bb236a14f1&name=default 0.174s[00m
2018-09-28 11:31:05.422 2508 INFO tempest.lib.common.rest_client [req-d7f28074-097e-4da3-aeef-988b0709eefe ] Request (AttachInterfacesUnderV243Test:tearDownClass): 204 DELETE http://10.13.3.207:9696/v2.0/security-groups/8be60101-2ac5-467d-b5e7-c857bc2f0f4b 0.093s[00m
2018-09-28 11:31:05.506 2508 INFO tempest.lib.common.rest_client [req-c5d44cad-c55e-48f8-b314-0cbf51056786 ] Request (AttachInterfacesUnderV243Test:tearDownClass): 204 DELETE http://10.13.3.199:35357/v3/projects/7b3cf21f180a4785bdaba3bb236a14f1 0.083s[00m
2018-09-28 11:31:05.592 2505 INFO tempest.lib.common.rest_client [req-f80b8357-dad0-44cb-9e67-4b0e76af3113 ] Request (ServersTestManualDisk:tearDownClass): 404 GET http://10.13.3.202:8774/v2/012172f12d674d8c84bbff624a18573e/servers/fced7f42-30be-4077-ba0d-38b4e305c49a 0.034s[00m
2018-09-28 11:31:05.607 2505 INFO tempest.lib.common.rest_client [req-b35bd376-07df-42eb-aaee-75344114cf8a ] Request (ServersTestManualDisk:tearDownClass): 202 DELETE http://10.13.3.202:8774/v2/012172f12d674d8c84bbff624a18573e/os-keypairs/tempest-keypair-1962467987 0.014s[00m
2018-09-28 11:31:05.710 2505 INFO tempest.lib.common.rest_client [req-0a53b46d-819c-4e91-9181-5db5e57c4cb4 ] Request (ServersTestManualDisk:tearDownClass): 204 DELETE http://10.13.3.207:9696/v2.0/security-groups/7983e913-fb4d-4a16-b524-2463eec2da41 0.102s[00m
2018-09-28 11:31:05.722 2505 INFO tempest.lib.common.rest_client [req-c5345420-4a98-455b-8d64-0049cc10e4a4 ] Request (ServersTestManualDisk:tearDownClass): 404 GET http://10.13.3.207:9696/v2.0/security-groups/7983e913-fb4d-4a16-b524-2463eec2da41 0.011s[00m
2018-09-28 11:31:05.788 2508 INFO tempest.lib.common.rest_client [req-2ea50277-8913-4ee5-80d8-e65deb1e0388 ] Request (ServersTestJSON:setUpClass): 201 POST http://10.13.3.199:5000/v3/auth/tokens[00m
2018-09-28 11:31:06.050 2508 INFO tempest.lib.common.rest_client [req-1ccde8a4-2867-4b43-8488-6ba7f47673f1 ] Request (ServersTestJSON:setUpClass): 201 POST http://10.13.3.199:5000/v3/auth/tokens[00m
2018-09-28 11:31:06.072 2508 INFO tempest.lib.common.rest_client [req-33d18f7a-28e6-4135-bb27-53cf0f23d904 ] Request (ServersTestJSON:setUpClass): 200 GET http://10.13.3.199:35357/v3/domains?name=admin_domain 0.021s[00m
2018-09-28 11:31:06.101 2508 INFO tempest.lib.common.rest_client [req-660c0fa7-2d55-45a8-b289-269ee6b285ab ] Request (ServersTestJSON:setUpClass): 201 POST http://10.13.3.199:35357/v3/projects 0.026s[00m
2018-09-28 11:31:06.322 2505 INFO tempest.lib.common.rest_client [req-73e9f263-4e18-4b24-a8fb-910305a10aa7 ] Request (ServersTestManualDisk:tearDownClass): 204 DELETE http://10.13.3.207:9696/v2.0/floatingips/a978ec1a-81d0-4496-a746-af77f414cc83 0.600s[00m
2018-09-28 11:31:06.357 2508 INFO tempest.lib.common.rest_client [req-8ced9b7e-a364-4bb3-8af1-2d0b06af1872 ] Request (ServersTestJSON:setUpClass): 201 POST http://10.13.3.199:35357/v3/users 0.253s[00m
2018-09-28 11:31:06.378 2508 INFO tempest.lib.common.rest_client [req-9f45d80c-2e94-4cbf-bb8a-4f9ec40c8238 ] Request (ServersTestJSON:setUpClass): 200 GET http://10.13.3.199:35357/v3/roles 0.018s[00m
2018-09-28 11:31:06.397 2508 INFO tempest.lib.common.rest_client [req-7eefff37-e8ec-4140-94dd-0899d4345278 ] Request (ServersTestJSON:setUpClass): 200 GET http://10.13.3.199:35357/v3/roles 0.016s[00m
2018-09-28 11:31:06.434 2508 INFO tempest.lib.common.rest_client [req-ca29ba33-f650-4dd0-af66-7255396879b4 ] Request (ServersTestJSON:setUpClass): 204 PUT http://10.13.3.199:35357/v3/projects/338a5bc1fd904c31820b02cee8319cfe/users/2120b85a1a964eb9add54601e9316a0e/roles/e84d5db8d60d4adc82b90e52fb92ed6f 0.034s[00m
2018-09-28 11:31:06.434 2508 INFO tempest.lib.common.dynamic_creds [-] Acquired dynamic creds:
 credentials: Credentials: {'domain_id': 'f262781cced8420da52950e7469e990d', 'domain_name': 'admin_domain', 'username': 'tempest-ServersTestJSON-429119331', 'project_domain_id': 'f262781cced8420da52950e7469e990d', 'project_domain_name': 'admin_domain', 'project_id': '338a5bc1fd904c31820b02cee8319cfe', 'project_name': 'tempest-ServersTestJSON-429119331', 'tenant_id': '338a5bc1fd904c31820b02cee8319cfe', 'tenant_name': 'tempest-ServersTestJSON-429119331', 'user_domain_id': 'f262781cced8420da52950e7469e990d', 'user_domain_name': 'admin_domain', 'user_id': '2120b85a1a964eb9add54601e9316a0e'}, Network: None, Subnet: None, Router: None[00m
2018-09-28 11:31:06.708 2508 INFO tempest.lib.common.rest_client [req-62bfe066-ee4f-4af3-91d3-347227907733 ] Request (ServersTestJSON:setUpClass): 201 POST http://10.13.3.199:5000/v3/auth/tokens[00m
2018-09-28 11:31:06.969 2508 INFO tempest.lib.common.rest_client [req-cb4e3377-130f-4923-bdb4-576cc5b54562 ] Request (ServersTestJSON:setUpClass): 201 POST http://10.13.3.207:9696/v2.0/networks 0.260s[00m
2018-09-28 11:31:07.303 2508 INFO tempest.lib.common.rest_client [req-6514dff4-383c-4844-af94-786182e78487 ] Request (ServersTestJSON:setUpClass): 201 POST http://10.13.3.207:9696/v2.0/subnets 0.332s[00m
2018-09-28 11:31:07.838 2505 INFO tempest.lib.common.rest_client [req-afe5bf5b-4def-4984-a57f-b57394f9773d ] Request (ServersTestManualDisk:tearDownClass): 200 PUT http://10.13.3.207:9696/v2.0/routers/22bfbc4b-6749-4a51-8998-3b94e1fa6bdc/remove_router_interface 1.515s[00m
2018-09-28 11:31:08.486 2508 INFO tempest.lib.common.rest_client [req-a1e2dc6e-4628-45f1-b5ed-98f26a2724c9 ] Request (ServersTestJSON:setUpClass): 201 POST http://10.13.3.207:9696/v2.0/routers 1.181s[00m
2018-09-28 11:31:08.899 2505 INFO tempest.lib.common.rest_client [req-60923d69-2998-4568-825c-040df4531e02 ] Request (ServersTestManualDisk:tearDownClass): 204 DELETE http://10.13.3.207:9696/v2.0/routers/22bfbc4b-6749-4a51-8998-3b94e1fa6bdc 1.060s[00m
2018-09-28 11:31:09.725 2505 INFO tempest.lib.common.rest_client [req-7afa3418-3975-4702-9794-bcb6e8013b47 ] Request (ServersTestManualDisk:tearDownClass): 204 DELETE http://10.13.3.207:9696/v2.0/subnets/7f1efc1c-5d33-4806-8c8f-351a20f8807f 0.825s[00m
2018-09-28 11:31:10.121 2508 INFO tempest.lib.common.rest_client [req-25aca063-e4b9-4d37-b12b-fcf62be6069d ] Request (ServersTestJSON:setUpClass): 200 PUT http://10.13.3.207:9696/v2.0/routers/e7a1ff73-c3a0-4477-94a3-acfab710a694/add_router_interface 1.634s[00m
2018-09-28 11:31:10.122 2508 INFO tempest.lib.common.dynamic_creds [-] Created isolated network resources for:
 credentials: Credentials: {'domain_id': 'f262781cced8420da52950e7469e990d', 'domain_name': 'admin_domain', 'username': 'tempest-ServersTestJSON-429119331', 'project_domain_id': 'f262781cced8420da52950e7469e990d', 'project_domain_name': 'admin_domain', 'project_id': '338a5bc1fd904c31820b02cee8319cfe', 'project_name': 'tempest-ServersTestJSON-429119331', 'tenant_id': '338a5bc1fd904c31820b02cee8319cfe', 'tenant_name': 'tempest-ServersTestJSON-429119331', 'user_domain_id': 'f262781cced8420da52950e7469e990d', 'user_domain_name': 'admin_domain', 'user_id': '2120b85a1a964eb9add54601e9316a0e'}, Network: {'id': '562f1d14-e29f-494f-a649-548c3c15f7ee', 'name': 'tempest-ServersTestJSON-1409592570-network', 'tenant_id': '338a5bc1fd904c31820b02cee8319cfe', 'admin_state_up': True, 'mtu': 1458, 'status': 'ACTIVE', 'subnets': [], 'shared': False, 'project_id': '338a5bc1fd904c31820b02cee8319cfe', 'dns_domain': '', 'router:external': False, 'provider:network_type': 'gre', 'provider:physical_network': None, 'provider:segmentation_id': 73, 'availability_zone_hints': [], 'is_default': False, 'availability_zones': [], 'ipv4_address_scope': None, 'ipv6_address_scope': None, 'description': '', 'l2_adjacency': True, 'tags': [], 'created_at': '2018-09-28T11:31:06Z', 'updated_at': '2018-09-28T11:31:06Z', 'revision_number': 1}, Subnet: {'id': '19ba0291-5420-4113-ac9e-2c53993c07df', 'name': 'tempest-ServersTestJSON-1409592570-subnet', 'tenant_id': '338a5bc1fd904c31820b02cee8319cfe', 'network_id': '562f1d14-e29f-494f-a649-548c3c15f7ee', 'ip_version': 4, 'subnetpool_id': None, 'enable_dhcp': True, 'ipv6_ra_mode': None, 'ipv6_address_mode': None, 'gateway_ip': '172.16.0.1', 'cidr': '172.16.0.0/28', 'allocation_pools': [{'start': '172.16.0.2', 'end': '172.16.0.14'}], 'host_routes': [], 'dns_nameservers': [], 'description': '', 'service_types': [], 'segment_id': None, 'tags': [], 'created_at': '2018-09-28T11:31:07Z', 'updated_at': '2018-09-28T11:31:07Z', 'revision_number': 0, 'project_id': '338a5bc1fd904c31820b02cee8319cfe'}, Router: {'id': 'e7a1ff73-c3a0-4477-94a3-acfab710a694', 'name': 'tempest-ServersTestJSON-1409592570-router', 'tenant_id': '338a5bc1fd904c31820b02cee8319cfe', 'admin_state_up': True, 'status': 'ACTIVE', 'external_gateway_info': {'network_id': '9fc8ea6c-3c55-4e15-ab2e-c6eba24f8aa2', 'enable_snat': True, 'external_fixed_ips': [{'subnet_id': '435ec779-af4e-40ca-abdf-b92729ac30f6', 'ip_address': '10.13.3.143'}]}, 'description': '', 'availability_zones': [], 'distributed': False, 'ha': False, 'availability_zone_hints': [], 'routes': [], 'flavor_id': None, 'tags': [], 'created_at': '2018-09-28T11:31:07Z', 'updated_at': '2018-09-28T11:31:08Z', 'revision_number': 2, 'project_id': '338a5bc1fd904c31820b02cee8319cfe'}[00m
2018-09-28 11:31:10.430 2508 INFO tempest.lib.common.rest_client [req-f70927ea-122d-4fd6-85c4-acf98f358bfc ] Request (ServersTestJSON:setUpClass): 201 POST http://10.13.3.199:5000/v3/auth/tokens[00m
2018-09-28 11:31:10.675 2505 INFO tempest.lib.common.rest_client [req-dcd77b38-082b-4c9a-9212-491d4cbd1bac ] Request (ServersTestManualDisk:tearDownClass): 204 DELETE http://10.13.3.207:9696/v2.0/networks/a2ebc589-bda2-4b02-b420-53678b07e736 0.949s[00m
2018-09-28 11:31:10.685 2508 INFO tempest.lib.common.rest_client [req-069309b4-0cfb-43eb-be59-83f42ee215be ] Request (ServersTestJSON:setUpClass): 200 POST http://10.13.3.202:8774/v2/338a5bc1fd904c31820b02cee8319cfe/os-keypairs 0.253s[00m
2018-09-28 11:31:10.763 2505 INFO tempest.lib.common.rest_client [req-ce68b7ee-3842-4029-ac86-91822b41ede5 ] Request (ServersTestManualDisk:tearDownClass): 204 DELETE http://10.13.3.199:35357/v3/users/17209b54247246a0ae0d585666a4bb40 0.087s[00m
2018-09-28 11:31:10.797 2505 INFO tempest.lib.common.rest_client [req-ca55ec96-c920-4342-93c1-3d7a302ebde3 ] Request (ServersTestManualDisk:tearDownClass): 200 GET http://10.13.3.207:9696/v2.0/security-groups?tenant_id=012172f12d674d8c84bbff624a18573e&name=default 0.033s[00m
2018-09-28 11:31:10.900 2505 INFO tempest.lib.common.rest_client [req-efc6eb53-95d6-4684-b827-ab95ad9a2ed0 ] Request (ServersTestManualDisk:tearDownClass): 204 DELETE http://10.13.3.207:9696/v2.0/security-groups/4229f63f-5f72-44ea-9186-88a85fa52225 0.102s[00m
2018-09-28 11:31:10.947 2508 INFO tempest.lib.common.rest_client [req-23f01377-abbe-4522-8c63-863bb4189bdf ] Request (ServersTestJSON:setUpClass): 201 POST http://10.13.3.207:9696/v2.0/security-groups 0.259s[00m
2018-09-28 11:31:10.986 2505 INFO tempest.lib.common.rest_client [req-511c7b1b-a577-4396-b31e-8c098d39af06 ] Request (ServersTestManualDisk:tearDownClass): 204 DELETE http://10.13.3.199:35357/v3/projects/012172f12d674d8c84bbff624a18573e 0.085s[00m
2018-09-28 11:31:11.019 2508 INFO tempest.lib.common.rest_client [req-151a314d-4e7d-4f8a-a958-eba87991bb1b ] Request (ServersTestJSON:setUpClass): 201 POST http://10.13.3.207:9696/v2.0/security-group-rules 0.070s[00m
2018-09-28 11:31:11.088 2508 INFO tempest.lib.common.rest_client [req-93f8748e-f276-4b34-be6f-95341d6708be ] Request (ServersTestJSON:setUpClass): 201 POST http://10.13.3.207:9696/v2.0/security-group-rules 0.068s[00m
2018-09-28 11:31:11.272 2505 INFO tempest.lib.common.rest_client [req-83fb655e-2285-4c33-9c1d-fc8a89e8486f ] Request (ServerActionsTestJSON:setUpClass): 201 POST http://10.13.3.199:5000/v3/auth/tokens[00m
2018-09-28 11:31:11.543 2505 INFO tempest.lib.common.rest_client [req-251dbe2d-83f3-435a-98a1-57fdd716ed60 ] Request (ServerActionsTestJSON:setUpClass): 201 POST http://10.13.3.199:5000/v3/auth/tokens[00m
2018-09-28 11:31:11.567 2505 INFO tempest.lib.common.rest_client [req-7e33a3cd-d516-41be-9dfc-077262d0a42c ] Request (ServerActionsTestJSON:setUpClass): 200 GET http://10.13.3.199:35357/v3/domains?name=admin_domain 0.023s[00m
2018-09-28 11:31:11.596 2505 INFO tempest.lib.common.rest_client [req-b6928a34-ea98-4509-8d6d-576d44aad5ea ] Request (ServerActionsTestJSON:setUpClass): 201 POST http://10.13.3.199:35357/v3/projects 0.028s[00m
2018-09-28 11:31:11.860 2505 INFO tempest.lib.common.rest_client [req-fea8e072-1a8c-4a5d-b33b-2030cf5302b6 ] Request (ServerActionsTestJSON:setUpClass): 201 POST http://10.13.3.199:35357/v3/users 0.263s[00m
2018-09-28 11:31:11.881 2505 INFO tempest.lib.common.rest_client [req-d74b00d5-060f-484e-9154-a165940dbe4b ] Request (ServerActionsTestJSON:setUpClass): 200 GET http://10.13.3.199:35357/v3/roles 0.020s[00m
2018-09-28 11:31:11.901 2505 INFO tempest.lib.common.rest_client [req-7f76e65a-178f-4936-89c4-7439483be0ad ] Request (ServerActionsTestJSON:setUpClass): 200 GET http://10.13.3.199:35357/v3/roles 0.019s[00m
2018-09-28 11:31:11.946 2505 INFO tempest.lib.common.rest_client [req-5597ab6e-037b-4411-a822-ab459539665b ] Request (ServerActionsTestJSON:setUpClass): 204 PUT http://10.13.3.199:35357/v3/projects/e50b9b0cf40b4033b1027dc329e3cb44/users/4261eed2a5de4f7db5320bdd2a791acc/roles/e84d5db8d60d4adc82b90e52fb92ed6f 0.043s[00m
2018-09-28 11:31:11.946 2505 INFO tempest.lib.common.dynamic_creds [-] Acquired dynamic creds:
 credentials: Credentials: {'domain_id': 'f262781cced8420da52950e7469e990d', 'domain_name': 'admin_domain', 'username': 'tempest-ServerActionsTestJSON-1696036686', 'project_domain_id': 'f262781cced8420da52950e7469e990d', 'project_domain_name': 'admin_domain', 'project_id': 'e50b9b0cf40b4033b1027dc329e3cb44', 'project_name': 'tempest-ServerActionsTestJSON-1696036686', 'tenant_id': 'e50b9b0cf40b4033b1027dc329e3cb44', 'tenant_name': 'tempest-ServerActionsTestJSON-1696036686', 'user_domain_id': 'f262781cced8420da52950e7469e990d', 'user_domain_name': 'admin_domain', 'user_id': '4261eed2a5de4f7db5320bdd2a791acc'}, Network: None, Subnet: None, Router: None[00m
2018-09-28 11:31:12.083 2508 INFO tempest.lib.common.rest_client [req-9969a832-ff6a-4681-b7cd-5aeceab32a75 ] Request (ServersTestJSON:setUpClass): 201 POST http://10.13.3.207:9696/v2.0/floatingips 0.994s[00m
2018-09-28 11:31:12.234 2505 INFO tempest.lib.common.rest_client [req-b604c05a-c6b9-40b7-985c-7a3d963ff353 ] Request (ServerActionsTestJSON:setUpClass): 201 POST http://10.13.3.199:5000/v3/auth/tokens[00m
2018-09-28 11:31:12.376 2508 INFO tempest.lib.common.rest_client [req-84accd09-4d1c-4224-b2b2-e923064463f1 ] Request (ServersTestJSON:setUpClass): 201 POST http://10.13.3.199:5000/v3/auth/tokens[00m
2018-09-28 11:31:12.380 2508 INFO tempest.lib.common.fixed_network [-] (ServersTestJSON:setUpClass) Found network {'id': '562f1d14-e29f-494f-a649-548c3c15f7ee', 'name': 'tempest-ServersTestJSON-1409592570-network', 'tenant_id': '338a5bc1fd904c31820b02cee8319cfe', 'admin_state_up': True, 'mtu': 1458, 'status': 'ACTIVE', 'subnets': [], 'shared': False, 'project_id': '338a5bc1fd904c31820b02cee8319cfe', 'dns_domain': '', 'router:external': False, 'provider:network_type': 'gre', 'provider:physical_network': None, 'provider:segmentation_id': 73, 'availability_zone_hints': [], 'is_default': False, 'availability_zones': [], 'ipv4_address_scope': None, 'ipv6_address_scope': None, 'description': '', 'l2_adjacency': True, 'tags': [], 'created_at': '2018-09-28T11:31:06Z', 'updated_at': '2018-09-28T11:31:06Z', 'revision_number': 1} available for tenant[00m
2018-09-28 11:31:12.486 2505 INFO tempest.lib.common.rest_client [req-384c85b2-ac8d-4f3a-83b1-ca30154f9b57 ] Request (ServerActionsTestJSON:setUpClass): 201 POST http://10.13.3.207:9696/v2.0/networks 0.250s[00m
2018-09-28 11:31:13.069 2505 INFO tempest.lib.common.rest_client [req-ff23c8ed-b191-4ba4-b550-c390a4df4377 ] Request (ServerActionsTestJSON:setUpClass): 201 POST http://10.13.3.207:9696/v2.0/subnets 0.582s[00m
2018-09-28 11:31:13.126 2508 INFO tempest.lib.common.rest_client [req-35595919-1ff4-4d48-8fe1-db3b76557193 ] Request (ServersTestJSON:setUpClass): 202 POST http://10.13.3.202:8774/v2/338a5bc1fd904c31820b02cee8319cfe/servers 0.740s[00m
2018-09-28 11:31:13.329 2508 INFO tempest.lib.common.rest_client [req-158f1e2c-4815-45b4-ace0-a68177931f4f ] Request (ServersTestJSON:setUpClass): 200 GET http://10.13.3.202:8774/v2/338a5bc1fd904c31820b02cee8319cfe/servers/e1deafd2-1fcb-4ff3-aa43-ad5933d57987 0.198s[00m
2018-09-28 11:31:14.172 2505 INFO tempest.lib.common.rest_client [req-93f08edd-a1d9-494b-a252-748495e2c08a ] Request (ServerActionsTestJSON:setUpClass): 201 POST http://10.13.3.207:9696/v2.0/routers 1.101s[00m
2018-09-28 11:31:14.535 2508 INFO tempest.lib.common.rest_client [req-bd4b9635-2cae-4941-877b-e9d403592a78 ] Request (ServersTestJSON:setUpClass): 200 GET http://10.13.3.202:8774/v2/338a5bc1fd904c31820b02cee8319cfe/servers/e1deafd2-1fcb-4ff3-aa43-ad5933d57987 0.196s[00m
2018-09-28 11:31:14.543 2508 INFO tempest.common.waiters [-] State transition "BUILD/scheduling" ==> "BUILD/spawning" after 1 second wait[00m
2018-09-28 11:31:15.750 2508 INFO tempest.lib.common.rest_client [req-4e6da69c-1e2b-40c2-9938-5647639a9004 ] Request (ServersTestJSON:setUpClass): 200 GET http://10.13.3.202:8774/v2/338a5bc1fd904c31820b02cee8319cfe/servers/e1deafd2-1fcb-4ff3-aa43-ad5933d57987 0.204s[00m
2018-09-28 11:31:15.880 2505 INFO tempest.lib.common.rest_client [req-702ad092-17a4-4c44-95b1-889dac1ada50 ] Request (ServerActionsTestJSON:setUpClass): 200 PUT http://10.13.3.207:9696/v2.0/routers/42bb53d2-6671-4ec8-86cb-b2db49f4f073/add_router_interface 1.707s[00m
2018-09-28 11:31:15.880 2505 INFO tempest.lib.common.dynamic_creds [-] Created isolated network resources for:
 credentials: Credentials: {'domain_id': 'f262781cced8420da52950e7469e990d', 'domain_name': 'admin_domain', 'username': 'tempest-ServerActionsTestJSON-1696036686', 'project_domain_id': 'f262781cced8420da52950e7469e990d', 'project_domain_name': 'admin_domain', 'project_id': 'e50b9b0cf40b4033b1027dc329e3cb44', 'project_name': 'tempest-ServerActionsTestJSON-1696036686', 'tenant_id': 'e50b9b0cf40b4033b1027dc329e3cb44', 'tenant_name': 'tempest-ServerActionsTestJSON-1696036686', 'user_domain_id': 'f262781cced8420da52950e7469e990d', 'user_domain_name': 'admin_domain', 'user_id': '4261eed2a5de4f7db5320bdd2a791acc'}, Network: {'id': '68f19ad8-b3b4-42bc-9db1-cd52272d75ee', 'name': 'tempest-ServerActionsTestJSON-158404412-network', 'tenant_id': 'e50b9b0cf40b4033b1027dc329e3cb44', 'admin_state_up': True, 'mtu': 1458, 'status': 'ACTIVE', 'subnets': [], 'shared': False, 'project_id': 'e50b9b0cf40b4033b1027dc329e3cb44', 'dns_domain': '', 'router:external': False, 'provider:network_type': 'gre', 'provider:physical_network': None, 'provider:segmentation_id': 77, 'availability_zone_hints': [], 'is_default': False, 'availability_zones': [], 'ipv4_address_scope': None, 'ipv6_address_scope': None, 'description': '', 'l2_adjacency': True, 'tags': [], 'created_at': '2018-09-28T11:31:12Z', 'updated_at': '2018-09-28T11:31:12Z', 'revision_number': 1}, Subnet: {'id': '5900ac7c-e9ab-4f79-ae23-5935ef8f9194', 'name': 'tempest-ServerActionsTestJSON-158404412-subnet', 'tenant_id': 'e50b9b0cf40b4033b1027dc329e3cb44', 'network_id': '68f19ad8-b3b4-42bc-9db1-cd52272d75ee', 'ip_version': 4, 'subnetpool_id': None, 'enable_dhcp': True, 'ipv6_ra_mode': None, 'ipv6_address_mode': None, 'gateway_ip': '172.16.0.1', 'cidr': '172.16.0.0/28', 'allocation_pools': [{'start': '172.16.0.2', 'end': '172.16.0.14'}], 'host_routes': [], 'dns_nameservers': [], 'description': '', 'service_types': [], 'segment_id': None, 'tags': [], 'created_at': '2018-09-28T11:31:12Z', 'updated_at': '2018-09-28T11:31:12Z', 'revision_number': 0, 'project_id': 'e50b9b0cf40b4033b1027dc329e3cb44'}, Router: {'id': '42bb53d2-6671-4ec8-86cb-b2db49f4f073', 'name': 'tempest-ServerActionsTestJSON-158404412-router', 'tenant_id': 'e50b9b0cf40b4033b1027dc329e3cb44', 'admin_state_up': True, 'status': 'ACTIVE', 'external_gateway_info': {'network_id': '9fc8ea6c-3c55-4e15-ab2e-c6eba24f8aa2', 'enable_snat': True, 'external_fixed_ips': [{'subnet_id': '435ec779-af4e-40ca-abdf-b92729ac30f6', 'ip_address': '10.13.3.131'}]}, 'description': '', 'availability_zones': [], 'distributed': False, 'ha': False, 'availability_zone_hints': [], 'routes': [], 'flavor_id': None, 'tags': [], 'created_at': '2018-09-28T11:31:13Z', 'updated_at': '2018-09-28T11:31:13Z', 'revision_number': 2, 'project_id': 'e50b9b0cf40b4033b1027dc329e3cb44'}[00m
2018-09-28 11:31:16.176 2505 INFO tempest.lib.common.rest_client [req-1f920a33-47d6-43ac-b845-8f465d128a7f ] Request (ServerActionsTestJSON:setUpClass): 201 POST http://10.13.3.199:5000/v3/auth/tokens[00m
2018-09-28 11:31:16.470 2505 INFO tempest.lib.common.rest_client [req-eb1a032e-13d0-45e4-a25f-74a7b1c2e288 ] Request (ServerActionsTestJSON:setUpClass): 200 POST http://10.13.3.202:8774/v2/e50b9b0cf40b4033b1027dc329e3cb44/os-keypairs 0.292s[00m
2018-09-28 11:31:16.581 2505 INFO tempest.lib.common.rest_client [req-b2a40354-2a88-42fc-8434-2eddf7aca7ef ] Request (ServerActionsTestJSON:setUpClass): 201 POST http://10.13.3.207:9696/v2.0/security-groups 0.107s[00m
2018-09-28 11:31:16.656 2505 INFO tempest.lib.common.rest_client [req-39e26e63-5209-47a4-92b7-ad2a4fef942d ] Request (ServerActionsTestJSON:setUpClass): 201 POST http://10.13.3.207:9696/v2.0/security-group-rules 0.073s[00m
2018-09-28 11:31:16.726 2505 INFO tempest.lib.common.rest_client [req-470e7ad7-f70e-488d-9db8-5b00da90befc ] Request (ServerActionsTestJSON:setUpClass): 201 POST http://10.13.3.207:9696/v2.0/security-group-rules 0.069s[00m
2018-09-28 11:31:17.082 2508 INFO tempest.lib.common.rest_client [req-138bdd3e-3a30-4773-b237-16caa162b2ac ] Request (ServersTestJSON:setUpClass): 200 GET http://10.13.3.202:8774/v2/338a5bc1fd904c31820b02cee8319cfe/servers/e1deafd2-1fcb-4ff3-aa43-ad5933d57987 0.325s[00m
2018-09-28 11:31:17.836 2505 INFO tempest.lib.common.rest_client [req-4b8c2fb8-7597-496d-87f3-d47ffe3f6a3b ] Request (ServerActionsTestJSON:setUpClass): 201 POST http://10.13.3.207:9696/v2.0/floatingips 1.108s[00m
2018-09-28 11:31:18.090 2505 INFO tempest.lib.common.rest_client [req-c642cfb5-d266-49c8-871c-17f60170e1d8 ] Request (ServerActionsTestJSON:setUpClass): 201 POST http://10.13.3.199:5000/v3/auth/tokens[00m
2018-09-28 11:31:18.094 2505 INFO tempest.lib.common.fixed_network [-] (ServerActionsTestJSON:setUpClass) Found network {'id': '68f19ad8-b3b4-42bc-9db1-cd52272d75ee', 'name': 'tempest-ServerActionsTestJSON-158404412-network', 'tenant_id': 'e50b9b0cf40b4033b1027dc329e3cb44', 'admin_state_up': True, 'mtu': 1458, 'status': 'ACTIVE', 'subnets': [], 'shared': False, 'project_id': 'e50b9b0cf40b4033b1027dc329e3cb44', 'dns_domain': '', 'router:external': False, 'provider:network_type': 'gre', 'provider:physical_network': None, 'provider:segmentation_id': 77, 'availability_zone_hints': [], 'is_default': False, 'availability_zones': [], 'ipv4_address_scope': None, 'ipv6_address_scope': None, 'description': '', 'l2_adjacency': True, 'tags': [], 'created_at': '2018-09-28T11:31:12Z', 'updated_at': '2018-09-28T11:31:12Z', 'revision_number': 1} available for tenant[00m
2018-09-28 11:31:18.292 2508 INFO tempest.lib.common.rest_client [req-d2cb2b5c-3762-4c99-87f2-544db0c18237 ] Request (ServersTestJSON:setUpClass): 200 GET http://10.13.3.202:8774/v2/338a5bc1fd904c31820b02cee8319cfe/servers/e1deafd2-1fcb-4ff3-aa43-ad5933d57987 0.199s[00m
2018-09-28 11:31:18.299 2508 INFO tempest.common.waiters [-] State transition "BUILD/spawning" ==> "ACTIVE/None" after 5 second wait[00m
2018-09-28 11:31:18.437 2508 INFO tempest.lib.common.rest_client [req-cfda7edf-c361-4a7b-8fd3-c2ac4ecee9f5 ] Request (ServersTestJSON:setUpClass): 200 GET http://10.13.3.202:8774/v2/338a5bc1fd904c31820b02cee8319cfe/servers/e1deafd2-1fcb-4ff3-aa43-ad5933d57987/os-interface 0.136s[00m
2018-09-28 11:31:18.746 2505 INFO tempest.lib.common.rest_client [req-9717ceac-2f94-46bd-b838-673caa033f7d ] Request (ServerActionsTestJSON:setUpClass): 202 POST http://10.13.3.202:8774/v2/e50b9b0cf40b4033b1027dc329e3cb44/servers 0.645s[00m
2018-09-28 11:31:18.803 2505 INFO tempest.lib.common.rest_client [req-6d42ea1f-418a-432f-a571-d4d872de9a4a ] Request (ServerActionsTestJSON:setUpClass): 200 GET http://10.13.3.202:8774/v2/e50b9b0cf40b4033b1027dc329e3cb44/servers/c95917f0-8cd7-4ec9-a3ce-3f0afb8d9876 0.051s[00m
2018-09-28 11:31:19.420 2508 INFO tempest.lib.common.rest_client [req-ecda1de6-9306-4b53-905f-4b199642384f ] Request (ServersTestJSON:setUpClass): 200 PUT http://10.13.3.207:9696/v2.0/floatingips/6b4ee656-7e58-4fc3-8346-43779da20e0f 0.978s[00m
2018-09-28 11:31:19.656 2508 INFO tempest.lib.common.rest_client [req-1487ddb6-27b3-430c-961c-6c821dc2c7b4 ] Request (ServersTestJSON:setUpClass): 200 GET http://10.13.3.202:8774/v2/338a5bc1fd904c31820b02cee8319cfe/servers/e1deafd2-1fcb-4ff3-aa43-ad5933d57987 0.235s[00m
2018-09-28 11:31:19.708 2508 INFO tempest.lib.common.rest_client [req-9fc8af97-c852-4d3f-bc68-92e31be16475 ] Request (ServersTestJSON:test_list_servers): 200 GET http://10.13.3.202:8774/v2/338a5bc1fd904c31820b02cee8319cfe/servers 0.041s[00m
{1} tempest.api.compute.servers.test_create_server.ServersTestJSON.test_list_servers [0.047173s] ... ok
{1} tempest.api.compute.servers.test_create_server.ServersTestJSON.test_verify_server_details [0.001092s] ... ok
2018-09-28 11:31:19.799 2508 INFO tempest.lib.common.rest_client [req-3f08737e-ab70-4f41-be72-c2a97ea3fdd1 ] Request (ServersTestJSON:tearDownClass): 204 DELETE http://10.13.3.202:8774/v2/338a5bc1fd904c31820b02cee8319cfe/servers/e1deafd2-1fcb-4ff3-aa43-ad5933d57987 0.081s[00m
2018-09-28 11:31:19.937 2505 INFO tempest.lib.common.rest_client [req-06c1db9a-f509-4bdd-a7ff-b19f3c6db6b5 ] Request (ServerActionsTestJSON:setUpClass): 200 GET http://10.13.3.202:8774/v2/e50b9b0cf40b4033b1027dc329e3cb44/servers/c95917f0-8cd7-4ec9-a3ce-3f0afb8d9876 0.124s[00m
2018-09-28 11:31:19.943 2505 INFO tempest.common.waiters [-] State transition "BUILD/scheduling" ==> "BUILD/spawning" after 1 second wait[00m
2018-09-28 11:31:20.078 2508 INFO tempest.lib.common.rest_client [req-48be7da7-4a53-47e2-8999-c845207f973f ] Request (ServersTestJSON:tearDownClass): 200 GET http://10.13.3.202:8774/v2/338a5bc1fd904c31820b02cee8319cfe/servers/e1deafd2-1fcb-4ff3-aa43-ad5933d57987 0.278s[00m
2018-09-28 11:31:21.260 2505 INFO tempest.lib.common.rest_client [req-e8a4c683-7b57-4bfe-ada7-fb3863c3169f ] Request (ServerActionsTestJSON:setUpClass): 200 GET http://10.13.3.202:8774/v2/e50b9b0cf40b4033b1027dc329e3cb44/servers/c95917f0-8cd7-4ec9-a3ce-3f0afb8d9876 0.315s[00m
2018-09-28 11:31:21.373 2508 INFO tempest.lib.common.rest_client [req-3cecda70-781c-40c4-ba99-922d2943d148 ] Request (ServersTestJSON:tearDownClass): 200 GET http://10.13.3.202:8774/v2/338a5bc1fd904c31820b02cee8319cfe/servers/e1deafd2-1fcb-4ff3-aa43-ad5933d57987 0.284s[00m
2018-09-28 11:31:22.381 2505 INFO tempest.lib.common.rest_client [req-9e46e097-a3a6-493d-a1d3-32d60150197f ] Request (ServerActionsTestJSON:setUpClass): 200 GET http://10.13.3.202:8774/v2/e50b9b0cf40b4033b1027dc329e3cb44/servers/c95917f0-8cd7-4ec9-a3ce-3f0afb8d9876 0.114s[00m
2018-09-28 11:31:22.414 2508 INFO tempest.lib.common.rest_client [req-a718be83-ea6b-4369-a201-895c3240d8fb ] Request (ServersTestJSON:tearDownClass): 404 GET http://10.13.3.202:8774/v2/338a5bc1fd904c31820b02cee8319cfe/servers/e1deafd2-1fcb-4ff3-aa43-ad5933d57987 0.032s[00m
2018-09-28 11:31:22.427 2508 INFO tempest.lib.common.rest_client [req-6db5fa8b-a22e-4a4d-90de-b3670d0f294f ] Request (ServersTestJSON:tearDownClass): 202 DELETE http://10.13.3.202:8774/v2/338a5bc1fd904c31820b02cee8319cfe/os-keypairs/tempest-keypair-664322915 0.013s[00m
2018-09-28 11:31:22.518 2508 INFO tempest.lib.common.rest_client [req-99deb6c7-53c4-4e2e-b070-93e86e6a0412 ] Request (ServersTestJSON:tearDownClass): 204 DELETE http://10.13.3.207:9696/v2.0/security-groups/0f775e71-4d3c-4c08-84df-71f65b064d59 0.089s[00m
2018-09-28 11:31:22.529 2508 INFO tempest.lib.common.rest_client [req-5eb829be-8457-4068-a563-67c15547353f ] Request (ServersTestJSON:tearDownClass): 404 GET http://10.13.3.207:9696/v2.0/security-groups/0f775e71-4d3c-4c08-84df-71f65b064d59 0.011s[00m
2018-09-28 11:31:23.110 2508 INFO tempest.lib.common.rest_client [req-53bb17f2-c140-4d70-9854-61e5beb00ba3 ] Request (ServersTestJSON:tearDownClass): 204 DELETE http://10.13.3.207:9696/v2.0/floatingips/6b4ee656-7e58-4fc3-8346-43779da20e0f 0.580s[00m
2018-09-28 11:31:23.567 2505 INFO tempest.lib.common.rest_client [req-607f2407-42a1-4e85-b867-7f459b02f331 ] Request (ServerActionsTestJSON:setUpClass): 200 GET http://10.13.3.202:8774/v2/e50b9b0cf40b4033b1027dc329e3cb44/servers/c95917f0-8cd7-4ec9-a3ce-3f0afb8d9876 0.178s[00m
2018-09-28 11:31:24.714 2508 INFO tempest.lib.common.rest_client [req-3fda822d-2658-4105-b71c-f4952d2a12ad ] Request (ServersTestJSON:tearDownClass): 200 PUT http://10.13.3.207:9696/v2.0/routers/e7a1ff73-c3a0-4477-94a3-acfab710a694/remove_router_interface 1.603s[00m
2018-09-28 11:31:24.713 2505 INFO tempest.lib.common.rest_client [req-d4b28b60-f83c-4ba5-8798-432076d49081 ] Request (ServerActionsTestJSON:setUpClass): 200 GET http://10.13.3.202:8774/v2/e50b9b0cf40b4033b1027dc329e3cb44/servers/c95917f0-8cd7-4ec9-a3ce-3f0afb8d9876 0.137s[00m
2018-09-28 11:31:24.724 2505 INFO tempest.common.waiters [-] State transition "BUILD/spawning" ==> "ACTIVE/None" after 6 second wait[00m
2018-09-28 11:31:24.950 2505 INFO tempest.lib.common.rest_client [req-49651d32-3d47-4511-a9e3-8ac86f64bde7 ] Request (ServerActionsTestJSON:setUpClass): 200 GET http://10.13.3.202:8774/v2/e50b9b0cf40b4033b1027dc329e3cb44/servers/c95917f0-8cd7-4ec9-a3ce-3f0afb8d9876/os-interface 0.225s[00m
2018-09-28 11:31:26.417 2508 INFO tempest.lib.common.rest_client [req-a9b9b7dd-c39e-480e-8843-91de4607073a ] Request (ServersTestJSON:tearDownClass): 204 DELETE http://10.13.3.207:9696/v2.0/routers/e7a1ff73-c3a0-4477-94a3-acfab710a694 1.702s[00m
2018-09-28 11:31:26.593 2505 INFO tempest.lib.common.rest_client [req-1281b527-3b08-43cb-bcd2-40375d5a6be5 ] Request (ServerActionsTestJSON:setUpClass): 200 PUT http://10.13.3.207:9696/v2.0/floatingips/892d3d29-ffb8-4679-a5c0-a9243e474cec 1.639s[00m
2018-09-28 11:31:26.790 2505 INFO tempest.lib.common.rest_client [req-c3fbeaa5-590b-406c-b3f4-0490070eec9a ] Request (ServerActionsTestJSON:setUp): 200 GET http://10.13.3.202:8774/v2/e50b9b0cf40b4033b1027dc329e3cb44/servers/c95917f0-8cd7-4ec9-a3ce-3f0afb8d9876 0.195s[00m
2018-09-28 11:31:27.061 2505 INFO tempest.lib.common.rest_client [req-af3670b5-ce22-4401-9542-baa0b3384460 ] Request (ServerActionsTestJSON:test_reboot_server_hard): 200 GET http://10.13.3.202:8774/v2/e50b9b0cf40b4033b1027dc329e3cb44/servers/c95917f0-8cd7-4ec9-a3ce-3f0afb8d9876 0.264s[00m
2018-09-28 11:31:27.171 2505 INFO tempest.lib.common.ssh [-] Creating ssh connection to '10.13.3.132:22' as 'ubuntu' with public key authentication[00m
2018-09-28 11:31:27.178 2508 INFO tempest.lib.common.rest_client [req-d453989d-9ff4-45cf-bd71-d803c4b4aa15 ] Request (ServersTestJSON:tearDownClass): 204 DELETE http://10.13.3.207:9696/v2.0/subnets/19ba0291-5420-4113-ac9e-2c53993c07df 0.758s[00m
2018-09-28 11:31:28.199 2508 INFO tempest.lib.common.rest_client [req-4a79403b-57a7-4daa-90bc-05c0bee8c379 ] Request (ServersTestJSON:tearDownClass): 204 DELETE http://10.13.3.207:9696/v2.0/networks/562f1d14-e29f-494f-a649-548c3c15f7ee 1.021s[00m
2018-09-28 11:31:28.287 2508 INFO tempest.lib.common.rest_client [req-dfd93c04-ac07-4128-9711-ecf7531f810b ] Request (ServersTestJSON:tearDownClass): 204 DELETE http://10.13.3.199:35357/v3/users/2120b85a1a964eb9add54601e9316a0e 0.087s[00m
2018-09-28 11:31:28.325 2508 INFO tempest.lib.common.rest_client [req-f29fd99c-ec10-4b53-be31-a142e84ecd8b ] Request (ServersTestJSON:tearDownClass): 200 GET http://10.13.3.207:9696/v2.0/security-groups?tenant_id=338a5bc1fd904c31820b02cee8319cfe&name=default 0.037s[00m
2018-09-28 11:31:28.413 2508 INFO tempest.lib.common.rest_client [req-9977ac4a-cea9-4e51-becc-87a0e95e4480 ] Request (ServersTestJSON:tearDownClass): 204 DELETE http://10.13.3.207:9696/v2.0/security-groups/07d665e4-1bf7-43eb-9e7c-7c368b8934ec 0.087s[00m
2018-09-28 11:31:28.483 2508 INFO tempest.lib.common.rest_client [req-169dd448-82c3-48d2-b255-b5a4751891f9 ] Request (ServersTestJSON:tearDownClass): 204 DELETE http://10.13.3.199:35357/v3/projects/338a5bc1fd904c31820b02cee8319cfe 0.069s[00m
2018-09-28 11:31:28.755 2508 INFO tempest.lib.common.rest_client [req-bc8763c2-76ca-4947-a750-56a3ae7a1c2d ] Request (ServerAddressesTestJSON:setUpClass): 201 POST http://10.13.3.199:5000/v3/auth/tokens[00m
2018-09-28 11:31:29.026 2508 INFO tempest.lib.common.rest_client [req-fd9ae72a-1820-44be-b618-99624357f773 ] Request (ServerAddressesTestJSON:setUpClass): 201 POST http://10.13.3.199:5000/v3/auth/tokens[00m
2018-09-28 11:31:29.051 2508 INFO tempest.lib.common.rest_client [req-971cf1c3-ee3b-4f45-bdf0-1c114b4e08bf ] Request (ServerAddressesTestJSON:setUpClass): 200 GET http://10.13.3.199:35357/v3/domains?name=admin_domain 0.024s[00m
2018-09-28 11:31:29.077 2508 INFO tempest.lib.common.rest_client [req-e6826476-ec33-4b6e-b9b8-667a1e2e43f3 ] Request (ServerAddressesTestJSON:setUpClass): 201 POST http://10.13.3.199:35357/v3/projects 0.026s[00m
2018-09-28 11:31:29.336 2508 INFO tempest.lib.common.rest_client [req-8b9a3c6b-1916-4b25-a91e-80c2b98e5200 ] Request (ServerAddressesTestJSON:setUpClass): 201 POST http://10.13.3.199:35357/v3/users 0.257s[00m
2018-09-28 11:31:29.356 2508 INFO tempest.lib.common.rest_client [req-e8f158eb-d688-4ca3-b173-b19f5cd0330c ] Request (ServerAddressesTestJSON:setUpClass): 200 GET http://10.13.3.199:35357/v3/roles 0.019s[00m
2018-09-28 11:31:29.377 2508 INFO tempest.lib.common.rest_client [req-6477dc7a-294a-414e-9157-e613f7431927 ] Request (ServerAddressesTestJSON:setUpClass): 200 GET http://10.13.3.199:35357/v3/roles 0.021s[00m
2018-09-28 11:31:29.418 2508 INFO tempest.lib.common.rest_client [req-abd6005b-8b90-433f-8d52-1dc6771166ef ] Request (ServerAddressesTestJSON:setUpClass): 204 PUT http://10.13.3.199:35357/v3/projects/bbe2ec2261454fd6b41a71ca62dc0bdc/users/742b9598d6114ecc8439b137cb4d0be4/roles/e84d5db8d60d4adc82b90e52fb92ed6f 0.040s[00m
2018-09-28 11:31:29.419 2508 INFO tempest.lib.common.dynamic_creds [-] Acquired dynamic creds:
 credentials: Credentials: {'domain_id': 'f262781cced8420da52950e7469e990d', 'domain_name': 'admin_domain', 'username': 'tempest-ServerAddressesTestJSON-719848199', 'project_domain_id': 'f262781cced8420da52950e7469e990d', 'project_domain_name': 'admin_domain', 'project_id': 'bbe2ec2261454fd6b41a71ca62dc0bdc', 'project_name': 'tempest-ServerAddressesTestJSON-719848199', 'tenant_id': 'bbe2ec2261454fd6b41a71ca62dc0bdc', 'tenant_name': 'tempest-ServerAddressesTestJSON-719848199', 'user_domain_id': 'f262781cced8420da52950e7469e990d', 'user_domain_name': 'admin_domain', 'user_id': '742b9598d6114ecc8439b137cb4d0be4'}, Network: None, Subnet: None, Router: None[00m
2018-09-28 11:31:29.700 2508 INFO tempest.lib.common.rest_client [req-91c97220-273c-4cc4-b2e6-288ad6d3b0b1 ] Request (ServerAddressesTestJSON:setUpClass): 201 POST http://10.13.3.199:5000/v3/auth/tokens[00m
2018-09-28 11:31:29.945 2508 INFO tempest.lib.common.rest_client [req-67dbb308-fa6c-4476-bbd0-0c14bd53f64d ] Request (ServerAddressesTestJSON:setUpClass): 201 POST http://10.13.3.207:9696/v2.0/networks 0.243s[00m
2018-09-28 11:31:30.169 2505 WARNING tempest.lib.common.ssh [-] Failed to establish authenticated ssh connection to ubuntu@10.13.3.132 ([Errno None] Unable to connect to port 22 on 10.13.3.132). Number attempts: 1. Retry after 2 seconds.: paramiko.ssh_exception.NoValidConnectionsError: [Errno None] Unable to connect to port 22 on 10.13.3.132[00m
2018-09-28 11:31:30.372 2508 INFO tempest.lib.common.rest_client [req-ce7d0089-0333-4f76-9528-65d53747dfe4 ] Request (ServerAddressesTestJSON:setUpClass): 201 POST http://10.13.3.207:9696/v2.0/subnets 0.426s[00m
2018-09-28 11:31:30.373 2508 INFO tempest.lib.common.dynamic_creds [-] Created isolated network resources for:
 credentials: Credentials: {'domain_id': 'f262781cced8420da52950e7469e990d', 'domain_name': 'admin_domain', 'username': 'tempest-ServerAddressesTestJSON-719848199', 'project_domain_id': 'f262781cced8420da52950e7469e990d', 'project_domain_name': 'admin_domain', 'project_id': 'bbe2ec2261454fd6b41a71ca62dc0bdc', 'project_name': 'tempest-ServerAddressesTestJSON-719848199', 'tenant_id': 'bbe2ec2261454fd6b41a71ca62dc0bdc', 'tenant_name': 'tempest-ServerAddressesTestJSON-719848199', 'user_domain_id': 'f262781cced8420da52950e7469e990d', 'user_domain_name': 'admin_domain', 'user_id': '742b9598d6114ecc8439b137cb4d0be4'}, Network: {'id': 'de3e5a53-a4b0-42b7-9df6-7e5d6954fe18', 'name': 'tempest-ServerAddressesTestJSON-1725633942-network', 'tenant_id': 'bbe2ec2261454fd6b41a71ca62dc0bdc', 'admin_state_up': True, 'mtu': 1458, 'status': 'ACTIVE', 'subnets': [], 'shared': False, 'project_id': 'bbe2ec2261454fd6b41a71ca62dc0bdc', 'dns_domain': '', 'router:external': False, 'provider:network_type': 'gre', 'provider:physical_network': None, 'provider:segmentation_id': 25, 'availability_zone_hints': [], 'is_default': False, 'availability_zones': [], 'ipv4_address_scope': None, 'ipv6_address_scope': None, 'description': '', 'l2_adjacency': True, 'tags': [], 'created_at': '2018-09-28T11:31:29Z', 'updated_at': '2018-09-28T11:31:29Z', 'revision_number': 1}, Subnet: {'id': '8f0fef99-b328-4702-bf6c-3376503b9d03', 'name': 'tempest-ServerAddressesTestJSON-1725633942-subnet', 'tenant_id': 'bbe2ec2261454fd6b41a71ca62dc0bdc', 'network_id': 'de3e5a53-a4b0-42b7-9df6-7e5d6954fe18', 'ip_version': 4, 'subnetpool_id': None, 'enable_dhcp': False, 'ipv6_ra_mode': None, 'ipv6_address_mode': None, 'gateway_ip': '172.16.0.1', 'cidr': '172.16.0.0/28', 'allocation_pools': [{'start': '172.16.0.2', 'end': '172.16.0.14'}], 'host_routes': [], 'dns_nameservers': [], 'description': '', 'service_types': [], 'segment_id': None, 'tags': [], 'created_at': '2018-09-28T11:31:30Z', 'updated_at': '2018-09-28T11:31:30Z', 'revision_number': 0, 'project_id': 'bbe2ec2261454fd6b41a71ca62dc0bdc'}, Router: None[00m
2018-09-28 11:31:30.676 2508 INFO tempest.lib.common.rest_client [req-993afa30-18a3-4dfb-84ee-ecbf754bec4e ] Request (ServerAddressesTestJSON:setUpClass): 201 POST http://10.13.3.199:5000/v3/auth/tokens[00m
2018-09-28 11:31:30.918 2508 INFO tempest.lib.common.rest_client [req-40947147-d069-4206-aa99-3ac0d45ecb20 ] Request (ServerAddressesTestJSON:setUpClass): 201 POST http://10.13.3.199:5000/v3/auth/tokens[00m
2018-09-28 11:31:30.919 2508 INFO tempest.lib.common.fixed_network [-] (ServerAddressesTestJSON:setUpClass) Found network {'id': 'de3e5a53-a4b0-42b7-9df6-7e5d6954fe18', 'name': 'tempest-ServerAddressesTestJSON-1725633942-network', 'tenant_id': 'bbe2ec2261454fd6b41a71ca62dc0bdc', 'admin_state_up': True, 'mtu': 1458, 'status': 'ACTIVE', 'subnets': [], 'shared': False, 'project_id': 'bbe2ec2261454fd6b41a71ca62dc0bdc', 'dns_domain': '', 'router:external': False, 'provider:network_type': 'gre', 'provider:physical_network': None, 'provider:segmentation_id': 25, 'availability_zone_hints': [], 'is_default': False, 'availability_zones': [], 'ipv4_address_scope': None, 'ipv6_address_scope': None, 'description': '', 'l2_adjacency': True, 'tags': [], 'created_at': '2018-09-28T11:31:29Z', 'updated_at': '2018-09-28T11:31:29Z', 'revision_number': 1} available for tenant[00m
2018-09-28 11:31:31.425 2508 INFO tempest.lib.common.rest_client [req-0d2ae6b8-e5c5-4c78-8eb7-4333bb08d520 ] Request (ServerAddressesTestJSON:setUpClass): 202 POST http://10.13.3.202:8774/v2/bbe2ec2261454fd6b41a71ca62dc0bdc/servers 0.505s[00m
2018-09-28 11:31:31.484 2508 INFO tempest.lib.common.rest_client [req-49c80b29-bd88-407e-ba68-a4268d283be2 ] Request (ServerAddressesTestJSON:setUpClass): 200 GET http://10.13.3.202:8774/v2/bbe2ec2261454fd6b41a71ca62dc0bdc/servers/8a8012ff-7288-41a4-a794-a0ce520e1088 0.056s[00m
2018-09-28 11:31:32.647 2508 INFO tempest.lib.common.rest_client [req-c3aa974a-c9fa-42bc-97d9-61fd1a765adc ] Request (ServerAddressesTestJSON:setUpClass): 200 GET http://10.13.3.202:8774/v2/bbe2ec2261454fd6b41a71ca62dc0bdc/servers/8a8012ff-7288-41a4-a794-a0ce520e1088 0.155s[00m
2018-09-28 11:31:32.652 2508 INFO tempest.common.waiters [-] State transition "BUILD/scheduling" ==> "BUILD/spawning" after 1 second wait[00m
