2018-09-28 11:33:17.597 2508 INFO tempest.lib.common.rest_client [tx04d2f10c2f504f0f90251-005bae117d ] Request (ContainerQuotasTest:setUp): 204 POST http://10.13.3.254:8080/v1/AUTH_c18af0f315894aa6ad4150aa723480d8/tempest-TestContainer-1095404278 0.013s[00m
2018-09-28 11:33:17.618 2508 INFO tempest.lib.common.rest_client [txcb4ea3663451473796fde-005bae117d ] Request (ContainerQuotasTest:test_upload_too_many_objects): 201 PUT http://10.13.3.254:8080/v1/AUTH_c18af0f315894aa6ad4150aa723480d8/tempest-TestContainer-1095404278/tempest-TestObject-982592290 0.020s[00m
2018-09-28 11:33:17.633 2508 INFO tempest.lib.common.rest_client [tx64ebdb9848f847a8a42ad-005bae117d ] Request (ContainerQuotasTest:test_upload_too_many_objects): 201 PUT http://10.13.3.254:8080/v1/AUTH_c18af0f315894aa6ad4150aa723480d8/tempest-TestContainer-1095404278/tempest-TestObject-1212308548 0.014s[00m
2018-09-28 11:33:17.649 2508 INFO tempest.lib.common.rest_client [tx4bab2b73e6e84450bf867-005bae117d ] Request (ContainerQuotasTest:test_upload_too_many_objects): 201 PUT http://10.13.3.254:8080/v1/AUTH_c18af0f315894aa6ad4150aa723480d8/tempest-TestContainer-1095404278/tempest-TestObject-114381110 0.015s[00m
2018-09-28 11:33:17.661 2508 INFO tempest.lib.common.rest_client [tx856dc3c64fca425781344-005bae117d ] Request (ContainerQuotasTest:test_upload_too_many_objects): 204 HEAD http://10.13.3.254:8080/v1/AUTH_c18af0f315894aa6ad4150aa723480d8/tempest-TestContainer-1095404278 0.011s[00m
2018-09-28 11:33:17.666 2508 INFO tempest.lib.common.rest_client [tx399a20964c374bc99d1b1-005bae117d ] Request (ContainerQuotasTest:test_upload_too_many_objects): 413 PUT http://10.13.3.254:8080/v1/AUTH_c18af0f315894aa6ad4150aa723480d8/tempest-TestContainer-1095404278/OverQuotaObject 0.005s[00m
2018-09-28 11:33:17.679 2508 INFO tempest.lib.common.rest_client [txe6695a98e0fe4b3481969-005bae117d ] Request (ContainerQuotasTest:test_upload_too_many_objects): 204 HEAD http://10.13.3.254:8080/v1/AUTH_c18af0f315894aa6ad4150aa723480d8/tempest-TestContainer-1095404278 0.012s[00m
2018-09-28 11:33:17.707 2508 INFO tempest.lib.common.rest_client [tx000e55fe2be34ddf8e3a8-005bae117d ] Request (ContainerQuotasTest:tearDown): 404 GET http://10.13.3.254:8080/v1/AUTH_c18af0f315894aa6ad4150aa723480d8/tempest-TestContainer-1622532407?&limit=9999&format=json 0.027s[00m
2018-09-28 11:33:17.720 2508 INFO tempest.lib.common.rest_client [tx62a8132da4914137bb1cd-005bae117d ] Request (ContainerQuotasTest:tearDown): 200 GET http://10.13.3.254:8080/v1/AUTH_c18af0f315894aa6ad4150aa723480d8/tempest-TestContainer-1095404278?&limit=9999&format=json 0.012s[00m
2018-09-28 11:33:17.734 2508 INFO tempest.lib.common.rest_client [tx6a36052d8da14036bb1c0-005bae117d ] Request (ContainerQuotasTest:tearDown): 204 DELETE http://10.13.3.254:8080/v1/AUTH_c18af0f315894aa6ad4150aa723480d8/tempest-TestContainer-1095404278/tempest-TestObject-114381110 0.013s[00m
2018-09-28 11:33:17.746 2508 INFO tempest.lib.common.rest_client [txdac76ced3de846289f1e6-005bae117d ] Request (ContainerQuotasTest:tearDown): 204 DELETE http://10.13.3.254:8080/v1/AUTH_c18af0f315894aa6ad4150aa723480d8/tempest-TestContainer-1095404278/tempest-TestObject-1212308548 0.011s[00m
2018-09-28 11:33:17.758 2508 INFO tempest.lib.common.rest_client [tx7f5350f8db274406ab23e-005bae117d ] Request (ContainerQuotasTest:tearDown): 204 DELETE http://10.13.3.254:8080/v1/AUTH_c18af0f315894aa6ad4150aa723480d8/tempest-TestContainer-1095404278/tempest-TestObject-982592290 0.012s[00m
2018-09-28 11:33:17.919 2505 INFO tempest.lib.common.rest_client [tx5b36903766244a248240f-005bae117d ] Request (ContainerTest:tearDown): 204 DELETE http://10.13.3.254:8080/v1/AUTH_500a32821b3f403abdc1e3cc7a71fbdc/tempest-TestContainer-1485930906 0.018s[00m
{0} tempest.api.object_storage.test_container_services.ContainerTest.test_create_container [2.069741s] ... ok
2018-09-28 11:33:17.939 2505 INFO tempest.lib.common.rest_client [txc8e6bb10d8c84530a1a9e-005bae117d ] Request (ContainerTest:test_list_container_contents): 201 PUT http://10.13.3.254:8080/v1/AUTH_500a32821b3f403abdc1e3cc7a71fbdc/tempest-TestContainer-1538194417 0.018s[00m
2018-09-28 11:33:17.964 2505 INFO tempest.lib.common.rest_client [tx229f1ff5bca741a798d75-005bae117d ] Request (ContainerTest:test_list_container_contents): 201 PUT http://10.13.3.254:8080/v1/AUTH_500a32821b3f403abdc1e3cc7a71fbdc/tempest-TestContainer-1538194417/tempest-TestObject-18573949 0.021s[00m
2018-09-28 11:33:17.977 2505 INFO tempest.lib.common.rest_client [tx0329e2ab64294c0a97cd1-005bae117d ] Request (ContainerTest:test_list_container_contents): 200 GET http://10.13.3.254:8080/v1/AUTH_500a32821b3f403abdc1e3cc7a71fbdc/tempest-TestContainer-1538194417 0.013s[00m
2018-09-28 11:33:18.004 2505 INFO tempest.lib.common.rest_client [txa2017de65413472eb1aa9-005bae117d ] Request (ContainerTest:tearDown): 404 GET http://10.13.3.254:8080/v1/AUTH_500a32821b3f403abdc1e3cc7a71fbdc/tempest-TestContainer-1485930906?&limit=9999&format=json 0.026s[00m
2018-09-28 11:33:18.017 2505 INFO tempest.lib.common.rest_client [tx0b358d570b564dad92276-005bae117e ] Request (ContainerTest:tearDown): 200 GET http://10.13.3.254:8080/v1/AUTH_500a32821b3f403abdc1e3cc7a71fbdc/tempest-TestContainer-1538194417?&limit=9999&format=json 0.009s[00m
2018-09-28 11:33:18.030 2505 INFO tempest.lib.common.rest_client [tx30372a3677564b39af081-005bae117e ] Request (ContainerTest:tearDown): 204 DELETE http://10.13.3.254:8080/v1/AUTH_500a32821b3f403abdc1e3cc7a71fbdc/tempest-TestContainer-1538194417/tempest-TestObject-18573949 0.013s[00m
2018-09-28 11:33:19.780 2508 INFO tempest.lib.common.rest_client [txf74ac61648054dd2bec00-005bae117f ] Request (ContainerQuotasTest:tearDown): 204 DELETE http://10.13.3.254:8080/v1/AUTH_c18af0f315894aa6ad4150aa723480d8/tempest-TestContainer-1095404278 0.018s[00m
{1} tempest.api.object_storage.test_container_quotas.ContainerQuotasTest.test_upload_too_many_objects [2.216046s] ... ok
2018-09-28 11:33:19.802 2508 INFO tempest.lib.common.rest_client [tx6e0291cd9a0349bcbd9e6-005bae117f ] Request (ContainerQuotasTest:setUp): 201 PUT http://10.13.3.254:8080/v1/AUTH_c18af0f315894aa6ad4150aa723480d8/tempest-TestContainer-400227194 0.020s[00m
2018-09-28 11:33:19.819 2508 INFO tempest.lib.common.rest_client [tx8a958195d40b4b0c8fbae-005bae117f ] Request (ContainerQuotasTest:setUp): 204 POST http://10.13.3.254:8080/v1/AUTH_c18af0f315894aa6ad4150aa723480d8/tempest-TestContainer-400227194 0.014s[00m
2018-09-28 11:33:19.830 2508 INFO tempest.lib.common.rest_client [tx4fae6d777d624d90a344f-005bae117f ] Request (ContainerQuotasTest:test_upload_valid_object): 204 HEAD http://10.13.3.254:8080/v1/AUTH_c18af0f315894aa6ad4150aa723480d8/tempest-TestContainer-400227194 0.008s[00m
2018-09-28 11:33:19.850 2508 INFO tempest.lib.common.rest_client [txc7b18048d3bc4ca0b98c2-005bae117f ] Request (ContainerQuotasTest:test_upload_valid_object): 201 PUT http://10.13.3.254:8080/v1/AUTH_c18af0f315894aa6ad4150aa723480d8/tempest-TestContainer-400227194/tempest-TestObject-540671723 0.017s[00m
2018-09-28 11:33:19.865 2508 INFO tempest.lib.common.rest_client [txf469ff07ad2c4c7f909b7-005bae117f ] Request (ContainerQuotasTest:test_upload_valid_object): 204 HEAD http://10.13.3.254:8080/v1/AUTH_c18af0f315894aa6ad4150aa723480d8/tempest-TestContainer-400227194 0.011s[00m
2018-09-28 11:33:19.885 2508 INFO tempest.lib.common.rest_client [tx2348d73c453c4337979ec-005bae117f ] Request (ContainerQuotasTest:tearDown): 404 GET http://10.13.3.254:8080/v1/AUTH_c18af0f315894aa6ad4150aa723480d8/tempest-TestContainer-1622532407?&limit=9999&format=json 0.020s[00m
2018-09-28 11:33:19.914 2508 INFO tempest.lib.common.rest_client [tx014a889145ca4e9d8c5dd-005bae117f ] Request (ContainerQuotasTest:tearDown): 404 GET http://10.13.3.254:8080/v1/AUTH_c18af0f315894aa6ad4150aa723480d8/tempest-TestContainer-1095404278?&limit=9999&format=json 0.028s[00m
2018-09-28 11:33:19.929 2508 INFO tempest.lib.common.rest_client [tx958c5e673b4b469f85524-005bae117f ] Request (ContainerQuotasTest:tearDown): 200 GET http://10.13.3.254:8080/v1/AUTH_c18af0f315894aa6ad4150aa723480d8/tempest-TestContainer-400227194?&limit=9999&format=json 0.014s[00m
2018-09-28 11:33:19.941 2508 INFO tempest.lib.common.rest_client [tx0d974b215dc44846ad837-005bae117f ] Request (ContainerQuotasTest:tearDown): 204 DELETE http://10.13.3.254:8080/v1/AUTH_c18af0f315894aa6ad4150aa723480d8/tempest-TestContainer-400227194/tempest-TestObject-540671723 0.012s[00m
2018-09-28 11:33:20.051 2505 INFO tempest.lib.common.rest_client [tx9910e66153094287a6807-005bae1180 ] Request (ContainerTest:tearDown): 204 DELETE http://10.13.3.254:8080/v1/AUTH_500a32821b3f403abdc1e3cc7a71fbdc/tempest-TestContainer-1538194417 0.018s[00m
{0} tempest.api.object_storage.test_container_services.ContainerTest.test_list_container_contents [2.134404s] ... ok
2018-09-28 11:33:20.077 2505 INFO tempest.lib.common.rest_client [txec77bee12dd44f33ba93e-005bae1180 ] Request (ContainerTest:test_list_container_metadata): 201 PUT http://10.13.3.254:8080/v1/AUTH_500a32821b3f403abdc1e3cc7a71fbdc/tempest-TestContainer-1807215724 0.021s[00m
2018-09-28 11:33:20.091 2505 INFO tempest.lib.common.rest_client [txe77d3919b0614ab8bd2cd-005bae1180 ] Request (ContainerTest:test_list_container_metadata): 204 POST http://10.13.3.254:8080/v1/AUTH_500a32821b3f403abdc1e3cc7a71fbdc/tempest-TestContainer-1807215724 0.013s[00m
2018-09-28 11:33:20.100 2505 INFO tempest.lib.common.rest_client [tx53c9611d5c134e308676e-005bae1180 ] Request (ContainerTest:test_list_container_metadata): 204 HEAD http://10.13.3.254:8080/v1/AUTH_500a32821b3f403abdc1e3cc7a71fbdc/tempest-TestContainer-1807215724 0.009s[00m
2018-09-28 11:33:20.117 2505 INFO tempest.lib.common.rest_client [tx737a5a33b4764c81af6bb-005bae1180 ] Request (ContainerTest:tearDown): 404 GET http://10.13.3.254:8080/v1/AUTH_500a32821b3f403abdc1e3cc7a71fbdc/tempest-TestContainer-1485930906?&limit=9999&format=json 0.016s[00m
2018-09-28 11:33:20.143 2505 INFO tempest.lib.common.rest_client [tx1a5a5b4baa27400292c73-005bae1180 ] Request (ContainerTest:tearDown): 404 GET http://10.13.3.254:8080/v1/AUTH_500a32821b3f403abdc1e3cc7a71fbdc/tempest-TestContainer-1538194417?&limit=9999&format=json 0.025s[00m
2018-09-28 11:33:20.154 2505 INFO tempest.lib.common.rest_client [tx38cdc24365cf406f888a9-005bae1180 ] Request (ContainerTest:tearDown): 200 GET http://10.13.3.254:8080/v1/AUTH_500a32821b3f403abdc1e3cc7a71fbdc/tempest-TestContainer-1807215724?&limit=9999&format=json 0.011s[00m
2018-09-28 11:33:21.965 2508 INFO tempest.lib.common.rest_client [tx1540b7a3956b49e69c8c9-005bae1181 ] Request (ContainerQuotasTest:tearDown): 204 DELETE http://10.13.3.254:8080/v1/AUTH_c18af0f315894aa6ad4150aa723480d8/tempest-TestContainer-400227194 0.022s[00m
{1} tempest.api.object_storage.test_container_quotas.ContainerQuotasTest.test_upload_valid_object [2.186995s] ... ok
2018-09-28 11:33:22.050 2508 INFO tempest.lib.common.rest_client [req-57d5a457-3b0d-484b-9454-4796154448c8 ] Request (ContainerQuotasTest:tearDownClass): 204 DELETE http://10.13.3.199:35357/v3/users/7d48fbe3e01e4499add30915d5111c2f 0.079s[00m
2018-09-28 11:33:22.176 2505 INFO tempest.lib.common.rest_client [tx1405305908bb4f30a725d-005bae1182 ] Request (ContainerTest:tearDown): 204 DELETE http://10.13.3.254:8080/v1/AUTH_500a32821b3f403abdc1e3cc7a71fbdc/tempest-TestContainer-1807215724 0.018s[00m
{0} tempest.api.object_storage.test_container_services.ContainerTest.test_list_container_metadata [2.121379s] ... ok
2018-09-28 11:33:22.295 2505 INFO tempest.lib.common.rest_client [req-40852fbd-a2e6-4cde-9a88-7926c3052865 ] Request (ContainerTest:tearDownClass): 204 DELETE http://10.13.3.199:35357/v3/users/d4ab3c66056448c88aebc7855d124ddb 0.114s[00m
2018-09-28 11:33:22.342 2508 INFO tempest.lib.common.rest_client [req-22bc7be0-f35d-4e33-a45e-edaf20059191 ] Request (ContainerQuotasTest:tearDownClass): 201 POST http://10.13.3.199:5000/v3/auth/tokens[00m
2018-09-28 11:33:22.549 2505 INFO tempest.lib.common.rest_client [req-16dbab78-9e9d-4934-a315-c7cbefdfe34f ] Request (ContainerTest:tearDownClass): 201 POST http://10.13.3.199:5000/v3/auth/tokens[00m
2018-09-28 11:33:22.551 2508 INFO tempest.lib.common.rest_client [req-6dd59662-7887-464b-9b97-aa3eb6c50ad2 ] Request (ContainerQuotasTest:tearDownClass): 200 GET http://10.13.3.207:9696/v2.0/security-groups?tenant_id=c18af0f315894aa6ad4150aa723480d8&name=default 0.207s[00m
2018-09-28 11:33:22.635 2508 INFO tempest.lib.common.rest_client [req-eb32dc3d-fac1-4db6-8f19-9dd22d440c46 ] Request (ContainerQuotasTest:tearDownClass): 204 DELETE http://10.13.3.207:9696/v2.0/security-groups/94c3491e-10c2-41a9-8ed5-07841538ef09 0.083s[00m
2018-09-28 11:33:22.658 2505 INFO tempest.lib.common.rest_client [req-a156679c-28c5-47b6-95b4-ff82370af290 ] Request (ContainerTest:tearDownClass): 200 GET http://10.13.3.207:9696/v2.0/security-groups?tenant_id=500a32821b3f403abdc1e3cc7a71fbdc&name=default 0.108s[00m
2018-09-28 11:33:22.708 2508 INFO tempest.lib.common.rest_client [req-d1a75a79-6457-4875-bcaa-eb3c24cca726 ] Request (ContainerQuotasTest:tearDownClass): 204 DELETE http://10.13.3.199:35357/v3/projects/c18af0f315894aa6ad4150aa723480d8 0.072s[00m
2018-09-28 11:33:22.735 2505 INFO tempest.lib.common.rest_client [req-ea837956-9a97-493b-9af8-92dfb3c7b3a2 ] Request (ContainerTest:tearDownClass): 204 DELETE http://10.13.3.207:9696/v2.0/security-groups/c5e1d35b-45a4-4e6f-9794-d535f39d0d2e 0.074s[00m
2018-09-28 11:33:22.838 2505 INFO tempest.lib.common.rest_client [req-4d984fbd-f4be-414f-9c0b-7ade05d080df ] Request (ContainerTest:tearDownClass): 204 DELETE http://10.13.3.199:35357/v3/projects/500a32821b3f403abdc1e3cc7a71fbdc 0.102s[00m
{0} setUpClass (tempest.api.volume.test_versions.VersionsTest) ... SKIPPED: VersionsTest skipped as Cinder is not available
{0} setUpClass (tempest.api.volume.test_volumes_get.VolumesGetTest) ... SKIPPED: VolumesGetTest skipped as Cinder is not available
2018-09-28 11:33:23.007 2508 INFO tempest.lib.common.rest_client [req-86702791-feed-4f8d-b1db-b43b6ffb453d ] Request (ObjectTest:setUpClass): 201 POST http://10.13.3.199:5000/v3/auth/tokens[00m
2018-09-28 11:33:23.098 2505 INFO tempest.lib.common.rest_client [req-0fbfe32e-7e3f-4273-91d0-67dd43c5b8d2 ] Request (TestNetworkBasicOps:setUpClass): 201 POST http://10.13.3.199:5000/v3/auth/tokens[00m
2018-09-28 11:33:23.334 2508 INFO tempest.lib.common.rest_client [req-4f032d07-bea7-416d-95ae-beaf27feec66 ] Request (ObjectTest:setUpClass): 201 POST http://10.13.3.199:5000/v3/auth/tokens[00m
2018-09-28 11:33:23.356 2505 INFO tempest.lib.common.rest_client [req-97906e61-0da0-42f8-a74d-f4f9ffeaf56d ] Request (TestNetworkBasicOps:setUpClass): 201 POST http://10.13.3.199:5000/v3/auth/tokens[00m
2018-09-28 11:33:23.360 2508 INFO tempest.lib.common.rest_client [req-a9d6f811-8fb5-4ea2-a7db-ee07789d9f19 ] Request (ObjectTest:setUpClass): 200 GET http://10.13.3.199:35357/v3/domains?name=admin_domain 0.025s[00m
2018-09-28 11:33:23.377 2505 INFO tempest.lib.common.rest_client [req-801163f5-69e1-46d8-a0f4-8023bbc1e63f ] Request (TestNetworkBasicOps:setUpClass): 200 GET http://10.13.3.199:35357/v3/domains?name=admin_domain 0.018s[00m
2018-09-28 11:33:23.399 2508 INFO tempest.lib.common.rest_client [req-a72e4071-e180-408d-9a35-db633891f19f ] Request (ObjectTest:setUpClass): 201 POST http://10.13.3.199:35357/v3/projects 0.037s[00m
2018-09-28 11:33:23.438 2505 INFO tempest.lib.common.rest_client [req-37fc63de-6318-4edd-9201-d71d8d85cca3 ] Request (TestNetworkBasicOps:setUpClass): 201 POST http://10.13.3.199:35357/v3/projects 0.057s[00m
2018-09-28 11:33:23.684 2508 INFO tempest.lib.common.rest_client [req-61e480ce-118c-4d74-8eb3-f3e52e8938a3 ] Request (ObjectTest:setUpClass): 201 POST http://10.13.3.199:35357/v3/users 0.284s[00m
2018-09-28 11:33:23.913 2505 INFO tempest.lib.common.rest_client [req-bca0777d-ee04-4209-9dcc-e8e0dca85ef8 ] Request (TestNetworkBasicOps:setUpClass): 201 POST http://10.13.3.199:35357/v3/users 0.472s[00m
2018-09-28 11:33:23.926 2508 INFO tempest.lib.common.rest_client [req-37c8961b-c943-47df-9da1-3c059c0cbd69 ] Request (ObjectTest:setUpClass): 200 GET http://10.13.3.199:35357/v3/roles 0.239s[00m
2018-09-28 11:33:23.939 2505 INFO tempest.lib.common.rest_client [req-d45bba8d-ea8d-4f06-bd14-2727368a876f ] Request (TestNetworkBasicOps:setUpClass): 200 GET http://10.13.3.199:35357/v3/roles 0.024s[00m
2018-09-28 11:33:23.969 2508 INFO tempest.lib.common.rest_client [req-c4b3c0a5-2b76-4af3-ab7a-053b238d5cfe ] Request (ObjectTest:setUpClass): 204 PUT http://10.13.3.199:35357/v3/projects/478ceacc70154b86a74b91041fdde11b/users/33da108ebedc496fb2420487b80afba0/roles/e84d5db8d60d4adc82b90e52fb92ed6f 0.041s[00m
2018-09-28 11:33:23.972 2508 INFO tempest.lib.common.dynamic_creds [-] Acquired dynamic creds:
 credentials: Credentials: {'domain_id': 'f262781cced8420da52950e7469e990d', 'domain_name': 'admin_domain', 'username': 'tempest-ObjectTest-509723872', 'project_domain_id': 'f262781cced8420da52950e7469e990d', 'project_domain_name': 'admin_domain', 'project_id': '478ceacc70154b86a74b91041fdde11b', 'project_name': 'tempest-ObjectTest-509723872', 'tenant_id': '478ceacc70154b86a74b91041fdde11b', 'tenant_name': 'tempest-ObjectTest-509723872', 'user_domain_id': 'f262781cced8420da52950e7469e990d', 'user_domain_name': 'admin_domain', 'user_id': '33da108ebedc496fb2420487b80afba0'}, Network: None, Subnet: None, Router: None[00m
2018-09-28 11:33:23.973 2508 INFO tempest.lib.common.dynamic_creds [-] Created isolated network resources for:
 credentials: Credentials: {'domain_id': 'f262781cced8420da52950e7469e990d', 'domain_name': 'admin_domain', 'username': 'tempest-ObjectTest-509723872', 'project_domain_id': 'f262781cced8420da52950e7469e990d', 'project_domain_name': 'admin_domain', 'project_id': '478ceacc70154b86a74b91041fdde11b', 'project_name': 'tempest-ObjectTest-509723872', 'tenant_id': '478ceacc70154b86a74b91041fdde11b', 'tenant_name': 'tempest-ObjectTest-509723872', 'user_domain_id': 'f262781cced8420da52950e7469e990d', 'user_domain_name': 'admin_domain', 'user_id': '33da108ebedc496fb2420487b80afba0'}, Network: None, Subnet: None, Router: None[00m
2018-09-28 11:33:24.002 2505 INFO tempest.lib.common.rest_client [req-492b208c-9d67-47a3-8404-5fa05bd20ab5 ] Request (TestNetworkBasicOps:setUpClass): 200 GET http://10.13.3.199:35357/v3/roles 0.062s[00m
2018-09-28 11:33:24.047 2505 INFO tempest.lib.common.rest_client [req-c4cbea5f-c1ca-45fd-be3a-d1a81dd4e1c3 ] Request (TestNetworkBasicOps:setUpClass): 204 PUT http://10.13.3.199:35357/v3/projects/40e9e49b72ae49c78fd006152ab4acdd/users/559f06c9b42246fd80727c80fdd8aca8/roles/e84d5db8d60d4adc82b90e52fb92ed6f 0.044s[00m
2018-09-28 11:33:24.047 2505 INFO tempest.lib.common.dynamic_creds [-] Acquired dynamic creds:
 credentials: Credentials: {'domain_id': 'f262781cced8420da52950e7469e990d', 'domain_name': 'admin_domain', 'username': 'tempest-TestNetworkBasicOps-1273412978', 'project_domain_id': 'f262781cced8420da52950e7469e990d', 'project_domain_name': 'admin_domain', 'project_id': '40e9e49b72ae49c78fd006152ab4acdd', 'project_name': 'tempest-TestNetworkBasicOps-1273412978', 'tenant_id': '40e9e49b72ae49c78fd006152ab4acdd', 'tenant_name': 'tempest-TestNetworkBasicOps-1273412978', 'user_domain_id': 'f262781cced8420da52950e7469e990d', 'user_domain_name': 'admin_domain', 'user_id': '559f06c9b42246fd80727c80fdd8aca8'}, Network: None, Subnet: None, Router: None[00m
2018-09-28 11:33:24.047 2505 INFO tempest.lib.common.dynamic_creds [-] Created isolated network resources for:
 credentials: Credentials: {'domain_id': 'f262781cced8420da52950e7469e990d', 'domain_name': 'admin_domain', 'username': 'tempest-TestNetworkBasicOps-1273412978', 'project_domain_id': 'f262781cced8420da52950e7469e990d', 'project_domain_name': 'admin_domain', 'project_id': '40e9e49b72ae49c78fd006152ab4acdd', 'project_name': 'tempest-TestNetworkBasicOps-1273412978', 'tenant_id': '40e9e49b72ae49c78fd006152ab4acdd', 'tenant_name': 'tempest-TestNetworkBasicOps-1273412978', 'user_domain_id': 'f262781cced8420da52950e7469e990d', 'user_domain_name': 'admin_domain', 'user_id': '559f06c9b42246fd80727c80fdd8aca8'}, Network: None, Subnet: None, Router: None[00m
2018-09-28 11:33:24.302 2508 INFO tempest.lib.common.rest_client [req-ede673fa-1708-4862-b9a3-1fd62d0ab0b4 ] Request (ObjectTest:setUpClass): 201 POST http://10.13.3.199:5000/v3/auth/tokens[00m
2018-09-28 11:33:24.364 2505 INFO tempest.lib.common.rest_client [req-bc6eabcf-0974-4f2e-9bfd-e340e943d4ad ] Request (TestNetworkBasicOps:setUpClass): 201 POST http://10.13.3.199:5000/v3/auth/tokens[00m
2018-09-28 11:33:24.430 2505 INFO tempest.lib.common.rest_client [req-9d157442-2fec-4367-9a70-ffa9466ebd78 ] Request (TestNetworkBasicOps:setUpClass): 201 POST http://10.13.3.199:35357/v3/projects 0.064s[00m
2018-09-28 11:33:24.593 2508 INFO tempest.lib.common.rest_client [req-ce520964-2eb1-416f-8abc-dde63802b0a4 ] Request (ObjectTest:setUpClass): 201 POST http://10.13.3.199:5000/v3/auth/tokens[00m
2018-09-28 11:33:24.698 2505 INFO tempest.lib.common.rest_client [req-184a2472-b39b-4d81-9a52-0167b379f6d1 ] Request (TestNetworkBasicOps:setUpClass): 201 POST http://10.13.3.199:35357/v3/users 0.268s[00m
2018-09-28 11:33:24.974 2505 INFO tempest.lib.common.rest_client [req-78fa9a19-915c-45c3-a2b4-c35cafe07afe ] Request (TestNetworkBasicOps:setUpClass): 200 GET http://10.13.3.199:35357/v3/roles 0.275s[00m
2018-09-28 11:33:24.995 2508 INFO tempest.lib.common.rest_client [tx308b357ac91244e080fc2-005bae1184 ] Request (ObjectTest:setUpClass): 200 GET http://10.13.3.254:8080/info 0.399s[00m
2018-09-28 11:33:25.028 2505 INFO tempest.lib.common.rest_client [req-2341e64b-cb13-4a08-9a75-7452cd164edc ] Request (TestNetworkBasicOps:setUpClass): 204 PUT http://10.13.3.199:35357/v3/projects/99c043db9adb452c81b14f1a8c78ad10/users/2982d5cc47604d6fbc1551207c3f55fd/roles/6950c4af7312413280ea7d622f590144 0.053s[00m
2018-09-28 11:33:25.037 2508 INFO tempest.lib.common.rest_client [txcc7cdaaed1834518a58d3-005bae1185 ] Request (ObjectTest:setUpClass): 201 PUT http://10.13.3.254:8080/v1/AUTH_478ceacc70154b86a74b91041fdde11b/tempest-TestContainer-554104199 0.039s[00m
2018-09-28 11:33:25.064 2505 INFO tempest.lib.common.rest_client [req-45aefb00-5fe7-4fd8-bf0e-46f3dbc73bbe ] Request (TestNetworkBasicOps:setUpClass): 200 GET http://10.13.3.199:35357/v3/roles 0.035s[00m
2018-09-28 11:33:25.064 2508 INFO tempest.lib.common.rest_client [tx00705c5066814355a3a06-005bae1185 ] Request (ObjectTest:test_create_object): 201 PUT http://10.13.3.254:8080/v1/AUTH_478ceacc70154b86a74b91041fdde11b/tempest-TestContainer-554104199/tempest-TestObject-1739761429 0.019s[00m
2018-09-28 11:33:25.091 2508 INFO tempest.lib.common.rest_client [tx6169abdeb0d24d1fb76bb-005bae1185 ] Request (ObjectTest:test_create_object): 201 PUT http://10.13.3.254:8080/v1/AUTH_478ceacc70154b86a74b91041fdde11b/tempest-TestContainer-554104199/tempest-TestObject-719803168 0.016s[00m
2018-09-28 11:33:25.085 2505 INFO tempest.lib.common.rest_client [req-ebae4fe7-deeb-491b-9a9b-552c2fbde1a8 ] Request (TestNetworkBasicOps:setUpClass): 204 PUT http://10.13.3.199:35357/v3/domains/f262781cced8420da52950e7469e990d/users/2982d5cc47604d6fbc1551207c3f55fd/roles/6950c4af7312413280ea7d622f590144 0.020s[00m
2018-09-28 11:33:25.085 2505 INFO tempest.lib.common.dynamic_creds [-] Acquired dynamic creds:
 credentials: Credentials: {'domain_id': 'f262781cced8420da52950e7469e990d', 'domain_name': 'admin_domain', 'username': 'tempest-TestNetworkBasicOps-106771781', 'project_domain_id': 'f262781cced8420da52950e7469e990d', 'project_domain_name': 'admin_domain', 'project_id': '99c043db9adb452c81b14f1a8c78ad10', 'project_name': 'tempest-TestNetworkBasicOps-106771781', 'tenant_id': '99c043db9adb452c81b14f1a8c78ad10', 'tenant_name': 'tempest-TestNetworkBasicOps-106771781', 'user_domain_id': 'f262781cced8420da52950e7469e990d', 'user_domain_name': 'admin_domain', 'user_id': '2982d5cc47604d6fbc1551207c3f55fd'}, Network: None, Subnet: None, Router: None[00m
2018-09-28 11:33:25.085 2505 INFO tempest.lib.common.dynamic_creds [-] Created isolated network resources for:
 credentials: Credentials: {'domain_id': 'f262781cced8420da52950e7469e990d', 'domain_name': 'admin_domain', 'username': 'tempest-TestNetworkBasicOps-106771781', 'project_domain_id': 'f262781cced8420da52950e7469e990d', 'project_domain_name': 'admin_domain', 'project_id': '99c043db9adb452c81b14f1a8c78ad10', 'project_name': 'tempest-TestNetworkBasicOps-106771781', 'tenant_id': '99c043db9adb452c81b14f1a8c78ad10', 'tenant_name': 'tempest-TestNetworkBasicOps-106771781', 'user_domain_id': 'f262781cced8420da52950e7469e990d', 'user_domain_name': 'admin_domain', 'user_id': '2982d5cc47604d6fbc1551207c3f55fd'}, Network: None, Subnet: None, Router: None[00m
2018-09-28 11:33:25.109 2508 INFO tempest.lib.common.rest_client [tx7baad0c92dfc4ec9918b4-005bae1185 ] Request (ObjectTest:test_create_object): 200 GET http://10.13.3.254:8080/v1/AUTH_478ceacc70154b86a74b91041fdde11b/tempest-TestContainer-554104199/tempest-TestObject-719803168 0.010s[00m
{1} tempest.api.object_storage.test_object_services.ObjectTest.test_create_object [0.072914s] ... ok
2018-09-28 11:33:25.130 2508 INFO tempest.lib.common.rest_client [txf9c2568ea24d429da4043-005bae1185 ] Request (ObjectTest:test_get_object): 201 PUT http://10.13.3.254:8080/v1/AUTH_478ceacc70154b86a74b91041fdde11b/tempest-TestContainer-554104199/tempest-TestObject-1167182010 0.015s[00m
2018-09-28 11:33:25.138 2508 INFO tempest.lib.common.rest_client [txf5ff8455a78f4e3f841aa-005bae1185 ] Request (ObjectTest:test_get_object): 200 GET http://10.13.3.254:8080/v1/AUTH_478ceacc70154b86a74b91041fdde11b/tempest-TestContainer-554104199/tempest-TestObject-1167182010 0.007s[00m
{1} tempest.api.object_storage.test_object_services.ObjectTest.test_get_object [0.027291s] ... ok
2018-09-28 11:33:25.157 2508 INFO tempest.lib.common.rest_client [txe33d3af3d1b14044b17ca-005bae1185 ] Request (ObjectTest:test_list_object_metadata): 201 PUT http://10.13.3.254:8080/v1/AUTH_478ceacc70154b86a74b91041fdde11b/tempest-TestContainer-554104199/tempest-TestObject-222202482 0.015s[00m
2018-09-28 11:33:25.165 2508 INFO tempest.lib.common.rest_client [tx806363f13f6f494fb6126-005bae1185 ] Request (ObjectTest:test_list_object_metadata): 200 HEAD http://10.13.3.254:8080/v1/AUTH_478ceacc70154b86a74b91041fdde11b/tempest-TestContainer-554104199/tempest-TestObject-222202482 0.007s[00m
{1} tempest.api.object_storage.test_object_services.ObjectTest.test_list_object_metadata [0.026280s] ... ok
2018-09-28 11:33:25.184 2508 INFO tempest.lib.common.rest_client [tx75288d2540d0467480a8a-005bae1185 ] Request (ObjectTest:test_update_object_metadata): 201 PUT http://10.13.3.254:8080/v1/AUTH_478ceacc70154b86a74b91041fdde11b/tempest-TestContainer-554104199/tempest-TestObject-1622545051 0.015s[00m
2018-09-28 11:33:25.199 2508 INFO tempest.lib.common.rest_client [tx48ba292e16354f5695e4d-005bae1185 ] Request (ObjectTest:test_update_object_metadata): 202 POST http://10.13.3.254:8080/v1/AUTH_478ceacc70154b86a74b91041fdde11b/tempest-TestContainer-554104199/tempest-TestObject-1622545051 0.014s[00m
2018-09-28 11:33:25.207 2508 INFO tempest.lib.common.rest_client [tx50d61c9f66f1474f8c173-005bae1185 ] Request (ObjectTest:test_update_object_metadata): 200 HEAD http://10.13.3.254:8080/v1/AUTH_478ceacc70154b86a74b91041fdde11b/tempest-TestContainer-554104199/tempest-TestObject-1622545051 0.007s[00m
{1} tempest.api.object_storage.test_object_services.ObjectTest.test_update_object_metadata [0.041678s] ... ok
2018-09-28 11:33:25.223 2508 INFO tempest.lib.common.rest_client [txf375bfa588f64ae6813d5-005bae1185 ] Request (ObjectTest:tearDownClass): 200 GET http://10.13.3.254:8080/v1/AUTH_478ceacc70154b86a74b91041fdde11b/tempest-TestContainer-554104199?&limit=9999&format=json 0.013s[00m
2018-09-28 11:33:25.237 2508 INFO tempest.lib.common.rest_client [tx24671c81750e420b92192-005bae1185 ] Request (ObjectTest:tearDownClass): 204 DELETE http://10.13.3.254:8080/v1/AUTH_478ceacc70154b86a74b91041fdde11b/tempest-TestContainer-554104199/tempest-TestObject-1167182010 0.013s[00m
2018-09-28 11:33:25.249 2508 INFO tempest.lib.common.rest_client [tx4ce71ef8d8a940e6922ad-005bae1185 ] Request (ObjectTest:tearDownClass): 204 DELETE http://10.13.3.254:8080/v1/AUTH_478ceacc70154b86a74b91041fdde11b/tempest-TestContainer-554104199/tempest-TestObject-1622545051 0.011s[00m
2018-09-28 11:33:25.261 2508 INFO tempest.lib.common.rest_client [tx4fac055c3bae4c9791167-005bae1185 ] Request (ObjectTest:tearDownClass): 204 DELETE http://10.13.3.254:8080/v1/AUTH_478ceacc70154b86a74b91041fdde11b/tempest-TestContainer-554104199/tempest-TestObject-1739761429 0.011s[00m
2018-09-28 11:33:25.273 2508 INFO tempest.lib.common.rest_client [txc8d4929e63c34a4581c11-005bae1185 ] Request (ObjectTest:tearDownClass): 204 DELETE http://10.13.3.254:8080/v1/AUTH_478ceacc70154b86a74b91041fdde11b/tempest-TestContainer-554104199/tempest-TestObject-222202482 0.011s[00m
2018-09-28 11:33:25.286 2508 INFO tempest.lib.common.rest_client [tx712ec25e05914bd5bf804-005bae1185 ] Request (ObjectTest:tearDownClass): 204 DELETE http://10.13.3.254:8080/v1/AUTH_478ceacc70154b86a74b91041fdde11b/tempest-TestContainer-554104199/tempest-TestObject-719803168 0.012s[00m
2018-09-28 11:33:25.374 2505 INFO tempest.lib.common.rest_client [req-dfa859fd-d669-4231-97dc-386dfafca091 ] Request (TestNetworkBasicOps:setUpClass): 201 POST http://10.13.3.199:5000/v3/auth/tokens[00m
2018-09-28 11:33:25.651 2505 INFO tempest.lib.common.rest_client [req-6ec75907-a25a-4631-b5b7-4b811c1a0729 ] Request (TestNetworkBasicOps:test_network_basic_ops): 201 POST http://10.13.3.207:9696/v2.0/networks 0.272s[00m
2018-09-28 11:33:26.591 2505 INFO tempest.lib.common.rest_client [req-477d4d0f-4d07-4f69-a8ad-2c09fd573254 ] Request (TestNetworkBasicOps:test_network_basic_ops): 201 POST http://10.13.3.207:9696/v2.0/routers 0.939s[00m
2018-09-28 11:33:26.645 2505 INFO tempest.lib.common.rest_client [req-5f5f59a4-8a1f-4cf4-b3dd-07c7849c01a5 ] Request (TestNetworkBasicOps:test_network_basic_ops): 200 GET http://10.13.3.207:9696/v2.0/subnets?tenant_id=40e9e49b72ae49c78fd006152ab4acdd&cidr=172.16.0.0%2F28 0.052s[00m
2018-09-28 11:33:27.110 2505 INFO tempest.lib.common.rest_client [req-5c45ee92-38d7-42cc-8621-c439da43ffeb ] Request (TestNetworkBasicOps:test_network_basic_ops): 201 POST http://10.13.3.207:9696/v2.0/subnets 0.464s[00m
2018-09-28 11:33:27.305 2508 INFO tempest.lib.common.rest_client [tx6ff8113443eb4966bcb8f-005bae1187 ] Request (ObjectTest:tearDownClass): 204 DELETE http://10.13.3.254:8080/v1/AUTH_478ceacc70154b86a74b91041fdde11b/tempest-TestContainer-554104199 0.016s[00m
2018-09-28 11:33:27.379 2508 INFO tempest.lib.common.rest_client [req-ab6bd416-fde9-4e69-b644-f99c86eeb5d0 ] Request (ObjectTest:tearDownClass): 204 DELETE http://10.13.3.199:35357/v3/users/33da108ebedc496fb2420487b80afba0 0.074s[00m
2018-09-28 11:33:27.650 2508 INFO tempest.lib.common.rest_client [req-9cb12570-c922-4fc2-98c8-a5e2984567aa ] Request (ObjectTest:tearDownClass): 201 POST http://10.13.3.199:5000/v3/auth/tokens[00m
2018-09-28 11:33:27.793 2508 INFO tempest.lib.common.rest_client [req-f1fbef8f-56b4-49ac-933c-65e3bd2edd23 ] Request (ObjectTest:tearDownClass): 200 GET http://10.13.3.207:9696/v2.0/security-groups?tenant_id=478ceacc70154b86a74b91041fdde11b&name=default 0.141s[00m
2018-09-28 11:33:27.897 2508 INFO tempest.lib.common.rest_client [req-372fea31-818d-4d3f-b879-51761a246c1a ] Request (ObjectTest:tearDownClass): 204 DELETE http://10.13.3.207:9696/v2.0/security-groups/188eaa2a-a25f-4e72-a32d-857c56624b90 0.103s[00m
2018-09-28 11:33:28.030 2508 INFO tempest.lib.common.rest_client [req-a2b4cafb-5219-4392-b37e-0419409ffe3e ] Request (ObjectTest:tearDownClass): 204 DELETE http://10.13.3.199:35357/v3/projects/478ceacc70154b86a74b91041fdde11b 0.132s[00m
{1} setUpClass (tempest.api.volume.test_volumes_actions.VolumesActionsTest) ... SKIPPED: VolumesActionsTest skipped as Cinder is not available
{1} setUpClass (tempest.api.volume.test_volumes_list.VolumesListTestJSON) ... SKIPPED: VolumesListTestJSON skipped as Cinder is not available
2018-09-28 11:33:28.304 2508 INFO tempest.lib.common.rest_client [req-95239211-c833-47ef-85a3-b91bc053be90 ] Request (TestServerBasicOps:setUpClass): 201 POST http://10.13.3.199:5000/v3/auth/tokens[00m
2018-09-28 11:33:28.562 2508 INFO tempest.lib.common.rest_client [req-8465d3bb-0988-434b-90de-9b9f68c5dabe ] Request (TestServerBasicOps:setUpClass): 201 POST http://10.13.3.199:5000/v3/auth/tokens[00m
2018-09-28 11:33:28.581 2508 INFO tempest.lib.common.rest_client [req-77d717c2-9183-4f94-894a-547707b06e92 ] Request (TestServerBasicOps:setUpClass): 200 GET http://10.13.3.199:35357/v3/domains?name=admin_domain 0.019s[00m
2018-09-28 11:33:28.621 2508 INFO tempest.lib.common.rest_client [req-20087e1e-4f9a-4a68-9d65-31e43ac875bb ] Request (TestServerBasicOps:setUpClass): 201 POST http://10.13.3.199:35357/v3/projects 0.038s[00m
2018-09-28 11:33:28.941 2508 INFO tempest.lib.common.rest_client [req-b7a85d54-d387-43b9-9ac2-26fb5045c948 ] Request (TestServerBasicOps:setUpClass): 201 POST http://10.13.3.199:35357/v3/users 0.319s[00m
2018-09-28 11:33:28.960 2508 INFO tempest.lib.common.rest_client [req-c6160272-c459-47c2-b30f-fce75ea67c28 ] Request (TestServerBasicOps:setUpClass): 200 GET http://10.13.3.199:35357/v3/roles 0.017s[00m
2018-09-28 11:33:28.977 2508 INFO tempest.lib.common.rest_client [req-0388868c-3b66-44e2-89b8-485409050a68 ] Request (TestServerBasicOps:setUpClass): 200 GET http://10.13.3.199:35357/v3/roles 0.016s[00m
2018-09-28 11:33:28.980 2505 INFO tempest.lib.common.rest_client [req-7bfdd25c-91c6-46c3-a053-fb381d004940 ] Request (TestNetworkBasicOps:test_network_basic_ops): 200 PUT http://10.13.3.207:9696/v2.0/routers/4e9d0304-ec42-48f9-bd1f-2361400fc153/add_router_interface 1.869s[00m
2018-09-28 11:33:29.012 2508 INFO tempest.lib.common.rest_client [req-27d7e4c1-0a6c-46ac-ae8e-524085e1f3e7 ] Request (TestServerBasicOps:setUpClass): 204 PUT http://10.13.3.199:35357/v3/projects/95f3e21ece354404b0eafd90b0550b24/users/40d5fd8398fc430ba9728ddfa120e45c/roles/e84d5db8d60d4adc82b90e52fb92ed6f 0.035s[00m
2018-09-28 11:33:29.013 2508 INFO tempest.lib.common.dynamic_creds [-] Acquired dynamic creds:
 credentials: Credentials: {'domain_id': 'f262781cced8420da52950e7469e990d', 'domain_name': 'admin_domain', 'username': 'tempest-TestServerBasicOps-1915206166', 'project_domain_id': 'f262781cced8420da52950e7469e990d', 'project_domain_name': 'admin_domain', 'project_id': '95f3e21ece354404b0eafd90b0550b24', 'project_name': 'tempest-TestServerBasicOps-1915206166', 'tenant_id': '95f3e21ece354404b0eafd90b0550b24', 'tenant_name': 'tempest-TestServerBasicOps-1915206166', 'user_domain_id': 'f262781cced8420da52950e7469e990d', 'user_domain_name': 'admin_domain', 'user_id': '40d5fd8398fc430ba9728ddfa120e45c'}, Network: None, Subnet: None, Router: None[00m
2018-09-28 11:33:29.068 2505 INFO tempest.lib.common.rest_client [req-b3784c0b-b479-4f1e-9854-bcf1faf5456b ] Request (TestNetworkBasicOps:test_network_basic_ops): 200 GET http://10.13.3.207:9696/v2.0/networks 0.086s[00m
2018-09-28 11:33:29.115 2505 INFO tempest.lib.common.rest_client [req-a9c2d9dd-bd51-4860-a87e-90758659ec88 ] Request (TestNetworkBasicOps:test_network_basic_ops): 200 GET http://10.13.3.207:9696/v2.0/subnets 0.046s[00m
2018-09-28 11:33:29.226 2505 INFO tempest.lib.common.rest_client [req-510607f8-dfa5-4030-91b2-c673fe9027c6 ] Request (TestNetworkBasicOps:test_network_basic_ops): 200 GET http://10.13.3.207:9696/v2.0/routers 0.110s[00m
2018-09-28 11:33:29.289 2508 INFO tempest.lib.common.rest_client [req-f1f267a8-0962-40fb-a542-579aebd53f77 ] Request (TestServerBasicOps:setUpClass): 201 POST http://10.13.3.199:5000/v3/auth/tokens[00m
2018-09-28 11:33:29.440 2505 INFO tempest.lib.common.rest_client [req-986d0b15-a49e-4fbc-b47f-0ea78634eebd ] Request (TestNetworkBasicOps:test_network_basic_ops): 200 POST http://10.13.3.202:8774/v2/40e9e49b72ae49c78fd006152ab4acdd/os-keypairs 0.212s[00m
2018-09-28 11:33:29.542 2505 INFO tempest.lib.common.rest_client [req-fe2a2a22-aa0d-4780-a3be-0ea08540eaf9 ] Request (TestNetworkBasicOps:test_network_basic_ops): 201 POST http://10.13.3.207:9696/v2.0/security-groups 0.098s[00m
2018-09-28 11:33:29.558 2508 INFO tempest.lib.common.rest_client [req-81a6761f-22e9-4139-a98f-646839d0b61c ] Request (TestServerBasicOps:setUpClass): 201 POST http://10.13.3.207:9696/v2.0/networks 0.267s[00m
2018-09-28 11:33:29.623 2505 INFO tempest.lib.common.rest_client [req-31141575-a7c2-4dc4-a4ab-c44d3cdd2a11 ] Request (TestNetworkBasicOps:test_network_basic_ops): 201 POST http://10.13.3.207:9696/v2.0/security-group-rules 0.080s[00m
2018-09-28 11:33:29.709 2505 INFO tempest.lib.common.rest_client [req-954b33b7-19bb-49ad-ae42-0280830bcdf8 ] Request (TestNetworkBasicOps:test_network_basic_ops): 201 POST http://10.13.3.207:9696/v2.0/security-group-rules 0.085s[00m
2018-09-28 11:33:29.793 2505 INFO tempest.lib.common.rest_client [req-f1b8fe6d-9761-4ae0-97d6-2082ae26409e ] Request (TestNetworkBasicOps:test_network_basic_ops): 201 POST http://10.13.3.207:9696/v2.0/security-group-rules 0.082s[00m
2018-09-28 11:33:29.877 2508 INFO tempest.lib.common.rest_client [req-f689d50f-f2d3-494e-b2ff-42d813de8f10 ] Request (TestServerBasicOps:setUpClass): 201 POST http://10.13.3.207:9696/v2.0/subnets 0.318s[00m
2018-09-28 11:33:29.877 2505 INFO tempest.lib.common.rest_client [req-ede4ce65-ecea-4a41-b009-f05b818abc04 ] Request (TestNetworkBasicOps:test_network_basic_ops): 201 POST http://10.13.3.207:9696/v2.0/security-group-rules 0.083s[00m
2018-09-28 11:33:29.966 2505 INFO tempest.lib.common.rest_client [req-dd7dd661-66bb-4522-b60f-3f2d1636ed1a ] Request (TestNetworkBasicOps:test_network_basic_ops): 201 POST http://10.13.3.207:9696/v2.0/security-group-rules 0.086s[00m
2018-09-28 11:33:30.055 2505 INFO tempest.lib.common.rest_client [req-1a7b9a25-7cdd-499d-8896-1b028a6a041d ] Request (TestNetworkBasicOps:test_network_basic_ops): 201 POST http://10.13.3.207:9696/v2.0/security-group-rules 0.088s[00m
2018-09-28 11:33:30.300 2505 INFO tempest.lib.common.rest_client [req-244d3ff1-88dc-4e7c-99e8-14ef37d8a86b ] Request (TestNetworkBasicOps:test_network_basic_ops): 201 POST http://10.13.3.199:5000/v3/auth/tokens[00m
2018-09-28 11:33:30.301 2505 INFO tempest.lib.common.fixed_network [-] (TestNetworkBasicOps:test_network_basic_ops) Found network None available for tenant[00m
2018-09-28 11:33:30.801 2508 INFO tempest.lib.common.rest_client [req-7971806b-cb5a-41be-aea1-48b6d2418abe ] Request (TestServerBasicOps:setUpClass): 201 POST http://10.13.3.207:9696/v2.0/routers 0.922s[00m
2018-09-28 11:33:31.034 2505 INFO tempest.lib.common.rest_client [req-fcc64491-1513-464d-aaa1-d181a3c382fa ] Request (TestNetworkBasicOps:test_network_basic_ops): 202 POST http://10.13.3.202:8774/v2/40e9e49b72ae49c78fd006152ab4acdd/servers 0.731s[00m
2018-09-28 11:33:31.093 2505 INFO tempest.lib.common.rest_client [req-ea37c5b3-4c12-4a43-b0da-473ed9d7a365 ] Request (TestNetworkBasicOps:test_network_basic_ops): 200 GET http://10.13.3.202:8774/v2/40e9e49b72ae49c78fd006152ab4acdd/servers/223c976c-34ce-4adc-a997-f8c7a18682a6 0.056s[00m
2018-09-28 11:33:32.269 2505 INFO tempest.lib.common.rest_client [req-a6b776ef-95cf-4435-9d04-6ba56dfdae16 ] Request (TestNetworkBasicOps:test_network_basic_ops): 200 GET http://10.13.3.202:8774/v2/40e9e49b72ae49c78fd006152ab4acdd/servers/223c976c-34ce-4adc-a997-f8c7a18682a6 0.167s[00m
2018-09-28 11:33:32.277 2505 INFO tempest.common.waiters [-] State transition "BUILD/scheduling" ==> "BUILD/spawning" after 1 second wait[00m
2018-09-28 11:33:32.470 2508 INFO tempest.lib.common.rest_client [req-b1e910c9-59d2-4bac-8206-262b26de8d78 ] Request (TestServerBasicOps:setUpClass): 200 PUT http://10.13.3.207:9696/v2.0/routers/a339141d-6418-42d8-a7c6-bf7b3d03696c/add_router_interface 1.668s[00m
2018-09-28 11:33:32.470 2508 INFO tempest.lib.common.dynamic_creds [-] Created isolated network resources for:
 credentials: Credentials: {'domain_id': 'f262781cced8420da52950e7469e990d', 'domain_name': 'admin_domain', 'username': 'tempest-TestServerBasicOps-1915206166', 'project_domain_id': 'f262781cced8420da52950e7469e990d', 'project_domain_name': 'admin_domain', 'project_id': '95f3e21ece354404b0eafd90b0550b24', 'project_name': 'tempest-TestServerBasicOps-1915206166', 'tenant_id': '95f3e21ece354404b0eafd90b0550b24', 'tenant_name': 'tempest-TestServerBasicOps-1915206166', 'user_domain_id': 'f262781cced8420da52950e7469e990d', 'user_domain_name': 'admin_domain', 'user_id': '40d5fd8398fc430ba9728ddfa120e45c'}, Network: {'id': 'c510cbe3-6590-4e7b-a2c0-26669c5373a7', 'name': 'tempest-TestServerBasicOps-1480891041-network', 'tenant_id': '95f3e21ece354404b0eafd90b0550b24', 'admin_state_up': True, 'mtu': 1458, 'status': 'ACTIVE', 'subnets': [], 'shared': False, 'project_id': '95f3e21ece354404b0eafd90b0550b24', 'dns_domain': '', 'router:external': False, 'provider:network_type': 'gre', 'provider:physical_network': None, 'provider:segmentation_id': 90, 'availability_zone_hints': [], 'is_default': False, 'availability_zones': [], 'ipv4_address_scope': None, 'ipv6_address_scope': None, 'description': '', 'l2_adjacency': True, 'tags': [], 'created_at': '2018-09-28T11:33:29Z', 'updated_at': '2018-09-28T11:33:29Z', 'revision_number': 1}, Subnet: {'id': '7a06dbe4-ff3c-45d7-bdfd-927581146070', 'name': 'tempest-TestServerBasicOps-1480891041-subnet', 'tenant_id': '95f3e21ece354404b0eafd90b0550b24', 'network_id': 'c510cbe3-6590-4e7b-a2c0-26669c5373a7', 'ip_version': 4, 'subnetpool_id': None, 'enable_dhcp': True, 'ipv6_ra_mode': None, 'ipv6_address_mode': None, 'gateway_ip': '172.16.0.1', 'cidr': '172.16.0.0/28', 'allocation_pools': [{'start': '172.16.0.2', 'end': '172.16.0.14'}], 'host_routes': [], 'dns_nameservers': [], 'description': '', 'service_types': [], 'segment_id': None, 'tags': [], 'created_at': '2018-09-28T11:33:29Z', 'updated_at': '2018-09-28T11:33:29Z', 'revision_number': 0, 'project_id': '95f3e21ece354404b0eafd90b0550b24'}, Router: {'id': 'a339141d-6418-42d8-a7c6-bf7b3d03696c', 'name': 'tempest-TestServerBasicOps-1480891041-router', 'tenant_id': '95f3e21ece354404b0eafd90b0550b24', 'admin_state_up': True, 'status': 'ACTIVE', 'external_gateway_info': {'network_id': '9fc8ea6c-3c55-4e15-ab2e-c6eba24f8aa2', 'enable_snat': True, 'external_fixed_ips': [{'subnet_id': '435ec779-af4e-40ca-abdf-b92729ac30f6', 'ip_address': '10.13.3.150'}]}, 'description': '', 'availability_zones': [], 'distributed': False, 'ha': False, 'availability_zone_hints': [], 'routes': [], 'flavor_id': None, 'tags': [], 'created_at': '2018-09-28T11:33:29Z', 'updated_at': '2018-09-28T11:33:30Z', 'revision_number': 2, 'project_id': '95f3e21ece354404b0eafd90b0550b24'}[00m
2018-09-28 11:33:32.765 2508 INFO tempest.lib.common.rest_client [req-66bddbb1-c7f3-4513-a364-896f5f609a77 ] Request (TestServerBasicOps:setUpClass): 201 POST http://10.13.3.199:5000/v3/auth/tokens[00m
2018-09-28 11:33:33.141 2508 INFO tempest.lib.common.rest_client [req-4b44a45e-1533-4da1-ae40-14b1bd587aef ] Request (TestServerBasicOps:test_server_basic_ops): 200 POST http://10.13.3.202:8774/v2/95f3e21ece354404b0eafd90b0550b24/os-keypairs 0.373s[00m
2018-09-28 11:33:33.439 2508 INFO tempest.lib.common.rest_client [req-3cff6580-bbc4-4090-a2ee-8480809173d2 ] Request (TestServerBasicOps:test_server_basic_ops): 200 POST http://10.13.3.202:8774/v2/95f3e21ece354404b0eafd90b0550b24/os-security-groups 0.296s[00m
2018-09-28 11:33:33.553 2505 INFO tempest.lib.common.rest_client [req-f079e662-c371-4135-8323-0e946c4b1dd8 ] Request (TestNetworkBasicOps:test_network_basic_ops): 200 GET http://10.13.3.202:8774/v2/40e9e49b72ae49c78fd006152ab4acdd/servers/223c976c-34ce-4adc-a997-f8c7a18682a6 0.275s[00m
2018-09-28 11:33:33.584 2508 INFO tempest.lib.common.rest_client [req-0d4e36d7-629a-4c46-9913-774fac0b1e56 ] Request (TestServerBasicOps:test_server_basic_ops): 200 POST http://10.13.3.202:8774/v2/95f3e21ece354404b0eafd90b0550b24/os-security-group-rules 0.140s[00m
2018-09-28 11:33:33.719 2508 INFO tempest.lib.common.rest_client [req-7a66bd6b-4639-4bed-a679-0514a43f54c3 ] Request (TestServerBasicOps:test_server_basic_ops): 200 POST http://10.13.3.202:8774/v2/95f3e21ece354404b0eafd90b0550b24/os-security-group-rules 0.132s[00m
2018-09-28 11:33:33.963 2508 INFO tempest.lib.common.rest_client [req-332f285a-6c10-4514-b86f-34800084afba ] Request (TestServerBasicOps:test_server_basic_ops): 201 POST http://10.13.3.199:5000/v3/auth/tokens[00m
2018-09-28 11:33:33.963 2508 INFO tempest.lib.common.fixed_network [-] (TestServerBasicOps:test_server_basic_ops) Found network {'id': 'c510cbe3-6590-4e7b-a2c0-26669c5373a7', 'name': 'tempest-TestServerBasicOps-1480891041-network', 'tenant_id': '95f3e21ece354404b0eafd90b0550b24', 'admin_state_up': True, 'mtu': 1458, 'status': 'ACTIVE', 'subnets': [], 'shared': False, 'project_id': '95f3e21ece354404b0eafd90b0550b24', 'dns_domain': '', 'router:external': False, 'provider:network_type': 'gre', 'provider:physical_network': None, 'provider:segmentation_id': 90, 'availability_zone_hints': [], 'is_default': False, 'availability_zones': [], 'ipv4_address_scope': None, 'ipv6_address_scope': None, 'description': '', 'l2_adjacency': True, 'tags': [], 'created_at': '2018-09-28T11:33:29Z', 'updated_at': '2018-09-28T11:33:29Z', 'revision_number': 1} available for tenant[00m
2018-09-28 11:33:34.512 2508 INFO tempest.lib.common.rest_client [req-7bdf2494-e8e4-49b5-a2d3-412156617ea0 ] Request (TestServerBasicOps:test_server_basic_ops): 202 POST http://10.13.3.202:8774/v2/95f3e21ece354404b0eafd90b0550b24/servers 0.548s[00m
2018-09-28 11:33:34.561 2508 INFO tempest.lib.common.rest_client [req-1ff91e6b-cde7-4b40-b94d-834a41808961 ] Request (TestServerBasicOps:test_server_basic_ops): 200 GET http://10.13.3.202:8774/v2/95f3e21ece354404b0eafd90b0550b24/servers/0cd40ff3-138b-4194-949b-0604d5a25456 0.045s[00m
2018-09-28 11:33:34.676 2505 INFO tempest.lib.common.rest_client [req-adbc12ed-452d-4bc2-8961-d5bbe3a8b47a ] Request (TestNetworkBasicOps:test_network_basic_ops): 200 GET http://10.13.3.202:8774/v2/40e9e49b72ae49c78fd006152ab4acdd/servers/223c976c-34ce-4adc-a997-f8c7a18682a6 0.118s[00m
2018-09-28 11:33:35.816 2505 INFO tempest.lib.common.rest_client [req-7e1a2b67-a8a9-4ce3-8c79-0ab596ecd7fd ] Request (TestNetworkBasicOps:test_network_basic_ops): 200 GET http://10.13.3.202:8774/v2/40e9e49b72ae49c78fd006152ab4acdd/servers/223c976c-34ce-4adc-a997-f8c7a18682a6 0.129s[00m
2018-09-28 11:33:35.885 2508 INFO tempest.lib.common.rest_client [req-df774f6c-2c58-490e-8ebe-d35669a79c26 ] Request (TestServerBasicOps:test_server_basic_ops): 200 GET http://10.13.3.202:8774/v2/95f3e21ece354404b0eafd90b0550b24/servers/0cd40ff3-138b-4194-949b-0604d5a25456 0.313s[00m
2018-09-28 11:33:35.891 2508 INFO tempest.common.waiters [-] State transition "BUILD/scheduling" ==> "BUILD/spawning" after 1 second wait[00m
2018-09-28 11:33:36.978 2505 INFO tempest.lib.common.rest_client [req-9388decd-efda-4d37-a66a-a8982c6019d1 ] Request (TestNetworkBasicOps:test_network_basic_ops): 200 GET http://10.13.3.202:8774/v2/40e9e49b72ae49c78fd006152ab4acdd/servers/223c976c-34ce-4adc-a997-f8c7a18682a6 0.152s[00m
2018-09-28 11:33:36.984 2505 INFO tempest.common.waiters [-] State transition "BUILD/spawning" ==> "ACTIVE/None" after 5 second wait[00m
2018-09-28 11:33:37.101 2508 INFO tempest.lib.common.rest_client [req-567cae41-3b4c-4873-83ba-99c70b269f31 ] Request (TestServerBasicOps:test_server_basic_ops): 200 GET http://10.13.3.202:8774/v2/95f3e21ece354404b0eafd90b0550b24/servers/0cd40ff3-138b-4194-949b-0604d5a25456 0.208s[00m
2018-09-28 11:33:37.111 2505 INFO tempest.lib.common.rest_client [req-e7707b1f-cd2c-4ec0-b53a-831042f93ff9 ] Request (TestNetworkBasicOps:test_network_basic_ops): 200 GET http://10.13.3.202:8774/v2/40e9e49b72ae49c78fd006152ab4acdd/servers/223c976c-34ce-4adc-a997-f8c7a18682a6 0.126s[00m
2018-09-28 11:33:37.118 2505 INFO tempest.scenario.manager [-] Tenant networks not configured to be reachable.[00m
2018-09-28 11:33:37.163 2505 INFO tempest.lib.common.rest_client [req-667096b0-e1ca-4513-a198-e52224a7769f ] Request (TestNetworkBasicOps:test_network_basic_ops): 200 GET http://10.13.3.207:9696/v2.0/ports?device_id=223c976c-34ce-4adc-a997-f8c7a18682a6 0.045s[00m
2018-09-28 11:33:38.247 2508 INFO tempest.lib.common.rest_client [req-6cdbf38e-ec8e-4c8c-95f3-455c203eb90c ] Request (TestServerBasicOps:test_server_basic_ops): 200 GET http://10.13.3.202:8774/v2/95f3e21ece354404b0eafd90b0550b24/servers/0cd40ff3-138b-4194-949b-0604d5a25456 0.137s[00m
2018-09-28 11:33:39.050 2505 INFO tempest.lib.common.rest_client [req-7a58154f-6236-452c-ae14-2e7acb7d2388 ] Request (TestNetworkBasicOps:test_network_basic_ops): 201 POST http://10.13.3.207:9696/v2.0/floatingips 1.886s[00m
2018-09-28 11:33:39.274 2505 INFO tempest.lib.common.rest_client [req-da4beb85-3db4-4cfc-aa3b-5054036493bd ] Request (TestNetworkBasicOps:test_network_basic_ops): 200 GET http://10.13.3.207:9696/v2.0/floatingips/dccd835e-bea1-4f5f-94da-ddedbf62f8b7 0.223s[00m
2018-09-28 11:33:39.503 2508 INFO tempest.lib.common.rest_client [req-522ff895-7e1d-41b3-9f4d-dea17650ae58 ] Request (TestServerBasicOps:test_server_basic_ops): 200 GET http://10.13.3.202:8774/v2/95f3e21ece354404b0eafd90b0550b24/servers/0cd40ff3-138b-4194-949b-0604d5a25456 0.246s[00m
2018-09-28 11:33:40.324 2505 INFO tempest.lib.common.rest_client [req-f5c9a298-5fd0-44ce-a4e7-a347ec341b83 ] Request (TestNetworkBasicOps:test_network_basic_ops): 200 GET http://10.13.3.207:9696/v2.0/floatingips/dccd835e-bea1-4f5f-94da-ddedbf62f8b7 0.049s[00m
