 credentials: Credentials: {'domain_id': 'f5aee6e468e84cafaf2a172b409372ec', 'domain_name': 'admin_domain', 'username': 'tempest-VersionsTest-760287400', 'project_domain_id': 'f5aee6e468e84cafaf2a172b409372ec', 'project_domain_name': 'admin_domain', 'project_id': '196e3146a2974b148b42d7a0ab9b3996', 'project_name': 'tempest-VersionsTest-760287400', 'tenant_id': '196e3146a2974b148b42d7a0ab9b3996', 'tenant_name': 'tempest-VersionsTest-760287400', 'user_domain_id': 'f5aee6e468e84cafaf2a172b409372ec', 'user_domain_name': 'admin_domain', 'user_id': '611d9f45daae4259a8631b52e4826484'}, Network: None, Subnet: None, Router: None[00m
2020-10-30 15:56:32.256 5449 INFO tempest.lib.common.rest_client [req-aa572e20-99f6-4569-a532-509b8cfe8d0f ] Request (ServerActionsTestJSON:tearDownClass): 404 GET http://10.13.3.238:8774/v2.1/servers/573af426-cef3-4947-a33c-bdeb598526fb 0.042s[00m
2020-10-30 15:56:32.283 5449 INFO tempest.lib.common.rest_client [req-dfce140e-9be4-47b5-bbfe-19801d2a6008 ] Request (ServerActionsTestJSON:tearDownClass): 202 DELETE http://10.13.3.238:8774/v2.1/os-keypairs/tempest-keypair-1128934037 0.023s[00m
2020-10-30 15:56:32.372 5449 INFO tempest.lib.common.rest_client [req-b089ea01-0f0c-4efd-8cbb-355620ca43d2 ] Request (ServerActionsTestJSON:tearDownClass): 204 DELETE http://10.13.3.201:9696/v2.0/security-groups/724316ab-cc5f-4d94-8991-16fd5dd19650 0.085s[00m
2020-10-30 15:56:32.392 5449 INFO tempest.lib.common.rest_client [req-b9b483a5-5386-410c-9684-35502f3c521e ] Request (ServerActionsTestJSON:tearDownClass): 404 GET http://10.13.3.201:9696/v2.0/security-groups/724316ab-cc5f-4d94-8991-16fd5dd19650 0.016s[00m
2020-10-30 15:56:32.407 5446 INFO tempest.lib.common.rest_client [req-7bd855af-5104-4106-903b-68c822b4e21b ] Request (VersionsTest:setUpClass): 201 POST http://10.13.3.239:5000/v3/auth/tokens 0.279s[00m
2020-10-30 15:56:32.416 5446 INFO tempest.lib.common.rest_client [-] Request (VersionsTest:test_list_versions): 300 GET http://10.13.3.232:9292/ 0.008s[00m
{0} tempest.api.image.v2.test_versions.VersionsTest.test_list_versions [0.009704s] ... ok
2020-10-30 15:56:32.517 5446 INFO tempest.lib.common.rest_client [req-0ff511a8-b660-4b87-b4df-768df7a14178 ] Request (VersionsTest:tearDownClass): 204 DELETE http://10.13.3.239:35357/v3/users/611d9f45daae4259a8631b52e4826484 0.098s[00m
2020-10-30 15:56:32.763 5449 INFO tempest.lib.common.rest_client [req-519808d9-4408-4561-87fa-a47f4128bf0a ] Request (ServerActionsTestJSON:tearDownClass): 204 DELETE http://10.13.3.201:9696/v2.0/floatingips/0b05027d-ac4c-4e0e-9420-4451b3644057 0.365s[00m
2020-10-30 15:56:32.782 5446 INFO tempest.lib.common.rest_client [req-b47e064e-c3f7-4f78-bcab-cecdf2a14cc7 ] Request (VersionsTest:tearDownClass): 201 POST http://10.13.3.239:5000/v3/auth/tokens 0.262s[00m
2020-10-30 15:56:32.942 5446 INFO tempest.lib.common.rest_client [req-3cd796ce-0762-43e9-b771-4e3f7ee4f7a7 ] Request (VersionsTest:tearDownClass): 200 GET http://10.13.3.201:9696/v2.0/security-groups?tenant_id=196e3146a2974b148b42d7a0ab9b3996&name=default 0.159s[00m
2020-10-30 15:56:33.024 5446 INFO tempest.lib.common.rest_client [req-9bcafb15-7baa-4f56-bb7e-a8811393118d ] Request (VersionsTest:tearDownClass): 204 DELETE http://10.13.3.201:9696/v2.0/security-groups/a0d7c143-9e71-4efa-a7f3-20440557474f 0.081s[00m
2020-10-30 15:56:33.103 5446 INFO tempest.lib.common.rest_client [req-451afeb6-f6c0-43ad-920e-2faf3ff4077d ] Request (VersionsTest:tearDownClass): 204 DELETE http://10.13.3.239:35357/v3/projects/196e3146a2974b148b42d7a0ab9b3996 0.077s[00m
2020-10-30 15:56:33.105 5446 INFO tempest.test [-] <class 'unittest.case.SkipTest'> raised in BulkNetworkOpsIpV6Test.setUpClass. Invoking tearDownClass.[00m
{0} setUpClass (tempest.api.network.test_networks.BulkNetworkOpsIpV6Test) ... SKIPPED: IPv6 Tests are disabled.
2020-10-30 15:56:33.370 5446 INFO tempest.lib.common.rest_client [req-81feb9c2-e696-4faa-90e0-0242493a5505 ] Request (NetworksTest:setUpClass): 201 POST http://10.13.3.239:5000/v3/auth/tokens 0.262s[00m
2020-10-30 15:56:33.628 5446 INFO tempest.lib.common.rest_client [req-dd40798d-177c-4056-b8ba-bd9fbab4f927 ] Request (NetworksTest:setUpClass): 201 POST http://10.13.3.239:5000/v3/auth/tokens 0.251s[00m
2020-10-30 15:56:33.651 5446 INFO tempest.lib.common.rest_client [req-1ea68432-5c15-459b-90aa-9ce3361a830b ] Request (NetworksTest:setUpClass): 200 GET http://10.13.3.239:35357/v3/domains?name=admin_domain 0.022s[00m
2020-10-30 15:56:33.679 5446 INFO tempest.lib.common.rest_client [req-6f45ee35-3b3d-44ea-8757-9251c9db47f8 ] Request (NetworksTest:setUpClass): 201 POST http://10.13.3.239:35357/v3/projects 0.027s[00m
2020-10-30 15:56:33.931 5446 INFO tempest.lib.common.rest_client [req-486d45fc-846b-4950-8eea-a7f70aed07ff ] Request (NetworksTest:setUpClass): 201 POST http://10.13.3.239:35357/v3/users 0.250s[00m
2020-10-30 15:56:33.951 5446 INFO tempest.lib.common.rest_client [req-07302d5c-a79b-43cb-a35f-bd8a91495e53 ] Request (NetworksTest:setUpClass): 200 GET http://10.13.3.239:35357/v3/roles 0.019s[00m
2020-10-30 15:56:33.961 5449 INFO tempest.lib.common.rest_client [req-2e424ce7-651c-4d11-b368-57e88e36729b ] Request (ServerActionsTestJSON:tearDownClass): 200 PUT http://10.13.3.201:9696/v2.0/routers/78ff098f-4b2c-47bf-b90f-82fb9fa4af36/remove_router_interface 1.194s[00m
2020-10-30 15:56:33.971 5446 INFO tempest.lib.common.rest_client [req-a106155d-c1c0-49e8-a379-e35d27571a17 ] Request (NetworksTest:setUpClass): 200 GET http://10.13.3.239:35357/v3/roles 0.019s[00m
2020-10-30 15:56:34.005 5446 INFO tempest.lib.common.rest_client [req-6c0b013d-7e19-4638-8c3f-b211ae597e82 ] Request (NetworksTest:setUpClass): 204 PUT http://10.13.3.239:35357/v3/projects/f4eae73cca8e42329da46ccd80595e97/users/28c89a28016149d5a3158fb5f1eca787/roles/cf9f9d7d1d3045c99e048eab0884658c 0.032s[00m
2020-10-30 15:56:34.005 5446 INFO tempest.lib.common.dynamic_creds [-] Acquired dynamic creds:
 credentials: Credentials: {'domain_id': 'f5aee6e468e84cafaf2a172b409372ec', 'domain_name': 'admin_domain', 'username': 'tempest-NetworksTest-1117917942', 'project_domain_id': 'f5aee6e468e84cafaf2a172b409372ec', 'project_domain_name': 'admin_domain', 'project_id': 'f4eae73cca8e42329da46ccd80595e97', 'project_name': 'tempest-NetworksTest-1117917942', 'tenant_id': 'f4eae73cca8e42329da46ccd80595e97', 'tenant_name': 'tempest-NetworksTest-1117917942', 'user_domain_id': 'f5aee6e468e84cafaf2a172b409372ec', 'user_domain_name': 'admin_domain', 'user_id': '28c89a28016149d5a3158fb5f1eca787'}, Network: None, Subnet: None, Router: None[00m
2020-10-30 15:56:34.006 5446 INFO tempest.lib.common.dynamic_creds [-] Created isolated network resources for:
 credentials: Credentials: {'domain_id': 'f5aee6e468e84cafaf2a172b409372ec', 'domain_name': 'admin_domain', 'username': 'tempest-NetworksTest-1117917942', 'project_domain_id': 'f5aee6e468e84cafaf2a172b409372ec', 'project_domain_name': 'admin_domain', 'project_id': 'f4eae73cca8e42329da46ccd80595e97', 'project_name': 'tempest-NetworksTest-1117917942', 'tenant_id': 'f4eae73cca8e42329da46ccd80595e97', 'tenant_name': 'tempest-NetworksTest-1117917942', 'user_domain_id': 'f5aee6e468e84cafaf2a172b409372ec', 'user_domain_name': 'admin_domain', 'user_id': '28c89a28016149d5a3158fb5f1eca787'}, Network: None, Subnet: None, Router: None[00m
2020-10-30 15:56:34.291 5446 INFO tempest.lib.common.rest_client [req-feeb1c08-fb1b-4689-ac6f-2b6cacd57a85 ] Request (NetworksTest:setUpClass): 201 POST http://10.13.3.239:5000/v3/auth/tokens 0.279s[00m
2020-10-30 15:56:34.579 5446 INFO tempest.lib.common.rest_client [req-7c5fa3c7-e1a0-459c-8876-a6c8868e9320 ] Request (NetworksTest:setUpClass): 201 POST http://10.13.3.201:9696/v2.0/networks 0.286s[00m
2020-10-30 15:56:34.663 5449 INFO tempest.lib.common.rest_client [req-2f039988-2050-4aa9-8163-1d2eeb4d75d3 ] Request (ServerActionsTestJSON:tearDownClass): 204 DELETE http://10.13.3.201:9696/v2.0/routers/78ff098f-4b2c-47bf-b90f-82fb9fa4af36 0.701s[00m
2020-10-30 15:56:35.052 5449 INFO tempest.lib.common.rest_client [req-4f9226e3-4b28-41d9-a27d-a9def2c0c971 ] Request (ServerActionsTestJSON:tearDownClass): 204 DELETE http://10.13.3.201:9696/v2.0/subnets/e43f5037-8fec-4f9f-bcfe-75d1d3de22e9 0.389s[00m
2020-10-30 15:56:35.708 5449 INFO tempest.lib.common.rest_client [req-45272867-eab7-4eee-81d3-2d0fb6aa3763 ] Request (ServerActionsTestJSON:tearDownClass): 204 DELETE http://10.13.3.201:9696/v2.0/networks/2f26de90-7d55-4266-a225-a2b0e932aff5 0.652s[00m
2020-10-30 15:56:35.805 5449 INFO tempest.lib.common.rest_client [req-2b3d5471-c7df-4345-98f9-ed2eff5d1205 ] Request (ServerActionsTestJSON:tearDownClass): 204 DELETE http://10.13.3.239:35357/v3/users/9c3801ff096a4d02bd7edc02bdf14608 0.094s[00m
2020-10-30 15:56:35.872 5449 INFO tempest.lib.common.rest_client [req-d2e4da7a-04e7-4c5a-8bbd-fdc46e67fc47 ] Request (ServerActionsTestJSON:tearDownClass): 200 GET http://10.13.3.201:9696/v2.0/security-groups?tenant_id=71318145636b42ec951edd8d3c6f8b3f&name=default 0.063s[00m
2020-10-30 15:56:35.951 5449 INFO tempest.lib.common.rest_client [req-4ae4693e-ec64-48ae-b877-c25f62f8ae79 ] Request (ServerActionsTestJSON:tearDownClass): 204 DELETE http://10.13.3.201:9696/v2.0/security-groups/d6248146-d2da-4e1a-bde6-cbed7923e332 0.076s[00m
2020-10-30 15:56:36.029 5449 INFO tempest.lib.common.rest_client [req-fecc774d-3ab1-4023-956a-c390156bd7d6 ] Request (ServerActionsTestJSON:tearDownClass): 204 DELETE http://10.13.3.239:35357/v3/projects/71318145636b42ec951edd8d3c6f8b3f 0.074s[00m
2020-10-30 15:56:36.183 5446 INFO tempest.lib.common.rest_client [req-3997d21d-fbf8-43bb-843c-ee8df51594f1 ] Request (NetworksTest:setUpClass): 201 POST http://10.13.3.201:9696/v2.0/subnets 0.427s[00m
2020-10-30 15:56:36.296 5449 INFO tempest.lib.common.rest_client [req-9305a084-15cd-4870-84d5-4f6d12009bd7 ] Request (ServerAddressesTestJSON:setUpClass): 201 POST http://10.13.3.239:5000/v3/auth/tokens 0.261s[00m
2020-10-30 15:56:36.329 5446 INFO tempest.lib.common.rest_client [req-433ef94c-a12e-4aed-b824-e00548838f10 ] Request (NetworksTest:test_create_update_delete_network_subnet): 201 POST http://10.13.3.201:9696/v2.0/networks 0.141s[00m
2020-10-30 15:56:36.548 5446 INFO tempest.lib.common.rest_client [req-049e6de5-9498-46a0-8032-f625100f6148 ] Request (NetworksTest:test_create_update_delete_network_subnet): 200 PUT http://10.13.3.201:9696/v2.0/networks/40962934-79fa-43d8-9aa8-4f0c7dded16b 0.217s[00m
2020-10-30 15:56:36.553 5449 INFO tempest.lib.common.rest_client [req-9668180a-6eec-42a9-8918-d3bb99d99678 ] Request (ServerAddressesTestJSON:setUpClass): 201 POST http://10.13.3.239:5000/v3/auth/tokens 0.252s[00m
2020-10-30 15:56:36.579 5449 INFO tempest.lib.common.rest_client [req-39d305ab-ee17-4ddf-94a9-143108573510 ] Request (ServerAddressesTestJSON:setUpClass): 200 GET http://10.13.3.239:35357/v3/domains?name=admin_domain 0.022s[00m
2020-10-30 15:56:36.612 5449 INFO tempest.lib.common.rest_client [req-32b6ba71-c5a2-4df3-b1eb-4b6d72910d80 ] Request (ServerAddressesTestJSON:setUpClass): 201 POST http://10.13.3.239:35357/v3/projects 0.029s[00m
2020-10-30 15:56:36.866 5449 INFO tempest.lib.common.rest_client [req-76bb0048-3c6b-407e-817f-c4c32bd13afc ] Request (ServerAddressesTestJSON:setUpClass): 201 POST http://10.13.3.239:35357/v3/users 0.251s[00m
2020-10-30 15:56:36.889 5449 INFO tempest.lib.common.rest_client [req-9effa35a-d2f9-4daf-8632-01e4ba20f8e9 ] Request (ServerAddressesTestJSON:setUpClass): 200 GET http://10.13.3.239:35357/v3/roles 0.019s[00m
2020-10-30 15:56:36.910 5449 INFO tempest.lib.common.rest_client [req-a67b90c9-fa66-480b-9917-a9562bac324a ] Request (ServerAddressesTestJSON:setUpClass): 200 GET http://10.13.3.239:35357/v3/roles 0.018s[00m
2020-10-30 15:56:36.942 5449 INFO tempest.lib.common.rest_client [req-68e2d62d-bfdd-44ed-aa55-0157d6e5e9e2 ] Request (ServerAddressesTestJSON:setUpClass): 204 PUT http://10.13.3.239:35357/v3/projects/68037a84d3ce44e79f64891fa295c55b/users/f9559a530b4f471f90db173a3baddf1a/roles/cf9f9d7d1d3045c99e048eab0884658c 0.032s[00m
2020-10-30 15:56:36.943 5449 INFO tempest.lib.common.dynamic_creds [-] Acquired dynamic creds:
 credentials: Credentials: {'domain_id': 'f5aee6e468e84cafaf2a172b409372ec', 'domain_name': 'admin_domain', 'username': 'tempest-ServerAddressesTestJSON-614739671', 'project_domain_id': 'f5aee6e468e84cafaf2a172b409372ec', 'project_domain_name': 'admin_domain', 'project_id': '68037a84d3ce44e79f64891fa295c55b', 'project_name': 'tempest-ServerAddressesTestJSON-614739671', 'tenant_id': '68037a84d3ce44e79f64891fa295c55b', 'tenant_name': 'tempest-ServerAddressesTestJSON-614739671', 'user_domain_id': 'f5aee6e468e84cafaf2a172b409372ec', 'user_domain_name': 'admin_domain', 'user_id': 'f9559a530b4f471f90db173a3baddf1a'}, Network: None, Subnet: None, Router: None[00m
2020-10-30 15:56:36.982 5446 INFO tempest.lib.common.rest_client [req-3dca2e5c-93e7-41eb-ac8f-e5b995c099b1 ] Request (NetworksTest:test_create_update_delete_network_subnet): 201 POST http://10.13.3.201:9696/v2.0/subnets 0.432s[00m
2020-10-30 15:56:37.208 5449 INFO tempest.lib.common.rest_client [req-ab6c5ed1-d4d3-42fa-8649-f489e08d533b ] Request (ServerAddressesTestJSON:setUpClass): 201 POST http://10.13.3.239:5000/v3/auth/tokens 0.264s[00m
2020-10-30 15:56:37.233 5446 INFO tempest.lib.common.rest_client [req-4998c75f-31bd-4327-8c88-8463723cf12d ] Request (NetworksTest:test_create_update_delete_network_subnet): 200 PUT http://10.13.3.201:9696/v2.0/subnets/ce600d8e-a53a-4bbd-80ba-8ec74580c001 0.250s[00m
2020-10-30 15:56:37.529 5449 INFO tempest.lib.common.rest_client [req-4c214504-ae55-4f93-a14d-f124f4d100ec ] Request (ServerAddressesTestJSON:setUpClass): 201 POST http://10.13.3.201:9696/v2.0/networks 0.320s[00m
2020-10-30 15:56:37.867 5449 INFO tempest.lib.common.rest_client [req-4bd17c2c-8b0d-4a8d-9ee8-e9492b040973 ] Request (ServerAddressesTestJSON:setUpClass): 201 POST http://10.13.3.201:9696/v2.0/subnets 0.337s[00m
2020-10-30 15:56:37.868 5449 INFO tempest.lib.common.dynamic_creds [-] Created isolated network resources for:
 credentials: Credentials: {'domain_id': 'f5aee6e468e84cafaf2a172b409372ec', 'domain_name': 'admin_domain', 'username': 'tempest-ServerAddressesTestJSON-614739671', 'project_domain_id': 'f5aee6e468e84cafaf2a172b409372ec', 'project_domain_name': 'admin_domain', 'project_id': '68037a84d3ce44e79f64891fa295c55b', 'project_name': 'tempest-ServerAddressesTestJSON-614739671', 'tenant_id': '68037a84d3ce44e79f64891fa295c55b', 'tenant_name': 'tempest-ServerAddressesTestJSON-614739671', 'user_domain_id': 'f5aee6e468e84cafaf2a172b409372ec', 'user_domain_name': 'admin_domain', 'user_id': 'f9559a530b4f471f90db173a3baddf1a'}, Network: {'id': '878b97e3-5f57-4d3a-9df4-170f20f92efd', 'name': 'tempest-ServerAddressesTestJSON-1342667661-network', 'tenant_id': '68037a84d3ce44e79f64891fa295c55b', 'admin_state_up': True, 'mtu': 1458, 'status': 'ACTIVE', 'subnets': [], 'shared': False, 'project_id': '68037a84d3ce44e79f64891fa295c55b', 'router:external': False, 'provider:network_type': 'gre', 'provider:physical_network': None, 'provider:segmentation_id': 3, 'availability_zone_hints': [], 'is_default': False, 'availability_zones': [], 'ipv4_address_scope': None, 'ipv6_address_scope': None, 'description': '', 'l2_adjacency': True, 'tags': [], 'created_at': '2020-10-30T15:56:37Z', 'updated_at': '2020-10-30T15:56:37Z', 'revision_number': 1}, Subnet: {'id': 'ea767cd2-963d-405a-8136-9b5aefd6cd02', 'name': 'tempest-ServerAddressesTestJSON-1342667661-subnet', 'tenant_id': '68037a84d3ce44e79f64891fa295c55b', 'network_id': '878b97e3-5f57-4d3a-9df4-170f20f92efd', 'ip_version': 4, 'subnetpool_id': None, 'enable_dhcp': False, 'ipv6_ra_mode': None, 'ipv6_address_mode': None, 'gateway_ip': '172.16.0.1', 'cidr': '172.16.0.0/28', 'allocation_pools': [{'start': '172.16.0.2', 'end': '172.16.0.14'}], 'host_routes': [], 'dns_nameservers': [], 'description': '', 'service_types': [], 'segment_id': None, 'tags': [], 'created_at': '2020-10-30T15:56:37Z', 'updated_at': '2020-10-30T15:56:37Z', 'revision_number': 0, 'project_id': '68037a84d3ce44e79f64891fa295c55b'}, Router: None[00m
2020-10-30 15:56:38.147 5449 INFO tempest.lib.common.rest_client [req-d45d71c5-8c15-4653-b971-6ddf47453b99 ] Request (ServerAddressesTestJSON:setUpClass): 201 POST http://10.13.3.239:5000/v3/auth/tokens 0.272s[00m
2020-10-30 15:56:38.391 5449 INFO tempest.lib.common.rest_client [req-34f0daa2-392e-4f9b-a9de-3bd78b91e577 ] Request (ServerAddressesTestJSON:setUpClass): 201 POST http://10.13.3.239:5000/v3/auth/tokens 0.234s[00m
2020-10-30 15:56:38.392 5449 INFO tempest.lib.common.fixed_network [-] (ServerAddressesTestJSON:setUpClass) Found network {'id': '878b97e3-5f57-4d3a-9df4-170f20f92efd', 'name': 'tempest-ServerAddressesTestJSON-1342667661-network', 'tenant_id': '68037a84d3ce44e79f64891fa295c55b', 'admin_state_up': True, 'mtu': 1458, 'status': 'ACTIVE', 'subnets': [], 'shared': False, 'project_id': '68037a84d3ce44e79f64891fa295c55b', 'router:external': False, 'provider:network_type': 'gre', 'provider:physical_network': None, 'provider:segmentation_id': 3, 'availability_zone_hints': [], 'is_default': False, 'availability_zones': [], 'ipv4_address_scope': None, 'ipv6_address_scope': None, 'description': '', 'l2_adjacency': True, 'tags': [], 'created_at': '2020-10-30T15:56:37Z', 'updated_at': '2020-10-30T15:56:37Z', 'revision_number': 1} available for tenant[00m
2020-10-30 15:56:38.939 5446 INFO tempest.lib.common.rest_client [req-50271edf-5235-44bb-99d6-c2b66bf448bb ] Request (NetworksTest:test_create_update_delete_network_subnet): 204 DELETE http://10.13.3.201:9696/v2.0/networks/40962934-79fa-43d8-9aa8-4f0c7dded16b 1.704s[00m
2020-10-30 15:56:38.960 5446 INFO tempest.lib.common.rest_client [req-5b8a48e2-fdf4-4140-8bcd-aab57cec9911 ] Request (NetworksTest:_run_cleanups): 404 DELETE http://10.13.3.201:9696/v2.0/networks/40962934-79fa-43d8-9aa8-4f0c7dded16b 0.020s[00m
{0} tempest.api.network.test_networks.NetworksTest.test_create_update_delete_network_subnet [2.773792s] ... ok
2020-10-30 15:56:39.011 5449 INFO tempest.lib.common.rest_client [req-5ac9355d-c0ba-4c65-b3c4-e64e3c3ca0f9 ] Request (ServerAddressesTestJSON:setUpClass): 202 POST http://10.13.3.238:8774/v2.1/servers 0.618s[00m
2020-10-30 15:56:39.049 5446 INFO tempest.lib.common.rest_client [req-8eea387d-6512-4939-a91d-14acc7f867e1 ] Request (NetworksTest:test_external_network_visibility): 200 GET http://10.13.3.201:9696/v2.0/networks?router%3Aexternal=True 0.087s[00m
2020-10-30 15:56:39.080 5449 INFO tempest.lib.common.rest_client [req-ce294341-f231-4c48-8b02-41027b9dd0ce ] Request (ServerAddressesTestJSON:setUpClass): 200 GET http://10.13.3.238:8774/v2.1/servers/2fabb2e3-dc81-4e13-9702-d21b47605289 0.065s[00m
2020-10-30 15:56:39.083 5446 INFO tempest.lib.common.rest_client [req-4ab9bb97-63e0-419e-96c4-6441ffae14af ] Request (NetworksTest:test_external_network_visibility): 200 GET http://10.13.3.201:9696/v2.0/subnets?network_id=e8f5641b-e07f-42e2-837c-e9659e49f999 0.033s[00m
{0} tempest.api.network.test_networks.NetworksTest.test_external_network_visibility [0.123111s] ... ok
2020-10-30 15:56:39.156 5446 INFO tempest.lib.common.rest_client [req-8a7d1bed-8800-40d2-a6cf-5629e86782d8 ] Request (NetworksTest:test_list_networks): 200 GET http://10.13.3.201:9696/v2.0/networks 0.070s[00m
{0} tempest.api.network.test_networks.NetworksTest.test_list_networks [0.072178s] ... ok
2020-10-30 15:56:39.192 5446 INFO tempest.lib.common.rest_client [req-28ce3248-039b-4ae3-a5e5-8e150057c5fd ] Request (NetworksTest:test_list_subnets): 200 GET http://10.13.3.201:9696/v2.0/subnets 0.034s[00m
{0} tempest.api.network.test_networks.NetworksTest.test_list_subnets [0.035421s] ... ok
2020-10-30 15:56:39.300 5446 INFO tempest.lib.common.rest_client [req-90e8e66b-c17b-4389-bcfd-fd0ded20e725 ] Request (NetworksTest:test_show_network): 200 GET http://10.13.3.201:9696/v2.0/networks/e1a73234-8f27-484a-b517-f6f638167418 0.106s[00m
{0} tempest.api.network.test_networks.NetworksTest.test_show_network [0.108139s] ... ok
2020-10-30 15:56:39.340 5446 INFO tempest.lib.common.rest_client [req-e771fca1-404f-498f-8c46-7b22cd4a2bcb ] Request (NetworksTest:test_show_subnet): 200 GET http://10.13.3.201:9696/v2.0/subnets/23f0a202-c040-42a0-b88a-1d061507147e 0.037s[00m
{0} tempest.api.network.test_networks.NetworksTest.test_show_subnet [0.039260s] ... ok
2020-10-30 15:56:39.364 5446 INFO tempest.lib.common.rest_client [req-6db6aa09-cbaa-4ea6-a17e-9102f43a622c ] Request (NetworksTest:tearDownClass): 404 DELETE http://10.13.3.201:9696/v2.0/subnets/ce600d8e-a53a-4bbd-80ba-8ec74580c001 0.021s[00m
2020-10-30 15:56:39.382 5446 INFO tempest.lib.common.rest_client [req-fab48303-a17c-42d5-a988-661461d0634d ] Request (NetworksTest:tearDownClass): 404 DELETE http://10.13.3.201:9696/v2.0/networks/40962934-79fa-43d8-9aa8-4f0c7dded16b 0.018s[00m
2020-10-30 15:56:39.660 5446 INFO tempest.lib.common.rest_client [req-2cfc7ad2-4097-4aa5-963d-9061783f9648 ] Request (NetworksTest:tearDownClass): 204 DELETE http://10.13.3.201:9696/v2.0/subnets/23f0a202-c040-42a0-b88a-1d061507147e 0.277s[00m
2020-10-30 15:56:40.359 5449 INFO tempest.lib.common.rest_client [req-e4b23223-cfe2-42e0-8c1f-906bafcbbd38 ] Request (ServerAddressesTestJSON:setUpClass): 200 GET http://10.13.3.238:8774/v2.1/servers/2fabb2e3-dc81-4e13-9702-d21b47605289 0.265s[00m
2020-10-30 15:56:40.368 5449 INFO tempest.common.waiters [-] State transition "BUILD/scheduling" ==> "BUILD/spawning" after 1 second wait[00m
2020-10-30 15:56:40.413 5446 INFO tempest.lib.common.rest_client [req-23040a0c-72d6-43e3-b2aa-21ec9af7fdce ] Request (NetworksTest:tearDownClass): 204 DELETE http://10.13.3.201:9696/v2.0/networks/e1a73234-8f27-484a-b517-f6f638167418 0.752s[00m
2020-10-30 15:56:40.491 5446 INFO tempest.lib.common.rest_client [req-4ddf43f3-1c5e-471b-b60f-6848e15976c1 ] Request (NetworksTest:tearDownClass): 204 DELETE http://10.13.3.239:35357/v3/users/28c89a28016149d5a3158fb5f1eca787 0.077s[00m
2020-10-30 15:56:40.756 5446 INFO tempest.lib.common.rest_client [req-828477fa-868b-443b-a048-7a9e5562a2aa ] Request (NetworksTest:tearDownClass): 201 POST http://10.13.3.239:5000/v3/auth/tokens 0.263s[00m
2020-10-30 15:56:40.809 5446 INFO tempest.lib.common.rest_client [req-737bdcd8-16a8-4364-8b74-c75d1c07a7be ] Request (NetworksTest:tearDownClass): 200 GET http://10.13.3.201:9696/v2.0/security-groups?tenant_id=f4eae73cca8e42329da46ccd80595e97&name=default 0.052s[00m
2020-10-30 15:56:40.990 5446 INFO tempest.lib.common.rest_client [req-e40a7200-7351-4a18-bd59-9f48ba5e2c94 ] Request (NetworksTest:tearDownClass): 204 DELETE http://10.13.3.201:9696/v2.0/security-groups/79492d1e-a32e-49a6-bdfc-99de5bf569ab 0.180s[00m
2020-10-30 15:56:41.068 5446 INFO tempest.lib.common.rest_client [req-c8017284-c9b0-4b9d-9d6b-df57e0283f7d ] Request (NetworksTest:tearDownClass): 204 DELETE http://10.13.3.239:35357/v3/projects/f4eae73cca8e42329da46ccd80595e97 0.077s[00m
2020-10-30 15:56:41.070 5446 INFO tempest.test [-] <class 'unittest.case.SkipTest'> raised in PortsIpV6TestJSON.setUpClass. Invoking tearDownClass.[00m
{0} setUpClass (tempest.api.network.test_ports.PortsIpV6TestJSON) ... SKIPPED: IPv6 Tests are disabled.
2020-10-30 15:56:41.338 5446 INFO tempest.lib.common.rest_client [req-64287f37-af8b-4746-b676-f8e699b1ec70 ] Request (RoutersTest:setUpClass): 201 POST http://10.13.3.239:5000/v3/auth/tokens 0.265s[00m
2020-10-30 15:56:41.481 5449 INFO tempest.lib.common.rest_client [req-c53c5399-4bb5-4f0e-ab3a-95d7f5a01352 ] Request (ServerAddressesTestJSON:setUpClass): 200 GET http://10.13.3.238:8774/v2.1/servers/2fabb2e3-dc81-4e13-9702-d21b47605289 0.111s[00m
2020-10-30 15:56:41.592 5446 INFO tempest.lib.common.rest_client [req-4948dc33-d766-4ab9-ba4b-ec5b15dea720 ] Request (RoutersTest:setUpClass): 201 POST http://10.13.3.239:5000/v3/auth/tokens 0.248s[00m
2020-10-30 15:56:41.617 5446 INFO tempest.lib.common.rest_client [req-c0548ba1-c14a-4e95-b734-a91d35b81749 ] Request (RoutersTest:setUpClass): 200 GET http://10.13.3.239:35357/v3/domains?name=admin_domain 0.024s[00m
2020-10-30 15:56:41.645 5446 INFO tempest.lib.common.rest_client [req-748581a1-f697-4dae-9547-002fdd047177 ] Request (RoutersTest:setUpClass): 201 POST http://10.13.3.239:35357/v3/projects 0.027s[00m
2020-10-30 15:56:41.897 5446 INFO tempest.lib.common.rest_client [req-07120db8-f76b-474d-a3fa-1ffd14ba879a ] Request (RoutersTest:setUpClass): 201 POST http://10.13.3.239:35357/v3/users 0.250s[00m
2020-10-30 15:56:41.916 5446 INFO tempest.lib.common.rest_client [req-3de2cdc5-cf39-4f74-819d-d8af9ee3b845 ] Request (RoutersTest:setUpClass): 200 GET http://10.13.3.239:35357/v3/roles 0.018s[00m
2020-10-30 15:56:41.935 5446 INFO tempest.lib.common.rest_client [req-6fc90cd4-d74e-475a-a262-5269499724fd ] Request (RoutersTest:setUpClass): 200 GET http://10.13.3.239:35357/v3/roles 0.018s[00m
2020-10-30 15:56:41.966 5446 INFO tempest.lib.common.rest_client [req-297307d1-ce09-4620-8730-67e37b972481 ] Request (RoutersTest:setUpClass): 204 PUT http://10.13.3.239:35357/v3/projects/2c92542817cb4b35bebdc45b2045079a/users/2969e11878f54476b6f4fc786333c656/roles/cf9f9d7d1d3045c99e048eab0884658c 0.030s[00m
2020-10-30 15:56:41.967 5446 INFO tempest.lib.common.dynamic_creds [-] Acquired dynamic creds:
 credentials: Credentials: {'domain_id': 'f5aee6e468e84cafaf2a172b409372ec', 'domain_name': 'admin_domain', 'username': 'tempest-RoutersTest-204330516', 'project_domain_id': 'f5aee6e468e84cafaf2a172b409372ec', 'project_domain_name': 'admin_domain', 'project_id': '2c92542817cb4b35bebdc45b2045079a', 'project_name': 'tempest-RoutersTest-204330516', 'tenant_id': '2c92542817cb4b35bebdc45b2045079a', 'tenant_name': 'tempest-RoutersTest-204330516', 'user_domain_id': 'f5aee6e468e84cafaf2a172b409372ec', 'user_domain_name': 'admin_domain', 'user_id': '2969e11878f54476b6f4fc786333c656'}, Network: None, Subnet: None, Router: None[00m
2020-10-30 15:56:41.967 5446 INFO tempest.lib.common.dynamic_creds [-] Created isolated network resources for:
 credentials: Credentials: {'domain_id': 'f5aee6e468e84cafaf2a172b409372ec', 'domain_name': 'admin_domain', 'username': 'tempest-RoutersTest-204330516', 'project_domain_id': 'f5aee6e468e84cafaf2a172b409372ec', 'project_domain_name': 'admin_domain', 'project_id': '2c92542817cb4b35bebdc45b2045079a', 'project_name': 'tempest-RoutersTest-204330516', 'tenant_id': '2c92542817cb4b35bebdc45b2045079a', 'tenant_name': 'tempest-RoutersTest-204330516', 'user_domain_id': 'f5aee6e468e84cafaf2a172b409372ec', 'user_domain_name': 'admin_domain', 'user_id': '2969e11878f54476b6f4fc786333c656'}, Network: None, Subnet: None, Router: None[00m
2020-10-30 15:56:42.251 5446 INFO tempest.lib.common.rest_client [req-e00d8a5e-ebdb-4f15-a346-70a6598667a1 ] Request (RoutersTest:setUpClass): 201 POST http://10.13.3.239:5000/v3/auth/tokens 0.275s[00m
2020-10-30 15:56:42.494 5446 INFO tempest.lib.common.rest_client [req-7073082f-1f10-4620-b8ee-a5587167bdd5 ] Request (RoutersTest:test_add_multiple_router_interfaces): 201 POST http://10.13.3.201:9696/v2.0/networks 0.241s[00m
2020-10-30 15:56:42.604 5449 INFO tempest.lib.common.rest_client [req-d5807af1-b87c-4e63-b271-bfe6bd728b0b ] Request (ServerAddressesTestJSON:setUpClass): 200 GET http://10.13.3.238:8774/v2.1/servers/2fabb2e3-dc81-4e13-9702-d21b47605289 0.114s[00m
2020-10-30 15:56:42.603 5446 INFO tempest.lib.common.rest_client [req-65cd0703-8d44-488e-bdbd-0ea787356df6 ] Request (RoutersTest:test_add_multiple_router_interfaces): 201 POST http://10.13.3.201:9696/v2.0/networks 0.107s[00m
2020-10-30 15:56:42.999 5446 INFO tempest.lib.common.rest_client [req-c5a67ee3-6fd9-4581-9552-435a57cbbfc4 ] Request (RoutersTest:test_add_multiple_router_interfaces): 201 POST http://10.13.3.201:9696/v2.0/subnets 0.392s[00m
2020-10-30 15:56:43.435 5446 INFO tempest.lib.common.rest_client [req-10bc1503-9dc3-4df8-9f63-c865c281bd24 ] Request (RoutersTest:test_add_multiple_router_interfaces): 201 POST http://10.13.3.201:9696/v2.0/subnets 0.430s[00m
2020-10-30 15:56:43.485 5446 INFO tempest.lib.common.rest_client [req-6106a6bd-0c4e-483e-b732-66bbd491e03b ] Request (RoutersTest:test_add_multiple_router_interfaces): 201 POST http://10.13.3.201:9696/v2.0/routers 0.048s[00m
2020-10-30 15:56:43.726 5449 INFO tempest.lib.common.rest_client [req-b4834363-9a8d-449f-80f4-af11a721994b ] Request (ServerAddressesTestJSON:setUpClass): 200 GET http://10.13.3.238:8774/v2.1/servers/2fabb2e3-dc81-4e13-9702-d21b47605289 0.112s[00m
2020-10-30 15:56:44.679 5446 INFO tempest.lib.common.rest_client [req-dff536ee-8d81-4a3e-a938-e8f00bb1fd0e ] Request (RoutersTest:test_add_multiple_router_interfaces): 200 PUT http://10.13.3.201:9696/v2.0/routers/c33a6e0f-1fae-4f93-9279-6ca2af6dbba3/add_router_interface 1.192s[00m
2020-10-30 15:56:44.721 5446 INFO tempest.lib.common.rest_client [req-3cab8f27-9e82-48ee-bbb7-db65a92b80a6 ] Request (RoutersTest:test_add_multiple_router_interfaces): 200 GET http://10.13.3.201:9696/v2.0/ports/c3220516-a519-4659-9dd9-7d43a2485de2 0.042s[00m
2020-10-30 15:56:44.856 5449 INFO tempest.lib.common.rest_client [req-da00fad3-e798-4cad-9518-70e757e7627e ] Request (ServerAddressesTestJSON:setUpClass): 200 GET http://10.13.3.238:8774/v2.1/servers/2fabb2e3-dc81-4e13-9702-d21b47605289 0.122s[00m
2020-10-30 15:56:45.893 5446 INFO tempest.lib.common.rest_client [req-1233bdc0-8a3a-4421-9579-0ad5af62a3dc ] Request (RoutersTest:test_add_multiple_router_interfaces): 200 PUT http://10.13.3.201:9696/v2.0/routers/c33a6e0f-1fae-4f93-9279-6ca2af6dbba3/add_router_interface 1.170s[00m
2020-10-30 15:56:45.935 5446 INFO tempest.lib.common.rest_client [req-dde00084-4944-4961-a986-9f971fe5e06d ] Request (RoutersTest:test_add_multiple_router_interfaces): 200 GET http://10.13.3.201:9696/v2.0/ports/4d87e42a-86c1-4b62-b37d-8772d163411d 0.040s[00m
2020-10-30 15:56:46.021 5449 INFO tempest.lib.common.rest_client [req-2b8aeb73-ab90-475b-bb54-d5b38d154db5 ] Request (ServerAddressesTestJSON:setUpClass): 200 GET http://10.13.3.238:8774/v2.1/servers/2fabb2e3-dc81-4e13-9702-d21b47605289 0.150s[00m
2020-10-30 15:56:46.998 5446 INFO tempest.lib.common.rest_client [req-d1f78a44-fa76-4576-a80c-1cdaa2b193dc ] Request (RoutersTest:_run_cleanups): 200 PUT http://10.13.3.201:9696/v2.0/routers/c33a6e0f-1fae-4f93-9279-6ca2af6dbba3/remove_router_interface 1.062s[00m
2020-10-30 15:56:47.188 5449 INFO tempest.lib.common.rest_client [req-c76420ef-f84b-4b25-9a16-124db9c18e11 ] Request (ServerAddressesTestJSON:setUpClass): 200 GET http://10.13.3.238:8774/v2.1/servers/2fabb2e3-dc81-4e13-9702-d21b47605289 0.155s[00m
2020-10-30 15:56:47.999 5446 INFO tempest.lib.common.rest_client [req-c48e1af6-89d8-4706-bfca-9e7ea0e09e95 ] Request (RoutersTest:_run_cleanups): 200 PUT http://10.13.3.201:9696/v2.0/routers/c33a6e0f-1fae-4f93-9279-6ca2af6dbba3/remove_router_interface 1.000s[00m
2020-10-30 15:56:48.031 5446 INFO tempest.lib.common.rest_client [req-5e93ceb6-11bd-4c95-a410-422fd255e86e ] Request (RoutersTest:_run_cleanups): 200 GET http://10.13.3.201:9696/v2.0/ports?device_id=c33a6e0f-1fae-4f93-9279-6ca2af6dbba3 0.030s[00m
2020-10-30 15:56:48.286 5446 INFO tempest.lib.common.rest_client [req-61103945-33e5-4ad7-b128-b5047f91aedb ] Request (RoutersTest:_run_cleanups): 204 DELETE http://10.13.3.201:9696/v2.0/routers/c33a6e0f-1fae-4f93-9279-6ca2af6dbba3 0.255s[00m
2020-10-30 15:56:48.322 5449 INFO tempest.lib.common.rest_client [req-4be4f10a-c941-4d14-be25-1fd38567d7c6 ] Request (ServerAddressesTestJSON:setUpClass): 200 GET http://10.13.3.238:8774/v2.1/servers/2fabb2e3-dc81-4e13-9702-d21b47605289 0.124s[00m
2020-10-30 15:56:48.593 5446 INFO tempest.lib.common.rest_client [req-fa9c3dc6-949c-42a2-a009-f882cdb47794 ] Request (RoutersTest:_run_cleanups): 204 DELETE http://10.13.3.201:9696/v2.0/subnets/1c752c63-9013-4dc7-917a-b421e2a6e84f 0.306s[00m
2020-10-30 15:56:48.947 5446 INFO tempest.lib.common.rest_client [req-fb10d0ae-2aea-4b36-83c0-d1eb6af0c7af ] Request (RoutersTest:_run_cleanups): 204 DELETE http://10.13.3.201:9696/v2.0/subnets/5c485173-2aa8-4db9-ac57-8c01ff97495c 0.352s[00m
2020-10-30 15:56:49.442 5449 INFO tempest.lib.common.rest_client [req-1b1a1b6b-e26d-4447-a2be-b5b7cab2971d ] Request (ServerAddressesTestJSON:setUpClass): 200 GET http://10.13.3.238:8774/v2.1/servers/2fabb2e3-dc81-4e13-9702-d21b47605289 0.108s[00m
2020-10-30 15:56:49.585 5446 INFO tempest.lib.common.rest_client [req-4c037574-39a2-4d9b-8913-e79e843ad010 ] Request (RoutersTest:_run_cleanups): 204 DELETE http://10.13.3.201:9696/v2.0/networks/bdcbf746-cf41-4df9-879f-0f4f279535ee 0.637s[00m
2020-10-30 15:56:50.251 5446 INFO tempest.lib.common.rest_client [req-3025566f-252a-48cb-bfe0-867f17b06bf9 ] Request (RoutersTest:_run_cleanups): 204 DELETE http://10.13.3.201:9696/v2.0/networks/a4d2f0c6-0c26-4272-8387-d677cb1d7ac3 0.665s[00m
{0} tempest.api.network.test_routers.RoutersTest.test_add_multiple_router_interfaces [7.999696s] ... ok
2020-10-30 15:56:50.359 5446 INFO tempest.lib.common.rest_client [req-56b6e623-aa04-4e5e-b591-933fb8b728fe ] Request (RoutersTest:test_add_remove_router_interface_with_port_id): 201 POST http://10.13.3.201:9696/v2.0/networks 0.105s[00m
2020-10-30 15:56:50.578 5449 INFO tempest.lib.common.rest_client [req-de941c58-2870-4e4e-8472-a33d62dcb832 ] Request (ServerAddressesTestJSON:setUpClass): 200 GET http://10.13.3.238:8774/v2.1/servers/2fabb2e3-dc81-4e13-9702-d21b47605289 0.124s[00m
2020-10-30 15:56:50.775 5446 INFO tempest.lib.common.rest_client [req-39b322bf-1662-44c4-ab32-6e666dd999be ] Request (RoutersTest:test_add_remove_router_interface_with_port_id): 201 POST http://10.13.3.201:9696/v2.0/subnets 0.414s[00m
2020-10-30 15:56:50.831 5446 INFO tempest.lib.common.rest_client [req-2cc21d44-94c6-4570-8aa3-fc5edf9ccd54 ] Request (RoutersTest:test_add_remove_router_interface_with_port_id): 201 POST http://10.13.3.201:9696/v2.0/routers 0.054s[00m
2020-10-30 15:56:51.399 5446 INFO tempest.lib.common.rest_client [req-2fba163a-1787-4797-b42f-0b780f82203e ] Request (RoutersTest:test_add_remove_router_interface_with_port_id): 201 POST http://10.13.3.201:9696/v2.0/ports 0.564s[00m
2020-10-30 15:56:51.725 5449 INFO tempest.lib.common.rest_client [req-921a0b76-63fb-47f8-860e-04c7d70d6c7a ] Request (ServerAddressesTestJSON:setUpClass): 200 GET http://10.13.3.238:8774/v2.1/servers/2fabb2e3-dc81-4e13-9702-d21b47605289 0.137s[00m
2020-10-30 15:56:51.734 5449 INFO tempest.common.waiters [-] State transition "BUILD/spawning" ==> "ACTIVE/None" after 12 second wait[00m
2020-10-30 15:56:51.785 5449 INFO tempest.lib.common.rest_client [req-ee9a6d29-9be1-4bdf-9af4-d87229d8d4ff ] Request (ServerAddressesTestJSON:test_list_server_addresses): 200 GET http://10.13.3.238:8774/v2.1/servers/2fabb2e3-dc81-4e13-9702-d21b47605289/ips 0.047s[00m
{1} tempest.api.compute.servers.test_server_addresses.ServerAddressesTestJSON.test_list_server_addresses [0.053008s] ... ok
2020-10-30 15:56:51.831 5449 INFO tempest.lib.common.rest_client [req-ea1331e0-da06-4997-888e-b34d8ee8f807 ] Request (ServerAddressesTestJSON:test_list_server_addresses_by_network): 200 GET http://10.13.3.238:8774/v2.1/servers/2fabb2e3-dc81-4e13-9702-d21b47605289/ips 0.040s[00m
2020-10-30 15:56:51.876 5449 INFO tempest.lib.common.rest_client [req-321a4a76-56bf-48ef-bcb7-99761166af68 ] Request (ServerAddressesTestJSON:test_list_server_addresses_by_network): 200 GET http://10.13.3.238:8774/v2.1/servers/2fabb2e3-dc81-4e13-9702-d21b47605289/ips/tempest-ServerAddressesTestJSON-1342667661-network 0.041s[00m
{1} tempest.api.compute.servers.test_server_addresses.ServerAddressesTestJSON.test_list_server_addresses_by_network [0.089578s] ... ok
2020-10-30 15:56:51.977 5449 INFO tempest.lib.common.rest_client [req-dd172b8f-0757-44b6-9d44-d369a295ed8d ] Request (ServerAddressesTestJSON:tearDownClass): 204 DELETE http://10.13.3.238:8774/v2.1/servers/2fabb2e3-dc81-4e13-9702-d21b47605289 0.096s[00m
2020-10-30 15:56:52.091 5449 INFO tempest.lib.common.rest_client [req-329f6d19-a0ac-4db4-98a9-f812709f5e3b ] Request (ServerAddressesTestJSON:tearDownClass): 200 GET http://10.13.3.238:8774/v2.1/servers/2fabb2e3-dc81-4e13-9702-d21b47605289 0.113s[00m
2020-10-30 15:56:52.595 5446 INFO tempest.lib.common.rest_client [req-80c02b30-7dba-4e69-8d12-7b43f18c161d ] Request (RoutersTest:test_add_remove_router_interface_with_port_id): 200 PUT http://10.13.3.201:9696/v2.0/routers/e565b244-e739-4aaf-a710-b6525e4c0a3d/add_router_interface 1.193s[00m
2020-10-30 15:56:52.638 5446 INFO tempest.lib.common.rest_client [req-ac866992-5601-4111-b422-6d74b41ddc96 ] Request (RoutersTest:test_add_remove_router_interface_with_port_id): 200 GET http://10.13.3.201:9696/v2.0/ports/e46c722a-6b6b-48ba-88d4-0d2b7fe0aa0e 0.041s[00m
2020-10-30 15:56:53.273 5449 INFO tempest.lib.common.rest_client [req-1b3e3fb0-d014-4004-9a09-4c54528559ed ] Request (ServerAddressesTestJSON:tearDownClass): 200 GET http://10.13.3.238:8774/v2.1/servers/2fabb2e3-dc81-4e13-9702-d21b47605289 0.171s[00m
2020-10-30 15:56:53.612 5446 INFO tempest.lib.common.rest_client [req-5eaaa464-2b16-484b-8fdc-eaea56ae2188 ] Request (RoutersTest:test_add_remove_router_interface_with_port_id): 200 PUT http://10.13.3.201:9696/v2.0/routers/e565b244-e739-4aaf-a710-b6525e4c0a3d/remove_router_interface 0.970s[00m
2020-10-30 15:56:53.745 5446 INFO tempest.lib.common.rest_client [req-5ff3517b-b3dc-41c4-9b1c-090d2f305db4 ] Request (RoutersTest:_run_cleanups): 404 PUT http://10.13.3.201:9696/v2.0/routers/e565b244-e739-4aaf-a710-b6525e4c0a3d/remove_router_interface 0.129s[00m
2020-10-30 15:56:53.778 5446 INFO tempest.lib.common.rest_client [req-88a28cbc-200a-446b-9603-47c15616d706 ] Request (RoutersTest:_run_cleanups): 200 GET http://10.13.3.201:9696/v2.0/ports?device_id=e565b244-e739-4aaf-a710-b6525e4c0a3d 0.028s[00m
2020-10-30 15:56:54.027 5446 INFO tempest.lib.common.rest_client [req-e0ae918c-a0b1-48d5-89bf-e763db3e29b9 ] Request (RoutersTest:_run_cleanups): 204 DELETE http://10.13.3.201:9696/v2.0/routers/e565b244-e739-4aaf-a710-b6525e4c0a3d 0.247s[00m
2020-10-30 15:56:54.329 5446 INFO tempest.lib.common.rest_client [req-84bd9d6f-03bf-4786-a4f0-50f3e23b34d3 ] Request (RoutersTest:_run_cleanups): 204 DELETE http://10.13.3.201:9696/v2.0/subnets/da84f090-9e53-4c1b-968c-2081dd49dcd2 0.297s[00m
2020-10-30 15:56:54.326 5449 INFO tempest.lib.common.rest_client [req-aad08b42-1509-4ec0-9b86-f71c029f08e1 ] Request (ServerAddressesTestJSON:tearDownClass): 404 GET http://10.13.3.238:8774/v2.1/servers/2fabb2e3-dc81-4e13-9702-d21b47605289 0.043s[00m
2020-10-30 15:56:54.599 5449 INFO tempest.lib.common.rest_client [req-da892e1e-0400-48b4-b159-a2ffa7f42ef2 ] Request (ServerAddressesTestJSON:tearDownClass): 204 DELETE http://10.13.3.201:9696/v2.0/subnets/ea767cd2-963d-405a-8136-9b5aefd6cd02 0.265s[00m
2020-10-30 15:56:54.933 5449 INFO tempest.lib.common.rest_client [req-cb8cb816-7fd5-48cb-90c7-7961112f8dd8 ] Request (ServerAddressesTestJSON:tearDownClass): 204 DELETE http://10.13.3.201:9696/v2.0/networks/878b97e3-5f57-4d3a-9df4-170f20f92efd 0.333s[00m
2020-10-30 15:56:54.940 5446 INFO tempest.lib.common.rest_client [req-871af0fd-cefa-4015-8a8c-b481e6453f12 ] Request (RoutersTest:_run_cleanups): 204 DELETE http://10.13.3.201:9696/v2.0/networks/c48aa703-907d-4734-94bc-0300af52416c 0.604s[00m
{0} tempest.api.network.test_routers.RoutersTest.test_add_remove_router_interface_with_port_id [4.687385s] ... ok
2020-10-30 15:56:55.009 5449 INFO tempest.lib.common.rest_client [req-2bc5906a-de94-4968-955b-6f54d06be8f1 ] Request (ServerAddressesTestJSON:tearDownClass): 204 DELETE http://10.13.3.239:35357/v3/users/f9559a530b4f471f90db173a3baddf1a 0.075s[00m
2020-10-30 15:56:55.039 5449 INFO tempest.lib.common.rest_client [req-3ad37a2a-5f37-43c2-8407-f7b6fd2e6a7c ] Request (ServerAddressesTestJSON:tearDownClass): 200 GET http://10.13.3.201:9696/v2.0/security-groups?tenant_id=68037a84d3ce44e79f64891fa295c55b&name=default 0.029s[00m
2020-10-30 15:56:55.074 5446 INFO tempest.lib.common.rest_client [req-62d167d0-7133-431d-a4de-0bc83538a4e2 ] Request (RoutersTest:test_add_remove_router_interface_with_subnet_id): 201 POST http://10.13.3.201:9696/v2.0/networks 0.132s[00m
2020-10-30 15:56:55.223 5449 INFO tempest.lib.common.rest_client [req-56f410ad-7b66-46fa-8f7b-81d10fcee17d ] Request (ServerAddressesTestJSON:tearDownClass): 204 DELETE http://10.13.3.201:9696/v2.0/security-groups/a31f203a-73e0-482b-ac2b-563a954c7968 0.182s[00m
2020-10-30 15:56:55.295 5449 INFO tempest.lib.common.rest_client [req-485b161f-80a4-46a3-8d1c-7525925408a5 ] Request (ServerAddressesTestJSON:tearDownClass): 204 DELETE http://10.13.3.239:35357/v3/projects/68037a84d3ce44e79f64891fa295c55b 0.071s[00m
2020-10-30 15:56:55.482 5446 INFO tempest.lib.common.rest_client [req-10fa6d4e-fdde-4e45-85d9-7e0f4d491abd ] Request (RoutersTest:test_add_remove_router_interface_with_subnet_id): 201 POST http://10.13.3.201:9696/v2.0/subnets 0.406s[00m
2020-10-30 15:56:55.538 5446 INFO tempest.lib.common.rest_client [req-deea611e-47c8-4b7a-ac67-d6dc63ea1fab ] Request (RoutersTest:test_add_remove_router_interface_with_subnet_id): 201 POST http://10.13.3.201:9696/v2.0/routers 0.055s[00m
2020-10-30 15:56:55.566 5449 INFO tempest.lib.common.rest_client [req-f5129003-2bfd-4283-ae7f-9ac286086473 ] Request (TestVersions:setUpClass): 201 POST http://10.13.3.239:5000/v3/auth/tokens 0.268s[00m
2020-10-30 15:56:55.823 5449 INFO tempest.lib.common.rest_client [req-704065a8-e1de-44d1-88c4-466008e809eb ] Request (TestVersions:setUpClass): 201 POST http://10.13.3.239:5000/v3/auth/tokens 0.251s[00m
2020-10-30 15:56:55.847 5449 INFO tempest.lib.common.rest_client [req-2b5ec20c-31e9-40e1-8a4b-97e2dc600592 ] Request (TestVersions:setUpClass): 200 GET http://10.13.3.239:35357/v3/domains?name=admin_domain 0.022s[00m
2020-10-30 15:56:55.874 5449 INFO tempest.lib.common.rest_client [req-14b43b74-e274-47a1-ac5e-98ca695f2afd ] Request (TestVersions:setUpClass): 201 POST http://10.13.3.239:35357/v3/projects 0.026s[00m
2020-10-30 15:56:56.130 5449 INFO tempest.lib.common.rest_client [req-0a8e5014-ea66-4b4e-bcf2-491f7ffc26b4 ] Request (TestVersions:setUpClass): 201 POST http://10.13.3.239:35357/v3/users 0.254s[00m
2020-10-30 15:56:56.150 5449 INFO tempest.lib.common.rest_client [req-b6865666-357e-4cc9-aedf-e3bf276216fe ] Request (TestVersions:setUpClass): 200 GET http://10.13.3.239:35357/v3/roles 0.019s[00m
2020-10-30 15:56:56.170 5449 INFO tempest.lib.common.rest_client [req-25a9f115-f982-4126-ac59-149a6b8ab5a8 ] Request (TestVersions:setUpClass): 200 GET http://10.13.3.239:35357/v3/roles 0.018s[00m
2020-10-30 15:56:56.203 5449 INFO tempest.lib.common.rest_client [req-c545b9d4-33e5-4b8f-85bc-8ee6e8287e7a ] Request (TestVersions:setUpClass): 204 PUT http://10.13.3.239:35357/v3/projects/127119537d6248548b35d0b60a7b9249/users/4584355a08914ff4b8c9ed1ba49c9433/roles/cf9f9d7d1d3045c99e048eab0884658c 0.032s[00m
2020-10-30 15:56:56.203 5449 INFO tempest.lib.common.dynamic_creds [-] Acquired dynamic creds:
 credentials: Credentials: {'domain_id': 'f5aee6e468e84cafaf2a172b409372ec', 'domain_name': 'admin_domain', 'username': 'tempest-TestVersions-774730670', 'project_domain_id': 'f5aee6e468e84cafaf2a172b409372ec', 'project_domain_name': 'admin_domain', 'project_id': '127119537d6248548b35d0b60a7b9249', 'project_name': 'tempest-TestVersions-774730670', 'tenant_id': '127119537d6248548b35d0b60a7b9249', 'tenant_name': 'tempest-TestVersions-774730670', 'user_domain_id': 'f5aee6e468e84cafaf2a172b409372ec', 'user_domain_name': 'admin_domain', 'user_id': '4584355a08914ff4b8c9ed1ba49c9433'}, Network: None, Subnet: None, Router: None[00m
2020-10-30 15:56:56.204 5449 INFO tempest.lib.common.dynamic_creds [-] Created isolated network resources for:
 credentials: Credentials: {'domain_id': 'f5aee6e468e84cafaf2a172b409372ec', 'domain_name': 'admin_domain', 'username': 'tempest-TestVersions-774730670', 'project_domain_id': 'f5aee6e468e84cafaf2a172b409372ec', 'project_domain_name': 'admin_domain', 'project_id': '127119537d6248548b35d0b60a7b9249', 'project_name': 'tempest-TestVersions-774730670', 'tenant_id': '127119537d6248548b35d0b60a7b9249', 'tenant_name': 'tempest-TestVersions-774730670', 'user_domain_id': 'f5aee6e468e84cafaf2a172b409372ec', 'user_domain_name': 'admin_domain', 'user_id': '4584355a08914ff4b8c9ed1ba49c9433'}, Network: None, Subnet: None, Router: None[00m
2020-10-30 15:56:56.485 5449 INFO tempest.lib.common.rest_client [req-70bd5ba6-55ff-4de2-a9f1-bf93788f5b2a ] Request (TestVersions:setUpClass): 201 POST http://10.13.3.239:5000/v3/auth/tokens 0.272s[00m
2020-10-30 15:56:56.496 5449 INFO tempest.lib.common.rest_client [-] Request (TestVersions:test_get_version_details): 200 GET http://10.13.3.238:8774/ 0.009s[00m
2020-10-30 15:56:56.587 5449 INFO tempest.lib.common.rest_client [req-87e62e94-496f-4257-8b63-df8c7f5d54d4 ] Request (TestVersions:test_get_version_details): 200 GET http://10.13.3.238:8774/v2/ 0.087s[00m
2020-10-30 15:56:56.602 5449 INFO tempest.lib.common.rest_client [req-61287784-20b5-4497-b225-1d945dd2ecfb ] Request (TestVersions:test_get_version_details): 200 GET http://10.13.3.238:8774/v2.1/ 0.012s[00m
{1} tempest.api.compute.test_versions.TestVersions.test_get_version_details [0.120135s] ... ok
2020-10-30 15:56:56.616 5449 INFO tempest.lib.common.rest_client [-] Request (TestVersions:test_list_api_versions): 200 GET http://10.13.3.238:8774/ 0.008s[00m
{1} tempest.api.compute.test_versions.TestVersions.test_list_api_versions [0.011675s] ... ok
2020-10-30 15:56:56.692 5449 INFO tempest.lib.common.rest_client [req-22056cf5-0987-4cb1-a8f4-82279521e996 ] Request (TestVersions:tearDownClass): 204 DELETE http://10.13.3.239:35357/v3/users/4584355a08914ff4b8c9ed1ba49c9433 0.072s[00m
2020-10-30 15:56:56.728 5446 INFO tempest.lib.common.rest_client [req-f15a2445-26db-4845-88e2-665654a7360b ] Request (RoutersTest:test_add_remove_router_interface_with_subnet_id): 200 PUT http://10.13.3.201:9696/v2.0/routers/cab919ed-d195-4b3c-ab7e-3f442acc3506/add_router_interface 1.188s[00m
2020-10-30 15:56:56.770 5446 INFO tempest.lib.common.rest_client [req-af35e84f-68e9-4089-813c-25df83ad0f4d ] Request (RoutersTest:test_add_remove_router_interface_with_subnet_id): 200 GET http://10.13.3.201:9696/v2.0/ports/6bd158dc-36d2-4ed9-9b4d-b2eab6b4da99 0.041s[00m
2020-10-30 15:56:56.955 5449 INFO tempest.lib.common.rest_client [req-3f98aaea-2bd5-4534-abbf-75e789deec4a ] Request (TestVersions:tearDownClass): 201 POST http://10.13.3.239:5000/v3/auth/tokens 0.259s[00m
2020-10-30 15:56:57.111 5449 INFO tempest.lib.common.rest_client [req-0a67bc50-e509-4f1c-95e9-fe1ae0d653d9 ] Request (TestVersions:tearDownClass): 200 GET http://10.13.3.201:9696/v2.0/security-groups?tenant_id=127119537d6248548b35d0b60a7b9249&name=default 0.154s[00m
2020-10-30 15:56:57.181 5449 INFO tempest.lib.common.rest_client [req-0b193bbd-ca6a-4722-84b5-2034b3e120ef ] Request (TestVersions:tearDownClass): 204 DELETE http://10.13.3.201:9696/v2.0/security-groups/2d4e7716-dcac-49bb-bcac-9c88f68dfd3d 0.068s[00m
2020-10-30 15:56:57.264 5449 INFO tempest.lib.common.rest_client [req-6c099af7-751d-40a9-ae33-2efd6ebb1299 ] Request (TestVersions:tearDownClass): 204 DELETE http://10.13.3.239:35357/v3/projects/127119537d6248548b35d0b60a7b9249 0.082s[00m
2020-10-30 15:56:57.535 5449 INFO tempest.lib.common.rest_client [req-0648860b-a919-4635-beb4-5b815aa4e6fd ] Request (CredentialsTestJSON:setUpClass): 201 POST http://10.13.3.239:5000/v3/auth/tokens 0.269s[00m
2020-10-30 15:56:57.749 5446 INFO tempest.lib.common.rest_client [req-ba7fb148-7196-4301-8107-39901802f4cf ] Request (RoutersTest:_run_cleanups): 200 PUT http://10.13.3.201:9696/v2.0/routers/cab919ed-d195-4b3c-ab7e-3f442acc3506/remove_router_interface 0.977s[00m
2020-10-30 15:56:57.781 5446 INFO tempest.lib.common.rest_client [req-7920e35f-96d7-4749-ade5-05c37abe357f ] Request (RoutersTest:_run_cleanups): 200 GET http://10.13.3.201:9696/v2.0/ports?device_id=cab919ed-d195-4b3c-ab7e-3f442acc3506 0.031s[00m
2020-10-30 15:56:57.786 5449 INFO tempest.lib.common.rest_client [req-96ece02d-ca58-4da0-8ab3-1aacedf313b8 ] Request (CredentialsTestJSON:setUpClass): 201 POST http://10.13.3.239:5000/v3/auth/tokens 0.244s[00m
2020-10-30 15:56:57.809 5449 INFO tempest.lib.common.rest_client [req-e29c807e-1328-4b80-9f60-4db15ddd6f2c ] Request (CredentialsTestJSON:setUpClass): 200 GET http://10.13.3.239:35357/v3/domains?name=admin_domain 0.022s[00m
2020-10-30 15:56:57.837 5449 INFO tempest.lib.common.rest_client [req-b4a905ad-2c15-4398-8b6b-4564ab4e02c8 ] Request (CredentialsTestJSON:setUpClass): 201 POST http://10.13.3.239:35357/v3/projects 0.026s[00m
2020-10-30 15:56:57.986 5446 INFO tempest.lib.common.rest_client [req-628d2bf6-44f4-4061-9104-3dc40544dc3e ] Request (RoutersTest:_run_cleanups): 204 DELETE http://10.13.3.201:9696/v2.0/routers/cab919ed-d195-4b3c-ab7e-3f442acc3506 0.204s[00m
2020-10-30 15:56:58.083 5449 INFO tempest.lib.common.rest_client [req-c5b8722e-caca-4991-9553-7aca930665c6 ] Request (CredentialsTestJSON:setUpClass): 201 POST http://10.13.3.239:35357/v3/users 0.245s[00m
2020-10-30 15:56:58.103 5449 INFO tempest.lib.common.rest_client [req-ec26e248-d48f-49ed-890f-ba575b9532cc ] Request (CredentialsTestJSON:setUpClass): 200 GET http://10.13.3.239:35357/v3/roles 0.018s[00m
2020-10-30 15:56:58.122 5449 INFO tempest.lib.common.rest_client [req-c8b6cc93-aa17-4402-8ffe-fc7ff8f156ff ] Request (CredentialsTestJSON:setUpClass): 200 GET http://10.13.3.239:35357/v3/roles 0.018s[00m
2020-10-30 15:56:58.153 5449 INFO tempest.lib.common.rest_client [req-41d9dc93-4aed-4179-9dc7-ec879adc321e ] Request (CredentialsTestJSON:setUpClass): 204 PUT http://10.13.3.239:35357/v3/projects/9203d0dea34744198e4fbca4a05f3a61/users/3684b7b6e8af4d57afe62c81fdac3237/roles/cf9f9d7d1d3045c99e048eab0884658c 0.030s[00m
2020-10-30 15:56:58.154 5449 INFO tempest.lib.common.dynamic_creds [-] Acquired dynamic creds:
