 credentials: Credentials: {'domain_id': 'f5aee6e468e84cafaf2a172b409372ec', 'domain_name': 'admin_domain', 'username': 'tempest-GroupsV3TestJSON-1765961797', 'project_domain_id': 'f5aee6e468e84cafaf2a172b409372ec', 'project_domain_name': 'admin_domain', 'project_id': '155ecfbfc149462d8698aa0e6bb146e3', 'project_name': 'tempest-GroupsV3TestJSON-1765961797', 'tenant_id': '155ecfbfc149462d8698aa0e6bb146e3', 'tenant_name': 'tempest-GroupsV3TestJSON-1765961797', 'user_domain_id': 'f5aee6e468e84cafaf2a172b409372ec', 'user_domain_name': 'admin_domain', 'user_id': '097dc029115e485a91f838b9c103a3b5'}, Network: None, Subnet: None, Router: None[00m
2020-10-30 15:57:07.220 5446 INFO tempest.lib.common.rest_client [req-03ddaa2c-8eb7-4100-9146-c49b7499fae9 ] Request (NetworksApiDiscovery:setUpClass): 200 GET http://10.13.3.239:35357/v3/roles 0.037s[00m
2020-10-30 15:57:07.251 5446 INFO tempest.lib.common.rest_client [req-39a1e69c-8725-48c9-bd81-d18bb61adec7 ] Request (NetworksApiDiscovery:setUpClass): 204 PUT http://10.13.3.239:35357/v3/projects/c42aa8f867854df6bb8a561012084f2a/users/bfc872ef3857436bbca57a0aa8b17f06/roles/cf9f9d7d1d3045c99e048eab0884658c 0.030s[00m
2020-10-30 15:57:07.252 5446 INFO tempest.lib.common.dynamic_creds [-] Acquired dynamic creds:
 credentials: Credentials: {'domain_id': 'f5aee6e468e84cafaf2a172b409372ec', 'domain_name': 'admin_domain', 'username': 'tempest-NetworksApiDiscovery-1855576987', 'project_domain_id': 'f5aee6e468e84cafaf2a172b409372ec', 'project_domain_name': 'admin_domain', 'project_id': 'c42aa8f867854df6bb8a561012084f2a', 'project_name': 'tempest-NetworksApiDiscovery-1855576987', 'tenant_id': 'c42aa8f867854df6bb8a561012084f2a', 'tenant_name': 'tempest-NetworksApiDiscovery-1855576987', 'user_domain_id': 'f5aee6e468e84cafaf2a172b409372ec', 'user_domain_name': 'admin_domain', 'user_id': 'bfc872ef3857436bbca57a0aa8b17f06'}, Network: None, Subnet: None, Router: None[00m
2020-10-30 15:57:07.252 5446 INFO tempest.lib.common.dynamic_creds [-] Created isolated network resources for:
 credentials: Credentials: {'domain_id': 'f5aee6e468e84cafaf2a172b409372ec', 'domain_name': 'admin_domain', 'username': 'tempest-NetworksApiDiscovery-1855576987', 'project_domain_id': 'f5aee6e468e84cafaf2a172b409372ec', 'project_domain_name': 'admin_domain', 'project_id': 'c42aa8f867854df6bb8a561012084f2a', 'project_name': 'tempest-NetworksApiDiscovery-1855576987', 'tenant_id': 'c42aa8f867854df6bb8a561012084f2a', 'tenant_name': 'tempest-NetworksApiDiscovery-1855576987', 'user_domain_id': 'f5aee6e468e84cafaf2a172b409372ec', 'user_domain_name': 'admin_domain', 'user_id': 'bfc872ef3857436bbca57a0aa8b17f06'}, Network: None, Subnet: None, Router: None[00m
2020-10-30 15:57:07.476 5449 INFO tempest.lib.common.rest_client [req-21fca9fd-bc88-4941-b1fe-00663c8269de ] Request (GroupsV3TestJSON:setUpClass): 201 POST http://10.13.3.239:5000/v3/auth/tokens 0.272s[00m
2020-10-30 15:57:07.531 5446 INFO tempest.lib.common.rest_client [req-b02c4814-a8f8-4dce-a53b-7a8906178582 ] Request (NetworksApiDiscovery:setUpClass): 201 POST http://10.13.3.239:5000/v3/auth/tokens 0.269s[00m
2020-10-30 15:57:07.541 5446 INFO tempest.lib.common.rest_client [-] Request (NetworksApiDiscovery:test_api_version_resources): 200 GET http://10.13.3.201:9696/ 0.008s[00m
{0} tempest.api.network.test_versions.NetworksApiDiscovery.test_api_version_resources [0.010109s] ... ok
2020-10-30 15:57:07.597 5446 INFO tempest.lib.common.rest_client [req-e6bf5eed-7fc8-45e6-ba6b-989c2f6b1246 ] Request (NetworksApiDiscovery:test_show_api_v2_details): 200 GET http://10.13.3.201:9696/v2.0/ 0.054s[00m
{0} tempest.api.network.test_versions.NetworksApiDiscovery.test_show_api_v2_details [0.055414s] ... ok
2020-10-30 15:57:07.670 5446 INFO tempest.lib.common.rest_client [req-424a20d3-c209-4ecf-a931-dbabf508c632 ] Request (NetworksApiDiscovery:tearDownClass): 204 DELETE http://10.13.3.239:35357/v3/users/bfc872ef3857436bbca57a0aa8b17f06 0.072s[00m
2020-10-30 15:57:07.729 5449 INFO tempest.lib.common.rest_client [req-2668b7b0-6923-4aa0-b036-7ba7204e409d ] Request (GroupsV3TestJSON:setUpClass): 201 POST http://10.13.3.239:5000/v3/auth/tokens 0.252s[00m
2020-10-30 15:57:07.752 5449 INFO tempest.lib.common.rest_client [req-990d8be0-8d73-4491-aaed-99cbd8fd9621 ] Request (GroupsV3TestJSON:setUpClass): 201 POST http://10.13.3.239:35357/v3/domains 0.022s[00m
2020-10-30 15:57:07.794 5449 INFO tempest.lib.common.rest_client [req-e19112a7-f54f-4911-ac22-ef23c6b16f74 ] Request (GroupsV3TestJSON:test_group_users_add_list_delete): 201 POST http://10.13.3.239:35357/v3/groups 0.040s[00m
2020-10-30 15:57:07.930 5446 INFO tempest.lib.common.rest_client [req-c2986e50-cd72-405d-be80-5ed1d437aa67 ] Request (NetworksApiDiscovery:tearDownClass): 201 POST http://10.13.3.239:5000/v3/auth/tokens 0.259s[00m
2020-10-30 15:57:08.029 5449 INFO tempest.lib.common.rest_client [req-a18c5a64-f58f-4685-a08f-9529d54ef4fd ] Request (GroupsV3TestJSON:test_group_users_add_list_delete): 201 POST http://10.13.3.239:35357/v3/users 0.234s[00m
2020-10-30 15:57:08.073 5449 INFO tempest.lib.common.rest_client [req-d5b150f4-901d-4079-be34-b597e256df74 ] Request (GroupsV3TestJSON:test_group_users_add_list_delete): 204 PUT http://10.13.3.239:35357/v3/groups/98356e9880114a3584617d250c1d3015/users/9f35bb08a9144dd99f212f4280a2941d 0.042s[00m
2020-10-30 15:57:08.087 5446 INFO tempest.lib.common.rest_client [req-248c354e-58c3-4e79-b2c5-46e9a1c05876 ] Request (NetworksApiDiscovery:tearDownClass): 200 GET http://10.13.3.201:9696/v2.0/security-groups?tenant_id=c42aa8f867854df6bb8a561012084f2a&name=default 0.155s[00m
2020-10-30 15:57:08.161 5446 INFO tempest.lib.common.rest_client [req-1aff3d46-9842-4f05-884e-648c2b09d278 ] Request (NetworksApiDiscovery:tearDownClass): 204 DELETE http://10.13.3.201:9696/v2.0/security-groups/9d433ac2-7418-46d4-b9fe-f0c74c8e5f23 0.073s[00m
2020-10-30 15:57:08.325 5449 INFO tempest.lib.common.rest_client [req-8af5d1d5-d306-46f1-9292-63c41ea730af ] Request (GroupsV3TestJSON:test_group_users_add_list_delete): 201 POST http://10.13.3.239:35357/v3/users 0.251s[00m
2020-10-30 15:57:08.391 5446 INFO tempest.lib.common.rest_client [req-6ee25f04-9e04-4e30-b0c8-c3b4ed55ee23 ] Request (NetworksApiDiscovery:tearDownClass): 204 DELETE http://10.13.3.239:35357/v3/projects/c42aa8f867854df6bb8a561012084f2a 0.230s[00m
2020-10-30 15:57:08.393 5446 INFO tempest.test [-] <class 'unittest.case.SkipTest'> raised in AccountTest.setUpClass. Invoking tearDownClass.[00m
{0} setUpClass (tempest.api.object_storage.test_account_services.AccountTest) ... SKIPPED: AccountTest skipped as swift is not available
2020-10-30 15:57:08.396 5446 INFO tempest.test [-] <class 'unittest.case.SkipTest'> raised in ContainerTest.setUpClass. Invoking tearDownClass.[00m
{0} setUpClass (tempest.api.object_storage.test_container_services.ContainerTest) ... SKIPPED: ContainerTest skipped as swift is not available
2020-10-30 15:57:08.438 5449 INFO tempest.lib.common.rest_client [req-ca8e2bde-01c2-4dab-b4c9-ae0167698a48 ] Request (GroupsV3TestJSON:test_group_users_add_list_delete): 204 PUT http://10.13.3.239:35357/v3/groups/98356e9880114a3584617d250c1d3015/users/af1d754f17e144059330369e88999035 0.111s[00m
2020-10-30 15:57:08.665 5446 INFO tempest.lib.common.rest_client [req-e16cbd0a-ceff-42be-93fb-addca96c8ec5 ] Request (VolumesActionsTest:setUpClass): 201 POST http://10.13.3.239:5000/v3/auth/tokens 0.262s[00m
2020-10-30 15:57:08.689 5449 INFO tempest.lib.common.rest_client [req-ab5a51f8-28ef-4723-8174-414d79f40333 ] Request (GroupsV3TestJSON:test_group_users_add_list_delete): 201 POST http://10.13.3.239:35357/v3/users 0.250s[00m
2020-10-30 15:57:08.727 5449 INFO tempest.lib.common.rest_client [req-3334678e-0a86-4323-bc79-6756c21425f1 ] Request (GroupsV3TestJSON:test_group_users_add_list_delete): 204 PUT http://10.13.3.239:35357/v3/groups/98356e9880114a3584617d250c1d3015/users/d8041bc144c248f3b57f259239437e0d 0.037s[00m
2020-10-30 15:57:08.770 5449 INFO tempest.lib.common.rest_client [req-be46c743-bbb6-43ea-a1da-b4d8a5ea6f1e ] Request (GroupsV3TestJSON:test_group_users_add_list_delete): 200 GET http://10.13.3.239:35357/v3/groups/98356e9880114a3584617d250c1d3015/users 0.041s[00m
2020-10-30 15:57:08.794 5449 INFO tempest.lib.common.rest_client [req-699c4574-1aaa-4f32-beaa-9d7cdddfaa49 ] Request (GroupsV3TestJSON:test_group_users_add_list_delete): 204 HEAD http://10.13.3.239:35357/v3/groups/98356e9880114a3584617d250c1d3015/users/9f35bb08a9144dd99f212f4280a2941d 0.023s[00m
2020-10-30 15:57:08.820 5449 INFO tempest.lib.common.rest_client [req-3c28c231-391b-45ce-bfbe-4b8e4aacca0f ] Request (GroupsV3TestJSON:test_group_users_add_list_delete): 204 DELETE http://10.13.3.239:35357/v3/groups/98356e9880114a3584617d250c1d3015/users/9f35bb08a9144dd99f212f4280a2941d 0.025s[00m
2020-10-30 15:57:08.860 5449 INFO tempest.lib.common.rest_client [req-f9175b83-3c89-4e3d-a1a3-ccbc9a1ffcda ] Request (GroupsV3TestJSON:test_group_users_add_list_delete): 204 HEAD http://10.13.3.239:35357/v3/groups/98356e9880114a3584617d250c1d3015/users/af1d754f17e144059330369e88999035 0.039s[00m
2020-10-30 15:57:08.886 5449 INFO tempest.lib.common.rest_client [req-ad0efd22-d203-4b59-8bc1-b763c2e4e2b6 ] Request (GroupsV3TestJSON:test_group_users_add_list_delete): 204 DELETE http://10.13.3.239:35357/v3/groups/98356e9880114a3584617d250c1d3015/users/af1d754f17e144059330369e88999035 0.025s[00m
2020-10-30 15:57:08.917 5446 INFO tempest.lib.common.rest_client [req-ba2d234c-d19e-40dd-a014-03a1c11d1288 ] Request (VolumesActionsTest:setUpClass): 201 POST http://10.13.3.239:5000/v3/auth/tokens 0.247s[00m
2020-10-30 15:57:08.924 5449 INFO tempest.lib.common.rest_client [req-88e0435a-a140-43a4-9b4c-289570164c56 ] Request (GroupsV3TestJSON:test_group_users_add_list_delete): 204 HEAD http://10.13.3.239:35357/v3/groups/98356e9880114a3584617d250c1d3015/users/d8041bc144c248f3b57f259239437e0d 0.037s[00m
2020-10-30 15:57:08.939 5446 INFO tempest.lib.common.rest_client [req-8e675349-79d0-4849-991c-b2ac92965184 ] Request (VolumesActionsTest:setUpClass): 200 GET http://10.13.3.239:35357/v3/domains?name=admin_domain 0.021s[00m
2020-10-30 15:57:08.956 5449 INFO tempest.lib.common.rest_client [req-6cd1ec10-79a1-4904-8d5d-b712583fa545 ] Request (GroupsV3TestJSON:test_group_users_add_list_delete): 204 DELETE http://10.13.3.239:35357/v3/groups/98356e9880114a3584617d250c1d3015/users/d8041bc144c248f3b57f259239437e0d 0.031s[00m
2020-10-30 15:57:08.989 5446 INFO tempest.lib.common.rest_client [req-bfb68c6b-5107-4120-9530-eef47efc3e48 ] Request (VolumesActionsTest:setUpClass): 201 POST http://10.13.3.239:35357/v3/projects 0.049s[00m
2020-10-30 15:57:09.024 5449 INFO tempest.lib.common.rest_client [req-2ee47094-2ef5-452a-89b7-d3eb54b7236b ] Request (GroupsV3TestJSON:test_group_users_add_list_delete): 200 GET http://10.13.3.239:35357/v3/groups/98356e9880114a3584617d250c1d3015/users 0.067s[00m
2020-10-30 15:57:09.266 5446 INFO tempest.lib.common.rest_client [req-1ab89558-84e1-4996-b2ae-fbff10294ddd ] Request (VolumesActionsTest:setUpClass): 201 POST http://10.13.3.239:35357/v3/users 0.276s[00m
2020-10-30 15:57:09.320 5449 INFO tempest.lib.common.rest_client [req-03796a46-30fe-4c25-b7d4-6ae91e93c5d2 ] Request (GroupsV3TestJSON:_run_cleanups): 204 DELETE http://10.13.3.239:35357/v3/users/d8041bc144c248f3b57f259239437e0d 0.295s[00m
2020-10-30 15:57:09.349 5446 INFO tempest.lib.common.rest_client [req-a95cc2d8-c188-4f3f-b3f3-b6b2ae586328 ] Request (VolumesActionsTest:setUpClass): 200 GET http://10.13.3.239:35357/v3/roles 0.081s[00m
2020-10-30 15:57:09.413 5449 INFO tempest.lib.common.rest_client [req-e87c4776-1556-475a-a1a4-2207ec46f442 ] Request (GroupsV3TestJSON:_run_cleanups): 204 DELETE http://10.13.3.239:35357/v3/users/af1d754f17e144059330369e88999035 0.090s[00m
2020-10-30 15:57:09.441 5446 INFO tempest.lib.common.rest_client [req-29969f51-46f8-4add-bd46-f2142e89863a ] Request (VolumesActionsTest:setUpClass): 200 GET http://10.13.3.239:35357/v3/roles 0.091s[00m
2020-10-30 15:57:09.500 5449 INFO tempest.lib.common.rest_client [req-8a23d3f6-4e3d-40bf-8edf-a5770e1bff69 ] Request (GroupsV3TestJSON:_run_cleanups): 204 DELETE http://10.13.3.239:35357/v3/users/9f35bb08a9144dd99f212f4280a2941d 0.085s[00m
2020-10-30 15:57:09.539 5446 INFO tempest.lib.common.rest_client [req-799b8ee7-fcd7-44cd-9253-6a182d89c959 ] Request (VolumesActionsTest:setUpClass): 204 PUT http://10.13.3.239:35357/v3/projects/8f24b716e7c44e37b7fa6ba97cd7705d/users/a32ad6d8d15d4d618140262819418681/roles/cf9f9d7d1d3045c99e048eab0884658c 0.096s[00m
2020-10-30 15:57:09.539 5446 INFO tempest.lib.common.dynamic_creds [-] Acquired dynamic creds:
 credentials: Credentials: {'domain_id': 'f5aee6e468e84cafaf2a172b409372ec', 'domain_name': 'admin_domain', 'username': 'tempest-VolumesActionsTest-1071521271', 'project_domain_id': 'f5aee6e468e84cafaf2a172b409372ec', 'project_domain_name': 'admin_domain', 'project_id': '8f24b716e7c44e37b7fa6ba97cd7705d', 'project_name': 'tempest-VolumesActionsTest-1071521271', 'tenant_id': '8f24b716e7c44e37b7fa6ba97cd7705d', 'tenant_name': 'tempest-VolumesActionsTest-1071521271', 'user_domain_id': 'f5aee6e468e84cafaf2a172b409372ec', 'user_domain_name': 'admin_domain', 'user_id': 'a32ad6d8d15d4d618140262819418681'}, Network: None, Subnet: None, Router: None[00m
2020-10-30 15:57:09.583 5449 INFO tempest.lib.common.rest_client [req-466135be-cef0-4582-ad56-edc192e54718 ] Request (GroupsV3TestJSON:_run_cleanups): 204 DELETE http://10.13.3.239:35357/v3/groups/98356e9880114a3584617d250c1d3015 0.082s[00m
{1} tempest.api.identity.admin.v3.test_groups.GroupsV3TestJSON.test_group_users_add_list_delete [1.831456s] ... ok
2020-10-30 15:57:09.637 5449 INFO tempest.lib.common.rest_client [req-83316a57-307a-4a9b-beea-17bd4010dcf6 ] Request (GroupsV3TestJSON:tearDownClass): 200 PATCH http://10.13.3.239:35357/v3/domains/fc79ce6d27e2473e8a56aa12525dfe46 0.051s[00m
2020-10-30 15:57:09.731 5449 INFO tempest.lib.common.rest_client [req-56ebc402-7901-4d63-b608-f93871791c0d ] Request (GroupsV3TestJSON:tearDownClass): 204 DELETE http://10.13.3.239:35357/v3/domains/fc79ce6d27e2473e8a56aa12525dfe46 0.093s[00m
2020-10-30 15:57:09.802 5449 INFO tempest.lib.common.rest_client [req-306e77c2-dfbc-461d-8c36-100b9d0f52ad ] Request (GroupsV3TestJSON:tearDownClass): 204 DELETE http://10.13.3.239:35357/v3/users/f48e89db81024ad8a171159b3eb51c72 0.069s[00m
2020-10-30 15:57:09.819 5446 INFO tempest.lib.common.rest_client [req-4d290e61-0198-49db-be26-f60d0b0e25b7 ] Request (VolumesActionsTest:setUpClass): 201 POST http://10.13.3.239:5000/v3/auth/tokens 0.278s[00m
2020-10-30 15:57:10.039 5449 INFO tempest.lib.common.rest_client [req-4c4100a0-a13d-4bda-9158-714e323a03e2 ] Request (GroupsV3TestJSON:tearDownClass): 201 POST http://10.13.3.239:5000/v3/auth/tokens 0.236s[00m
2020-10-30 15:57:10.099 5446 INFO tempest.lib.common.rest_client [req-7646b673-5a90-43b6-a644-08ec401ee61d ] Request (VolumesActionsTest:setUpClass): 201 POST http://10.13.3.201:9696/v2.0/networks 0.279s[00m
2020-10-30 15:57:10.190 5449 INFO tempest.lib.common.rest_client [req-1a2c36c4-6308-4c35-b0c1-4fd525795ad7 ] Request (GroupsV3TestJSON:tearDownClass): 200 GET http://10.13.3.201:9696/v2.0/security-groups?tenant_id=e53f2791a1ef4764baf9b78c2bac0067&name=default 0.150s[00m
2020-10-30 15:57:10.269 5449 INFO tempest.lib.common.rest_client [req-e68e7ed4-0253-4171-925d-e2f02e6db352 ] Request (GroupsV3TestJSON:tearDownClass): 204 DELETE http://10.13.3.201:9696/v2.0/security-groups/49a0befe-d4ef-438a-afb6-5c84c7a88b85 0.078s[00m
2020-10-30 15:57:10.345 5449 INFO tempest.lib.common.rest_client [req-8958622b-2f73-41de-b694-62a260ae3d63 ] Request (GroupsV3TestJSON:tearDownClass): 204 DELETE http://10.13.3.239:35357/v3/projects/e53f2791a1ef4764baf9b78c2bac0067 0.074s[00m
2020-10-30 15:57:10.421 5449 INFO tempest.lib.common.rest_client [req-5df838e1-4c59-451f-90e7-0d0f177f87e5 ] Request (GroupsV3TestJSON:tearDownClass): 204 DELETE http://10.13.3.239:35357/v3/users/097dc029115e485a91f838b9c103a3b5 0.075s[00m
2020-10-30 15:57:10.440 5446 INFO tempest.lib.common.rest_client [req-9ab9b1c0-a9f0-4095-95fb-e1f03a97c68d ] Request (VolumesActionsTest:setUpClass): 201 POST http://10.13.3.201:9696/v2.0/subnets 0.339s[00m
2020-10-30 15:57:10.441 5446 INFO tempest.lib.common.dynamic_creds [-] Created isolated network resources for:
 credentials: Credentials: {'domain_id': 'f5aee6e468e84cafaf2a172b409372ec', 'domain_name': 'admin_domain', 'username': 'tempest-VolumesActionsTest-1071521271', 'project_domain_id': 'f5aee6e468e84cafaf2a172b409372ec', 'project_domain_name': 'admin_domain', 'project_id': '8f24b716e7c44e37b7fa6ba97cd7705d', 'project_name': 'tempest-VolumesActionsTest-1071521271', 'tenant_id': '8f24b716e7c44e37b7fa6ba97cd7705d', 'tenant_name': 'tempest-VolumesActionsTest-1071521271', 'user_domain_id': 'f5aee6e468e84cafaf2a172b409372ec', 'user_domain_name': 'admin_domain', 'user_id': 'a32ad6d8d15d4d618140262819418681'}, Network: {'id': '3874dce4-152b-48d2-a5a6-078d1b7ec148', 'name': 'tempest-VolumesActionsTest-251689977-network', 'tenant_id': '8f24b716e7c44e37b7fa6ba97cd7705d', 'admin_state_up': True, 'mtu': 1458, 'status': 'ACTIVE', 'subnets': [], 'shared': False, 'project_id': '8f24b716e7c44e37b7fa6ba97cd7705d', 'router:external': False, 'provider:network_type': 'gre', 'provider:physical_network': None, 'provider:segmentation_id': 1, 'availability_zone_hints': [], 'is_default': False, 'availability_zones': [], 'ipv4_address_scope': None, 'ipv6_address_scope': None, 'description': '', 'l2_adjacency': True, 'tags': [], 'created_at': '2020-10-30T15:57:09Z', 'updated_at': '2020-10-30T15:57:10Z', 'revision_number': 1}, Subnet: {'id': '8df07e91-2053-41db-bb8f-2390b1ef348a', 'name': 'tempest-VolumesActionsTest-251689977-subnet', 'tenant_id': '8f24b716e7c44e37b7fa6ba97cd7705d', 'network_id': '3874dce4-152b-48d2-a5a6-078d1b7ec148', 'ip_version': 4, 'subnetpool_id': None, 'enable_dhcp': False, 'ipv6_ra_mode': None, 'ipv6_address_mode': None, 'gateway_ip': '172.16.0.1', 'cidr': '172.16.0.0/28', 'allocation_pools': [{'start': '172.16.0.2', 'end': '172.16.0.14'}], 'host_routes': [], 'dns_nameservers': [], 'description': '', 'service_types': [], 'segment_id': None, 'tags': [], 'created_at': '2020-10-30T15:57:10Z', 'updated_at': '2020-10-30T15:57:10Z', 'revision_number': 0, 'project_id': '8f24b716e7c44e37b7fa6ba97cd7705d'}, Router: None[00m
2020-10-30 15:57:10.505 5449 INFO tempest.lib.common.rest_client [req-49ee7397-88ae-4d35-9960-a7fc93885332 ] Request (GroupsV3TestJSON:tearDownClass): 200 GET http://10.13.3.201:9696/v2.0/security-groups?tenant_id=155ecfbfc149462d8698aa0e6bb146e3&name=default 0.083s[00m
2020-10-30 15:57:10.575 5449 INFO tempest.lib.common.rest_client [req-4864231e-f23f-4d02-86c0-196eed97cbdb ] Request (GroupsV3TestJSON:tearDownClass): 204 DELETE http://10.13.3.201:9696/v2.0/security-groups/f84f5622-5343-45fc-8d48-4b897acbd9aa 0.069s[00m
2020-10-30 15:57:10.647 5449 INFO tempest.lib.common.rest_client [req-5b25d614-8a1d-468e-8497-908f95ce0f7c ] Request (GroupsV3TestJSON:tearDownClass): 204 DELETE http://10.13.3.239:35357/v3/projects/155ecfbfc149462d8698aa0e6bb146e3 0.070s[00m
2020-10-30 15:57:10.719 5446 INFO tempest.lib.common.rest_client [req-57787379-21e4-470c-9abd-5e9189bea4d3 ] Request (VolumesActionsTest:setUpClass): 201 POST http://10.13.3.239:5000/v3/auth/tokens 0.272s[00m
2020-10-30 15:57:10.910 5449 INFO tempest.lib.common.rest_client [req-bd253ee2-9d26-49fa-9f1f-2b3a6e7151d3 ] Request (RegionsTestJSON:setUpClass): 201 POST http://10.13.3.239:5000/v3/auth/tokens 0.260s[00m
2020-10-30 15:57:10.949 5446 INFO tempest.lib.common.rest_client [req-d560298d-5a51-4067-8586-6ce46cb21da0 ] Request (VolumesActionsTest:setUpClass): 202 POST http://10.13.3.211:8776/v3/8f24b716e7c44e37b7fa6ba97cd7705d/volumes 0.228s[00m
2020-10-30 15:57:11.007 5446 INFO tempest.lib.common.rest_client [req-c30ddb87-6f62-4679-a7a6-08275e78766b ] Request (VolumesActionsTest:setUpClass): 200 GET http://10.13.3.211:8776/v3/8f24b716e7c44e37b7fa6ba97cd7705d/volumes/c455f642-2e72-4ffa-808d-35177d666615 0.050s[00m
2020-10-30 15:57:11.161 5449 INFO tempest.lib.common.rest_client [req-22368dad-b17c-4315-a205-3c40a2fe8394 ] Request (RegionsTestJSON:setUpClass): 201 POST http://10.13.3.239:5000/v3/auth/tokens 0.245s[00m
2020-10-30 15:57:11.184 5449 INFO tempest.lib.common.rest_client [req-fc597514-c0c6-4ba1-bbf4-8dbac304bb32 ] Request (RegionsTestJSON:setUpClass): 200 GET http://10.13.3.239:35357/v3/domains?name=admin_domain 0.021s[00m
2020-10-30 15:57:11.212 5449 INFO tempest.lib.common.rest_client [req-71650496-2ae9-47c9-8c1e-3ff6c0c5f498 ] Request (RegionsTestJSON:setUpClass): 201 POST http://10.13.3.239:35357/v3/projects 0.027s[00m
2020-10-30 15:57:11.461 5449 INFO tempest.lib.common.rest_client [req-2c6049a5-eaad-4228-8daf-4398c679887d ] Request (RegionsTestJSON:setUpClass): 201 POST http://10.13.3.239:35357/v3/users 0.248s[00m
2020-10-30 15:57:11.481 5449 INFO tempest.lib.common.rest_client [req-2f44484a-38c3-4230-aac3-6b1470f392f0 ] Request (RegionsTestJSON:setUpClass): 200 GET http://10.13.3.239:35357/v3/roles 0.018s[00m
2020-10-30 15:57:11.500 5449 INFO tempest.lib.common.rest_client [req-43669496-cf09-4727-9b3f-1d548b50b667 ] Request (RegionsTestJSON:setUpClass): 200 GET http://10.13.3.239:35357/v3/roles 0.018s[00m
2020-10-30 15:57:11.531 5449 INFO tempest.lib.common.rest_client [req-bfef6b69-195a-4a92-8cdf-a11453804282 ] Request (RegionsTestJSON:setUpClass): 204 PUT http://10.13.3.239:35357/v3/projects/88db10c9022b496ea7bdfe46af2fd98a/users/3cf64a4ac14d4721b768f7852e0328e8/roles/cf9f9d7d1d3045c99e048eab0884658c 0.030s[00m
2020-10-30 15:57:11.532 5449 INFO tempest.lib.common.dynamic_creds [-] Acquired dynamic creds:
 credentials: Credentials: {'domain_id': 'f5aee6e468e84cafaf2a172b409372ec', 'domain_name': 'admin_domain', 'username': 'tempest-RegionsTestJSON-532160266', 'project_domain_id': 'f5aee6e468e84cafaf2a172b409372ec', 'project_domain_name': 'admin_domain', 'project_id': '88db10c9022b496ea7bdfe46af2fd98a', 'project_name': 'tempest-RegionsTestJSON-532160266', 'tenant_id': '88db10c9022b496ea7bdfe46af2fd98a', 'tenant_name': 'tempest-RegionsTestJSON-532160266', 'user_domain_id': 'f5aee6e468e84cafaf2a172b409372ec', 'user_domain_name': 'admin_domain', 'user_id': '3cf64a4ac14d4721b768f7852e0328e8'}, Network: None, Subnet: None, Router: None[00m
2020-10-30 15:57:11.533 5449 INFO tempest.lib.common.dynamic_creds [-] Created isolated network resources for:
 credentials: Credentials: {'domain_id': 'f5aee6e468e84cafaf2a172b409372ec', 'domain_name': 'admin_domain', 'username': 'tempest-RegionsTestJSON-532160266', 'project_domain_id': 'f5aee6e468e84cafaf2a172b409372ec', 'project_domain_name': 'admin_domain', 'project_id': '88db10c9022b496ea7bdfe46af2fd98a', 'project_name': 'tempest-RegionsTestJSON-532160266', 'tenant_id': '88db10c9022b496ea7bdfe46af2fd98a', 'tenant_name': 'tempest-RegionsTestJSON-532160266', 'user_domain_id': 'f5aee6e468e84cafaf2a172b409372ec', 'user_domain_name': 'admin_domain', 'user_id': '3cf64a4ac14d4721b768f7852e0328e8'}, Network: None, Subnet: None, Router: None[00m
2020-10-30 15:57:11.809 5449 INFO tempest.lib.common.rest_client [req-caa3efe7-4507-4e15-9027-47de6d758186 ] Request (RegionsTestJSON:setUpClass): 201 POST http://10.13.3.239:5000/v3/auth/tokens 0.268s[00m
2020-10-30 15:57:11.851 5449 INFO tempest.lib.common.rest_client [req-2177381d-d214-4d91-9420-c17ff43724a2 ] Request (RegionsTestJSON:setUpClass): 201 POST http://10.13.3.239:35357/v3/projects 0.040s[00m
2020-10-30 15:57:12.070 5446 INFO tempest.lib.common.rest_client [req-1d654dcb-9fdc-479c-8f7f-324de11d96cd ] Request (VolumesActionsTest:setUpClass): 200 GET http://10.13.3.211:8776/v3/8f24b716e7c44e37b7fa6ba97cd7705d/volumes/c455f642-2e72-4ffa-808d-35177d666615 0.051s[00m
2020-10-30 15:57:12.076 5446 INFO tempest.common.waiters [-] volume c455f642-2e72-4ffa-808d-35177d666615 reached available after waiting for 1.076830 seconds[00m
2020-10-30 15:57:12.100 5449 INFO tempest.lib.common.rest_client [req-0c000a4d-43f2-4238-8036-41719061bf1b ] Request (RegionsTestJSON:setUpClass): 201 POST http://10.13.3.239:35357/v3/users 0.248s[00m
2020-10-30 15:57:12.120 5449 INFO tempest.lib.common.rest_client [req-97b707de-fa53-4b43-b594-411916fdb96f ] Request (RegionsTestJSON:setUpClass): 200 GET http://10.13.3.239:35357/v3/roles 0.019s[00m
2020-10-30 15:57:12.152 5449 INFO tempest.lib.common.rest_client [req-516fa874-d1a1-4412-8432-30cb41a670f1 ] Request (RegionsTestJSON:setUpClass): 204 PUT http://10.13.3.239:35357/v3/projects/64473f77e30c415ea3e775d2ebebdeca/users/d27a98d10ac149c2ba06312cd75d48c5/roles/3fc0afd20f1543c7812fd9d89cbf9f72 0.031s[00m
2020-10-30 15:57:12.186 5449 INFO tempest.lib.common.rest_client [req-64a1fe3a-0693-4e98-8b1a-d5bb5dfa57d2 ] Request (RegionsTestJSON:setUpClass): 200 GET http://10.13.3.239:35357/v3/roles 0.033s[00m
2020-10-30 15:57:12.207 5449 INFO tempest.lib.common.rest_client [req-a4d5cd1a-bbe7-4a7e-bbf9-6fe33ba4efe4 ] Request (RegionsTestJSON:setUpClass): 204 PUT http://10.13.3.239:35357/v3/domains/f5aee6e468e84cafaf2a172b409372ec/users/d27a98d10ac149c2ba06312cd75d48c5/roles/3fc0afd20f1543c7812fd9d89cbf9f72 0.020s[00m
2020-10-30 15:57:12.208 5449 INFO tempest.lib.common.dynamic_creds [-] Acquired dynamic creds:
 credentials: Credentials: {'domain_id': 'f5aee6e468e84cafaf2a172b409372ec', 'domain_name': 'admin_domain', 'username': 'tempest-RegionsTestJSON-1893349026', 'project_domain_id': 'f5aee6e468e84cafaf2a172b409372ec', 'project_domain_name': 'admin_domain', 'project_id': '64473f77e30c415ea3e775d2ebebdeca', 'project_name': 'tempest-RegionsTestJSON-1893349026', 'tenant_id': '64473f77e30c415ea3e775d2ebebdeca', 'tenant_name': 'tempest-RegionsTestJSON-1893349026', 'user_domain_id': 'f5aee6e468e84cafaf2a172b409372ec', 'user_domain_name': 'admin_domain', 'user_id': 'd27a98d10ac149c2ba06312cd75d48c5'}, Network: None, Subnet: None, Router: None[00m
2020-10-30 15:57:12.208 5449 INFO tempest.lib.common.dynamic_creds [-] Created isolated network resources for:
 credentials: Credentials: {'domain_id': 'f5aee6e468e84cafaf2a172b409372ec', 'domain_name': 'admin_domain', 'username': 'tempest-RegionsTestJSON-1893349026', 'project_domain_id': 'f5aee6e468e84cafaf2a172b409372ec', 'project_domain_name': 'admin_domain', 'project_id': '64473f77e30c415ea3e775d2ebebdeca', 'project_name': 'tempest-RegionsTestJSON-1893349026', 'tenant_id': '64473f77e30c415ea3e775d2ebebdeca', 'tenant_name': 'tempest-RegionsTestJSON-1893349026', 'user_domain_id': 'f5aee6e468e84cafaf2a172b409372ec', 'user_domain_name': 'admin_domain', 'user_id': 'd27a98d10ac149c2ba06312cd75d48c5'}, Network: None, Subnet: None, Router: None[00m
2020-10-30 15:57:12.342 5446 INFO tempest.lib.common.rest_client [req-3155687f-dc69-4484-a59b-cf4ed411dced ] Request (VolumesActionsTest:test_attach_detach_volume_to_instance): 201 POST http://10.13.3.239:5000/v3/auth/tokens 0.259s[00m
2020-10-30 15:57:12.343 5446 INFO tempest.lib.common.fixed_network [-] (VolumesActionsTest:test_attach_detach_volume_to_instance) Found network {'id': '3874dce4-152b-48d2-a5a6-078d1b7ec148', 'name': 'tempest-VolumesActionsTest-251689977-network', 'tenant_id': '8f24b716e7c44e37b7fa6ba97cd7705d', 'admin_state_up': True, 'mtu': 1458, 'status': 'ACTIVE', 'subnets': [], 'shared': False, 'project_id': '8f24b716e7c44e37b7fa6ba97cd7705d', 'router:external': False, 'provider:network_type': 'gre', 'provider:physical_network': None, 'provider:segmentation_id': 1, 'availability_zone_hints': [], 'is_default': False, 'availability_zones': [], 'ipv4_address_scope': None, 'ipv6_address_scope': None, 'description': '', 'l2_adjacency': True, 'tags': [], 'created_at': '2020-10-30T15:57:09Z', 'updated_at': '2020-10-30T15:57:10Z', 'revision_number': 1} available for tenant[00m
2020-10-30 15:57:12.487 5449 INFO tempest.lib.common.rest_client [req-79e35a0d-577c-4334-970a-fae63e6bacc2 ] Request (RegionsTestJSON:setUpClass): 201 POST http://10.13.3.239:5000/v3/auth/tokens 0.270s[00m
2020-10-30 15:57:12.739 5449 INFO tempest.lib.common.rest_client [req-9cf001aa-b427-46a6-be25-141d6ecf3408 ] Request (RegionsTestJSON:setUpClass): 201 POST http://10.13.3.239:5000/v3/auth/tokens 0.250s[00m
2020-10-30 15:57:12.765 5449 INFO tempest.lib.common.rest_client [req-bc6553c6-a989-4700-bcef-82fa84cf4a86 ] Request (RegionsTestJSON:setUpClass): 201 POST http://10.13.3.239:35357/v3/regions 0.025s[00m
2020-10-30 15:57:12.770 5446 INFO tempest.lib.common.rest_client [req-d8ef9719-9cba-4a70-85d7-7f39fda94f6f ] Request (VolumesActionsTest:test_attach_detach_volume_to_instance): 202 POST http://10.13.3.238:8774/v2.1/servers 0.426s[00m
2020-10-30 15:57:12.796 5449 INFO tempest.lib.common.rest_client [req-b0caf9a6-cb08-4668-8ad3-af98841aa133 ] Request (RegionsTestJSON:setUpClass): 201 POST http://10.13.3.239:35357/v3/regions 0.030s[00m
2020-10-30 15:57:12.821 5446 INFO tempest.lib.common.rest_client [req-362686a8-f49d-42ac-ba37-e9b74d5c4e9d ] Request (VolumesActionsTest:test_attach_detach_volume_to_instance): 200 GET http://10.13.3.238:8774/v2.1/servers/a1c18389-5a01-4494-8de9-ab654b2272f2 0.048s[00m
2020-10-30 15:57:12.825 5449 INFO tempest.lib.common.rest_client [req-39f5c004-5209-44ec-97da-4ffaab3bf9ce ] Request (RegionsTestJSON:test_create_region_with_specific_id): 201 PUT http://10.13.3.239:35357/v3/regions/458f00df-8758-4762-92ee-259c9372031b 0.028s[00m
2020-10-30 15:57:12.854 5449 INFO tempest.lib.common.rest_client [req-3eb8f4da-f42f-4909-a16d-e5ba00d821e9 ] Request (RegionsTestJSON:_run_cleanups): 204 DELETE http://10.13.3.239:35357/v3/regions/458f00df-8758-4762-92ee-259c9372031b 0.027s[00m
{1} tempest.api.identity.admin.v3.test_regions.RegionsTestJSON.test_create_region_with_specific_id [0.057936s] ... ok
2020-10-30 15:57:12.883 5449 INFO tempest.lib.common.rest_client [req-ce2b06a6-38bc-43e5-954f-29ef01d2dcc3 ] Request (RegionsTestJSON:tearDownClass): 204 DELETE http://10.13.3.239:35357/v3/regions/0ff629a2692746a5954f0e2ba9407bfe 0.027s[00m
2020-10-30 15:57:12.910 5449 INFO tempest.lib.common.rest_client [req-31b268e8-56dd-4421-a06e-46746643cd44 ] Request (RegionsTestJSON:tearDownClass): 204 DELETE http://10.13.3.239:35357/v3/regions/ec0285e96b5a4d259d82fc59950bf91d 0.026s[00m
2020-10-30 15:57:12.986 5449 INFO tempest.lib.common.rest_client [req-21ee31f1-2e6e-4269-af36-3845428d9064 ] Request (RegionsTestJSON:tearDownClass): 204 DELETE http://10.13.3.239:35357/v3/users/3cf64a4ac14d4721b768f7852e0328e8 0.074s[00m
2020-10-30 15:57:13.251 5449 INFO tempest.lib.common.rest_client [req-1d9a28e9-0742-411c-b0ee-ea430075f30e ] Request (RegionsTestJSON:tearDownClass): 201 POST http://10.13.3.239:5000/v3/auth/tokens 0.264s[00m
2020-10-30 15:57:13.388 5449 INFO tempest.lib.common.rest_client [req-fb49e242-005c-47ac-924e-c5b5a50e8812 ] Request (RegionsTestJSON:tearDownClass): 200 GET http://10.13.3.201:9696/v2.0/security-groups?tenant_id=88db10c9022b496ea7bdfe46af2fd98a&name=default 0.136s[00m
2020-10-30 15:57:13.467 5449 INFO tempest.lib.common.rest_client [req-e40cc5ed-4ede-4237-8ba3-7fd8c6b6e120 ] Request (RegionsTestJSON:tearDownClass): 204 DELETE http://10.13.3.201:9696/v2.0/security-groups/8e6a0860-fd57-4251-89d4-fea60063ae8a 0.077s[00m
2020-10-30 15:57:13.538 5449 INFO tempest.lib.common.rest_client [req-fefaecf4-66ad-48a9-b279-e74a0cc7325c ] Request (RegionsTestJSON:tearDownClass): 204 DELETE http://10.13.3.239:35357/v3/projects/88db10c9022b496ea7bdfe46af2fd98a 0.071s[00m
2020-10-30 15:57:13.611 5449 INFO tempest.lib.common.rest_client [req-4488d073-1346-488c-a17a-b43b6e674c13 ] Request (RegionsTestJSON:tearDownClass): 204 DELETE http://10.13.3.239:35357/v3/users/d27a98d10ac149c2ba06312cd75d48c5 0.071s[00m
2020-10-30 15:57:13.692 5449 INFO tempest.lib.common.rest_client [req-300bdf8e-22c9-42f9-8026-5dce659d5b9a ] Request (RegionsTestJSON:tearDownClass): 200 GET http://10.13.3.201:9696/v2.0/security-groups?tenant_id=64473f77e30c415ea3e775d2ebebdeca&name=default 0.079s[00m
2020-10-30 15:57:13.764 5449 INFO tempest.lib.common.rest_client [req-e333a0ad-d852-4870-8508-bdb9b1bf827a ] Request (RegionsTestJSON:tearDownClass): 204 DELETE http://10.13.3.201:9696/v2.0/security-groups/d4d2bdaf-0420-4105-b654-5e648e9861d0 0.071s[00m
2020-10-30 15:57:13.836 5449 INFO tempest.lib.common.rest_client [req-98286d47-71fb-4a0a-8af5-e1b3990093d5 ] Request (RegionsTestJSON:tearDownClass): 204 DELETE http://10.13.3.239:35357/v3/projects/64473f77e30c415ea3e775d2ebebdeca 0.071s[00m
2020-10-30 15:57:14.020 5446 INFO tempest.lib.common.rest_client [req-4afdb3ac-c64b-46c8-845e-648071159456 ] Request (VolumesActionsTest:test_attach_detach_volume_to_instance): 200 GET http://10.13.3.238:8774/v2.1/servers/a1c18389-5a01-4494-8de9-ab654b2272f2 0.185s[00m
2020-10-30 15:57:14.031 5446 INFO tempest.common.waiters [-] State transition "BUILD/scheduling" ==> "BUILD/spawning" after 2 second wait[00m
2020-10-30 15:57:14.101 5449 INFO tempest.lib.common.rest_client [req-537a8955-8f29-470c-867c-6f9c09477738 ] Request (ServicesTestJSON:setUpClass): 201 POST http://10.13.3.239:5000/v3/auth/tokens 0.262s[00m
2020-10-30 15:57:14.360 5449 INFO tempest.lib.common.rest_client [req-4c07c456-2abb-4bd2-96e2-32e847dc1c48 ] Request (ServicesTestJSON:setUpClass): 201 POST http://10.13.3.239:5000/v3/auth/tokens 0.254s[00m
2020-10-30 15:57:14.385 5449 INFO tempest.lib.common.rest_client [req-2c140589-92c3-4cc6-a2c8-eba9565358fe ] Request (ServicesTestJSON:setUpClass): 200 GET http://10.13.3.239:35357/v3/domains?name=admin_domain 0.023s[00m
2020-10-30 15:57:14.413 5449 INFO tempest.lib.common.rest_client [req-ea8a6e1b-b261-43c6-84c6-8a57434af993 ] Request (ServicesTestJSON:setUpClass): 201 POST http://10.13.3.239:35357/v3/projects 0.028s[00m
2020-10-30 15:57:14.664 5449 INFO tempest.lib.common.rest_client [req-1260d205-1897-4f02-bcb3-329c47ed6570 ] Request (ServicesTestJSON:setUpClass): 201 POST http://10.13.3.239:35357/v3/users 0.249s[00m
2020-10-30 15:57:14.683 5449 INFO tempest.lib.common.rest_client [req-ed3af46a-7886-47ee-b86f-53c34ba5a86c ] Request (ServicesTestJSON:setUpClass): 200 GET http://10.13.3.239:35357/v3/roles 0.018s[00m
2020-10-30 15:57:14.702 5449 INFO tempest.lib.common.rest_client [req-c3548d91-0c70-4884-96f2-abc7f875128e ] Request (ServicesTestJSON:setUpClass): 200 GET http://10.13.3.239:35357/v3/roles 0.018s[00m
2020-10-30 15:57:14.733 5449 INFO tempest.lib.common.rest_client [req-6fbee088-41f8-47ce-85b9-de5b6516fed3 ] Request (ServicesTestJSON:setUpClass): 204 PUT http://10.13.3.239:35357/v3/projects/0f1ea613a8fb43eca53adecae70315cc/users/0a171a99e2b54d758dd9245509c7c4ff/roles/cf9f9d7d1d3045c99e048eab0884658c 0.031s[00m
2020-10-30 15:57:14.734 5449 INFO tempest.lib.common.dynamic_creds [-] Acquired dynamic creds:
 credentials: Credentials: {'domain_id': 'f5aee6e468e84cafaf2a172b409372ec', 'domain_name': 'admin_domain', 'username': 'tempest-ServicesTestJSON-214844877', 'project_domain_id': 'f5aee6e468e84cafaf2a172b409372ec', 'project_domain_name': 'admin_domain', 'project_id': '0f1ea613a8fb43eca53adecae70315cc', 'project_name': 'tempest-ServicesTestJSON-214844877', 'tenant_id': '0f1ea613a8fb43eca53adecae70315cc', 'tenant_name': 'tempest-ServicesTestJSON-214844877', 'user_domain_id': 'f5aee6e468e84cafaf2a172b409372ec', 'user_domain_name': 'admin_domain', 'user_id': '0a171a99e2b54d758dd9245509c7c4ff'}, Network: None, Subnet: None, Router: None[00m
2020-10-30 15:57:14.734 5449 INFO tempest.lib.common.dynamic_creds [-] Created isolated network resources for:
 credentials: Credentials: {'domain_id': 'f5aee6e468e84cafaf2a172b409372ec', 'domain_name': 'admin_domain', 'username': 'tempest-ServicesTestJSON-214844877', 'project_domain_id': 'f5aee6e468e84cafaf2a172b409372ec', 'project_domain_name': 'admin_domain', 'project_id': '0f1ea613a8fb43eca53adecae70315cc', 'project_name': 'tempest-ServicesTestJSON-214844877', 'tenant_id': '0f1ea613a8fb43eca53adecae70315cc', 'tenant_name': 'tempest-ServicesTestJSON-214844877', 'user_domain_id': 'f5aee6e468e84cafaf2a172b409372ec', 'user_domain_name': 'admin_domain', 'user_id': '0a171a99e2b54d758dd9245509c7c4ff'}, Network: None, Subnet: None, Router: None[00m
2020-10-30 15:57:15.014 5449 INFO tempest.lib.common.rest_client [req-caff5031-a170-430c-a475-d12592150283 ] Request (ServicesTestJSON:setUpClass): 201 POST http://10.13.3.239:5000/v3/auth/tokens 0.271s[00m
2020-10-30 15:57:15.068 5449 INFO tempest.lib.common.rest_client [req-89e19505-80fe-4042-943e-b18ebf66c688 ] Request (ServicesTestJSON:setUpClass): 201 POST http://10.13.3.239:35357/v3/projects 0.052s[00m
2020-10-30 15:57:15.136 5446 INFO tempest.lib.common.rest_client [req-b114ce68-0fdb-4fb5-bc2e-67da914ef009 ] Request (VolumesActionsTest:test_attach_detach_volume_to_instance): 200 GET http://10.13.3.238:8774/v2.1/servers/a1c18389-5a01-4494-8de9-ab654b2272f2 0.103s[00m
2020-10-30 15:57:15.323 5449 INFO tempest.lib.common.rest_client [req-6e6632a5-259c-4d99-88ab-53ebc2e092d2 ] Request (ServicesTestJSON:setUpClass): 201 POST http://10.13.3.239:35357/v3/users 0.254s[00m
2020-10-30 15:57:15.343 5449 INFO tempest.lib.common.rest_client [req-2d351995-ab8c-4956-abd4-0c6f404565e3 ] Request (ServicesTestJSON:setUpClass): 200 GET http://10.13.3.239:35357/v3/roles 0.018s[00m
2020-10-30 15:57:15.374 5449 INFO tempest.lib.common.rest_client [req-ae8fdf79-8e74-47f5-8fdb-ed5f225d6997 ] Request (ServicesTestJSON:setUpClass): 204 PUT http://10.13.3.239:35357/v3/projects/51d3222caf9949d1a93cbc4c83632063/users/b6dcd080bada436891fed7485917d8b1/roles/3fc0afd20f1543c7812fd9d89cbf9f72 0.030s[00m
2020-10-30 15:57:15.406 5449 INFO tempest.lib.common.rest_client [req-1c686f7e-7a85-4425-bd15-acd5e0150a29 ] Request (ServicesTestJSON:setUpClass): 200 GET http://10.13.3.239:35357/v3/roles 0.032s[00m
2020-10-30 15:57:15.428 5449 INFO tempest.lib.common.rest_client [req-6c3f455a-cb49-486c-ba44-7b6b706f6ec9 ] Request (ServicesTestJSON:setUpClass): 204 PUT http://10.13.3.239:35357/v3/domains/f5aee6e468e84cafaf2a172b409372ec/users/b6dcd080bada436891fed7485917d8b1/roles/3fc0afd20f1543c7812fd9d89cbf9f72 0.021s[00m
2020-10-30 15:57:15.431 5449 INFO tempest.lib.common.dynamic_creds [-] Acquired dynamic creds:
 credentials: Credentials: {'domain_id': 'f5aee6e468e84cafaf2a172b409372ec', 'domain_name': 'admin_domain', 'username': 'tempest-ServicesTestJSON-1274094777', 'project_domain_id': 'f5aee6e468e84cafaf2a172b409372ec', 'project_domain_name': 'admin_domain', 'project_id': '51d3222caf9949d1a93cbc4c83632063', 'project_name': 'tempest-ServicesTestJSON-1274094777', 'tenant_id': '51d3222caf9949d1a93cbc4c83632063', 'tenant_name': 'tempest-ServicesTestJSON-1274094777', 'user_domain_id': 'f5aee6e468e84cafaf2a172b409372ec', 'user_domain_name': 'admin_domain', 'user_id': 'b6dcd080bada436891fed7485917d8b1'}, Network: None, Subnet: None, Router: None[00m
2020-10-30 15:57:15.431 5449 INFO tempest.lib.common.dynamic_creds [-] Created isolated network resources for:
 credentials: Credentials: {'domain_id': 'f5aee6e468e84cafaf2a172b409372ec', 'domain_name': 'admin_domain', 'username': 'tempest-ServicesTestJSON-1274094777', 'project_domain_id': 'f5aee6e468e84cafaf2a172b409372ec', 'project_domain_name': 'admin_domain', 'project_id': '51d3222caf9949d1a93cbc4c83632063', 'project_name': 'tempest-ServicesTestJSON-1274094777', 'tenant_id': '51d3222caf9949d1a93cbc4c83632063', 'tenant_name': 'tempest-ServicesTestJSON-1274094777', 'user_domain_id': 'f5aee6e468e84cafaf2a172b409372ec', 'user_domain_name': 'admin_domain', 'user_id': 'b6dcd080bada436891fed7485917d8b1'}, Network: None, Subnet: None, Router: None[00m
2020-10-30 15:57:15.774 5449 INFO tempest.lib.common.rest_client [req-8d759f04-d604-4802-ba1a-604eb6852c35 ] Request (ServicesTestJSON:setUpClass): 201 POST http://10.13.3.239:5000/v3/auth/tokens 0.274s[00m
2020-10-30 15:57:16.031 5449 INFO tempest.lib.common.rest_client [req-10cb1271-05f6-44ba-a409-ba545641c7bd ] Request (ServicesTestJSON:test_create_update_get_service): 201 POST http://10.13.3.239:5000/v3/auth/tokens 0.254s[00m
2020-10-30 15:57:16.062 5449 INFO tempest.lib.common.rest_client [req-aaeed24d-635d-4e68-bc60-a34bb27bb3d9 ] Request (ServicesTestJSON:test_create_update_get_service): 201 POST http://10.13.3.239:35357/v3/services 0.030s[00m
2020-10-30 15:57:16.090 5449 INFO tempest.lib.common.rest_client [req-3d54060a-1b4d-45f9-9360-53d12c3d69dd ] Request (ServicesTestJSON:test_create_update_get_service): 200 PATCH http://10.13.3.239:35357/v3/services/280d49ade0244bd8b67d839c5dee4b71 0.026s[00m
2020-10-30 15:57:16.116 5449 INFO tempest.lib.common.rest_client [req-945cf119-b22b-4ebd-ab91-1560441a707f ] Request (ServicesTestJSON:test_create_update_get_service): 200 GET http://10.13.3.239:35357/v3/services/280d49ade0244bd8b67d839c5dee4b71 0.025s[00m
2020-10-30 15:57:16.142 5449 INFO tempest.lib.common.rest_client [req-f7eba650-6a9b-4582-8ce0-5e0fa83d56ad ] Request (ServicesTestJSON:_run_cleanups): 204 DELETE http://10.13.3.239:35357/v3/services/280d49ade0244bd8b67d839c5dee4b71 0.025s[00m
2020-10-30 15:57:16.168 5449 INFO tempest.lib.common.rest_client [req-d1e47a05-d084-4021-8d91-b638c4d10842 ] Request (ServicesTestJSON:_run_cleanups): 404 GET http://10.13.3.239:35357/v3/services/280d49ade0244bd8b67d839c5dee4b71 0.025s[00m
{1} tempest.api.identity.admin.v3.test_services.ServicesTestJSON.test_create_update_get_service [0.393397s] ... ok
2020-10-30 15:57:16.247 5449 INFO tempest.lib.common.rest_client [req-62d2aee8-3780-45a8-9232-8959b96ec6c7 ] Request (ServicesTestJSON:tearDownClass): 204 DELETE http://10.13.3.239:35357/v3/users/0a171a99e2b54d758dd9245509c7c4ff 0.076s[00m
2020-10-30 15:57:16.257 5446 INFO tempest.lib.common.rest_client [req-830e5640-e3a2-4b5a-bdd2-edfe718cc1c7 ] Request (VolumesActionsTest:test_attach_detach_volume_to_instance): 200 GET http://10.13.3.238:8774/v2.1/servers/a1c18389-5a01-4494-8de9-ab654b2272f2 0.108s[00m
2020-10-30 15:57:16.516 5449 INFO tempest.lib.common.rest_client [req-59b35fc4-5211-4ad2-a4e0-4bca87ba1588 ] Request (ServicesTestJSON:tearDownClass): 201 POST http://10.13.3.239:5000/v3/auth/tokens 0.268s[00m
2020-10-30 15:57:16.685 5449 INFO tempest.lib.common.rest_client [req-b888a138-5674-4057-9ed9-db4d6bdee37b ] Request (ServicesTestJSON:tearDownClass): 200 GET http://10.13.3.201:9696/v2.0/security-groups?tenant_id=0f1ea613a8fb43eca53adecae70315cc&name=default 0.168s[00m
2020-10-30 15:57:16.755 5449 INFO tempest.lib.common.rest_client [req-658c9d44-1e28-4f70-a612-80da6a129814 ] Request (ServicesTestJSON:tearDownClass): 204 DELETE http://10.13.3.201:9696/v2.0/security-groups/4af37251-db3b-4c2a-ac87-5284dcdd3cd8 0.069s[00m
2020-10-30 15:57:16.832 5449 INFO tempest.lib.common.rest_client [req-21692369-09d1-49dd-ae0d-22e4750b9764 ] Request (ServicesTestJSON:tearDownClass): 204 DELETE http://10.13.3.239:35357/v3/projects/0f1ea613a8fb43eca53adecae70315cc 0.076s[00m
2020-10-30 15:57:16.906 5449 INFO tempest.lib.common.rest_client [req-d5ea99e3-126f-4e12-adc4-707c4c7e15ce ] Request (ServicesTestJSON:tearDownClass): 204 DELETE http://10.13.3.239:35357/v3/users/b6dcd080bada436891fed7485917d8b1 0.073s[00m
2020-10-30 15:57:16.989 5449 INFO tempest.lib.common.rest_client [req-16221f69-12db-4a03-b89c-ba31e376bf31 ] Request (ServicesTestJSON:tearDownClass): 200 GET http://10.13.3.201:9696/v2.0/security-groups?tenant_id=51d3222caf9949d1a93cbc4c83632063&name=default 0.081s[00m
2020-10-30 15:57:17.061 5449 INFO tempest.lib.common.rest_client [req-3acfc5ed-c2a2-420e-b58c-d46ae2cc8a59 ] Request (ServicesTestJSON:tearDownClass): 204 DELETE http://10.13.3.201:9696/v2.0/security-groups/1b9147e0-a69a-492f-9d96-c8dd1e8ff5f1 0.071s[00m
2020-10-30 15:57:17.131 5449 INFO tempest.lib.common.rest_client [req-a3f8f75e-495e-47a5-b8b6-e129edc30093 ] Request (ServicesTestJSON:tearDownClass): 204 DELETE http://10.13.3.239:35357/v3/projects/51d3222caf9949d1a93cbc4c83632063 0.069s[00m
2020-10-30 15:57:17.133 5449 INFO tempest.test [-] <class 'unittest.case.SkipTest'> raised in TestApiDiscovery.setUpClass. Invoking tearDownClass.[00m
{1} setUpClass (tempest.api.identity.v2.test_api_discovery.TestApiDiscovery) ... SKIPPED: Identity api v2 is not enabled
2020-10-30 15:57:17.375 5446 INFO tempest.lib.common.rest_client [req-dc33d6d6-1138-45d3-b0af-370e69b8ee26 ] Request (VolumesActionsTest:test_attach_detach_volume_to_instance): 200 GET http://10.13.3.238:8774/v2.1/servers/a1c18389-5a01-4494-8de9-ab654b2272f2 0.111s[00m
2020-10-30 15:57:17.401 5449 INFO tempest.lib.common.rest_client [req-412a373d-ae34-402f-9253-ebabd1732152 ] Request (DefaultDomainTestJSON:setUpClass): 201 POST http://10.13.3.239:5000/v3/auth/tokens 0.262s[00m
2020-10-30 15:57:17.652 5449 INFO tempest.lib.common.rest_client [req-9ad39722-9c30-4ccd-970e-e65974994853 ] Request (DefaultDomainTestJSON:setUpClass): 201 POST http://10.13.3.239:5000/v3/auth/tokens 0.247s[00m
2020-10-30 15:57:17.675 5449 INFO tempest.lib.common.rest_client [req-4d63104f-95bc-407f-a3c6-70638195acb9 ] Request (DefaultDomainTestJSON:setUpClass): 200 GET http://10.13.3.239:35357/v3/domains?name=admin_domain 0.022s[00m
2020-10-30 15:57:17.703 5449 INFO tempest.lib.common.rest_client [req-52a7f2ba-e166-4258-a087-aada6b93cb78 ] Request (DefaultDomainTestJSON:setUpClass): 201 POST http://10.13.3.239:35357/v3/projects 0.027s[00m
2020-10-30 15:57:17.968 5449 INFO tempest.lib.common.rest_client [req-99769e86-c789-44d2-9534-da3a392fe532 ] Request (DefaultDomainTestJSON:setUpClass): 201 POST http://10.13.3.239:35357/v3/users 0.263s[00m
2020-10-30 15:57:17.988 5449 INFO tempest.lib.common.rest_client [req-323cce12-0d29-48eb-ad6c-b391056c5782 ] Request (DefaultDomainTestJSON:setUpClass): 200 GET http://10.13.3.239:35357/v3/roles 0.019s[00m
2020-10-30 15:57:18.007 5449 INFO tempest.lib.common.rest_client [req-627cb92d-8c2b-4631-8cc9-54dd20df8ee7 ] Request (DefaultDomainTestJSON:setUpClass): 200 GET http://10.13.3.239:35357/v3/roles 0.019s[00m
2020-10-30 15:57:18.043 5449 INFO tempest.lib.common.rest_client [req-1c936a62-1664-4a7a-a9e0-a87a6934c558 ] Request (DefaultDomainTestJSON:setUpClass): 204 PUT http://10.13.3.239:35357/v3/projects/8023262d132848989255c06f13214c37/users/e8db6158ca4f4c9abf50ef0f92dacc73/roles/cf9f9d7d1d3045c99e048eab0884658c 0.035s[00m
2020-10-30 15:57:18.046 5449 INFO tempest.lib.common.dynamic_creds [-] Acquired dynamic creds:
 credentials: Credentials: {'domain_id': 'f5aee6e468e84cafaf2a172b409372ec', 'domain_name': 'admin_domain', 'username': 'tempest-DefaultDomainTestJSON-2119202042', 'project_domain_id': 'f5aee6e468e84cafaf2a172b409372ec', 'project_domain_name': 'admin_domain', 'project_id': '8023262d132848989255c06f13214c37', 'project_name': 'tempest-DefaultDomainTestJSON-2119202042', 'tenant_id': '8023262d132848989255c06f13214c37', 'tenant_name': 'tempest-DefaultDomainTestJSON-2119202042', 'user_domain_id': 'f5aee6e468e84cafaf2a172b409372ec', 'user_domain_name': 'admin_domain', 'user_id': 'e8db6158ca4f4c9abf50ef0f92dacc73'}, Network: None, Subnet: None, Router: None[00m
2020-10-30 15:57:18.046 5449 INFO tempest.lib.common.dynamic_creds [-] Created isolated network resources for:
 credentials: Credentials: {'domain_id': 'f5aee6e468e84cafaf2a172b409372ec', 'domain_name': 'admin_domain', 'username': 'tempest-DefaultDomainTestJSON-2119202042', 'project_domain_id': 'f5aee6e468e84cafaf2a172b409372ec', 'project_domain_name': 'admin_domain', 'project_id': '8023262d132848989255c06f13214c37', 'project_name': 'tempest-DefaultDomainTestJSON-2119202042', 'tenant_id': '8023262d132848989255c06f13214c37', 'tenant_name': 'tempest-DefaultDomainTestJSON-2119202042', 'user_domain_id': 'f5aee6e468e84cafaf2a172b409372ec', 'user_domain_name': 'admin_domain', 'user_id': 'e8db6158ca4f4c9abf50ef0f92dacc73'}, Network: None, Subnet: None, Router: None[00m
2020-10-30 15:57:18.328 5449 INFO tempest.lib.common.rest_client [req-b59febad-e4ae-43cc-aff6-2882273b33f1 ] Request (DefaultDomainTestJSON:setUpClass): 201 POST http://10.13.3.239:5000/v3/auth/tokens 0.272s[00m
2020-10-30 15:57:18.347 5449 INFO tempest.lib.common.rest_client [req-e4b4ac72-fa44-4464-9494-6073d3c5161c ] Request (DefaultDomainTestJSON:test_default_domain_exists): 200 GET http://10.13.3.239:35357/v3/domains/f5aee6e468e84cafaf2a172b409372ec 0.017s[00m
{1} tempest.api.identity.v3.test_domains.DefaultDomainTestJSON.test_default_domain_exists [0.018688s] ... ok
2020-10-30 15:57:18.424 5449 INFO tempest.lib.common.rest_client [req-fab1abbe-c77f-4f62-9558-0ea8c0373ef5 ] Request (DefaultDomainTestJSON:tearDownClass): 204 DELETE http://10.13.3.239:35357/v3/users/e8db6158ca4f4c9abf50ef0f92dacc73 0.071s[00m
2020-10-30 15:57:18.497 5446 INFO tempest.lib.common.rest_client [req-621fb4d6-782b-422b-bc7e-cd5f3bb8ed89 ] Request (VolumesActionsTest:test_attach_detach_volume_to_instance): 200 GET http://10.13.3.238:8774/v2.1/servers/a1c18389-5a01-4494-8de9-ab654b2272f2 0.106s[00m
2020-10-30 15:57:18.686 5449 INFO tempest.lib.common.rest_client [req-d7b9de5c-5d18-48be-84f6-327647d824fb ] Request (DefaultDomainTestJSON:tearDownClass): 201 POST http://10.13.3.239:5000/v3/auth/tokens 0.261s[00m
2020-10-30 15:57:18.839 5449 INFO tempest.lib.common.rest_client [req-798d83b7-f5d7-41af-8e75-f435a49bec65 ] Request (DefaultDomainTestJSON:tearDownClass): 200 GET http://10.13.3.201:9696/v2.0/security-groups?tenant_id=8023262d132848989255c06f13214c37&name=default 0.151s[00m
2020-10-30 15:57:18.937 5449 INFO tempest.lib.common.rest_client [req-cabf9746-c89b-4b35-8aab-3a0feddb215a ] Request (DefaultDomainTestJSON:tearDownClass): 204 DELETE http://10.13.3.201:9696/v2.0/security-groups/6f919cb2-de41-40cf-888c-dc4f3363cdd8 0.097s[00m
2020-10-30 15:57:19.011 5449 INFO tempest.lib.common.rest_client [req-f95d63e7-0b52-4b20-ba13-a7d38a6c1dab ] Request (DefaultDomainTestJSON:tearDownClass): 204 DELETE http://10.13.3.239:35357/v3/projects/8023262d132848989255c06f13214c37 0.073s[00m
