2020-10-30 15:54:26.496 5446 INFO tempest.lib.common.rest_client [req-7d2db49d-980f-48f7-a2ff-ec32e213deb4 ] Request (AttachInterfacesUnderV243Test:test_add_remove_fixed_ip): 201 POST http://10.13.3.239:5000/v3/auth/tokens 0.245s[00m
2020-10-30 15:54:26.497 5446 INFO tempest.lib.common.fixed_network [-] (AttachInterfacesUnderV243Test:test_add_remove_fixed_ip) Found network {'id': '107ebe02-a059-4cba-8ca9-45e76c9d6ef4', 'name': 'tempest-AttachInterfacesUnderV243Test-1267092695-network', 'tenant_id': '67d0c6c8d091435dba99ebdea2a4abdc', 'admin_state_up': True, 'mtu': 1458, 'status': 'ACTIVE', 'subnets': [], 'shared': False, 'project_id': '67d0c6c8d091435dba99ebdea2a4abdc', 'router:external': False, 'provider:network_type': 'gre', 'provider:physical_network': None, 'provider:segmentation_id': 2, 'availability_zone_hints': [], 'is_default': False, 'availability_zones': [], 'ipv4_address_scope': None, 'ipv6_address_scope': None, 'description': '', 'l2_adjacency': True, 'tags': [], 'created_at': '2020-10-30T15:54:21Z', 'updated_at': '2020-10-30T15:54:21Z', 'revision_number': 1} available for tenant[00m
2020-10-30 15:54:27.103 5446 INFO tempest.lib.common.rest_client [req-0a922653-55fa-40f7-8608-6caaa7cf8747 ] Request (AttachInterfacesUnderV243Test:test_add_remove_fixed_ip): 202 POST http://10.13.3.238:8774/v2.1/servers 0.604s[00m
2020-10-30 15:54:27.178 5446 INFO tempest.lib.common.rest_client [req-84f0fc5f-fc95-45aa-a2ff-44e6d5104f47 ] Request (AttachInterfacesUnderV243Test:test_add_remove_fixed_ip): 200 GET http://10.13.3.238:8774/v2.1/servers/65924c66-8b1e-4cfc-98dc-30c5352d8fcd 0.070s[00m
2020-10-30 15:54:27.269 5449 INFO tempest.lib.common.rest_client [req-afdbfa25-a091-4f46-ab0a-55165bc96a37 ] Request (ServersTestBootFromVolume:setUpClass): 200 GET http://10.13.3.211:8776/v3/93fe988f94d34231a168131a8605b99d/volumes/a0f9cd15-fa02-4d34-bef4-143a66071608 0.093s[00m
2020-10-30 15:54:28.272 5446 INFO tempest.lib.common.rest_client [req-52261d96-c04c-48f3-ab97-95e7e6d7efc2 ] Request (AttachInterfacesUnderV243Test:test_add_remove_fixed_ip): 200 GET http://10.13.3.238:8774/v2.1/servers/65924c66-8b1e-4cfc-98dc-30c5352d8fcd 0.082s[00m
2020-10-30 15:54:28.282 5446 INFO tempest.common.waiters [-] State transition "BUILD/scheduling" ==> "BUILD/spawning" after 1 second wait[00m
2020-10-30 15:54:28.329 5449 INFO tempest.lib.common.rest_client [req-f4375054-6030-4c8f-8e04-43a20d83f425 ] Request (ServersTestBootFromVolume:setUpClass): 200 GET http://10.13.3.211:8776/v3/93fe988f94d34231a168131a8605b99d/volumes/a0f9cd15-fa02-4d34-bef4-143a66071608 0.050s[00m
2020-10-30 15:54:29.393 5449 INFO tempest.lib.common.rest_client [req-34a3319c-76ae-4566-b3c2-fa7581823a42 ] Request (ServersTestBootFromVolume:setUpClass): 200 GET http://10.13.3.211:8776/v3/93fe988f94d34231a168131a8605b99d/volumes/a0f9cd15-fa02-4d34-bef4-143a66071608 0.054s[00m
2020-10-30 15:54:29.469 5446 INFO tempest.lib.common.rest_client [req-6b431d12-c102-41a0-ac80-95354be0d56e ] Request (AttachInterfacesUnderV243Test:test_add_remove_fixed_ip): 200 GET http://10.13.3.238:8774/v2.1/servers/65924c66-8b1e-4cfc-98dc-30c5352d8fcd 0.185s[00m
2020-10-30 15:54:30.461 5449 INFO tempest.lib.common.rest_client [req-858265ac-bd8b-4347-898e-a30f47e3ed87 ] Request (ServersTestBootFromVolume:setUpClass): 200 GET http://10.13.3.211:8776/v3/93fe988f94d34231a168131a8605b99d/volumes/a0f9cd15-fa02-4d34-bef4-143a66071608 0.054s[00m
2020-10-30 15:54:30.593 5446 INFO tempest.lib.common.rest_client [req-d450f932-59dc-4a52-a92c-b06c6af4091c ] Request (AttachInterfacesUnderV243Test:test_add_remove_fixed_ip): 200 GET http://10.13.3.238:8774/v2.1/servers/65924c66-8b1e-4cfc-98dc-30c5352d8fcd 0.115s[00m
2020-10-30 15:54:31.527 5449 INFO tempest.lib.common.rest_client [req-df475a8b-8b0d-4e9d-b82b-cddc0d2103f7 ] Request (ServersTestBootFromVolume:setUpClass): 200 GET http://10.13.3.211:8776/v3/93fe988f94d34231a168131a8605b99d/volumes/a0f9cd15-fa02-4d34-bef4-143a66071608 0.058s[00m
2020-10-30 15:54:31.736 5446 INFO tempest.lib.common.rest_client [req-cc91b458-28a0-46e1-a76f-d4767f44bced ] Request (AttachInterfacesUnderV243Test:test_add_remove_fixed_ip): 200 GET http://10.13.3.238:8774/v2.1/servers/65924c66-8b1e-4cfc-98dc-30c5352d8fcd 0.128s[00m
2020-10-30 15:54:32.608 5449 INFO tempest.lib.common.rest_client [req-427e143a-681c-4356-9ef1-03e8f4b73374 ] Request (ServersTestBootFromVolume:setUpClass): 200 GET http://10.13.3.211:8776/v3/93fe988f94d34231a168131a8605b99d/volumes/a0f9cd15-fa02-4d34-bef4-143a66071608 0.071s[00m
2020-10-30 15:54:32.906 5446 INFO tempest.lib.common.rest_client [req-e0c8a633-ff9b-4a29-9d5b-3c50a1a72d09 ] Request (AttachInterfacesUnderV243Test:test_add_remove_fixed_ip): 200 GET http://10.13.3.238:8774/v2.1/servers/65924c66-8b1e-4cfc-98dc-30c5352d8fcd 0.159s[00m
2020-10-30 15:54:33.908 5449 INFO tempest.lib.common.rest_client [req-c76c4741-ac37-4b18-a169-c63ef88ca706 ] Request (ServersTestBootFromVolume:setUpClass): 200 GET http://10.13.3.211:8776/v3/93fe988f94d34231a168131a8605b99d/volumes/a0f9cd15-fa02-4d34-bef4-143a66071608 0.290s[00m
2020-10-30 15:54:34.037 5446 INFO tempest.lib.common.rest_client [req-fb368c69-9981-49a2-82f8-549460cb29a7 ] Request (AttachInterfacesUnderV243Test:test_add_remove_fixed_ip): 200 GET http://10.13.3.238:8774/v2.1/servers/65924c66-8b1e-4cfc-98dc-30c5352d8fcd 0.120s[00m
2020-10-30 15:54:34.048 5446 INFO tempest.common.waiters [-] State transition "BUILD/spawning" ==> "ACTIVE/None" after 7 second wait[00m
2020-10-30 15:54:34.189 5446 INFO tempest.lib.common.rest_client [req-ea7bf71d-a266-46e3-a759-a0b0f75b2b50 ] Request (AttachInterfacesUnderV243Test:test_add_remove_fixed_ip): 200 GET http://10.13.3.238:8774/v2.1/servers/65924c66-8b1e-4cfc-98dc-30c5352d8fcd/os-interface 0.140s[00m
2020-10-30 15:54:34.998 5449 INFO tempest.lib.common.rest_client [req-50130e9a-7349-43eb-8fff-ce0657e6d033 ] Request (ServersTestBootFromVolume:setUpClass): 200 GET http://10.13.3.211:8776/v3/93fe988f94d34231a168131a8605b99d/volumes/a0f9cd15-fa02-4d34-bef4-143a66071608 0.079s[00m
2020-10-30 15:54:36.112 5449 INFO tempest.lib.common.rest_client [req-062c73aa-1f55-44a2-9146-da8a044e8cda ] Request (ServersTestBootFromVolume:setUpClass): 200 GET http://10.13.3.211:8776/v3/93fe988f94d34231a168131a8605b99d/volumes/a0f9cd15-fa02-4d34-bef4-143a66071608 0.105s[00m
2020-10-30 15:54:36.256 5446 INFO tempest.lib.common.rest_client [req-d0d69a9b-5fe1-42a7-ae77-d172486223cc ] Request (AttachInterfacesUnderV243Test:test_add_remove_fixed_ip): 200 PUT http://10.13.3.201:9696/v2.0/floatingips/11be65c4-443e-4161-9546-d4cd695d2f26 2.064s[00m
2020-10-30 15:54:36.505 5446 INFO tempest.lib.common.rest_client [req-0185feb8-5af1-41f6-86a3-42249b49d424 ] Request (AttachInterfacesUnderV243Test:test_add_remove_fixed_ip): 200 GET http://10.13.3.238:8774/v2.1/servers/65924c66-8b1e-4cfc-98dc-30c5352d8fcd 0.247s[00m
2020-10-30 15:54:36.521 5446 INFO tempest.lib.common.ssh [-] Creating ssh connection to '10.13.3.170:22' as 'ubuntu' with public key authentication[00m
2020-10-30 15:54:37.436 5449 INFO tempest.lib.common.rest_client [req-2ad9479b-2bea-46c9-b962-1acaf43cace5 ] Request (ServersTestBootFromVolume:setUpClass): 200 GET http://10.13.3.211:8776/v3/93fe988f94d34231a168131a8605b99d/volumes/a0f9cd15-fa02-4d34-bef4-143a66071608 0.313s[00m
2020-10-30 15:54:38.595 5449 INFO tempest.lib.common.rest_client [req-a4705ef2-6089-4bce-919a-c268cfe9a545 ] Request (ServersTestBootFromVolume:setUpClass): 200 GET http://10.13.3.211:8776/v3/93fe988f94d34231a168131a8605b99d/volumes/a0f9cd15-fa02-4d34-bef4-143a66071608 0.147s[00m
2020-10-30 15:54:39.522 5446 WARNING tempest.lib.common.ssh [-] Failed to establish authenticated ssh connection to ubuntu@10.13.3.170 ([Errno None] Unable to connect to port 22 on 10.13.3.170). Number attempts: 1. Retry after 2 seconds.: paramiko.ssh_exception.NoValidConnectionsError: [Errno None] Unable to connect to port 22 on 10.13.3.170[00m
2020-10-30 15:54:39.658 5449 INFO tempest.lib.common.rest_client [req-a2617174-ec42-43ea-a4f0-6054323e556d ] Request (ServersTestBootFromVolume:setUpClass): 200 GET http://10.13.3.211:8776/v3/93fe988f94d34231a168131a8605b99d/volumes/a0f9cd15-fa02-4d34-bef4-143a66071608 0.054s[00m
2020-10-30 15:54:40.721 5449 INFO tempest.lib.common.rest_client [req-19b93a2a-6fa9-49dd-8091-609327585b0d ] Request (ServersTestBootFromVolume:setUpClass): 200 GET http://10.13.3.211:8776/v3/93fe988f94d34231a168131a8605b99d/volumes/a0f9cd15-fa02-4d34-bef4-143a66071608 0.052s[00m
2020-10-30 15:54:41.788 5449 INFO tempest.lib.common.rest_client [req-3c8ad72d-cf61-4ca1-a5f1-660c97bb853a ] Request (ServersTestBootFromVolume:setUpClass): 200 GET http://10.13.3.211:8776/v3/93fe988f94d34231a168131a8605b99d/volumes/a0f9cd15-fa02-4d34-bef4-143a66071608 0.055s[00m
2020-10-30 15:54:42.522 5446 WARNING tempest.lib.common.ssh [-] Failed to establish authenticated ssh connection to ubuntu@10.13.3.170 ([Errno None] Unable to connect to port 22 on 10.13.3.170). Number attempts: 2. Retry after 3 seconds.: paramiko.ssh_exception.NoValidConnectionsError: [Errno None] Unable to connect to port 22 on 10.13.3.170[00m
2020-10-30 15:54:42.857 5449 INFO tempest.lib.common.rest_client [req-c87dcb0d-defd-4e76-8a64-f02df82c3a7f ] Request (ServersTestBootFromVolume:setUpClass): 200 GET http://10.13.3.211:8776/v3/93fe988f94d34231a168131a8605b99d/volumes/a0f9cd15-fa02-4d34-bef4-143a66071608 0.055s[00m
2020-10-30 15:54:43.955 5449 INFO tempest.lib.common.rest_client [req-31c71a0a-e748-4e9e-8b8b-39d31ad84532 ] Request (ServersTestBootFromVolume:setUpClass): 200 GET http://10.13.3.211:8776/v3/93fe988f94d34231a168131a8605b99d/volumes/a0f9cd15-fa02-4d34-bef4-143a66071608 0.088s[00m
2020-10-30 15:54:45.043 5449 INFO tempest.lib.common.rest_client [req-47cf353b-ccbf-493b-b894-7ddae743844d ] Request (ServersTestBootFromVolume:setUpClass): 200 GET http://10.13.3.211:8776/v3/93fe988f94d34231a168131a8605b99d/volumes/a0f9cd15-fa02-4d34-bef4-143a66071608 0.078s[00m
2020-10-30 15:54:46.143 5449 INFO tempest.lib.common.rest_client [req-94af0345-d134-468a-b142-7fb707a1ed6d ] Request (ServersTestBootFromVolume:setUpClass): 200 GET http://10.13.3.211:8776/v3/93fe988f94d34231a168131a8605b99d/volumes/a0f9cd15-fa02-4d34-bef4-143a66071608 0.089s[00m
2020-10-30 15:54:47.253 5449 INFO tempest.lib.common.rest_client [req-9a215302-4751-43f6-8031-c60bc3765166 ] Request (ServersTestBootFromVolume:setUpClass): 200 GET http://10.13.3.211:8776/v3/93fe988f94d34231a168131a8605b99d/volumes/a0f9cd15-fa02-4d34-bef4-143a66071608 0.100s[00m
2020-10-30 15:54:48.145 5446 WARNING tempest.lib.common.ssh [-] Failed to establish authenticated ssh connection to ubuntu@10.13.3.170 ([Errno None] Unable to connect to port 22 on 10.13.3.170). Number attempts: 3. Retry after 4 seconds.: paramiko.ssh_exception.NoValidConnectionsError: [Errno None] Unable to connect to port 22 on 10.13.3.170[00m
2020-10-30 15:54:48.315 5449 INFO tempest.lib.common.rest_client [req-ee60d024-a99a-4127-8b53-34dc0706a7ed ] Request (ServersTestBootFromVolume:setUpClass): 200 GET http://10.13.3.211:8776/v3/93fe988f94d34231a168131a8605b99d/volumes/a0f9cd15-fa02-4d34-bef4-143a66071608 0.052s[00m
2020-10-30 15:54:48.327 5449 INFO tempest.common.waiters [-] volume a0f9cd15-fa02-4d34-bef4-143a66071608 reached available after waiting for 23.327563 seconds[00m
2020-10-30 15:54:48.864 5449 INFO tempest.lib.common.rest_client [req-a5df9979-55d8-4cd8-a40a-c5261fb3bbcc ] Request (ServersTestBootFromVolume:setUpClass): 202 POST http://10.13.3.238:8774/v2.1/servers 0.534s[00m
2020-10-30 15:54:48.921 5449 INFO tempest.lib.common.rest_client [req-b6fd0fca-71d6-4cce-9ea1-d888c6ffeef9 ] Request (ServersTestBootFromVolume:setUpClass): 200 GET http://10.13.3.238:8774/v2.1/servers/2dd26e9f-7d2e-4209-8ef3-8a0207eee0c9 0.051s[00m
2020-10-30 15:54:50.010 5449 INFO tempest.lib.common.rest_client [req-c3262a84-b9af-4426-9996-fba5ca1dd62b ] Request (ServersTestBootFromVolume:setUpClass): 200 GET http://10.13.3.238:8774/v2.1/servers/2dd26e9f-7d2e-4209-8ef3-8a0207eee0c9 0.075s[00m
2020-10-30 15:54:50.022 5449 INFO tempest.common.waiters [-] State transition "BUILD/scheduling" ==> "BUILD/None" after 2 second wait[00m
2020-10-30 15:54:51.139 5449 INFO tempest.lib.common.rest_client [req-4cb5f7dc-90d6-4774-88a2-0c9452bba586 ] Request (ServersTestBootFromVolume:setUpClass): 200 GET http://10.13.3.238:8774/v2.1/servers/2dd26e9f-7d2e-4209-8ef3-8a0207eee0c9 0.113s[00m
2020-10-30 15:54:51.149 5449 INFO tempest.common.waiters [-] State transition "BUILD/None" ==> "BUILD/spawning" after 3 second wait[00m
2020-10-30 15:54:52.268 5449 INFO tempest.lib.common.rest_client [req-21ba8fe9-df60-4d76-90f3-17944a17c2df ] Request (ServersTestBootFromVolume:setUpClass): 200 GET http://10.13.3.238:8774/v2.1/servers/2dd26e9f-7d2e-4209-8ef3-8a0207eee0c9 0.116s[00m
2020-10-30 15:54:52.654 5446 WARNING tempest.lib.common.ssh [-] Failed to establish authenticated ssh connection to ubuntu@10.13.3.170 ([Errno None] Unable to connect to port 22 on 10.13.3.170). Number attempts: 4. Retry after 5 seconds.: paramiko.ssh_exception.NoValidConnectionsError: [Errno None] Unable to connect to port 22 on 10.13.3.170[00m
2020-10-30 15:54:53.405 5449 INFO tempest.lib.common.rest_client [req-57294a18-b066-42c3-a47e-ad9df6661a76 ] Request (ServersTestBootFromVolume:setUpClass): 200 GET http://10.13.3.238:8774/v2.1/servers/2dd26e9f-7d2e-4209-8ef3-8a0207eee0c9 0.123s[00m
2020-10-30 15:54:54.535 5449 INFO tempest.lib.common.rest_client [req-2498a7be-9cfa-4ae4-bbc2-6263c4f3e9e7 ] Request (ServersTestBootFromVolume:setUpClass): 200 GET http://10.13.3.238:8774/v2.1/servers/2dd26e9f-7d2e-4209-8ef3-8a0207eee0c9 0.120s[00m
2020-10-30 15:54:54.544 5449 INFO tempest.common.waiters [-] State transition "BUILD/spawning" ==> "ACTIVE/None" after 6 second wait[00m
2020-10-30 15:54:54.634 5449 INFO tempest.lib.common.rest_client [req-600598f5-6b2f-45dd-bde1-014493f992a5 ] Request (ServersTestBootFromVolume:setUpClass): 200 GET http://10.13.3.238:8774/v2.1/servers/2dd26e9f-7d2e-4209-8ef3-8a0207eee0c9/os-interface 0.089s[00m
2020-10-30 15:54:55.353 5449 INFO tempest.lib.common.rest_client [req-fa83aec2-eb77-45e1-8542-bf7788edada3 ] Request (ServersTestBootFromVolume:setUpClass): 200 PUT http://10.13.3.201:9696/v2.0/floatingips/b170d71a-2806-44e9-83a1-967090e4e913 0.715s[00m
2020-10-30 15:54:55.478 5449 INFO tempest.lib.common.rest_client [req-6778cd2b-ebe0-4898-9e0d-fb6b9ca2953e ] Request (ServersTestBootFromVolume:setUpClass): 200 GET http://10.13.3.238:8774/v2.1/servers/2dd26e9f-7d2e-4209-8ef3-8a0207eee0c9 0.124s[00m
2020-10-30 15:54:55.594 5449 INFO tempest.lib.common.rest_client [req-7db89fd5-4a4a-4be2-841f-4e62b5b3c68b ] Request (ServersTestBootFromVolume:test_list_servers): 200 GET http://10.13.3.238:8774/v2.1/servers 0.107s[00m
{1} tempest.api.compute.servers.test_create_server.ServersTestBootFromVolume.test_list_servers [0.110850s] ... ok
{1} tempest.api.compute.servers.test_create_server.ServersTestBootFromVolume.test_verify_server_details [0.000607s] ... ok
2020-10-30 15:54:55.702 5449 INFO tempest.lib.common.rest_client [req-dbfbb880-319a-4b8b-a55c-bacd5405617f ] Request (ServersTestBootFromVolume:tearDownClass): 204 DELETE http://10.13.3.238:8774/v2.1/servers/2dd26e9f-7d2e-4209-8ef3-8a0207eee0c9 0.102s[00m
2020-10-30 15:54:55.822 5449 INFO tempest.lib.common.rest_client [req-144c2d09-b8e6-4957-a407-114bcb92408e ] Request (ServersTestBootFromVolume:tearDownClass): 200 GET http://10.13.3.238:8774/v2.1/servers/2dd26e9f-7d2e-4209-8ef3-8a0207eee0c9 0.119s[00m
2020-10-30 15:54:56.950 5449 INFO tempest.lib.common.rest_client [req-a1c8a009-a309-4426-a1b7-a01f2e4bc67a ] Request (ServersTestBootFromVolume:tearDownClass): 200 GET http://10.13.3.238:8774/v2.1/servers/2dd26e9f-7d2e-4209-8ef3-8a0207eee0c9 0.116s[00m
2020-10-30 15:54:58.004 5449 INFO tempest.lib.common.rest_client [req-054ec93b-6b04-4820-8528-7306c8ced6b0 ] Request (ServersTestBootFromVolume:tearDownClass): 404 GET http://10.13.3.238:8774/v2.1/servers/2dd26e9f-7d2e-4209-8ef3-8a0207eee0c9 0.043s[00m
2020-10-30 15:54:58.028 5449 INFO tempest.lib.common.rest_client [req-9adb36b6-54b9-4ad1-a473-5f01d4e50836 ] Request (ServersTestBootFromVolume:tearDownClass): 202 DELETE http://10.13.3.238:8774/v2.1/os-keypairs/tempest-keypair-1927591211 0.024s[00m
2020-10-30 15:54:58.112 5449 INFO tempest.lib.common.rest_client [req-3ef1a749-7ef3-456b-aa54-5db713656b23 ] Request (ServersTestBootFromVolume:tearDownClass): 204 DELETE http://10.13.3.201:9696/v2.0/security-groups/bda920c2-3fe2-4e40-9bd9-e614ea823098 0.083s[00m
2020-10-30 15:54:58.127 5449 INFO tempest.lib.common.rest_client [req-655f64b9-1727-4aed-a2f4-bdcff7a7249b ] Request (ServersTestBootFromVolume:tearDownClass): 404 GET http://10.13.3.201:9696/v2.0/security-groups/bda920c2-3fe2-4e40-9bd9-e614ea823098 0.014s[00m
2020-10-30 15:54:58.164 5446 WARNING tempest.lib.common.ssh [-] Failed to establish authenticated ssh connection to ubuntu@10.13.3.170 ([Errno None] Unable to connect to port 22 on 10.13.3.170). Number attempts: 5. Retry after 6 seconds.: paramiko.ssh_exception.NoValidConnectionsError: [Errno None] Unable to connect to port 22 on 10.13.3.170[00m
2020-10-30 15:54:58.498 5449 INFO tempest.lib.common.rest_client [req-ef392afa-ce25-41d9-9416-d13ee07be94c ] Request (ServersTestBootFromVolume:tearDownClass): 204 DELETE http://10.13.3.201:9696/v2.0/floatingips/b170d71a-2806-44e9-83a1-967090e4e913 0.370s[00m
2020-10-30 15:54:59.740 5449 INFO tempest.lib.common.rest_client [req-71ed430e-d614-45ec-a5e7-6d2f4a5ae6d4 ] Request (ServersTestBootFromVolume:tearDownClass): 200 PUT http://10.13.3.201:9696/v2.0/routers/111282fc-c1a8-4855-a2fb-4e0e31ff7a26/remove_router_interface 1.241s[00m
2020-10-30 15:55:00.510 5449 INFO tempest.lib.common.rest_client [req-a8150858-3622-40c6-af69-53fc0ba26b5e ] Request (ServersTestBootFromVolume:tearDownClass): 204 DELETE http://10.13.3.201:9696/v2.0/routers/111282fc-c1a8-4855-a2fb-4e0e31ff7a26 0.768s[00m
2020-10-30 15:55:00.799 5449 INFO tempest.lib.common.rest_client [req-c0a87887-ba46-44ce-a3ec-3bc9fb756546 ] Request (ServersTestBootFromVolume:tearDownClass): 204 DELETE http://10.13.3.201:9696/v2.0/subnets/3ef08ee2-2e9a-4a9c-b074-be3d93581699 0.287s[00m
2020-10-30 15:55:01.483 5449 INFO tempest.lib.common.rest_client [req-2af9447f-65a7-4beb-9f98-93c36cab2d82 ] Request (ServersTestBootFromVolume:tearDownClass): 204 DELETE http://10.13.3.201:9696/v2.0/networks/40312369-fd2f-4a44-bd40-e3abe91f83b4 0.684s[00m
2020-10-30 15:55:01.584 5449 INFO tempest.lib.common.rest_client [req-95ac91b9-7d19-472d-a513-909634c53f15 ] Request (ServersTestBootFromVolume:tearDownClass): 204 DELETE http://10.13.3.239:35357/v3/users/7faf0cb834de4709a398f6c624c2fe6d 0.099s[00m
2020-10-30 15:55:01.617 5449 INFO tempest.lib.common.rest_client [req-09a80414-e6f3-4960-b351-61482ab23564 ] Request (ServersTestBootFromVolume:tearDownClass): 200 GET http://10.13.3.201:9696/v2.0/security-groups?tenant_id=93fe988f94d34231a168131a8605b99d&name=default 0.032s[00m
2020-10-30 15:55:01.715 5449 INFO tempest.lib.common.rest_client [req-4e55a447-c25c-46ef-be57-18a0d681c3f7 ] Request (ServersTestBootFromVolume:tearDownClass): 204 DELETE http://10.13.3.201:9696/v2.0/security-groups/66168431-21cb-452e-8f1d-bd1a7a3b5648 0.097s[00m
2020-10-30 15:55:01.815 5449 INFO tempest.lib.common.rest_client [req-312ded1f-e0f8-4c11-b4f2-5633df21ce4c ] Request (ServersTestBootFromVolume:tearDownClass): 204 DELETE http://10.13.3.239:35357/v3/projects/93fe988f94d34231a168131a8605b99d 0.099s[00m
2020-10-30 15:55:02.092 5449 INFO tempest.lib.common.rest_client [req-b2186348-c189-4fdc-9ef8-6dbaca8ea3eb ] Request (ServerActionsTestJSON:setUpClass): 201 POST http://10.13.3.239:5000/v3/auth/tokens 0.272s[00m
2020-10-30 15:55:02.360 5449 INFO tempest.lib.common.rest_client [req-bae20d8c-cb3c-4f50-a85a-c2453979136f ] Request (ServerActionsTestJSON:setUpClass): 201 POST http://10.13.3.239:5000/v3/auth/tokens 0.258s[00m
2020-10-30 15:55:02.390 5449 INFO tempest.lib.common.rest_client [req-14e6011b-fda9-43be-8b02-254984d766e0 ] Request (ServerActionsTestJSON:setUpClass): 200 GET http://10.13.3.239:35357/v3/domains?name=admin_domain 0.029s[00m
2020-10-30 15:55:02.425 5449 INFO tempest.lib.common.rest_client [req-c3b725a2-eb73-4166-91ac-3d0ddc3db520 ] Request (ServerActionsTestJSON:setUpClass): 201 POST http://10.13.3.239:35357/v3/projects 0.035s[00m
2020-10-30 15:55:02.693 5449 INFO tempest.lib.common.rest_client [req-e97a4e8c-b71f-492c-9ce4-d5ed9b4cd5c5 ] Request (ServerActionsTestJSON:setUpClass): 201 POST http://10.13.3.239:35357/v3/users 0.266s[00m
2020-10-30 15:55:02.720 5449 INFO tempest.lib.common.rest_client [req-66d8bd5d-9482-4130-b98d-4b0897e92256 ] Request (ServerActionsTestJSON:setUpClass): 200 GET http://10.13.3.239:35357/v3/roles 0.024s[00m
2020-10-30 15:55:02.743 5449 INFO tempest.lib.common.rest_client [req-72bee0cc-48ef-4b43-82cb-fcd23250eb56 ] Request (ServerActionsTestJSON:setUpClass): 200 GET http://10.13.3.239:35357/v3/roles 0.022s[00m
2020-10-30 15:55:02.781 5449 INFO tempest.lib.common.rest_client [req-b6116f0d-5141-4ab5-bb85-57eae6a5b1e3 ] Request (ServerActionsTestJSON:setUpClass): 204 PUT http://10.13.3.239:35357/v3/projects/71318145636b42ec951edd8d3c6f8b3f/users/9c3801ff096a4d02bd7edc02bdf14608/roles/cf9f9d7d1d3045c99e048eab0884658c 0.037s[00m
2020-10-30 15:55:02.782 5449 INFO tempest.lib.common.dynamic_creds [-] Acquired dynamic creds:
 credentials: Credentials: {'domain_id': 'f5aee6e468e84cafaf2a172b409372ec', 'domain_name': 'admin_domain', 'username': 'tempest-ServerActionsTestJSON-1614856794', 'project_domain_id': 'f5aee6e468e84cafaf2a172b409372ec', 'project_domain_name': 'admin_domain', 'project_id': '71318145636b42ec951edd8d3c6f8b3f', 'project_name': 'tempest-ServerActionsTestJSON-1614856794', 'tenant_id': '71318145636b42ec951edd8d3c6f8b3f', 'tenant_name': 'tempest-ServerActionsTestJSON-1614856794', 'user_domain_id': 'f5aee6e468e84cafaf2a172b409372ec', 'user_domain_name': 'admin_domain', 'user_id': '9c3801ff096a4d02bd7edc02bdf14608'}, Network: None, Subnet: None, Router: None[00m
2020-10-30 15:55:03.058 5449 INFO tempest.lib.common.rest_client [req-76154d28-6f9a-42bf-9dd5-2eaf4eb20a1b ] Request (ServerActionsTestJSON:setUpClass): 201 POST http://10.13.3.239:5000/v3/auth/tokens 0.275s[00m
2020-10-30 15:55:03.357 5449 INFO tempest.lib.common.rest_client [req-e180c2e7-2394-4191-b15d-84d21452ba30 ] Request (ServerActionsTestJSON:setUpClass): 201 POST http://10.13.3.201:9696/v2.0/networks 0.297s[00m
2020-10-30 15:55:03.759 5449 INFO tempest.lib.common.rest_client [req-4bacb99f-17c3-4966-a2d1-28a8901df6cd ] Request (ServerActionsTestJSON:setUpClass): 201 POST http://10.13.3.201:9696/v2.0/subnets 0.401s[00m
2020-10-30 15:55:04.564 5449 INFO tempest.lib.common.rest_client [req-5c2d6f2e-ccee-4bee-9c48-7e8a49241b0f ] Request (ServerActionsTestJSON:setUpClass): 201 POST http://10.13.3.201:9696/v2.0/routers 0.803s[00m
2020-10-30 15:55:04.676 5446 WARNING tempest.lib.common.ssh [-] Failed to establish authenticated ssh connection to ubuntu@10.13.3.170 ([Errno None] Unable to connect to port 22 on 10.13.3.170). Number attempts: 6. Retry after 7 seconds.: paramiko.ssh_exception.NoValidConnectionsError: [Errno None] Unable to connect to port 22 on 10.13.3.170[00m
2020-10-30 15:55:05.767 5449 INFO tempest.lib.common.rest_client [req-cc47407e-074d-4755-acf1-440ef9bb748d ] Request (ServerActionsTestJSON:setUpClass): 200 PUT http://10.13.3.201:9696/v2.0/routers/78ff098f-4b2c-47bf-b90f-82fb9fa4af36/add_router_interface 1.202s[00m
2020-10-30 15:55:05.768 5449 INFO tempest.lib.common.dynamic_creds [-] Created isolated network resources for:
 credentials: Credentials: {'domain_id': 'f5aee6e468e84cafaf2a172b409372ec', 'domain_name': 'admin_domain', 'username': 'tempest-ServerActionsTestJSON-1614856794', 'project_domain_id': 'f5aee6e468e84cafaf2a172b409372ec', 'project_domain_name': 'admin_domain', 'project_id': '71318145636b42ec951edd8d3c6f8b3f', 'project_name': 'tempest-ServerActionsTestJSON-1614856794', 'tenant_id': '71318145636b42ec951edd8d3c6f8b3f', 'tenant_name': 'tempest-ServerActionsTestJSON-1614856794', 'user_domain_id': 'f5aee6e468e84cafaf2a172b409372ec', 'user_domain_name': 'admin_domain', 'user_id': '9c3801ff096a4d02bd7edc02bdf14608'}, Network: {'id': '2f26de90-7d55-4266-a225-a2b0e932aff5', 'name': 'tempest-ServerActionsTestJSON-1828886362-network', 'tenant_id': '71318145636b42ec951edd8d3c6f8b3f', 'admin_state_up': True, 'mtu': 1458, 'status': 'ACTIVE', 'subnets': [], 'shared': False, 'project_id': '71318145636b42ec951edd8d3c6f8b3f', 'router:external': False, 'provider:network_type': 'gre', 'provider:physical_network': None, 'provider:segmentation_id': 1, 'availability_zone_hints': [], 'is_default': False, 'availability_zones': [], 'ipv4_address_scope': None, 'ipv6_address_scope': None, 'description': '', 'l2_adjacency': True, 'tags': [], 'created_at': '2020-10-30T15:55:03Z', 'updated_at': '2020-10-30T15:55:03Z', 'revision_number': 1}, Subnet: {'id': 'e43f5037-8fec-4f9f-bcfe-75d1d3de22e9', 'name': 'tempest-ServerActionsTestJSON-1828886362-subnet', 'tenant_id': '71318145636b42ec951edd8d3c6f8b3f', 'network_id': '2f26de90-7d55-4266-a225-a2b0e932aff5', 'ip_version': 4, 'subnetpool_id': None, 'enable_dhcp': True, 'ipv6_ra_mode': None, 'ipv6_address_mode': None, 'gateway_ip': '172.16.0.1', 'cidr': '172.16.0.0/28', 'allocation_pools': [{'start': '172.16.0.2', 'end': '172.16.0.14'}], 'host_routes': [], 'dns_nameservers': [], 'description': '', 'service_types': [], 'segment_id': None, 'tags': [], 'created_at': '2020-10-30T15:55:03Z', 'updated_at': '2020-10-30T15:55:03Z', 'revision_number': 0, 'project_id': '71318145636b42ec951edd8d3c6f8b3f'}, Router: {'id': '78ff098f-4b2c-47bf-b90f-82fb9fa4af36', 'name': 'tempest-ServerActionsTestJSON-1828886362-router', 'tenant_id': '71318145636b42ec951edd8d3c6f8b3f', 'admin_state_up': True, 'status': 'ACTIVE', 'external_gateway_info': {'network_id': 'e8f5641b-e07f-42e2-837c-e9659e49f999', 'external_fixed_ips': [{'subnet_id': 'b9c31e74-83b0-4171-9bce-02676dc4694e', 'ip_address': '10.13.3.190'}], 'enable_snat': True}, 'description': '', 'availability_zones': [], 'distributed': False, 'ha': False, 'availability_zone_hints': [], 'routes': [], 'flavor_id': None, 'tags': [], 'created_at': '2020-10-30T15:55:03Z', 'updated_at': '2020-10-30T15:55:04Z', 'revision_number': 3, 'project_id': '71318145636b42ec951edd8d3c6f8b3f'}[00m
2020-10-30 15:55:06.058 5449 INFO tempest.lib.common.rest_client [req-c5e69f5b-2c39-4ca5-90cc-40db5bbc54ca ] Request (ServerActionsTestJSON:setUpClass): 201 POST http://10.13.3.239:5000/v3/auth/tokens 0.280s[00m
2020-10-30 15:55:06.251 5449 INFO tempest.lib.common.rest_client [req-3c837551-aa27-44ad-85ef-81a827fa33d0 ] Request (ServerActionsTestJSON:setUpClass): 200 POST http://10.13.3.238:8774/v2.1/os-keypairs 0.190s[00m
2020-10-30 15:55:06.382 5449 INFO tempest.lib.common.rest_client [req-39f670b4-cba7-4759-9a5a-eaa5b32235e7 ] Request (ServerActionsTestJSON:setUpClass): 201 POST http://10.13.3.201:9696/v2.0/security-groups 0.126s[00m
2020-10-30 15:55:06.456 5449 INFO tempest.lib.common.rest_client [req-c03d66dc-ce44-4646-a5c1-e0ee0522bc01 ] Request (ServerActionsTestJSON:setUpClass): 201 POST http://10.13.3.201:9696/v2.0/security-group-rules 0.072s[00m
2020-10-30 15:55:06.521 5449 INFO tempest.lib.common.rest_client [req-3ae64955-38fb-4619-ba5b-c46417101a8b ] Request (ServerActionsTestJSON:setUpClass): 201 POST http://10.13.3.201:9696/v2.0/security-group-rules 0.064s[00m
2020-10-30 15:55:07.190 5449 INFO tempest.lib.common.rest_client [req-1ad7c613-9540-4942-a93b-b6ee09af0707 ] Request (ServerActionsTestJSON:setUpClass): 201 POST http://10.13.3.201:9696/v2.0/floatingips 0.667s[00m
2020-10-30 15:55:07.435 5449 INFO tempest.lib.common.rest_client [req-14e05b5d-39ee-4f6a-8f92-0a2b8b978411 ] Request (ServerActionsTestJSON:setUpClass): 201 POST http://10.13.3.239:5000/v3/auth/tokens 0.237s[00m
2020-10-30 15:55:07.436 5449 INFO tempest.lib.common.fixed_network [-] (ServerActionsTestJSON:setUpClass) Found network {'id': '2f26de90-7d55-4266-a225-a2b0e932aff5', 'name': 'tempest-ServerActionsTestJSON-1828886362-network', 'tenant_id': '71318145636b42ec951edd8d3c6f8b3f', 'admin_state_up': True, 'mtu': 1458, 'status': 'ACTIVE', 'subnets': [], 'shared': False, 'project_id': '71318145636b42ec951edd8d3c6f8b3f', 'router:external': False, 'provider:network_type': 'gre', 'provider:physical_network': None, 'provider:segmentation_id': 1, 'availability_zone_hints': [], 'is_default': False, 'availability_zones': [], 'ipv4_address_scope': None, 'ipv6_address_scope': None, 'description': '', 'l2_adjacency': True, 'tags': [], 'created_at': '2020-10-30T15:55:03Z', 'updated_at': '2020-10-30T15:55:03Z', 'revision_number': 1} available for tenant[00m
2020-10-30 15:55:07.825 5449 INFO tempest.lib.common.rest_client [req-519d17d8-f974-4b33-923f-034b009f3c86 ] Request (ServerActionsTestJSON:setUpClass): 202 POST http://10.13.3.238:8774/v2.1/servers 0.387s[00m
2020-10-30 15:55:07.876 5449 INFO tempest.lib.common.rest_client [req-666796f1-037f-480f-bad4-b24851e8d2d0 ] Request (ServerActionsTestJSON:setUpClass): 200 GET http://10.13.3.238:8774/v2.1/servers/573af426-cef3-4947-a33c-bdeb598526fb 0.048s[00m
2020-10-30 15:55:09.038 5449 INFO tempest.lib.common.rest_client [req-0ad25b04-ed34-47b0-94a5-e8e804754a3f ] Request (ServerActionsTestJSON:setUpClass): 200 GET http://10.13.3.238:8774/v2.1/servers/573af426-cef3-4947-a33c-bdeb598526fb 0.150s[00m
2020-10-30 15:55:09.047 5449 INFO tempest.common.waiters [-] State transition "BUILD/scheduling" ==> "BUILD/spawning" after 2 second wait[00m
2020-10-30 15:55:10.198 5449 INFO tempest.lib.common.rest_client [req-1cee8c88-e4e2-4864-93f8-f82dd0179766 ] Request (ServerActionsTestJSON:setUpClass): 200 GET http://10.13.3.238:8774/v2.1/servers/573af426-cef3-4947-a33c-bdeb598526fb 0.149s[00m
2020-10-30 15:55:11.335 5449 INFO tempest.lib.common.rest_client [req-0ff5e7da-9ff2-4fe7-ae3a-45084b8d6a4d ] Request (ServerActionsTestJSON:setUpClass): 200 GET http://10.13.3.238:8774/v2.1/servers/573af426-cef3-4947-a33c-bdeb598526fb 0.126s[00m
2020-10-30 15:55:12.194 5446 WARNING tempest.lib.common.ssh [-] Failed to establish authenticated ssh connection to ubuntu@10.13.3.170 ([Errno None] Unable to connect to port 22 on 10.13.3.170). Number attempts: 7. Retry after 8 seconds.: paramiko.ssh_exception.NoValidConnectionsError: [Errno None] Unable to connect to port 22 on 10.13.3.170[00m
2020-10-30 15:55:12.451 5449 INFO tempest.lib.common.rest_client [req-52b92504-2cbe-40b9-9df9-3a8ddffa027e ] Request (ServerActionsTestJSON:setUpClass): 200 GET http://10.13.3.238:8774/v2.1/servers/573af426-cef3-4947-a33c-bdeb598526fb 0.107s[00m
2020-10-30 15:55:13.570 5449 INFO tempest.lib.common.rest_client [req-1ef84ce2-8f47-441c-b3ed-9e665596e39e ] Request (ServerActionsTestJSON:setUpClass): 200 GET http://10.13.3.238:8774/v2.1/servers/573af426-cef3-4947-a33c-bdeb598526fb 0.110s[00m
2020-10-30 15:55:13.585 5449 INFO tempest.common.waiters [-] State transition "BUILD/spawning" ==> "ACTIVE/None" after 6 second wait[00m
2020-10-30 15:55:13.666 5449 INFO tempest.lib.common.rest_client [req-39933a37-9576-4b04-a325-6eb6303afccd ] Request (ServerActionsTestJSON:setUpClass): 200 GET http://10.13.3.238:8774/v2.1/servers/573af426-cef3-4947-a33c-bdeb598526fb/os-interface 0.079s[00m
2020-10-30 15:55:14.360 5449 INFO tempest.lib.common.rest_client [req-a30daffb-fa54-452a-ad62-f3117099282d ] Request (ServerActionsTestJSON:setUpClass): 200 PUT http://10.13.3.201:9696/v2.0/floatingips/0b05027d-ac4c-4e0e-9420-4451b3644057 0.688s[00m
2020-10-30 15:55:14.474 5449 INFO tempest.lib.common.rest_client [req-3378a552-75fa-403f-bf7c-99d9497e7c1c ] Request (ServerActionsTestJSON:setUp): 200 GET http://10.13.3.238:8774/v2.1/servers/573af426-cef3-4947-a33c-bdeb598526fb 0.107s[00m
2020-10-30 15:55:14.597 5449 INFO tempest.lib.common.rest_client [req-299bfe58-2f09-4cc8-8e61-2147d3716ddc ] Request (ServerActionsTestJSON:test_reboot_server_hard): 200 GET http://10.13.3.238:8774/v2.1/servers/573af426-cef3-4947-a33c-bdeb598526fb 0.112s[00m
2020-10-30 15:55:14.616 5449 INFO tempest.lib.common.ssh [-] Creating ssh connection to '10.13.3.135:22' as 'ubuntu' with public key authentication[00m
2020-10-30 15:55:20.719 5446 INFO paramiko.transport [-] Connected (version 2.0, client OpenSSH_7.6p1)[00m
2020-10-30 15:55:20.850 5446 INFO paramiko.transport [-] Authentication (publickey) successful![00m
2020-10-30 15:55:20.851 5446 INFO tempest.lib.common.ssh [-] ssh connection to ubuntu@10.13.3.170 successfully created[00m
2020-10-30 15:55:20.940 5446 INFO tempest.lib.common.rest_client [req-153001c9-4872-4246-a2c3-ce60a73758e1 ] Request (AttachInterfacesUnderV243Test:test_add_remove_fixed_ip): 200 GET http://10.13.3.238:8774/v2.1/servers/65924c66-8b1e-4cfc-98dc-30c5352d8fcd/os-interface 0.088s[00m
2020-10-30 15:55:21.029 5446 INFO tempest.lib.common.rest_client [req-744f9322-7ef3-4be5-a8e5-8c47c908f3d5 ] Request (AttachInterfacesUnderV243Test:test_add_remove_fixed_ip): 200 GET http://10.13.3.238:8774/v2.1/servers/65924c66-8b1e-4cfc-98dc-30c5352d8fcd/os-interface/cadb239b-6256-4ebc-a6ae-6fdaadcbbdb1 0.082s[00m
2020-10-30 15:55:21.088 5446 INFO tempest.lib.common.rest_client [req-59ffe14d-7b70-49c7-86bb-4415c7b8fcc0 ] Request (AttachInterfacesUnderV243Test:test_add_remove_fixed_ip): 200 GET http://10.13.3.238:8774/v2.1/servers/65924c66-8b1e-4cfc-98dc-30c5352d8fcd/ips 0.053s[00m
2020-10-30 15:55:21.139 5446 INFO tempest.lib.common.rest_client [req-10fbb231-09c7-484d-b1dd-8d9d7fe9eca2 ] Request (AttachInterfacesUnderV243Test:test_add_remove_fixed_ip): 202 POST http://10.13.3.238:8774/v2.1/servers/65924c66-8b1e-4cfc-98dc-30c5352d8fcd/action 0.049s[00m
2020-10-30 15:55:21.193 5446 INFO tempest.lib.common.rest_client [req-db13f074-6025-4836-97db-e811ed844dbc ] Request (AttachInterfacesUnderV243Test:test_add_remove_fixed_ip): 200 GET http://10.13.3.238:8774/v2.1/servers/65924c66-8b1e-4cfc-98dc-30c5352d8fcd/ips 0.051s[00m
2020-10-30 15:55:22.248 5446 INFO tempest.lib.common.rest_client [req-c611a969-e208-4578-a402-ecb8f1fff091 ] Request (AttachInterfacesUnderV243Test:test_add_remove_fixed_ip): 200 GET http://10.13.3.238:8774/v2.1/servers/65924c66-8b1e-4cfc-98dc-30c5352d8fcd/ips 0.048s[00m
2020-10-30 15:55:22.385 5446 INFO tempest.lib.common.rest_client [req-1443ec4b-10ff-48c1-a4c5-86c7a84ccb72 ] Request (AttachInterfacesUnderV243Test:test_add_remove_fixed_ip): 200 GET http://10.13.3.238:8774/v2.1/servers/65924c66-8b1e-4cfc-98dc-30c5352d8fcd 0.130s[00m
2020-10-30 15:55:22.446 5446 INFO tempest.lib.common.rest_client [req-159baf0d-762c-4a7a-a185-2c07e179fdcf ] Request (AttachInterfacesUnderV243Test:test_add_remove_fixed_ip): 202 POST http://10.13.3.238:8774/v2.1/servers/65924c66-8b1e-4cfc-98dc-30c5352d8fcd/action 0.048s[00m
2020-10-30 15:55:22.494 5446 INFO tempest.lib.common.rest_client [req-effb5ff8-33a2-4ed9-84d1-ecf9c18ab81d ] Request (AttachInterfacesUnderV243Test:test_add_remove_fixed_ip): 200 GET http://10.13.3.238:8774/v2.1/servers/65924c66-8b1e-4cfc-98dc-30c5352d8fcd/ips 0.044s[00m
2020-10-30 15:55:23.549 5446 INFO tempest.lib.common.rest_client [req-03b0bbdc-ba1c-4976-b9eb-91a43b87e416 ] Request (AttachInterfacesUnderV243Test:test_add_remove_fixed_ip): 200 GET http://10.13.3.238:8774/v2.1/servers/65924c66-8b1e-4cfc-98dc-30c5352d8fcd/ips 0.046s[00m
2020-10-30 15:55:23.662 5446 INFO tempest.lib.common.rest_client [req-0dbcbfd8-e630-4858-b299-f9c288c80b38 ] Request (AttachInterfacesUnderV243Test:_run_cleanups): 204 DELETE http://10.13.3.238:8774/v2.1/servers/65924c66-8b1e-4cfc-98dc-30c5352d8fcd 0.105s[00m
2020-10-30 15:55:23.833 5446 INFO tempest.lib.common.rest_client [req-2e7a15ba-1200-43f8-809b-a763686c2d7e ] Request (AttachInterfacesUnderV243Test:_run_cleanups): 200 GET http://10.13.3.238:8774/v2.1/servers/65924c66-8b1e-4cfc-98dc-30c5352d8fcd 0.167s[00m
2020-10-30 15:55:24.999 5446 INFO tempest.lib.common.rest_client [req-2175d548-9bf1-4371-8cc1-f1e531fbfaba ] Request (AttachInterfacesUnderV243Test:_run_cleanups): 200 GET http://10.13.3.238:8774/v2.1/servers/65924c66-8b1e-4cfc-98dc-30c5352d8fcd 0.150s[00m
2020-10-30 15:55:26.057 5446 INFO tempest.lib.common.rest_client [req-8b6327a4-a3c4-4a49-8412-f17deded15e2 ] Request (AttachInterfacesUnderV243Test:_run_cleanups): 404 GET http://10.13.3.238:8774/v2.1/servers/65924c66-8b1e-4cfc-98dc-30c5352d8fcd 0.043s[00m
2020-10-30 15:55:26.084 5446 INFO tempest.lib.common.rest_client [req-6a5210c0-f257-436f-a941-f2ef76fea41d ] Request (AttachInterfacesUnderV243Test:_run_cleanups): 202 DELETE http://10.13.3.238:8774/v2.1/os-keypairs/tempest-keypair-141784647 0.023s[00m
2020-10-30 15:55:26.375 5446 INFO tempest.lib.common.rest_client [req-db47a2c5-d9f3-4b9b-b58a-2b88e445bf78 ] Request (AttachInterfacesUnderV243Test:_run_cleanups): 204 DELETE http://10.13.3.201:9696/v2.0/security-groups/71783ddc-bcb3-4177-81e1-21f2975e3d7e 0.286s[00m
2020-10-30 15:55:26.393 5446 INFO tempest.lib.common.rest_client [req-2eda94a7-62d1-4121-bcb5-334d8c8671b9 ] Request (AttachInterfacesUnderV243Test:_run_cleanups): 404 GET http://10.13.3.201:9696/v2.0/security-groups/71783ddc-bcb3-4177-81e1-21f2975e3d7e 0.014s[00m
2020-10-30 15:55:26.729 5446 INFO tempest.lib.common.rest_client [req-3781626f-d82c-4364-8e2e-3e9eb118137e ] Request (AttachInterfacesUnderV243Test:_run_cleanups): 204 DELETE http://10.13.3.201:9696/v2.0/floatingips/11be65c4-443e-4161-9546-d4cd695d2f26 0.333s[00m
{0} tempest.api.compute.servers.test_attach_interfaces.AttachInterfacesUnderV243Test.test_add_remove_fixed_ip [62.351598s] ... ok
2020-10-30 15:55:26.780 5446 INFO tempest.lib.common.rest_client [req-ab06aea8-655e-478d-b2c0-be7678b9f2a3 ] Request (AttachInterfacesUnderV243Test:tearDownClass): 404 DELETE http://10.13.3.238:8774/v2.1/servers/65924c66-8b1e-4cfc-98dc-30c5352d8fcd 0.043s[00m
2020-10-30 15:55:26.825 5446 INFO tempest.lib.common.rest_client [req-2dc72e36-ab98-41be-a7a5-6f98f336e025 ] Request (AttachInterfacesUnderV243Test:tearDownClass): 404 GET http://10.13.3.238:8774/v2.1/servers/65924c66-8b1e-4cfc-98dc-30c5352d8fcd 0.041s[00m
2020-10-30 15:55:28.041 5446 INFO tempest.lib.common.rest_client [req-198fc39d-36f5-4c7a-a934-675af19d7b77 ] Request (AttachInterfacesUnderV243Test:tearDownClass): 200 PUT http://10.13.3.201:9696/v2.0/routers/2fa508ca-0e0b-45da-b282-83ac092fca9b/remove_router_interface 1.213s[00m
2020-10-30 15:55:28.691 5446 INFO tempest.lib.common.rest_client [req-eaeafc73-e5e6-4491-b9db-2ae56646f93e ] Request (AttachInterfacesUnderV243Test:tearDownClass): 204 DELETE http://10.13.3.201:9696/v2.0/routers/2fa508ca-0e0b-45da-b282-83ac092fca9b 0.650s[00m
2020-10-30 15:55:28.961 5446 INFO tempest.lib.common.rest_client [req-0d5796d4-7d27-4144-b549-26c1ba5ae711 ] Request (AttachInterfacesUnderV243Test:tearDownClass): 204 DELETE http://10.13.3.201:9696/v2.0/subnets/37494e10-6cf9-4cb0-bd09-153d22cad69f 0.268s[00m
2020-10-30 15:55:29.537 5446 INFO tempest.lib.common.rest_client [req-a514de6f-4936-4d9e-9e68-19cb0da259e4 ] Request (AttachInterfacesUnderV243Test:tearDownClass): 204 DELETE http://10.13.3.201:9696/v2.0/networks/107ebe02-a059-4cba-8ca9-45e76c9d6ef4 0.575s[00m
2020-10-30 15:55:29.623 5446 INFO tempest.lib.common.rest_client [req-1ce82a1f-ed5e-4fce-aa12-b02e435760b4 ] Request (AttachInterfacesUnderV243Test:tearDownClass): 204 DELETE http://10.13.3.239:35357/v3/users/50eeedd360ba4dee86252ebbff4f7c65 0.085s[00m
2020-10-30 15:55:29.653 5446 INFO tempest.lib.common.rest_client [req-c33cb7e2-22d2-49b2-8f89-60ef0d582496 ] Request (AttachInterfacesUnderV243Test:tearDownClass): 200 GET http://10.13.3.201:9696/v2.0/security-groups?tenant_id=67d0c6c8d091435dba99ebdea2a4abdc&name=default 0.029s[00m
2020-10-30 15:55:29.731 5446 INFO tempest.lib.common.rest_client [req-3bb9396b-40d5-4599-9926-476deb8d5325 ] Request (AttachInterfacesUnderV243Test:tearDownClass): 204 DELETE http://10.13.3.201:9696/v2.0/security-groups/4c6d63f5-e191-46aa-9c3c-608cdafeca4c 0.076s[00m
2020-10-30 15:55:29.818 5446 INFO tempest.lib.common.rest_client [req-73ce75dc-2be3-438c-8b13-0b14ef9ece46 ] Request (AttachInterfacesUnderV243Test:tearDownClass): 204 DELETE http://10.13.3.239:35357/v3/projects/67d0c6c8d091435dba99ebdea2a4abdc 0.086s[00m
2020-10-30 15:55:29.929 5449 WARNING tempest.lib.common.ssh [-] Failed to establish authenticated ssh connection to ubuntu@10.13.3.135 ([Errno None] Unable to connect to port 22 on 10.13.3.135). Number attempts: 1. Retry after 2 seconds.: paramiko.ssh_exception.NoValidConnectionsError: [Errno None] Unable to connect to port 22 on 10.13.3.135[00m
2020-10-30 15:55:30.109 5446 INFO tempest.lib.common.rest_client [req-9d76712d-5ae5-427d-a768-07150c26bfa7 ] Request (ServersTestJSON:setUpClass): 201 POST http://10.13.3.239:5000/v3/auth/tokens 0.287s[00m
2020-10-30 15:55:30.366 5446 INFO tempest.lib.common.rest_client [req-ac0218a5-f775-4c19-9531-a60dcb64bb1e ] Request (ServersTestJSON:setUpClass): 201 POST http://10.13.3.239:5000/v3/auth/tokens 0.252s[00m
2020-10-30 15:55:30.396 5446 INFO tempest.lib.common.rest_client [req-e04c9292-d1f9-4284-95bf-00d326d13f71 ] Request (ServersTestJSON:setUpClass): 200 GET http://10.13.3.239:35357/v3/domains?name=admin_domain 0.028s[00m
2020-10-30 15:55:30.424 5446 INFO tempest.lib.common.rest_client [req-b7a474d6-d283-46c2-97ef-c293e834720a ] Request (ServersTestJSON:setUpClass): 201 POST http://10.13.3.239:35357/v3/projects 0.027s[00m
2020-10-30 15:55:30.679 5446 INFO tempest.lib.common.rest_client [req-710441f9-1d73-40fc-a109-8de88e94a0fb ] Request (ServersTestJSON:setUpClass): 201 POST http://10.13.3.239:35357/v3/users 0.253s[00m
2020-10-30 15:55:30.699 5446 INFO tempest.lib.common.rest_client [req-c8d65108-6b25-4634-be0c-79dc99660ec1 ] Request (ServersTestJSON:setUpClass): 200 GET http://10.13.3.239:35357/v3/roles 0.019s[00m
2020-10-30 15:55:30.719 5446 INFO tempest.lib.common.rest_client [req-21cd8d98-18d4-4e41-a3c9-b46725dbcffd ] Request (ServersTestJSON:setUpClass): 200 GET http://10.13.3.239:35357/v3/roles 0.018s[00m
2020-10-30 15:55:30.753 5446 INFO tempest.lib.common.rest_client [req-0166fd72-cf57-4c55-a30f-3b89a90706e3 ] Request (ServersTestJSON:setUpClass): 204 PUT http://10.13.3.239:35357/v3/projects/42016dfa6b40496599bd036209fbd827/users/9cc84f42e5944f469ce767ac832a7fb4/roles/cf9f9d7d1d3045c99e048eab0884658c 0.033s[00m
2020-10-30 15:55:30.753 5446 INFO tempest.lib.common.dynamic_creds [-] Acquired dynamic creds:
 credentials: Credentials: {'domain_id': 'f5aee6e468e84cafaf2a172b409372ec', 'domain_name': 'admin_domain', 'username': 'tempest-ServersTestJSON-727280490', 'project_domain_id': 'f5aee6e468e84cafaf2a172b409372ec', 'project_domain_name': 'admin_domain', 'project_id': '42016dfa6b40496599bd036209fbd827', 'project_name': 'tempest-ServersTestJSON-727280490', 'tenant_id': '42016dfa6b40496599bd036209fbd827', 'tenant_name': 'tempest-ServersTestJSON-727280490', 'user_domain_id': 'f5aee6e468e84cafaf2a172b409372ec', 'user_domain_name': 'admin_domain', 'user_id': '9cc84f42e5944f469ce767ac832a7fb4'}, Network: None, Subnet: None, Router: None[00m
2020-10-30 15:55:31.020 5446 INFO tempest.lib.common.rest_client [req-9033728c-ee0e-43f4-87d0-9e197d462478 ] Request (ServersTestJSON:setUpClass): 201 POST http://10.13.3.239:5000/v3/auth/tokens 0.266s[00m
2020-10-30 15:55:31.273 5446 INFO tempest.lib.common.rest_client [req-c1f8f16c-a65f-429c-809d-d9ca2dab2c97 ] Request (ServersTestJSON:setUpClass): 201 POST http://10.13.3.201:9696/v2.0/networks 0.251s[00m
2020-10-30 15:55:31.655 5446 INFO tempest.lib.common.rest_client [req-37ca1e9c-c378-4eeb-bbad-6e2657daa6f5 ] Request (ServersTestJSON:setUpClass): 201 POST http://10.13.3.201:9696/v2.0/subnets 0.379s[00m
2020-10-30 15:55:32.436 5449 WARNING tempest.lib.common.ssh [-] Failed to establish authenticated ssh connection to ubuntu@10.13.3.135 ([Errno None] Unable to connect to port 22 on 10.13.3.135). Number attempts: 2. Retry after 3 seconds.: paramiko.ssh_exception.NoValidConnectionsError: [Errno None] Unable to connect to port 22 on 10.13.3.135[00m
2020-10-30 15:55:32.483 5446 INFO tempest.lib.common.rest_client [req-cb741dc9-49bf-49c1-961a-5a769df383d8 ] Request (ServersTestJSON:setUpClass): 201 POST http://10.13.3.201:9696/v2.0/routers 0.827s[00m
2020-10-30 15:55:33.776 5446 INFO tempest.lib.common.rest_client [req-e6019ff2-c89e-4960-8ae0-baf653028963 ] Request (ServersTestJSON:setUpClass): 200 PUT http://10.13.3.201:9696/v2.0/routers/f6e065e5-8ad9-4f51-b77f-d3fe663287c8/add_router_interface 1.292s[00m
2020-10-30 15:55:33.777 5446 INFO tempest.lib.common.dynamic_creds [-] Created isolated network resources for:
 credentials: Credentials: {'domain_id': 'f5aee6e468e84cafaf2a172b409372ec', 'domain_name': 'admin_domain', 'username': 'tempest-ServersTestJSON-727280490', 'project_domain_id': 'f5aee6e468e84cafaf2a172b409372ec', 'project_domain_name': 'admin_domain', 'project_id': '42016dfa6b40496599bd036209fbd827', 'project_name': 'tempest-ServersTestJSON-727280490', 'tenant_id': '42016dfa6b40496599bd036209fbd827', 'tenant_name': 'tempest-ServersTestJSON-727280490', 'user_domain_id': 'f5aee6e468e84cafaf2a172b409372ec', 'user_domain_name': 'admin_domain', 'user_id': '9cc84f42e5944f469ce767ac832a7fb4'}, Network: {'id': '856217c0-fd23-4017-84b2-1008174b2847', 'name': 'tempest-ServersTestJSON-2128147803-network', 'tenant_id': '42016dfa6b40496599bd036209fbd827', 'admin_state_up': True, 'mtu': 1458, 'status': 'ACTIVE', 'subnets': [], 'shared': False, 'project_id': '42016dfa6b40496599bd036209fbd827', 'router:external': False, 'provider:network_type': 'gre', 'provider:physical_network': None, 'provider:segmentation_id': 2, 'availability_zone_hints': [], 'is_default': False, 'availability_zones': [], 'ipv4_address_scope': None, 'ipv6_address_scope': None, 'description': '', 'l2_adjacency': True, 'tags': [], 'created_at': '2020-10-30T15:55:31Z', 'updated_at': '2020-10-30T15:55:31Z', 'revision_number': 1}, Subnet: {'id': '6458c140-c2ff-4b32-9437-40d2b6f52d07', 'name': 'tempest-ServersTestJSON-2128147803-subnet', 'tenant_id': '42016dfa6b40496599bd036209fbd827', 'network_id': '856217c0-fd23-4017-84b2-1008174b2847', 'ip_version': 4, 'subnetpool_id': None, 'enable_dhcp': True, 'ipv6_ra_mode': None, 'ipv6_address_mode': None, 'gateway_ip': '172.16.0.1', 'cidr': '172.16.0.0/28', 'allocation_pools': [{'start': '172.16.0.2', 'end': '172.16.0.14'}], 'host_routes': [], 'dns_nameservers': [], 'description': '', 'service_types': [], 'segment_id': None, 'tags': [], 'created_at': '2020-10-30T15:55:31Z', 'updated_at': '2020-10-30T15:55:31Z', 'revision_number': 0, 'project_id': '42016dfa6b40496599bd036209fbd827'}, Router: {'id': 'f6e065e5-8ad9-4f51-b77f-d3fe663287c8', 'name': 'tempest-ServersTestJSON-2128147803-router', 'tenant_id': '42016dfa6b40496599bd036209fbd827', 'admin_state_up': True, 'status': 'ACTIVE', 'external_gateway_info': {'network_id': 'e8f5641b-e07f-42e2-837c-e9659e49f999', 'external_fixed_ips': [{'subnet_id': 'b9c31e74-83b0-4171-9bce-02676dc4694e', 'ip_address': '10.13.3.189'}], 'enable_snat': True}, 'description': '', 'availability_zones': [], 'distributed': False, 'ha': False, 'availability_zone_hints': [], 'routes': [], 'flavor_id': None, 'tags': [], 'created_at': '2020-10-30T15:55:31Z', 'updated_at': '2020-10-30T15:55:32Z', 'revision_number': 3, 'project_id': '42016dfa6b40496599bd036209fbd827'}[00m
2020-10-30 15:55:34.058 5446 INFO tempest.lib.common.rest_client [req-5f0af4c6-a5d8-4c68-a65c-8d6a2a79ebc2 ] Request (ServersTestJSON:setUpClass): 201 POST http://10.13.3.239:5000/v3/auth/tokens 0.274s[00m
2020-10-30 15:55:34.307 5446 INFO tempest.lib.common.rest_client [req-8bf8c08e-b560-4d7a-a9d3-e00dd73bef1f ] Request (ServersTestJSON:setUpClass): 200 POST http://10.13.3.238:8774/v2.1/os-keypairs 0.246s[00m
2020-10-30 15:55:34.416 5446 INFO tempest.lib.common.rest_client [req-3927287c-1b6b-45e0-9faf-3e2a8b1e21cf ] Request (ServersTestJSON:setUpClass): 201 POST http://10.13.3.201:9696/v2.0/security-groups 0.105s[00m
2020-10-30 15:55:34.483 5446 INFO tempest.lib.common.rest_client [req-7bf2c46b-b8fa-4def-95fe-94d2f1bb3000 ] Request (ServersTestJSON:setUpClass): 201 POST http://10.13.3.201:9696/v2.0/security-group-rules 0.066s[00m
2020-10-30 15:55:34.547 5446 INFO tempest.lib.common.rest_client [req-3884182e-c4aa-46e8-a957-b79460ac3be3 ] Request (ServersTestJSON:setUpClass): 201 POST http://10.13.3.201:9696/v2.0/security-group-rules 0.063s[00m
2020-10-30 15:55:35.204 5446 INFO tempest.lib.common.rest_client [req-8f8ade8f-45c8-432e-bb44-2d2cf56aeba1 ] Request (ServersTestJSON:setUpClass): 201 POST http://10.13.3.201:9696/v2.0/floatingips 0.655s[00m
2020-10-30 15:55:35.444 5446 INFO tempest.lib.common.rest_client [req-e0270bf8-6680-4e4a-8742-207c6bfbfbef ] Request (ServersTestJSON:setUpClass): 201 POST http://10.13.3.239:5000/v3/auth/tokens 0.233s[00m
2020-10-30 15:55:35.445 5446 INFO tempest.lib.common.fixed_network [-] (ServersTestJSON:setUpClass) Found network {'id': '856217c0-fd23-4017-84b2-1008174b2847', 'name': 'tempest-ServersTestJSON-2128147803-network', 'tenant_id': '42016dfa6b40496599bd036209fbd827', 'admin_state_up': True, 'mtu': 1458, 'status': 'ACTIVE', 'subnets': [], 'shared': False, 'project_id': '42016dfa6b40496599bd036209fbd827', 'router:external': False, 'provider:network_type': 'gre', 'provider:physical_network': None, 'provider:segmentation_id': 2, 'availability_zone_hints': [], 'is_default': False, 'availability_zones': [], 'ipv4_address_scope': None, 'ipv6_address_scope': None, 'description': '', 'l2_adjacency': True, 'tags': [], 'created_at': '2020-10-30T15:55:31Z', 'updated_at': '2020-10-30T15:55:31Z', 'revision_number': 1} available for tenant[00m
2020-10-30 15:55:35.844 5446 INFO tempest.lib.common.rest_client [req-be96a56d-61aa-4495-a648-7c079a65a048 ] Request (ServersTestJSON:setUpClass): 202 POST http://10.13.3.238:8774/v2.1/servers 0.396s[00m
