2020-10-30 15:57:19.325 5449 INFO tempest.lib.common.rest_client [req-9feeab1e-7951-4552-91e6-419de13fb015 ] Request (ExtensionsTestJSON:setUpClass): 201 POST http://10.13.3.239:5000/v3/auth/tokens 0.308s[00m
2020-10-30 15:57:19.587 5449 INFO tempest.lib.common.rest_client [req-d23a661e-26bd-4b91-89e4-5359d21cfaee ] Request (ExtensionsTestJSON:setUpClass): 201 POST http://10.13.3.239:5000/v3/auth/tokens 0.254s[00m
2020-10-30 15:57:19.613 5449 INFO tempest.lib.common.rest_client [req-aac29c71-1f88-48cc-bf56-915a3eca804d ] Request (ExtensionsTestJSON:setUpClass): 200 GET http://10.13.3.239:35357/v3/domains?name=admin_domain 0.025s[00m
2020-10-30 15:57:19.618 5446 INFO tempest.lib.common.rest_client [req-25ddb4ea-0b8f-4b13-be94-631e31b14b41 ] Request (VolumesActionsTest:test_attach_detach_volume_to_instance): 200 GET http://10.13.3.238:8774/v2.1/servers/a1c18389-5a01-4494-8de9-ab654b2272f2 0.108s[00m
2020-10-30 15:57:19.642 5449 INFO tempest.lib.common.rest_client [req-85110541-8d17-4528-a730-767a57c3a770 ] Request (ExtensionsTestJSON:setUpClass): 201 POST http://10.13.3.239:35357/v3/projects 0.028s[00m
2020-10-30 15:57:19.895 5449 INFO tempest.lib.common.rest_client [req-c9962fe4-4c0f-48a4-a394-b70b84296049 ] Request (ExtensionsTestJSON:setUpClass): 201 POST http://10.13.3.239:35357/v3/users 0.252s[00m
2020-10-30 15:57:19.915 5449 INFO tempest.lib.common.rest_client [req-7a4bf6e3-a7fe-42ea-9879-d7a385a81e7a ] Request (ExtensionsTestJSON:setUpClass): 200 GET http://10.13.3.239:35357/v3/roles 0.018s[00m
2020-10-30 15:57:19.934 5449 INFO tempest.lib.common.rest_client [req-3fac90ed-60ab-431b-b854-05c1df1575c1 ] Request (ExtensionsTestJSON:setUpClass): 200 GET http://10.13.3.239:35357/v3/roles 0.018s[00m
2020-10-30 15:57:19.970 5449 INFO tempest.lib.common.rest_client [req-e7f896df-b9ed-481e-8ff2-5615e573ba56 ] Request (ExtensionsTestJSON:setUpClass): 204 PUT http://10.13.3.239:35357/v3/projects/884b0f706b5e47d3814cdcb9ddca593e/users/4070b35f73244382b602afd9dfcb66ad/roles/cf9f9d7d1d3045c99e048eab0884658c 0.031s[00m
2020-10-30 15:57:19.973 5449 INFO tempest.lib.common.dynamic_creds [-] Acquired dynamic creds:
 credentials: Credentials: {'domain_id': 'f5aee6e468e84cafaf2a172b409372ec', 'domain_name': 'admin_domain', 'username': 'tempest-ExtensionsTestJSON-286415247', 'project_domain_id': 'f5aee6e468e84cafaf2a172b409372ec', 'project_domain_name': 'admin_domain', 'project_id': '884b0f706b5e47d3814cdcb9ddca593e', 'project_name': 'tempest-ExtensionsTestJSON-286415247', 'tenant_id': '884b0f706b5e47d3814cdcb9ddca593e', 'tenant_name': 'tempest-ExtensionsTestJSON-286415247', 'user_domain_id': 'f5aee6e468e84cafaf2a172b409372ec', 'user_domain_name': 'admin_domain', 'user_id': '4070b35f73244382b602afd9dfcb66ad'}, Network: None, Subnet: None, Router: None[00m
2020-10-30 15:57:19.973 5449 INFO tempest.lib.common.dynamic_creds [-] Created isolated network resources for:
 credentials: Credentials: {'domain_id': 'f5aee6e468e84cafaf2a172b409372ec', 'domain_name': 'admin_domain', 'username': 'tempest-ExtensionsTestJSON-286415247', 'project_domain_id': 'f5aee6e468e84cafaf2a172b409372ec', 'project_domain_name': 'admin_domain', 'project_id': '884b0f706b5e47d3814cdcb9ddca593e', 'project_name': 'tempest-ExtensionsTestJSON-286415247', 'tenant_id': '884b0f706b5e47d3814cdcb9ddca593e', 'tenant_name': 'tempest-ExtensionsTestJSON-286415247', 'user_domain_id': 'f5aee6e468e84cafaf2a172b409372ec', 'user_domain_name': 'admin_domain', 'user_id': '4070b35f73244382b602afd9dfcb66ad'}, Network: None, Subnet: None, Router: None[00m
2020-10-30 15:57:20.262 5449 INFO tempest.lib.common.rest_client [req-167b95b4-eb74-4005-b73a-4ec98c274be9 ] Request (ExtensionsTestJSON:setUpClass): 201 POST http://10.13.3.239:5000/v3/auth/tokens 0.281s[00m
2020-10-30 15:57:20.356 5449 INFO tempest.lib.common.rest_client [req-867ddabe-8372-4334-a36b-1ba77686894c ] Request (ExtensionsTestJSON:test_list_show_extensions): 200 GET http://10.13.3.201:9696/v2.0/extensions 0.091s[00m
2020-10-30 15:57:20.365 5449 INFO tempest.lib.common.rest_client [req-48cbe1f1-65b6-42bf-98db-533f469fece0 ] Request (ExtensionsTestJSON:test_list_show_extensions): 200 GET http://10.13.3.201:9696/v2.0/extensions/address-group 0.008s[00m
2020-10-30 15:57:20.374 5449 INFO tempest.lib.common.rest_client [req-ff74a6d8-3e8a-4f1b-b6fd-bf06d13da267 ] Request (ExtensionsTestJSON:test_list_show_extensions): 200 GET http://10.13.3.201:9696/v2.0/extensions/address-scope 0.008s[00m
2020-10-30 15:57:20.383 5449 INFO tempest.lib.common.rest_client [req-76b5b26e-55d5-4d45-9591-0a9ccb1e2c99 ] Request (ExtensionsTestJSON:test_list_show_extensions): 200 GET http://10.13.3.201:9696/v2.0/extensions/router-admin-state-down-before-update 0.008s[00m
2020-10-30 15:57:20.398 5449 INFO tempest.lib.common.rest_client [req-2850ed41-039c-44b0-8ad5-84dad08fe89d ] Request (ExtensionsTestJSON:test_list_show_extensions): 200 GET http://10.13.3.201:9696/v2.0/extensions/agent 0.015s[00m
2020-10-30 15:57:20.407 5449 INFO tempest.lib.common.rest_client [req-3596fd15-8411-43d0-b040-216d37820bd4 ] Request (ExtensionsTestJSON:test_list_show_extensions): 200 GET http://10.13.3.201:9696/v2.0/extensions/agent-resources-synced 0.008s[00m
2020-10-30 15:57:20.416 5449 INFO tempest.lib.common.rest_client [req-1486fc48-fca8-4590-91ae-73795ba2c1cc ] Request (ExtensionsTestJSON:test_list_show_extensions): 200 GET http://10.13.3.201:9696/v2.0/extensions/allowed-address-pairs 0.008s[00m
2020-10-30 15:57:20.425 5449 INFO tempest.lib.common.rest_client [req-8956cab9-836f-4b4b-bc77-62ec80c78c95 ] Request (ExtensionsTestJSON:test_list_show_extensions): 200 GET http://10.13.3.201:9696/v2.0/extensions/auto-allocated-topology 0.008s[00m
2020-10-30 15:57:20.433 5449 INFO tempest.lib.common.rest_client [req-fd85850a-d04c-47cc-a38b-af4c3d315d37 ] Request (ExtensionsTestJSON:test_list_show_extensions): 200 GET http://10.13.3.201:9696/v2.0/extensions/availability_zone 0.007s[00m
2020-10-30 15:57:20.501 5449 INFO tempest.lib.common.rest_client [req-7f7ee66c-8602-4d4f-a1e0-cf96cca1324b ] Request (ExtensionsTestJSON:test_list_show_extensions): 200 GET http://10.13.3.201:9696/v2.0/extensions/availability_zone_filter 0.067s[00m
2020-10-30 15:57:20.510 5449 INFO tempest.lib.common.rest_client [req-5029f15f-f04e-4681-b6c4-b0eca8303065 ] Request (ExtensionsTestJSON:test_list_show_extensions): 200 GET http://10.13.3.201:9696/v2.0/extensions/default-subnetpools 0.008s[00m
2020-10-30 15:57:20.519 5449 INFO tempest.lib.common.rest_client [req-4a2fcf98-7792-4626-8184-6fc4cfe115cb ] Request (ExtensionsTestJSON:test_list_show_extensions): 200 GET http://10.13.3.201:9696/v2.0/extensions/dhcp_agent_scheduler 0.008s[00m
2020-10-30 15:57:20.528 5449 INFO tempest.lib.common.rest_client [req-d3e3b772-0e28-4b94-9f40-0d21abdf41c7 ] Request (ExtensionsTestJSON:test_list_show_extensions): 200 GET http://10.13.3.201:9696/v2.0/extensions/dvr 0.008s[00m
2020-10-30 15:57:20.537 5449 INFO tempest.lib.common.rest_client [req-0d01e2ef-3b90-4f22-a7df-04feddb707cc ] Request (ExtensionsTestJSON:test_list_show_extensions): 200 GET http://10.13.3.201:9696/v2.0/extensions/empty-string-filtering 0.008s[00m
2020-10-30 15:57:20.545 5449 INFO tempest.lib.common.rest_client [req-c4c75de1-c6d7-403c-9c1c-f147f18c0f79 ] Request (ExtensionsTestJSON:test_list_show_extensions): 200 GET http://10.13.3.201:9696/v2.0/extensions/external-net 0.007s[00m
2020-10-30 15:57:20.554 5449 INFO tempest.lib.common.rest_client [req-3276d1dd-72ab-45a2-8b38-4ebcae415550 ] Request (ExtensionsTestJSON:test_list_show_extensions): 200 GET http://10.13.3.201:9696/v2.0/extensions/extra_dhcp_opt 0.008s[00m
2020-10-30 15:57:20.562 5449 INFO tempest.lib.common.rest_client [req-6fa56617-816e-4f28-8702-7812f5e8ca00 ] Request (ExtensionsTestJSON:test_list_show_extensions): 200 GET http://10.13.3.201:9696/v2.0/extensions/extraroute 0.007s[00m
2020-10-30 15:57:20.569 5449 INFO tempest.lib.common.rest_client [req-2639ecfb-b998-48be-beba-f413bbb05af4 ] Request (ExtensionsTestJSON:test_list_show_extensions): 200 GET http://10.13.3.201:9696/v2.0/extensions/extraroute-atomic 0.007s[00m
2020-10-30 15:57:20.577 5449 INFO tempest.lib.common.rest_client [req-4a536514-0058-43a1-b783-cef47ec74749 ] Request (ExtensionsTestJSON:test_list_show_extensions): 200 GET http://10.13.3.201:9696/v2.0/extensions/fip-port-details 0.007s[00m
2020-10-30 15:57:20.585 5449 INFO tempest.lib.common.rest_client [req-58f49778-d184-44f4-a563-d24739e1ac05 ] Request (ExtensionsTestJSON:test_list_show_extensions): 200 GET http://10.13.3.201:9696/v2.0/extensions/flavors 0.007s[00m
2020-10-30 15:57:20.593 5449 INFO tempest.lib.common.rest_client [req-7d595062-e136-4441-9574-dfb8b8d55360 ] Request (ExtensionsTestJSON:test_list_show_extensions): 200 GET http://10.13.3.201:9696/v2.0/extensions/floatingip-pools 0.007s[00m
2020-10-30 15:57:20.601 5449 INFO tempest.lib.common.rest_client [req-a0866a67-ddcf-41e0-9a88-9d35e429b0da ] Request (ExtensionsTestJSON:test_list_show_extensions): 200 GET http://10.13.3.201:9696/v2.0/extensions/ip_allocation 0.007s[00m
2020-10-30 15:57:20.610 5449 INFO tempest.lib.common.rest_client [req-bcac7615-46e5-456c-90df-29f27682090e ] Request (ExtensionsTestJSON:test_list_show_extensions): 200 GET http://10.13.3.201:9696/v2.0/extensions/ip-substring-filtering 0.007s[00m
2020-10-30 15:57:20.618 5449 INFO tempest.lib.common.rest_client [req-5b18fa05-f89d-4a8b-8493-469863c41a58 ] Request (ExtensionsTestJSON:test_list_show_extensions): 200 GET http://10.13.3.201:9696/v2.0/extensions/l2_adjacency 0.007s[00m
2020-10-30 15:57:20.625 5449 INFO tempest.lib.common.rest_client [req-b42a8749-8cf5-4b8b-81bb-6488fa5252d7 ] Request (ExtensionsTestJSON:test_list_show_extensions): 200 GET http://10.13.3.201:9696/v2.0/extensions/router 0.007s[00m
2020-10-30 15:57:20.633 5449 INFO tempest.lib.common.rest_client [req-73a7dcfb-060e-4ffe-a353-3f6034b9a21b ] Request (ExtensionsTestJSON:test_list_show_extensions): 200 GET http://10.13.3.201:9696/v2.0/extensions/ext-gw-mode 0.007s[00m
2020-10-30 15:57:20.642 5449 INFO tempest.lib.common.rest_client [req-a7308e66-00cc-4f31-9f8d-2013790a114b ] Request (ExtensionsTestJSON:test_list_show_extensions): 200 GET http://10.13.3.201:9696/v2.0/extensions/l3-ha 0.008s[00m
2020-10-30 15:57:20.651 5449 INFO tempest.lib.common.rest_client [req-08268862-4b8a-4a6a-95fc-b039c3fe499e ] Request (ExtensionsTestJSON:test_list_show_extensions): 200 GET http://10.13.3.201:9696/v2.0/extensions/l3-flavors 0.008s[00m
2020-10-30 15:57:20.659 5449 INFO tempest.lib.common.rest_client [req-5b566d28-58e6-4d9f-8a2d-8ba7216d963b ] Request (ExtensionsTestJSON:test_list_show_extensions): 200 GET http://10.13.3.201:9696/v2.0/extensions/l3-port-ip-change-not-allowed 0.008s[00m
2020-10-30 15:57:20.667 5449 INFO tempest.lib.common.rest_client [req-7390d412-eda5-41ed-b4f8-7a5a5b523a15 ] Request (ExtensionsTestJSON:test_list_show_extensions): 200 GET http://10.13.3.201:9696/v2.0/extensions/l3_agent_scheduler 0.007s[00m
2020-10-30 15:57:20.676 5449 INFO tempest.lib.common.rest_client [req-4e0b7e37-8f4a-43b3-afdd-013a130dc506 ] Request (ExtensionsTestJSON:test_list_show_extensions): 200 GET http://10.13.3.201:9696/v2.0/extensions/metering 0.008s[00m
2020-10-30 15:57:20.685 5449 INFO tempest.lib.common.rest_client [req-64f0da8b-8318-41a1-b298-96e6d6d1f246 ] Request (ExtensionsTestJSON:test_list_show_extensions): 200 GET http://10.13.3.201:9696/v2.0/extensions/metering_source_and_destination_fields 0.008s[00m
2020-10-30 15:57:20.694 5449 INFO tempest.lib.common.rest_client [req-b4989379-49f5-4f83-85ae-95f697f002be ] Request (ExtensionsTestJSON:test_list_show_extensions): 200 GET http://10.13.3.201:9696/v2.0/extensions/multi-provider 0.008s[00m
2020-10-30 15:57:20.702 5449 INFO tempest.lib.common.rest_client [req-53267232-22b7-44fe-80bc-f0957647354e ] Request (ExtensionsTestJSON:test_list_show_extensions): 200 GET http://10.13.3.201:9696/v2.0/extensions/net-mtu 0.008s[00m
2020-10-30 15:57:20.711 5449 INFO tempest.lib.common.rest_client [req-a17896ae-3685-44cd-ba45-004e22d1e353 ] Request (ExtensionsTestJSON:test_list_show_extensions): 200 GET http://10.13.3.201:9696/v2.0/extensions/net-mtu-writable 0.008s[00m
2020-10-30 15:57:20.719 5449 INFO tempest.lib.common.rest_client [req-fd26b89b-3d2d-4ad1-8ae8-2229616fbe29 ] Request (ExtensionsTestJSON:test_list_show_extensions): 200 GET http://10.13.3.201:9696/v2.0/extensions/network_availability_zone 0.007s[00m
2020-10-30 15:57:20.728 5449 INFO tempest.lib.common.rest_client [req-e438c08c-1f78-484f-a0cd-d5d02a454b1a ] Request (ExtensionsTestJSON:test_list_show_extensions): 200 GET http://10.13.3.201:9696/v2.0/extensions/network-ip-availability 0.008s[00m
2020-10-30 15:57:20.738 5449 INFO tempest.lib.common.rest_client [req-473dee2d-8a15-4784-b08e-6942eaee3cc1 ] Request (ExtensionsTestJSON:test_list_show_extensions): 200 GET http://10.13.3.201:9696/v2.0/extensions/pagination 0.008s[00m
2020-10-30 15:57:20.740 5446 INFO tempest.lib.common.rest_client [req-601f562a-8ea1-4c9a-a8e3-f8810113bafe ] Request (VolumesActionsTest:test_attach_detach_volume_to_instance): 200 GET http://10.13.3.238:8774/v2.1/servers/a1c18389-5a01-4494-8de9-ab654b2272f2 0.113s[00m
2020-10-30 15:57:20.750 5449 INFO tempest.lib.common.rest_client [req-4bd168ec-3e37-4c59-9ee6-153c97ee0e2e ] Request (ExtensionsTestJSON:test_list_show_extensions): 200 GET http://10.13.3.201:9696/v2.0/extensions/port-mac-address-regenerate 0.012s[00m
2020-10-30 15:57:20.759 5449 INFO tempest.lib.common.rest_client [req-1c32290d-f637-4d42-9b55-db0c9fb90907 ] Request (ExtensionsTestJSON:test_list_show_extensions): 200 GET http://10.13.3.201:9696/v2.0/extensions/binding 0.007s[00m
2020-10-30 15:57:20.767 5449 INFO tempest.lib.common.rest_client [req-47e47ff8-12ea-411d-a268-67e2e07da488 ] Request (ExtensionsTestJSON:test_list_show_extensions): 200 GET http://10.13.3.201:9696/v2.0/extensions/binding-extended 0.007s[00m
2020-10-30 15:57:20.778 5449 INFO tempest.lib.common.rest_client [req-eaa61e3f-0087-470f-978e-482959c6276b ] Request (ExtensionsTestJSON:test_list_show_extensions): 200 GET http://10.13.3.201:9696/v2.0/extensions/project-id 0.007s[00m
2020-10-30 15:57:20.786 5449 INFO tempest.lib.common.rest_client [req-70b3a229-dc36-47a6-99fb-0c634e6e3bf7 ] Request (ExtensionsTestJSON:test_list_show_extensions): 200 GET http://10.13.3.201:9696/v2.0/extensions/provider 0.007s[00m
2020-10-30 15:57:20.794 5449 INFO tempest.lib.common.rest_client [req-ae44154f-c5bf-4830-954b-2b53bce2f3be ] Request (ExtensionsTestJSON:test_list_show_extensions): 200 GET http://10.13.3.201:9696/v2.0/extensions/quotas 0.008s[00m
2020-10-30 15:57:20.810 5449 INFO tempest.lib.common.rest_client [req-5c1382a3-5a08-4f84-8271-a34108ffe5f0 ] Request (ExtensionsTestJSON:test_list_show_extensions): 200 GET http://10.13.3.201:9696/v2.0/extensions/quota_details 0.015s[00m
2020-10-30 15:57:20.822 5449 INFO tempest.lib.common.rest_client [req-8c2f43d1-c36b-4b1c-a2e2-a733132d19c4 ] Request (ExtensionsTestJSON:test_list_show_extensions): 200 GET http://10.13.3.201:9696/v2.0/extensions/rbac-policies 0.010s[00m
2020-10-30 15:57:20.830 5449 INFO tempest.lib.common.rest_client [req-51445b30-98a9-4b9a-8d07-28b669bd1222 ] Request (ExtensionsTestJSON:test_list_show_extensions): 200 GET http://10.13.3.201:9696/v2.0/extensions/rbac-address-scope 0.008s[00m
2020-10-30 15:57:20.839 5449 INFO tempest.lib.common.rest_client [req-3ff2fbb0-3546-4b43-9ee8-093ae2d783ee ] Request (ExtensionsTestJSON:test_list_show_extensions): 200 GET http://10.13.3.201:9696/v2.0/extensions/rbac-security-groups 0.007s[00m
2020-10-30 15:57:20.847 5449 INFO tempest.lib.common.rest_client [req-7ef80ff7-db9a-41a5-80ae-cc68ac5fa01e ] Request (ExtensionsTestJSON:test_list_show_extensions): 200 GET http://10.13.3.201:9696/v2.0/extensions/rbac-subnetpool 0.007s[00m
2020-10-30 15:57:20.856 5449 INFO tempest.lib.common.rest_client [req-d1bf095a-d916-4b70-9022-2fd59c866067 ] Request (ExtensionsTestJSON:test_list_show_extensions): 200 GET http://10.13.3.201:9696/v2.0/extensions/revision-if-match 0.008s[00m
2020-10-30 15:57:20.865 5449 INFO tempest.lib.common.rest_client [req-8aab9459-95cf-4398-a221-283d0c52750a ] Request (ExtensionsTestJSON:test_list_show_extensions): 200 GET http://10.13.3.201:9696/v2.0/extensions/standard-attr-revisions 0.008s[00m
2020-10-30 15:57:20.874 5449 INFO tempest.lib.common.rest_client [req-61e75fbc-8773-4cc7-b2a7-fb2be29f7f0e ] Request (ExtensionsTestJSON:test_list_show_extensions): 200 GET http://10.13.3.201:9696/v2.0/extensions/router_availability_zone 0.008s[00m
2020-10-30 15:57:20.882 5449 INFO tempest.lib.common.rest_client [req-a8395ab6-3055-4e45-89f0-aaf913abdc99 ] Request (ExtensionsTestJSON:test_list_show_extensions): 200 GET http://10.13.3.201:9696/v2.0/extensions/port-security-groups-filtering 0.007s[00m
2020-10-30 15:57:20.891 5449 INFO tempest.lib.common.rest_client [req-289540c2-ac0a-43c5-a863-d5044665e07c ] Request (ExtensionsTestJSON:test_list_show_extensions): 200 GET http://10.13.3.201:9696/v2.0/extensions/security-group 0.007s[00m
2020-10-30 15:57:20.899 5449 INFO tempest.lib.common.rest_client [req-c5008b94-4630-4a39-a011-d39e0a1bfa42 ] Request (ExtensionsTestJSON:test_list_show_extensions): 200 GET http://10.13.3.201:9696/v2.0/extensions/segment 0.008s[00m
2020-10-30 15:57:20.908 5449 INFO tempest.lib.common.rest_client [req-49b50782-d22b-4cc1-ba76-17c3d60efa89 ] Request (ExtensionsTestJSON:test_list_show_extensions): 200 GET http://10.13.3.201:9696/v2.0/extensions/segments-peer-subnet-host-routes 0.008s[00m
2020-10-30 15:57:20.920 5449 INFO tempest.lib.common.rest_client [req-8e88ecbc-4e0a-4d86-b173-4b6d44300de7 ] Request (ExtensionsTestJSON:test_list_show_extensions): 200 GET http://10.13.3.201:9696/v2.0/extensions/service-type 0.011s[00m
2020-10-30 15:57:20.929 5449 INFO tempest.lib.common.rest_client [req-297e952c-d639-4b4b-8f84-0710705eabf6 ] Request (ExtensionsTestJSON:test_list_show_extensions): 200 GET http://10.13.3.201:9696/v2.0/extensions/sorting 0.008s[00m
2020-10-30 15:57:20.938 5449 INFO tempest.lib.common.rest_client [req-c5fb5aec-587b-4555-8ba5-4d377a68c8f0 ] Request (ExtensionsTestJSON:test_list_show_extensions): 200 GET http://10.13.3.201:9696/v2.0/extensions/standard-attr-segment 0.008s[00m
2020-10-30 15:57:20.947 5449 INFO tempest.lib.common.rest_client [req-21e45357-3cd8-4a3d-ade7-24aeb53fec94 ] Request (ExtensionsTestJSON:test_list_show_extensions): 200 GET http://10.13.3.201:9696/v2.0/extensions/standard-attr-description 0.008s[00m
2020-10-30 15:57:20.955 5449 INFO tempest.lib.common.rest_client [req-e0f3c804-115a-49a5-b40b-909d4749b75c ] Request (ExtensionsTestJSON:test_list_show_extensions): 200 GET http://10.13.3.201:9696/v2.0/extensions/stateful-security-group 0.007s[00m
2020-10-30 15:57:20.963 5449 INFO tempest.lib.common.rest_client [req-40bd90ca-33fc-4f42-b737-4c8c306a0cc2 ] Request (ExtensionsTestJSON:test_list_show_extensions): 200 GET http://10.13.3.201:9696/v2.0/extensions/subnet_onboard 0.007s[00m
2020-10-30 15:57:20.972 5449 INFO tempest.lib.common.rest_client [req-ce7ddf2a-3635-4c22-8114-70929f8ae637 ] Request (ExtensionsTestJSON:test_list_show_extensions): 200 GET http://10.13.3.201:9696/v2.0/extensions/subnet-segmentid-writable 0.008s[00m
2020-10-30 15:57:20.981 5449 INFO tempest.lib.common.rest_client [req-72ce8471-08bc-4a9e-bf92-2fa9cae2d703 ] Request (ExtensionsTestJSON:test_list_show_extensions): 200 GET http://10.13.3.201:9696/v2.0/extensions/subnet-service-types 0.008s[00m
2020-10-30 15:57:20.990 5449 INFO tempest.lib.common.rest_client [req-03d17229-6f36-4436-b364-21ab84e1bec3 ] Request (ExtensionsTestJSON:test_list_show_extensions): 200 GET http://10.13.3.201:9696/v2.0/extensions/subnet_allocation 0.007s[00m
2020-10-30 15:57:20.999 5449 INFO tempest.lib.common.rest_client [req-d15aeefd-d6d8-4d59-9475-5e88e5c62bed ] Request (ExtensionsTestJSON:test_list_show_extensions): 200 GET http://10.13.3.201:9696/v2.0/extensions/subnetpool-prefix-ops 0.008s[00m
2020-10-30 15:57:21.008 5449 INFO tempest.lib.common.rest_client [req-1fec4ac9-54a1-4198-a38e-04115d802082 ] Request (ExtensionsTestJSON:test_list_show_extensions): 200 GET http://10.13.3.201:9696/v2.0/extensions/standard-attr-tag 0.008s[00m
2020-10-30 15:57:21.018 5449 INFO tempest.lib.common.rest_client [req-c06f0dd2-0163-4589-8445-c2bd8f60c82d ] Request (ExtensionsTestJSON:test_list_show_extensions): 200 GET http://10.13.3.201:9696/v2.0/extensions/standard-attr-timestamp 0.008s[00m
2020-10-30 15:57:21.026 5449 INFO tempest.lib.common.rest_client [req-f91d6750-8998-491e-b890-0837ec7c398f ] Request (ExtensionsTestJSON:test_list_show_extensions): 200 GET http://10.13.3.201:9696/v2.0/extensions/fwaas_v2 0.007s[00m
2020-10-30 15:57:21.036 5449 INFO tempest.lib.common.rest_client [req-5acfc338-60e1-4ffc-8574-2bf9c44bc436 ] Request (ExtensionsTestJSON:test_list_show_extensions): 200 GET http://10.13.3.201:9696/v2.0/extensions/bgp 0.009s[00m
2020-10-30 15:57:21.047 5449 INFO tempest.lib.common.rest_client [req-7f67a6cb-719a-468c-837c-b04918de672a ] Request (ExtensionsTestJSON:test_list_show_extensions): 200 GET http://10.13.3.201:9696/v2.0/extensions/bgp_4byte_asn 0.008s[00m
2020-10-30 15:57:21.056 5449 INFO tempest.lib.common.rest_client [req-e1d9b07d-14bb-4ba2-8378-8c61145d13d1 ] Request (ExtensionsTestJSON:test_list_show_extensions): 200 GET http://10.13.3.201:9696/v2.0/extensions/bgp_dragent_scheduler 0.008s[00m
{1} tempest.api.network.test_extensions.ExtensionsTestJSON.test_list_show_extensions [0.793730s] ... ok
2020-10-30 15:57:21.134 5449 INFO tempest.lib.common.rest_client [req-51e85531-3a7b-41c7-9203-1f0382465f12 ] Request (ExtensionsTestJSON:tearDownClass): 204 DELETE http://10.13.3.239:35357/v3/users/4070b35f73244382b602afd9dfcb66ad 0.076s[00m
2020-10-30 15:57:21.401 5449 INFO tempest.lib.common.rest_client [req-41c633e4-5c44-4cde-aae4-71467235f3a5 ] Request (ExtensionsTestJSON:tearDownClass): 201 POST http://10.13.3.239:5000/v3/auth/tokens 0.265s[00m
2020-10-30 15:57:21.560 5449 INFO tempest.lib.common.rest_client [req-d424d183-7f53-4025-857e-c97bbf7d14e4 ] Request (ExtensionsTestJSON:tearDownClass): 200 GET http://10.13.3.201:9696/v2.0/security-groups?tenant_id=884b0f706b5e47d3814cdcb9ddca593e&name=default 0.158s[00m
2020-10-30 15:57:21.641 5449 INFO tempest.lib.common.rest_client [req-092a63c9-a8a8-4033-8100-0e06893eae3f ] Request (ExtensionsTestJSON:tearDownClass): 204 DELETE http://10.13.3.201:9696/v2.0/security-groups/cc523d1b-37a0-41de-a25a-dbf6a9651a46 0.080s[00m
2020-10-30 15:57:21.714 5449 INFO tempest.lib.common.rest_client [req-58f4ea3e-58ae-4861-96f6-df6ede486bc3 ] Request (ExtensionsTestJSON:tearDownClass): 204 DELETE http://10.13.3.239:35357/v3/projects/884b0f706b5e47d3814cdcb9ddca593e 0.072s[00m
2020-10-30 15:57:21.860 5446 INFO tempest.lib.common.rest_client [req-87954003-1428-40ce-ab0a-40e76a2539d9 ] Request (VolumesActionsTest:test_attach_detach_volume_to_instance): 200 GET http://10.13.3.238:8774/v2.1/servers/a1c18389-5a01-4494-8de9-ab654b2272f2 0.110s[00m
2020-10-30 15:57:21.982 5449 INFO tempest.lib.common.rest_client [req-2b030565-0bc2-43c5-b53b-5f7a02079e9f ] Request (FloatingIPTestJSON:setUpClass): 201 POST http://10.13.3.239:5000/v3/auth/tokens 0.266s[00m
2020-10-30 15:57:22.241 5449 INFO tempest.lib.common.rest_client [req-8b7396ff-53b7-4fdd-9561-816b8505d915 ] Request (FloatingIPTestJSON:setUpClass): 201 POST http://10.13.3.239:5000/v3/auth/tokens 0.251s[00m
2020-10-30 15:57:22.269 5449 INFO tempest.lib.common.rest_client [req-ee29cf80-b995-4787-8023-de40ff3de245 ] Request (FloatingIPTestJSON:setUpClass): 200 GET http://10.13.3.239:35357/v3/domains?name=admin_domain 0.025s[00m
2020-10-30 15:57:22.299 5449 INFO tempest.lib.common.rest_client [req-61c55238-1dc1-42c6-98a0-3f1c4b24c696 ] Request (FloatingIPTestJSON:setUpClass): 201 POST http://10.13.3.239:35357/v3/projects 0.029s[00m
2020-10-30 15:57:22.552 5449 INFO tempest.lib.common.rest_client [req-17754cfe-5668-4ff1-af03-d30f225ea694 ] Request (FloatingIPTestJSON:setUpClass): 201 POST http://10.13.3.239:35357/v3/users 0.251s[00m
2020-10-30 15:57:22.611 5449 INFO tempest.lib.common.rest_client [req-d36620d8-7341-46e0-b8ec-5aa76929e7dd ] Request (FloatingIPTestJSON:setUpClass): 200 GET http://10.13.3.239:35357/v3/roles 0.058s[00m
2020-10-30 15:57:22.631 5449 INFO tempest.lib.common.rest_client [req-68c31c74-91ee-48ab-81d9-cf194d2fb8fc ] Request (FloatingIPTestJSON:setUpClass): 200 GET http://10.13.3.239:35357/v3/roles 0.019s[00m
2020-10-30 15:57:22.663 5449 INFO tempest.lib.common.rest_client [req-111151d2-ae42-4627-a397-7d332319b560 ] Request (FloatingIPTestJSON:setUpClass): 204 PUT http://10.13.3.239:35357/v3/projects/e4f059ba679a422f88ec9f37c1181602/users/f29b3b57d875425da826aa2545dae354/roles/cf9f9d7d1d3045c99e048eab0884658c 0.030s[00m
2020-10-30 15:57:22.663 5449 INFO tempest.lib.common.dynamic_creds [-] Acquired dynamic creds:
 credentials: Credentials: {'domain_id': 'f5aee6e468e84cafaf2a172b409372ec', 'domain_name': 'admin_domain', 'username': 'tempest-FloatingIPTestJSON-1468844910', 'project_domain_id': 'f5aee6e468e84cafaf2a172b409372ec', 'project_domain_name': 'admin_domain', 'project_id': 'e4f059ba679a422f88ec9f37c1181602', 'project_name': 'tempest-FloatingIPTestJSON-1468844910', 'tenant_id': 'e4f059ba679a422f88ec9f37c1181602', 'tenant_name': 'tempest-FloatingIPTestJSON-1468844910', 'user_domain_id': 'f5aee6e468e84cafaf2a172b409372ec', 'user_domain_name': 'admin_domain', 'user_id': 'f29b3b57d875425da826aa2545dae354'}, Network: None, Subnet: None, Router: None[00m
2020-10-30 15:57:22.664 5449 INFO tempest.lib.common.dynamic_creds [-] Created isolated network resources for:
 credentials: Credentials: {'domain_id': 'f5aee6e468e84cafaf2a172b409372ec', 'domain_name': 'admin_domain', 'username': 'tempest-FloatingIPTestJSON-1468844910', 'project_domain_id': 'f5aee6e468e84cafaf2a172b409372ec', 'project_domain_name': 'admin_domain', 'project_id': 'e4f059ba679a422f88ec9f37c1181602', 'project_name': 'tempest-FloatingIPTestJSON-1468844910', 'tenant_id': 'e4f059ba679a422f88ec9f37c1181602', 'tenant_name': 'tempest-FloatingIPTestJSON-1468844910', 'user_domain_id': 'f5aee6e468e84cafaf2a172b409372ec', 'user_domain_name': 'admin_domain', 'user_id': 'f29b3b57d875425da826aa2545dae354'}, Network: None, Subnet: None, Router: None[00m
2020-10-30 15:57:22.948 5449 INFO tempest.lib.common.rest_client [req-f3517fbb-5a69-4972-ad12-9db968c9bb1f ] Request (FloatingIPTestJSON:setUpClass): 201 POST http://10.13.3.239:5000/v3/auth/tokens 0.278s[00m
2020-10-30 15:57:23.084 5446 INFO tempest.lib.common.rest_client [req-e31f93fb-a198-4967-a559-bb9ff58eac87 ] Request (VolumesActionsTest:test_attach_detach_volume_to_instance): 200 GET http://10.13.3.238:8774/v2.1/servers/a1c18389-5a01-4494-8de9-ab654b2272f2 0.211s[00m
2020-10-30 15:57:23.090 5446 INFO tempest.common.waiters [-] State transition "BUILD/spawning" ==> "ACTIVE/None" after 11 second wait[00m
2020-10-30 15:57:23.213 5446 INFO tempest.lib.common.rest_client [req-8c1082ff-352b-42e9-950e-24759811da44 ] Request (VolumesActionsTest:test_attach_detach_volume_to_instance): 202 POST http://10.13.3.211:8776/v3/8f24b716e7c44e37b7fa6ba97cd7705d/volumes/c455f642-2e72-4ffa-808d-35177d666615/action 0.122s[00m
2020-10-30 15:57:23.236 5449 INFO tempest.lib.common.rest_client [req-c7f8a8c6-5110-4d08-baa7-37d35ab759fc ] Request (FloatingIPTestJSON:setUpClass): 201 POST http://10.13.3.201:9696/v2.0/networks 0.286s[00m
2020-10-30 15:57:23.269 5446 INFO tempest.lib.common.rest_client [req-87df7511-fba5-4425-9ea9-335064fe2341 ] Request (VolumesActionsTest:test_attach_detach_volume_to_instance): 200 GET http://10.13.3.211:8776/v3/8f24b716e7c44e37b7fa6ba97cd7705d/volumes/c455f642-2e72-4ffa-808d-35177d666615 0.055s[00m
2020-10-30 15:57:23.277 5446 INFO tempest.common.waiters [-] volume c455f642-2e72-4ffa-808d-35177d666615 reached in-use after waiting for 0.277379 seconds[00m
2020-10-30 15:57:23.381 5446 INFO tempest.lib.common.rest_client [req-1ed16230-7426-43d3-9914-6dd1e0ed2bda ] Request (VolumesActionsTest:test_attach_detach_volume_to_instance): 202 POST http://10.13.3.211:8776/v3/8f24b716e7c44e37b7fa6ba97cd7705d/volumes/c455f642-2e72-4ffa-808d-35177d666615/action 0.103s[00m
2020-10-30 15:57:23.441 5446 INFO tempest.lib.common.rest_client [req-62f2ea5f-8db7-4983-9448-a953081c23d6 ] Request (VolumesActionsTest:test_attach_detach_volume_to_instance): 200 GET http://10.13.3.211:8776/v3/8f24b716e7c44e37b7fa6ba97cd7705d/volumes/c455f642-2e72-4ffa-808d-35177d666615 0.057s[00m
2020-10-30 15:57:23.449 5446 INFO tempest.common.waiters [-] volume c455f642-2e72-4ffa-808d-35177d666615 reached available after waiting for 0.449448 seconds[00m
2020-10-30 15:57:23.548 5446 INFO tempest.lib.common.rest_client [req-003f50e2-a1cc-462e-8071-9a164870a8fd ] Request (VolumesActionsTest:_run_cleanups): 204 DELETE http://10.13.3.238:8774/v2.1/servers/a1c18389-5a01-4494-8de9-ab654b2272f2 0.098s[00m
2020-10-30 15:57:23.629 5449 INFO tempest.lib.common.rest_client [req-4b73c0e4-a245-4d4c-bc6b-8df997b35794 ] Request (FloatingIPTestJSON:setUpClass): 201 POST http://10.13.3.201:9696/v2.0/subnets 0.392s[00m
2020-10-30 15:57:23.669 5446 INFO tempest.lib.common.rest_client [req-e616f063-4138-49d3-90bb-7c7f6274deec ] Request (VolumesActionsTest:_run_cleanups): 200 GET http://10.13.3.238:8774/v2.1/servers/a1c18389-5a01-4494-8de9-ab654b2272f2 0.119s[00m
2020-10-30 15:57:24.341 5449 INFO tempest.lib.common.rest_client [req-0e14be93-c68c-4e8b-b2bd-2291de5473a4 ] Request (FloatingIPTestJSON:setUpClass): 201 POST http://10.13.3.201:9696/v2.0/routers 0.711s[00m
2020-10-30 15:57:24.853 5446 INFO tempest.lib.common.rest_client [req-6a14282e-2070-4c0a-a519-b5b7e138d5e1 ] Request (VolumesActionsTest:_run_cleanups): 200 GET http://10.13.3.238:8774/v2.1/servers/a1c18389-5a01-4494-8de9-ab654b2272f2 0.174s[00m
2020-10-30 15:57:25.572 5449 INFO tempest.lib.common.rest_client [req-404c96e8-ce16-4aab-9a8b-ba0e866f61fe ] Request (FloatingIPTestJSON:setUpClass): 200 PUT http://10.13.3.201:9696/v2.0/routers/b20342a9-3eae-4e77-bec2-9a325ee36588/add_router_interface 1.230s[00m
2020-10-30 15:57:25.904 5446 INFO tempest.lib.common.rest_client [req-e24bf266-9c2b-41ec-82d1-83782c9fa29f ] Request (VolumesActionsTest:_run_cleanups): 404 GET http://10.13.3.238:8774/v2.1/servers/a1c18389-5a01-4494-8de9-ab654b2272f2 0.042s[00m
{0} tempest.api.volume.test_volumes_actions.VolumesActionsTest.test_attach_detach_volume_to_instance [13.827845s] ... ok
2020-10-30 15:57:25.974 5449 INFO tempest.lib.common.rest_client [req-058f34b8-891b-48ff-9218-5a5fdde18b12 ] Request (FloatingIPTestJSON:setUpClass): 201 POST http://10.13.3.201:9696/v2.0/ports 0.401s[00m
2020-10-30 15:57:25.973 5446 INFO tempest.lib.common.rest_client [req-322ad13e-e05b-4f77-9e44-528835ce7855 ] Request (VolumesActionsTest:tearDownClass): 202 DELETE http://10.13.3.211:8776/v3/8f24b716e7c44e37b7fa6ba97cd7705d/volumes/c455f642-2e72-4ffa-808d-35177d666615 0.067s[00m
2020-10-30 15:57:26.030 5446 INFO tempest.lib.common.rest_client [req-e7d45a34-908c-404b-afa9-fb5f62e883fd ] Request (VolumesActionsTest:tearDownClass): 200 GET http://10.13.3.211:8776/v3/8f24b716e7c44e37b7fa6ba97cd7705d/volumes/c455f642-2e72-4ffa-808d-35177d666615 0.053s[00m
2020-10-30 15:57:26.401 5449 INFO tempest.lib.common.rest_client [req-b3ca26cc-5725-4cdc-9c33-c71bdc29c5fc ] Request (FloatingIPTestJSON:setUpClass): 201 POST http://10.13.3.201:9696/v2.0/ports 0.426s[00m
2020-10-30 15:57:27.083 5446 INFO tempest.lib.common.rest_client [req-217d190a-ca60-4002-9187-7e5afabbd1d7 ] Request (VolumesActionsTest:tearDownClass): 404 GET http://10.13.3.211:8776/v3/8f24b716e7c44e37b7fa6ba97cd7705d/volumes/c455f642-2e72-4ffa-808d-35177d666615 0.043s[00m
2020-10-30 15:57:27.359 5446 INFO tempest.lib.common.rest_client [req-b01a488c-d151-4c7e-9642-4ecd9ecf6862 ] Request (VolumesActionsTest:tearDownClass): 204 DELETE http://10.13.3.201:9696/v2.0/subnets/8df07e91-2053-41db-bb8f-2390b1ef348a 0.275s[00m
2020-10-30 15:57:27.712 5449 INFO tempest.lib.common.rest_client [req-7414c9ac-fb3e-46fd-8824-6161bad8ff1c ] Request (FloatingIPTestJSON:test_create_floating_ip_specifying_a_fixed_ip_address): 201 POST http://10.13.3.201:9696/v2.0/floatingips 1.309s[00m
2020-10-30 15:57:27.773 5446 INFO tempest.lib.common.rest_client [req-736ad98b-1b49-4b14-95d6-d82d65f896c3 ] Request (VolumesActionsTest:tearDownClass): 204 DELETE http://10.13.3.201:9696/v2.0/networks/3874dce4-152b-48d2-a5a6-078d1b7ec148 0.412s[00m
2020-10-30 15:57:27.849 5446 INFO tempest.lib.common.rest_client [req-34858293-fcb6-45b1-91f8-bbb87ddd8008 ] Request (VolumesActionsTest:tearDownClass): 204 DELETE http://10.13.3.239:35357/v3/users/a32ad6d8d15d4d618140262819418681 0.075s[00m
2020-10-30 15:57:27.877 5446 INFO tempest.lib.common.rest_client [req-d70e3f1a-6dc9-4eca-a757-8071ba889320 ] Request (VolumesActionsTest:tearDownClass): 200 GET http://10.13.3.201:9696/v2.0/security-groups?tenant_id=8f24b716e7c44e37b7fa6ba97cd7705d&name=default 0.027s[00m
2020-10-30 15:57:27.954 5446 INFO tempest.lib.common.rest_client [req-953d5122-9b7a-417b-a678-52c2ad517ea2 ] Request (VolumesActionsTest:tearDownClass): 204 DELETE http://10.13.3.201:9696/v2.0/security-groups/70d7ac21-3b07-458b-99ba-a6dcd7babad6 0.076s[00m
2020-10-30 15:57:28.025 5446 INFO tempest.lib.common.rest_client [req-b3f5063f-4c04-4b89-b6bb-c01112337b50 ] Request (VolumesActionsTest:tearDownClass): 204 DELETE http://10.13.3.239:35357/v3/projects/8f24b716e7c44e37b7fa6ba97cd7705d 0.070s[00m
2020-10-30 15:57:28.167 5449 INFO tempest.lib.common.rest_client [req-bfe02597-2eac-4ac0-b18a-b9299acd4207 ] Request (FloatingIPTestJSON:test_create_floating_ip_specifying_a_fixed_ip_address): 200 PUT http://10.13.3.201:9696/v2.0/floatingips/265c92c3-892d-4e62-b7ca-d059bbf95c12 0.454s[00m
2020-10-30 15:57:28.290 5446 INFO tempest.lib.common.rest_client [req-109af90d-57ac-46f7-9f9b-a3c4c55b2dad ] Request (VolumesListTestJSON:setUpClass): 201 POST http://10.13.3.239:5000/v3/auth/tokens 0.262s[00m
2020-10-30 15:57:28.492 5449 INFO tempest.lib.common.rest_client [req-60ab3a62-f0b6-4a93-91f4-32b12d4d378a ] Request (FloatingIPTestJSON:_run_cleanups): 204 DELETE http://10.13.3.201:9696/v2.0/floatingips/265c92c3-892d-4e62-b7ca-d059bbf95c12 0.323s[00m
{1} tempest.api.network.test_floating_ips.FloatingIPTestJSON.test_create_floating_ip_specifying_a_fixed_ip_address [2.090666s] ... ok
2020-10-30 15:57:28.549 5446 INFO tempest.lib.common.rest_client [req-94518c7c-5edf-41e4-a8ef-2435333349ad ] Request (VolumesListTestJSON:setUpClass): 201 POST http://10.13.3.239:5000/v3/auth/tokens 0.252s[00m
2020-10-30 15:57:28.579 5446 INFO tempest.lib.common.rest_client [req-2752e8ab-c905-4536-b62f-96e9c252879a ] Request (VolumesListTestJSON:setUpClass): 200 GET http://10.13.3.239:35357/v3/domains?name=admin_domain 0.024s[00m
2020-10-30 15:57:28.610 5446 INFO tempest.lib.common.rest_client [req-f046d274-8df2-440b-86b2-07f60a96db4f ] Request (VolumesListTestJSON:setUpClass): 201 POST http://10.13.3.239:35357/v3/projects 0.028s[00m
2020-10-30 15:57:28.861 5446 INFO tempest.lib.common.rest_client [req-6dd233a0-c9b5-49f9-a907-cc7597356e65 ] Request (VolumesListTestJSON:setUpClass): 201 POST http://10.13.3.239:35357/v3/users 0.249s[00m
2020-10-30 15:57:28.879 5446 INFO tempest.lib.common.rest_client [req-c13e364a-425e-4c6c-be7a-f1ed2e9c247f ] Request (VolumesListTestJSON:setUpClass): 200 GET http://10.13.3.239:35357/v3/roles 0.017s[00m
2020-10-30 15:57:28.897 5446 INFO tempest.lib.common.rest_client [req-e8f247b5-a9d5-48e8-917f-c290ed39d3a5 ] Request (VolumesListTestJSON:setUpClass): 200 GET http://10.13.3.239:35357/v3/roles 0.017s[00m
2020-10-30 15:57:28.929 5446 INFO tempest.lib.common.rest_client [req-bd956a27-3527-443d-bf0e-5fcacc577b8e ] Request (VolumesListTestJSON:setUpClass): 204 PUT http://10.13.3.239:35357/v3/projects/58f40aca1f114a2eb7b317c0c6b854c3/users/6f04884b764c4e388b5c497b5ab6dc68/roles/cf9f9d7d1d3045c99e048eab0884658c 0.031s[00m
2020-10-30 15:57:28.930 5446 INFO tempest.lib.common.dynamic_creds [-] Acquired dynamic creds:
 credentials: Credentials: {'domain_id': 'f5aee6e468e84cafaf2a172b409372ec', 'domain_name': 'admin_domain', 'username': 'tempest-VolumesListTestJSON-152062123', 'project_domain_id': 'f5aee6e468e84cafaf2a172b409372ec', 'project_domain_name': 'admin_domain', 'project_id': '58f40aca1f114a2eb7b317c0c6b854c3', 'project_name': 'tempest-VolumesListTestJSON-152062123', 'tenant_id': '58f40aca1f114a2eb7b317c0c6b854c3', 'tenant_name': 'tempest-VolumesListTestJSON-152062123', 'user_domain_id': 'f5aee6e468e84cafaf2a172b409372ec', 'user_domain_name': 'admin_domain', 'user_id': '6f04884b764c4e388b5c497b5ab6dc68'}, Network: None, Subnet: None, Router: None[00m
2020-10-30 15:57:28.930 5446 INFO tempest.lib.common.dynamic_creds [-] Created isolated network resources for:
 credentials: Credentials: {'domain_id': 'f5aee6e468e84cafaf2a172b409372ec', 'domain_name': 'admin_domain', 'username': 'tempest-VolumesListTestJSON-152062123', 'project_domain_id': 'f5aee6e468e84cafaf2a172b409372ec', 'project_domain_name': 'admin_domain', 'project_id': '58f40aca1f114a2eb7b317c0c6b854c3', 'project_name': 'tempest-VolumesListTestJSON-152062123', 'tenant_id': '58f40aca1f114a2eb7b317c0c6b854c3', 'tenant_name': 'tempest-VolumesListTestJSON-152062123', 'user_domain_id': 'f5aee6e468e84cafaf2a172b409372ec', 'user_domain_name': 'admin_domain', 'user_id': '6f04884b764c4e388b5c497b5ab6dc68'}, Network: None, Subnet: None, Router: None[00m
2020-10-30 15:57:29.210 5446 INFO tempest.lib.common.rest_client [req-d5e55543-c64b-4bcc-be44-632241f42eea ] Request (VolumesListTestJSON:setUpClass): 201 POST http://10.13.3.239:5000/v3/auth/tokens 0.272s[00m
2020-10-30 15:57:29.343 5446 INFO tempest.lib.common.rest_client [req-2977c4fd-fa90-491e-975f-613a1896cdfd ] Request (VolumesListTestJSON:setUpClass): 200 GET http://10.13.3.211:8776/v3/58f40aca1f114a2eb7b317c0c6b854c3/volumes 0.131s[00m
2020-10-30 15:57:29.577 5446 INFO tempest.lib.common.rest_client [req-471d8338-a238-43b1-af19-b9105836bef6 ] Request (VolumesListTestJSON:setUpClass): 202 POST http://10.13.3.211:8776/v3/58f40aca1f114a2eb7b317c0c6b854c3/volumes 0.229s[00m
2020-10-30 15:57:29.629 5446 INFO tempest.lib.common.rest_client [req-1dad7300-3f83-4361-804c-f08ba36cc81f ] Request (VolumesListTestJSON:setUpClass): 200 GET http://10.13.3.211:8776/v3/58f40aca1f114a2eb7b317c0c6b854c3/volumes/d87890eb-d05b-4caf-a887-990a6e83819b 0.045s[00m
2020-10-30 15:57:29.758 5449 INFO tempest.lib.common.rest_client [req-f3d210d7-66b8-4198-b253-5230802d18e0 ] Request (FloatingIPTestJSON:test_create_list_show_update_delete_floating_ip): 201 POST http://10.13.3.201:9696/v2.0/floatingips 1.263s[00m
2020-10-30 15:57:29.848 5449 INFO tempest.lib.common.rest_client [req-626c75b8-4d50-45e7-938e-d4f26b7eb34f ] Request (FloatingIPTestJSON:test_create_list_show_update_delete_floating_ip): 200 GET http://10.13.3.201:9696/v2.0/floatingips/1190eea3-7b9f-43bb-a0f5-db3f6fcd5740 0.089s[00m
2020-10-30 15:57:29.898 5449 INFO tempest.lib.common.rest_client [req-5115c518-8e9d-4f3d-9b53-f576ae1a2359 ] Request (FloatingIPTestJSON:test_create_list_show_update_delete_floating_ip): 200 GET http://10.13.3.201:9696/v2.0/floatingips 0.049s[00m
2020-10-30 15:57:30.700 5446 INFO tempest.lib.common.rest_client [req-cb055919-3695-46ec-8d64-5c2aa10f4097 ] Request (VolumesListTestJSON:setUpClass): 200 GET http://10.13.3.211:8776/v3/58f40aca1f114a2eb7b317c0c6b854c3/volumes/d87890eb-d05b-4caf-a887-990a6e83819b 0.060s[00m
2020-10-30 15:57:30.707 5446 INFO tempest.common.waiters [-] volume d87890eb-d05b-4caf-a887-990a6e83819b reached available after waiting for 1.706998 seconds[00m
2020-10-30 15:57:30.754 5446 INFO tempest.lib.common.rest_client [req-af33b34a-35e4-418c-af04-ed8a1f44a1e8 ] Request (VolumesListTestJSON:setUpClass): 200 GET http://10.13.3.211:8776/v3/58f40aca1f114a2eb7b317c0c6b854c3/volumes/d87890eb-d05b-4caf-a887-990a6e83819b 0.046s[00m
2020-10-30 15:57:30.904 5449 INFO tempest.lib.common.rest_client [req-2ab21738-6b8f-4bb7-a95d-743f0df58e8f ] Request (FloatingIPTestJSON:test_create_list_show_update_delete_floating_ip): 200 PUT http://10.13.3.201:9696/v2.0/floatingips/1190eea3-7b9f-43bb-a0f5-db3f6fcd5740 1.005s[00m
2020-10-30 15:57:30.933 5446 INFO tempest.lib.common.rest_client [req-1baaba23-a802-4fbf-a5d0-f594d86d3cf7 ] Request (VolumesListTestJSON:setUpClass): 202 POST http://10.13.3.211:8776/v3/58f40aca1f114a2eb7b317c0c6b854c3/volumes 0.171s[00m
2020-10-30 15:57:30.992 5446 INFO tempest.lib.common.rest_client [req-0c9815f9-cbfc-4fc4-9ff2-80cb435f8bf1 ] Request (VolumesListTestJSON:setUpClass): 200 GET http://10.13.3.211:8776/v3/58f40aca1f114a2eb7b317c0c6b854c3/volumes/387499d3-5825-4689-bec8-045b29ff2c62 0.051s[00m
2020-10-30 15:57:31.410 5449 INFO tempest.lib.common.rest_client [req-5a68f8ab-e478-4195-9904-39c7ade75584 ] Request (FloatingIPTestJSON:test_create_list_show_update_delete_floating_ip): 200 PUT http://10.13.3.201:9696/v2.0/floatingips/1190eea3-7b9f-43bb-a0f5-db3f6fcd5740 0.505s[00m
2020-10-30 15:57:31.769 5449 INFO tempest.lib.common.rest_client [req-22554f58-a699-4ff2-85a0-c454bd8ba98f ] Request (FloatingIPTestJSON:test_create_list_show_update_delete_floating_ip): 204 DELETE http://10.13.3.201:9696/v2.0/floatingips/1190eea3-7b9f-43bb-a0f5-db3f6fcd5740 0.358s[00m
2020-10-30 15:57:31.803 5449 INFO tempest.lib.common.rest_client [req-71bea49f-50bf-4568-aee7-431cfe4e5363 ] Request (FloatingIPTestJSON:_run_cleanups): 404 DELETE http://10.13.3.201:9696/v2.0/floatingips/1190eea3-7b9f-43bb-a0f5-db3f6fcd5740 0.032s[00m
{1} tempest.api.network.test_floating_ips.FloatingIPTestJSON.test_create_list_show_update_delete_floating_ip [3.309835s] ... ok
2020-10-30 15:57:32.056 5446 INFO tempest.lib.common.rest_client [req-f67b069e-1f2a-4b3a-86cc-f5030fc51373 ] Request (VolumesListTestJSON:setUpClass): 200 GET http://10.13.3.211:8776/v3/58f40aca1f114a2eb7b317c0c6b854c3/volumes/387499d3-5825-4689-bec8-045b29ff2c62 0.056s[00m
2020-10-30 15:57:32.066 5446 INFO tempest.common.waiters [-] volume 387499d3-5825-4689-bec8-045b29ff2c62 reached available after waiting for 2.066203 seconds[00m
2020-10-30 15:57:32.117 5446 INFO tempest.lib.common.rest_client [req-7c988ede-9389-4b67-bad0-08d8c0852691 ] Request (VolumesListTestJSON:setUpClass): 200 GET http://10.13.3.211:8776/v3/58f40aca1f114a2eb7b317c0c6b854c3/volumes/387499d3-5825-4689-bec8-045b29ff2c62 0.050s[00m
2020-10-30 15:57:32.152 5449 INFO tempest.lib.common.rest_client [req-a86f04e1-7a1d-43d8-9817-54f85aaa4669 ] Request (FloatingIPTestJSON:tearDownClass): 204 DELETE http://10.13.3.201:9696/v2.0/ports/e13b0530-3729-4200-b0aa-c1edfb2523bb 0.347s[00m
2020-10-30 15:57:32.294 5446 INFO tempest.lib.common.rest_client [req-76cd57d0-cc66-44c0-811c-6d49472ff27f ] Request (VolumesListTestJSON:setUpClass): 202 POST http://10.13.3.211:8776/v3/58f40aca1f114a2eb7b317c0c6b854c3/volumes 0.169s[00m
2020-10-30 15:57:32.351 5446 INFO tempest.lib.common.rest_client [req-2240c820-f67b-40df-a572-4e85a924c861 ] Request (VolumesListTestJSON:setUpClass): 200 GET http://10.13.3.211:8776/v3/58f40aca1f114a2eb7b317c0c6b854c3/volumes/c49bb760-2a10-40a9-9693-7827d38e5d25 0.049s[00m
2020-10-30 15:57:32.529 5449 INFO tempest.lib.common.rest_client [req-1c7f000e-50f7-461a-969e-0a8b6d50215a ] Request (FloatingIPTestJSON:tearDownClass): 204 DELETE http://10.13.3.201:9696/v2.0/ports/36b262a0-9eba-4f47-864c-01b3eadbee04 0.376s[00m
2020-10-30 15:57:32.577 5449 INFO tempest.lib.common.rest_client [req-28289093-66d7-4ac4-8300-76067f92ce03 ] Request (FloatingIPTestJSON:tearDownClass): 200 GET http://10.13.3.201:9696/v2.0/ports?device_id=b20342a9-3eae-4e77-bec2-9a325ee36588 0.047s[00m
2020-10-30 15:57:33.416 5446 INFO tempest.lib.common.rest_client [req-b1646c42-dd6a-4e5b-8d91-46dbfbc4e1a7 ] Request (VolumesListTestJSON:setUpClass): 200 GET http://10.13.3.211:8776/v3/58f40aca1f114a2eb7b317c0c6b854c3/volumes/c49bb760-2a10-40a9-9693-7827d38e5d25 0.057s[00m
2020-10-30 15:57:33.426 5446 INFO tempest.common.waiters [-] volume c49bb760-2a10-40a9-9693-7827d38e5d25 reached available after waiting for 1.426522 seconds[00m
2020-10-30 15:57:33.475 5446 INFO tempest.lib.common.rest_client [req-c427688b-463c-4790-8e7f-578e4ef8be34 ] Request (VolumesListTestJSON:setUpClass): 200 GET http://10.13.3.211:8776/v3/58f40aca1f114a2eb7b317c0c6b854c3/volumes/c49bb760-2a10-40a9-9693-7827d38e5d25 0.048s[00m
2020-10-30 15:57:33.537 5446 INFO tempest.lib.common.rest_client [req-f15d9baa-51a9-47e1-9c36-e79c6daeb443 ] Request (VolumesListTestJSON:test_volume_list): 200 GET http://10.13.3.211:8776/v3/58f40aca1f114a2eb7b317c0c6b854c3/volumes 0.048s[00m
{0} tempest.api.volume.test_volumes_list.VolumesListTestJSON.test_volume_list [0.056911s] ... ok
2020-10-30 15:57:33.594 5446 INFO tempest.lib.common.rest_client [req-6bab1da1-6804-42cf-94a1-1a32a70a0c65 ] Request (VolumesListTestJSON:tearDownClass): 202 DELETE http://10.13.3.211:8776/v3/58f40aca1f114a2eb7b317c0c6b854c3/volumes/c49bb760-2a10-40a9-9693-7827d38e5d25 0.048s[00m
2020-10-30 15:57:33.645 5446 INFO tempest.lib.common.rest_client [req-b09279c7-dbc6-4ccd-8073-f74457ad50d3 ] Request (VolumesListTestJSON:tearDownClass): 200 GET http://10.13.3.211:8776/v3/58f40aca1f114a2eb7b317c0c6b854c3/volumes/c49bb760-2a10-40a9-9693-7827d38e5d25 0.047s[00m
2020-10-30 15:57:33.801 5449 INFO tempest.lib.common.rest_client [req-7c0da2e5-19b6-46ec-9059-ed4dacdf9bed ] Request (FloatingIPTestJSON:tearDownClass): 200 PUT http://10.13.3.201:9696/v2.0/routers/b20342a9-3eae-4e77-bec2-9a325ee36588/remove_router_interface 1.223s[00m
2020-10-30 15:57:34.430 5449 INFO tempest.lib.common.rest_client [req-4f28f0ec-b0fc-489f-a866-5608548d20f8 ] Request (FloatingIPTestJSON:tearDownClass): 204 DELETE http://10.13.3.201:9696/v2.0/routers/b20342a9-3eae-4e77-bec2-9a325ee36588 0.628s[00m
2020-10-30 15:57:34.691 5446 INFO tempest.lib.common.rest_client [req-fdab067c-7214-4ca6-bba5-b7325115fd8f ] Request (VolumesListTestJSON:tearDownClass): 404 GET http://10.13.3.211:8776/v3/58f40aca1f114a2eb7b317c0c6b854c3/volumes/c49bb760-2a10-40a9-9693-7827d38e5d25 0.034s[00m
2020-10-30 15:57:34.733 5449 INFO tempest.lib.common.rest_client [req-bedcf437-d347-4a49-90be-26bb472c6490 ] Request (FloatingIPTestJSON:tearDownClass): 204 DELETE http://10.13.3.201:9696/v2.0/subnets/bcd86bd5-d288-43ad-a61f-921d6a6a2f51 0.302s[00m
2020-10-30 15:57:34.750 5446 INFO tempest.lib.common.rest_client [req-737721df-8b3c-48db-a540-227b9ab7253d ] Request (VolumesListTestJSON:tearDownClass): 202 DELETE http://10.13.3.211:8776/v3/58f40aca1f114a2eb7b317c0c6b854c3/volumes/387499d3-5825-4689-bec8-045b29ff2c62 0.054s[00m
2020-10-30 15:57:34.806 5446 INFO tempest.lib.common.rest_client [req-feea7710-b733-4e05-b39c-450913557ab6 ] Request (VolumesListTestJSON:tearDownClass): 200 GET http://10.13.3.211:8776/v3/58f40aca1f114a2eb7b317c0c6b854c3/volumes/387499d3-5825-4689-bec8-045b29ff2c62 0.052s[00m
2020-10-30 15:57:35.300 5449 INFO tempest.lib.common.rest_client [req-3a50653d-0a41-40d7-96c8-97f5a4ceb049 ] Request (FloatingIPTestJSON:tearDownClass): 204 DELETE http://10.13.3.201:9696/v2.0/networks/1da6f12e-3c4e-4288-9cf5-f3ebe6685a81 0.566s[00m
2020-10-30 15:57:35.388 5449 INFO tempest.lib.common.rest_client [req-4df50104-49ac-48b0-b959-7520a0e343ba ] Request (FloatingIPTestJSON:tearDownClass): 204 DELETE http://10.13.3.239:35357/v3/users/f29b3b57d875425da826aa2545dae354 0.087s[00m
2020-10-30 15:57:35.654 5449 INFO tempest.lib.common.rest_client [req-b6309f2b-2870-4ab6-8c83-eacd9c88a557 ] Request (FloatingIPTestJSON:tearDownClass): 201 POST http://10.13.3.239:5000/v3/auth/tokens 0.265s[00m
2020-10-30 15:57:35.731 5449 INFO tempest.lib.common.rest_client [req-e82a8807-f559-46e3-bdb4-858571b1e6be ] Request (FloatingIPTestJSON:tearDownClass): 200 GET http://10.13.3.201:9696/v2.0/security-groups?tenant_id=e4f059ba679a422f88ec9f37c1181602&name=default 0.076s[00m
2020-10-30 15:57:35.803 5449 INFO tempest.lib.common.rest_client [req-dbf41ddf-4b15-47c2-a93b-956be6c5c700 ] Request (FloatingIPTestJSON:tearDownClass): 204 DELETE http://10.13.3.201:9696/v2.0/security-groups/d91e3d1c-cef3-4d67-bc43-9e04e099a80f 0.071s[00m
2020-10-30 15:57:35.853 5446 INFO tempest.lib.common.rest_client [req-54902d87-f99e-4f4c-aaea-18505d8e476b ] Request (VolumesListTestJSON:tearDownClass): 404 GET http://10.13.3.211:8776/v3/58f40aca1f114a2eb7b317c0c6b854c3/volumes/387499d3-5825-4689-bec8-045b29ff2c62 0.034s[00m
2020-10-30 15:57:35.876 5449 INFO tempest.lib.common.rest_client [req-f0656ac0-4e79-4af5-827a-1c2caaff0197 ] Request (FloatingIPTestJSON:tearDownClass): 204 DELETE http://10.13.3.239:35357/v3/projects/e4f059ba679a422f88ec9f37c1181602 0.072s[00m
2020-10-30 15:57:35.907 5446 INFO tempest.lib.common.rest_client [req-1fe5fa1f-9b73-436c-b878-ad44b5951214 ] Request (VolumesListTestJSON:tearDownClass): 202 DELETE http://10.13.3.211:8776/v3/58f40aca1f114a2eb7b317c0c6b854c3/volumes/d87890eb-d05b-4caf-a887-990a6e83819b 0.050s[00m
2020-10-30 15:57:35.958 5446 INFO tempest.lib.common.rest_client [req-51833601-926b-4dd0-9520-b6a500e57d63 ] Request (VolumesListTestJSON:tearDownClass): 200 GET http://10.13.3.211:8776/v3/58f40aca1f114a2eb7b317c0c6b854c3/volumes/d87890eb-d05b-4caf-a887-990a6e83819b 0.047s[00m
2020-10-30 15:57:36.144 5449 INFO tempest.lib.common.rest_client [req-65fed654-27bd-443d-8502-4449cb5effa1 ] Request (BulkNetworkOpsTest:setUpClass): 201 POST http://10.13.3.239:5000/v3/auth/tokens 0.265s[00m
2020-10-30 15:57:36.398 5449 INFO tempest.lib.common.rest_client [req-3016bf23-46b9-4417-9566-4ecb726e36d6 ] Request (BulkNetworkOpsTest:setUpClass): 201 POST http://10.13.3.239:5000/v3/auth/tokens 0.249s[00m
2020-10-30 15:57:36.422 5449 INFO tempest.lib.common.rest_client [req-444d10e3-df50-4380-b295-c86fc55d7be6 ] Request (BulkNetworkOpsTest:setUpClass): 200 GET http://10.13.3.239:35357/v3/domains?name=admin_domain 0.023s[00m
