2020-06-04 14:39:11.132 6037 INFO tempest.lib.common.rest_client [req-7f9b031a-fca0-4602-9f4a-15b2c6c1a5c6 ] Request (ServersTestJSON:setUpClass): 200 GET http://10.13.3.195:8774/v2.1/servers/d81f9051-5694-4997-8d00-8a147c171ea3 0.156s[00m
2020-06-04 14:39:11.764 6040 INFO tempest.lib.common.rest_client [req-cc15defc-7844-4799-a912-f664689f17d3 ] Request (ServersTestManualDisk:setUpClass): 200 GET http://10.13.3.195:8774/v2.1/servers/990786e6-d1ad-41f8-94f5-c20ad03c942b 0.157s[00m
2020-06-04 14:39:12.292 6037 INFO tempest.lib.common.rest_client [req-273f0f5a-f94f-4b75-9126-878a2060bff0 ] Request (ServersTestJSON:setUpClass): 200 GET http://10.13.3.195:8774/v2.1/servers/d81f9051-5694-4997-8d00-8a147c171ea3 0.153s[00m
2020-06-04 14:39:12.298 6037 INFO tempest.common.waiters [-] State transition "BUILD/spawning" ==> "ACTIVE/None" after 8 second wait[00m
2020-06-04 14:39:12.420 6037 INFO tempest.lib.common.rest_client [req-7dc6e43c-a932-440b-9dba-a9b35e2051d4 ] Request (ServersTestJSON:setUpClass): 200 GET http://10.13.3.195:8774/v2.1/servers/d81f9051-5694-4997-8d00-8a147c171ea3/os-interface 0.120s[00m
2020-06-04 14:39:13.009 6040 INFO tempest.lib.common.rest_client [req-5d3ecfaa-c0a5-41d4-9701-9f774af5dd8d ] Request (ServersTestManualDisk:setUpClass): 200 GET http://10.13.3.195:8774/v2.1/servers/990786e6-d1ad-41f8-94f5-c20ad03c942b 0.227s[00m
2020-06-04 14:39:13.847 6037 INFO tempest.lib.common.rest_client [req-1b5e4de3-ace9-4a3a-b503-0993fb4fc5a5 ] Request (ServersTestJSON:setUpClass): 200 PUT http://10.13.3.241:9696/v2.0/floatingips/d0373850-8373-4e59-8d53-48e80566c47c 1.423s[00m
2020-06-04 14:39:13.994 6037 INFO tempest.lib.common.rest_client [req-780630e4-52b1-4613-8a82-04f35e448222 ] Request (ServersTestJSON:setUpClass): 200 GET http://10.13.3.195:8774/v2.1/servers/d81f9051-5694-4997-8d00-8a147c171ea3 0.146s[00m
2020-06-04 14:39:14.109 6037 INFO tempest.lib.common.rest_client [req-b9a32d71-eede-4d6f-8921-4d51728bf510 ] Request (ServersTestJSON:test_list_servers): 200 GET http://10.13.3.195:8774/v2.1/servers 0.106s[00m
{0} tempest.api.compute.servers.test_create_server.ServersTestJSON.test_list_servers [0.113747s] ... ok
{0} tempest.api.compute.servers.test_create_server.ServersTestJSON.test_verify_server_details [0.000464s] ... ok
2020-06-04 14:39:14.183 6040 INFO tempest.lib.common.rest_client [req-5664aa57-78c0-4f12-b713-0219b4ada2d2 ] Request (ServersTestManualDisk:setUpClass): 200 GET http://10.13.3.195:8774/v2.1/servers/990786e6-d1ad-41f8-94f5-c20ad03c942b 0.166s[00m
2020-06-04 14:39:14.189 6040 INFO tempest.common.waiters [-] State transition "BUILD/spawning" ==> "ACTIVE/None" after 11 second wait[00m
2020-06-04 14:39:14.223 6037 INFO tempest.lib.common.rest_client [req-782e9350-9a3f-4c22-b081-b251f0d4ad6f ] Request (ServersTestJSON:tearDownClass): 204 DELETE http://10.13.3.195:8774/v2.1/servers/d81f9051-5694-4997-8d00-8a147c171ea3 0.109s[00m
2020-06-04 14:39:14.316 6040 INFO tempest.lib.common.rest_client [req-ee16d82e-eb68-4a37-bf5f-484cc9f2df14 ] Request (ServersTestManualDisk:setUpClass): 200 GET http://10.13.3.195:8774/v2.1/servers/990786e6-d1ad-41f8-94f5-c20ad03c942b/os-interface 0.126s[00m
2020-06-04 14:39:14.377 6037 INFO tempest.lib.common.rest_client [req-2c816924-4412-434e-b599-19bcc9359fe2 ] Request (ServersTestJSON:tearDownClass): 200 GET http://10.13.3.195:8774/v2.1/servers/d81f9051-5694-4997-8d00-8a147c171ea3 0.152s[00m
2020-06-04 14:39:15.640 6037 INFO tempest.lib.common.rest_client [req-d591ac1a-c3c0-42ff-bfdd-d0521cd53d4a ] Request (ServersTestJSON:tearDownClass): 200 GET http://10.13.3.195:8774/v2.1/servers/d81f9051-5694-4997-8d00-8a147c171ea3 0.256s[00m
2020-06-04 14:39:16.201 6040 INFO tempest.lib.common.rest_client [req-bf7d8da9-27f3-4ff8-9fd6-07161d913d6e ] Request (ServersTestManualDisk:setUpClass): 200 PUT http://10.13.3.241:9696/v2.0/floatingips/5ac46f43-7829-4c69-8e76-e1d5178b3f15 1.880s[00m
2020-06-04 14:39:16.413 6040 INFO tempest.lib.common.rest_client [req-2aa8ba9f-4758-4f97-b5fc-f82ec4677caf ] Request (ServersTestManualDisk:setUpClass): 200 GET http://10.13.3.195:8774/v2.1/servers/990786e6-d1ad-41f8-94f5-c20ad03c942b 0.211s[00m
2020-06-04 14:39:16.532 6040 INFO tempest.lib.common.rest_client [req-a5fed5df-35e8-49a2-9b26-8c4c0c9dc67f ] Request (ServersTestManualDisk:test_list_servers): 200 GET http://10.13.3.195:8774/v2.1/servers 0.112s[00m
{1} tempest.api.compute.servers.test_create_server.ServersTestManualDisk.test_list_servers [0.115784s] ... ok
{1} tempest.api.compute.servers.test_create_server.ServersTestManualDisk.test_verify_server_details [0.000625s] ... ok
2020-06-04 14:39:16.646 6040 INFO tempest.lib.common.rest_client [req-c2e3e3ab-ca29-453a-af3b-204d25599c65 ] Request (ServersTestManualDisk:tearDownClass): 204 DELETE http://10.13.3.195:8774/v2.1/servers/990786e6-d1ad-41f8-94f5-c20ad03c942b 0.104s[00m
2020-06-04 14:39:16.779 6037 INFO tempest.lib.common.rest_client [req-d9e3134c-5de1-4179-bd99-15f859f942cd ] Request (ServersTestJSON:tearDownClass): 200 GET http://10.13.3.195:8774/v2.1/servers/d81f9051-5694-4997-8d00-8a147c171ea3 0.131s[00m
2020-06-04 14:39:16.822 6040 INFO tempest.lib.common.rest_client [req-bb82e41f-5623-47f7-99d9-b0d8d447b927 ] Request (ServersTestManualDisk:tearDownClass): 200 GET http://10.13.3.195:8774/v2.1/servers/990786e6-d1ad-41f8-94f5-c20ad03c942b 0.175s[00m
2020-06-04 14:39:17.827 6037 INFO tempest.lib.common.rest_client [req-b7b0c796-2222-49a5-be87-ef9344284629 ] Request (ServersTestJSON:tearDownClass): 404 GET http://10.13.3.195:8774/v2.1/servers/d81f9051-5694-4997-8d00-8a147c171ea3 0.042s[00m
2020-06-04 14:39:17.847 6037 INFO tempest.lib.common.rest_client [req-8305443b-d51c-4d60-84bb-51587d772186 ] Request (ServersTestJSON:tearDownClass): 202 DELETE http://10.13.3.195:8774/v2.1/os-keypairs/tempest-keypair-196002991 0.019s[00m
2020-06-04 14:39:18.010 6040 INFO tempest.lib.common.rest_client [req-24c9d0de-27da-4ceb-85ba-8750a6e28441 ] Request (ServersTestManualDisk:tearDownClass): 200 GET http://10.13.3.195:8774/v2.1/servers/990786e6-d1ad-41f8-94f5-c20ad03c942b 0.182s[00m
2020-06-04 14:39:18.013 6037 INFO tempest.lib.common.rest_client [req-cac33e3a-8e33-44e7-b70b-034032bc3291 ] Request (ServersTestJSON:tearDownClass): 204 DELETE http://10.13.3.241:9696/v2.0/security-groups/4458d0d6-a343-4ef0-b9a8-5eef5e3ad3d4 0.165s[00m
2020-06-04 14:39:18.031 6037 INFO tempest.lib.common.rest_client [req-e40a5b29-b754-4fd9-8892-16666bad632b ] Request (ServersTestJSON:tearDownClass): 404 GET http://10.13.3.241:9696/v2.0/security-groups/4458d0d6-a343-4ef0-b9a8-5eef5e3ad3d4 0.016s[00m
2020-06-04 14:39:18.592 6037 INFO tempest.lib.common.rest_client [req-e457c18d-fc27-48db-9241-5c18a80d8834 ] Request (ServersTestJSON:tearDownClass): 204 DELETE http://10.13.3.241:9696/v2.0/floatingips/d0373850-8373-4e59-8d53-48e80566c47c 0.561s[00m
2020-06-04 14:39:19.060 6040 INFO tempest.lib.common.rest_client [req-883cceda-8f9c-4657-a6f9-1f91bf7e26cf ] Request (ServersTestManualDisk:tearDownClass): 404 GET http://10.13.3.195:8774/v2.1/servers/990786e6-d1ad-41f8-94f5-c20ad03c942b 0.045s[00m
2020-06-04 14:39:19.080 6040 INFO tempest.lib.common.rest_client [req-0980329d-35c0-4cdd-91fc-6d6b732529f9 ] Request (ServersTestManualDisk:tearDownClass): 202 DELETE http://10.13.3.195:8774/v2.1/os-keypairs/tempest-keypair-585957401 0.019s[00m
2020-06-04 14:39:19.224 6040 INFO tempest.lib.common.rest_client [req-a5d01cdf-f8c3-41e9-b2c1-16a1ed5952fb ] Request (ServersTestManualDisk:tearDownClass): 204 DELETE http://10.13.3.241:9696/v2.0/security-groups/fb9e2444-89bb-48a5-bc43-3f7e4d7bee8a 0.143s[00m
2020-06-04 14:39:19.244 6040 INFO tempest.lib.common.rest_client [req-320df3f7-bfc6-473a-8bf2-ab93128481b1 ] Request (ServersTestManualDisk:tearDownClass): 404 GET http://10.13.3.241:9696/v2.0/security-groups/fb9e2444-89bb-48a5-bc43-3f7e4d7bee8a 0.019s[00m
2020-06-04 14:39:20.017 6040 INFO tempest.lib.common.rest_client [req-4642d50e-33fd-41a0-9532-edd137f338cb ] Request (ServersTestManualDisk:tearDownClass): 204 DELETE http://10.13.3.241:9696/v2.0/floatingips/5ac46f43-7829-4c69-8e76-e1d5178b3f15 0.772s[00m
2020-06-04 14:39:21.017 6037 INFO tempest.lib.common.rest_client [req-d6f8889f-9bde-4969-958a-cada3c7d2be2 ] Request (ServersTestJSON:tearDownClass): 200 PUT http://10.13.3.241:9696/v2.0/routers/03615490-6086-49c1-901e-31370c5e4108/remove_router_interface 2.424s[00m
2020-06-04 14:39:22.075 6040 INFO tempest.lib.common.rest_client [req-e2e7915a-ba05-4828-bbf9-e57ff3f3675e ] Request (ServersTestManualDisk:tearDownClass): 200 PUT http://10.13.3.241:9696/v2.0/routers/dad7b1cb-aa8f-4be6-a277-9f298341dbc8/remove_router_interface 2.056s[00m
2020-06-04 14:39:22.373 6037 INFO tempest.lib.common.rest_client [req-3521aa1d-9705-4a4b-9b97-9f00b993a14e ] Request (ServersTestJSON:tearDownClass): 204 DELETE http://10.13.3.241:9696/v2.0/routers/03615490-6086-49c1-901e-31370c5e4108 1.355s[00m
2020-06-04 14:39:22.726 6037 INFO tempest.lib.common.rest_client [req-2f6a2014-a9f7-4089-bad2-bce5dab73e3e ] Request (ServersTestJSON:tearDownClass): 204 DELETE http://10.13.3.241:9696/v2.0/subnets/a0056f33-8ac4-451f-be42-8a826eb7d986 0.352s[00m
2020-06-04 14:39:23.340 6040 INFO tempest.lib.common.rest_client [req-09d5b295-ad67-447e-bf6b-4dc1b8e54040 ] Request (ServersTestManualDisk:tearDownClass): 204 DELETE http://10.13.3.241:9696/v2.0/routers/dad7b1cb-aa8f-4be6-a277-9f298341dbc8 1.264s[00m
2020-06-04 14:39:23.723 6040 INFO tempest.lib.common.rest_client [req-e5ad0b28-16ba-44df-9963-77165b1fa354 ] Request (ServersTestManualDisk:tearDownClass): 204 DELETE http://10.13.3.241:9696/v2.0/subnets/5d84b662-adbd-4853-bf75-0f37c5fdb49f 0.382s[00m
2020-06-04 14:39:23.836 6037 INFO tempest.lib.common.rest_client [req-09ae39b0-8012-46df-a03a-6657977ec60e ] Request (ServersTestJSON:tearDownClass): 204 DELETE http://10.13.3.241:9696/v2.0/networks/de36a0bc-002d-4836-95f9-4cae50776658 1.109s[00m
2020-06-04 14:39:23.915 6037 INFO tempest.lib.common.rest_client [req-68756c0d-7127-47d4-96cc-cfa143c1fe21 ] Request (ServersTestJSON:tearDownClass): 204 DELETE http://10.13.3.212:35357/v3/users/fceb4b9258aa406a842b03dd0db70066 0.079s[00m
2020-06-04 14:39:23.956 6037 INFO tempest.lib.common.rest_client [req-dbeddce2-dcda-4685-a7a9-34c3da252f72 ] Request (ServersTestJSON:tearDownClass): 200 GET http://10.13.3.241:9696/v2.0/security-groups?tenant_id=e7da47de335e4fbb9262cc2c6e4fc499&name=default 0.039s[00m
2020-06-04 14:39:24.071 6037 INFO tempest.lib.common.rest_client [req-1432dd54-46e5-4cfb-8627-61d87bd925ae ] Request (ServersTestJSON:tearDownClass): 204 DELETE http://10.13.3.241:9696/v2.0/security-groups/db9979bb-f532-4b67-a011-77b2da7f2c34 0.113s[00m
2020-06-04 14:39:24.156 6037 INFO tempest.lib.common.rest_client [req-986cd3bf-7116-41ed-9d7b-11c3bb7e94e8 ] Request (ServersTestJSON:tearDownClass): 204 DELETE http://10.13.3.212:35357/v3/projects/e7da47de335e4fbb9262cc2c6e4fc499 0.083s[00m
2020-06-04 14:39:24.436 6037 INFO tempest.lib.common.rest_client [req-d1a192f2-af69-4cda-a589-c8e9e345e1e8 ] Request (ServerActionsTestJSON:setUpClass): 201 POST http://10.13.3.212:5000/v3/auth/tokens 0.278s[00m
2020-06-04 14:39:24.696 6037 INFO tempest.lib.common.rest_client [req-054a6e9d-bc9f-42db-bbcd-3b07021327b7 ] Request (ServerActionsTestJSON:setUpClass): 201 POST http://10.13.3.212:5000/v3/auth/tokens 0.257s[00m
2020-06-04 14:39:24.723 6037 INFO tempest.lib.common.rest_client [req-7df2bdfc-f94b-4ce2-9ca8-6a350104f263 ] Request (ServerActionsTestJSON:setUpClass): 200 GET http://10.13.3.212:35357/v3/domains?name=admin_domain 0.026s[00m
2020-06-04 14:39:24.752 6037 INFO tempest.lib.common.rest_client [req-8d964a55-e9e1-48cf-9d68-808cccdc8bb4 ] Request (ServerActionsTestJSON:setUpClass): 201 POST http://10.13.3.212:35357/v3/projects 0.028s[00m
2020-06-04 14:39:24.782 6040 INFO tempest.lib.common.rest_client [req-f16533a0-157c-40cb-adc5-3f36f60cebdd ] Request (ServersTestManualDisk:tearDownClass): 204 DELETE http://10.13.3.241:9696/v2.0/networks/8cd155b1-b485-4126-b657-ea74b8574b3c 1.059s[00m
2020-06-04 14:39:25.016 6037 INFO tempest.lib.common.rest_client [req-3c5011b1-76ce-4c41-bed9-a30951c1ada6 ] Request (ServerActionsTestJSON:setUpClass): 201 POST http://10.13.3.212:35357/v3/users 0.263s[00m
2020-06-04 14:39:25.081 6040 INFO tempest.lib.common.rest_client [req-40cfda27-8854-4f1f-9d19-5c998e9bf87c ] Request (ServersTestManualDisk:tearDownClass): 204 DELETE http://10.13.3.212:35357/v3/users/47a1160d57f64b458de7b828d0482e38 0.298s[00m
2020-06-04 14:39:25.121 6040 INFO tempest.lib.common.rest_client [req-c2d3c158-13f4-4f9b-b7c4-bf2a987a933d ] Request (ServersTestManualDisk:tearDownClass): 200 GET http://10.13.3.241:9696/v2.0/security-groups?tenant_id=d63ab15973574a72921551dee313d1de&name=default 0.040s[00m
2020-06-04 14:39:25.127 6037 INFO tempest.lib.common.rest_client [req-ca71f7e5-01e7-4df5-b79b-8fc6de09e7ac ] Request (ServerActionsTestJSON:setUpClass): 200 GET http://10.13.3.212:35357/v3/roles 0.110s[00m
2020-06-04 14:39:25.154 6037 INFO tempest.lib.common.rest_client [req-ca1390a7-17e5-4bd8-b665-7b514a254782 ] Request (ServerActionsTestJSON:setUpClass): 200 GET http://10.13.3.212:35357/v3/roles 0.026s[00m
2020-06-04 14:39:25.200 6037 INFO tempest.lib.common.rest_client [req-1a8598ca-330d-4349-872d-5650815179bd ] Request (ServerActionsTestJSON:setUpClass): 204 PUT http://10.13.3.212:35357/v3/projects/cddfedeb72e5414289cd48c81dac15c6/users/f57b304ad04a4d2d84531f9d5ae8c0ed/roles/1bf9b326490849fd937b7ebe631bbad1 0.044s[00m
2020-06-04 14:39:25.200 6037 INFO tempest.lib.common.dynamic_creds [-] Acquired dynamic creds:
 credentials: Credentials: {'domain_id': 'b934c5ba7806401da48e386d47bda1d9', 'domain_name': 'admin_domain', 'username': 'tempest-ServerActionsTestJSON-976617127', 'project_domain_id': 'b934c5ba7806401da48e386d47bda1d9', 'project_domain_name': 'admin_domain', 'project_id': 'cddfedeb72e5414289cd48c81dac15c6', 'project_name': 'tempest-ServerActionsTestJSON-976617127', 'tenant_id': 'cddfedeb72e5414289cd48c81dac15c6', 'tenant_name': 'tempest-ServerActionsTestJSON-976617127', 'user_domain_id': 'b934c5ba7806401da48e386d47bda1d9', 'user_domain_name': 'admin_domain', 'user_id': 'f57b304ad04a4d2d84531f9d5ae8c0ed'}, Network: None, Subnet: None, Router: None[00m
2020-06-04 14:39:25.218 6040 INFO tempest.lib.common.rest_client [req-e86fdde2-8538-4c6e-be8b-158076b2995c ] Request (ServersTestManualDisk:tearDownClass): 204 DELETE http://10.13.3.241:9696/v2.0/security-groups/f1d03dd0-15c0-498c-8874-1e24e9377af9 0.096s[00m
2020-06-04 14:39:25.324 6040 INFO tempest.lib.common.rest_client [req-57d00c0a-43e8-4f35-a05c-6ab7618d504d ] Request (ServersTestManualDisk:tearDownClass): 204 DELETE http://10.13.3.212:35357/v3/projects/d63ab15973574a72921551dee313d1de 0.105s[00m
2020-06-04 14:39:25.497 6037 INFO tempest.lib.common.rest_client [req-aa0785d7-4656-41f8-934b-fd361408a811 ] Request (ServerActionsTestJSON:setUpClass): 201 POST http://10.13.3.212:5000/v3/auth/tokens 0.296s[00m
2020-06-04 14:39:25.582 6040 INFO tempest.lib.common.rest_client [req-788a2e41-c67f-4085-978a-24a9bbe4f235 ] Request (TestVersions:setUpClass): 201 POST http://10.13.3.212:5000/v3/auth/tokens 0.256s[00m
2020-06-04 14:39:25.796 6037 INFO tempest.lib.common.rest_client [req-1c58ed66-5375-48a5-b7cb-36c6b57e9471 ] Request (ServerActionsTestJSON:setUpClass): 201 POST http://10.13.3.241:9696/v2.0/networks 0.298s[00m
2020-06-04 14:39:25.837 6040 INFO tempest.lib.common.rest_client [req-726e2468-0fcb-4838-8a93-26cdcac56696 ] Request (TestVersions:setUpClass): 201 POST http://10.13.3.212:5000/v3/auth/tokens 0.251s[00m
2020-06-04 14:39:25.865 6040 INFO tempest.lib.common.rest_client [req-ebfb7e1d-efed-4b49-9733-ad312fe968bb ] Request (TestVersions:setUpClass): 200 GET http://10.13.3.212:35357/v3/domains?name=admin_domain 0.027s[00m
2020-06-04 14:39:25.907 6040 INFO tempest.lib.common.rest_client [req-4667648f-aad6-4190-a6d4-3b8834673e30 ] Request (TestVersions:setUpClass): 201 POST http://10.13.3.212:35357/v3/projects 0.042s[00m
2020-06-04 14:39:26.165 6040 INFO tempest.lib.common.rest_client [req-a0ae56fd-fcd2-4b92-a082-faec63303b33 ] Request (TestVersions:setUpClass): 201 POST http://10.13.3.212:35357/v3/users 0.257s[00m
2020-06-04 14:39:26.185 6040 INFO tempest.lib.common.rest_client [req-51d90f39-1dd6-4c8d-b984-ca0279a847f1 ] Request (TestVersions:setUpClass): 200 GET http://10.13.3.212:35357/v3/roles 0.020s[00m
2020-06-04 14:39:26.205 6040 INFO tempest.lib.common.rest_client [req-5baaacfe-71d4-44aa-8f4a-11a0bd7cb597 ] Request (TestVersions:setUpClass): 200 GET http://10.13.3.212:35357/v3/roles 0.019s[00m
2020-06-04 14:39:26.220 6037 INFO tempest.lib.common.rest_client [req-1cba79f0-2030-4f26-8bd7-a0050531581b ] Request (ServerActionsTestJSON:setUpClass): 201 POST http://10.13.3.241:9696/v2.0/subnets 0.423s[00m
2020-06-04 14:39:26.238 6040 INFO tempest.lib.common.rest_client [req-0beced37-7925-444a-bd61-c535a378ba0d ] Request (TestVersions:setUpClass): 204 PUT http://10.13.3.212:35357/v3/projects/6041d15bf0ec42efb4410773c65a9aa8/users/99b5a1f333a244dc9ca7f29dd7e572e8/roles/1bf9b326490849fd937b7ebe631bbad1 0.032s[00m
2020-06-04 14:39:26.238 6040 INFO tempest.lib.common.dynamic_creds [-] Acquired dynamic creds:
 credentials: Credentials: {'domain_id': 'b934c5ba7806401da48e386d47bda1d9', 'domain_name': 'admin_domain', 'username': 'tempest-TestVersions-288805898', 'project_domain_id': 'b934c5ba7806401da48e386d47bda1d9', 'project_domain_name': 'admin_domain', 'project_id': '6041d15bf0ec42efb4410773c65a9aa8', 'project_name': 'tempest-TestVersions-288805898', 'tenant_id': '6041d15bf0ec42efb4410773c65a9aa8', 'tenant_name': 'tempest-TestVersions-288805898', 'user_domain_id': 'b934c5ba7806401da48e386d47bda1d9', 'user_domain_name': 'admin_domain', 'user_id': '99b5a1f333a244dc9ca7f29dd7e572e8'}, Network: None, Subnet: None, Router: None[00m
2020-06-04 14:39:26.238 6040 INFO tempest.lib.common.dynamic_creds [-] Created isolated network resources for:
 credentials: Credentials: {'domain_id': 'b934c5ba7806401da48e386d47bda1d9', 'domain_name': 'admin_domain', 'username': 'tempest-TestVersions-288805898', 'project_domain_id': 'b934c5ba7806401da48e386d47bda1d9', 'project_domain_name': 'admin_domain', 'project_id': '6041d15bf0ec42efb4410773c65a9aa8', 'project_name': 'tempest-TestVersions-288805898', 'tenant_id': '6041d15bf0ec42efb4410773c65a9aa8', 'tenant_name': 'tempest-TestVersions-288805898', 'user_domain_id': 'b934c5ba7806401da48e386d47bda1d9', 'user_domain_name': 'admin_domain', 'user_id': '99b5a1f333a244dc9ca7f29dd7e572e8'}, Network: None, Subnet: None, Router: None[00m
2020-06-04 14:39:26.532 6040 INFO tempest.lib.common.rest_client [req-4d4bb259-bd7d-4f93-b84f-59d8c1eb0b45 ] Request (TestVersions:setUpClass): 201 POST http://10.13.3.212:5000/v3/auth/tokens 0.289s[00m
2020-06-04 14:39:26.538 6040 INFO tempest.lib.common.rest_client [-] Request (TestVersions:test_get_version_details): 200 GET http://10.13.3.195:8774/ 0.005s[00m
2020-06-04 14:39:27.060 6040 INFO tempest.lib.common.rest_client [req-763609ae-c919-4a2b-8a86-071afadaddf9 ] Request (TestVersions:test_get_version_details): 200 GET http://10.13.3.195:8774/v2/ 0.520s[00m
2020-06-04 14:39:27.071 6040 INFO tempest.lib.common.rest_client [req-ee4da353-6136-4332-a8f0-0604f08490a8 ] Request (TestVersions:test_get_version_details): 200 GET http://10.13.3.195:8774/v2.1/ 0.008s[00m
{1} tempest.api.compute.test_versions.TestVersions.test_get_version_details [0.540700s] ... ok
2020-06-04 14:39:27.077 6040 INFO tempest.lib.common.rest_client [-] Request (TestVersions:test_list_api_versions): 200 GET http://10.13.3.195:8774/ 0.003s[00m
{1} tempest.api.compute.test_versions.TestVersions.test_list_api_versions [0.005697s] ... ok
2020-06-04 14:39:27.159 6040 INFO tempest.lib.common.rest_client [req-e31cc606-c20c-4b6c-bc83-bd690b5b2b69 ] Request (TestVersions:tearDownClass): 204 DELETE http://10.13.3.212:35357/v3/users/99b5a1f333a244dc9ca7f29dd7e572e8 0.079s[00m
2020-06-04 14:39:27.398 6037 INFO tempest.lib.common.rest_client [req-148f9a9d-6091-4ab4-9ac6-5c44d95befa0 ] Request (ServerActionsTestJSON:setUpClass): 201 POST http://10.13.3.241:9696/v2.0/routers 1.177s[00m
2020-06-04 14:39:27.428 6040 INFO tempest.lib.common.rest_client [req-643acb8e-65d3-4ee1-b2df-80f85c6dfff5 ] Request (TestVersions:tearDownClass): 201 POST http://10.13.3.212:5000/v3/auth/tokens 0.268s[00m
2020-06-04 14:39:27.602 6040 INFO tempest.lib.common.rest_client [req-63076381-4c0c-45f0-bed9-47d72a38993f ] Request (TestVersions:tearDownClass): 200 GET http://10.13.3.241:9696/v2.0/security-groups?tenant_id=6041d15bf0ec42efb4410773c65a9aa8&name=default 0.174s[00m
2020-06-04 14:39:27.697 6040 INFO tempest.lib.common.rest_client [req-afe44722-bafd-4289-b784-f0a7aef3397b ] Request (TestVersions:tearDownClass): 204 DELETE http://10.13.3.241:9696/v2.0/security-groups/914d334c-e248-4627-a0c7-6d697635b573 0.095s[00m
2020-06-04 14:39:27.780 6040 INFO tempest.lib.common.rest_client [req-1477c290-6c2e-4222-b859-1244d928674c ] Request (TestVersions:tearDownClass): 204 DELETE http://10.13.3.212:35357/v3/projects/6041d15bf0ec42efb4410773c65a9aa8 0.082s[00m
2020-06-04 14:39:27.781 6040 INFO tempest.test [-] <class 'unittest.case.SkipTest'> raised in UsersTestJSON.setUpClass. Invoking tearDownClass.[00m
{1} setUpClass (tempest.api.identity.admin.v2.test_users.UsersTestJSON) ... SKIPPED: Identity api v2 is not enabled
2020-06-04 14:39:28.062 6040 INFO tempest.lib.common.rest_client [req-82de3360-5dfd-4463-80cc-d099c2ad33e4 ] Request (CredentialsTestJSON:setUpClass): 201 POST http://10.13.3.212:5000/v3/auth/tokens 0.279s[00m
2020-06-04 14:39:28.320 6040 INFO tempest.lib.common.rest_client [req-48db4a36-a550-42e5-bccf-70b1b8f3cf1b ] Request (CredentialsTestJSON:setUpClass): 201 POST http://10.13.3.212:5000/v3/auth/tokens 0.255s[00m
2020-06-04 14:39:28.349 6040 INFO tempest.lib.common.rest_client [req-81d5c605-4172-452a-8119-7b55babcdce6 ] Request (CredentialsTestJSON:setUpClass): 200 GET http://10.13.3.212:35357/v3/domains?name=admin_domain 0.028s[00m
2020-06-04 14:39:28.377 6040 INFO tempest.lib.common.rest_client [req-1c710bc6-ad72-49fa-8ffd-07c0d754c594 ] Request (CredentialsTestJSON:setUpClass): 201 POST http://10.13.3.212:35357/v3/projects 0.027s[00m
2020-06-04 14:39:28.630 6040 INFO tempest.lib.common.rest_client [req-8c8e67dd-bfd8-407d-9e47-644ab09e7b79 ] Request (CredentialsTestJSON:setUpClass): 201 POST http://10.13.3.212:35357/v3/users 0.252s[00m
2020-06-04 14:39:28.650 6040 INFO tempest.lib.common.rest_client [req-1738a22f-271b-40d0-9c08-d8cd41f09e76 ] Request (CredentialsTestJSON:setUpClass): 200 GET http://10.13.3.212:35357/v3/roles 0.019s[00m
2020-06-04 14:39:28.670 6040 INFO tempest.lib.common.rest_client [req-c3ed2ee6-945c-4545-8377-6fb317470330 ] Request (CredentialsTestJSON:setUpClass): 200 GET http://10.13.3.212:35357/v3/roles 0.018s[00m
2020-06-04 14:39:28.702 6040 INFO tempest.lib.common.rest_client [req-7f928b1e-2707-4a3f-8c08-6f29ec41112e ] Request (CredentialsTestJSON:setUpClass): 204 PUT http://10.13.3.212:35357/v3/projects/4e2a754351cf4b89adb09fab24c647fc/users/d62d04c62e0d456c8718531c20a5f3d8/roles/1bf9b326490849fd937b7ebe631bbad1 0.031s[00m
2020-06-04 14:39:28.702 6040 INFO tempest.lib.common.dynamic_creds [-] Acquired dynamic creds:
 credentials: Credentials: {'domain_id': 'b934c5ba7806401da48e386d47bda1d9', 'domain_name': 'admin_domain', 'username': 'tempest-CredentialsTestJSON-951498548', 'project_domain_id': 'b934c5ba7806401da48e386d47bda1d9', 'project_domain_name': 'admin_domain', 'project_id': '4e2a754351cf4b89adb09fab24c647fc', 'project_name': 'tempest-CredentialsTestJSON-951498548', 'tenant_id': '4e2a754351cf4b89adb09fab24c647fc', 'tenant_name': 'tempest-CredentialsTestJSON-951498548', 'user_domain_id': 'b934c5ba7806401da48e386d47bda1d9', 'user_domain_name': 'admin_domain', 'user_id': 'd62d04c62e0d456c8718531c20a5f3d8'}, Network: None, Subnet: None, Router: None[00m
2020-06-04 14:39:28.702 6040 INFO tempest.lib.common.dynamic_creds [-] Created isolated network resources for:
 credentials: Credentials: {'domain_id': 'b934c5ba7806401da48e386d47bda1d9', 'domain_name': 'admin_domain', 'username': 'tempest-CredentialsTestJSON-951498548', 'project_domain_id': 'b934c5ba7806401da48e386d47bda1d9', 'project_domain_name': 'admin_domain', 'project_id': '4e2a754351cf4b89adb09fab24c647fc', 'project_name': 'tempest-CredentialsTestJSON-951498548', 'tenant_id': '4e2a754351cf4b89adb09fab24c647fc', 'tenant_name': 'tempest-CredentialsTestJSON-951498548', 'user_domain_id': 'b934c5ba7806401da48e386d47bda1d9', 'user_domain_name': 'admin_domain', 'user_id': 'd62d04c62e0d456c8718531c20a5f3d8'}, Network: None, Subnet: None, Router: None[00m
2020-06-04 14:39:28.988 6040 INFO tempest.lib.common.rest_client [req-78911e21-2d90-455d-93bc-64f30dbffafc ] Request (CredentialsTestJSON:setUpClass): 201 POST http://10.13.3.212:5000/v3/auth/tokens 0.282s[00m
2020-06-04 14:39:29.034 6040 INFO tempest.lib.common.rest_client [req-e8676387-6eb4-4a00-a939-73b7967cd095 ] Request (CredentialsTestJSON:setUpClass): 201 POST http://10.13.3.212:35357/v3/projects 0.045s[00m
2020-06-04 14:39:29.143 6037 INFO tempest.lib.common.rest_client [req-2ab01cfa-9fbf-46c7-b4ae-23790ec70dc2 ] Request (ServerActionsTestJSON:setUpClass): 200 PUT http://10.13.3.241:9696/v2.0/routers/7233a830-498c-469a-a11f-b220a9ff3fc2/add_router_interface 1.744s[00m
2020-06-04 14:39:29.143 6037 INFO tempest.lib.common.dynamic_creds [-] Created isolated network resources for:
 credentials: Credentials: {'domain_id': 'b934c5ba7806401da48e386d47bda1d9', 'domain_name': 'admin_domain', 'username': 'tempest-ServerActionsTestJSON-976617127', 'project_domain_id': 'b934c5ba7806401da48e386d47bda1d9', 'project_domain_name': 'admin_domain', 'project_id': 'cddfedeb72e5414289cd48c81dac15c6', 'project_name': 'tempest-ServerActionsTestJSON-976617127', 'tenant_id': 'cddfedeb72e5414289cd48c81dac15c6', 'tenant_name': 'tempest-ServerActionsTestJSON-976617127', 'user_domain_id': 'b934c5ba7806401da48e386d47bda1d9', 'user_domain_name': 'admin_domain', 'user_id': 'f57b304ad04a4d2d84531f9d5ae8c0ed'}, Network: {'id': '5af65ea1-d599-4ca6-9b36-7da0a1562f28', 'name': 'tempest-ServerActionsTestJSON-1947247010-network', 'tenant_id': 'cddfedeb72e5414289cd48c81dac15c6', 'admin_state_up': True, 'mtu': 1458, 'status': 'ACTIVE', 'subnets': [], 'shared': False, 'project_id': 'cddfedeb72e5414289cd48c81dac15c6', 'router:external': False, 'provider:network_type': 'gre', 'provider:physical_network': None, 'provider:segmentation_id': 2, 'availability_zone_hints': [], 'is_default': False, 'availability_zones': [], 'ipv4_address_scope': None, 'ipv6_address_scope': None, 'description': '', 'l2_adjacency': True, 'tags': [], 'created_at': '2020-06-04T14:39:25Z', 'updated_at': '2020-06-04T14:39:25Z', 'revision_number': 1}, Subnet: {'id': 'e7cc62c2-7f9e-4a72-96f1-fe6aa70c4288', 'name': 'tempest-ServerActionsTestJSON-1947247010-subnet', 'tenant_id': 'cddfedeb72e5414289cd48c81dac15c6', 'network_id': '5af65ea1-d599-4ca6-9b36-7da0a1562f28', 'ip_version': 4, 'subnetpool_id': None, 'enable_dhcp': True, 'ipv6_ra_mode': None, 'ipv6_address_mode': None, 'gateway_ip': '172.16.0.1', 'cidr': '172.16.0.0/28', 'allocation_pools': [{'start': '172.16.0.2', 'end': '172.16.0.14'}], 'host_routes': [], 'dns_nameservers': [], 'description': '', 'service_types': [], 'segment_id': None, 'tags': [], 'created_at': '2020-06-04T14:39:25Z', 'updated_at': '2020-06-04T14:39:25Z', 'revision_number': 0, 'project_id': 'cddfedeb72e5414289cd48c81dac15c6'}, Router: {'id': '7233a830-498c-469a-a11f-b220a9ff3fc2', 'name': 'tempest-ServerActionsTestJSON-1947247010-router', 'tenant_id': 'cddfedeb72e5414289cd48c81dac15c6', 'admin_state_up': True, 'status': 'ACTIVE', 'external_gateway_info': {'network_id': '19fedfe3-893e-4261-b790-df39eefa0d2e', 'external_fixed_ips': [{'subnet_id': '90d843ec-7d33-456f-a0ba-ebf94da13b53', 'ip_address': '10.13.3.135'}], 'enable_snat': True}, 'description': '', 'availability_zones': [], 'distributed': False, 'ha': False, 'availability_zone_hints': [], 'routes': [], 'flavor_id': None, 'tags': [], 'created_at': '2020-06-04T14:39:26Z', 'updated_at': '2020-06-04T14:39:27Z', 'revision_number': 3, 'project_id': 'cddfedeb72e5414289cd48c81dac15c6'}[00m
2020-06-04 14:39:29.298 6040 INFO tempest.lib.common.rest_client [req-0ff69e4f-5ce7-4a4f-b51d-b73b15b26dd4 ] Request (CredentialsTestJSON:setUpClass): 201 POST http://10.13.3.212:35357/v3/users 0.263s[00m
2020-06-04 14:39:29.330 6040 INFO tempest.lib.common.rest_client [req-b9135e87-3c5f-4ecb-8ff3-1ab63f18ac7b ] Request (CredentialsTestJSON:setUpClass): 200 GET http://10.13.3.212:35357/v3/roles 0.032s[00m
2020-06-04 14:39:29.384 6040 INFO tempest.lib.common.rest_client [req-a9b82bbd-91e7-4a90-9617-8a553b4adb58 ] Request (CredentialsTestJSON:setUpClass): 204 PUT http://10.13.3.212:35357/v3/projects/09632ff478b04ac79173833089888371/users/28923b712d9a4fd186e60eca198dd419/roles/9f50e28b456f454da14886f92cf258ba 0.053s[00m
2020-06-04 14:39:29.429 6040 INFO tempest.lib.common.rest_client [req-27d7c5ee-aed1-4d80-ac4f-e1164bcbcf46 ] Request (CredentialsTestJSON:setUpClass): 200 GET http://10.13.3.212:35357/v3/roles 0.044s[00m
2020-06-04 14:39:29.449 6037 INFO tempest.lib.common.rest_client [req-f4802451-42ca-4dbe-80b4-da79eb848511 ] Request (ServerActionsTestJSON:setUpClass): 201 POST http://10.13.3.212:5000/v3/auth/tokens 0.302s[00m
2020-06-04 14:39:29.455 6040 INFO tempest.lib.common.rest_client [req-dec995ff-1d2b-4fe9-8ceb-83ad41da37d1 ] Request (CredentialsTestJSON:setUpClass): 204 PUT http://10.13.3.212:35357/v3/domains/b934c5ba7806401da48e386d47bda1d9/users/28923b712d9a4fd186e60eca198dd419/roles/9f50e28b456f454da14886f92cf258ba 0.025s[00m
2020-06-04 14:39:29.455 6040 INFO tempest.lib.common.dynamic_creds [-] Acquired dynamic creds:
 credentials: Credentials: {'domain_id': 'b934c5ba7806401da48e386d47bda1d9', 'domain_name': 'admin_domain', 'username': 'tempest-CredentialsTestJSON-642862153', 'project_domain_id': 'b934c5ba7806401da48e386d47bda1d9', 'project_domain_name': 'admin_domain', 'project_id': '09632ff478b04ac79173833089888371', 'project_name': 'tempest-CredentialsTestJSON-642862153', 'tenant_id': '09632ff478b04ac79173833089888371', 'tenant_name': 'tempest-CredentialsTestJSON-642862153', 'user_domain_id': 'b934c5ba7806401da48e386d47bda1d9', 'user_domain_name': 'admin_domain', 'user_id': '28923b712d9a4fd186e60eca198dd419'}, Network: None, Subnet: None, Router: None[00m
2020-06-04 14:39:29.455 6040 INFO tempest.lib.common.dynamic_creds [-] Created isolated network resources for:
 credentials: Credentials: {'domain_id': 'b934c5ba7806401da48e386d47bda1d9', 'domain_name': 'admin_domain', 'username': 'tempest-CredentialsTestJSON-642862153', 'project_domain_id': 'b934c5ba7806401da48e386d47bda1d9', 'project_domain_name': 'admin_domain', 'project_id': '09632ff478b04ac79173833089888371', 'project_name': 'tempest-CredentialsTestJSON-642862153', 'tenant_id': '09632ff478b04ac79173833089888371', 'tenant_name': 'tempest-CredentialsTestJSON-642862153', 'user_domain_id': 'b934c5ba7806401da48e386d47bda1d9', 'user_domain_name': 'admin_domain', 'user_id': '28923b712d9a4fd186e60eca198dd419'}, Network: None, Subnet: None, Router: None[00m
2020-06-04 14:39:29.749 6040 INFO tempest.lib.common.rest_client [req-b9d88157-43cb-4c73-b077-169efb7fa3ba ] Request (CredentialsTestJSON:setUpClass): 201 POST http://10.13.3.212:5000/v3/auth/tokens 0.289s[00m
2020-06-04 14:39:30.009 6040 INFO tempest.lib.common.rest_client [req-f62aceb8-d4f4-47a2-b29b-b0f5ae6064b2 ] Request (CredentialsTestJSON:setUpClass): 201 POST http://10.13.3.212:5000/v3/auth/tokens 0.259s[00m
2020-06-04 14:39:30.048 6040 INFO tempest.lib.common.rest_client [req-a46f9bcc-b0b0-4aa5-8ca8-70f85d3bb32c ] Request (CredentialsTestJSON:setUpClass): 201 POST http://10.13.3.212:35357/v3/projects 0.038s[00m
2020-06-04 14:39:30.058 6037 INFO tempest.lib.common.rest_client [req-ea9a8ba2-7122-4cf4-93d5-2f7a59041460 ] Request (ServerActionsTestJSON:setUpClass): 200 POST http://10.13.3.195:8774/v2.1/os-keypairs 0.608s[00m
2020-06-04 14:39:30.097 6040 INFO tempest.lib.common.rest_client [req-d32aa0de-fd10-439e-8cad-1dda4839ceda ] Request (CredentialsTestJSON:setUpClass): 201 POST http://10.13.3.212:35357/v3/projects 0.049s[00m
2020-06-04 14:39:30.215 6040 INFO tempest.lib.common.rest_client [req-52f19e62-b7ab-4acb-aad4-4708ae30c560 ] Request (CredentialsTestJSON:setUpClass): 200 GET http://10.13.3.212:35357/v3/users/d62d04c62e0d456c8718531c20a5f3d8 0.117s[00m
2020-06-04 14:39:30.240 6040 INFO tempest.lib.common.rest_client [req-469f1165-b2d9-4823-950c-f38a160b41a4 ] Request (CredentialsTestJSON:test_credentials_create_get_update_delete): 201 POST http://10.13.3.212:35357/v3/credentials 0.024s[00m
2020-06-04 14:39:30.264 6040 INFO tempest.lib.common.rest_client [req-9cf68e75-9a2b-4481-8561-2d8b3724daff ] Request (CredentialsTestJSON:test_credentials_create_get_update_delete): 200 PATCH http://10.13.3.212:35357/v3/credentials/4f82b81cf6364eb9e78955aabafa5a05bec7ea36402e84e7550991e8c6e58f34 0.023s[00m
2020-06-04 14:39:30.281 6040 INFO tempest.lib.common.rest_client [req-32f7fd74-43ac-47e0-8f6c-014bc288999b ] Request (CredentialsTestJSON:test_credentials_create_get_update_delete): 200 GET http://10.13.3.212:35357/v3/credentials/4f82b81cf6364eb9e78955aabafa5a05bec7ea36402e84e7550991e8c6e58f34 0.016s[00m
2020-06-04 14:39:30.296 6037 INFO tempest.lib.common.rest_client [req-24c42408-ae43-4c56-9878-e1947bbba794 ] Request (ServerActionsTestJSON:setUpClass): 201 POST http://10.13.3.241:9696/v2.0/security-groups 0.235s[00m
2020-06-04 14:39:30.308 6040 INFO tempest.lib.common.rest_client [req-5d165484-a081-436b-9fc8-f24422477e3c ] Request (CredentialsTestJSON:_run_cleanups): 204 DELETE http://10.13.3.212:35357/v3/credentials/4f82b81cf6364eb9e78955aabafa5a05bec7ea36402e84e7550991e8c6e58f34 0.026s[00m
{1} tempest.api.identity.admin.v3.test_credentials.CredentialsTestJSON.test_credentials_create_get_update_delete [0.093156s] ... ok
2020-06-04 14:39:30.367 6040 INFO tempest.lib.common.rest_client [req-e0dd53b8-f7e2-4296-b854-53454e5dc662 ] Request (CredentialsTestJSON:tearDownClass): 204 DELETE http://10.13.3.212:35357/v3/projects/693bddc03929421ab163c78af2cacc64 0.057s[00m
2020-06-04 14:39:30.376 6037 INFO tempest.lib.common.rest_client [req-09a00a06-94da-4326-a8e1-20cecde425cc ] Request (ServerActionsTestJSON:setUpClass): 201 POST http://10.13.3.241:9696/v2.0/security-group-rules 0.080s[00m
2020-06-04 14:39:30.443 6040 INFO tempest.lib.common.rest_client [req-a9cf4ea7-e3ac-4b8d-8bc6-27462c42068f ] Request (CredentialsTestJSON:tearDownClass): 204 DELETE http://10.13.3.212:35357/v3/projects/e9152ddd9e7d4e3f95414216f67ed756 0.076s[00m
2020-06-04 14:39:30.457 6037 INFO tempest.lib.common.rest_client [req-7dc0dcd6-bcb7-447e-960c-5f9c45b377a1 ] Request (ServerActionsTestJSON:setUpClass): 201 POST http://10.13.3.241:9696/v2.0/security-group-rules 0.081s[00m
2020-06-04 14:39:30.523 6040 INFO tempest.lib.common.rest_client [req-1846dcfa-ba2d-4b17-8815-284b97d01c24 ] Request (CredentialsTestJSON:tearDownClass): 204 DELETE http://10.13.3.212:35357/v3/users/d62d04c62e0d456c8718531c20a5f3d8 0.079s[00m
2020-06-04 14:39:30.796 6040 INFO tempest.lib.common.rest_client [req-a4f28591-3869-4f30-9d79-327c12add144 ] Request (CredentialsTestJSON:tearDownClass): 201 POST http://10.13.3.212:5000/v3/auth/tokens 0.273s[00m
2020-06-04 14:39:31.286 6040 INFO tempest.lib.common.rest_client [req-ce094f1d-3fd9-4c4f-9551-1f8c417750ae ] Request (CredentialsTestJSON:tearDownClass): 200 GET http://10.13.3.241:9696/v2.0/security-groups?tenant_id=4e2a754351cf4b89adb09fab24c647fc&name=default 0.490s[00m
2020-06-04 14:39:31.387 6040 INFO tempest.lib.common.rest_client [req-3e051567-cb55-4fd5-bb84-5656f120829f ] Request (CredentialsTestJSON:tearDownClass): 204 DELETE http://10.13.3.241:9696/v2.0/security-groups/7e85f915-df44-4f3d-8756-984dbc46e4d1 0.100s[00m
2020-06-04 14:39:31.471 6040 INFO tempest.lib.common.rest_client [req-a45b3565-dba5-4ada-a56f-41cc530533cd ] Request (CredentialsTestJSON:tearDownClass): 204 DELETE http://10.13.3.212:35357/v3/projects/4e2a754351cf4b89adb09fab24c647fc 0.083s[00m
2020-06-04 14:39:31.552 6040 INFO tempest.lib.common.rest_client [req-44d36500-3067-47ad-a641-cddc434e0ab0 ] Request (CredentialsTestJSON:tearDownClass): 204 DELETE http://10.13.3.212:35357/v3/users/28923b712d9a4fd186e60eca198dd419 0.080s[00m
2020-06-04 14:39:31.656 6040 INFO tempest.lib.common.rest_client [req-6588eb2e-777c-4893-b6c5-b5cd85b17d19 ] Request (CredentialsTestJSON:tearDownClass): 200 GET http://10.13.3.241:9696/v2.0/security-groups?tenant_id=09632ff478b04ac79173833089888371&name=default 0.102s[00m
2020-06-04 14:39:31.696 6037 INFO tempest.lib.common.rest_client [req-ba89f467-2518-456a-b685-9bacab6b320a ] Request (ServerActionsTestJSON:setUpClass): 201 POST http://10.13.3.241:9696/v2.0/floatingips 1.238s[00m
2020-06-04 14:39:31.752 6040 INFO tempest.lib.common.rest_client [req-ec39d9c5-3cf1-4d18-b129-8e2d0796830f ] Request (CredentialsTestJSON:tearDownClass): 204 DELETE http://10.13.3.241:9696/v2.0/security-groups/2743c9ce-16f0-4236-9a89-caa09612064a 0.095s[00m
2020-06-04 14:39:31.871 6040 INFO tempest.lib.common.rest_client [req-f3e2bb7f-e549-404d-b3b0-3ad8f8ad2208 ] Request (CredentialsTestJSON:tearDownClass): 204 DELETE http://10.13.3.212:35357/v3/projects/09632ff478b04ac79173833089888371 0.119s[00m
2020-06-04 14:39:32.005 6037 INFO tempest.lib.common.rest_client [req-714e9d81-e6fc-4cab-8e04-22f9fd65de80 ] Request (ServerActionsTestJSON:setUpClass): 201 POST http://10.13.3.212:5000/v3/auth/tokens 0.304s[00m
2020-06-04 14:39:32.007 6037 INFO tempest.lib.common.fixed_network [-] (ServerActionsTestJSON:setUpClass) Found network {'id': '5af65ea1-d599-4ca6-9b36-7da0a1562f28', 'name': 'tempest-ServerActionsTestJSON-1947247010-network', 'tenant_id': 'cddfedeb72e5414289cd48c81dac15c6', 'admin_state_up': True, 'mtu': 1458, 'status': 'ACTIVE', 'subnets': [], 'shared': False, 'project_id': 'cddfedeb72e5414289cd48c81dac15c6', 'router:external': False, 'provider:network_type': 'gre', 'provider:physical_network': None, 'provider:segmentation_id': 2, 'availability_zone_hints': [], 'is_default': False, 'availability_zones': [], 'ipv4_address_scope': None, 'ipv6_address_scope': None, 'description': '', 'l2_adjacency': True, 'tags': [], 'created_at': '2020-06-04T14:39:25Z', 'updated_at': '2020-06-04T14:39:25Z', 'revision_number': 1} available for tenant[00m
2020-06-04 14:39:32.167 6040 INFO tempest.lib.common.rest_client [req-1abec0d8-85d8-47a7-ac5b-0b7093cef041 ] Request (DomainsTestJSON:setUpClass): 201 POST http://10.13.3.212:5000/v3/auth/tokens 0.293s[00m
2020-06-04 14:39:32.427 6040 INFO tempest.lib.common.rest_client [req-d29328c6-e8e5-4f68-a0a5-84b76c81d845 ] Request (DomainsTestJSON:setUpClass): 201 POST http://10.13.3.212:5000/v3/auth/tokens 0.257s[00m
2020-06-04 14:39:32.453 6040 INFO tempest.lib.common.rest_client [req-4515defb-dd6d-4f4b-92c0-8e4e70ab3c3d ] Request (DomainsTestJSON:setUpClass): 200 GET http://10.13.3.212:35357/v3/domains?name=admin_domain 0.025s[00m
2020-06-04 14:39:32.485 6040 INFO tempest.lib.common.rest_client [req-8eab2f8d-07f9-4635-8864-ab95449c256f ] Request (DomainsTestJSON:setUpClass): 201 POST http://10.13.3.212:35357/v3/projects 0.031s[00m
2020-06-04 14:39:32.549 6037 INFO tempest.lib.common.rest_client [req-d3186685-984f-4013-a926-b7e5268acf4f ] Request (ServerActionsTestJSON:setUpClass): 202 POST http://10.13.3.195:8774/v2.1/servers 0.537s[00m
2020-06-04 14:39:32.623 6037 INFO tempest.lib.common.rest_client [req-a6524833-6257-41e2-86dc-e14482101ae8 ] Request (ServerActionsTestJSON:setUpClass): 200 GET http://10.13.3.195:8774/v2.1/servers/9b16ccb2-2129-4d45-9b05-2130a79553e4 0.071s[00m
2020-06-04 14:39:32.744 6040 INFO tempest.lib.common.rest_client [req-0978c025-6d63-465b-b781-3cf08cc2d295 ] Request (DomainsTestJSON:setUpClass): 201 POST http://10.13.3.212:35357/v3/users 0.259s[00m
2020-06-04 14:39:32.769 6040 INFO tempest.lib.common.rest_client [req-3cdf52e3-87da-4734-90c6-7d0a8ead21e6 ] Request (DomainsTestJSON:setUpClass): 200 GET http://10.13.3.212:35357/v3/roles 0.024s[00m
2020-06-04 14:39:32.790 6040 INFO tempest.lib.common.rest_client [req-35e9cffd-9bbd-4bf3-99f4-81fc1f53b3f1 ] Request (DomainsTestJSON:setUpClass): 200 GET http://10.13.3.212:35357/v3/roles 0.019s[00m
2020-06-04 14:39:32.829 6040 INFO tempest.lib.common.rest_client [req-77f3fb75-6c2e-47d8-b18f-ee045cb24173 ] Request (DomainsTestJSON:setUpClass): 204 PUT http://10.13.3.212:35357/v3/projects/52c797ed5fb4470c855c5673a4d9bcea/users/fb50fafbcb654908bc1aa596870da9d3/roles/1bf9b326490849fd937b7ebe631bbad1 0.039s[00m
2020-06-04 14:39:32.829 6040 INFO tempest.lib.common.dynamic_creds [-] Acquired dynamic creds:
 credentials: Credentials: {'domain_id': 'b934c5ba7806401da48e386d47bda1d9', 'domain_name': 'admin_domain', 'username': 'tempest-DomainsTestJSON-258991019', 'project_domain_id': 'b934c5ba7806401da48e386d47bda1d9', 'project_domain_name': 'admin_domain', 'project_id': '52c797ed5fb4470c855c5673a4d9bcea', 'project_name': 'tempest-DomainsTestJSON-258991019', 'tenant_id': '52c797ed5fb4470c855c5673a4d9bcea', 'tenant_name': 'tempest-DomainsTestJSON-258991019', 'user_domain_id': 'b934c5ba7806401da48e386d47bda1d9', 'user_domain_name': 'admin_domain', 'user_id': 'fb50fafbcb654908bc1aa596870da9d3'}, Network: None, Subnet: None, Router: None[00m
2020-06-04 14:39:32.830 6040 INFO tempest.lib.common.dynamic_creds [-] Created isolated network resources for:
 credentials: Credentials: {'domain_id': 'b934c5ba7806401da48e386d47bda1d9', 'domain_name': 'admin_domain', 'username': 'tempest-DomainsTestJSON-258991019', 'project_domain_id': 'b934c5ba7806401da48e386d47bda1d9', 'project_domain_name': 'admin_domain', 'project_id': '52c797ed5fb4470c855c5673a4d9bcea', 'project_name': 'tempest-DomainsTestJSON-258991019', 'tenant_id': '52c797ed5fb4470c855c5673a4d9bcea', 'tenant_name': 'tempest-DomainsTestJSON-258991019', 'user_domain_id': 'b934c5ba7806401da48e386d47bda1d9', 'user_domain_name': 'admin_domain', 'user_id': 'fb50fafbcb654908bc1aa596870da9d3'}, Network: None, Subnet: None, Router: None[00m
2020-06-04 14:39:33.117 6040 INFO tempest.lib.common.rest_client [req-ecf58777-c02f-4f84-bf1d-336e82a129af ] Request (DomainsTestJSON:setUpClass): 201 POST http://10.13.3.212:5000/v3/auth/tokens 0.284s[00m
2020-06-04 14:39:33.169 6040 INFO tempest.lib.common.rest_client [req-3eb92dae-5a13-43cf-8911-bd1d4701a80e ] Request (DomainsTestJSON:setUpClass): 201 POST http://10.13.3.212:35357/v3/projects 0.050s[00m
2020-06-04 14:39:33.429 6040 INFO tempest.lib.common.rest_client [req-09091cd7-07d4-4c29-a61a-40c089e4802e ] Request (DomainsTestJSON:setUpClass): 201 POST http://10.13.3.212:35357/v3/users 0.260s[00m
2020-06-04 14:39:33.454 6040 INFO tempest.lib.common.rest_client [req-49d6814e-a0aa-4aaf-888b-ec478f7ed0e3 ] Request (DomainsTestJSON:setUpClass): 200 GET http://10.13.3.212:35357/v3/roles 0.022s[00m
2020-06-04 14:39:33.490 6040 INFO tempest.lib.common.rest_client [req-bafcb860-5f28-4d12-b8f7-d0316f51a0a0 ] Request (DomainsTestJSON:setUpClass): 204 PUT http://10.13.3.212:35357/v3/projects/c5901e42f3e14009acb83e98c8b74804/users/6ed3829a22794f3aa8426957bf60f948/roles/9f50e28b456f454da14886f92cf258ba 0.034s[00m
2020-06-04 14:39:33.530 6040 INFO tempest.lib.common.rest_client [req-467dd239-09d8-4b8f-893d-3f0db8a0eb44 ] Request (DomainsTestJSON:setUpClass): 200 GET http://10.13.3.212:35357/v3/roles 0.037s[00m
2020-06-04 14:39:33.556 6040 INFO tempest.lib.common.rest_client [req-9d856f5a-0f23-43de-80dc-0b311c640180 ] Request (DomainsTestJSON:setUpClass): 204 PUT http://10.13.3.212:35357/v3/domains/b934c5ba7806401da48e386d47bda1d9/users/6ed3829a22794f3aa8426957bf60f948/roles/9f50e28b456f454da14886f92cf258ba 0.023s[00m
2020-06-04 14:39:33.558 6040 INFO tempest.lib.common.dynamic_creds [-] Acquired dynamic creds:
 credentials: Credentials: {'domain_id': 'b934c5ba7806401da48e386d47bda1d9', 'domain_name': 'admin_domain', 'username': 'tempest-DomainsTestJSON-863711832', 'project_domain_id': 'b934c5ba7806401da48e386d47bda1d9', 'project_domain_name': 'admin_domain', 'project_id': 'c5901e42f3e14009acb83e98c8b74804', 'project_name': 'tempest-DomainsTestJSON-863711832', 'tenant_id': 'c5901e42f3e14009acb83e98c8b74804', 'tenant_name': 'tempest-DomainsTestJSON-863711832', 'user_domain_id': 'b934c5ba7806401da48e386d47bda1d9', 'user_domain_name': 'admin_domain', 'user_id': '6ed3829a22794f3aa8426957bf60f948'}, Network: None, Subnet: None, Router: None[00m
2020-06-04 14:39:33.559 6040 INFO tempest.lib.common.dynamic_creds [-] Created isolated network resources for:
 credentials: Credentials: {'domain_id': 'b934c5ba7806401da48e386d47bda1d9', 'domain_name': 'admin_domain', 'username': 'tempest-DomainsTestJSON-863711832', 'project_domain_id': 'b934c5ba7806401da48e386d47bda1d9', 'project_domain_name': 'admin_domain', 'project_id': 'c5901e42f3e14009acb83e98c8b74804', 'project_name': 'tempest-DomainsTestJSON-863711832', 'tenant_id': 'c5901e42f3e14009acb83e98c8b74804', 'tenant_name': 'tempest-DomainsTestJSON-863711832', 'user_domain_id': 'b934c5ba7806401da48e386d47bda1d9', 'user_domain_name': 'admin_domain', 'user_id': '6ed3829a22794f3aa8426957bf60f948'}, Network: None, Subnet: None, Router: None[00m
2020-06-04 14:39:33.848 6040 INFO tempest.lib.common.rest_client [req-40c6261b-8226-4523-91a3-ce47c3e99448 ] Request (DomainsTestJSON:setUpClass): 201 POST http://10.13.3.212:5000/v3/auth/tokens 0.284s[00m
2020-06-04 14:39:34.065 6037 INFO tempest.lib.common.rest_client [req-3ca6657c-fac4-4f2e-a29d-0a2c034cc009 ] Request (ServerActionsTestJSON:setUpClass): 200 GET http://10.13.3.195:8774/v2.1/servers/9b16ccb2-2129-4d45-9b05-2130a79553e4 0.435s[00m
2020-06-04 14:39:34.069 6037 INFO tempest.common.waiters [-] State transition "BUILD/scheduling" ==> "BUILD/spawning" after 2 second wait[00m
2020-06-04 14:39:34.108 6040 INFO tempest.lib.common.rest_client [req-9c94ad08-b5af-4eb5-b4c2-3119e99e2cf1 ] Request (DomainsTestJSON:setUpClass): 201 POST http://10.13.3.212:5000/v3/auth/tokens 0.259s[00m
2020-06-04 14:39:34.135 6040 INFO tempest.lib.common.rest_client [req-da4e5c83-a74b-4147-8323-42e12c7ce8b2 ] Request (DomainsTestJSON:setUpClass): 201 POST http://10.13.3.212:35357/v3/domains 0.026s[00m
2020-06-04 14:39:34.177 6040 INFO tempest.lib.common.rest_client [req-f87fd247-1b36-4ce6-89a5-cc486076ae07 ] Request (DomainsTestJSON:setUpClass): 201 POST http://10.13.3.212:35357/v3/domains 0.041s[00m
2020-06-04 14:39:34.220 6040 INFO tempest.lib.common.rest_client [req-8f16c147-5950-4976-aff6-cdcf40b88f01 ] Request (DomainsTestJSON:setUpClass): 201 POST http://10.13.3.212:35357/v3/domains 0.043s[00m
2020-06-04 14:39:34.264 6040 INFO tempest.lib.common.rest_client [req-3d4dcc91-2ea7-4073-a931-99454fdf598f ] Request (DomainsTestJSON:test_create_update_delete_domain): 201 POST http://10.13.3.212:35357/v3/domains 0.042s[00m
2020-06-04 14:39:34.332 6040 INFO tempest.lib.common.rest_client [req-423a31c2-b132-43f8-a25e-d95e129146ef ] Request (DomainsTestJSON:test_create_update_delete_domain): 200 PATCH http://10.13.3.212:35357/v3/domains/d1d93df1130948b8bed7443ed1f6eeb5 0.068s[00m
2020-06-04 14:39:34.375 6040 INFO tempest.lib.common.rest_client [req-218a4e37-68cf-4fb4-8f3b-45bddbfcacfa ] Request (DomainsTestJSON:test_create_update_delete_domain): 200 GET http://10.13.3.212:35357/v3/domains/d1d93df1130948b8bed7443ed1f6eeb5 0.042s[00m
2020-06-04 14:39:34.465 6040 INFO tempest.lib.common.rest_client [req-c2cb617c-fbf6-4ac0-8f48-1d826f8106c2 ] Request (DomainsTestJSON:test_create_update_delete_domain): 204 DELETE http://10.13.3.212:35357/v3/domains/d1d93df1130948b8bed7443ed1f6eeb5 0.089s[00m
2020-06-04 14:39:34.509 6040 INFO tempest.lib.common.rest_client [req-e5b2f52a-16bc-44d2-b736-bde71a5471a2 ] Request (DomainsTestJSON:test_create_update_delete_domain): 200 GET http://10.13.3.212:35357/v3/domains 0.043s[00m
2020-06-04 14:39:34.533 6040 INFO tempest.lib.common.rest_client [req-54aa30d5-166d-4ab1-a156-309b8c894fd6 ] Request (DomainsTestJSON:_run_cleanups): 404 PATCH http://10.13.3.212:35357/v3/domains/d1d93df1130948b8bed7443ed1f6eeb5 0.023s[00m
{1} tempest.api.identity.admin.v3.test_domains.DomainsTestJSON.test_create_update_delete_domain [0.312598s] ... ok
2020-06-04 14:39:34.581 6040 INFO tempest.lib.common.rest_client [req-ed8963d5-cc5c-4729-9865-fb64c0fbcca0 ] Request (DomainsTestJSON:tearDownClass): 200 PATCH http://10.13.3.212:35357/v3/domains/7986491922124be8bfb773072aeed407 0.047s[00m
2020-06-04 14:39:34.673 6040 INFO tempest.lib.common.rest_client [req-f33bbf0d-2198-4a0a-85c7-a93508a95d5d ] Request (DomainsTestJSON:tearDownClass): 204 DELETE http://10.13.3.212:35357/v3/domains/7986491922124be8bfb773072aeed407 0.092s[00m
2020-06-04 14:39:34.743 6040 INFO tempest.lib.common.rest_client [req-5f152ccd-e9e4-4e1c-b673-6e62e22382c1 ] Request (DomainsTestJSON:tearDownClass): 200 PATCH http://10.13.3.212:35357/v3/domains/3d0efca421e3486985ce922af3474acd 0.069s[00m
2020-06-04 14:39:34.854 6040 INFO tempest.lib.common.rest_client [req-52673119-f9a5-4b44-b661-95540c63abd5 ] Request (DomainsTestJSON:tearDownClass): 204 DELETE http://10.13.3.212:35357/v3/domains/3d0efca421e3486985ce922af3474acd 0.110s[00m
2020-06-04 14:39:34.924 6040 INFO tempest.lib.common.rest_client [req-5c4893f4-f1fe-464c-9a46-b34f66d7d1c0 ] Request (DomainsTestJSON:tearDownClass): 200 PATCH http://10.13.3.212:35357/v3/domains/78ddf236793148a487d90253dab9a52b 0.069s[00m
2020-06-04 14:39:35.033 6040 INFO tempest.lib.common.rest_client [req-0bcc4f23-c04a-4938-8e3f-8377f62694a3 ] Request (DomainsTestJSON:tearDownClass): 204 DELETE http://10.13.3.212:35357/v3/domains/78ddf236793148a487d90253dab9a52b 0.109s[00m
