2020-06-04 14:41:01.737 6037 INFO tempest.lib.common.rest_client [req-2723df90-3170-4a59-9eee-1e7947ff1ead ] Request (RegionsTestJSON:setUpClass): 201 POST http://10.13.3.212:5000/v3/auth/tokens 0.302s[00m
2020-06-04 14:41:01.744 6040 INFO tempest.lib.common.rest_client [req-7ee814c4-1c8b-4340-a4c0-009152e8dcd1 ] Request (VolumesListTestJSON:setUpClass): 200 GET http://10.13.3.192:8776/v3/0f2c1b57e6bb45059fc5544f99530c02/volumes/f7a3bbe3-9f67-4c0a-8144-9cfbf43fa3b3 0.054s[00m
2020-06-04 14:41:01.798 6037 INFO tempest.lib.common.rest_client [req-d96c9cf2-1b5c-41b1-848b-71564039f13e ] Request (RegionsTestJSON:setUpClass): 201 POST http://10.13.3.212:35357/v3/projects 0.059s[00m
2020-06-04 14:41:01.916 6040 INFO tempest.lib.common.rest_client [req-24074fd6-147b-4937-acc6-9bd6354ef765 ] Request (VolumesListTestJSON:setUpClass): 202 POST http://10.13.3.192:8776/v3/0f2c1b57e6bb45059fc5544f99530c02/volumes 0.170s[00m
2020-06-04 14:41:01.974 6040 INFO tempest.lib.common.rest_client [req-52c5bfa4-71f7-47ab-b06f-e948a8c3b123 ] Request (VolumesListTestJSON:setUpClass): 200 GET http://10.13.3.192:8776/v3/0f2c1b57e6bb45059fc5544f99530c02/volumes/c3145f9d-7d32-4dba-8862-dc244e64f668 0.057s[00m
2020-06-04 14:41:02.062 6037 INFO tempest.lib.common.rest_client [req-646a40ec-47a2-43e5-a5db-4bf57428d28b ] Request (RegionsTestJSON:setUpClass): 201 POST http://10.13.3.212:35357/v3/users 0.263s[00m
2020-06-04 14:41:02.085 6037 INFO tempest.lib.common.rest_client [req-cc352f87-9699-4b8c-8276-e3757a2a180c ] Request (RegionsTestJSON:setUpClass): 200 GET http://10.13.3.212:35357/v3/roles 0.022s[00m
2020-06-04 14:41:02.128 6037 INFO tempest.lib.common.rest_client [req-fe2afef7-a223-48b3-adc4-e87b3046100e ] Request (RegionsTestJSON:setUpClass): 204 PUT http://10.13.3.212:35357/v3/projects/6972057286024cce86b27b51b7d9b10e/users/c3840022667c490b9731aebfc8a71101/roles/9f50e28b456f454da14886f92cf258ba 0.043s[00m
2020-06-04 14:41:02.170 6037 INFO tempest.lib.common.rest_client [req-813b0f73-ed64-42e5-8ce6-6dc4a4bdd32d ] Request (RegionsTestJSON:setUpClass): 200 GET http://10.13.3.212:35357/v3/roles 0.041s[00m
2020-06-04 14:41:02.195 6037 INFO tempest.lib.common.rest_client [req-ef7da37f-7f35-4ffa-b37f-4a3b1a251748 ] Request (RegionsTestJSON:setUpClass): 204 PUT http://10.13.3.212:35357/v3/domains/b934c5ba7806401da48e386d47bda1d9/users/c3840022667c490b9731aebfc8a71101/roles/9f50e28b456f454da14886f92cf258ba 0.025s[00m
2020-06-04 14:41:02.196 6037 INFO tempest.lib.common.dynamic_creds [-] Acquired dynamic creds:
 credentials: Credentials: {'domain_id': 'b934c5ba7806401da48e386d47bda1d9', 'domain_name': 'admin_domain', 'username': 'tempest-RegionsTestJSON-102333438', 'project_domain_id': 'b934c5ba7806401da48e386d47bda1d9', 'project_domain_name': 'admin_domain', 'project_id': '6972057286024cce86b27b51b7d9b10e', 'project_name': 'tempest-RegionsTestJSON-102333438', 'tenant_id': '6972057286024cce86b27b51b7d9b10e', 'tenant_name': 'tempest-RegionsTestJSON-102333438', 'user_domain_id': 'b934c5ba7806401da48e386d47bda1d9', 'user_domain_name': 'admin_domain', 'user_id': 'c3840022667c490b9731aebfc8a71101'}, Network: None, Subnet: None, Router: None[00m
2020-06-04 14:41:02.196 6037 INFO tempest.lib.common.dynamic_creds [-] Created isolated network resources for:
 credentials: Credentials: {'domain_id': 'b934c5ba7806401da48e386d47bda1d9', 'domain_name': 'admin_domain', 'username': 'tempest-RegionsTestJSON-102333438', 'project_domain_id': 'b934c5ba7806401da48e386d47bda1d9', 'project_domain_name': 'admin_domain', 'project_id': '6972057286024cce86b27b51b7d9b10e', 'project_name': 'tempest-RegionsTestJSON-102333438', 'tenant_id': '6972057286024cce86b27b51b7d9b10e', 'tenant_name': 'tempest-RegionsTestJSON-102333438', 'user_domain_id': 'b934c5ba7806401da48e386d47bda1d9', 'user_domain_name': 'admin_domain', 'user_id': 'c3840022667c490b9731aebfc8a71101'}, Network: None, Subnet: None, Router: None[00m
2020-06-04 14:41:02.487 6037 INFO tempest.lib.common.rest_client [req-cd063446-f684-4bc5-ac7c-d235d93f2f62 ] Request (RegionsTestJSON:setUpClass): 201 POST http://10.13.3.212:5000/v3/auth/tokens 0.287s[00m
2020-06-04 14:41:02.748 6037 INFO tempest.lib.common.rest_client [req-8726c113-e317-4f99-ab43-33f19bab9568 ] Request (RegionsTestJSON:setUpClass): 201 POST http://10.13.3.212:5000/v3/auth/tokens 0.260s[00m
2020-06-04 14:41:02.776 6037 INFO tempest.lib.common.rest_client [req-ac8ada8e-33ba-4b7d-86f3-b577fae2eb8d ] Request (RegionsTestJSON:setUpClass): 201 POST http://10.13.3.212:35357/v3/regions 0.027s[00m
2020-06-04 14:41:02.807 6037 INFO tempest.lib.common.rest_client [req-d50491b7-59ed-4e38-8a0e-ab236170076f ] Request (RegionsTestJSON:setUpClass): 201 POST http://10.13.3.212:35357/v3/regions 0.031s[00m
2020-06-04 14:41:02.837 6037 INFO tempest.lib.common.rest_client [req-54b85c92-d037-474b-9252-478f706ace80 ] Request (RegionsTestJSON:test_create_region_with_specific_id): 201 PUT http://10.13.3.212:35357/v3/regions/e7435974-e8c3-41fc-bfa2-fd858bddfe3d 0.028s[00m
2020-06-04 14:41:02.867 6037 INFO tempest.lib.common.rest_client [req-847e82b9-f5f4-4d68-a0ff-a540e6211625 ] Request (RegionsTestJSON:_run_cleanups): 204 DELETE http://10.13.3.212:35357/v3/regions/e7435974-e8c3-41fc-bfa2-fd858bddfe3d 0.030s[00m
{0} tempest.api.identity.admin.v3.test_regions.RegionsTestJSON.test_create_region_with_specific_id [0.060355s] ... ok
2020-06-04 14:41:02.899 6037 INFO tempest.lib.common.rest_client [req-a0cb445c-fa7a-4e06-9ac0-cecfdeb4d659 ] Request (RegionsTestJSON:tearDownClass): 204 DELETE http://10.13.3.212:35357/v3/regions/915c10fa62854dbbb2f84019e7f157f7 0.030s[00m
2020-06-04 14:41:02.937 6037 INFO tempest.lib.common.rest_client [req-9d8d0766-0638-471d-b40b-7ebf8949ca7c ] Request (RegionsTestJSON:tearDownClass): 204 DELETE http://10.13.3.212:35357/v3/regions/93019349ea3b45a48d074b5b2f43409b 0.038s[00m
2020-06-04 14:41:03.024 6040 INFO tempest.lib.common.rest_client [req-5dd449f6-29ae-4d38-9f83-3b823c092fbb ] Request (VolumesListTestJSON:setUpClass): 200 GET http://10.13.3.192:8776/v3/0f2c1b57e6bb45059fc5544f99530c02/volumes/c3145f9d-7d32-4dba-8862-dc244e64f668 0.046s[00m
2020-06-04 14:41:03.024 6040 INFO tempest.common.waiters [-] volume c3145f9d-7d32-4dba-8862-dc244e64f668 reached available after waiting for 2.024517 seconds[00m
2020-06-04 14:41:03.033 6037 INFO tempest.lib.common.rest_client [req-73dd3ae8-d0bf-4958-a40f-9e2c2462fedb ] Request (RegionsTestJSON:tearDownClass): 204 DELETE http://10.13.3.212:35357/v3/users/f164a2f46ddc4cc2adb7cd40772d3bfb 0.096s[00m
2020-06-04 14:41:03.070 6040 INFO tempest.lib.common.rest_client [req-372c825f-9e0c-49c7-94e1-d850fe1e11b0 ] Request (VolumesListTestJSON:setUpClass): 200 GET http://10.13.3.192:8776/v3/0f2c1b57e6bb45059fc5544f99530c02/volumes/c3145f9d-7d32-4dba-8862-dc244e64f668 0.045s[00m
2020-06-04 14:41:03.105 6040 INFO tempest.lib.common.rest_client [req-06ec6c3e-1c96-4279-8cec-efca83bb6d2e ] Request (VolumesListTestJSON:test_volume_list): 200 GET http://10.13.3.192:8776/v3/0f2c1b57e6bb45059fc5544f99530c02/volumes 0.034s[00m
{1} tempest.api.volume.test_volumes_list.VolumesListTestJSON.test_volume_list [0.035319s] ... ok
2020-06-04 14:41:03.151 6040 INFO tempest.lib.common.rest_client [req-aa833fc1-fc3a-4268-98dc-70fbbf77b0d3 ] Request (VolumesListTestJSON:tearDownClass): 202 DELETE http://10.13.3.192:8776/v3/0f2c1b57e6bb45059fc5544f99530c02/volumes/c3145f9d-7d32-4dba-8862-dc244e64f668 0.043s[00m
2020-06-04 14:41:03.212 6040 INFO tempest.lib.common.rest_client [req-cdb276e6-b156-43d1-ba5d-4d2ef650c799 ] Request (VolumesListTestJSON:tearDownClass): 200 GET http://10.13.3.192:8776/v3/0f2c1b57e6bb45059fc5544f99530c02/volumes/c3145f9d-7d32-4dba-8862-dc244e64f668 0.059s[00m
2020-06-04 14:41:03.316 6037 INFO tempest.lib.common.rest_client [req-0c0779e2-8f9f-430e-b4eb-6c71daaa56d6 ] Request (RegionsTestJSON:tearDownClass): 201 POST http://10.13.3.212:5000/v3/auth/tokens 0.282s[00m
2020-06-04 14:41:03.664 6037 INFO tempest.lib.common.rest_client [req-00b01456-db08-471d-b018-4c32bd7607f9 ] Request (RegionsTestJSON:tearDownClass): 200 GET http://10.13.3.241:9696/v2.0/security-groups?tenant_id=3976a4c523c443efa7a677bd95664cb0&name=default 0.347s[00m
2020-06-04 14:41:03.751 6037 INFO tempest.lib.common.rest_client [req-37249443-afa2-42d6-8e4d-35c6104b17ed ] Request (RegionsTestJSON:tearDownClass): 204 DELETE http://10.13.3.241:9696/v2.0/security-groups/760e7fee-8b2d-49af-9f4f-fec1ed3af805 0.086s[00m
2020-06-04 14:41:03.833 6037 INFO tempest.lib.common.rest_client [req-e5efdc3d-70c7-494c-af41-faa4037a8d19 ] Request (RegionsTestJSON:tearDownClass): 204 DELETE http://10.13.3.212:35357/v3/projects/3976a4c523c443efa7a677bd95664cb0 0.081s[00m
2020-06-04 14:41:03.941 6037 INFO tempest.lib.common.rest_client [req-d95933d9-47c6-4248-847e-451832bac0c7 ] Request (RegionsTestJSON:tearDownClass): 204 DELETE http://10.13.3.212:35357/v3/users/c3840022667c490b9731aebfc8a71101 0.107s[00m
2020-06-04 14:41:04.036 6037 INFO tempest.lib.common.rest_client [req-3e7334e3-cfdc-410b-990b-0582322f2db6 ] Request (RegionsTestJSON:tearDownClass): 200 GET http://10.13.3.241:9696/v2.0/security-groups?tenant_id=6972057286024cce86b27b51b7d9b10e&name=default 0.095s[00m
2020-06-04 14:41:04.125 6037 INFO tempest.lib.common.rest_client [req-442a31df-c078-4d0a-a473-b855057871b6 ] Request (RegionsTestJSON:tearDownClass): 204 DELETE http://10.13.3.241:9696/v2.0/security-groups/2d5ec940-c049-461f-8f89-4ffdba46b158 0.088s[00m
2020-06-04 14:41:04.217 6037 INFO tempest.lib.common.rest_client [req-a30896f1-e575-46aa-b6c6-68327218b274 ] Request (RegionsTestJSON:tearDownClass): 204 DELETE http://10.13.3.212:35357/v3/projects/6972057286024cce86b27b51b7d9b10e 0.091s[00m
2020-06-04 14:41:04.245 6040 INFO tempest.lib.common.rest_client [req-e9889485-d663-4db4-a3ad-42f0e8389147 ] Request (VolumesListTestJSON:tearDownClass): 404 GET http://10.13.3.192:8776/v3/0f2c1b57e6bb45059fc5544f99530c02/volumes/c3145f9d-7d32-4dba-8862-dc244e64f668 0.031s[00m
2020-06-04 14:41:04.291 6040 INFO tempest.lib.common.rest_client [req-c5812427-2cfb-45d4-ae1b-0aaf0d16b66e ] Request (VolumesListTestJSON:tearDownClass): 202 DELETE http://10.13.3.192:8776/v3/0f2c1b57e6bb45059fc5544f99530c02/volumes/f7a3bbe3-9f67-4c0a-8144-9cfbf43fa3b3 0.046s[00m
2020-06-04 14:41:04.351 6040 INFO tempest.lib.common.rest_client [req-49c5ecc9-4582-46f5-a900-daac4d7d78c3 ] Request (VolumesListTestJSON:tearDownClass): 200 GET http://10.13.3.192:8776/v3/0f2c1b57e6bb45059fc5544f99530c02/volumes/f7a3bbe3-9f67-4c0a-8144-9cfbf43fa3b3 0.060s[00m
2020-06-04 14:41:04.489 6037 INFO tempest.lib.common.rest_client [req-bdd69bf0-2de7-468b-b7f3-ae2f66164ed9 ] Request (ServicesTestJSON:setUpClass): 201 POST http://10.13.3.212:5000/v3/auth/tokens 0.270s[00m
2020-06-04 14:41:04.744 6037 INFO tempest.lib.common.rest_client [req-27d9c36d-71f2-4c92-bd8d-c9cd855e50d7 ] Request (ServicesTestJSON:setUpClass): 201 POST http://10.13.3.212:5000/v3/auth/tokens 0.252s[00m
2020-06-04 14:41:04.769 6037 INFO tempest.lib.common.rest_client [req-f73d633a-6cfc-4307-aa57-2916e8e6b361 ] Request (ServicesTestJSON:setUpClass): 200 GET http://10.13.3.212:35357/v3/domains?name=admin_domain 0.024s[00m
2020-06-04 14:41:04.799 6037 INFO tempest.lib.common.rest_client [req-084bf708-0479-4b20-9614-e5341c6ba592 ] Request (ServicesTestJSON:setUpClass): 201 POST http://10.13.3.212:35357/v3/projects 0.029s[00m
2020-06-04 14:41:05.053 6037 INFO tempest.lib.common.rest_client [req-e5201122-907f-49a4-a5f0-c1b137248ff9 ] Request (ServicesTestJSON:setUpClass): 201 POST http://10.13.3.212:35357/v3/users 0.253s[00m
2020-06-04 14:41:05.077 6037 INFO tempest.lib.common.rest_client [req-6d5e9d27-0438-4ddd-9642-e48251cd9723 ] Request (ServicesTestJSON:setUpClass): 200 GET http://10.13.3.212:35357/v3/roles 0.024s[00m
2020-06-04 14:41:05.102 6037 INFO tempest.lib.common.rest_client [req-cb91487c-480d-43f4-8ce8-73eef45efa27 ] Request (ServicesTestJSON:setUpClass): 200 GET http://10.13.3.212:35357/v3/roles 0.021s[00m
2020-06-04 14:41:05.137 6037 INFO tempest.lib.common.rest_client [req-0894e36d-f1d3-4aa0-8720-a1beaafaf42c ] Request (ServicesTestJSON:setUpClass): 204 PUT http://10.13.3.212:35357/v3/projects/e1d8c2528dcf44a78c60621fb62d92ac/users/8e88a6c4185747799e52e5765c1415c4/roles/1bf9b326490849fd937b7ebe631bbad1 0.034s[00m
2020-06-04 14:41:05.138 6037 INFO tempest.lib.common.dynamic_creds [-] Acquired dynamic creds:
 credentials: Credentials: {'domain_id': 'b934c5ba7806401da48e386d47bda1d9', 'domain_name': 'admin_domain', 'username': 'tempest-ServicesTestJSON-1566880372', 'project_domain_id': 'b934c5ba7806401da48e386d47bda1d9', 'project_domain_name': 'admin_domain', 'project_id': 'e1d8c2528dcf44a78c60621fb62d92ac', 'project_name': 'tempest-ServicesTestJSON-1566880372', 'tenant_id': 'e1d8c2528dcf44a78c60621fb62d92ac', 'tenant_name': 'tempest-ServicesTestJSON-1566880372', 'user_domain_id': 'b934c5ba7806401da48e386d47bda1d9', 'user_domain_name': 'admin_domain', 'user_id': '8e88a6c4185747799e52e5765c1415c4'}, Network: None, Subnet: None, Router: None[00m
2020-06-04 14:41:05.138 6037 INFO tempest.lib.common.dynamic_creds [-] Created isolated network resources for:
 credentials: Credentials: {'domain_id': 'b934c5ba7806401da48e386d47bda1d9', 'domain_name': 'admin_domain', 'username': 'tempest-ServicesTestJSON-1566880372', 'project_domain_id': 'b934c5ba7806401da48e386d47bda1d9', 'project_domain_name': 'admin_domain', 'project_id': 'e1d8c2528dcf44a78c60621fb62d92ac', 'project_name': 'tempest-ServicesTestJSON-1566880372', 'tenant_id': 'e1d8c2528dcf44a78c60621fb62d92ac', 'tenant_name': 'tempest-ServicesTestJSON-1566880372', 'user_domain_id': 'b934c5ba7806401da48e386d47bda1d9', 'user_domain_name': 'admin_domain', 'user_id': '8e88a6c4185747799e52e5765c1415c4'}, Network: None, Subnet: None, Router: None[00m
2020-06-04 14:41:05.426 6037 INFO tempest.lib.common.rest_client [req-23464328-0037-4f64-a2d6-297bc7a6056d ] Request (ServicesTestJSON:setUpClass): 201 POST http://10.13.3.212:5000/v3/auth/tokens 0.284s[00m
2020-06-04 14:41:05.465 6040 INFO tempest.lib.common.rest_client [req-cb702782-27d4-47d2-a8d6-2ca0a2f5e91e ] Request (VolumesListTestJSON:tearDownClass): 404 GET http://10.13.3.192:8776/v3/0f2c1b57e6bb45059fc5544f99530c02/volumes/f7a3bbe3-9f67-4c0a-8144-9cfbf43fa3b3 0.109s[00m
2020-06-04 14:41:05.500 6037 INFO tempest.lib.common.rest_client [req-5928ec8c-9d0e-407b-a595-e14111745e50 ] Request (ServicesTestJSON:setUpClass): 201 POST http://10.13.3.212:35357/v3/projects 0.072s[00m
2020-06-04 14:41:05.510 6040 INFO tempest.lib.common.rest_client [req-8c9f0c1a-4340-4d21-9e74-54b90e896d88 ] Request (VolumesListTestJSON:tearDownClass): 202 DELETE http://10.13.3.192:8776/v3/0f2c1b57e6bb45059fc5544f99530c02/volumes/9c93e5cb-bf4c-4bbc-923c-02c693ab0acb 0.044s[00m
2020-06-04 14:41:05.561 6040 INFO tempest.lib.common.rest_client [req-3f35dd93-ab41-419f-b52f-f011c39bd712 ] Request (VolumesListTestJSON:tearDownClass): 200 GET http://10.13.3.192:8776/v3/0f2c1b57e6bb45059fc5544f99530c02/volumes/9c93e5cb-bf4c-4bbc-923c-02c693ab0acb 0.051s[00m
2020-06-04 14:41:05.755 6037 INFO tempest.lib.common.rest_client [req-e68a9a17-b0c5-4662-95b5-19fdbe4d6f8f ] Request (ServicesTestJSON:setUpClass): 201 POST http://10.13.3.212:35357/v3/users 0.255s[00m
2020-06-04 14:41:05.776 6037 INFO tempest.lib.common.rest_client [req-99c4d3ed-bc32-4962-a849-2d7c088837aa ] Request (ServicesTestJSON:setUpClass): 200 GET http://10.13.3.212:35357/v3/roles 0.020s[00m
2020-06-04 14:41:05.812 6037 INFO tempest.lib.common.rest_client [req-349f05c1-5e92-4aa0-9dbd-acb72bae6c46 ] Request (ServicesTestJSON:setUpClass): 204 PUT http://10.13.3.212:35357/v3/projects/544ae84a7ad9495b9da53e81c0cda06f/users/14d84a48476d458883ff615d88e98f80/roles/9f50e28b456f454da14886f92cf258ba 0.035s[00m
2020-06-04 14:41:05.856 6037 INFO tempest.lib.common.rest_client [req-438f10c6-2ceb-4aee-a7a2-4a1284c4dcd6 ] Request (ServicesTestJSON:setUpClass): 200 GET http://10.13.3.212:35357/v3/roles 0.042s[00m
2020-06-04 14:41:05.885 6037 INFO tempest.lib.common.rest_client [req-ba0a9694-ca5e-47d2-b301-0e019014c37f ] Request (ServicesTestJSON:setUpClass): 204 PUT http://10.13.3.212:35357/v3/domains/b934c5ba7806401da48e386d47bda1d9/users/14d84a48476d458883ff615d88e98f80/roles/9f50e28b456f454da14886f92cf258ba 0.027s[00m
2020-06-04 14:41:05.885 6037 INFO tempest.lib.common.dynamic_creds [-] Acquired dynamic creds:
 credentials: Credentials: {'domain_id': 'b934c5ba7806401da48e386d47bda1d9', 'domain_name': 'admin_domain', 'username': 'tempest-ServicesTestJSON-329610108', 'project_domain_id': 'b934c5ba7806401da48e386d47bda1d9', 'project_domain_name': 'admin_domain', 'project_id': '544ae84a7ad9495b9da53e81c0cda06f', 'project_name': 'tempest-ServicesTestJSON-329610108', 'tenant_id': '544ae84a7ad9495b9da53e81c0cda06f', 'tenant_name': 'tempest-ServicesTestJSON-329610108', 'user_domain_id': 'b934c5ba7806401da48e386d47bda1d9', 'user_domain_name': 'admin_domain', 'user_id': '14d84a48476d458883ff615d88e98f80'}, Network: None, Subnet: None, Router: None[00m
2020-06-04 14:41:05.886 6037 INFO tempest.lib.common.dynamic_creds [-] Created isolated network resources for:
 credentials: Credentials: {'domain_id': 'b934c5ba7806401da48e386d47bda1d9', 'domain_name': 'admin_domain', 'username': 'tempest-ServicesTestJSON-329610108', 'project_domain_id': 'b934c5ba7806401da48e386d47bda1d9', 'project_domain_name': 'admin_domain', 'project_id': '544ae84a7ad9495b9da53e81c0cda06f', 'project_name': 'tempest-ServicesTestJSON-329610108', 'tenant_id': '544ae84a7ad9495b9da53e81c0cda06f', 'tenant_name': 'tempest-ServicesTestJSON-329610108', 'user_domain_id': 'b934c5ba7806401da48e386d47bda1d9', 'user_domain_name': 'admin_domain', 'user_id': '14d84a48476d458883ff615d88e98f80'}, Network: None, Subnet: None, Router: None[00m
2020-06-04 14:41:06.193 6037 INFO tempest.lib.common.rest_client [req-ce17dc18-4fcc-4201-957d-48481f1088c5 ] Request (ServicesTestJSON:setUpClass): 201 POST http://10.13.3.212:5000/v3/auth/tokens 0.287s[00m
2020-06-04 14:41:06.456 6037 INFO tempest.lib.common.rest_client [req-652a78c3-8e5e-4c02-8f21-4f15f3e24297 ] Request (ServicesTestJSON:test_create_update_get_service): 201 POST http://10.13.3.212:5000/v3/auth/tokens 0.262s[00m
2020-06-04 14:41:06.482 6037 INFO tempest.lib.common.rest_client [req-e09ab9d5-c9fc-4be0-ad90-7e20a1ad0443 ] Request (ServicesTestJSON:test_create_update_get_service): 201 POST http://10.13.3.212:35357/v3/services 0.026s[00m
2020-06-04 14:41:06.513 6037 INFO tempest.lib.common.rest_client [req-672ef215-7a91-45e0-a6b2-e59aea684fa4 ] Request (ServicesTestJSON:test_create_update_get_service): 200 PATCH http://10.13.3.212:35357/v3/services/c4d732c8114247ffa7aefdd6d1ada950 0.030s[00m
2020-06-04 14:41:06.538 6037 INFO tempest.lib.common.rest_client [req-b8ade4f2-6d2e-420f-a569-3646fe067cd5 ] Request (ServicesTestJSON:test_create_update_get_service): 200 GET http://10.13.3.212:35357/v3/services/c4d732c8114247ffa7aefdd6d1ada950 0.024s[00m
2020-06-04 14:41:06.565 6037 INFO tempest.lib.common.rest_client [req-5e8f3168-c81e-413f-be3b-e661a9164f69 ] Request (ServicesTestJSON:_run_cleanups): 204 DELETE http://10.13.3.212:35357/v3/services/c4d732c8114247ffa7aefdd6d1ada950 0.027s[00m
2020-06-04 14:41:06.593 6040 INFO tempest.lib.common.rest_client [req-71754a2f-283a-4493-b222-ec01f09933c5 ] Request (VolumesListTestJSON:tearDownClass): 404 GET http://10.13.3.192:8776/v3/0f2c1b57e6bb45059fc5544f99530c02/volumes/9c93e5cb-bf4c-4bbc-923c-02c693ab0acb 0.030s[00m
2020-06-04 14:41:06.595 6037 INFO tempest.lib.common.rest_client [req-a6952c54-b2bd-4a11-bf92-8a8497242d1c ] Request (ServicesTestJSON:_run_cleanups): 404 GET http://10.13.3.212:35357/v3/services/c4d732c8114247ffa7aefdd6d1ada950 0.029s[00m
{0} tempest.api.identity.admin.v3.test_services.ServicesTestJSON.test_create_update_get_service [0.402115s] ... ok
2020-06-04 14:41:06.683 6040 INFO tempest.lib.common.rest_client [req-3dbf0705-2684-46ec-9cd6-b75e0d05fd21 ] Request (VolumesListTestJSON:tearDownClass): 204 DELETE http://10.13.3.212:35357/v3/users/3cc931197db847e4af70d94b6f4710fd 0.089s[00m
2020-06-04 14:41:06.776 6037 INFO tempest.lib.common.rest_client [req-46b3bf77-2b20-4b93-bf5a-61748eae7aed ] Request (ServicesTestJSON:tearDownClass): 204 DELETE http://10.13.3.212:35357/v3/users/8e88a6c4185747799e52e5765c1415c4 0.179s[00m
2020-06-04 14:41:07.005 6040 INFO tempest.lib.common.rest_client [req-a9918492-3944-443b-a170-33ac7857a6e4 ] Request (VolumesListTestJSON:tearDownClass): 201 POST http://10.13.3.212:5000/v3/auth/tokens 0.321s[00m
2020-06-04 14:41:07.040 6037 INFO tempest.lib.common.rest_client [req-14172d09-3520-45e9-b11b-fd515ab76b8b ] Request (ServicesTestJSON:tearDownClass): 201 POST http://10.13.3.212:5000/v3/auth/tokens 0.263s[00m
2020-06-04 14:41:07.230 6040 INFO tempest.lib.common.rest_client [req-335b7ae4-2288-4e15-85df-432ce8ffcb4d ] Request (VolumesListTestJSON:tearDownClass): 200 GET http://10.13.3.241:9696/v2.0/security-groups?tenant_id=0f2c1b57e6bb45059fc5544f99530c02&name=default 0.224s[00m
2020-06-04 14:41:07.264 6037 INFO tempest.lib.common.rest_client [req-e477df7a-c7d7-48a8-abec-d0903dda5eea ] Request (ServicesTestJSON:tearDownClass): 200 GET http://10.13.3.241:9696/v2.0/security-groups?tenant_id=e1d8c2528dcf44a78c60621fb62d92ac&name=default 0.223s[00m
2020-06-04 14:41:07.370 6040 INFO tempest.lib.common.rest_client [req-fd9e4632-74be-4fb2-9f49-2056256d86f6 ] Request (VolumesListTestJSON:tearDownClass): 204 DELETE http://10.13.3.241:9696/v2.0/security-groups/20a0c0ed-9e76-4c25-824b-b705574fa72e 0.139s[00m
2020-06-04 14:41:07.389 6037 INFO tempest.lib.common.rest_client [req-f79c0e45-4a08-4bbf-9ac4-6123ca6b8bf9 ] Request (ServicesTestJSON:tearDownClass): 204 DELETE http://10.13.3.241:9696/v2.0/security-groups/346d8382-246a-4db5-a56b-0aaaee31c939 0.120s[00m
2020-06-04 14:41:07.459 6040 INFO tempest.lib.common.rest_client [req-69e33c39-5407-4bfa-a760-b1a17386d4b1 ] Request (VolumesListTestJSON:tearDownClass): 204 DELETE http://10.13.3.212:35357/v3/projects/0f2c1b57e6bb45059fc5544f99530c02 0.082s[00m
2020-06-04 14:41:07.564 6037 INFO tempest.lib.common.rest_client [req-8d439c70-fa99-4a1a-98fe-1682aad89e1b ] Request (ServicesTestJSON:tearDownClass): 204 DELETE http://10.13.3.212:35357/v3/projects/e1d8c2528dcf44a78c60621fb62d92ac 0.175s[00m
2020-06-04 14:41:07.682 6037 INFO tempest.lib.common.rest_client [req-9b6b8af3-6ef1-4f20-8915-dcd99f7aa4b2 ] Request (ServicesTestJSON:tearDownClass): 204 DELETE http://10.13.3.212:35357/v3/users/14d84a48476d458883ff615d88e98f80 0.117s[00m
2020-06-04 14:41:07.748 6040 INFO tempest.lib.common.rest_client [req-539f9af8-791a-4c63-8f78-6731fd4be9a3 ] Request (TestServerBasicOps:setUpClass): 201 POST http://10.13.3.212:5000/v3/auth/tokens 0.287s[00m
2020-06-04 14:41:07.777 6037 INFO tempest.lib.common.rest_client [req-7c9ee718-6ccc-445b-8052-60851aa5507c ] Request (ServicesTestJSON:tearDownClass): 200 GET http://10.13.3.241:9696/v2.0/security-groups?tenant_id=544ae84a7ad9495b9da53e81c0cda06f&name=default 0.094s[00m
2020-06-04 14:41:07.864 6037 INFO tempest.lib.common.rest_client [req-9aea5a84-c11e-4ff6-8cd3-17d888e9a316 ] Request (ServicesTestJSON:tearDownClass): 204 DELETE http://10.13.3.241:9696/v2.0/security-groups/a9150d96-2c71-45a4-b80c-f739c57b49c8 0.087s[00m
2020-06-04 14:41:07.987 6037 INFO tempest.lib.common.rest_client [req-721d8963-13ac-4ed5-944d-d214fa0ca8a0 ] Request (ServicesTestJSON:tearDownClass): 204 DELETE http://10.13.3.212:35357/v3/projects/544ae84a7ad9495b9da53e81c0cda06f 0.122s[00m
2020-06-04 14:41:08.014 6040 INFO tempest.lib.common.rest_client [req-3c4a7140-0891-4415-afcc-f3d8729e51a4 ] Request (TestServerBasicOps:setUpClass): 201 POST http://10.13.3.212:5000/v3/auth/tokens 0.263s[00m
2020-06-04 14:41:08.045 6040 INFO tempest.lib.common.rest_client [req-1428c37d-87b9-4197-b360-e35aa7a70d44 ] Request (TestServerBasicOps:setUpClass): 200 GET http://10.13.3.212:35357/v3/domains?name=admin_domain 0.031s[00m
2020-06-04 14:41:08.081 6040 INFO tempest.lib.common.rest_client [req-687157aa-cbef-441f-b3f2-8c2944eadee9 ] Request (TestServerBasicOps:setUpClass): 201 POST http://10.13.3.212:35357/v3/projects 0.035s[00m
2020-06-04 14:41:08.273 6037 INFO tempest.lib.common.rest_client [req-3b8f28c9-95b4-4f6e-a951-fe9f841e16fa ] Request (TrustsV3TestJSON:setUpClass): 201 POST http://10.13.3.212:5000/v3/auth/tokens 0.284s[00m
2020-06-04 14:41:08.360 6040 INFO tempest.lib.common.rest_client [req-e1f5e2ba-a8c5-42e6-89f3-844d1781e05b ] Request (TestServerBasicOps:setUpClass): 201 POST http://10.13.3.212:35357/v3/users 0.278s[00m
2020-06-04 14:41:08.381 6040 INFO tempest.lib.common.rest_client [req-dfcf155e-bf71-4019-b316-bd394bb42ee3 ] Request (TestServerBasicOps:setUpClass): 200 GET http://10.13.3.212:35357/v3/roles 0.021s[00m
2020-06-04 14:41:08.410 6040 INFO tempest.lib.common.rest_client [req-54693aa4-7e6d-4638-a530-ca5024ccb94e ] Request (TestServerBasicOps:setUpClass): 200 GET http://10.13.3.212:35357/v3/roles 0.028s[00m
2020-06-04 14:41:08.458 6040 INFO tempest.lib.common.rest_client [req-a20924ae-1cca-4a04-a23c-c91499f1d300 ] Request (TestServerBasicOps:setUpClass): 204 PUT http://10.13.3.212:35357/v3/projects/8994197f12ff4c6abc9314bab26337e6/users/69eb395c2afd407b886d428c44e4d0f1/roles/1bf9b326490849fd937b7ebe631bbad1 0.048s[00m
2020-06-04 14:41:08.459 6040 INFO tempest.lib.common.dynamic_creds [-] Acquired dynamic creds:
 credentials: Credentials: {'domain_id': 'b934c5ba7806401da48e386d47bda1d9', 'domain_name': 'admin_domain', 'username': 'tempest-TestServerBasicOps-810740390', 'project_domain_id': 'b934c5ba7806401da48e386d47bda1d9', 'project_domain_name': 'admin_domain', 'project_id': '8994197f12ff4c6abc9314bab26337e6', 'project_name': 'tempest-TestServerBasicOps-810740390', 'tenant_id': '8994197f12ff4c6abc9314bab26337e6', 'tenant_name': 'tempest-TestServerBasicOps-810740390', 'user_domain_id': 'b934c5ba7806401da48e386d47bda1d9', 'user_domain_name': 'admin_domain', 'user_id': '69eb395c2afd407b886d428c44e4d0f1'}, Network: None, Subnet: None, Router: None[00m
2020-06-04 14:41:08.534 6037 INFO tempest.lib.common.rest_client [req-ae0a572b-bb06-4303-83b6-54a49d71659f ] Request (TrustsV3TestJSON:setUpClass): 201 POST http://10.13.3.212:5000/v3/auth/tokens 0.258s[00m
2020-06-04 14:41:08.558 6037 INFO tempest.lib.common.rest_client [req-038d2f5d-aff5-4569-b64f-0a6aacd189c1 ] Request (TrustsV3TestJSON:setUpClass): 200 GET http://10.13.3.212:35357/v3/domains?name=admin_domain 0.023s[00m
2020-06-04 14:41:08.597 6037 INFO tempest.lib.common.rest_client [req-c3082591-aacb-4544-9ad7-f4076d0a07ce ] Request (TrustsV3TestJSON:setUpClass): 201 POST http://10.13.3.212:35357/v3/projects 0.036s[00m
2020-06-04 14:41:08.748 6040 INFO tempest.lib.common.rest_client [req-d9d901b5-ed3c-41d4-8351-5a02f48ebfde ] Request (TestServerBasicOps:setUpClass): 201 POST http://10.13.3.212:5000/v3/auth/tokens 0.289s[00m
2020-06-04 14:41:08.873 6037 INFO tempest.lib.common.rest_client [req-e3228d23-9dc6-4fd0-bd8c-a6e7f932c073 ] Request (TrustsV3TestJSON:setUpClass): 201 POST http://10.13.3.212:35357/v3/users 0.275s[00m
2020-06-04 14:41:08.967 6037 INFO tempest.lib.common.rest_client [req-ad301c7a-89f5-421b-8df7-469bd7959d50 ] Request (TrustsV3TestJSON:setUpClass): 200 GET http://10.13.3.212:35357/v3/roles 0.093s[00m
2020-06-04 14:41:08.994 6037 INFO tempest.lib.common.rest_client [req-3b481bd5-a876-4a5f-b56a-c287cac385fc ] Request (TrustsV3TestJSON:setUpClass): 200 GET http://10.13.3.212:35357/v3/roles 0.025s[00m
2020-06-04 14:41:09.033 6037 INFO tempest.lib.common.rest_client [req-8a31d04a-857f-4e5c-95b9-a0b990af29a4 ] Request (TrustsV3TestJSON:setUpClass): 204 PUT http://10.13.3.212:35357/v3/projects/3e4bfc0cb992432383240bf19617bd01/users/8573e86bcc664b668ca0912f9950e286/roles/1bf9b326490849fd937b7ebe631bbad1 0.036s[00m
2020-06-04 14:41:09.036 6037 INFO tempest.lib.common.dynamic_creds [-] Acquired dynamic creds:
 credentials: Credentials: {'domain_id': 'b934c5ba7806401da48e386d47bda1d9', 'domain_name': 'admin_domain', 'username': 'tempest-TrustsV3TestJSON-1245512561', 'project_domain_id': 'b934c5ba7806401da48e386d47bda1d9', 'project_domain_name': 'admin_domain', 'project_id': '3e4bfc0cb992432383240bf19617bd01', 'project_name': 'tempest-TrustsV3TestJSON-1245512561', 'tenant_id': '3e4bfc0cb992432383240bf19617bd01', 'tenant_name': 'tempest-TrustsV3TestJSON-1245512561', 'user_domain_id': 'b934c5ba7806401da48e386d47bda1d9', 'user_domain_name': 'admin_domain', 'user_id': '8573e86bcc664b668ca0912f9950e286'}, Network: None, Subnet: None, Router: None[00m
2020-06-04 14:41:09.037 6037 INFO tempest.lib.common.dynamic_creds [-] Created isolated network resources for:
 credentials: Credentials: {'domain_id': 'b934c5ba7806401da48e386d47bda1d9', 'domain_name': 'admin_domain', 'username': 'tempest-TrustsV3TestJSON-1245512561', 'project_domain_id': 'b934c5ba7806401da48e386d47bda1d9', 'project_domain_name': 'admin_domain', 'project_id': '3e4bfc0cb992432383240bf19617bd01', 'project_name': 'tempest-TrustsV3TestJSON-1245512561', 'tenant_id': '3e4bfc0cb992432383240bf19617bd01', 'tenant_name': 'tempest-TrustsV3TestJSON-1245512561', 'user_domain_id': 'b934c5ba7806401da48e386d47bda1d9', 'user_domain_name': 'admin_domain', 'user_id': '8573e86bcc664b668ca0912f9950e286'}, Network: None, Subnet: None, Router: None[00m
2020-06-04 14:41:09.293 6040 INFO tempest.lib.common.rest_client [req-c28b9592-71a5-4401-b460-b15476267939 ] Request (TestServerBasicOps:setUpClass): 201 POST http://10.13.3.241:9696/v2.0/networks 0.544s[00m
2020-06-04 14:41:09.336 6037 INFO tempest.lib.common.rest_client [req-500037f1-dc31-4da5-aa96-4624a6f9bef2 ] Request (TrustsV3TestJSON:setUpClass): 201 POST http://10.13.3.212:5000/v3/auth/tokens 0.287s[00m
2020-06-04 14:41:09.399 6037 INFO tempest.lib.common.rest_client [req-784f765e-1db5-4c7f-adee-1595fea8002f ] Request (TrustsV3TestJSON:setUpClass): 201 POST http://10.13.3.212:35357/v3/projects 0.062s[00m
2020-06-04 14:41:09.659 6040 INFO tempest.lib.common.rest_client [req-938983c5-119a-405d-a9f1-9a19b6d25571 ] Request (TestServerBasicOps:setUpClass): 201 POST http://10.13.3.241:9696/v2.0/subnets 0.365s[00m
2020-06-04 14:41:09.668 6037 INFO tempest.lib.common.rest_client [req-1bf5a7a6-6556-4bb5-a269-5b4bff0c163a ] Request (TrustsV3TestJSON:setUpClass): 201 POST http://10.13.3.212:35357/v3/users 0.267s[00m
2020-06-04 14:41:09.698 6037 INFO tempest.lib.common.rest_client [req-3f658e0d-767b-404a-bd50-91aaf2e49f56 ] Request (TrustsV3TestJSON:setUpClass): 200 GET http://10.13.3.212:35357/v3/roles 0.023s[00m
2020-06-04 14:41:09.740 6037 INFO tempest.lib.common.rest_client [req-c515bb71-0a74-4ed3-9014-c6be4501a7ac ] Request (TrustsV3TestJSON:setUpClass): 204 PUT http://10.13.3.212:35357/v3/projects/074d78b16a2f4c3a8ff1d48014236e8f/users/1e1843a577e54235945c9d0a2c676ebe/roles/9f50e28b456f454da14886f92cf258ba 0.040s[00m
2020-06-04 14:41:09.790 6037 INFO tempest.lib.common.rest_client [req-f5d9e18b-cbac-4252-ba31-3e6cdac5fe03 ] Request (TrustsV3TestJSON:setUpClass): 200 GET http://10.13.3.212:35357/v3/roles 0.047s[00m
2020-06-04 14:41:09.817 6037 INFO tempest.lib.common.rest_client [req-4d729c5a-3699-4df8-aceb-44ae32182b6c ] Request (TrustsV3TestJSON:setUpClass): 204 PUT http://10.13.3.212:35357/v3/domains/b934c5ba7806401da48e386d47bda1d9/users/1e1843a577e54235945c9d0a2c676ebe/roles/9f50e28b456f454da14886f92cf258ba 0.025s[00m
2020-06-04 14:41:09.817 6037 INFO tempest.lib.common.dynamic_creds [-] Acquired dynamic creds:
 credentials: Credentials: {'domain_id': 'b934c5ba7806401da48e386d47bda1d9', 'domain_name': 'admin_domain', 'username': 'tempest-TrustsV3TestJSON-1565910127', 'project_domain_id': 'b934c5ba7806401da48e386d47bda1d9', 'project_domain_name': 'admin_domain', 'project_id': '074d78b16a2f4c3a8ff1d48014236e8f', 'project_name': 'tempest-TrustsV3TestJSON-1565910127', 'tenant_id': '074d78b16a2f4c3a8ff1d48014236e8f', 'tenant_name': 'tempest-TrustsV3TestJSON-1565910127', 'user_domain_id': 'b934c5ba7806401da48e386d47bda1d9', 'user_domain_name': 'admin_domain', 'user_id': '1e1843a577e54235945c9d0a2c676ebe'}, Network: None, Subnet: None, Router: None[00m
2020-06-04 14:41:09.817 6037 INFO tempest.lib.common.dynamic_creds [-] Created isolated network resources for:
 credentials: Credentials: {'domain_id': 'b934c5ba7806401da48e386d47bda1d9', 'domain_name': 'admin_domain', 'username': 'tempest-TrustsV3TestJSON-1565910127', 'project_domain_id': 'b934c5ba7806401da48e386d47bda1d9', 'project_domain_name': 'admin_domain', 'project_id': '074d78b16a2f4c3a8ff1d48014236e8f', 'project_name': 'tempest-TrustsV3TestJSON-1565910127', 'tenant_id': '074d78b16a2f4c3a8ff1d48014236e8f', 'tenant_name': 'tempest-TrustsV3TestJSON-1565910127', 'user_domain_id': 'b934c5ba7806401da48e386d47bda1d9', 'user_domain_name': 'admin_domain', 'user_id': '1e1843a577e54235945c9d0a2c676ebe'}, Network: None, Subnet: None, Router: None[00m
2020-06-04 14:41:10.133 6037 INFO tempest.lib.common.rest_client [req-bf14d661-f83c-48ea-ba1f-6660b9880d29 ] Request (TrustsV3TestJSON:setUpClass): 201 POST http://10.13.3.212:5000/v3/auth/tokens 0.312s[00m
2020-06-04 14:41:10.406 6037 INFO tempest.lib.common.rest_client [req-a0e8e3d7-dc6f-4fe9-a110-f66b1cd91329 ] Request (TrustsV3TestJSON:setUp): 201 POST http://10.13.3.212:5000/v3/auth/tokens 0.271s[00m
2020-06-04 14:41:10.450 6037 INFO tempest.lib.common.rest_client [req-42a283c8-a14c-4166-ac11-ffdb2c59e34e ] Request (TrustsV3TestJSON:setUp): 201 POST http://10.13.3.212:35357/v3/projects 0.044s[00m
2020-06-04 14:41:10.720 6037 INFO tempest.lib.common.rest_client [req-08b2d1cf-1d63-44a5-a898-e621f27a2ff1 ] Request (TrustsV3TestJSON:setUp): 201 POST http://10.13.3.212:35357/v3/users 0.268s[00m
2020-06-04 14:41:10.765 6037 INFO tempest.lib.common.rest_client [req-1fe8361a-e910-4f4d-902a-cda2ad8969a5 ] Request (TrustsV3TestJSON:setUp): 201 POST http://10.13.3.212:35357/v3/roles 0.045s[00m
2020-06-04 14:41:10.800 6037 INFO tempest.lib.common.rest_client [req-e3fbd5d7-5baf-4e17-8bf2-cf3c300891c9 ] Request (TrustsV3TestJSON:setUp): 201 POST http://10.13.3.212:35357/v3/roles 0.034s[00m
2020-06-04 14:41:10.848 6037 INFO tempest.lib.common.rest_client [req-36d3fcb2-5530-4183-999d-c8923cb73bb9 ] Request (TrustsV3TestJSON:setUp): 204 PUT http://10.13.3.212:35357/v3/projects/c1832b461bbd4ca6bdb1b512008a8a2a/users/ced400ed085a459abb1dddc832994829/roles/9679193fa38244fab90333cbde97ee73 0.047s[00m
2020-06-04 14:41:10.892 6037 INFO tempest.lib.common.rest_client [req-d84c5150-22d3-42cd-ae65-3c1451ae76e6 ] Request (TrustsV3TestJSON:setUp): 204 PUT http://10.13.3.212:35357/v3/projects/c1832b461bbd4ca6bdb1b512008a8a2a/users/ced400ed085a459abb1dddc832994829/roles/493bf2d595c349df90bd5bb4c51194dc 0.043s[00m
2020-06-04 14:41:10.950 6040 INFO tempest.lib.common.rest_client [req-d28d9eee-d4ce-45dc-bb72-c146b9e70324 ] Request (TestServerBasicOps:setUpClass): 201 POST http://10.13.3.241:9696/v2.0/routers 1.290s[00m
2020-06-04 14:41:10.950 6037 INFO tempest.lib.common.rest_client [req-a142c18d-7836-4768-81ea-5b75ed60cf3f ] Request (TrustsV3TestJSON:setUp): 200 GET http://10.13.3.212:35357/v3/users 0.057s[00m
2020-06-04 14:41:11.260 6037 INFO tempest.lib.common.rest_client [req-424016ec-6cc1-48f7-94c3-e8a8377f59c2 ] Request (TrustsV3TestJSON:setUp): 201 POST http://10.13.3.212:5000/v3/auth/tokens 0.307s[00m
2020-06-04 14:41:11.506 6037 INFO tempest.lib.common.rest_client [req-0161ab05-242b-4805-aeeb-c3ac197da60b ] Request (TrustsV3TestJSON:test_get_trusts_all): 201 POST http://10.13.3.212:5000/v3/auth/tokens 0.240s[00m
2020-06-04 14:41:11.572 6037 INFO tempest.lib.common.rest_client [req-fae092fe-4511-44f8-9c99-ad7dc53244fa ] Request (TrustsV3TestJSON:test_get_trusts_all): 201 POST http://10.13.3.212:35357/v3/OS-TRUST/trusts 0.065s[00m
2020-06-04 14:41:11.853 6037 INFO tempest.lib.common.rest_client [req-cb307bce-c3ae-4d90-960b-18c3bf809751 ] Request (TrustsV3TestJSON:test_get_trusts_all): 201 POST http://10.13.3.212:5000/v3/auth/tokens 0.280s[00m
2020-06-04 14:41:11.880 6037 INFO tempest.lib.common.rest_client [req-1a284846-5e57-4e39-9ccd-86c43ae38711 ] Request (TrustsV3TestJSON:test_get_trusts_all): 200 GET http://10.13.3.212:35357/v3/OS-TRUST/trusts/ 0.026s[00m
2020-06-04 14:41:11.928 6037 INFO tempest.lib.common.rest_client [req-e3bc0b8a-c352-4799-9a30-36fcbcc10796 ] Request (TrustsV3TestJSON:tearDown): 204 DELETE http://10.13.3.212:35357/v3/OS-TRUST/trusts/9e11114b1bb94314bcc4fff33131cd25 0.048s[00m
2020-06-04 14:41:11.958 6037 INFO tempest.lib.common.rest_client [req-011fe239-c4ea-40d8-a418-a77fd5536891 ] Request (TrustsV3TestJSON:tearDown): 404 GET http://10.13.3.212:35357/v3/OS-TRUST/trusts/9e11114b1bb94314bcc4fff33131cd25 0.029s[00m
2020-06-04 14:41:12.206 6037 INFO tempest.lib.common.rest_client [req-dc40f6f2-786a-47ca-a9e3-3caa6ed52c6d ] Request (TrustsV3TestJSON:_run_cleanups): 201 POST http://10.13.3.212:5000/v3/auth/tokens 0.244s[00m
2020-06-04 14:41:12.253 6037 INFO tempest.lib.common.rest_client [req-573376cd-2ec0-44a6-850e-83d5a21fe508 ] Request (TrustsV3TestJSON:_run_cleanups): 204 DELETE http://10.13.3.212:35357/v3/roles/493bf2d595c349df90bd5bb4c51194dc 0.047s[00m
2020-06-04 14:41:12.318 6037 INFO tempest.lib.common.rest_client [req-d0bc4ac3-f010-4df7-8174-f4af64632b11 ] Request (TrustsV3TestJSON:_run_cleanups): 204 DELETE http://10.13.3.212:35357/v3/roles/9679193fa38244fab90333cbde97ee73 0.064s[00m
2020-06-04 14:41:12.417 6037 INFO tempest.lib.common.rest_client [req-96cf6365-8466-4f90-99ad-df727ee9d50c ] Request (TrustsV3TestJSON:_run_cleanups): 204 DELETE http://10.13.3.212:35357/v3/users/ced400ed085a459abb1dddc832994829 0.098s[00m
2020-06-04 14:41:12.519 6037 INFO tempest.lib.common.rest_client [req-749d5781-5cbf-4ce1-8ce0-53df55eaa2e5 ] Request (TrustsV3TestJSON:_run_cleanups): 204 DELETE http://10.13.3.212:35357/v3/projects/c1832b461bbd4ca6bdb1b512008a8a2a 0.101s[00m
{0} tempest.api.identity.admin.v3.test_trusts.TrustsV3TestJSON.test_get_trusts_all [2.385673s] ... ok
2020-06-04 14:41:12.613 6037 INFO tempest.lib.common.rest_client [req-f891aceb-5796-4c21-8127-96ac76facfa1 ] Request (TrustsV3TestJSON:tearDownClass): 204 DELETE http://10.13.3.212:35357/v3/users/8573e86bcc664b668ca0912f9950e286 0.093s[00m
2020-06-04 14:41:12.778 6040 INFO tempest.lib.common.rest_client [req-7fb645dc-ea4a-4a35-89db-d0231d28b698 ] Request (TestServerBasicOps:setUpClass): 200 PUT http://10.13.3.241:9696/v2.0/routers/6f05da78-c64a-45ec-90f8-8e0cdb19c8ab/add_router_interface 1.827s[00m
2020-06-04 14:41:12.778 6040 INFO tempest.lib.common.dynamic_creds [-] Created isolated network resources for:
 credentials: Credentials: {'domain_id': 'b934c5ba7806401da48e386d47bda1d9', 'domain_name': 'admin_domain', 'username': 'tempest-TestServerBasicOps-810740390', 'project_domain_id': 'b934c5ba7806401da48e386d47bda1d9', 'project_domain_name': 'admin_domain', 'project_id': '8994197f12ff4c6abc9314bab26337e6', 'project_name': 'tempest-TestServerBasicOps-810740390', 'tenant_id': '8994197f12ff4c6abc9314bab26337e6', 'tenant_name': 'tempest-TestServerBasicOps-810740390', 'user_domain_id': 'b934c5ba7806401da48e386d47bda1d9', 'user_domain_name': 'admin_domain', 'user_id': '69eb395c2afd407b886d428c44e4d0f1'}, Network: {'id': 'aaa0ef04-b245-423d-8e6d-cec16c20e664', 'name': 'tempest-TestServerBasicOps-503554275-network', 'tenant_id': '8994197f12ff4c6abc9314bab26337e6', 'admin_state_up': True, 'mtu': 1458, 'status': 'ACTIVE', 'subnets': [], 'shared': False, 'project_id': '8994197f12ff4c6abc9314bab26337e6', 'router:external': False, 'provider:network_type': 'gre', 'provider:physical_network': None, 'provider:segmentation_id': 2, 'availability_zone_hints': [], 'is_default': False, 'availability_zones': [], 'ipv4_address_scope': None, 'ipv6_address_scope': None, 'description': '', 'l2_adjacency': True, 'tags': [], 'created_at': '2020-06-04T14:41:09Z', 'updated_at': '2020-06-04T14:41:09Z', 'revision_number': 1}, Subnet: {'id': '6f6956fb-b710-4e8e-9e27-6249fab6e4f0', 'name': 'tempest-TestServerBasicOps-503554275-subnet', 'tenant_id': '8994197f12ff4c6abc9314bab26337e6', 'network_id': 'aaa0ef04-b245-423d-8e6d-cec16c20e664', 'ip_version': 4, 'subnetpool_id': None, 'enable_dhcp': True, 'ipv6_ra_mode': None, 'ipv6_address_mode': None, 'gateway_ip': '172.16.0.1', 'cidr': '172.16.0.0/28', 'allocation_pools': [{'start': '172.16.0.2', 'end': '172.16.0.14'}], 'host_routes': [], 'dns_nameservers': [], 'description': '', 'service_types': [], 'segment_id': None, 'tags': [], 'created_at': '2020-06-04T14:41:09Z', 'updated_at': '2020-06-04T14:41:09Z', 'revision_number': 0, 'project_id': '8994197f12ff4c6abc9314bab26337e6'}, Router: {'id': '6f05da78-c64a-45ec-90f8-8e0cdb19c8ab', 'name': 'tempest-TestServerBasicOps-503554275-router', 'tenant_id': '8994197f12ff4c6abc9314bab26337e6', 'admin_state_up': True, 'status': 'ACTIVE', 'external_gateway_info': {'network_id': '19fedfe3-893e-4261-b790-df39eefa0d2e', 'external_fixed_ips': [{'subnet_id': '90d843ec-7d33-456f-a0ba-ebf94da13b53', 'ip_address': '10.13.3.186'}], 'enable_snat': True}, 'description': '', 'availability_zones': [], 'distributed': False, 'ha': False, 'availability_zone_hints': [], 'routes': [], 'flavor_id': None, 'tags': [], 'created_at': '2020-06-04T14:41:09Z', 'updated_at': '2020-06-04T14:41:10Z', 'revision_number': 3, 'project_id': '8994197f12ff4c6abc9314bab26337e6'}[00m
2020-06-04 14:41:12.923 6037 INFO tempest.lib.common.rest_client [req-26566de2-76b8-4711-a4d6-4b977bf05374 ] Request (TrustsV3TestJSON:tearDownClass): 201 POST http://10.13.3.212:5000/v3/auth/tokens 0.309s[00m
2020-06-04 14:41:13.098 6040 INFO tempest.lib.common.rest_client [req-1135242a-dbaf-4d38-8542-6c8e52e39df9 ] Request (TestServerBasicOps:setUpClass): 201 POST http://10.13.3.212:5000/v3/auth/tokens 0.315s[00m
2020-06-04 14:41:13.121 6037 INFO tempest.lib.common.rest_client [req-dbba839d-f022-48ba-aea5-16fd11147af2 ] Request (TrustsV3TestJSON:tearDownClass): 200 GET http://10.13.3.241:9696/v2.0/security-groups?tenant_id=3e4bfc0cb992432383240bf19617bd01&name=default 0.197s[00m
2020-06-04 14:41:13.201 6037 INFO tempest.lib.common.rest_client [req-4de17a8e-8a0c-48dd-a40c-a8b16c27c20a ] Request (TrustsV3TestJSON:tearDownClass): 204 DELETE http://10.13.3.241:9696/v2.0/security-groups/9ea26eb7-9a7b-4ddf-8a26-591190a14ea3 0.079s[00m
2020-06-04 14:41:13.300 6040 INFO tempest.lib.common.rest_client [req-e0814bd0-c155-4ef8-a64b-5a34c6225724 ] Request (TestServerBasicOps:test_server_basic_ops): 200 POST http://10.13.3.195:8774/v2.1/os-keypairs 0.201s[00m
2020-06-04 14:41:13.299 6037 INFO tempest.lib.common.rest_client [req-85838595-32d7-4922-b955-bc297774189f ] Request (TrustsV3TestJSON:tearDownClass): 204 DELETE http://10.13.3.212:35357/v3/projects/3e4bfc0cb992432383240bf19617bd01 0.098s[00m
2020-06-04 14:41:13.384 6037 INFO tempest.lib.common.rest_client [req-81eedc77-fe14-4968-8bb0-aa5dc6f8c2f6 ] Request (TrustsV3TestJSON:tearDownClass): 204 DELETE http://10.13.3.212:35357/v3/users/1e1843a577e54235945c9d0a2c676ebe 0.084s[00m
2020-06-04 14:41:13.498 6037 INFO tempest.lib.common.rest_client [req-8f969401-19c9-4448-bc38-5311b4c98120 ] Request (TrustsV3TestJSON:tearDownClass): 200 GET http://10.13.3.241:9696/v2.0/security-groups?tenant_id=074d78b16a2f4c3a8ff1d48014236e8f&name=default 0.111s[00m
2020-06-04 14:41:13.617 6037 INFO tempest.lib.common.rest_client [req-8ec8298a-87fb-48e8-8cc0-a48907dba5f2 ] Request (TrustsV3TestJSON:tearDownClass): 204 DELETE http://10.13.3.241:9696/v2.0/security-groups/fd37b161-0200-4238-8b7c-0d176c9d9ce5 0.118s[00m
2020-06-04 14:41:13.631 6040 INFO tempest.lib.common.rest_client [req-c2450ab1-b356-4cf8-b9cb-f223ac244f8a ] Request (TestServerBasicOps:test_server_basic_ops): 200 POST http://10.13.3.195:8774/v2.1/os-security-groups 0.327s[00m
2020-06-04 14:41:13.713 6037 INFO tempest.lib.common.rest_client [req-edc9e7bd-a973-4794-a084-afdcc40d3b38 ] Request (TrustsV3TestJSON:tearDownClass): 204 DELETE http://10.13.3.212:35357/v3/projects/074d78b16a2f4c3a8ff1d48014236e8f 0.095s[00m
2020-06-04 14:41:13.714 6037 INFO tempest.test [-] <class 'unittest.case.SkipTest'> raised in TestApiDiscovery.setUpClass. Invoking tearDownClass.[00m
{0} setUpClass (tempest.api.identity.v2.test_api_discovery.TestApiDiscovery) ... SKIPPED: Identity api v2 is not enabled
2020-06-04 14:41:13.735 6040 INFO tempest.lib.common.rest_client [req-cbcfd5a0-6f86-4dfb-9203-56268b0a03da ] Request (TestServerBasicOps:test_server_basic_ops): 200 POST http://10.13.3.195:8774/v2.1/os-security-group-rules 0.101s[00m
2020-06-04 14:41:13.843 6040 INFO tempest.lib.common.rest_client [req-08e2c81e-8103-4387-9a09-eb8308dc8fe8 ] Request (TestServerBasicOps:test_server_basic_ops): 200 POST http://10.13.3.195:8774/v2.1/os-security-group-rules 0.106s[00m
2020-06-04 14:41:14.004 6037 INFO tempest.lib.common.rest_client [req-0f05989c-12db-46f4-b538-a02d1cafe0bd ] Request (DefaultDomainTestJSON:setUpClass): 201 POST http://10.13.3.212:5000/v3/auth/tokens 0.288s[00m
2020-06-04 14:41:14.149 6040 INFO tempest.lib.common.rest_client [req-4b0b960f-1e85-48a1-8237-20636162cd78 ] Request (TestServerBasicOps:test_server_basic_ops): 201 POST http://10.13.3.212:5000/v3/auth/tokens 0.301s[00m
2020-06-04 14:41:14.150 6040 INFO tempest.lib.common.fixed_network [-] (TestServerBasicOps:test_server_basic_ops) Found network {'id': 'aaa0ef04-b245-423d-8e6d-cec16c20e664', 'name': 'tempest-TestServerBasicOps-503554275-network', 'tenant_id': '8994197f12ff4c6abc9314bab26337e6', 'admin_state_up': True, 'mtu': 1458, 'status': 'ACTIVE', 'subnets': [], 'shared': False, 'project_id': '8994197f12ff4c6abc9314bab26337e6', 'router:external': False, 'provider:network_type': 'gre', 'provider:physical_network': None, 'provider:segmentation_id': 2, 'availability_zone_hints': [], 'is_default': False, 'availability_zones': [], 'ipv4_address_scope': None, 'ipv6_address_scope': None, 'description': '', 'l2_adjacency': True, 'tags': [], 'created_at': '2020-06-04T14:41:09Z', 'updated_at': '2020-06-04T14:41:09Z', 'revision_number': 1} available for tenant[00m
2020-06-04 14:41:14.280 6037 INFO tempest.lib.common.rest_client [req-c945c200-7e2b-49d6-82a4-01a37fd3f946 ] Request (DefaultDomainTestJSON:setUpClass): 201 POST http://10.13.3.212:5000/v3/auth/tokens 0.271s[00m
2020-06-04 14:41:14.309 6037 INFO tempest.lib.common.rest_client [req-a01987b4-39f2-4a11-8a1f-136e7554cc94 ] Request (DefaultDomainTestJSON:setUpClass): 200 GET http://10.13.3.212:35357/v3/domains?name=admin_domain 0.028s[00m
2020-06-04 14:41:14.349 6037 INFO tempest.lib.common.rest_client [req-2623c902-bfce-4ccf-bbee-9898d9bc44b5 ] Request (DefaultDomainTestJSON:setUpClass): 201 POST http://10.13.3.212:35357/v3/projects 0.039s[00m
2020-06-04 14:41:14.620 6037 INFO tempest.lib.common.rest_client [req-23bb6c22-95b3-4e3c-a220-09034e56af2a ] Request (DefaultDomainTestJSON:setUpClass): 201 POST http://10.13.3.212:35357/v3/users 0.270s[00m
2020-06-04 14:41:14.642 6040 INFO tempest.lib.common.rest_client [req-29d5bc72-995e-4661-ad95-a6b13e012133 ] Request (TestServerBasicOps:test_server_basic_ops): 202 POST http://10.13.3.195:8774/v2.1/servers 0.492s[00m
2020-06-04 14:41:14.645 6037 INFO tempest.lib.common.rest_client [req-6fb87e6e-a48c-495e-ae7f-280fd3c96276 ] Request (DefaultDomainTestJSON:setUpClass): 200 GET http://10.13.3.212:35357/v3/roles 0.024s[00m
2020-06-04 14:41:14.669 6037 INFO tempest.lib.common.rest_client [req-2a47a3d1-4615-4a9f-bd08-d7e9b60ac521 ] Request (DefaultDomainTestJSON:setUpClass): 200 GET http://10.13.3.212:35357/v3/roles 0.023s[00m
2020-06-04 14:41:14.707 6040 INFO tempest.lib.common.rest_client [req-ddae689a-191d-4e2c-a18d-9d4c4714dbb6 ] Request (TestServerBasicOps:test_server_basic_ops): 200 GET http://10.13.3.195:8774/v2.1/servers/bf02563f-f312-4de0-ac7f-40f214addbf4 0.063s[00m
2020-06-04 14:41:14.714 6037 INFO tempest.lib.common.rest_client [req-c2a6ded0-ce9f-4dc8-86f5-377a80b14aa3 ] Request (DefaultDomainTestJSON:setUpClass): 204 PUT http://10.13.3.212:35357/v3/projects/ccec2e7c6a4a4be594cebdbc032b7cfb/users/3dc166cf17084328a1e3185e6f295e95/roles/1bf9b326490849fd937b7ebe631bbad1 0.044s[00m
2020-06-04 14:41:14.718 6037 INFO tempest.lib.common.dynamic_creds [-] Acquired dynamic creds:
 credentials: Credentials: {'domain_id': 'b934c5ba7806401da48e386d47bda1d9', 'domain_name': 'admin_domain', 'username': 'tempest-DefaultDomainTestJSON-1753352171', 'project_domain_id': 'b934c5ba7806401da48e386d47bda1d9', 'project_domain_name': 'admin_domain', 'project_id': 'ccec2e7c6a4a4be594cebdbc032b7cfb', 'project_name': 'tempest-DefaultDomainTestJSON-1753352171', 'tenant_id': 'ccec2e7c6a4a4be594cebdbc032b7cfb', 'tenant_name': 'tempest-DefaultDomainTestJSON-1753352171', 'user_domain_id': 'b934c5ba7806401da48e386d47bda1d9', 'user_domain_name': 'admin_domain', 'user_id': '3dc166cf17084328a1e3185e6f295e95'}, Network: None, Subnet: None, Router: None[00m
2020-06-04 14:41:14.719 6037 INFO tempest.lib.common.dynamic_creds [-] Created isolated network resources for:
 credentials: Credentials: {'domain_id': 'b934c5ba7806401da48e386d47bda1d9', 'domain_name': 'admin_domain', 'username': 'tempest-DefaultDomainTestJSON-1753352171', 'project_domain_id': 'b934c5ba7806401da48e386d47bda1d9', 'project_domain_name': 'admin_domain', 'project_id': 'ccec2e7c6a4a4be594cebdbc032b7cfb', 'project_name': 'tempest-DefaultDomainTestJSON-1753352171', 'tenant_id': 'ccec2e7c6a4a4be594cebdbc032b7cfb', 'tenant_name': 'tempest-DefaultDomainTestJSON-1753352171', 'user_domain_id': 'b934c5ba7806401da48e386d47bda1d9', 'user_domain_name': 'admin_domain', 'user_id': '3dc166cf17084328a1e3185e6f295e95'}, Network: None, Subnet: None, Router: None[00m
2020-06-04 14:41:15.027 6037 INFO tempest.lib.common.rest_client [req-ab8d45b5-84fb-4037-a481-c2664f2218ec ] Request (DefaultDomainTestJSON:setUpClass): 201 POST http://10.13.3.212:5000/v3/auth/tokens 0.305s[00m
