2020-06-04 14:40:24.309 6040 INFO tempest.lib.common.rest_client [req-dc8af70a-423e-4a9a-b97e-59d51148968b ] Request (PortsTestJSON:tearDownClass): 204 DELETE http://10.13.3.241:9696/v2.0/networks/73c5d143-e113-4d7f-832c-43aaf71277ea 0.725s[00m
2020-06-04 14:40:24.406 6040 INFO tempest.lib.common.rest_client [req-9b062a13-cf21-493d-b739-d01c6d51dc84 ] Request (PortsTestJSON:tearDownClass): 204 DELETE http://10.13.3.212:35357/v3/users/03171bcf11434218916e4588b6a64cbd 0.096s[00m
2020-06-04 14:40:24.692 6040 INFO tempest.lib.common.rest_client [req-2beafeb2-a186-4994-b8d1-17fe69ac7757 ] Request (PortsTestJSON:tearDownClass): 201 POST http://10.13.3.212:5000/v3/auth/tokens 0.285s[00m
2020-06-04 14:40:24.811 6040 INFO tempest.lib.common.rest_client [req-a0d93198-491c-4f50-b730-5d809d663c60 ] Request (PortsTestJSON:tearDownClass): 200 GET http://10.13.3.241:9696/v2.0/security-groups?tenant_id=57320e9199ca474b89cae059d849ffe5&name=default 0.117s[00m
2020-06-04 14:40:24.900 6040 INFO tempest.lib.common.rest_client [req-92c624c0-a9a9-4205-b401-222f2b17fab6 ] Request (PortsTestJSON:tearDownClass): 204 DELETE http://10.13.3.241:9696/v2.0/security-groups/15e86bd1-7d04-4cbf-a4a7-ce53f923ada8 0.088s[00m
2020-06-04 14:40:24.992 6040 INFO tempest.lib.common.rest_client [req-34731772-8d63-474e-ad46-483960d2c9bc ] Request (PortsTestJSON:tearDownClass): 204 DELETE http://10.13.3.212:35357/v3/projects/57320e9199ca474b89cae059d849ffe5 0.091s[00m
2020-06-04 14:40:24.993 6040 INFO tempest.test [-] <class 'unittest.case.SkipTest'> raised in RoutersIpV6Test.setUpClass. Invoking tearDownClass.[00m
{1} setUpClass (tempest.api.network.test_routers.RoutersIpV6Test) ... SKIPPED: IPv6 Tests are disabled.
2020-06-04 14:40:25.286 6040 INFO tempest.lib.common.rest_client [req-7b6dbf27-5720-45fd-ace5-9af64dc797e7 ] Request (RoutersTest:setUpClass): 201 POST http://10.13.3.212:5000/v3/auth/tokens 0.292s[00m
2020-06-04 14:40:25.573 6040 INFO tempest.lib.common.rest_client [req-1bb74ddf-20e7-4606-b29a-5108fe4432a1 ] Request (RoutersTest:setUpClass): 201 POST http://10.13.3.212:5000/v3/auth/tokens 0.284s[00m
2020-06-04 14:40:25.607 6040 INFO tempest.lib.common.rest_client [req-27fbd8d9-0dfa-4603-9bff-33b9ade773ea ] Request (RoutersTest:setUpClass): 200 GET http://10.13.3.212:35357/v3/domains?name=admin_domain 0.033s[00m
2020-06-04 14:40:25.642 6040 INFO tempest.lib.common.rest_client [req-87151ac1-b9e2-4db7-88b8-c7834ba33d55 ] Request (RoutersTest:setUpClass): 201 POST http://10.13.3.212:35357/v3/projects 0.034s[00m
2020-06-04 14:40:25.716 6037 WARNING tempest.lib.common.ssh [-] Failed to establish authenticated ssh connection to ubuntu@10.13.3.166 ([Errno None] Unable to connect to port 22 on 10.13.3.166). Number attempts: 3. Retry after 4 seconds.: paramiko.ssh_exception.NoValidConnectionsError: [Errno None] Unable to connect to port 22 on 10.13.3.166[00m
2020-06-04 14:40:25.908 6040 INFO tempest.lib.common.rest_client [req-dce5a23e-9ffd-421b-93a6-21e6d237c041 ] Request (RoutersTest:setUpClass): 201 POST http://10.13.3.212:35357/v3/users 0.266s[00m
2020-06-04 14:40:25.933 6040 INFO tempest.lib.common.rest_client [req-780ce0ce-0c80-4aeb-98a3-549e6304141e ] Request (RoutersTest:setUpClass): 200 GET http://10.13.3.212:35357/v3/roles 0.023s[00m
2020-06-04 14:40:25.957 6040 INFO tempest.lib.common.rest_client [req-56000512-bfba-4621-a378-61b3ae63d1e8 ] Request (RoutersTest:setUpClass): 200 GET http://10.13.3.212:35357/v3/roles 0.023s[00m
2020-06-04 14:40:26.002 6040 INFO tempest.lib.common.rest_client [req-8de93403-c558-4fb0-8887-bb4f2f62c525 ] Request (RoutersTest:setUpClass): 204 PUT http://10.13.3.212:35357/v3/projects/48e6f85ff4c3422c88e2cf333504ea38/users/a5ffeca3a3174284992011c0521df2c7/roles/1bf9b326490849fd937b7ebe631bbad1 0.044s[00m
2020-06-04 14:40:26.002 6040 INFO tempest.lib.common.dynamic_creds [-] Acquired dynamic creds:
 credentials: Credentials: {'domain_id': 'b934c5ba7806401da48e386d47bda1d9', 'domain_name': 'admin_domain', 'username': 'tempest-RoutersTest-1320010068', 'project_domain_id': 'b934c5ba7806401da48e386d47bda1d9', 'project_domain_name': 'admin_domain', 'project_id': '48e6f85ff4c3422c88e2cf333504ea38', 'project_name': 'tempest-RoutersTest-1320010068', 'tenant_id': '48e6f85ff4c3422c88e2cf333504ea38', 'tenant_name': 'tempest-RoutersTest-1320010068', 'user_domain_id': 'b934c5ba7806401da48e386d47bda1d9', 'user_domain_name': 'admin_domain', 'user_id': 'a5ffeca3a3174284992011c0521df2c7'}, Network: None, Subnet: None, Router: None[00m
2020-06-04 14:40:26.002 6040 INFO tempest.lib.common.dynamic_creds [-] Created isolated network resources for:
 credentials: Credentials: {'domain_id': 'b934c5ba7806401da48e386d47bda1d9', 'domain_name': 'admin_domain', 'username': 'tempest-RoutersTest-1320010068', 'project_domain_id': 'b934c5ba7806401da48e386d47bda1d9', 'project_domain_name': 'admin_domain', 'project_id': '48e6f85ff4c3422c88e2cf333504ea38', 'project_name': 'tempest-RoutersTest-1320010068', 'tenant_id': '48e6f85ff4c3422c88e2cf333504ea38', 'tenant_name': 'tempest-RoutersTest-1320010068', 'user_domain_id': 'b934c5ba7806401da48e386d47bda1d9', 'user_domain_name': 'admin_domain', 'user_id': 'a5ffeca3a3174284992011c0521df2c7'}, Network: None, Subnet: None, Router: None[00m
2020-06-04 14:40:26.303 6040 INFO tempest.lib.common.rest_client [req-2c550c62-bb80-469a-9949-a81298e398db ] Request (RoutersTest:setUpClass): 201 POST http://10.13.3.212:5000/v3/auth/tokens 0.297s[00m
2020-06-04 14:40:26.595 6040 INFO tempest.lib.common.rest_client [req-efecbf40-b660-40d9-a12a-b8c4afadf168 ] Request (RoutersTest:test_add_multiple_router_interfaces): 201 POST http://10.13.3.241:9696/v2.0/networks 0.291s[00m
2020-06-04 14:40:26.741 6040 INFO tempest.lib.common.rest_client [req-2a611cb8-2878-4ae6-8dd8-58f6db9f0f5e ] Request (RoutersTest:test_add_multiple_router_interfaces): 201 POST http://10.13.3.241:9696/v2.0/networks 0.145s[00m
2020-06-04 14:40:27.272 6040 INFO tempest.lib.common.rest_client [req-409f2067-0514-44df-8ff4-8740f43af037 ] Request (RoutersTest:test_add_multiple_router_interfaces): 201 POST http://10.13.3.241:9696/v2.0/subnets 0.530s[00m
2020-06-04 14:40:28.067 6040 INFO tempest.lib.common.rest_client [req-b9a2e4a4-d0bd-47c8-85fa-4274d4c19d35 ] Request (RoutersTest:test_add_multiple_router_interfaces): 201 POST http://10.13.3.241:9696/v2.0/subnets 0.794s[00m
2020-06-04 14:40:28.132 6040 INFO tempest.lib.common.rest_client [req-9d250488-500b-4d68-89dc-1ff5f6893219 ] Request (RoutersTest:test_add_multiple_router_interfaces): 201 POST http://10.13.3.241:9696/v2.0/routers 0.064s[00m
2020-06-04 14:40:29.961 6040 INFO tempest.lib.common.rest_client [req-9ee9fc5d-5a68-43d7-97f3-e0df286deaa3 ] Request (RoutersTest:test_add_multiple_router_interfaces): 200 PUT http://10.13.3.241:9696/v2.0/routers/fcc51ac8-27c1-46de-828a-65e100058a4d/add_router_interface 1.828s[00m
2020-06-04 14:40:30.027 6040 INFO tempest.lib.common.rest_client [req-08e7a795-a8ab-4859-a5a0-49aaa8bcdf94 ] Request (RoutersTest:test_add_multiple_router_interfaces): 200 GET http://10.13.3.241:9696/v2.0/ports/a28c537d-9432-438a-9248-55243e3db9d3 0.065s[00m
2020-06-04 14:40:30.222 6037 WARNING tempest.lib.common.ssh [-] Failed to establish authenticated ssh connection to ubuntu@10.13.3.166 ([Errno None] Unable to connect to port 22 on 10.13.3.166). Number attempts: 4. Retry after 5 seconds.: paramiko.ssh_exception.NoValidConnectionsError: [Errno None] Unable to connect to port 22 on 10.13.3.166[00m
2020-06-04 14:40:31.610 6040 INFO tempest.lib.common.rest_client [req-89af311b-c548-4d53-ad75-7d38731b689a ] Request (RoutersTest:test_add_multiple_router_interfaces): 200 PUT http://10.13.3.241:9696/v2.0/routers/fcc51ac8-27c1-46de-828a-65e100058a4d/add_router_interface 1.582s[00m
2020-06-04 14:40:31.816 6040 INFO tempest.lib.common.rest_client [req-4c93c5c3-d40c-4ab1-b8a8-04753700504f ] Request (RoutersTest:test_add_multiple_router_interfaces): 200 GET http://10.13.3.241:9696/v2.0/ports/eef6eaf1-acd0-4d67-80e6-6f91b2bc2549 0.205s[00m
2020-06-04 14:40:33.215 6040 INFO tempest.lib.common.rest_client [req-b55e1aaa-d240-422b-96d3-d43c68c3ae17 ] Request (RoutersTest:_run_cleanups): 200 PUT http://10.13.3.241:9696/v2.0/routers/fcc51ac8-27c1-46de-828a-65e100058a4d/remove_router_interface 1.398s[00m
2020-06-04 14:40:34.816 6040 INFO tempest.lib.common.rest_client [req-0ec67fe6-19a6-43aa-a4dd-45c69908bc0e ] Request (RoutersTest:_run_cleanups): 200 PUT http://10.13.3.241:9696/v2.0/routers/fcc51ac8-27c1-46de-828a-65e100058a4d/remove_router_interface 1.601s[00m
2020-06-04 14:40:34.852 6040 INFO tempest.lib.common.rest_client [req-d82cbe68-4e1d-4f8e-a30b-ba52c483d4ac ] Request (RoutersTest:_run_cleanups): 200 GET http://10.13.3.241:9696/v2.0/ports?device_id=fcc51ac8-27c1-46de-828a-65e100058a4d 0.035s[00m
2020-06-04 14:40:35.398 6040 INFO tempest.lib.common.rest_client [req-59b2b18d-a7aa-4c05-ba9b-fdf9963c8675 ] Request (RoutersTest:_run_cleanups): 204 DELETE http://10.13.3.241:9696/v2.0/routers/fcc51ac8-27c1-46de-828a-65e100058a4d 0.545s[00m
2020-06-04 14:40:35.737 6037 INFO paramiko.transport [-] Connected (version 2.0, client OpenSSH_7.6p1)[00m
2020-06-04 14:40:35.867 6040 INFO tempest.lib.common.rest_client [req-1309d604-01d5-46d4-a1c3-3858d0bb7795 ] Request (RoutersTest:_run_cleanups): 204 DELETE http://10.13.3.241:9696/v2.0/subnets/78ca26db-65cf-4460-842a-888b7a80d8df 0.469s[00m
2020-06-04 14:40:35.870 6037 INFO paramiko.transport [-] Authentication (publickey) successful![00m
2020-06-04 14:40:35.871 6037 INFO tempest.lib.common.ssh [-] ssh connection to ubuntu@10.13.3.166 successfully created[00m
2020-06-04 14:40:36.341 6040 INFO tempest.lib.common.rest_client [req-bb2e40d1-3dd3-4681-853c-26e2de9ea9f9 ] Request (RoutersTest:_run_cleanups): 204 DELETE http://10.13.3.241:9696/v2.0/subnets/d32b2411-f3ab-4325-896c-ba1a75a2f49f 0.473s[00m
2020-06-04 14:40:36.472 6037 INFO tempest.lib.common.rest_client [req-4692a921-4748-4b18-8c1c-e329c7d726ad ] Request (ServerActionsTestJSON:tearDown): 200 GET http://10.13.3.195:8774/v2.1/servers/9b16ccb2-2129-4d45-9b05-2130a79553e4 0.246s[00m
{0} tempest.api.compute.servers.test_server_actions.ServerActionsTestJSON.test_reboot_server_hard [57.222860s] ... ok
2020-06-04 14:40:36.586 6037 INFO tempest.lib.common.rest_client [req-37d63f17-3c19-47ab-98e7-286e279c1513 ] Request (ServerActionsTestJSON:tearDownClass): 204 DELETE http://10.13.3.195:8774/v2.1/servers/9b16ccb2-2129-4d45-9b05-2130a79553e4 0.104s[00m
2020-06-04 14:40:36.733 6037 INFO tempest.lib.common.rest_client [req-b352efa3-45f0-4a8c-ab84-d71d19057bd2 ] Request (ServerActionsTestJSON:tearDownClass): 200 GET http://10.13.3.195:8774/v2.1/servers/9b16ccb2-2129-4d45-9b05-2130a79553e4 0.146s[00m
2020-06-04 14:40:37.880 6040 INFO tempest.lib.common.rest_client [req-e4d88264-441a-4fcd-8a1b-1daa01adf1fb ] Request (RoutersTest:_run_cleanups): 204 DELETE http://10.13.3.241:9696/v2.0/networks/0b925055-468e-4f3f-a631-7b8d536c839a 1.537s[00m
2020-06-04 14:40:38.023 6037 INFO tempest.lib.common.rest_client [req-5ded4329-8914-4bb4-8b1e-564bb29a485d ] Request (ServerActionsTestJSON:tearDownClass): 200 GET http://10.13.3.195:8774/v2.1/servers/9b16ccb2-2129-4d45-9b05-2130a79553e4 0.282s[00m
2020-06-04 14:40:38.558 6040 INFO tempest.lib.common.rest_client [req-399b695b-914e-4862-ad38-ab747eb1f9e3 ] Request (RoutersTest:_run_cleanups): 204 DELETE http://10.13.3.241:9696/v2.0/networks/0099b36a-6730-47a3-8762-58153c94f82a 0.673s[00m
{1} tempest.api.network.test_routers.RoutersTest.test_add_multiple_router_interfaces [12.255458s] ... ok
2020-06-04 14:40:38.712 6040 INFO tempest.lib.common.rest_client [req-e038e3d1-f16a-4194-8b41-7e2395d8c0b2 ] Request (RoutersTest:test_add_remove_router_interface_with_port_id): 201 POST http://10.13.3.241:9696/v2.0/networks 0.151s[00m
2020-06-04 14:40:39.128 6037 INFO tempest.lib.common.rest_client [req-a1ad0cb0-385b-4609-9766-ee1ca07f70f7 ] Request (ServerActionsTestJSON:tearDownClass): 200 GET http://10.13.3.195:8774/v2.1/servers/9b16ccb2-2129-4d45-9b05-2130a79553e4 0.099s[00m
2020-06-04 14:40:39.134 6037 INFO tempest.common.waiters [-] State transition "ACTIVE/deleting" ==> "DELETED/None" after 3 second wait[00m
2020-06-04 14:40:39.277 6040 INFO tempest.lib.common.rest_client [req-83a66275-1c7e-4f99-9d78-d059c69eeeb2 ] Request (RoutersTest:test_add_remove_router_interface_with_port_id): 201 POST http://10.13.3.241:9696/v2.0/subnets 0.564s[00m
2020-06-04 14:40:39.348 6040 INFO tempest.lib.common.rest_client [req-4e09bd4e-7a52-4edb-93a0-f0bf216ed94c ] Request (RoutersTest:test_add_remove_router_interface_with_port_id): 201 POST http://10.13.3.241:9696/v2.0/routers 0.070s[00m
2020-06-04 14:40:40.133 6040 INFO tempest.lib.common.rest_client [req-3bd0746c-d78a-4642-9bc3-5c54b23451aa ] Request (RoutersTest:test_add_remove_router_interface_with_port_id): 201 POST http://10.13.3.241:9696/v2.0/ports 0.784s[00m
2020-06-04 14:40:40.177 6037 INFO tempest.lib.common.rest_client [req-b047e72f-346e-496d-902a-9ebc32de003a ] Request (ServerActionsTestJSON:tearDownClass): 404 GET http://10.13.3.195:8774/v2.1/servers/9b16ccb2-2129-4d45-9b05-2130a79553e4 0.042s[00m
2020-06-04 14:40:40.199 6037 INFO tempest.lib.common.rest_client [req-32bda153-0ac7-4a24-a541-daef5442c17c ] Request (ServerActionsTestJSON:tearDownClass): 202 DELETE http://10.13.3.195:8774/v2.1/os-keypairs/tempest-keypair-1494833420 0.020s[00m
2020-06-04 14:40:40.304 6037 INFO tempest.lib.common.rest_client [req-10b95123-7779-4de2-8f30-8f0514f81a8e ] Request (ServerActionsTestJSON:tearDownClass): 204 DELETE http://10.13.3.241:9696/v2.0/security-groups/e1c2f55b-7f95-4114-97b9-df99dbef8bfc 0.102s[00m
2020-06-04 14:40:40.320 6037 INFO tempest.lib.common.rest_client [req-8564d9a7-98ee-4f1c-9353-30d85a6ef1cc ] Request (ServerActionsTestJSON:tearDownClass): 404 GET http://10.13.3.241:9696/v2.0/security-groups/e1c2f55b-7f95-4114-97b9-df99dbef8bfc 0.014s[00m
2020-06-04 14:40:40.832 6037 INFO tempest.lib.common.rest_client [req-096f46c2-337c-4af2-9bc1-d1602ba29878 ] Request (ServerActionsTestJSON:tearDownClass): 204 DELETE http://10.13.3.241:9696/v2.0/floatingips/cf79a90f-0d49-459f-8fa6-fc97de944782 0.509s[00m
2020-06-04 14:40:41.998 6040 INFO tempest.lib.common.rest_client [req-0cd11f92-0438-4e38-8adc-e79521d632c6 ] Request (RoutersTest:test_add_remove_router_interface_with_port_id): 200 PUT http://10.13.3.241:9696/v2.0/routers/e88deb79-2194-4a1a-a68e-5b5c211aa2d2/add_router_interface 1.865s[00m
2020-06-04 14:40:42.058 6040 INFO tempest.lib.common.rest_client [req-59ae9311-802e-412e-9a2a-670b54386466 ] Request (RoutersTest:test_add_remove_router_interface_with_port_id): 200 GET http://10.13.3.241:9696/v2.0/ports/2e990f5a-b3c8-406b-9ccd-fed89d53f84f 0.059s[00m
2020-06-04 14:40:42.965 6037 INFO tempest.lib.common.rest_client [req-3dc1380a-74d4-46c0-bce3-74cf951da5a3 ] Request (ServerActionsTestJSON:tearDownClass): 200 PUT http://10.13.3.241:9696/v2.0/routers/7233a830-498c-469a-a11f-b220a9ff3fc2/remove_router_interface 2.131s[00m
2020-06-04 14:40:43.863 6040 INFO tempest.lib.common.rest_client [req-41a7423a-35a3-4705-b098-b8c82bdbcd74 ] Request (RoutersTest:test_add_remove_router_interface_with_port_id): 200 PUT http://10.13.3.241:9696/v2.0/routers/e88deb79-2194-4a1a-a68e-5b5c211aa2d2/remove_router_interface 1.804s[00m
2020-06-04 14:40:44.105 6040 INFO tempest.lib.common.rest_client [req-c14387d6-0ac4-477d-85bc-1d014db281cd ] Request (RoutersTest:_run_cleanups): 404 PUT http://10.13.3.241:9696/v2.0/routers/e88deb79-2194-4a1a-a68e-5b5c211aa2d2/remove_router_interface 0.241s[00m
2020-06-04 14:40:44.144 6040 INFO tempest.lib.common.rest_client [req-7786a417-e014-4ea9-b591-4a2890146edf ] Request (RoutersTest:_run_cleanups): 200 GET http://10.13.3.241:9696/v2.0/ports?device_id=e88deb79-2194-4a1a-a68e-5b5c211aa2d2 0.038s[00m
2020-06-04 14:40:44.153 6037 INFO tempest.lib.common.rest_client [req-45369eb7-b073-4795-9a05-86c063513054 ] Request (ServerActionsTestJSON:tearDownClass): 204 DELETE http://10.13.3.241:9696/v2.0/routers/7233a830-498c-469a-a11f-b220a9ff3fc2 1.187s[00m
2020-06-04 14:40:44.484 6040 INFO tempest.lib.common.rest_client [req-4e39cb14-d273-42cb-9c47-f46e0474e06d ] Request (RoutersTest:_run_cleanups): 204 DELETE http://10.13.3.241:9696/v2.0/routers/e88deb79-2194-4a1a-a68e-5b5c211aa2d2 0.339s[00m
2020-06-04 14:40:44.538 6037 INFO tempest.lib.common.rest_client [req-17f5b4ab-ebb8-4af2-9393-d4fb6479b908 ] Request (ServerActionsTestJSON:tearDownClass): 204 DELETE http://10.13.3.241:9696/v2.0/subnets/e7cc62c2-7f9e-4a72-96f1-fe6aa70c4288 0.385s[00m
2020-06-04 14:40:45.207 6040 INFO tempest.lib.common.rest_client [req-e257d250-20f6-4b18-9ae0-a966498a7107 ] Request (RoutersTest:_run_cleanups): 204 DELETE http://10.13.3.241:9696/v2.0/subnets/37956b9e-4e41-4cf1-9425-bd2fe9a8b498 0.723s[00m
2020-06-04 14:40:45.752 6037 INFO tempest.lib.common.rest_client [req-7ddfe938-eaf4-4479-80db-717ab5a20f13 ] Request (ServerActionsTestJSON:tearDownClass): 204 DELETE http://10.13.3.241:9696/v2.0/networks/5af65ea1-d599-4ca6-9b36-7da0a1562f28 1.213s[00m
2020-06-04 14:40:45.836 6037 INFO tempest.lib.common.rest_client [req-326e3544-6fa0-47f2-b440-70ad44b51d7c ] Request (ServerActionsTestJSON:tearDownClass): 204 DELETE http://10.13.3.212:35357/v3/users/f57b304ad04a4d2d84531f9d5ae8c0ed 0.083s[00m
2020-06-04 14:40:45.868 6037 INFO tempest.lib.common.rest_client [req-86b44e21-7cfe-4ed0-afee-c19fe5e2f53f ] Request (ServerActionsTestJSON:tearDownClass): 200 GET http://10.13.3.241:9696/v2.0/security-groups?tenant_id=cddfedeb72e5414289cd48c81dac15c6&name=default 0.031s[00m
2020-06-04 14:40:45.953 6037 INFO tempest.lib.common.rest_client [req-7675708a-34d4-4118-8dd7-1c943f25cc2a ] Request (ServerActionsTestJSON:tearDownClass): 204 DELETE http://10.13.3.241:9696/v2.0/security-groups/d0db1378-8d72-4b47-a6f5-17041e32233d 0.083s[00m
2020-06-04 14:40:46.040 6037 INFO tempest.lib.common.rest_client [req-0ccfa402-e620-47ad-a53a-1e9fec08ed51 ] Request (ServerActionsTestJSON:tearDownClass): 204 DELETE http://10.13.3.212:35357/v3/projects/cddfedeb72e5414289cd48c81dac15c6 0.085s[00m
2020-06-04 14:40:46.312 6037 INFO tempest.lib.common.rest_client [req-f9e26e4f-c1fd-41e2-85d6-446a920d5c2c ] Request (ServerAddressesTestJSON:setUpClass): 201 POST http://10.13.3.212:5000/v3/auth/tokens 0.270s[00m
2020-06-04 14:40:46.568 6037 INFO tempest.lib.common.rest_client [req-c299b7e6-1952-450f-9f2d-8b2df3f65a4c ] Request (ServerAddressesTestJSON:setUpClass): 201 POST http://10.13.3.212:5000/v3/auth/tokens 0.252s[00m
2020-06-04 14:40:46.633 6037 INFO tempest.lib.common.rest_client [req-a8eb7964-61ce-4b72-923e-d2803422180a ] Request (ServerAddressesTestJSON:setUpClass): 200 GET http://10.13.3.212:35357/v3/domains?name=admin_domain 0.063s[00m
2020-06-04 14:40:46.664 6037 INFO tempest.lib.common.rest_client [req-885c03d7-9415-4d08-ae50-5bef0216245f ] Request (ServerAddressesTestJSON:setUpClass): 201 POST http://10.13.3.212:35357/v3/projects 0.029s[00m
2020-06-04 14:40:46.673 6040 INFO tempest.lib.common.rest_client [req-2e3d7a6b-6b7c-44e6-87a7-d042bb84034b ] Request (RoutersTest:_run_cleanups): 204 DELETE http://10.13.3.241:9696/v2.0/networks/5f105ae3-ab2f-469b-a07e-dd5af1a03299 1.465s[00m
{1} tempest.api.network.test_routers.RoutersTest.test_add_remove_router_interface_with_port_id [8.113361s] ... ok
2020-06-04 14:40:46.791 6040 INFO tempest.lib.common.rest_client [req-f177d3a5-1495-4903-8941-d4ba1d24c00c ] Request (RoutersTest:test_add_remove_router_interface_with_subnet_id): 201 POST http://10.13.3.241:9696/v2.0/networks 0.117s[00m
2020-06-04 14:40:46.924 6037 INFO tempest.lib.common.rest_client [req-5b7c96f1-7a50-48a8-b28f-438ac660741e ] Request (ServerAddressesTestJSON:setUpClass): 201 POST http://10.13.3.212:35357/v3/users 0.255s[00m
2020-06-04 14:40:46.945 6037 INFO tempest.lib.common.rest_client [req-255c18ea-69ea-4c73-9419-487095199a2b ] Request (ServerAddressesTestJSON:setUpClass): 200 GET http://10.13.3.212:35357/v3/roles 0.021s[00m
2020-06-04 14:40:46.966 6037 INFO tempest.lib.common.rest_client [req-e1664557-a13f-4e7f-9a4a-39711cd2079a ] Request (ServerAddressesTestJSON:setUpClass): 200 GET http://10.13.3.212:35357/v3/roles 0.020s[00m
2020-06-04 14:40:47.004 6037 INFO tempest.lib.common.rest_client [req-51f0a5d3-9a04-4938-8623-a24c4c95d398 ] Request (ServerAddressesTestJSON:setUpClass): 204 PUT http://10.13.3.212:35357/v3/projects/834844969ca2408eaffdf4830f95394b/users/eb2747a876dd4ae783509743ac9054ac/roles/1bf9b326490849fd937b7ebe631bbad1 0.034s[00m
2020-06-04 14:40:47.004 6037 INFO tempest.lib.common.dynamic_creds [-] Acquired dynamic creds:
 credentials: Credentials: {'domain_id': 'b934c5ba7806401da48e386d47bda1d9', 'domain_name': 'admin_domain', 'username': 'tempest-ServerAddressesTestJSON-1818681341', 'project_domain_id': 'b934c5ba7806401da48e386d47bda1d9', 'project_domain_name': 'admin_domain', 'project_id': '834844969ca2408eaffdf4830f95394b', 'project_name': 'tempest-ServerAddressesTestJSON-1818681341', 'tenant_id': '834844969ca2408eaffdf4830f95394b', 'tenant_name': 'tempest-ServerAddressesTestJSON-1818681341', 'user_domain_id': 'b934c5ba7806401da48e386d47bda1d9', 'user_domain_name': 'admin_domain', 'user_id': 'eb2747a876dd4ae783509743ac9054ac'}, Network: None, Subnet: None, Router: None[00m
2020-06-04 14:40:47.274 6037 INFO tempest.lib.common.rest_client [req-a04659c1-8b58-4b69-a84a-b23fef5750a8 ] Request (ServerAddressesTestJSON:setUpClass): 201 POST http://10.13.3.212:5000/v3/auth/tokens 0.269s[00m
2020-06-04 14:40:47.496 6040 INFO tempest.lib.common.rest_client [req-21fae002-032f-4a45-b760-89a08b138342 ] Request (RoutersTest:test_add_remove_router_interface_with_subnet_id): 201 POST http://10.13.3.241:9696/v2.0/subnets 0.704s[00m
2020-06-04 14:40:47.550 6040 INFO tempest.lib.common.rest_client [req-d11887ee-002d-4cfd-a405-25d79f7b199d ] Request (RoutersTest:test_add_remove_router_interface_with_subnet_id): 201 POST http://10.13.3.241:9696/v2.0/routers 0.053s[00m
2020-06-04 14:40:47.581 6037 INFO tempest.lib.common.rest_client [req-ecd9346b-d46f-492a-8323-28ac6f7a68d1 ] Request (ServerAddressesTestJSON:setUpClass): 201 POST http://10.13.3.241:9696/v2.0/networks 0.305s[00m
2020-06-04 14:40:48.030 6037 INFO tempest.lib.common.rest_client [req-f7e16e16-41e5-4341-9a56-c86eb58aa445 ] Request (ServerAddressesTestJSON:setUpClass): 201 POST http://10.13.3.241:9696/v2.0/subnets 0.447s[00m
2020-06-04 14:40:48.030 6037 INFO tempest.lib.common.dynamic_creds [-] Created isolated network resources for:
 credentials: Credentials: {'domain_id': 'b934c5ba7806401da48e386d47bda1d9', 'domain_name': 'admin_domain', 'username': 'tempest-ServerAddressesTestJSON-1818681341', 'project_domain_id': 'b934c5ba7806401da48e386d47bda1d9', 'project_domain_name': 'admin_domain', 'project_id': '834844969ca2408eaffdf4830f95394b', 'project_name': 'tempest-ServerAddressesTestJSON-1818681341', 'tenant_id': '834844969ca2408eaffdf4830f95394b', 'tenant_name': 'tempest-ServerAddressesTestJSON-1818681341', 'user_domain_id': 'b934c5ba7806401da48e386d47bda1d9', 'user_domain_name': 'admin_domain', 'user_id': 'eb2747a876dd4ae783509743ac9054ac'}, Network: {'id': '4653f3af-704c-4496-a9ba-777fe8d838f1', 'name': 'tempest-ServerAddressesTestJSON-1624858806-network', 'tenant_id': '834844969ca2408eaffdf4830f95394b', 'admin_state_up': True, 'mtu': 1458, 'status': 'ACTIVE', 'subnets': [], 'shared': False, 'project_id': '834844969ca2408eaffdf4830f95394b', 'router:external': False, 'provider:network_type': 'gre', 'provider:physical_network': None, 'provider:segmentation_id': 3, 'availability_zone_hints': [], 'is_default': False, 'availability_zones': [], 'ipv4_address_scope': None, 'ipv6_address_scope': None, 'description': '', 'l2_adjacency': True, 'tags': [], 'created_at': '2020-06-04T14:40:47Z', 'updated_at': '2020-06-04T14:40:47Z', 'revision_number': 1}, Subnet: {'id': '9029e7e7-382a-4062-a450-6f1b154df534', 'name': 'tempest-ServerAddressesTestJSON-1624858806-subnet', 'tenant_id': '834844969ca2408eaffdf4830f95394b', 'network_id': '4653f3af-704c-4496-a9ba-777fe8d838f1', 'ip_version': 4, 'subnetpool_id': None, 'enable_dhcp': False, 'ipv6_ra_mode': None, 'ipv6_address_mode': None, 'gateway_ip': '172.16.0.1', 'cidr': '172.16.0.0/28', 'allocation_pools': [{'start': '172.16.0.2', 'end': '172.16.0.14'}], 'host_routes': [], 'dns_nameservers': [], 'description': '', 'service_types': [], 'segment_id': None, 'tags': [], 'created_at': '2020-06-04T14:40:47Z', 'updated_at': '2020-06-04T14:40:47Z', 'revision_number': 0, 'project_id': '834844969ca2408eaffdf4830f95394b'}, Router: None[00m
2020-06-04 14:40:48.372 6037 INFO tempest.lib.common.rest_client [req-4c351520-5b22-4c2b-8054-06dcafca5dbd ] Request (ServerAddressesTestJSON:setUpClass): 201 POST http://10.13.3.212:5000/v3/auth/tokens 0.333s[00m
2020-06-04 14:40:48.613 6037 INFO tempest.lib.common.rest_client [req-980c9130-c30c-45f8-bf98-55fb2bdacc08 ] Request (ServerAddressesTestJSON:setUpClass): 201 POST http://10.13.3.212:5000/v3/auth/tokens 0.237s[00m
2020-06-04 14:40:48.614 6037 INFO tempest.lib.common.fixed_network [-] (ServerAddressesTestJSON:setUpClass) Found network {'id': '4653f3af-704c-4496-a9ba-777fe8d838f1', 'name': 'tempest-ServerAddressesTestJSON-1624858806-network', 'tenant_id': '834844969ca2408eaffdf4830f95394b', 'admin_state_up': True, 'mtu': 1458, 'status': 'ACTIVE', 'subnets': [], 'shared': False, 'project_id': '834844969ca2408eaffdf4830f95394b', 'router:external': False, 'provider:network_type': 'gre', 'provider:physical_network': None, 'provider:segmentation_id': 3, 'availability_zone_hints': [], 'is_default': False, 'availability_zones': [], 'ipv4_address_scope': None, 'ipv6_address_scope': None, 'description': '', 'l2_adjacency': True, 'tags': [], 'created_at': '2020-06-04T14:40:47Z', 'updated_at': '2020-06-04T14:40:47Z', 'revision_number': 1} available for tenant[00m
2020-06-04 14:40:49.188 6037 INFO tempest.lib.common.rest_client [req-bd8ba3ee-c8ff-4707-9fbc-05534a907966 ] Request (ServerAddressesTestJSON:setUpClass): 202 POST http://10.13.3.195:8774/v2.1/servers 0.573s[00m
2020-06-04 14:40:49.266 6037 INFO tempest.lib.common.rest_client [req-1bc55bd9-5733-40c2-84ae-ee1bdd2c02bb ] Request (ServerAddressesTestJSON:setUpClass): 200 GET http://10.13.3.195:8774/v2.1/servers/72a0d3b9-144f-4dc6-b9e4-756dccc03a2d 0.076s[00m
2020-06-04 14:40:49.420 6040 INFO tempest.lib.common.rest_client [req-5f63b14d-055c-4d15-8c00-d2b0a5d43cd5 ] Request (RoutersTest:test_add_remove_router_interface_with_subnet_id): 200 PUT http://10.13.3.241:9696/v2.0/routers/1d5c148f-ee0b-4f51-880c-0db1a2d67538/add_router_interface 1.870s[00m
2020-06-04 14:40:49.474 6040 INFO tempest.lib.common.rest_client [req-9650541e-dbbc-4089-9e9b-1a6c84a2a6e7 ] Request (RoutersTest:test_add_remove_router_interface_with_subnet_id): 200 GET http://10.13.3.241:9696/v2.0/ports/9f3f26d9-4da9-4ed1-a971-bc02ccc2c761 0.053s[00m
2020-06-04 14:40:50.387 6037 INFO tempest.lib.common.rest_client [req-178106be-302d-4818-8f76-bffb62f011d8 ] Request (ServerAddressesTestJSON:setUpClass): 200 GET http://10.13.3.195:8774/v2.1/servers/72a0d3b9-144f-4dc6-b9e4-756dccc03a2d 0.102s[00m
2020-06-04 14:40:50.397 6037 INFO tempest.common.waiters [-] State transition "BUILD/scheduling" ==> "BUILD/spawning" after 1 second wait[00m
2020-06-04 14:40:51.478 6040 INFO tempest.lib.common.rest_client [req-7cb57fa7-963b-432f-aba9-9905ca048371 ] Request (RoutersTest:_run_cleanups): 200 PUT http://10.13.3.241:9696/v2.0/routers/1d5c148f-ee0b-4f51-880c-0db1a2d67538/remove_router_interface 2.004s[00m
2020-06-04 14:40:51.519 6040 INFO tempest.lib.common.rest_client [req-1540b4aa-de86-486f-8238-40c5bbf727c3 ] Request (RoutersTest:_run_cleanups): 200 GET http://10.13.3.241:9696/v2.0/ports?device_id=1d5c148f-ee0b-4f51-880c-0db1a2d67538 0.040s[00m
2020-06-04 14:40:51.732 6037 INFO tempest.lib.common.rest_client [req-896776fe-fdd7-4b89-af2a-45b70001b000 ] Request (ServerAddressesTestJSON:setUpClass): 200 GET http://10.13.3.195:8774/v2.1/servers/72a0d3b9-144f-4dc6-b9e4-756dccc03a2d 0.332s[00m
2020-06-04 14:40:51.860 6040 INFO tempest.lib.common.rest_client [req-719b35c5-e28f-4e01-a9d0-134a31ec9b5a ] Request (RoutersTest:_run_cleanups): 204 DELETE http://10.13.3.241:9696/v2.0/routers/1d5c148f-ee0b-4f51-880c-0db1a2d67538 0.340s[00m
2020-06-04 14:40:52.267 6040 INFO tempest.lib.common.rest_client [req-22c75227-8d4b-4910-811e-e2f8f814bb8f ] Request (RoutersTest:_run_cleanups): 204 DELETE http://10.13.3.241:9696/v2.0/subnets/8e179db8-2559-4c93-935f-b02c0a749275 0.407s[00m
2020-06-04 14:40:52.879 6037 INFO tempest.lib.common.rest_client [req-9076f7f7-f02b-43ac-aa9e-ffafd5a17586 ] Request (ServerAddressesTestJSON:setUpClass): 200 GET http://10.13.3.195:8774/v2.1/servers/72a0d3b9-144f-4dc6-b9e4-756dccc03a2d 0.136s[00m
2020-06-04 14:40:53.195 6040 INFO tempest.lib.common.rest_client [req-8b98fda6-7ec5-4c24-bb98-f9246e2cf531 ] Request (RoutersTest:_run_cleanups): 204 DELETE http://10.13.3.241:9696/v2.0/networks/2fb65996-4d9a-403a-911b-2532ed646dc4 0.927s[00m
{1} tempest.api.network.test_routers.RoutersTest.test_add_remove_router_interface_with_subnet_id [6.523536s] ... ok
2020-06-04 14:40:54.032 6037 INFO tempest.lib.common.rest_client [req-fe56c240-3357-4879-84b3-caf321de0ac8 ] Request (ServerAddressesTestJSON:setUpClass): 200 GET http://10.13.3.195:8774/v2.1/servers/72a0d3b9-144f-4dc6-b9e4-756dccc03a2d 0.147s[00m
2020-06-04 14:40:54.183 6040 INFO tempest.lib.common.rest_client [req-97a08dab-4180-4b1f-90e8-0c6f739e74ac ] Request (RoutersTest:test_create_show_list_update_delete_router): 201 POST http://10.13.3.241:9696/v2.0/routers 0.985s[00m
2020-06-04 14:40:54.302 6040 INFO tempest.lib.common.rest_client [req-09ee154c-d779-4969-b7d9-61244a8fceb9 ] Request (RoutersTest:test_create_show_list_update_delete_router): 200 GET http://10.13.3.241:9696/v2.0/routers/f3b6bb4b-1937-4c36-8a90-2d41ef8af73a 0.118s[00m
2020-06-04 14:40:54.431 6040 INFO tempest.lib.common.rest_client [req-56633780-9f5e-4f52-93e6-d771d66252a4 ] Request (RoutersTest:test_create_show_list_update_delete_router): 200 GET http://10.13.3.241:9696/v2.0/routers 0.128s[00m
2020-06-04 14:40:55.164 6040 INFO tempest.lib.common.rest_client [req-80897693-9ac6-4fa2-953d-6b5529f2132e ] Request (RoutersTest:test_create_show_list_update_delete_router): 200 PUT http://10.13.3.241:9696/v2.0/routers/f3b6bb4b-1937-4c36-8a90-2d41ef8af73a 0.732s[00m
2020-06-04 14:40:55.210 6037 INFO tempest.lib.common.rest_client [req-969ba3c1-9809-4a0c-863e-a6b7dc9b132a ] Request (ServerAddressesTestJSON:setUpClass): 200 GET http://10.13.3.195:8774/v2.1/servers/72a0d3b9-144f-4dc6-b9e4-756dccc03a2d 0.169s[00m
2020-06-04 14:40:55.312 6040 INFO tempest.lib.common.rest_client [req-2eb237a5-6a28-4e8d-b010-dbb4732bded0 ] Request (RoutersTest:test_create_show_list_update_delete_router): 200 GET http://10.13.3.241:9696/v2.0/routers/f3b6bb4b-1937-4c36-8a90-2d41ef8af73a 0.148s[00m
2020-06-04 14:40:55.354 6040 INFO tempest.lib.common.rest_client [req-2181e85c-3cf2-4dac-8a41-467d9fb762d3 ] Request (RoutersTest:_run_cleanups): 200 GET http://10.13.3.241:9696/v2.0/ports?device_id=f3b6bb4b-1937-4c36-8a90-2d41ef8af73a 0.041s[00m
2020-06-04 14:40:56.445 6040 INFO tempest.lib.common.rest_client [req-19402091-2fec-4d0f-8c27-e5fb7d34f267 ] Request (RoutersTest:_run_cleanups): 204 DELETE http://10.13.3.241:9696/v2.0/routers/f3b6bb4b-1937-4c36-8a90-2d41ef8af73a 1.090s[00m
{1} tempest.api.network.test_routers.RoutersTest.test_create_show_list_update_delete_router [3.248179s] ... ok
2020-06-04 14:40:56.448 6037 INFO tempest.lib.common.rest_client [req-211fdf58-fb4a-439c-99b9-3f519ca9711f ] Request (ServerAddressesTestJSON:setUpClass): 200 GET http://10.13.3.195:8774/v2.1/servers/72a0d3b9-144f-4dc6-b9e4-756dccc03a2d 0.231s[00m
2020-06-04 14:40:56.452 6037 INFO tempest.common.waiters [-] State transition "BUILD/spawning" ==> "ACTIVE/None" after 7 second wait[00m
2020-06-04 14:40:56.476 6040 INFO tempest.lib.common.rest_client [req-b66a544b-cd4c-42df-89a8-0f2af72fb384 ] Request (RoutersTest:tearDownClass): 200 GET http://10.13.3.241:9696/v2.0/ports?device_id=f3b6bb4b-1937-4c36-8a90-2d41ef8af73a 0.029s[00m
2020-06-04 14:40:56.501 6037 INFO tempest.lib.common.rest_client [req-c686342c-60e8-4c9b-a06a-46876b6f666b ] Request (ServerAddressesTestJSON:test_list_server_addresses): 200 GET http://10.13.3.195:8774/v2.1/servers/72a0d3b9-144f-4dc6-b9e4-756dccc03a2d/ips 0.046s[00m
{0} tempest.api.compute.servers.test_server_addresses.ServerAddressesTestJSON.test_list_server_addresses [0.049329s] ... ok
2020-06-04 14:40:56.516 6040 INFO tempest.lib.common.rest_client [req-08fcaa60-ffd3-487f-9e73-a7a120d3183e ] Request (RoutersTest:tearDownClass): 404 DELETE http://10.13.3.241:9696/v2.0/routers/f3b6bb4b-1937-4c36-8a90-2d41ef8af73a 0.039s[00m
2020-06-04 14:40:56.541 6040 INFO tempest.lib.common.rest_client [req-317631df-0877-442f-889f-cdffcd6aa96e ] Request (RoutersTest:tearDownClass): 200 GET http://10.13.3.241:9696/v2.0/ports?device_id=1d5c148f-ee0b-4f51-880c-0db1a2d67538 0.024s[00m
2020-06-04 14:40:56.551 6037 INFO tempest.lib.common.rest_client [req-73c8a41d-28bd-4bcd-8e0a-3071c1e0a3f7 ] Request (ServerAddressesTestJSON:test_list_server_addresses_by_network): 200 GET http://10.13.3.195:8774/v2.1/servers/72a0d3b9-144f-4dc6-b9e4-756dccc03a2d/ips 0.046s[00m
2020-06-04 14:40:56.581 6040 INFO tempest.lib.common.rest_client [req-64df017c-2b05-4759-a540-ac2ede78b0e7 ] Request (RoutersTest:tearDownClass): 404 DELETE http://10.13.3.241:9696/v2.0/routers/1d5c148f-ee0b-4f51-880c-0db1a2d67538 0.040s[00m
2020-06-04 14:40:56.597 6037 INFO tempest.lib.common.rest_client [req-55069c3c-9c4b-43ba-b915-0c9dbd9c6d55 ] Request (ServerAddressesTestJSON:test_list_server_addresses_by_network): 200 GET http://10.13.3.195:8774/v2.1/servers/72a0d3b9-144f-4dc6-b9e4-756dccc03a2d/ips/tempest-ServerAddressesTestJSON-1624858806-network 0.043s[00m
{0} tempest.api.compute.servers.test_server_addresses.ServerAddressesTestJSON.test_list_server_addresses_by_network [0.093908s] ... ok
2020-06-04 14:40:56.613 6040 INFO tempest.lib.common.rest_client [req-60d1755f-c01d-4657-8ac2-f8843d6ee361 ] Request (RoutersTest:tearDownClass): 404 DELETE http://10.13.3.241:9696/v2.0/subnets/8e179db8-2559-4c93-935f-b02c0a749275 0.031s[00m
2020-06-04 14:40:56.639 6040 INFO tempest.lib.common.rest_client [req-3fb5974d-dc9e-4578-b5d8-83b9cbe58417 ] Request (RoutersTest:tearDownClass): 200 GET http://10.13.3.241:9696/v2.0/ports?device_id=e88deb79-2194-4a1a-a68e-5b5c211aa2d2 0.025s[00m
2020-06-04 14:40:56.688 6040 INFO tempest.lib.common.rest_client [req-78cfa231-ef56-40f0-8ab1-873049e99e42 ] Request (RoutersTest:tearDownClass): 404 DELETE http://10.13.3.241:9696/v2.0/routers/e88deb79-2194-4a1a-a68e-5b5c211aa2d2 0.048s[00m
2020-06-04 14:40:56.703 6037 INFO tempest.lib.common.rest_client [req-8734b308-c3b5-4479-b613-462a49b864e1 ] Request (ServerAddressesTestJSON:tearDownClass): 204 DELETE http://10.13.3.195:8774/v2.1/servers/72a0d3b9-144f-4dc6-b9e4-756dccc03a2d 0.102s[00m
2020-06-04 14:40:56.716 6040 INFO tempest.lib.common.rest_client [req-a4daf8c4-91ce-4a97-b70c-628b67b26d61 ] Request (RoutersTest:tearDownClass): 404 DELETE http://10.13.3.241:9696/v2.0/subnets/37956b9e-4e41-4cf1-9425-bd2fe9a8b498 0.028s[00m
2020-06-04 14:40:56.748 6040 INFO tempest.lib.common.rest_client [req-5261c092-2475-4f27-aef0-e675540a788f ] Request (RoutersTest:tearDownClass): 200 GET http://10.13.3.241:9696/v2.0/ports?device_id=fcc51ac8-27c1-46de-828a-65e100058a4d 0.031s[00m
2020-06-04 14:40:56.801 6040 INFO tempest.lib.common.rest_client [req-e7cdc6d5-ab10-4475-967a-f0a8adbf2f99 ] Request (RoutersTest:tearDownClass): 404 DELETE http://10.13.3.241:9696/v2.0/routers/fcc51ac8-27c1-46de-828a-65e100058a4d 0.052s[00m
2020-06-04 14:40:56.831 6037 INFO tempest.lib.common.rest_client [req-93de0c76-6f12-4fe9-9483-425cad3b85df ] Request (ServerAddressesTestJSON:tearDownClass): 200 GET http://10.13.3.195:8774/v2.1/servers/72a0d3b9-144f-4dc6-b9e4-756dccc03a2d 0.126s[00m
2020-06-04 14:40:56.834 6040 INFO tempest.lib.common.rest_client [req-17fb4003-0b84-4356-b40f-c7beedffc84c ] Request (RoutersTest:tearDownClass): 404 DELETE http://10.13.3.241:9696/v2.0/subnets/78ca26db-65cf-4460-842a-888b7a80d8df 0.032s[00m
2020-06-04 14:40:56.862 6040 INFO tempest.lib.common.rest_client [req-19390a16-7a6d-4789-80ed-84b4a8d8b7d3 ] Request (RoutersTest:tearDownClass): 404 DELETE http://10.13.3.241:9696/v2.0/subnets/d32b2411-f3ab-4325-896c-ba1a75a2f49f 0.028s[00m
2020-06-04 14:40:56.950 6040 INFO tempest.lib.common.rest_client [req-84f7d09d-67dc-45c7-9121-0ecf21dba48b ] Request (RoutersTest:tearDownClass): 204 DELETE http://10.13.3.212:35357/v3/users/a5ffeca3a3174284992011c0521df2c7 0.086s[00m
2020-06-04 14:40:57.229 6040 INFO tempest.lib.common.rest_client [req-be7fc7b3-fefa-4837-9968-4ba4cafe2452 ] Request (RoutersTest:tearDownClass): 201 POST http://10.13.3.212:5000/v3/auth/tokens 0.277s[00m
2020-06-04 14:40:57.342 6040 INFO tempest.lib.common.rest_client [req-77a75298-7507-4dd8-bb33-d53539a22f3f ] Request (RoutersTest:tearDownClass): 200 GET http://10.13.3.241:9696/v2.0/security-groups?tenant_id=48e6f85ff4c3422c88e2cf333504ea38&name=default 0.110s[00m
2020-06-04 14:40:57.425 6040 INFO tempest.lib.common.rest_client [req-2be18b66-854b-4b41-a67f-3bc7bd626d77 ] Request (RoutersTest:tearDownClass): 204 DELETE http://10.13.3.241:9696/v2.0/security-groups/e426d6fc-efaf-4be6-8ef5-111e324e80fa 0.081s[00m
2020-06-04 14:40:57.526 6040 INFO tempest.lib.common.rest_client [req-c54705db-08ee-4a57-ab34-5909ed1c06c7 ] Request (RoutersTest:tearDownClass): 204 DELETE http://10.13.3.212:35357/v3/projects/48e6f85ff4c3422c88e2cf333504ea38 0.099s[00m
2020-06-04 14:40:57.529 6040 INFO tempest.test [-] <class 'unittest.case.SkipTest'> raised in AccountQuotasTest.setUpClass. Invoking tearDownClass.[00m
{1} setUpClass (tempest.api.object_storage.test_account_quotas.AccountQuotasTest) ... SKIPPED: AccountQuotasTest skipped as swift is not available
2020-06-04 14:40:57.530 6040 INFO tempest.test [-] <class 'unittest.case.SkipTest'> raised in ContainerTest.setUpClass. Invoking tearDownClass.[00m
{1} setUpClass (tempest.api.object_storage.test_container_services.ContainerTest) ... SKIPPED: ContainerTest skipped as swift is not available
2020-06-04 14:40:57.805 6040 INFO tempest.lib.common.rest_client [req-2c38f00e-5a24-4bc0-8b88-c0a4495dd77a ] Request (VolumesListTestJSON:setUpClass): 201 POST http://10.13.3.212:5000/v3/auth/tokens 0.273s[00m
2020-06-04 14:40:58.075 6037 INFO tempest.lib.common.rest_client [req-85adf217-520d-4672-ad14-024dd1a2a967 ] Request (ServerAddressesTestJSON:tearDownClass): 200 GET http://10.13.3.195:8774/v2.1/servers/72a0d3b9-144f-4dc6-b9e4-756dccc03a2d 0.233s[00m
2020-06-04 14:40:58.141 6040 INFO tempest.lib.common.rest_client [req-5428dfc0-cb47-4d25-b106-5df61f7c7235 ] Request (VolumesListTestJSON:setUpClass): 201 POST http://10.13.3.212:5000/v3/auth/tokens 0.256s[00m
2020-06-04 14:40:58.166 6040 INFO tempest.lib.common.rest_client [req-501b2d68-e261-4da7-9418-819598a13bb9 ] Request (VolumesListTestJSON:setUpClass): 200 GET http://10.13.3.212:35357/v3/domains?name=admin_domain 0.025s[00m
2020-06-04 14:40:58.199 6040 INFO tempest.lib.common.rest_client [req-30b4509e-9c71-412f-89d4-363944b9b219 ] Request (VolumesListTestJSON:setUpClass): 201 POST http://10.13.3.212:35357/v3/projects 0.031s[00m
2020-06-04 14:40:58.481 6040 INFO tempest.lib.common.rest_client [req-f6ae6919-a99c-41c2-b072-3fd86ce2dfa7 ] Request (VolumesListTestJSON:setUpClass): 201 POST http://10.13.3.212:35357/v3/users 0.279s[00m
2020-06-04 14:40:58.504 6040 INFO tempest.lib.common.rest_client [req-e651fdd7-1a08-4d19-b52f-3bf2f2623f52 ] Request (VolumesListTestJSON:setUpClass): 200 GET http://10.13.3.212:35357/v3/roles 0.021s[00m
2020-06-04 14:40:58.525 6040 INFO tempest.lib.common.rest_client [req-e8535dde-9762-4e68-aad4-55b96b12e8dc ] Request (VolumesListTestJSON:setUpClass): 200 GET http://10.13.3.212:35357/v3/roles 0.019s[00m
2020-06-04 14:40:58.568 6040 INFO tempest.lib.common.rest_client [req-158a411e-18e6-4d9d-82ae-19e77648dae1 ] Request (VolumesListTestJSON:setUpClass): 204 PUT http://10.13.3.212:35357/v3/projects/0f2c1b57e6bb45059fc5544f99530c02/users/3cc931197db847e4af70d94b6f4710fd/roles/1bf9b326490849fd937b7ebe631bbad1 0.041s[00m
2020-06-04 14:40:58.570 6040 INFO tempest.lib.common.dynamic_creds [-] Acquired dynamic creds:
 credentials: Credentials: {'domain_id': 'b934c5ba7806401da48e386d47bda1d9', 'domain_name': 'admin_domain', 'username': 'tempest-VolumesListTestJSON-2062064941', 'project_domain_id': 'b934c5ba7806401da48e386d47bda1d9', 'project_domain_name': 'admin_domain', 'project_id': '0f2c1b57e6bb45059fc5544f99530c02', 'project_name': 'tempest-VolumesListTestJSON-2062064941', 'tenant_id': '0f2c1b57e6bb45059fc5544f99530c02', 'tenant_name': 'tempest-VolumesListTestJSON-2062064941', 'user_domain_id': 'b934c5ba7806401da48e386d47bda1d9', 'user_domain_name': 'admin_domain', 'user_id': '3cc931197db847e4af70d94b6f4710fd'}, Network: None, Subnet: None, Router: None[00m
2020-06-04 14:40:58.571 6040 INFO tempest.lib.common.dynamic_creds [-] Created isolated network resources for:
 credentials: Credentials: {'domain_id': 'b934c5ba7806401da48e386d47bda1d9', 'domain_name': 'admin_domain', 'username': 'tempest-VolumesListTestJSON-2062064941', 'project_domain_id': 'b934c5ba7806401da48e386d47bda1d9', 'project_domain_name': 'admin_domain', 'project_id': '0f2c1b57e6bb45059fc5544f99530c02', 'project_name': 'tempest-VolumesListTestJSON-2062064941', 'tenant_id': '0f2c1b57e6bb45059fc5544f99530c02', 'tenant_name': 'tempest-VolumesListTestJSON-2062064941', 'user_domain_id': 'b934c5ba7806401da48e386d47bda1d9', 'user_domain_name': 'admin_domain', 'user_id': '3cc931197db847e4af70d94b6f4710fd'}, Network: None, Subnet: None, Router: None[00m
2020-06-04 14:40:58.864 6040 INFO tempest.lib.common.rest_client [req-5e6490d0-257e-46ab-a677-a72a2d2e3fb4 ] Request (VolumesListTestJSON:setUpClass): 201 POST http://10.13.3.212:5000/v3/auth/tokens 0.289s[00m
2020-06-04 14:40:58.996 6040 INFO tempest.lib.common.rest_client [req-bc10aa4e-3c67-488d-be05-78ae356ec8bd ] Request (VolumesListTestJSON:setUpClass): 200 GET http://10.13.3.192:8776/v3/0f2c1b57e6bb45059fc5544f99530c02/volumes 0.131s[00m
2020-06-04 14:40:59.128 6037 INFO tempest.lib.common.rest_client [req-dc0a8717-1999-469a-a1bf-10fae699421b ] Request (ServerAddressesTestJSON:tearDownClass): 404 GET http://10.13.3.195:8774/v2.1/servers/72a0d3b9-144f-4dc6-b9e4-756dccc03a2d 0.046s[00m
2020-06-04 14:40:59.191 6040 INFO tempest.lib.common.rest_client [req-fb042049-6976-4e99-a054-c664bb097669 ] Request (VolumesListTestJSON:setUpClass): 202 POST http://10.13.3.192:8776/v3/0f2c1b57e6bb45059fc5544f99530c02/volumes 0.194s[00m
2020-06-04 14:40:59.252 6040 INFO tempest.lib.common.rest_client [req-4295d2da-310f-47b4-b728-c324d911854b ] Request (VolumesListTestJSON:setUpClass): 200 GET http://10.13.3.192:8776/v3/0f2c1b57e6bb45059fc5544f99530c02/volumes/9c93e5cb-bf4c-4bbc-923c-02c693ab0acb 0.059s[00m
2020-06-04 14:40:59.474 6037 INFO tempest.lib.common.rest_client [req-3830ac90-8700-44d0-93a7-cbfc98ee12b8 ] Request (ServerAddressesTestJSON:tearDownClass): 204 DELETE http://10.13.3.241:9696/v2.0/subnets/9029e7e7-382a-4062-a450-6f1b154df534 0.346s[00m
2020-06-04 14:41:00.040 6037 INFO tempest.lib.common.rest_client [req-8b8be666-5068-4d44-acac-511433d85ccb ] Request (ServerAddressesTestJSON:tearDownClass): 204 DELETE http://10.13.3.241:9696/v2.0/networks/4653f3af-704c-4496-a9ba-777fe8d838f1 0.565s[00m
2020-06-04 14:41:00.155 6037 INFO tempest.lib.common.rest_client [req-0315484f-e26f-4818-a2e6-d70c1510698f ] Request (ServerAddressesTestJSON:tearDownClass): 204 DELETE http://10.13.3.212:35357/v3/users/eb2747a876dd4ae783509743ac9054ac 0.114s[00m
2020-06-04 14:41:00.196 6037 INFO tempest.lib.common.rest_client [req-c938674d-10d0-42ef-bdd3-b63b6933cf7f ] Request (ServerAddressesTestJSON:tearDownClass): 200 GET http://10.13.3.241:9696/v2.0/security-groups?tenant_id=834844969ca2408eaffdf4830f95394b&name=default 0.036s[00m
2020-06-04 14:41:00.305 6037 INFO tempest.lib.common.rest_client [req-3349aeb9-416f-488e-8d1d-ff7e5432c593 ] Request (ServerAddressesTestJSON:tearDownClass): 204 DELETE http://10.13.3.241:9696/v2.0/security-groups/3920d421-e739-41a1-b252-1d2c279520c0 0.107s[00m
2020-06-04 14:41:00.320 6040 INFO tempest.lib.common.rest_client [req-2fb58798-298b-494c-a440-21135a4f90ec ] Request (VolumesListTestJSON:setUpClass): 200 GET http://10.13.3.192:8776/v3/0f2c1b57e6bb45059fc5544f99530c02/volumes/9c93e5cb-bf4c-4bbc-923c-02c693ab0acb 0.067s[00m
2020-06-04 14:41:00.320 6040 INFO tempest.common.waiters [-] volume 9c93e5cb-bf4c-4bbc-923c-02c693ab0acb reached available after waiting for 1.320872 seconds[00m
2020-06-04 14:41:00.373 6040 INFO tempest.lib.common.rest_client [req-4efd267f-e4d0-44a9-9e6d-7ca2bd925c67 ] Request (VolumesListTestJSON:setUpClass): 200 GET http://10.13.3.192:8776/v3/0f2c1b57e6bb45059fc5544f99530c02/volumes/9c93e5cb-bf4c-4bbc-923c-02c693ab0acb 0.052s[00m
2020-06-04 14:41:00.401 6037 INFO tempest.lib.common.rest_client [req-2b13a988-e851-4894-92aa-e4dfb211ee3b ] Request (ServerAddressesTestJSON:tearDownClass): 204 DELETE http://10.13.3.212:35357/v3/projects/834844969ca2408eaffdf4830f95394b 0.093s[00m
2020-06-04 14:41:00.404 6037 INFO tempest.test [-] <class 'unittest.case.SkipTest'> raised in ServicesTestJSON.setUpClass. Invoking tearDownClass.[00m
{0} setUpClass (tempest.api.identity.admin.v2.test_services.ServicesTestJSON) ... SKIPPED: Identity api v2 is not enabled
2020-06-04 14:41:00.575 6040 INFO tempest.lib.common.rest_client [req-81adae71-0e2d-4b7d-8458-a24e05686663 ] Request (VolumesListTestJSON:setUpClass): 202 POST http://10.13.3.192:8776/v3/0f2c1b57e6bb45059fc5544f99530c02/volumes 0.202s[00m
2020-06-04 14:41:00.634 6040 INFO tempest.lib.common.rest_client [req-b6614992-7a67-40bd-9bd2-721b616fc7df ] Request (VolumesListTestJSON:setUpClass): 200 GET http://10.13.3.192:8776/v3/0f2c1b57e6bb45059fc5544f99530c02/volumes/f7a3bbe3-9f67-4c0a-8144-9cfbf43fa3b3 0.058s[00m
2020-06-04 14:41:00.692 6037 INFO tempest.lib.common.rest_client [req-2b6faa24-1c36-4d25-b520-ac95079212e6 ] Request (RegionsTestJSON:setUpClass): 201 POST http://10.13.3.212:5000/v3/auth/tokens 0.284s[00m
2020-06-04 14:41:00.957 6037 INFO tempest.lib.common.rest_client [req-eddf0928-88a6-4d95-99f9-941e3fa6211f ] Request (RegionsTestJSON:setUpClass): 201 POST http://10.13.3.212:5000/v3/auth/tokens 0.261s[00m
2020-06-04 14:41:00.987 6037 INFO tempest.lib.common.rest_client [req-2bee6a87-3018-4c71-b537-5a91fa46f5e7 ] Request (RegionsTestJSON:setUpClass): 200 GET http://10.13.3.212:35357/v3/domains?name=admin_domain 0.028s[00m
2020-06-04 14:41:01.020 6037 INFO tempest.lib.common.rest_client [req-6fd89204-3d96-4687-8f09-87b1731ca451 ] Request (RegionsTestJSON:setUpClass): 201 POST http://10.13.3.212:35357/v3/projects 0.030s[00m
2020-06-04 14:41:01.281 6037 INFO tempest.lib.common.rest_client [req-f3f0a72d-0238-48f3-b0aa-325dd510b92d ] Request (RegionsTestJSON:setUpClass): 201 POST http://10.13.3.212:35357/v3/users 0.260s[00m
2020-06-04 14:41:01.310 6037 INFO tempest.lib.common.rest_client [req-8240e983-64f6-49aa-8728-f6370155c553 ] Request (RegionsTestJSON:setUpClass): 200 GET http://10.13.3.212:35357/v3/roles 0.029s[00m
2020-06-04 14:41:01.381 6037 INFO tempest.lib.common.rest_client [req-86c690fd-8ba8-4abd-b1ca-b90769914ba4 ] Request (RegionsTestJSON:setUpClass): 200 GET http://10.13.3.212:35357/v3/roles 0.068s[00m
2020-06-04 14:41:01.424 6037 INFO tempest.lib.common.rest_client [req-91cf9dea-a999-419f-b793-8f8c290113c7 ] Request (RegionsTestJSON:setUpClass): 204 PUT http://10.13.3.212:35357/v3/projects/3976a4c523c443efa7a677bd95664cb0/users/f164a2f46ddc4cc2adb7cd40772d3bfb/roles/1bf9b326490849fd937b7ebe631bbad1 0.040s[00m
2020-06-04 14:41:01.427 6037 INFO tempest.lib.common.dynamic_creds [-] Acquired dynamic creds:
 credentials: Credentials: {'domain_id': 'b934c5ba7806401da48e386d47bda1d9', 'domain_name': 'admin_domain', 'username': 'tempest-RegionsTestJSON-894989146', 'project_domain_id': 'b934c5ba7806401da48e386d47bda1d9', 'project_domain_name': 'admin_domain', 'project_id': '3976a4c523c443efa7a677bd95664cb0', 'project_name': 'tempest-RegionsTestJSON-894989146', 'tenant_id': '3976a4c523c443efa7a677bd95664cb0', 'tenant_name': 'tempest-RegionsTestJSON-894989146', 'user_domain_id': 'b934c5ba7806401da48e386d47bda1d9', 'user_domain_name': 'admin_domain', 'user_id': 'f164a2f46ddc4cc2adb7cd40772d3bfb'}, Network: None, Subnet: None, Router: None[00m
2020-06-04 14:41:01.431 6037 INFO tempest.lib.common.dynamic_creds [-] Created isolated network resources for:
 credentials: Credentials: {'domain_id': 'b934c5ba7806401da48e386d47bda1d9', 'domain_name': 'admin_domain', 'username': 'tempest-RegionsTestJSON-894989146', 'project_domain_id': 'b934c5ba7806401da48e386d47bda1d9', 'project_domain_name': 'admin_domain', 'project_id': '3976a4c523c443efa7a677bd95664cb0', 'project_name': 'tempest-RegionsTestJSON-894989146', 'tenant_id': '3976a4c523c443efa7a677bd95664cb0', 'tenant_name': 'tempest-RegionsTestJSON-894989146', 'user_domain_id': 'b934c5ba7806401da48e386d47bda1d9', 'user_domain_name': 'admin_domain', 'user_id': 'f164a2f46ddc4cc2adb7cd40772d3bfb'}, Network: None, Subnet: None, Router: None[00m
2020-06-04 14:41:01.688 6040 INFO tempest.lib.common.rest_client [req-ac22ab20-5d49-4d90-9c80-413cd1a4d469 ] Request (VolumesListTestJSON:setUpClass): 200 GET http://10.13.3.192:8776/v3/0f2c1b57e6bb45059fc5544f99530c02/volumes/f7a3bbe3-9f67-4c0a-8144-9cfbf43fa3b3 0.052s[00m
2020-06-04 14:41:01.690 6040 INFO tempest.common.waiters [-] volume f7a3bbe3-9f67-4c0a-8144-9cfbf43fa3b3 reached available after waiting for 1.690085 seconds[00m
