2020-06-04 14:38:13.426 6037 INFO tempest.lib.common.rest_client [req-c7a2e566-4adf-4a88-8891-e67116976f92 ] Request (ServersTestBootFromVolume:setUpClass): 201 POST http://10.13.3.241:9696/v2.0/security-groups 0.153s[00m
2020-06-04 14:38:13.512 6037 INFO tempest.lib.common.rest_client [req-a7b63e56-ec16-4a7f-b634-328273a4264d ] Request (ServersTestBootFromVolume:setUpClass): 201 POST http://10.13.3.241:9696/v2.0/security-group-rules 0.084s[00m
2020-06-04 14:38:13.599 6037 INFO tempest.lib.common.rest_client [req-6a3002d7-6b41-4416-bc75-544b1466a923 ] Request (ServersTestBootFromVolume:setUpClass): 201 POST http://10.13.3.241:9696/v2.0/security-group-rules 0.086s[00m
2020-06-04 14:38:13.664 6040 INFO tempest.lib.common.rest_client [req-35a51d96-791e-431e-8c43-34769762e202 ] Request (AttachInterfacesUnderV243Test:test_add_remove_fixed_ip): 200 GET http://10.13.3.195:8774/v2.1/servers/92db5278-353a-4216-9596-59d4deb49514 0.145s[00m
2020-06-04 14:38:13.669 6040 INFO tempest.common.waiters [-] State transition "BUILD/spawning" ==> "ACTIVE/None" after 6 second wait[00m
2020-06-04 14:38:13.768 6040 INFO tempest.lib.common.rest_client [req-eb81a3de-7bc5-4fdf-8af1-f068ce9874ae ] Request (AttachInterfacesUnderV243Test:test_add_remove_fixed_ip): 200 GET http://10.13.3.195:8774/v2.1/servers/92db5278-353a-4216-9596-59d4deb49514/os-interface 0.098s[00m
2020-06-04 14:38:14.837 6037 INFO tempest.lib.common.rest_client [req-86bb95c6-7a13-44d0-895e-ba46b36c308c ] Request (ServersTestBootFromVolume:setUpClass): 201 POST http://10.13.3.241:9696/v2.0/floatingips 1.236s[00m
2020-06-04 14:38:15.036 6040 INFO tempest.lib.common.rest_client [req-8cf02a0c-ffc3-41a8-863e-581ca6c8c4d4 ] Request (AttachInterfacesUnderV243Test:test_add_remove_fixed_ip): 200 PUT http://10.13.3.241:9696/v2.0/floatingips/3af4c002-ef87-4220-acf2-9b6461d6ff55 1.260s[00m
2020-06-04 14:38:15.091 6037 INFO tempest.lib.common.rest_client [req-ce105777-4c0b-4ebe-93e2-ef39f5e15c09 ] Request (ServersTestBootFromVolume:setUpClass): 201 POST http://10.13.3.212:5000/v3/auth/tokens 0.250s[00m
2020-06-04 14:38:15.092 6037 INFO tempest.lib.common.fixed_network [-] (ServersTestBootFromVolume:setUpClass) Found network {'id': 'e62e1762-f0fb-4dde-97b6-b3fa0f8885df', 'name': 'tempest-ServersTestBootFromVolume-1449629051-network', 'tenant_id': '7d28d52a68964e0da6d97b18cf82a789', 'admin_state_up': True, 'mtu': 1458, 'status': 'ACTIVE', 'subnets': [], 'shared': False, 'project_id': '7d28d52a68964e0da6d97b18cf82a789', 'router:external': False, 'provider:network_type': 'gre', 'provider:physical_network': None, 'provider:segmentation_id': 2, 'availability_zone_hints': [], 'is_default': False, 'availability_zones': [], 'ipv4_address_scope': None, 'ipv6_address_scope': None, 'description': '', 'l2_adjacency': True, 'tags': [], 'created_at': '2020-06-04T14:38:08Z', 'updated_at': '2020-06-04T14:38:08Z', 'revision_number': 1} available for tenant[00m
2020-06-04 14:38:15.166 6040 INFO tempest.lib.common.rest_client [req-cab9922c-021b-4052-b883-efbe6ae7b579 ] Request (AttachInterfacesUnderV243Test:test_add_remove_fixed_ip): 200 GET http://10.13.3.195:8774/v2.1/servers/92db5278-353a-4216-9596-59d4deb49514 0.130s[00m
2020-06-04 14:38:15.173 6040 INFO tempest.lib.common.ssh [-] Creating ssh connection to '10.13.3.187:22' as 'ubuntu' with public key authentication[00m
2020-06-04 14:38:15.991 6037 INFO tempest.lib.common.rest_client [req-946e201f-d10e-48c8-a665-1f9594bbc9d9 ] Request (ServersTestBootFromVolume:setUpClass): 202 POST http://10.13.3.192:8776/v3/7d28d52a68964e0da6d97b18cf82a789/volumes 0.898s[00m
2020-06-04 14:38:16.049 6037 INFO tempest.lib.common.rest_client [req-e1453bcb-dd90-49be-8760-8dd62d59ba40 ] Request (ServersTestBootFromVolume:setUpClass): 200 GET http://10.13.3.192:8776/v3/7d28d52a68964e0da6d97b18cf82a789/volumes/d5a247f5-4876-4d6b-88e2-e7efa0e384d6 0.057s[00m
2020-06-04 14:38:17.103 6037 INFO tempest.lib.common.rest_client [req-2d25fecc-2111-4c9d-ac0c-ba2a22ab5496 ] Request (ServersTestBootFromVolume:setUpClass): 200 GET http://10.13.3.192:8776/v3/7d28d52a68964e0da6d97b18cf82a789/volumes/d5a247f5-4876-4d6b-88e2-e7efa0e384d6 0.052s[00m
2020-06-04 14:38:18.172 6037 INFO tempest.lib.common.rest_client [req-14ce3812-f84f-49e9-8792-4d3864fe3981 ] Request (ServersTestBootFromVolume:setUpClass): 200 GET http://10.13.3.192:8776/v3/7d28d52a68964e0da6d97b18cf82a789/volumes/d5a247f5-4876-4d6b-88e2-e7efa0e384d6 0.067s[00m
2020-06-04 14:38:18.174 6040 WARNING tempest.lib.common.ssh [-] Failed to establish authenticated ssh connection to ubuntu@10.13.3.187 ([Errno None] Unable to connect to port 22 on 10.13.3.187). Number attempts: 1. Retry after 2 seconds.: paramiko.ssh_exception.NoValidConnectionsError: [Errno None] Unable to connect to port 22 on 10.13.3.187[00m
2020-06-04 14:38:19.236 6037 INFO tempest.lib.common.rest_client [req-8b14b4a4-b62b-4d3f-8532-902f94c701f7 ] Request (ServersTestBootFromVolume:setUpClass): 200 GET http://10.13.3.192:8776/v3/7d28d52a68964e0da6d97b18cf82a789/volumes/d5a247f5-4876-4d6b-88e2-e7efa0e384d6 0.060s[00m
2020-06-04 14:38:20.304 6037 INFO tempest.lib.common.rest_client [req-c276207b-3ed6-45ac-a1e1-0b70fa880e28 ] Request (ServersTestBootFromVolume:setUpClass): 200 GET http://10.13.3.192:8776/v3/7d28d52a68964e0da6d97b18cf82a789/volumes/d5a247f5-4876-4d6b-88e2-e7efa0e384d6 0.066s[00m
2020-06-04 14:38:20.678 6040 WARNING tempest.lib.common.ssh [-] Failed to establish authenticated ssh connection to ubuntu@10.13.3.187 ([Errno None] Unable to connect to port 22 on 10.13.3.187). Number attempts: 2. Retry after 3 seconds.: paramiko.ssh_exception.NoValidConnectionsError: [Errno None] Unable to connect to port 22 on 10.13.3.187[00m
2020-06-04 14:38:21.375 6037 INFO tempest.lib.common.rest_client [req-31146061-c78c-4aee-a70a-3d2d810424fe ] Request (ServersTestBootFromVolume:setUpClass): 200 GET http://10.13.3.192:8776/v3/7d28d52a68964e0da6d97b18cf82a789/volumes/d5a247f5-4876-4d6b-88e2-e7efa0e384d6 0.066s[00m
2020-06-04 14:38:22.433 6037 INFO tempest.lib.common.rest_client [req-3a597d03-4837-4e45-bc5e-b2e237099bf3 ] Request (ServersTestBootFromVolume:setUpClass): 200 GET http://10.13.3.192:8776/v3/7d28d52a68964e0da6d97b18cf82a789/volumes/d5a247f5-4876-4d6b-88e2-e7efa0e384d6 0.057s[00m
2020-06-04 14:38:23.501 6037 INFO tempest.lib.common.rest_client [req-5974fe26-9dbd-408a-9656-496be037d6ef ] Request (ServersTestBootFromVolume:setUpClass): 200 GET http://10.13.3.192:8776/v3/7d28d52a68964e0da6d97b18cf82a789/volumes/d5a247f5-4876-4d6b-88e2-e7efa0e384d6 0.066s[00m
2020-06-04 14:38:24.181 6040 WARNING tempest.lib.common.ssh [-] Failed to establish authenticated ssh connection to ubuntu@10.13.3.187 ([Errno None] Unable to connect to port 22 on 10.13.3.187). Number attempts: 3. Retry after 4 seconds.: paramiko.ssh_exception.NoValidConnectionsError: [Errno None] Unable to connect to port 22 on 10.13.3.187[00m
2020-06-04 14:38:24.583 6037 INFO tempest.lib.common.rest_client [req-056b5730-5a50-4e11-ac54-799fc52b02af ] Request (ServersTestBootFromVolume:setUpClass): 200 GET http://10.13.3.192:8776/v3/7d28d52a68964e0da6d97b18cf82a789/volumes/d5a247f5-4876-4d6b-88e2-e7efa0e384d6 0.079s[00m
2020-06-04 14:38:25.726 6037 INFO tempest.lib.common.rest_client [req-5d4d7965-1979-4beb-ab20-7d88e968a89d ] Request (ServersTestBootFromVolume:setUpClass): 200 GET http://10.13.3.192:8776/v3/7d28d52a68964e0da6d97b18cf82a789/volumes/d5a247f5-4876-4d6b-88e2-e7efa0e384d6 0.139s[00m
2020-06-04 14:38:26.799 6037 INFO tempest.lib.common.rest_client [req-2c06668d-2ed8-4b3b-86ef-2ab8611e869a ] Request (ServersTestBootFromVolume:setUpClass): 200 GET http://10.13.3.192:8776/v3/7d28d52a68964e0da6d97b18cf82a789/volumes/d5a247f5-4876-4d6b-88e2-e7efa0e384d6 0.070s[00m
2020-06-04 14:38:27.865 6037 INFO tempest.lib.common.rest_client [req-f53bac1a-51f7-44ca-a670-788d5e93c58c ] Request (ServersTestBootFromVolume:setUpClass): 200 GET http://10.13.3.192:8776/v3/7d28d52a68964e0da6d97b18cf82a789/volumes/d5a247f5-4876-4d6b-88e2-e7efa0e384d6 0.063s[00m
2020-06-04 14:38:28.695 6040 WARNING tempest.lib.common.ssh [-] Failed to establish authenticated ssh connection to ubuntu@10.13.3.187 ([Errno None] Unable to connect to port 22 on 10.13.3.187). Number attempts: 4. Retry after 5 seconds.: paramiko.ssh_exception.NoValidConnectionsError: [Errno None] Unable to connect to port 22 on 10.13.3.187[00m
2020-06-04 14:38:28.936 6037 INFO tempest.lib.common.rest_client [req-d9b796f6-0945-41e4-a913-c7b09e6db5b8 ] Request (ServersTestBootFromVolume:setUpClass): 200 GET http://10.13.3.192:8776/v3/7d28d52a68964e0da6d97b18cf82a789/volumes/d5a247f5-4876-4d6b-88e2-e7efa0e384d6 0.067s[00m
2020-06-04 14:38:30.005 6037 INFO tempest.lib.common.rest_client [req-08e6d6e2-c0e3-4109-82f7-26bd35da1623 ] Request (ServersTestBootFromVolume:setUpClass): 200 GET http://10.13.3.192:8776/v3/7d28d52a68964e0da6d97b18cf82a789/volumes/d5a247f5-4876-4d6b-88e2-e7efa0e384d6 0.068s[00m
2020-06-04 14:38:31.104 6037 INFO tempest.lib.common.rest_client [req-5763e2cb-e26e-4efa-a10a-fd07070929a9 ] Request (ServersTestBootFromVolume:setUpClass): 200 GET http://10.13.3.192:8776/v3/7d28d52a68964e0da6d97b18cf82a789/volumes/d5a247f5-4876-4d6b-88e2-e7efa0e384d6 0.094s[00m
2020-06-04 14:38:32.157 6037 INFO tempest.lib.common.rest_client [req-de03bcd3-cc0c-4c9e-9655-12b9aeb78a36 ] Request (ServersTestBootFromVolume:setUpClass): 200 GET http://10.13.3.192:8776/v3/7d28d52a68964e0da6d97b18cf82a789/volumes/d5a247f5-4876-4d6b-88e2-e7efa0e384d6 0.051s[00m
2020-06-04 14:38:33.212 6037 INFO tempest.lib.common.rest_client [req-baedc457-c90f-46ae-9c55-a389ef9c1943 ] Request (ServersTestBootFromVolume:setUpClass): 200 GET http://10.13.3.192:8776/v3/7d28d52a68964e0da6d97b18cf82a789/volumes/d5a247f5-4876-4d6b-88e2-e7efa0e384d6 0.053s[00m
2020-06-04 14:38:34.210 6040 WARNING tempest.lib.common.ssh [-] Failed to establish authenticated ssh connection to ubuntu@10.13.3.187 ([Errno None] Unable to connect to port 22 on 10.13.3.187). Number attempts: 5. Retry after 6 seconds.: paramiko.ssh_exception.NoValidConnectionsError: [Errno None] Unable to connect to port 22 on 10.13.3.187[00m
2020-06-04 14:38:34.273 6037 INFO tempest.lib.common.rest_client [req-2d6e0358-ae23-47bb-80e7-16ff376b953e ] Request (ServersTestBootFromVolume:setUpClass): 200 GET http://10.13.3.192:8776/v3/7d28d52a68964e0da6d97b18cf82a789/volumes/d5a247f5-4876-4d6b-88e2-e7efa0e384d6 0.060s[00m
2020-06-04 14:38:35.418 6037 INFO tempest.lib.common.rest_client [req-5066af06-f74d-4bbb-ab2d-ba99ef37184e ] Request (ServersTestBootFromVolume:setUpClass): 200 GET http://10.13.3.192:8776/v3/7d28d52a68964e0da6d97b18cf82a789/volumes/d5a247f5-4876-4d6b-88e2-e7efa0e384d6 0.140s[00m
2020-06-04 14:38:36.485 6037 INFO tempest.lib.common.rest_client [req-e56497ad-2dd7-4a4d-b84f-d620a7df8fcf ] Request (ServersTestBootFromVolume:setUpClass): 200 GET http://10.13.3.192:8776/v3/7d28d52a68964e0da6d97b18cf82a789/volumes/d5a247f5-4876-4d6b-88e2-e7efa0e384d6 0.065s[00m
2020-06-04 14:38:37.538 6037 INFO tempest.lib.common.rest_client [req-069214ba-fb04-4a5c-9b4e-1b2c1474eb1b ] Request (ServersTestBootFromVolume:setUpClass): 200 GET http://10.13.3.192:8776/v3/7d28d52a68964e0da6d97b18cf82a789/volumes/d5a247f5-4876-4d6b-88e2-e7efa0e384d6 0.051s[00m
2020-06-04 14:38:37.539 6037 INFO tempest.common.waiters [-] volume d5a247f5-4876-4d6b-88e2-e7efa0e384d6 reached available after waiting for 21.539225 seconds[00m
2020-06-04 14:38:38.467 6037 INFO tempest.lib.common.rest_client [req-25160fbc-532f-439f-8864-0a70b3e0823a ] Request (ServersTestBootFromVolume:setUpClass): 202 POST http://10.13.3.195:8774/v2.1/servers 0.928s[00m
2020-06-04 14:38:38.534 6037 INFO tempest.lib.common.rest_client [req-f7c3f3cf-b29e-4c45-86b5-faafe21abb9d ] Request (ServersTestBootFromVolume:setUpClass): 200 GET http://10.13.3.195:8774/v2.1/servers/4decf1c7-80fd-4f6b-a5a8-597c9a2eec1f 0.065s[00m
2020-06-04 14:38:39.691 6037 INFO tempest.lib.common.rest_client [req-7c0836f9-71d2-49a9-bdc8-75999cce015b ] Request (ServersTestBootFromVolume:setUpClass): 200 GET http://10.13.3.195:8774/v2.1/servers/4decf1c7-80fd-4f6b-a5a8-597c9a2eec1f 0.151s[00m
2020-06-04 14:38:39.699 6037 INFO tempest.common.waiters [-] State transition "BUILD/scheduling" ==> "BUILD/block_device_mapping" after 1 second wait[00m
2020-06-04 14:38:40.727 6040 INFO paramiko.transport [-] Connected (version 2.0, client OpenSSH_7.6p1)[00m
2020-06-04 14:38:40.851 6040 INFO paramiko.transport [-] Authentication (publickey) successful![00m
2020-06-04 14:38:40.852 6040 INFO tempest.lib.common.ssh [-] ssh connection to ubuntu@10.13.3.187 successfully created[00m
2020-06-04 14:38:40.875 6037 INFO tempest.lib.common.rest_client [req-648bc3f8-4726-4324-8f2a-d56f8d379f5a ] Request (ServersTestBootFromVolume:setUpClass): 200 GET http://10.13.3.195:8774/v2.1/servers/4decf1c7-80fd-4f6b-a5a8-597c9a2eec1f 0.175s[00m
2020-06-04 14:38:40.880 6037 INFO tempest.common.waiters [-] State transition "BUILD/block_device_mapping" ==> "BUILD/spawning" after 2 second wait[00m
2020-06-04 14:38:40.947 6040 INFO tempest.lib.common.rest_client [req-01c86354-cb15-4dff-b6ee-378ae61c5ab5 ] Request (AttachInterfacesUnderV243Test:test_add_remove_fixed_ip): 200 GET http://10.13.3.195:8774/v2.1/servers/92db5278-353a-4216-9596-59d4deb49514/os-interface 0.095s[00m
2020-06-04 14:38:41.036 6040 INFO tempest.lib.common.rest_client [req-ae55ac0b-50f3-492d-a293-2e292adeee54 ] Request (AttachInterfacesUnderV243Test:test_add_remove_fixed_ip): 200 GET http://10.13.3.195:8774/v2.1/servers/92db5278-353a-4216-9596-59d4deb49514/os-interface/ee8c0549-8e0b-407e-956c-357abcc548a0 0.083s[00m
2020-06-04 14:38:41.086 6040 INFO tempest.lib.common.rest_client [req-dd2ed256-40c4-47ad-be2a-f69269c79543 ] Request (AttachInterfacesUnderV243Test:test_add_remove_fixed_ip): 200 GET http://10.13.3.195:8774/v2.1/servers/92db5278-353a-4216-9596-59d4deb49514/ips 0.046s[00m
2020-06-04 14:38:41.137 6040 INFO tempest.lib.common.rest_client [req-4ff45426-5411-46a0-9a93-c693a6254a9a ] Request (AttachInterfacesUnderV243Test:test_add_remove_fixed_ip): 202 POST http://10.13.3.195:8774/v2.1/servers/92db5278-353a-4216-9596-59d4deb49514/action 0.047s[00m
2020-06-04 14:38:41.193 6040 INFO tempest.lib.common.rest_client [req-600e2e2a-875f-4dd0-8525-e78b2033f85d ] Request (AttachInterfacesUnderV243Test:test_add_remove_fixed_ip): 200 GET http://10.13.3.195:8774/v2.1/servers/92db5278-353a-4216-9596-59d4deb49514/ips 0.053s[00m
2020-06-04 14:38:42.019 6037 INFO tempest.lib.common.rest_client [req-7704accd-699e-4b3f-a773-d5aecadb1365 ] Request (ServersTestBootFromVolume:setUpClass): 200 GET http://10.13.3.195:8774/v2.1/servers/4decf1c7-80fd-4f6b-a5a8-597c9a2eec1f 0.136s[00m
2020-06-04 14:38:42.242 6040 INFO tempest.lib.common.rest_client [req-0775a456-649d-4c63-9008-04f7b4fee0d6 ] Request (AttachInterfacesUnderV243Test:test_add_remove_fixed_ip): 200 GET http://10.13.3.195:8774/v2.1/servers/92db5278-353a-4216-9596-59d4deb49514/ips 0.043s[00m
2020-06-04 14:38:43.160 6037 INFO tempest.lib.common.rest_client [req-8c42b916-4b1b-4871-8356-58ffa8d407c9 ] Request (ServersTestBootFromVolume:setUpClass): 200 GET http://10.13.3.195:8774/v2.1/servers/4decf1c7-80fd-4f6b-a5a8-597c9a2eec1f 0.134s[00m
2020-06-04 14:38:43.293 6040 INFO tempest.lib.common.rest_client [req-0ab7b27b-cdad-4bcb-afcd-0a391ee18a4a ] Request (AttachInterfacesUnderV243Test:test_add_remove_fixed_ip): 200 GET http://10.13.3.195:8774/v2.1/servers/92db5278-353a-4216-9596-59d4deb49514/ips 0.046s[00m
2020-06-04 14:38:43.413 6040 INFO tempest.lib.common.rest_client [req-79f240de-9117-4a18-945f-1708bee33a84 ] Request (AttachInterfacesUnderV243Test:test_add_remove_fixed_ip): 200 GET http://10.13.3.195:8774/v2.1/servers/92db5278-353a-4216-9596-59d4deb49514 0.117s[00m
2020-06-04 14:38:43.465 6040 INFO tempest.lib.common.rest_client [req-32534454-dd9b-469e-b85e-f7a519763f9b ] Request (AttachInterfacesUnderV243Test:test_add_remove_fixed_ip): 202 POST http://10.13.3.195:8774/v2.1/servers/92db5278-353a-4216-9596-59d4deb49514/action 0.046s[00m
2020-06-04 14:38:43.512 6040 INFO tempest.lib.common.rest_client [req-a570c66d-bd71-43b5-8fb9-ef8a58739057 ] Request (AttachInterfacesUnderV243Test:test_add_remove_fixed_ip): 200 GET http://10.13.3.195:8774/v2.1/servers/92db5278-353a-4216-9596-59d4deb49514/ips 0.046s[00m
2020-06-04 14:38:44.297 6037 INFO tempest.lib.common.rest_client [req-fde83704-e5ae-42a1-97b7-423760ad8d3f ] Request (ServersTestBootFromVolume:setUpClass): 200 GET http://10.13.3.195:8774/v2.1/servers/4decf1c7-80fd-4f6b-a5a8-597c9a2eec1f 0.129s[00m
2020-06-04 14:38:44.302 6037 INFO tempest.common.waiters [-] State transition "BUILD/spawning" ==> "ACTIVE/None" after 6 second wait[00m
2020-06-04 14:38:44.406 6037 INFO tempest.lib.common.rest_client [req-0f1a1afc-bad5-4c44-b8d3-ed101406042f ] Request (ServersTestBootFromVolume:setUpClass): 200 GET http://10.13.3.195:8774/v2.1/servers/4decf1c7-80fd-4f6b-a5a8-597c9a2eec1f/os-interface 0.102s[00m
2020-06-04 14:38:44.563 6040 INFO tempest.lib.common.rest_client [req-71439318-9461-42f1-a6be-1cd7ada20ba6 ] Request (AttachInterfacesUnderV243Test:test_add_remove_fixed_ip): 200 GET http://10.13.3.195:8774/v2.1/servers/92db5278-353a-4216-9596-59d4deb49514/ips 0.048s[00m
2020-06-04 14:38:45.613 6040 INFO tempest.lib.common.rest_client [req-a9f0cca0-cc9d-4f0c-92e3-7eff364e8dda ] Request (AttachInterfacesUnderV243Test:test_add_remove_fixed_ip): 200 GET http://10.13.3.195:8774/v2.1/servers/92db5278-353a-4216-9596-59d4deb49514/ips 0.046s[00m
2020-06-04 14:38:45.623 6037 INFO tempest.lib.common.rest_client [req-768abfc8-0601-453d-bd47-0c0d2b8a7c42 ] Request (ServersTestBootFromVolume:setUpClass): 200 PUT http://10.13.3.241:9696/v2.0/floatingips/df0acd05-fbdb-4c68-9890-943901f33d93 1.214s[00m
2020-06-04 14:38:45.721 6040 INFO tempest.lib.common.rest_client [req-30727298-5d1e-4de4-8ac9-563f500819fe ] Request (AttachInterfacesUnderV243Test:_run_cleanups): 204 DELETE http://10.13.3.195:8774/v2.1/servers/92db5278-353a-4216-9596-59d4deb49514 0.105s[00m
2020-06-04 14:38:45.764 6037 INFO tempest.lib.common.rest_client [req-0cd666b1-4618-4425-a314-e5b7abe2c684 ] Request (ServersTestBootFromVolume:setUpClass): 200 GET http://10.13.3.195:8774/v2.1/servers/4decf1c7-80fd-4f6b-a5a8-597c9a2eec1f 0.141s[00m
2020-06-04 14:38:45.853 6040 INFO tempest.lib.common.rest_client [req-99e43346-53ed-4bdf-a5f8-c814da0a76e0 ] Request (AttachInterfacesUnderV243Test:_run_cleanups): 200 GET http://10.13.3.195:8774/v2.1/servers/92db5278-353a-4216-9596-59d4deb49514 0.130s[00m
2020-06-04 14:38:45.873 6037 INFO tempest.lib.common.rest_client [req-7e8326c4-2255-4025-b217-c8c6921c22a5 ] Request (ServersTestBootFromVolume:test_list_servers): 200 GET http://10.13.3.195:8774/v2.1/servers 0.103s[00m
{0} tempest.api.compute.servers.test_create_server.ServersTestBootFromVolume.test_list_servers [0.107190s] ... ok
{0} tempest.api.compute.servers.test_create_server.ServersTestBootFromVolume.test_verify_server_details [0.000525s] ... ok
2020-06-04 14:38:46.005 6037 INFO tempest.lib.common.rest_client [req-5b5c4e9a-efe2-4219-baf3-a4727a18e6d6 ] Request (ServersTestBootFromVolume:tearDownClass): 204 DELETE http://10.13.3.195:8774/v2.1/servers/4decf1c7-80fd-4f6b-a5a8-597c9a2eec1f 0.127s[00m
2020-06-04 14:38:46.136 6037 INFO tempest.lib.common.rest_client [req-054a16c2-d520-41d1-9e7f-998030a51b32 ] Request (ServersTestBootFromVolume:tearDownClass): 200 GET http://10.13.3.195:8774/v2.1/servers/4decf1c7-80fd-4f6b-a5a8-597c9a2eec1f 0.129s[00m
2020-06-04 14:38:47.010 6040 INFO tempest.lib.common.rest_client [req-e79e8463-41c6-4370-811a-40ac458e52da ] Request (AttachInterfacesUnderV243Test:_run_cleanups): 200 GET http://10.13.3.195:8774/v2.1/servers/92db5278-353a-4216-9596-59d4deb49514 0.149s[00m
2020-06-04 14:38:47.304 6037 INFO tempest.lib.common.rest_client [req-eeab544c-0586-4612-bf14-9b878f16e698 ] Request (ServersTestBootFromVolume:tearDownClass): 200 GET http://10.13.3.195:8774/v2.1/servers/4decf1c7-80fd-4f6b-a5a8-597c9a2eec1f 0.160s[00m
2020-06-04 14:38:48.112 6040 INFO tempest.lib.common.rest_client [req-a98011e4-da96-47a6-85d6-ed85c209a95e ] Request (AttachInterfacesUnderV243Test:_run_cleanups): 200 GET http://10.13.3.195:8774/v2.1/servers/92db5278-353a-4216-9596-59d4deb49514 0.090s[00m
2020-06-04 14:38:48.446 6037 INFO tempest.lib.common.rest_client [req-eb8dfb38-8aaa-4cd9-94bd-a386e438bef0 ] Request (ServersTestBootFromVolume:tearDownClass): 200 GET http://10.13.3.195:8774/v2.1/servers/4decf1c7-80fd-4f6b-a5a8-597c9a2eec1f 0.134s[00m
2020-06-04 14:38:49.177 6040 INFO tempest.lib.common.rest_client [req-f1a1b6c1-d0ae-419f-985a-393c05f96773 ] Request (AttachInterfacesUnderV243Test:_run_cleanups): 404 GET http://10.13.3.195:8774/v2.1/servers/92db5278-353a-4216-9596-59d4deb49514 0.057s[00m
2020-06-04 14:38:49.201 6040 INFO tempest.lib.common.rest_client [req-93808fb0-5426-477c-84eb-eed9bfb876ef ] Request (AttachInterfacesUnderV243Test:_run_cleanups): 202 DELETE http://10.13.3.195:8774/v2.1/os-keypairs/tempest-keypair-899052265 0.022s[00m
2020-06-04 14:38:49.317 6040 INFO tempest.lib.common.rest_client [req-5aaabe25-07e1-4ba2-8af0-ddffa97073bf ] Request (AttachInterfacesUnderV243Test:_run_cleanups): 204 DELETE http://10.13.3.241:9696/v2.0/security-groups/eef6a509-5757-4559-9cd5-5fbe7c006c6b 0.114s[00m
2020-06-04 14:38:49.332 6040 INFO tempest.lib.common.rest_client [req-272e8d5c-534a-466d-8d61-ad57b252f42e ] Request (AttachInterfacesUnderV243Test:_run_cleanups): 404 GET http://10.13.3.241:9696/v2.0/security-groups/eef6a509-5757-4559-9cd5-5fbe7c006c6b 0.013s[00m
2020-06-04 14:38:49.641 6037 INFO tempest.lib.common.rest_client [req-050ef505-b80b-4895-86de-80ae3fac22a1 ] Request (ServersTestBootFromVolume:tearDownClass): 200 GET http://10.13.3.195:8774/v2.1/servers/4decf1c7-80fd-4f6b-a5a8-597c9a2eec1f 0.187s[00m
2020-06-04 14:38:50.048 6040 INFO tempest.lib.common.rest_client [req-3281d05f-6dc5-4482-8b6f-a775eda0b337 ] Request (AttachInterfacesUnderV243Test:_run_cleanups): 204 DELETE http://10.13.3.241:9696/v2.0/floatingips/3af4c002-ef87-4220-acf2-9b6461d6ff55 0.713s[00m
{1} tempest.api.compute.servers.test_attach_interfaces.AttachInterfacesUnderV243Test.test_add_remove_fixed_ip [46.058053s] ... ok
2020-06-04 14:38:50.092 6040 INFO tempest.lib.common.rest_client [req-655b06d5-8e20-412c-8ab0-a1179612c0b5 ] Request (AttachInterfacesUnderV243Test:tearDownClass): 404 DELETE http://10.13.3.195:8774/v2.1/servers/92db5278-353a-4216-9596-59d4deb49514 0.043s[00m
2020-06-04 14:38:50.137 6040 INFO tempest.lib.common.rest_client [req-b0c5c725-3dc8-4de2-b0d8-6f8847c4bc94 ] Request (AttachInterfacesUnderV243Test:tearDownClass): 404 GET http://10.13.3.195:8774/v2.1/servers/92db5278-353a-4216-9596-59d4deb49514 0.044s[00m
2020-06-04 14:38:50.694 6037 INFO tempest.lib.common.rest_client [req-6961f113-f8aa-4e22-a2a3-341062786e39 ] Request (ServersTestBootFromVolume:tearDownClass): 404 GET http://10.13.3.195:8774/v2.1/servers/4decf1c7-80fd-4f6b-a5a8-597c9a2eec1f 0.045s[00m
2020-06-04 14:38:50.733 6037 INFO tempest.lib.common.rest_client [req-cfbde799-1354-43af-870a-202db17110a1 ] Request (ServersTestBootFromVolume:tearDownClass): 202 DELETE http://10.13.3.195:8774/v2.1/os-keypairs/tempest-keypair-723627698 0.036s[00m
2020-06-04 14:38:50.895 6037 INFO tempest.lib.common.rest_client [req-c9b6b202-c109-49e5-8e80-f7f64f6639c4 ] Request (ServersTestBootFromVolume:tearDownClass): 204 DELETE http://10.13.3.241:9696/v2.0/security-groups/5044cf6f-ede9-4922-92c4-e7a996b2af8b 0.159s[00m
2020-06-04 14:38:50.910 6037 INFO tempest.lib.common.rest_client [req-133a3ff0-1f16-4ab5-afb1-3e7ddf0e3aae ] Request (ServersTestBootFromVolume:tearDownClass): 404 GET http://10.13.3.241:9696/v2.0/security-groups/5044cf6f-ede9-4922-92c4-e7a996b2af8b 0.014s[00m
2020-06-04 14:38:51.471 6037 INFO tempest.lib.common.rest_client [req-cda1ee42-0dd8-4c64-b82a-440a920ac342 ] Request (ServersTestBootFromVolume:tearDownClass): 204 DELETE http://10.13.3.241:9696/v2.0/floatingips/df0acd05-fbdb-4c68-9890-943901f33d93 0.560s[00m
2020-06-04 14:38:51.996 6040 INFO tempest.lib.common.rest_client [req-31db0afe-09df-4961-bdf5-76199ec647bb ] Request (AttachInterfacesUnderV243Test:tearDownClass): 200 PUT http://10.13.3.241:9696/v2.0/routers/17c0f244-6bce-4b17-9076-d827fa962fc0/remove_router_interface 1.858s[00m
2020-06-04 14:38:53.188 6040 INFO tempest.lib.common.rest_client [req-771125f3-3930-45ca-83f9-95c2bbc8e06b ] Request (AttachInterfacesUnderV243Test:tearDownClass): 204 DELETE http://10.13.3.241:9696/v2.0/routers/17c0f244-6bce-4b17-9076-d827fa962fc0 1.192s[00m
2020-06-04 14:38:53.587 6037 INFO tempest.lib.common.rest_client [req-fbfb5b81-b1d2-425c-8fac-64529edd770f ] Request (ServersTestBootFromVolume:tearDownClass): 200 PUT http://10.13.3.241:9696/v2.0/routers/57d8d52e-940f-4959-9779-3947aae5a841/remove_router_interface 2.115s[00m
2020-06-04 14:38:53.814 6040 INFO tempest.lib.common.rest_client [req-0adff121-c93a-4908-8a97-e24227371f5e ] Request (AttachInterfacesUnderV243Test:tearDownClass): 204 DELETE http://10.13.3.241:9696/v2.0/subnets/fe50dd3f-3fd5-4b77-81fa-ae688471ab0b 0.625s[00m
2020-06-04 14:38:54.733 6040 INFO tempest.lib.common.rest_client [req-48a0466a-7656-48d0-9aa8-2d6c1d8b2fdc ] Request (AttachInterfacesUnderV243Test:tearDownClass): 204 DELETE http://10.13.3.241:9696/v2.0/networks/21acdd12-45c9-4f80-9aaa-e01758ae43af 0.918s[00m
2020-06-04 14:38:54.773 6037 INFO tempest.lib.common.rest_client [req-51b18f33-1bf1-4dc2-b8fc-ae4e1d8b6bfe ] Request (ServersTestBootFromVolume:tearDownClass): 204 DELETE http://10.13.3.241:9696/v2.0/routers/57d8d52e-940f-4959-9779-3947aae5a841 1.186s[00m
2020-06-04 14:38:54.819 6040 INFO tempest.lib.common.rest_client [req-03d980c8-9276-417e-9389-b794c5eb3130 ] Request (AttachInterfacesUnderV243Test:tearDownClass): 204 DELETE http://10.13.3.212:35357/v3/users/f0f0454f04e0414891076e7556cdbca1 0.086s[00m
2020-06-04 14:38:54.854 6040 INFO tempest.lib.common.rest_client [req-235472d8-b739-4896-aaf4-457442216f9a ] Request (AttachInterfacesUnderV243Test:tearDownClass): 200 GET http://10.13.3.241:9696/v2.0/security-groups?tenant_id=5b23392779e54bc69e8321cf0825e46a&name=default 0.034s[00m
2020-06-04 14:38:54.955 6040 INFO tempest.lib.common.rest_client [req-83add008-6cb6-4def-958c-8d5f25109da3 ] Request (AttachInterfacesUnderV243Test:tearDownClass): 204 DELETE http://10.13.3.241:9696/v2.0/security-groups/e20f0959-7864-4ae1-a89d-069e2e6c077b 0.100s[00m
2020-06-04 14:38:55.036 6040 INFO tempest.lib.common.rest_client [req-fa740162-a01f-46c6-87aa-1a490aad93f3 ] Request (AttachInterfacesUnderV243Test:tearDownClass): 204 DELETE http://10.13.3.212:35357/v3/projects/5b23392779e54bc69e8321cf0825e46a 0.080s[00m
2020-06-04 14:38:55.320 6037 INFO tempest.lib.common.rest_client [req-cc237f69-768b-45cc-917e-c87c690eeeef ] Request (ServersTestBootFromVolume:tearDownClass): 204 DELETE http://10.13.3.241:9696/v2.0/subnets/2171a1da-87fd-4d64-97bd-7514806608cd 0.546s[00m
2020-06-04 14:38:55.320 6040 INFO tempest.lib.common.rest_client [req-cddc6049-8f1a-4272-96b4-41b346761bc8 ] Request (ServersTestManualDisk:setUpClass): 201 POST http://10.13.3.212:5000/v3/auth/tokens 0.281s[00m
2020-06-04 14:38:55.584 6040 INFO tempest.lib.common.rest_client [req-c6c40458-0d7a-483e-ac14-a568432ad8df ] Request (ServersTestManualDisk:setUpClass): 201 POST http://10.13.3.212:5000/v3/auth/tokens 0.256s[00m
2020-06-04 14:38:55.608 6040 INFO tempest.lib.common.rest_client [req-d05efdff-db80-4de9-919b-58112ee8c7d6 ] Request (ServersTestManualDisk:setUpClass): 200 GET http://10.13.3.212:35357/v3/domains?name=admin_domain 0.023s[00m
2020-06-04 14:38:55.636 6040 INFO tempest.lib.common.rest_client [req-aa874e7b-a63c-48b6-be73-e47781a5d2e0 ] Request (ServersTestManualDisk:setUpClass): 201 POST http://10.13.3.212:35357/v3/projects 0.028s[00m
2020-06-04 14:38:55.893 6040 INFO tempest.lib.common.rest_client [req-2493cfbd-6cf6-47d8-b74c-a72d142beda1 ] Request (ServersTestManualDisk:setUpClass): 201 POST http://10.13.3.212:35357/v3/users 0.256s[00m
2020-06-04 14:38:55.914 6040 INFO tempest.lib.common.rest_client [req-20925262-970b-4349-a1d4-f4aab24971de ] Request (ServersTestManualDisk:setUpClass): 200 GET http://10.13.3.212:35357/v3/roles 0.020s[00m
2020-06-04 14:38:55.934 6040 INFO tempest.lib.common.rest_client [req-d592d7bf-9402-4643-9b0d-171dd1f52646 ] Request (ServersTestManualDisk:setUpClass): 200 GET http://10.13.3.212:35357/v3/roles 0.019s[00m
2020-06-04 14:38:55.969 6040 INFO tempest.lib.common.rest_client [req-f0091f10-455a-42be-a003-58f01e13ddb1 ] Request (ServersTestManualDisk:setUpClass): 204 PUT http://10.13.3.212:35357/v3/projects/d63ab15973574a72921551dee313d1de/users/47a1160d57f64b458de7b828d0482e38/roles/1bf9b326490849fd937b7ebe631bbad1 0.034s[00m
2020-06-04 14:38:55.969 6040 INFO tempest.lib.common.dynamic_creds [-] Acquired dynamic creds:
 credentials: Credentials: {'domain_id': 'b934c5ba7806401da48e386d47bda1d9', 'domain_name': 'admin_domain', 'username': 'tempest-ServersTestManualDisk-1082328387', 'project_domain_id': 'b934c5ba7806401da48e386d47bda1d9', 'project_domain_name': 'admin_domain', 'project_id': 'd63ab15973574a72921551dee313d1de', 'project_name': 'tempest-ServersTestManualDisk-1082328387', 'tenant_id': 'd63ab15973574a72921551dee313d1de', 'tenant_name': 'tempest-ServersTestManualDisk-1082328387', 'user_domain_id': 'b934c5ba7806401da48e386d47bda1d9', 'user_domain_name': 'admin_domain', 'user_id': '47a1160d57f64b458de7b828d0482e38'}, Network: None, Subnet: None, Router: None[00m
2020-06-04 14:38:56.168 6037 INFO tempest.lib.common.rest_client [req-c6bb4922-ec82-4b9f-a364-ce65f9a2fe4f ] Request (ServersTestBootFromVolume:tearDownClass): 204 DELETE http://10.13.3.241:9696/v2.0/networks/e62e1762-f0fb-4dde-97b6-b3fa0f8885df 0.848s[00m
2020-06-04 14:38:56.250 6040 INFO tempest.lib.common.rest_client [req-856ad6ac-a897-4336-9bfc-a5465f32e84c ] Request (ServersTestManualDisk:setUpClass): 201 POST http://10.13.3.212:5000/v3/auth/tokens 0.280s[00m
2020-06-04 14:38:56.268 6037 INFO tempest.lib.common.rest_client [req-c147cb7b-a424-4657-bfaa-321fe83b990d ] Request (ServersTestBootFromVolume:tearDownClass): 204 DELETE http://10.13.3.212:35357/v3/users/40377f3db2b34b799fcfce0e5c10189a 0.099s[00m
2020-06-04 14:38:56.301 6037 INFO tempest.lib.common.rest_client [req-ba89f89a-feb1-4251-a1da-e7943230f0ff ] Request (ServersTestBootFromVolume:tearDownClass): 200 GET http://10.13.3.241:9696/v2.0/security-groups?tenant_id=7d28d52a68964e0da6d97b18cf82a789&name=default 0.032s[00m
2020-06-04 14:38:56.394 6037 INFO tempest.lib.common.rest_client [req-0b9d7851-dfed-48a3-8730-37b859d03f5a ] Request (ServersTestBootFromVolume:tearDownClass): 204 DELETE http://10.13.3.241:9696/v2.0/security-groups/7ab193e7-dc89-4842-9b3d-7f00e8e61459 0.092s[00m
2020-06-04 14:38:56.470 6037 INFO tempest.lib.common.rest_client [req-341e7717-765c-48fd-97f0-63955d89a25f ] Request (ServersTestBootFromVolume:tearDownClass): 204 DELETE http://10.13.3.212:35357/v3/projects/7d28d52a68964e0da6d97b18cf82a789 0.075s[00m
2020-06-04 14:38:56.550 6040 INFO tempest.lib.common.rest_client [req-f786e6d4-0197-486e-9467-f70dc626bb9b ] Request (ServersTestManualDisk:setUpClass): 201 POST http://10.13.3.241:9696/v2.0/networks 0.299s[00m
2020-06-04 14:38:56.742 6037 INFO tempest.lib.common.rest_client [req-f593b1d6-7496-4cc6-922d-9be222fe21ff ] Request (ServersTestJSON:setUpClass): 201 POST http://10.13.3.212:5000/v3/auth/tokens 0.271s[00m
2020-06-04 14:38:56.971 6040 INFO tempest.lib.common.rest_client [req-1dd5d939-ade2-4ac7-ac3d-8a28b64c2bb6 ] Request (ServersTestManualDisk:setUpClass): 201 POST http://10.13.3.241:9696/v2.0/subnets 0.420s[00m
2020-06-04 14:38:56.998 6037 INFO tempest.lib.common.rest_client [req-617f8e81-7a47-486c-8330-b0b610027968 ] Request (ServersTestJSON:setUpClass): 201 POST http://10.13.3.212:5000/v3/auth/tokens 0.252s[00m
2020-06-04 14:38:57.022 6037 INFO tempest.lib.common.rest_client [req-2178539e-5370-4b09-a8dc-4196defa97ac ] Request (ServersTestJSON:setUpClass): 200 GET http://10.13.3.212:35357/v3/domains?name=admin_domain 0.023s[00m
2020-06-04 14:38:57.051 6037 INFO tempest.lib.common.rest_client [req-8782d908-08a6-4738-b240-afd9decedcfe ] Request (ServersTestJSON:setUpClass): 201 POST http://10.13.3.212:35357/v3/projects 0.028s[00m
2020-06-04 14:38:57.312 6037 INFO tempest.lib.common.rest_client [req-4916a7be-58d0-4022-a5df-3de9df873631 ] Request (ServersTestJSON:setUpClass): 201 POST http://10.13.3.212:35357/v3/users 0.260s[00m
2020-06-04 14:38:57.339 6037 INFO tempest.lib.common.rest_client [req-bcf99c92-4049-45d6-91db-dd7ad8ee669f ] Request (ServersTestJSON:setUpClass): 200 GET http://10.13.3.212:35357/v3/roles 0.027s[00m
2020-06-04 14:38:57.364 6037 INFO tempest.lib.common.rest_client [req-c803cd35-4dd8-44f8-8808-9b17bccd2f40 ] Request (ServersTestJSON:setUpClass): 200 GET http://10.13.3.212:35357/v3/roles 0.024s[00m
2020-06-04 14:38:57.401 6037 INFO tempest.lib.common.rest_client [req-1244ea3b-c7f2-4f02-b5ca-493116a1cd86 ] Request (ServersTestJSON:setUpClass): 204 PUT http://10.13.3.212:35357/v3/projects/e7da47de335e4fbb9262cc2c6e4fc499/users/fceb4b9258aa406a842b03dd0db70066/roles/1bf9b326490849fd937b7ebe631bbad1 0.036s[00m
2020-06-04 14:38:57.402 6037 INFO tempest.lib.common.dynamic_creds [-] Acquired dynamic creds:
 credentials: Credentials: {'domain_id': 'b934c5ba7806401da48e386d47bda1d9', 'domain_name': 'admin_domain', 'username': 'tempest-ServersTestJSON-876074444', 'project_domain_id': 'b934c5ba7806401da48e386d47bda1d9', 'project_domain_name': 'admin_domain', 'project_id': 'e7da47de335e4fbb9262cc2c6e4fc499', 'project_name': 'tempest-ServersTestJSON-876074444', 'tenant_id': 'e7da47de335e4fbb9262cc2c6e4fc499', 'tenant_name': 'tempest-ServersTestJSON-876074444', 'user_domain_id': 'b934c5ba7806401da48e386d47bda1d9', 'user_domain_name': 'admin_domain', 'user_id': 'fceb4b9258aa406a842b03dd0db70066'}, Network: None, Subnet: None, Router: None[00m
2020-06-04 14:38:57.681 6037 INFO tempest.lib.common.rest_client [req-0052c98d-2cca-49f5-b4fc-bdfc82c7875a ] Request (ServersTestJSON:setUpClass): 201 POST http://10.13.3.212:5000/v3/auth/tokens 0.279s[00m
2020-06-04 14:38:57.994 6037 INFO tempest.lib.common.rest_client [req-1099e0a9-1db1-4e0f-bf18-c704b57a4c3d ] Request (ServersTestJSON:setUpClass): 201 POST http://10.13.3.241:9696/v2.0/networks 0.312s[00m
2020-06-04 14:38:58.328 6040 INFO tempest.lib.common.rest_client [req-094f8dd6-a9a7-4b4b-b3c1-d3a259027f08 ] Request (ServersTestManualDisk:setUpClass): 201 POST http://10.13.3.241:9696/v2.0/routers 1.357s[00m
2020-06-04 14:38:58.634 6037 INFO tempest.lib.common.rest_client [req-8c589b5c-6c1f-4f1d-b3b8-46b40057f1c2 ] Request (ServersTestJSON:setUpClass): 201 POST http://10.13.3.241:9696/v2.0/subnets 0.639s[00m
2020-06-04 14:38:59.717 6037 INFO tempest.lib.common.rest_client [req-50d59b6b-11e7-4605-a276-9e2f8cee4fbd ] Request (ServersTestJSON:setUpClass): 201 POST http://10.13.3.241:9696/v2.0/routers 1.081s[00m
2020-06-04 14:39:00.199 6040 INFO tempest.lib.common.rest_client [req-700fb313-4694-4f8a-9391-f979257d83c5 ] Request (ServersTestManualDisk:setUpClass): 200 PUT http://10.13.3.241:9696/v2.0/routers/dad7b1cb-aa8f-4be6-a277-9f298341dbc8/add_router_interface 1.870s[00m
2020-06-04 14:39:00.199 6040 INFO tempest.lib.common.dynamic_creds [-] Created isolated network resources for:
 credentials: Credentials: {'domain_id': 'b934c5ba7806401da48e386d47bda1d9', 'domain_name': 'admin_domain', 'username': 'tempest-ServersTestManualDisk-1082328387', 'project_domain_id': 'b934c5ba7806401da48e386d47bda1d9', 'project_domain_name': 'admin_domain', 'project_id': 'd63ab15973574a72921551dee313d1de', 'project_name': 'tempest-ServersTestManualDisk-1082328387', 'tenant_id': 'd63ab15973574a72921551dee313d1de', 'tenant_name': 'tempest-ServersTestManualDisk-1082328387', 'user_domain_id': 'b934c5ba7806401da48e386d47bda1d9', 'user_domain_name': 'admin_domain', 'user_id': '47a1160d57f64b458de7b828d0482e38'}, Network: {'id': '8cd155b1-b485-4126-b657-ea74b8574b3c', 'name': 'tempest-ServersTestManualDisk-1893958918-network', 'tenant_id': 'd63ab15973574a72921551dee313d1de', 'admin_state_up': True, 'mtu': 1458, 'status': 'ACTIVE', 'subnets': [], 'shared': False, 'project_id': 'd63ab15973574a72921551dee313d1de', 'router:external': False, 'provider:network_type': 'gre', 'provider:physical_network': None, 'provider:segmentation_id': 2, 'availability_zone_hints': [], 'is_default': False, 'availability_zones': [], 'ipv4_address_scope': None, 'ipv6_address_scope': None, 'description': '', 'l2_adjacency': True, 'tags': [], 'created_at': '2020-06-04T14:38:56Z', 'updated_at': '2020-06-04T14:38:56Z', 'revision_number': 1}, Subnet: {'id': '5d84b662-adbd-4853-bf75-0f37c5fdb49f', 'name': 'tempest-ServersTestManualDisk-1893958918-subnet', 'tenant_id': 'd63ab15973574a72921551dee313d1de', 'network_id': '8cd155b1-b485-4126-b657-ea74b8574b3c', 'ip_version': 4, 'subnetpool_id': None, 'enable_dhcp': True, 'ipv6_ra_mode': None, 'ipv6_address_mode': None, 'gateway_ip': '172.16.0.1', 'cidr': '172.16.0.0/28', 'allocation_pools': [{'start': '172.16.0.2', 'end': '172.16.0.14'}], 'host_routes': [], 'dns_nameservers': [], 'description': '', 'service_types': [], 'segment_id': None, 'tags': [], 'created_at': '2020-06-04T14:38:56Z', 'updated_at': '2020-06-04T14:38:56Z', 'revision_number': 0, 'project_id': 'd63ab15973574a72921551dee313d1de'}, Router: {'id': 'dad7b1cb-aa8f-4be6-a277-9f298341dbc8', 'name': 'tempest-ServersTestManualDisk-1893958918-router', 'tenant_id': 'd63ab15973574a72921551dee313d1de', 'admin_state_up': True, 'status': 'ACTIVE', 'external_gateway_info': {'network_id': '19fedfe3-893e-4261-b790-df39eefa0d2e', 'external_fixed_ips': [{'subnet_id': '90d843ec-7d33-456f-a0ba-ebf94da13b53', 'ip_address': '10.13.3.187'}], 'enable_snat': True}, 'description': '', 'availability_zones': [], 'distributed': False, 'ha': False, 'availability_zone_hints': [], 'routes': [], 'flavor_id': None, 'tags': [], 'created_at': '2020-06-04T14:38:56Z', 'updated_at': '2020-06-04T14:38:57Z', 'revision_number': 3, 'project_id': 'd63ab15973574a72921551dee313d1de'}[00m
2020-06-04 14:39:00.485 6040 INFO tempest.lib.common.rest_client [req-d072cf87-0e50-46ef-98e1-1394ecf0ee27 ] Request (ServersTestManualDisk:setUpClass): 201 POST http://10.13.3.212:5000/v3/auth/tokens 0.281s[00m
2020-06-04 14:39:00.760 6040 INFO tempest.lib.common.rest_client [req-9f1952ec-4df9-4bd5-a06a-405dc3903784 ] Request (ServersTestManualDisk:setUpClass): 200 POST http://10.13.3.195:8774/v2.1/os-keypairs 0.274s[00m
2020-06-04 14:39:00.905 6040 INFO tempest.lib.common.rest_client [req-8b18b748-cc5d-49a0-bded-262e4ba07c24 ] Request (ServersTestManualDisk:setUpClass): 201 POST http://10.13.3.241:9696/v2.0/security-groups 0.143s[00m
2020-06-04 14:39:00.999 6040 INFO tempest.lib.common.rest_client [req-d7132c02-bd5d-46ae-a9ed-562167962b7f ] Request (ServersTestManualDisk:setUpClass): 201 POST http://10.13.3.241:9696/v2.0/security-group-rules 0.093s[00m
2020-06-04 14:39:01.089 6040 INFO tempest.lib.common.rest_client [req-4adcb2d7-01da-4602-b8df-514fb210451b ] Request (ServersTestManualDisk:setUpClass): 201 POST http://10.13.3.241:9696/v2.0/security-group-rules 0.090s[00m
2020-06-04 14:39:01.773 6037 INFO tempest.lib.common.rest_client [req-e7c14cf9-46f6-40e7-bb8e-464708570ba7 ] Request (ServersTestJSON:setUpClass): 200 PUT http://10.13.3.241:9696/v2.0/routers/03615490-6086-49c1-901e-31370c5e4108/add_router_interface 2.056s[00m
2020-06-04 14:39:01.773 6037 INFO tempest.lib.common.dynamic_creds [-] Created isolated network resources for:
 credentials: Credentials: {'domain_id': 'b934c5ba7806401da48e386d47bda1d9', 'domain_name': 'admin_domain', 'username': 'tempest-ServersTestJSON-876074444', 'project_domain_id': 'b934c5ba7806401da48e386d47bda1d9', 'project_domain_name': 'admin_domain', 'project_id': 'e7da47de335e4fbb9262cc2c6e4fc499', 'project_name': 'tempest-ServersTestJSON-876074444', 'tenant_id': 'e7da47de335e4fbb9262cc2c6e4fc499', 'tenant_name': 'tempest-ServersTestJSON-876074444', 'user_domain_id': 'b934c5ba7806401da48e386d47bda1d9', 'user_domain_name': 'admin_domain', 'user_id': 'fceb4b9258aa406a842b03dd0db70066'}, Network: {'id': 'de36a0bc-002d-4836-95f9-4cae50776658', 'name': 'tempest-ServersTestJSON-42572257-network', 'tenant_id': 'e7da47de335e4fbb9262cc2c6e4fc499', 'admin_state_up': True, 'mtu': 1458, 'status': 'ACTIVE', 'subnets': [], 'shared': False, 'project_id': 'e7da47de335e4fbb9262cc2c6e4fc499', 'router:external': False, 'provider:network_type': 'gre', 'provider:physical_network': None, 'provider:segmentation_id': 3, 'availability_zone_hints': [], 'is_default': False, 'availability_zones': [], 'ipv4_address_scope': None, 'ipv6_address_scope': None, 'description': '', 'l2_adjacency': True, 'tags': [], 'created_at': '2020-06-04T14:38:57Z', 'updated_at': '2020-06-04T14:38:57Z', 'revision_number': 1}, Subnet: {'id': 'a0056f33-8ac4-451f-be42-8a826eb7d986', 'name': 'tempest-ServersTestJSON-42572257-subnet', 'tenant_id': 'e7da47de335e4fbb9262cc2c6e4fc499', 'network_id': 'de36a0bc-002d-4836-95f9-4cae50776658', 'ip_version': 4, 'subnetpool_id': None, 'enable_dhcp': True, 'ipv6_ra_mode': None, 'ipv6_address_mode': None, 'gateway_ip': '172.16.0.1', 'cidr': '172.16.0.0/28', 'allocation_pools': [{'start': '172.16.0.2', 'end': '172.16.0.14'}], 'host_routes': [], 'dns_nameservers': [], 'description': '', 'service_types': [], 'segment_id': None, 'tags': [], 'created_at': '2020-06-04T14:38:58Z', 'updated_at': '2020-06-04T14:38:58Z', 'revision_number': 0, 'project_id': 'e7da47de335e4fbb9262cc2c6e4fc499'}, Router: {'id': '03615490-6086-49c1-901e-31370c5e4108', 'name': 'tempest-ServersTestJSON-42572257-router', 'tenant_id': 'e7da47de335e4fbb9262cc2c6e4fc499', 'admin_state_up': True, 'status': 'ACTIVE', 'external_gateway_info': {'network_id': '19fedfe3-893e-4261-b790-df39eefa0d2e', 'external_fixed_ips': [{'subnet_id': '90d843ec-7d33-456f-a0ba-ebf94da13b53', 'ip_address': '10.13.3.166'}], 'enable_snat': True}, 'description': '', 'availability_zones': [], 'distributed': False, 'ha': False, 'availability_zone_hints': [], 'routes': [], 'flavor_id': None, 'tags': [], 'created_at': '2020-06-04T14:38:58Z', 'updated_at': '2020-06-04T14:38:59Z', 'revision_number': 3, 'project_id': 'e7da47de335e4fbb9262cc2c6e4fc499'}[00m
2020-06-04 14:39:02.061 6037 INFO tempest.lib.common.rest_client [req-97e3abb5-cb0b-4a0e-bdd2-ca11077f3d2a ] Request (ServersTestJSON:setUpClass): 201 POST http://10.13.3.212:5000/v3/auth/tokens 0.284s[00m
2020-06-04 14:39:02.212 6037 INFO tempest.lib.common.rest_client [req-6f029fc0-aec0-4971-866a-42e2e632e362 ] Request (ServersTestJSON:setUpClass): 200 POST http://10.13.3.195:8774/v2.1/os-keypairs 0.150s[00m
2020-06-04 14:39:02.269 6040 INFO tempest.lib.common.rest_client [req-c1cb7457-6904-4262-93a4-adb35f94a847 ] Request (ServersTestManualDisk:setUpClass): 201 POST http://10.13.3.241:9696/v2.0/floatingips 1.178s[00m
2020-06-04 14:39:02.346 6037 INFO tempest.lib.common.rest_client [req-39259b79-8702-45d1-b117-3694ae932a1e ] Request (ServersTestJSON:setUpClass): 201 POST http://10.13.3.241:9696/v2.0/security-groups 0.132s[00m
2020-06-04 14:39:02.415 6037 INFO tempest.lib.common.rest_client [req-9d8a4823-0204-4410-bd78-b2625d7c83ca ] Request (ServersTestJSON:setUpClass): 201 POST http://10.13.3.241:9696/v2.0/security-group-rules 0.068s[00m
2020-06-04 14:39:02.484 6037 INFO tempest.lib.common.rest_client [req-12b4982b-de79-43c8-b204-ae1bae05cadf ] Request (ServersTestJSON:setUpClass): 201 POST http://10.13.3.241:9696/v2.0/security-group-rules 0.068s[00m
2020-06-04 14:39:02.511 6040 INFO tempest.lib.common.rest_client [req-a10a7f9d-5ae7-4ef3-b711-812f0d53eddd ] Request (ServersTestManualDisk:setUpClass): 201 POST http://10.13.3.212:5000/v3/auth/tokens 0.237s[00m
2020-06-04 14:39:02.511 6040 INFO tempest.lib.common.fixed_network [-] (ServersTestManualDisk:setUpClass) Found network {'id': '8cd155b1-b485-4126-b657-ea74b8574b3c', 'name': 'tempest-ServersTestManualDisk-1893958918-network', 'tenant_id': 'd63ab15973574a72921551dee313d1de', 'admin_state_up': True, 'mtu': 1458, 'status': 'ACTIVE', 'subnets': [], 'shared': False, 'project_id': 'd63ab15973574a72921551dee313d1de', 'router:external': False, 'provider:network_type': 'gre', 'provider:physical_network': None, 'provider:segmentation_id': 2, 'availability_zone_hints': [], 'is_default': False, 'availability_zones': [], 'ipv4_address_scope': None, 'ipv6_address_scope': None, 'description': '', 'l2_adjacency': True, 'tags': [], 'created_at': '2020-06-04T14:38:56Z', 'updated_at': '2020-06-04T14:38:56Z', 'revision_number': 1} available for tenant[00m
2020-06-04 14:39:03.404 6040 INFO tempest.lib.common.rest_client [req-0054af26-4244-430a-bc0d-67fdfc71067b ] Request (ServersTestManualDisk:setUpClass): 202 POST http://10.13.3.195:8774/v2.1/servers 0.892s[00m
2020-06-04 14:39:03.413 6037 INFO tempest.lib.common.rest_client [req-3c652483-cf45-4ec3-8693-59613ad57188 ] Request (ServersTestJSON:setUpClass): 201 POST http://10.13.3.241:9696/v2.0/floatingips 0.928s[00m
2020-06-04 14:39:03.468 6040 INFO tempest.lib.common.rest_client [req-6cca9b53-4620-40a0-bd69-d9947e9ad983 ] Request (ServersTestManualDisk:setUpClass): 200 GET http://10.13.3.195:8774/v2.1/servers/990786e6-d1ad-41f8-94f5-c20ad03c942b 0.062s[00m
2020-06-04 14:39:03.657 6037 INFO tempest.lib.common.rest_client [req-f67f9d39-73a9-4dd5-b729-939b82d60c55 ] Request (ServersTestJSON:setUpClass): 201 POST http://10.13.3.212:5000/v3/auth/tokens 0.239s[00m
2020-06-04 14:39:03.657 6037 INFO tempest.lib.common.fixed_network [-] (ServersTestJSON:setUpClass) Found network {'id': 'de36a0bc-002d-4836-95f9-4cae50776658', 'name': 'tempest-ServersTestJSON-42572257-network', 'tenant_id': 'e7da47de335e4fbb9262cc2c6e4fc499', 'admin_state_up': True, 'mtu': 1458, 'status': 'ACTIVE', 'subnets': [], 'shared': False, 'project_id': 'e7da47de335e4fbb9262cc2c6e4fc499', 'router:external': False, 'provider:network_type': 'gre', 'provider:physical_network': None, 'provider:segmentation_id': 3, 'availability_zone_hints': [], 'is_default': False, 'availability_zones': [], 'ipv4_address_scope': None, 'ipv6_address_scope': None, 'description': '', 'l2_adjacency': True, 'tags': [], 'created_at': '2020-06-04T14:38:57Z', 'updated_at': '2020-06-04T14:38:57Z', 'revision_number': 1} available for tenant[00m
2020-06-04 14:39:04.153 6037 INFO tempest.lib.common.rest_client [req-b83177f1-4560-478a-ad97-4d3ba8fc7759 ] Request (ServersTestJSON:setUpClass): 202 POST http://10.13.3.195:8774/v2.1/servers 0.494s[00m
2020-06-04 14:39:04.234 6037 INFO tempest.lib.common.rest_client [req-d06eaecf-ebb1-41f9-8f31-77bf03a69313 ] Request (ServersTestJSON:setUpClass): 200 GET http://10.13.3.195:8774/v2.1/servers/d81f9051-5694-4997-8d00-8a147c171ea3 0.078s[00m
2020-06-04 14:39:04.565 6040 INFO tempest.lib.common.rest_client [req-0ddf2844-51a3-4140-b97d-38a3525dc850 ] Request (ServersTestManualDisk:setUpClass): 200 GET http://10.13.3.195:8774/v2.1/servers/990786e6-d1ad-41f8-94f5-c20ad03c942b 0.090s[00m
2020-06-04 14:39:04.570 6040 INFO tempest.common.waiters [-] State transition "BUILD/scheduling" ==> "BUILD/spawning" after 1 second wait[00m
2020-06-04 14:39:05.333 6037 INFO tempest.lib.common.rest_client [req-1efa0dda-4b74-40d9-aa00-5146a1603a47 ] Request (ServersTestJSON:setUpClass): 200 GET http://10.13.3.195:8774/v2.1/servers/d81f9051-5694-4997-8d00-8a147c171ea3 0.093s[00m
2020-06-04 14:39:05.338 6037 INFO tempest.common.waiters [-] State transition "BUILD/scheduling" ==> "BUILD/spawning" after 1 second wait[00m
2020-06-04 14:39:05.712 6040 INFO tempest.lib.common.rest_client [req-56fa9b95-93da-4886-97eb-953a8621a860 ] Request (ServersTestManualDisk:setUpClass): 200 GET http://10.13.3.195:8774/v2.1/servers/990786e6-d1ad-41f8-94f5-c20ad03c942b 0.140s[00m
2020-06-04 14:39:06.500 6037 INFO tempest.lib.common.rest_client [req-410ad3e9-4d14-44ed-9edb-26d56f3f5392 ] Request (ServersTestJSON:setUpClass): 200 GET http://10.13.3.195:8774/v2.1/servers/d81f9051-5694-4997-8d00-8a147c171ea3 0.161s[00m
2020-06-04 14:39:06.861 6040 INFO tempest.lib.common.rest_client [req-e45df797-1298-4909-bf58-b532528f9ca5 ] Request (ServersTestManualDisk:setUpClass): 200 GET http://10.13.3.195:8774/v2.1/servers/990786e6-d1ad-41f8-94f5-c20ad03c942b 0.142s[00m
2020-06-04 14:39:07.662 6037 INFO tempest.lib.common.rest_client [req-c25cbf0a-94c5-4a70-ba8a-d4532728ccd2 ] Request (ServersTestJSON:setUpClass): 200 GET http://10.13.3.195:8774/v2.1/servers/d81f9051-5694-4997-8d00-8a147c171ea3 0.155s[00m
2020-06-04 14:39:08.280 6040 INFO tempest.lib.common.rest_client [req-ca6eca5e-f592-468b-9343-06a9f238f195 ] Request (ServersTestManualDisk:setUpClass): 200 GET http://10.13.3.195:8774/v2.1/servers/990786e6-d1ad-41f8-94f5-c20ad03c942b 0.408s[00m
2020-06-04 14:39:08.815 6037 INFO tempest.lib.common.rest_client [req-a1b8b840-d017-44dc-bdb9-d73978c614a8 ] Request (ServersTestJSON:setUpClass): 200 GET http://10.13.3.195:8774/v2.1/servers/d81f9051-5694-4997-8d00-8a147c171ea3 0.146s[00m
2020-06-04 14:39:09.436 6040 INFO tempest.lib.common.rest_client [req-f74fbad8-8214-40d2-a616-38accc5d0957 ] Request (ServersTestManualDisk:setUpClass): 200 GET http://10.13.3.195:8774/v2.1/servers/990786e6-d1ad-41f8-94f5-c20ad03c942b 0.148s[00m
2020-06-04 14:39:09.970 6037 INFO tempest.lib.common.rest_client [req-c20328fa-4712-4463-ad5e-587cfc614cc1 ] Request (ServersTestJSON:setUpClass): 200 GET http://10.13.3.195:8774/v2.1/servers/d81f9051-5694-4997-8d00-8a147c171ea3 0.148s[00m
2020-06-04 14:39:10.597 6040 INFO tempest.lib.common.rest_client [req-4bc69dcf-323f-4555-9a1a-b48fc15afbc8 ] Request (ServersTestManualDisk:setUpClass): 200 GET http://10.13.3.195:8774/v2.1/servers/990786e6-d1ad-41f8-94f5-c20ad03c942b 0.152s[00m
