2019-11-08 12:05:58.838 9934 INFO tempest.lib.common.rest_client [req-c4aa71b7-d36f-4909-8fe5-9b75d6b4c22b ] Request (FloatingIPTestJSON:setUpClass): 201 POST http://10.13.3.208:9696/v2.0/ports 1.139s[00m
2019-11-08 12:05:59.479 9934 INFO tempest.lib.common.rest_client [req-5beef73f-410f-4c3c-8008-8eee416ee5a8 ] Request (FloatingIPTestJSON:setUpClass): 201 POST http://10.13.3.208:9696/v2.0/ports 0.638s[00m
2019-11-08 12:05:59.751 9937 INFO tempest.lib.common.rest_client [req-4b22a108-7d81-4967-bffe-ad936f6da458 ] Request (ServerActionsTestJSON:setUpClass): 200 GET http://10.13.3.254:8774/v2.1/servers/2b4bb046-6878-482d-8e24-4cd5b27e1e58 0.198s[00m
2019-11-08 12:06:00.961 9937 INFO tempest.lib.common.rest_client [req-00be3e8a-d06a-4fde-9872-114cc859e62c ] Request (ServerActionsTestJSON:setUpClass): 200 GET http://10.13.3.254:8774/v2.1/servers/2b4bb046-6878-482d-8e24-4cd5b27e1e58 0.203s[00m
2019-11-08 12:06:01.211 9934 INFO tempest.lib.common.rest_client [req-25547e70-91fa-49c9-9e49-902851f81695 ] Request (FloatingIPTestJSON:test_create_floating_ip_specifying_a_fixed_ip_address): 201 POST http://10.13.3.208:9696/v2.0/floatingips 1.730s[00m
2019-11-08 12:06:01.843 9934 INFO tempest.lib.common.rest_client [req-554a9b48-2d4e-4a33-aeb3-6c7ac083bab4 ] Request (FloatingIPTestJSON:test_create_floating_ip_specifying_a_fixed_ip_address): 200 PUT http://10.13.3.208:9696/v2.0/floatingips/53260cc8-1654-4c1b-93a7-1d26ef2c0aef 0.631s[00m
2019-11-08 12:06:02.270 9937 INFO tempest.lib.common.rest_client [req-16cbd1f6-64e8-4791-9b05-5de12f8fe072 ] Request (ServerActionsTestJSON:setUpClass): 200 GET http://10.13.3.254:8774/v2.1/servers/2b4bb046-6878-482d-8e24-4cd5b27e1e58 0.302s[00m
2019-11-08 12:06:02.275 9937 INFO tempest.common.waiters [-] State transition "BUILD/spawning" ==> "ACTIVE/None" after 7 second wait[00m
2019-11-08 12:06:02.422 9937 INFO tempest.lib.common.rest_client [req-9a4130cf-b9ea-4f09-bbea-f02869c07373 ] Request (ServerActionsTestJSON:setUpClass): 200 GET http://10.13.3.254:8774/v2.1/servers/2b4bb046-6878-482d-8e24-4cd5b27e1e58/os-interface 0.146s[00m
2019-11-08 12:06:02.429 9934 INFO tempest.lib.common.rest_client [req-10d4aa98-482b-4895-8a7a-b2e578f54fbe ] Request (FloatingIPTestJSON:_run_cleanups): 204 DELETE http://10.13.3.208:9696/v2.0/floatingips/53260cc8-1654-4c1b-93a7-1d26ef2c0aef 0.585s[00m
{0} tempest.api.network.test_floating_ips.FloatingIPTestJSON.test_create_floating_ip_specifying_a_fixed_ip_address [2.949044s] ... ok
2019-11-08 12:06:03.402 9937 INFO tempest.lib.common.rest_client [req-6590edad-211c-4bc6-bf8f-54bf85db4a81 ] Request (ServerActionsTestJSON:setUpClass): 200 PUT http://10.13.3.208:9696/v2.0/floatingips/c33fe3c2-3c1a-4957-b31f-59d5517b6e71 0.977s[00m
2019-11-08 12:06:03.629 9937 INFO tempest.lib.common.rest_client [req-4317df0b-af54-4a16-af9d-5b8446a125c8 ] Request (ServerActionsTestJSON:setUp): 200 GET http://10.13.3.254:8774/v2.1/servers/2b4bb046-6878-482d-8e24-4cd5b27e1e58 0.226s[00m
2019-11-08 12:06:03.782 9937 INFO tempest.lib.common.rest_client [req-8b36ea08-d871-4a40-ad3f-0d24f6fa7aba ] Request (ServerActionsTestJSON:test_reboot_server_hard): 200 GET http://10.13.3.254:8774/v2.1/servers/2b4bb046-6878-482d-8e24-4cd5b27e1e58 0.146s[00m
2019-11-08 12:06:03.791 9937 INFO tempest.lib.common.ssh [-] Creating ssh connection to '10.13.3.144:22' as 'ubuntu' with public key authentication[00m
2019-11-08 12:06:04.331 9934 INFO tempest.lib.common.rest_client [req-7cf0b8ba-28cb-4a03-a765-39d466f05483 ] Request (FloatingIPTestJSON:test_create_list_show_update_delete_floating_ip): 201 POST http://10.13.3.208:9696/v2.0/floatingips 1.901s[00m
2019-11-08 12:06:04.378 9934 INFO tempest.lib.common.rest_client [req-a2b42ed3-7fec-454e-a215-e10270546518 ] Request (FloatingIPTestJSON:test_create_list_show_update_delete_floating_ip): 200 GET http://10.13.3.208:9696/v2.0/floatingips/646f71f3-46f0-44be-9076-5aebe6a07873 0.047s[00m
2019-11-08 12:06:04.484 9934 INFO tempest.lib.common.rest_client [req-b1b5d878-4853-4b90-add1-9436fd29977e ] Request (FloatingIPTestJSON:test_create_list_show_update_delete_floating_ip): 200 GET http://10.13.3.208:9696/v2.0/floatingips 0.103s[00m
2019-11-08 12:06:05.727 9934 INFO tempest.lib.common.rest_client [req-eadd54b2-51fd-4a6a-a707-a9e0f01c0340 ] Request (FloatingIPTestJSON:test_create_list_show_update_delete_floating_ip): 200 PUT http://10.13.3.208:9696/v2.0/floatingips/646f71f3-46f0-44be-9076-5aebe6a07873 1.242s[00m
2019-11-08 12:06:06.373 9934 INFO tempest.lib.common.rest_client [req-43182185-ed37-4fe6-aacb-ea9aa9aa5603 ] Request (FloatingIPTestJSON:test_create_list_show_update_delete_floating_ip): 200 PUT http://10.13.3.208:9696/v2.0/floatingips/646f71f3-46f0-44be-9076-5aebe6a07873 0.645s[00m
2019-11-08 12:06:06.832 9934 INFO tempest.lib.common.rest_client [req-7fb5121c-1e8c-4d13-a22f-6a020e950034 ] Request (FloatingIPTestJSON:test_create_list_show_update_delete_floating_ip): 204 DELETE http://10.13.3.208:9696/v2.0/floatingips/646f71f3-46f0-44be-9076-5aebe6a07873 0.458s[00m
2019-11-08 12:06:06.874 9934 INFO tempest.lib.common.rest_client [req-82c01ccd-fd98-4153-8a2e-c641ed06faae ] Request (FloatingIPTestJSON:_run_cleanups): 404 DELETE http://10.13.3.208:9696/v2.0/floatingips/646f71f3-46f0-44be-9076-5aebe6a07873 0.041s[00m
{0} tempest.api.network.test_floating_ips.FloatingIPTestJSON.test_create_list_show_update_delete_floating_ip [4.444928s] ... ok
2019-11-08 12:06:07.331 9934 INFO tempest.lib.common.rest_client [req-8d946886-257d-4999-9a6b-28e9eee845f0 ] Request (FloatingIPTestJSON:tearDownClass): 204 DELETE http://10.13.3.208:9696/v2.0/ports/5b0e7d15-17a3-4f5c-b2be-f75b4b344521 0.456s[00m
2019-11-08 12:06:07.897 9934 INFO tempest.lib.common.rest_client [req-f5812e40-412a-4006-a895-2fba5a366c30 ] Request (FloatingIPTestJSON:tearDownClass): 204 DELETE http://10.13.3.208:9696/v2.0/ports/885bb6ef-6c84-46bb-b1d4-43a18ecde64b 0.565s[00m
2019-11-08 12:06:07.951 9934 INFO tempest.lib.common.rest_client [req-1c8293f8-2683-451b-974a-bba685ec19c6 ] Request (FloatingIPTestJSON:tearDownClass): 200 GET http://10.13.3.208:9696/v2.0/ports?device_id=3f530398-d4ef-4d8c-bb34-d88a13fb54e1 0.053s[00m
2019-11-08 12:06:09.513 9934 INFO tempest.lib.common.rest_client [req-1c0c7cef-93f4-4b74-9d71-b3e204169a01 ] Request (FloatingIPTestJSON:tearDownClass): 200 PUT http://10.13.3.208:9696/v2.0/routers/3f530398-d4ef-4d8c-bb34-d88a13fb54e1/remove_router_interface 1.562s[00m
2019-11-08 12:06:09.624 9937 WARNING tempest.lib.common.ssh [-] Failed to establish authenticated ssh connection to ubuntu@10.13.3.144 ([Errno None] Unable to connect to port 22 on 10.13.3.144). Number attempts: 1. Retry after 2 seconds.: paramiko.ssh_exception.NoValidConnectionsError: [Errno None] Unable to connect to port 22 on 10.13.3.144[00m
2019-11-08 12:06:10.504 9934 INFO tempest.lib.common.rest_client [req-3486706e-58ae-4558-ab80-d28e2bb836ed ] Request (FloatingIPTestJSON:tearDownClass): 204 DELETE http://10.13.3.208:9696/v2.0/routers/3f530398-d4ef-4d8c-bb34-d88a13fb54e1 0.990s[00m
2019-11-08 12:06:10.919 9934 INFO tempest.lib.common.rest_client [req-05902e49-e231-458f-9961-374cd684f1b3 ] Request (FloatingIPTestJSON:tearDownClass): 204 DELETE http://10.13.3.208:9696/v2.0/subnets/661b3c5e-b99e-4507-b399-836d2ffa027b 0.415s[00m
2019-11-08 12:06:11.472 9934 INFO tempest.lib.common.rest_client [req-4a1e26c5-1eae-468d-a8b2-09ec19620846 ] Request (FloatingIPTestJSON:tearDownClass): 204 DELETE http://10.13.3.208:9696/v2.0/networks/162ee539-449c-4c78-abea-3df689e35bd9 0.552s[00m
2019-11-08 12:06:11.548 9934 INFO tempest.lib.common.rest_client [req-b1042eb6-cb9e-407d-96da-a86817dbfd2a ] Request (FloatingIPTestJSON:tearDownClass): 204 DELETE http://10.13.3.247:35357/v3/users/bc0899bcca0d4b618ce7942e29734dd3 0.074s[00m
2019-11-08 12:06:11.809 9934 INFO tempest.lib.common.rest_client [req-7936360c-967a-4387-9d3a-fde60056b5a5 ] Request (FloatingIPTestJSON:tearDownClass): 201 POST http://10.13.3.247:5000/v3/auth/tokens 0.260s[00m
2019-11-08 12:06:11.885 9934 INFO tempest.lib.common.rest_client [req-36c188c4-82b8-48a2-b3ad-43b68fa37395 ] Request (FloatingIPTestJSON:tearDownClass): 200 GET http://10.13.3.208:9696/v2.0/security-groups?tenant_id=a327d017edef4d3c9a8be105c23b8383&name=default 0.075s[00m
2019-11-08 12:06:11.965 9934 INFO tempest.lib.common.rest_client [req-6bab6b71-86c8-4c1e-8343-c63419b4d2d7 ] Request (FloatingIPTestJSON:tearDownClass): 204 DELETE http://10.13.3.208:9696/v2.0/security-groups/a8136045-9af9-4d53-afb4-d924adab2c7d 0.079s[00m
2019-11-08 12:06:12.048 9934 INFO tempest.lib.common.rest_client [req-7fe80aa2-b1f2-4092-9a6d-b616170a52dd ] Request (FloatingIPTestJSON:tearDownClass): 204 DELETE http://10.13.3.247:35357/v3/projects/a327d017edef4d3c9a8be105c23b8383 0.081s[00m
2019-11-08 12:06:12.049 9934 INFO tempest.test [-] <class 'unittest.case.SkipTest'> raised in NetworksIpV6Test.setUpClass. Invoking tearDownClass.[00m
{0} setUpClass (tempest.api.network.test_networks.NetworksIpV6Test) ... SKIPPED: IPv6 Tests are disabled.
2019-11-08 12:06:12.313 9934 INFO tempest.lib.common.rest_client [req-b2916e6d-a7b1-4628-a0ee-b317a51d749a ] Request (NetworksTest:setUpClass): 201 POST http://10.13.3.247:5000/v3/auth/tokens 0.263s[00m
2019-11-08 12:06:12.565 9934 INFO tempest.lib.common.rest_client [req-5d2f757f-5c16-40bc-b8b6-0d55579026a1 ] Request (NetworksTest:setUpClass): 201 POST http://10.13.3.247:5000/v3/auth/tokens 0.248s[00m
2019-11-08 12:06:12.583 9934 INFO tempest.lib.common.rest_client [req-6ae57522-af6d-464c-b5e8-0b0957daf491 ] Request (NetworksTest:setUpClass): 200 GET http://10.13.3.247:35357/v3/domains?name=admin_domain 0.017s[00m
2019-11-08 12:06:12.606 9934 INFO tempest.lib.common.rest_client [req-498df278-c684-4fae-a1e7-94ba5f6a28df ] Request (NetworksTest:setUpClass): 201 POST http://10.13.3.247:35357/v3/projects 0.022s[00m
2019-11-08 12:06:12.751 9937 WARNING tempest.lib.common.ssh [-] Failed to establish authenticated ssh connection to ubuntu@10.13.3.144 ([Errno None] Unable to connect to port 22 on 10.13.3.144). Number attempts: 2. Retry after 3 seconds.: paramiko.ssh_exception.NoValidConnectionsError: [Errno None] Unable to connect to port 22 on 10.13.3.144[00m
2019-11-08 12:06:12.849 9934 INFO tempest.lib.common.rest_client [req-9be36c82-bec4-490b-9b6f-9bf3b560b494 ] Request (NetworksTest:setUpClass): 201 POST http://10.13.3.247:35357/v3/users 0.242s[00m
2019-11-08 12:06:12.865 9934 INFO tempest.lib.common.rest_client [req-6645f68d-f3f6-45bb-ad28-5b16cc2b3d84 ] Request (NetworksTest:setUpClass): 200 GET http://10.13.3.247:35357/v3/roles 0.015s[00m
2019-11-08 12:06:12.886 9934 INFO tempest.lib.common.rest_client [req-9fba4493-d181-4d8a-89ac-6512a437f14e ] Request (NetworksTest:setUpClass): 200 GET http://10.13.3.247:35357/v3/roles 0.021s[00m
2019-11-08 12:06:12.913 9934 INFO tempest.lib.common.rest_client [req-279445c8-0195-4451-a516-213efcab28c1 ] Request (NetworksTest:setUpClass): 204 PUT http://10.13.3.247:35357/v3/projects/ef035391d762487bac870bea8bf6c00b/users/ce43affcbc9148b28d27a631fd5ad491/roles/75374839941742ecb0fde1316a1b03f6 0.027s[00m
2019-11-08 12:06:12.914 9934 INFO tempest.lib.common.dynamic_creds [-] Acquired dynamic creds:
 credentials: Credentials: {'domain_id': 'fe20d1c634b84043a1a0d2603de142ca', 'domain_name': 'admin_domain', 'username': 'tempest-NetworksTest-527242502', 'project_domain_id': 'fe20d1c634b84043a1a0d2603de142ca', 'project_domain_name': 'admin_domain', 'project_id': 'ef035391d762487bac870bea8bf6c00b', 'project_name': 'tempest-NetworksTest-527242502', 'tenant_id': 'ef035391d762487bac870bea8bf6c00b', 'tenant_name': 'tempest-NetworksTest-527242502', 'user_domain_id': 'fe20d1c634b84043a1a0d2603de142ca', 'user_domain_name': 'admin_domain', 'user_id': 'ce43affcbc9148b28d27a631fd5ad491'}, Network: None, Subnet: None, Router: None[00m
2019-11-08 12:06:12.914 9934 INFO tempest.lib.common.dynamic_creds [-] Created isolated network resources for:
 credentials: Credentials: {'domain_id': 'fe20d1c634b84043a1a0d2603de142ca', 'domain_name': 'admin_domain', 'username': 'tempest-NetworksTest-527242502', 'project_domain_id': 'fe20d1c634b84043a1a0d2603de142ca', 'project_domain_name': 'admin_domain', 'project_id': 'ef035391d762487bac870bea8bf6c00b', 'project_name': 'tempest-NetworksTest-527242502', 'tenant_id': 'ef035391d762487bac870bea8bf6c00b', 'tenant_name': 'tempest-NetworksTest-527242502', 'user_domain_id': 'fe20d1c634b84043a1a0d2603de142ca', 'user_domain_name': 'admin_domain', 'user_id': 'ce43affcbc9148b28d27a631fd5ad491'}, Network: None, Subnet: None, Router: None[00m
2019-11-08 12:06:13.188 9934 INFO tempest.lib.common.rest_client [req-aeb6bb4a-a3a5-4365-9e22-a2ba84de3beb ] Request (NetworksTest:setUpClass): 201 POST http://10.13.3.247:5000/v3/auth/tokens 0.269s[00m
2019-11-08 12:06:13.394 9934 INFO tempest.lib.common.rest_client [req-99fe2adf-c9b9-4434-9979-9b9d9b84207c ] Request (NetworksTest:setUpClass): 201 POST http://10.13.3.208:9696/v2.0/networks 0.205s[00m
2019-11-08 12:06:14.741 9934 INFO tempest.lib.common.rest_client [req-7e355d74-5c65-4a61-a895-85c038291537 ] Request (NetworksTest:setUpClass): 201 POST http://10.13.3.208:9696/v2.0/subnets 0.417s[00m
2019-11-08 12:06:15.041 9934 INFO tempest.lib.common.rest_client [req-c74a569a-ba9b-4ba6-965e-faa73a098d60 ] Request (NetworksTest:test_create_update_delete_network_subnet): 201 POST http://10.13.3.208:9696/v2.0/networks 0.289s[00m
2019-11-08 12:06:15.443 9934 INFO tempest.lib.common.rest_client [req-30888fb1-d6a6-48f0-af78-9f9ee83b7512 ] Request (NetworksTest:test_create_update_delete_network_subnet): 200 PUT http://10.13.3.208:9696/v2.0/networks/a1973322-c522-4589-a902-a4da731c51c4 0.401s[00m
2019-11-08 12:06:15.899 9934 INFO tempest.lib.common.rest_client [req-88a99270-0bc4-4ad7-984b-66b61c9b7258 ] Request (NetworksTest:test_create_update_delete_network_subnet): 201 POST http://10.13.3.208:9696/v2.0/subnets 0.453s[00m
2019-11-08 12:06:16.192 9934 INFO tempest.lib.common.rest_client [req-cbbe8794-0f73-40f6-9aa1-cf6181deaa07 ] Request (NetworksTest:test_create_update_delete_network_subnet): 200 PUT http://10.13.3.208:9696/v2.0/subnets/a971d3d0-acc1-4bfa-bcdd-15f10ec06eb3 0.292s[00m
2019-11-08 12:06:18.308 9934 INFO tempest.lib.common.rest_client [req-76ce00e1-6cbe-4daf-b9a7-9b2b931787d0 ] Request (NetworksTest:test_create_update_delete_network_subnet): 204 DELETE http://10.13.3.208:9696/v2.0/networks/a1973322-c522-4589-a902-a4da731c51c4 2.114s[00m
2019-11-08 12:06:18.329 9934 INFO tempest.lib.common.rest_client [req-11c32348-7405-4d64-b09d-9a9dd7e06d5f ] Request (NetworksTest:_run_cleanups): 404 DELETE http://10.13.3.208:9696/v2.0/networks/a1973322-c522-4589-a902-a4da731c51c4 0.020s[00m
{0} tempest.api.network.test_networks.NetworksTest.test_create_update_delete_network_subnet [3.579382s] ... ok
2019-11-08 12:06:18.433 9934 INFO tempest.lib.common.rest_client [req-6706f115-2244-4d2f-8a2e-4c128d39b5f6 ] Request (NetworksTest:test_external_network_visibility): 200 GET http://10.13.3.208:9696/v2.0/networks?router%3Aexternal=True 0.101s[00m
2019-11-08 12:06:18.459 9934 INFO tempest.lib.common.rest_client [req-89470bfd-8414-4561-9ef9-b2c742dd0ca0 ] Request (NetworksTest:test_external_network_visibility): 200 GET http://10.13.3.208:9696/v2.0/subnets?network_id=4625e0c6-8606-4a87-a5ad-1b4a810d42d4 0.026s[00m
{0} tempest.api.network.test_networks.NetworksTest.test_external_network_visibility [0.130612s] ... ok
2019-11-08 12:06:18.468 9937 WARNING tempest.lib.common.ssh [-] Failed to establish authenticated ssh connection to ubuntu@10.13.3.144 ([Errno None] Unable to connect to port 22 on 10.13.3.144). Number attempts: 3. Retry after 4 seconds.: paramiko.ssh_exception.NoValidConnectionsError: [Errno None] Unable to connect to port 22 on 10.13.3.144[00m
2019-11-08 12:06:18.726 9934 INFO tempest.lib.common.rest_client [req-11b41722-e9d1-4d7a-a0ef-d61593c51721 ] Request (NetworksTest:test_list_networks): 200 GET http://10.13.3.208:9696/v2.0/networks 0.264s[00m
{0} tempest.api.network.test_networks.NetworksTest.test_list_networks [0.265476s] ... ok
2019-11-08 12:06:18.767 9934 INFO tempest.lib.common.rest_client [req-b4343b9b-8370-4bdc-9992-92acf6fc94b7 ] Request (NetworksTest:test_list_subnets): 200 GET http://10.13.3.208:9696/v2.0/subnets 0.040s[00m
{0} tempest.api.network.test_networks.NetworksTest.test_list_subnets [0.040662s] ... ok
2019-11-08 12:06:18.857 9934 INFO tempest.lib.common.rest_client [req-32eaa7b2-690f-4e24-bb00-f0f8d33c5727 ] Request (NetworksTest:test_show_network): 200 GET http://10.13.3.208:9696/v2.0/networks/d2e6a82a-e3e1-42f1-aec9-defc66833b5c 0.089s[00m
{0} tempest.api.network.test_networks.NetworksTest.test_show_network [0.090100s] ... ok
2019-11-08 12:06:18.897 9934 INFO tempest.lib.common.rest_client [req-09122168-3186-4a68-82e4-bcd46bf83c3d ] Request (NetworksTest:test_show_subnet): 200 GET http://10.13.3.208:9696/v2.0/subnets/2c60868b-faad-419f-8f6a-79d99c9c9750 0.038s[00m
{0} tempest.api.network.test_networks.NetworksTest.test_show_subnet [0.039356s] ... ok
2019-11-08 12:06:18.924 9934 INFO tempest.lib.common.rest_client [req-f66a8c3e-ef0f-4ac9-8bd5-b8935c21f6a4 ] Request (NetworksTest:tearDownClass): 404 DELETE http://10.13.3.208:9696/v2.0/subnets/a971d3d0-acc1-4bfa-bcdd-15f10ec06eb3 0.025s[00m
2019-11-08 12:06:18.943 9934 INFO tempest.lib.common.rest_client [req-913b307e-dc4c-4b46-b5cc-8e03a829e083 ] Request (NetworksTest:tearDownClass): 404 DELETE http://10.13.3.208:9696/v2.0/networks/a1973322-c522-4589-a902-a4da731c51c4 0.018s[00m
2019-11-08 12:06:19.892 9934 INFO tempest.lib.common.rest_client [req-827a202b-99cb-40ec-82ae-7ebed6d6151d ] Request (NetworksTest:tearDownClass): 204 DELETE http://10.13.3.208:9696/v2.0/subnets/2c60868b-faad-419f-8f6a-79d99c9c9750 0.947s[00m
2019-11-08 12:06:21.715 9934 INFO tempest.lib.common.rest_client [req-97265470-7fa4-4a55-9173-509ee91e5e9f ] Request (NetworksTest:tearDownClass): 204 DELETE http://10.13.3.208:9696/v2.0/networks/d2e6a82a-e3e1-42f1-aec9-defc66833b5c 1.822s[00m
2019-11-08 12:06:21.823 9934 INFO tempest.lib.common.rest_client [req-cf0ac9c1-4266-4195-9c39-36f2ed88173a ] Request (NetworksTest:tearDownClass): 204 DELETE http://10.13.3.247:35357/v3/users/ce43affcbc9148b28d27a631fd5ad491 0.107s[00m
2019-11-08 12:06:22.092 9934 INFO tempest.lib.common.rest_client [req-fb74f9a3-5d62-4794-b280-0a35f2734f34 ] Request (NetworksTest:tearDownClass): 201 POST http://10.13.3.247:5000/v3/auth/tokens 0.268s[00m
2019-11-08 12:06:22.184 9934 INFO tempest.lib.common.rest_client [req-42bf686b-c8fa-4640-8b5d-25b27f76c427 ] Request (NetworksTest:tearDownClass): 200 GET http://10.13.3.208:9696/v2.0/security-groups?tenant_id=ef035391d762487bac870bea8bf6c00b&name=default 0.092s[00m
2019-11-08 12:06:22.285 9934 INFO tempest.lib.common.rest_client [req-24203356-a56f-4c8c-b411-b69c6464b568 ] Request (NetworksTest:tearDownClass): 204 DELETE http://10.13.3.208:9696/v2.0/security-groups/4d4901b6-3835-45d7-b28a-af8cf1386cdf 0.098s[00m
2019-11-08 12:06:22.351 9934 INFO tempest.lib.common.rest_client [req-dbb3a189-a48a-41e4-b1f2-508af9054794 ] Request (NetworksTest:tearDownClass): 204 DELETE http://10.13.3.247:35357/v3/projects/ef035391d762487bac870bea8bf6c00b 0.064s[00m
2019-11-08 12:06:22.355 9934 INFO tempest.test [-] <class 'unittest.case.SkipTest'> raised in RoutersIpV6Test.setUpClass. Invoking tearDownClass.[00m
{0} setUpClass (tempest.api.network.test_routers.RoutersIpV6Test) ... SKIPPED: IPv6 Tests are disabled.
2019-11-08 12:06:22.617 9934 INFO tempest.lib.common.rest_client [req-9723cbb7-2589-4217-8944-ad310b5ef0ba ] Request (RoutersTest:setUpClass): 201 POST http://10.13.3.247:5000/v3/auth/tokens 0.258s[00m
2019-11-08 12:06:22.861 9934 INFO tempest.lib.common.rest_client [req-7eb23d70-074f-43f0-8775-3a75c56ef8fa ] Request (RoutersTest:setUpClass): 201 POST http://10.13.3.247:5000/v3/auth/tokens 0.239s[00m
2019-11-08 12:06:22.879 9934 INFO tempest.lib.common.rest_client [req-d1fb8e46-bb54-4010-b99b-416384127388 ] Request (RoutersTest:setUpClass): 200 GET http://10.13.3.247:35357/v3/domains?name=admin_domain 0.016s[00m
2019-11-08 12:06:22.905 9934 INFO tempest.lib.common.rest_client [req-5438276a-9fae-40ee-9e5b-071abacb3fae ] Request (RoutersTest:setUpClass): 201 POST http://10.13.3.247:35357/v3/projects 0.024s[00m
2019-11-08 12:06:22.976 9937 WARNING tempest.lib.common.ssh [-] Failed to establish authenticated ssh connection to ubuntu@10.13.3.144 ([Errno None] Unable to connect to port 22 on 10.13.3.144). Number attempts: 4. Retry after 5 seconds.: paramiko.ssh_exception.NoValidConnectionsError: [Errno None] Unable to connect to port 22 on 10.13.3.144[00m
2019-11-08 12:06:23.147 9934 INFO tempest.lib.common.rest_client [req-4ae5dc78-719e-4acc-bc13-f8dfe9fb0d6f ] Request (RoutersTest:setUpClass): 201 POST http://10.13.3.247:35357/v3/users 0.241s[00m
2019-11-08 12:06:23.162 9934 INFO tempest.lib.common.rest_client [req-6691ca52-5158-411f-a386-d9e3c0bd6a23 ] Request (RoutersTest:setUpClass): 200 GET http://10.13.3.247:35357/v3/roles 0.014s[00m
2019-11-08 12:06:23.177 9934 INFO tempest.lib.common.rest_client [req-d475e018-ce82-4ddc-a79d-209457cfb30e ] Request (RoutersTest:setUpClass): 200 GET http://10.13.3.247:35357/v3/roles 0.013s[00m
2019-11-08 12:06:23.203 9934 INFO tempest.lib.common.rest_client [req-327166e5-a497-4b3b-b825-ae1ea2db4311 ] Request (RoutersTest:setUpClass): 204 PUT http://10.13.3.247:35357/v3/projects/34309c8ea7ce40f8aa95d0d6b6a52065/users/979eb0e92aa74828b5870a1bac3c7579/roles/75374839941742ecb0fde1316a1b03f6 0.024s[00m
2019-11-08 12:06:23.205 9934 INFO tempest.lib.common.dynamic_creds [-] Acquired dynamic creds:
 credentials: Credentials: {'domain_id': 'fe20d1c634b84043a1a0d2603de142ca', 'domain_name': 'admin_domain', 'username': 'tempest-RoutersTest-877910795', 'project_domain_id': 'fe20d1c634b84043a1a0d2603de142ca', 'project_domain_name': 'admin_domain', 'project_id': '34309c8ea7ce40f8aa95d0d6b6a52065', 'project_name': 'tempest-RoutersTest-877910795', 'tenant_id': '34309c8ea7ce40f8aa95d0d6b6a52065', 'tenant_name': 'tempest-RoutersTest-877910795', 'user_domain_id': 'fe20d1c634b84043a1a0d2603de142ca', 'user_domain_name': 'admin_domain', 'user_id': '979eb0e92aa74828b5870a1bac3c7579'}, Network: None, Subnet: None, Router: None[00m
2019-11-08 12:06:23.208 9934 INFO tempest.lib.common.dynamic_creds [-] Created isolated network resources for:
 credentials: Credentials: {'domain_id': 'fe20d1c634b84043a1a0d2603de142ca', 'domain_name': 'admin_domain', 'username': 'tempest-RoutersTest-877910795', 'project_domain_id': 'fe20d1c634b84043a1a0d2603de142ca', 'project_domain_name': 'admin_domain', 'project_id': '34309c8ea7ce40f8aa95d0d6b6a52065', 'project_name': 'tempest-RoutersTest-877910795', 'tenant_id': '34309c8ea7ce40f8aa95d0d6b6a52065', 'tenant_name': 'tempest-RoutersTest-877910795', 'user_domain_id': 'fe20d1c634b84043a1a0d2603de142ca', 'user_domain_name': 'admin_domain', 'user_id': '979eb0e92aa74828b5870a1bac3c7579'}, Network: None, Subnet: None, Router: None[00m
2019-11-08 12:06:23.481 9934 INFO tempest.lib.common.rest_client [req-c1448069-b645-48fb-bebe-8b62340c47fc ] Request (RoutersTest:setUpClass): 201 POST http://10.13.3.247:5000/v3/auth/tokens 0.265s[00m
2019-11-08 12:06:24.013 9934 INFO tempest.lib.common.rest_client [req-e2fa3697-f552-4d32-a4cc-664571b4cd01 ] Request (RoutersTest:test_add_multiple_router_interfaces): 201 POST http://10.13.3.208:9696/v2.0/networks 0.529s[00m
2019-11-08 12:06:24.138 9934 INFO tempest.lib.common.rest_client [req-cff0bb4b-97c4-4503-a084-d778aa8eb877 ] Request (RoutersTest:test_add_multiple_router_interfaces): 201 POST http://10.13.3.208:9696/v2.0/networks 0.124s[00m
2019-11-08 12:06:24.607 9934 INFO tempest.lib.common.rest_client [req-803ef50d-83cd-4e00-a23f-382b304f5706 ] Request (RoutersTest:test_add_multiple_router_interfaces): 201 POST http://10.13.3.208:9696/v2.0/subnets 0.467s[00m
2019-11-08 12:06:25.204 9934 INFO tempest.lib.common.rest_client [req-e2018847-7168-4c7e-bd3f-fb06ae723a12 ] Request (RoutersTest:test_add_multiple_router_interfaces): 201 POST http://10.13.3.208:9696/v2.0/subnets 0.594s[00m
2019-11-08 12:06:25.262 9934 INFO tempest.lib.common.rest_client [req-84e4121e-0c93-4158-a9e1-d78dcf137414 ] Request (RoutersTest:test_add_multiple_router_interfaces): 201 POST http://10.13.3.208:9696/v2.0/routers 0.058s[00m
2019-11-08 12:06:26.775 9934 INFO tempest.lib.common.rest_client [req-ab2a4b68-6cd1-464d-b1c5-d1857344f67a ] Request (RoutersTest:test_add_multiple_router_interfaces): 200 PUT http://10.13.3.208:9696/v2.0/routers/d47d24f9-8d4f-49d1-b623-a39ac3ce3516/add_router_interface 1.511s[00m
2019-11-08 12:06:26.815 9934 INFO tempest.lib.common.rest_client [req-36bf4cc3-ec9d-416c-ab2f-563f175a1738 ] Request (RoutersTest:test_add_multiple_router_interfaces): 200 GET http://10.13.3.208:9696/v2.0/ports/58c006e2-8af8-4447-bcbf-c369c8aa0159 0.039s[00m
2019-11-08 12:06:28.448 9934 INFO tempest.lib.common.rest_client [req-70eb73cb-ff3f-4c19-8d6d-03913fc53d39 ] Request (RoutersTest:test_add_multiple_router_interfaces): 200 PUT http://10.13.3.208:9696/v2.0/routers/d47d24f9-8d4f-49d1-b623-a39ac3ce3516/add_router_interface 1.631s[00m
2019-11-08 12:06:28.481 9937 WARNING tempest.lib.common.ssh [-] Failed to establish authenticated ssh connection to ubuntu@10.13.3.144 ([Errno None] Unable to connect to port 22 on 10.13.3.144). Number attempts: 5. Retry after 6 seconds.: paramiko.ssh_exception.NoValidConnectionsError: [Errno None] Unable to connect to port 22 on 10.13.3.144[00m
2019-11-08 12:06:28.498 9934 INFO tempest.lib.common.rest_client [req-430d3f6f-7139-4f74-b30e-1f22d15c5079 ] Request (RoutersTest:test_add_multiple_router_interfaces): 200 GET http://10.13.3.208:9696/v2.0/ports/b19a88b6-09a2-4572-b528-b9ed52a18e7c 0.048s[00m
2019-11-08 12:06:30.029 9934 INFO tempest.lib.common.rest_client [req-cd0f6a0e-db10-4d8a-9393-6662c83513bb ] Request (RoutersTest:_run_cleanups): 200 PUT http://10.13.3.208:9696/v2.0/routers/d47d24f9-8d4f-49d1-b623-a39ac3ce3516/remove_router_interface 1.529s[00m
2019-11-08 12:06:31.389 9934 INFO tempest.lib.common.rest_client [req-7aab329b-897e-4029-8aee-741ed0fab70f ] Request (RoutersTest:_run_cleanups): 200 PUT http://10.13.3.208:9696/v2.0/routers/d47d24f9-8d4f-49d1-b623-a39ac3ce3516/remove_router_interface 1.354s[00m
2019-11-08 12:06:31.428 9934 INFO tempest.lib.common.rest_client [req-8bd289ab-098a-4ad0-a63e-12a84e2f8c5a ] Request (RoutersTest:_run_cleanups): 200 GET http://10.13.3.208:9696/v2.0/ports?device_id=d47d24f9-8d4f-49d1-b623-a39ac3ce3516 0.038s[00m
2019-11-08 12:06:31.923 9934 INFO tempest.lib.common.rest_client [req-b0617ed1-bcd5-498f-bd59-caa97258801e ] Request (RoutersTest:_run_cleanups): 204 DELETE http://10.13.3.208:9696/v2.0/routers/d47d24f9-8d4f-49d1-b623-a39ac3ce3516 0.494s[00m
2019-11-08 12:06:32.867 9934 INFO tempest.lib.common.rest_client [req-e94eacbb-de87-47a6-8dc7-5c85bfa5e1ea ] Request (RoutersTest:_run_cleanups): 204 DELETE http://10.13.3.208:9696/v2.0/subnets/036cea98-176d-47e9-aadc-3d3151b3c45f 0.943s[00m
2019-11-08 12:06:34.350 9934 INFO tempest.lib.common.rest_client [req-6727c1e2-941f-4318-8fa9-e9e5c6fc26a8 ] Request (RoutersTest:_run_cleanups): 204 DELETE http://10.13.3.208:9696/v2.0/subnets/6d8ba847-0943-46af-8a3c-1dd8d816fa7b 1.483s[00m
2019-11-08 12:06:34.826 9934 INFO tempest.lib.common.rest_client [req-047b1781-8a3c-4262-a0c0-4d97ff06f55a ] Request (RoutersTest:_run_cleanups): 204 DELETE http://10.13.3.208:9696/v2.0/networks/1fdaedad-29a6-4dc7-9e8a-724591e0e23e 0.475s[00m
2019-11-08 12:06:35.277 9937 INFO paramiko.transport [-] Connected (version 2.0, client OpenSSH_7.2p2)[00m
2019-11-08 12:06:35.641 9937 INFO paramiko.transport [-] Authentication (publickey) successful![00m
2019-11-08 12:06:35.641 9937 INFO tempest.lib.common.ssh [-] ssh connection to ubuntu@10.13.3.144 successfully created[00m
2019-11-08 12:06:36.297 9934 INFO tempest.lib.common.rest_client [req-a8027e61-f622-464b-b889-bcac94a1e49f ] Request (RoutersTest:_run_cleanups): 204 DELETE http://10.13.3.208:9696/v2.0/networks/41e881b1-e1bc-4d28-be78-0f94b2c49932 1.470s[00m
{0} tempest.api.network.test_routers.RoutersTest.test_add_multiple_router_interfaces [12.814008s] ... ok
2019-11-08 12:06:36.455 9934 INFO tempest.lib.common.rest_client [req-2dbbf3c7-a08c-4706-8d46-9e9bc517d833 ] Request (RoutersTest:test_add_remove_router_interface_with_port_id): 201 POST http://10.13.3.208:9696/v2.0/networks 0.157s[00m
2019-11-08 12:06:36.867 9937 INFO tempest.lib.common.ssh [-] Creating ssh connection to '10.13.3.144:22' as 'ubuntu' with public key authentication[00m
2019-11-08 12:06:36.878 9937 INFO paramiko.transport [-] Connected (version 2.0, client OpenSSH_7.2p2)[00m
2019-11-08 12:06:36.973 9937 INFO paramiko.transport [-] Authentication (publickey) successful![00m
2019-11-08 12:06:36.973 9937 INFO tempest.lib.common.ssh [-] ssh connection to ubuntu@10.13.3.144 successfully created[00m
2019-11-08 12:06:37.071 9934 INFO tempest.lib.common.rest_client [req-f4ffd072-3bb4-4459-8709-bfea9d9d8966 ] Request (RoutersTest:test_add_remove_router_interface_with_port_id): 201 POST http://10.13.3.208:9696/v2.0/subnets 0.615s[00m
2019-11-08 12:06:37.132 9934 INFO tempest.lib.common.rest_client [req-773dd8a8-55b7-4e4a-a67f-9508fd74178b ] Request (RoutersTest:test_add_remove_router_interface_with_port_id): 201 POST http://10.13.3.208:9696/v2.0/routers 0.060s[00m
2019-11-08 12:06:37.774 9934 INFO tempest.lib.common.rest_client [req-c48ddb12-98f8-41f2-86a3-446678e5cd9b ] Request (RoutersTest:test_add_remove_router_interface_with_port_id): 201 POST http://10.13.3.208:9696/v2.0/ports 0.641s[00m
2019-11-08 12:06:39.266 9934 INFO tempest.lib.common.rest_client [req-9e07a3f6-b7c3-42c7-ae6e-e0bc50f35331 ] Request (RoutersTest:test_add_remove_router_interface_with_port_id): 200 PUT http://10.13.3.208:9696/v2.0/routers/4ee3fccb-980b-47b5-be65-32b33ddb2f47/add_router_interface 1.491s[00m
2019-11-08 12:06:39.694 9934 INFO tempest.lib.common.rest_client [req-e4d90245-0a75-4107-8033-4be5b149e460 ] Request (RoutersTest:test_add_remove_router_interface_with_port_id): 200 GET http://10.13.3.208:9696/v2.0/ports/af15afb0-8325-4d09-84ad-d6ccb23ebb60 0.427s[00m
2019-11-08 12:06:40.853 9937 INFO tempest.lib.common.rest_client [req-813505c4-006e-49f0-af08-01f0b6ebaca2 ] Request (ServerActionsTestJSON:test_reboot_server_hard): 202 POST http://10.13.3.254:8774/v2.1/servers/2b4bb046-6878-482d-8e24-4cd5b27e1e58/action 0.083s[00m
2019-11-08 12:06:41.068 9934 INFO tempest.lib.common.rest_client [req-601d730e-bd4e-4132-82bb-ba0afdf368dd ] Request (RoutersTest:test_add_remove_router_interface_with_port_id): 200 PUT http://10.13.3.208:9696/v2.0/routers/4ee3fccb-980b-47b5-be65-32b33ddb2f47/remove_router_interface 1.373s[00m
2019-11-08 12:06:41.082 9937 INFO tempest.lib.common.rest_client [req-b47d5f2c-8bb2-4613-9d6b-5e0341e1ff21 ] Request (ServerActionsTestJSON:test_reboot_server_hard): 200 GET http://10.13.3.254:8774/v2.1/servers/2b4bb046-6878-482d-8e24-4cd5b27e1e58 0.229s[00m
2019-11-08 12:06:41.279 9934 INFO tempest.lib.common.rest_client [req-fe0e635b-4cf2-4d84-9ed0-4ad632eb2afe ] Request (RoutersTest:_run_cleanups): 404 PUT http://10.13.3.208:9696/v2.0/routers/4ee3fccb-980b-47b5-be65-32b33ddb2f47/remove_router_interface 0.211s[00m
2019-11-08 12:06:41.319 9934 INFO tempest.lib.common.rest_client [req-0b9136da-edd9-4640-b92c-ff5d957fd846 ] Request (RoutersTest:_run_cleanups): 200 GET http://10.13.3.208:9696/v2.0/ports?device_id=4ee3fccb-980b-47b5-be65-32b33ddb2f47 0.039s[00m
2019-11-08 12:06:41.754 9934 INFO tempest.lib.common.rest_client [req-bb4aa63f-8e18-4bf9-af4c-e81f005b116d ] Request (RoutersTest:_run_cleanups): 204 DELETE http://10.13.3.208:9696/v2.0/routers/4ee3fccb-980b-47b5-be65-32b33ddb2f47 0.434s[00m
2019-11-08 12:06:42.314 9937 INFO tempest.lib.common.rest_client [req-68fb2138-c72d-4140-92bf-7b07a42874e1 ] Request (ServerActionsTestJSON:test_reboot_server_hard): 200 GET http://10.13.3.254:8774/v2.1/servers/2b4bb046-6878-482d-8e24-4cd5b27e1e58 0.224s[00m
2019-11-08 12:06:42.318 9937 INFO tempest.common.waiters [-] State transition "HARD_REBOOT/rebooting_hard" ==> "HARD_REBOOT/reboot_started_hard" after 1 second wait[00m
2019-11-08 12:06:42.638 9934 INFO tempest.lib.common.rest_client [req-e258ba39-f3f1-451b-ad86-5ce78ec0e59e ] Request (RoutersTest:_run_cleanups): 204 DELETE http://10.13.3.208:9696/v2.0/subnets/2e53a801-12ab-4495-83d8-ab4ae4a92df6 0.882s[00m
2019-11-08 12:06:43.632 9934 INFO tempest.lib.common.rest_client [req-54ef4d94-151d-421f-9a1d-59c7302b86ac ] Request (RoutersTest:_run_cleanups): 204 DELETE http://10.13.3.208:9696/v2.0/networks/885dc1e5-0fcf-4dc5-bc31-d37ea11df236 0.993s[00m
{0} tempest.api.network.test_routers.RoutersTest.test_add_remove_router_interface_with_port_id [7.335500s] ... ok
2019-11-08 12:06:43.637 9937 INFO tempest.lib.common.rest_client [req-dc053cfe-53d4-40b0-a687-8f7d6b1ee114 ] Request (ServerActionsTestJSON:test_reboot_server_hard): 200 GET http://10.13.3.254:8774/v2.1/servers/2b4bb046-6878-482d-8e24-4cd5b27e1e58 0.314s[00m
2019-11-08 12:06:43.768 9934 INFO tempest.lib.common.rest_client [req-0758734d-904d-4609-8a03-2e5cd10454cf ] Request (RoutersTest:test_add_remove_router_interface_with_subnet_id): 201 POST http://10.13.3.208:9696/v2.0/networks 0.134s[00m
2019-11-08 12:06:44.226 9934 INFO tempest.lib.common.rest_client [req-ac72b32f-3c0f-47bc-9e1f-2ab0dddc7ca5 ] Request (RoutersTest:test_add_remove_router_interface_with_subnet_id): 201 POST http://10.13.3.208:9696/v2.0/subnets 0.456s[00m
2019-11-08 12:06:44.278 9934 INFO tempest.lib.common.rest_client [req-11b7d7d7-5e3d-4349-9550-6c621b3cb482 ] Request (RoutersTest:test_add_remove_router_interface_with_subnet_id): 201 POST http://10.13.3.208:9696/v2.0/routers 0.052s[00m
2019-11-08 12:06:44.782 9937 INFO tempest.lib.common.rest_client [req-86dfd021-aab4-408b-a3c3-7084b13a1810 ] Request (ServerActionsTestJSON:test_reboot_server_hard): 200 GET http://10.13.3.254:8774/v2.1/servers/2b4bb046-6878-482d-8e24-4cd5b27e1e58 0.139s[00m
2019-11-08 12:06:45.917 9937 INFO tempest.lib.common.rest_client [req-ed2e6f0b-f4f6-4ba0-bab9-d1bb3b587d45 ] Request (ServerActionsTestJSON:test_reboot_server_hard): 200 GET http://10.13.3.254:8774/v2.1/servers/2b4bb046-6878-482d-8e24-4cd5b27e1e58 0.129s[00m
2019-11-08 12:06:45.924 9937 INFO tempest.common.waiters [-] State transition "HARD_REBOOT/reboot_started_hard" ==> "ACTIVE/None" after 4 second wait[00m
2019-11-08 12:06:45.925 9937 INFO tempest.lib.common.ssh [-] Creating ssh connection to '10.13.3.144:22' as 'ubuntu' with public key authentication[00m
2019-11-08 12:06:46.025 9934 INFO tempest.lib.common.rest_client [req-e1a31de2-c792-415f-a55b-aa1cb62bb8e6 ] Request (RoutersTest:test_add_remove_router_interface_with_subnet_id): 200 PUT http://10.13.3.208:9696/v2.0/routers/43ec2024-dba1-4112-816e-ead9c7051617/add_router_interface 1.745s[00m
2019-11-08 12:06:46.073 9934 INFO tempest.lib.common.rest_client [req-b16db4cd-2a6d-4b9a-bd68-6b2c795dbdf4 ] Request (RoutersTest:test_add_remove_router_interface_with_subnet_id): 200 GET http://10.13.3.208:9696/v2.0/ports/0f5729b5-e8a2-4701-95ed-632d417327ef 0.047s[00m
2019-11-08 12:06:47.648 9934 INFO tempest.lib.common.rest_client [req-dd17bcef-ffda-44e1-957b-93e3f0705683 ] Request (RoutersTest:_run_cleanups): 200 PUT http://10.13.3.208:9696/v2.0/routers/43ec2024-dba1-4112-816e-ead9c7051617/remove_router_interface 1.574s[00m
2019-11-08 12:06:47.683 9934 INFO tempest.lib.common.rest_client [req-3c4b1047-1ff4-401f-b2d9-48524875b2f2 ] Request (RoutersTest:_run_cleanups): 200 GET http://10.13.3.208:9696/v2.0/ports?device_id=43ec2024-dba1-4112-816e-ead9c7051617 0.030s[00m
2019-11-08 12:06:48.117 9934 INFO tempest.lib.common.rest_client [req-1df548db-896e-45d5-a559-75e3156036d7 ] Request (RoutersTest:_run_cleanups): 204 DELETE http://10.13.3.208:9696/v2.0/routers/43ec2024-dba1-4112-816e-ead9c7051617 0.434s[00m
2019-11-08 12:06:48.994 9934 INFO tempest.lib.common.rest_client [req-398615b4-1cee-494a-a2c3-eb07b1aa4c7e ] Request (RoutersTest:_run_cleanups): 204 DELETE http://10.13.3.208:9696/v2.0/subnets/c8261385-4a82-4406-a331-f511b991477e 0.875s[00m
2019-11-08 12:06:49.898 9934 INFO tempest.lib.common.rest_client [req-8eb6a643-906d-45e5-9d61-c87b25017f20 ] Request (RoutersTest:_run_cleanups): 204 DELETE http://10.13.3.208:9696/v2.0/networks/ae26b0c2-573a-4806-8b5a-f3bb59ce1d31 0.903s[00m
{0} tempest.api.network.test_routers.RoutersTest.test_add_remove_router_interface_with_subnet_id [6.265107s] ... ok
2019-11-08 12:06:51.134 9934 INFO tempest.lib.common.rest_client [req-9bb51fec-d74f-471b-a696-89e09902c2ba ] Request (RoutersTest:test_create_show_list_update_delete_router): 201 POST http://10.13.3.208:9696/v2.0/routers 1.234s[00m
2019-11-08 12:06:51.251 9934 INFO tempest.lib.common.rest_client [req-4b1d163f-2508-4e0f-ab30-deeca558086b ] Request (RoutersTest:test_create_show_list_update_delete_router): 200 GET http://10.13.3.208:9696/v2.0/routers/2e824d67-567c-448d-9fa0-120d36c39730 0.117s[00m
2019-11-08 12:06:51.383 9934 INFO tempest.lib.common.rest_client [req-9076d5b8-618d-494b-ae80-f13352807acc ] Request (RoutersTest:test_create_show_list_update_delete_router): 200 GET http://10.13.3.208:9696/v2.0/routers 0.129s[00m
2019-11-08 12:06:52.138 9934 INFO tempest.lib.common.rest_client [req-0e50c1c1-036a-44fa-8716-cbd62f6c3b45 ] Request (RoutersTest:test_create_show_list_update_delete_router): 200 PUT http://10.13.3.208:9696/v2.0/routers/2e824d67-567c-448d-9fa0-120d36c39730 0.752s[00m
2019-11-08 12:06:52.250 9934 INFO tempest.lib.common.rest_client [req-299220b7-cc09-47e2-a0d1-91d9ce99435c ] Request (RoutersTest:test_create_show_list_update_delete_router): 200 GET http://10.13.3.208:9696/v2.0/routers/2e824d67-567c-448d-9fa0-120d36c39730 0.111s[00m
2019-11-08 12:06:52.288 9934 INFO tempest.lib.common.rest_client [req-3269d30f-a9b2-48de-b24e-1e8e299081ac ] Request (RoutersTest:_run_cleanups): 200 GET http://10.13.3.208:9696/v2.0/ports?device_id=2e824d67-567c-448d-9fa0-120d36c39730 0.037s[00m
2019-11-08 12:06:53.168 9937 WARNING tempest.lib.common.ssh [-] Failed to establish authenticated ssh connection to ubuntu@10.13.3.144 ([Errno None] Unable to connect to port 22 on 10.13.3.144). Number attempts: 1. Retry after 2 seconds.: paramiko.ssh_exception.NoValidConnectionsError: [Errno None] Unable to connect to port 22 on 10.13.3.144[00m
2019-11-08 12:06:53.387 9934 INFO tempest.lib.common.rest_client [req-efa584c8-df19-4d4f-a0c7-12e130828abf ] Request (RoutersTest:_run_cleanups): 204 DELETE http://10.13.3.208:9696/v2.0/routers/2e824d67-567c-448d-9fa0-120d36c39730 1.098s[00m
{0} tempest.api.network.test_routers.RoutersTest.test_create_show_list_update_delete_router [3.488370s] ... ok
2019-11-08 12:06:53.419 9934 INFO tempest.lib.common.rest_client [req-b15797f7-dbc5-462b-80b4-fa48e0eba05c ] Request (RoutersTest:tearDownClass): 200 GET http://10.13.3.208:9696/v2.0/ports?device_id=2e824d67-567c-448d-9fa0-120d36c39730 0.031s[00m
2019-11-08 12:06:53.457 9934 INFO tempest.lib.common.rest_client [req-7d5bdba6-5d36-4dc9-b1b3-4b5e042a409e ] Request (RoutersTest:tearDownClass): 404 DELETE http://10.13.3.208:9696/v2.0/routers/2e824d67-567c-448d-9fa0-120d36c39730 0.036s[00m
2019-11-08 12:06:53.482 9934 INFO tempest.lib.common.rest_client [req-9cca93ad-7b2d-4d25-b4c5-8c301dc3346e ] Request (RoutersTest:tearDownClass): 200 GET http://10.13.3.208:9696/v2.0/ports?device_id=43ec2024-dba1-4112-816e-ead9c7051617 0.025s[00m
2019-11-08 12:06:53.522 9934 INFO tempest.lib.common.rest_client [req-d4746c57-1fcd-4484-b536-15085c05b4a7 ] Request (RoutersTest:tearDownClass): 404 DELETE http://10.13.3.208:9696/v2.0/routers/43ec2024-dba1-4112-816e-ead9c7051617 0.039s[00m
2019-11-08 12:06:53.552 9934 INFO tempest.lib.common.rest_client [req-516ac577-339a-48bc-86f3-2a400bdf036c ] Request (RoutersTest:tearDownClass): 404 DELETE http://10.13.3.208:9696/v2.0/subnets/c8261385-4a82-4406-a331-f511b991477e 0.029s[00m
2019-11-08 12:06:53.585 9934 INFO tempest.lib.common.rest_client [req-038d532e-6072-4d91-8a4a-f89f8afa169e ] Request (RoutersTest:tearDownClass): 200 GET http://10.13.3.208:9696/v2.0/ports?device_id=4ee3fccb-980b-47b5-be65-32b33ddb2f47 0.032s[00m
2019-11-08 12:06:53.641 9934 INFO tempest.lib.common.rest_client [req-e8661ca4-0f29-4f1f-b40f-17ba11a66a3c ] Request (RoutersTest:tearDownClass): 404 DELETE http://10.13.3.208:9696/v2.0/routers/4ee3fccb-980b-47b5-be65-32b33ddb2f47 0.055s[00m
2019-11-08 12:06:53.668 9934 INFO tempest.lib.common.rest_client [req-3fbad3e1-fa6d-49b9-87b8-8c880f8e5e00 ] Request (RoutersTest:tearDownClass): 404 DELETE http://10.13.3.208:9696/v2.0/subnets/2e53a801-12ab-4495-83d8-ab4ae4a92df6 0.026s[00m
2019-11-08 12:06:53.864 9934 INFO tempest.lib.common.rest_client [req-46609cbf-d085-4a18-a68b-85d0ed6f683f ] Request (RoutersTest:tearDownClass): 200 GET http://10.13.3.208:9696/v2.0/ports?device_id=d47d24f9-8d4f-49d1-b623-a39ac3ce3516 0.196s[00m
2019-11-08 12:06:53.906 9934 INFO tempest.lib.common.rest_client [req-7e9cc5b9-2167-4001-8e59-52a5dd261849 ] Request (RoutersTest:tearDownClass): 404 DELETE http://10.13.3.208:9696/v2.0/routers/d47d24f9-8d4f-49d1-b623-a39ac3ce3516 0.041s[00m
2019-11-08 12:06:53.933 9934 INFO tempest.lib.common.rest_client [req-fa196728-775e-4b4b-8cb6-923382d7a460 ] Request (RoutersTest:tearDownClass): 404 DELETE http://10.13.3.208:9696/v2.0/subnets/036cea98-176d-47e9-aadc-3d3151b3c45f 0.025s[00m
2019-11-08 12:06:53.963 9934 INFO tempest.lib.common.rest_client [req-c0b44d12-3403-4e98-ab81-94c497c4751d ] Request (RoutersTest:tearDownClass): 404 DELETE http://10.13.3.208:9696/v2.0/subnets/6d8ba847-0943-46af-8a3c-1dd8d816fa7b 0.029s[00m
2019-11-08 12:06:54.045 9934 INFO tempest.lib.common.rest_client [req-04a62442-6596-4aa8-8133-6d0fff963523 ] Request (RoutersTest:tearDownClass): 204 DELETE http://10.13.3.247:35357/v3/users/979eb0e92aa74828b5870a1bac3c7579 0.082s[00m
2019-11-08 12:06:54.310 9934 INFO tempest.lib.common.rest_client [req-b97be766-cf2b-4464-af3e-c2ee9f2bb28f ] Request (RoutersTest:tearDownClass): 201 POST http://10.13.3.247:5000/v3/auth/tokens 0.263s[00m
2019-11-08 12:06:54.389 9934 INFO tempest.lib.common.rest_client [req-b16d8888-ca22-47c8-b91a-732f78262426 ] Request (RoutersTest:tearDownClass): 200 GET http://10.13.3.208:9696/v2.0/security-groups?tenant_id=34309c8ea7ce40f8aa95d0d6b6a52065&name=default 0.078s[00m
2019-11-08 12:06:54.488 9934 INFO tempest.lib.common.rest_client [req-c17e5b94-c1c4-44da-ab04-82f4da3b3dd3 ] Request (RoutersTest:tearDownClass): 204 DELETE http://10.13.3.208:9696/v2.0/security-groups/b1455398-2bce-4c7c-bd21-dba56a79ab48 0.097s[00m
2019-11-08 12:06:55.216 9934 INFO tempest.lib.common.rest_client [req-c7275f64-b7fb-49bc-9390-06276972dd95 ] Request (RoutersTest:tearDownClass): 204 DELETE http://10.13.3.247:35357/v3/projects/34309c8ea7ce40f8aa95d0d6b6a52065 0.725s[00m
2019-11-08 12:06:55.218 9934 INFO tempest.test [-] <class 'unittest.case.SkipTest'> raised in SecGroupIPv6Test.setUpClass. Invoking tearDownClass.[00m
{0} setUpClass (tempest.api.network.test_security_groups.SecGroupIPv6Test) ... SKIPPED: IPv6 Tests are disabled.
2019-11-08 12:06:55.479 9934 INFO tempest.lib.common.rest_client [req-0cbbfbd6-febc-4cd9-bc3a-c23a24eb2591 ] Request (NetworksApiDiscovery:setUpClass): 201 POST http://10.13.3.247:5000/v3/auth/tokens 0.259s[00m
2019-11-08 12:06:55.727 9934 INFO tempest.lib.common.rest_client [req-efe3a6c3-ae7e-4ef4-bf5f-a7dd447ad39f ] Request (NetworksApiDiscovery:setUpClass): 201 POST http://10.13.3.247:5000/v3/auth/tokens 0.243s[00m
2019-11-08 12:06:55.746 9934 INFO tempest.lib.common.rest_client [req-f64bbf22-b23f-4f66-b918-9a0638858c5f ] Request (NetworksApiDiscovery:setUpClass): 200 GET http://10.13.3.247:35357/v3/domains?name=admin_domain 0.019s[00m
2019-11-08 12:06:55.769 9934 INFO tempest.lib.common.rest_client [req-bac1bad6-1748-433d-8674-f906e81e9079 ] Request (NetworksApiDiscovery:setUpClass): 201 POST http://10.13.3.247:35357/v3/projects 0.022s[00m
2019-11-08 12:06:56.011 9934 INFO tempest.lib.common.rest_client [req-5a6a0fa5-3f61-4211-9114-3da79956ee03 ] Request (NetworksApiDiscovery:setUpClass): 201 POST http://10.13.3.247:35357/v3/users 0.241s[00m
2019-11-08 12:06:56.026 9934 INFO tempest.lib.common.rest_client [req-e9385abd-7950-4984-8c47-c5e7a7ffff33 ] Request (NetworksApiDiscovery:setUpClass): 200 GET http://10.13.3.247:35357/v3/roles 0.014s[00m
2019-11-08 12:06:56.039 9934 INFO tempest.lib.common.rest_client [req-74eec7f7-43df-4b46-b721-cec401204c6b ] Request (NetworksApiDiscovery:setUpClass): 200 GET http://10.13.3.247:35357/v3/roles 0.013s[00m
2019-11-08 12:06:56.064 9934 INFO tempest.lib.common.rest_client [req-fd02dd6c-b30c-4039-9cb4-2a2a9d65b14f ] Request (NetworksApiDiscovery:setUpClass): 204 PUT http://10.13.3.247:35357/v3/projects/170ef3f78f01475d8aee84b817f09d2c/users/4fa2df7ee66d468d8ef64889aaaf556b/roles/75374839941742ecb0fde1316a1b03f6 0.024s[00m
2019-11-08 12:06:56.064 9934 INFO tempest.lib.common.dynamic_creds [-] Acquired dynamic creds:
 credentials: Credentials: {'domain_id': 'fe20d1c634b84043a1a0d2603de142ca', 'domain_name': 'admin_domain', 'username': 'tempest-NetworksApiDiscovery-994138109', 'project_domain_id': 'fe20d1c634b84043a1a0d2603de142ca', 'project_domain_name': 'admin_domain', 'project_id': '170ef3f78f01475d8aee84b817f09d2c', 'project_name': 'tempest-NetworksApiDiscovery-994138109', 'tenant_id': '170ef3f78f01475d8aee84b817f09d2c', 'tenant_name': 'tempest-NetworksApiDiscovery-994138109', 'user_domain_id': 'fe20d1c634b84043a1a0d2603de142ca', 'user_domain_name': 'admin_domain', 'user_id': '4fa2df7ee66d468d8ef64889aaaf556b'}, Network: None, Subnet: None, Router: None[00m
2019-11-08 12:06:56.064 9934 INFO tempest.lib.common.dynamic_creds [-] Created isolated network resources for:
 credentials: Credentials: {'domain_id': 'fe20d1c634b84043a1a0d2603de142ca', 'domain_name': 'admin_domain', 'username': 'tempest-NetworksApiDiscovery-994138109', 'project_domain_id': 'fe20d1c634b84043a1a0d2603de142ca', 'project_domain_name': 'admin_domain', 'project_id': '170ef3f78f01475d8aee84b817f09d2c', 'project_name': 'tempest-NetworksApiDiscovery-994138109', 'tenant_id': '170ef3f78f01475d8aee84b817f09d2c', 'tenant_name': 'tempest-NetworksApiDiscovery-994138109', 'user_domain_id': 'fe20d1c634b84043a1a0d2603de142ca', 'user_domain_name': 'admin_domain', 'user_id': '4fa2df7ee66d468d8ef64889aaaf556b'}, Network: None, Subnet: None, Router: None[00m
2019-11-08 12:06:56.333 9934 INFO tempest.lib.common.rest_client [req-ab7e775a-cda8-4c50-ad90-3e7243806b19 ] Request (NetworksApiDiscovery:setUpClass): 201 POST http://10.13.3.247:5000/v3/auth/tokens 0.265s[00m
2019-11-08 12:06:56.341 9934 INFO tempest.lib.common.rest_client [-] Request (NetworksApiDiscovery:test_api_version_resources): 200 GET http://10.13.3.208:9696/ 0.006s[00m
{0} tempest.api.network.test_versions.NetworksApiDiscovery.test_api_version_resources [0.007406s] ... ok
2019-11-08 12:06:56.392 9934 INFO tempest.lib.common.rest_client [req-27204618-0054-4715-8662-6abda6a4e5f4 ] Request (NetworksApiDiscovery:test_show_api_v2_details): 200 GET http://10.13.3.208:9696/v2.0/ 0.049s[00m
{0} tempest.api.network.test_versions.NetworksApiDiscovery.test_show_api_v2_details [0.051063s] ... ok
2019-11-08 12:06:56.455 9934 INFO tempest.lib.common.rest_client [req-b1240d5d-a2f2-4925-9f75-2f4db2bc9f22 ] Request (NetworksApiDiscovery:tearDownClass): 204 DELETE http://10.13.3.247:35357/v3/users/4fa2df7ee66d468d8ef64889aaaf556b 0.060s[00m
2019-11-08 12:06:56.688 9937 WARNING tempest.lib.common.ssh [-] Failed to establish authenticated ssh connection to ubuntu@10.13.3.144 ([Errno None] Unable to connect to port 22 on 10.13.3.144). Number attempts: 2. Retry after 3 seconds.: paramiko.ssh_exception.NoValidConnectionsError: [Errno None] Unable to connect to port 22 on 10.13.3.144[00m
2019-11-08 12:06:56.711 9934 INFO tempest.lib.common.rest_client [req-fe442f86-6058-4c6d-98ec-4569ec619932 ] Request (NetworksApiDiscovery:tearDownClass): 201 POST http://10.13.3.247:5000/v3/auth/tokens 0.256s[00m
2019-11-08 12:06:56.829 9934 INFO tempest.lib.common.rest_client [req-74daa360-d5ea-4280-894a-fadfe15b3665 ] Request (NetworksApiDiscovery:tearDownClass): 200 GET http://10.13.3.208:9696/v2.0/security-groups?tenant_id=170ef3f78f01475d8aee84b817f09d2c&name=default 0.116s[00m
2019-11-08 12:06:56.907 9934 INFO tempest.lib.common.rest_client [req-187a68fb-e236-46b0-9a45-5ceee9a07101 ] Request (NetworksApiDiscovery:tearDownClass): 204 DELETE http://10.13.3.208:9696/v2.0/security-groups/22a75592-937a-4558-9843-9d10e88162e7 0.076s[00m
2019-11-08 12:06:56.967 9934 INFO tempest.lib.common.rest_client [req-0ff2e482-226b-4f6d-a84f-21db5df5faad ] Request (NetworksApiDiscovery:tearDownClass): 204 DELETE http://10.13.3.247:35357/v3/projects/170ef3f78f01475d8aee84b817f09d2c 0.059s[00m
2019-11-08 12:06:56.968 9934 INFO tempest.test [-] <class 'unittest.case.SkipTest'> raised in VersionsTest.setUpClass. Invoking tearDownClass.[00m
{0} setUpClass (tempest.api.volume.test_versions.VersionsTest) ... SKIPPED: VersionsTest skipped as Cinder is not available
2019-11-08 12:06:56.970 9934 INFO tempest.test [-] <class 'unittest.case.SkipTest'> raised in VolumesGetTest.setUpClass. Invoking tearDownClass.[00m
{0} setUpClass (tempest.api.volume.test_volumes_get.VolumesGetTest) ... SKIPPED: VolumesGetTest skipped as Cinder is not available
2019-11-08 12:06:57.230 9934 INFO tempest.lib.common.rest_client [req-92e2a36a-aae2-43e6-adde-1e7fd6fbf863 ] Request (TestNetworkBasicOps:setUpClass): 201 POST http://10.13.3.247:5000/v3/auth/tokens 0.258s[00m
2019-11-08 12:06:57.473 9934 INFO tempest.lib.common.rest_client [req-0dff60cf-cac1-4e8a-986b-d8e2e9b15002 ] Request (TestNetworkBasicOps:setUpClass): 201 POST http://10.13.3.247:5000/v3/auth/tokens 0.239s[00m
