2019-11-08 12:08:18.725 9937 INFO tempest.lib.common.rest_client [req-b455804d-52b4-4614-80ee-e6e4194e3292 ] Request (SecGroupTest:test_create_show_delete_security_group_rule): 201 POST http://10.13.3.208:9696/v2.0/security-group-rules 0.073s[00m
2019-11-08 12:08:18.757 9937 INFO tempest.lib.common.rest_client [req-65f54458-969b-4aa9-b7de-6a951f9fa236 ] Request (SecGroupTest:test_create_show_delete_security_group_rule): 200 GET http://10.13.3.208:9696/v2.0/security-group-rules/c7815484-5be7-4796-a946-f44a075ea34a 0.027s[00m
2019-11-08 12:08:18.799 9937 INFO tempest.lib.common.rest_client [req-55275b91-9bbd-46aa-b1ed-c5e4a83c0cba ] Request (SecGroupTest:test_create_show_delete_security_group_rule): 200 GET http://10.13.3.208:9696/v2.0/security-group-rules 0.041s[00m
2019-11-08 12:08:18.846 9937 INFO tempest.lib.common.rest_client [req-c1499941-b659-4ee9-8660-256ba77155ee ] Request (SecGroupTest:test_create_show_delete_security_group_rule): 204 DELETE http://10.13.3.208:9696/v2.0/security-group-rules/c7815484-5be7-4796-a946-f44a075ea34a 0.047s[00m
2019-11-08 12:08:18.871 9937 INFO tempest.lib.common.rest_client [req-9cb72a44-9a8a-4cdc-8322-48de8663218d ] Request (SecGroupTest:test_create_show_delete_security_group_rule): 200 GET http://10.13.3.208:9696/v2.0/security-group-rules 0.024s[00m
2019-11-08 12:08:18.951 9937 INFO tempest.lib.common.rest_client [req-841d30e0-8d6e-4955-91f7-355b37b0c766 ] Request (SecGroupTest:_run_cleanups): 204 DELETE http://10.13.3.208:9696/v2.0/security-groups/d84802b7-4a56-4cf9-a202-0f1461e137f8 0.078s[00m
2019-11-08 12:08:18.988 9937 INFO tempest.lib.common.rest_client [req-15d8d81f-7124-4470-9af9-9477cbf1cf58 ] Request (SecGroupTest:_run_cleanups): 200 GET http://10.13.3.208:9696/v2.0/security-groups 0.037s[00m
{1} tempest.api.network.test_security_groups.SecGroupTest.test_create_show_delete_security_group_rule [0.820639s] ... ok
2019-11-08 12:08:19.021 9937 INFO tempest.lib.common.rest_client [req-16ebfbb6-715f-43fe-b160-c250db0ae392 ] Request (SecGroupTest:test_list_security_groups): 200 GET http://10.13.3.208:9696/v2.0/security-groups 0.031s[00m
{1} tempest.api.network.test_security_groups.SecGroupTest.test_list_security_groups [0.031781s] ... ok
2019-11-08 12:08:19.085 9937 INFO tempest.lib.common.rest_client [req-c28903d8-5533-41d8-96b9-d1e8d3b52f4a ] Request (SecGroupTest:tearDownClass): 204 DELETE http://10.13.3.247:35357/v3/users/18a913f7dd24438ea17e23daadde8bc8 0.063s[00m
2019-11-08 12:08:19.349 9937 INFO tempest.lib.common.rest_client [req-555a5b8d-ee2a-4dcb-81b3-37bdde126be0 ] Request (SecGroupTest:tearDownClass): 201 POST http://10.13.3.247:5000/v3/auth/tokens 0.264s[00m
2019-11-08 12:08:19.423 9937 INFO tempest.lib.common.rest_client [req-08878e87-2d80-4fc0-b902-6e96666dcd4b ] Request (SecGroupTest:tearDownClass): 200 GET http://10.13.3.208:9696/v2.0/security-groups?tenant_id=c11f7cf776e3415c9dfa15df84d7f8d1&name=default 0.073s[00m
2019-11-08 12:08:19.501 9937 INFO tempest.lib.common.rest_client [req-a29dd24f-1e80-4cc2-9d46-4f09ed5bd9fd ] Request (SecGroupTest:tearDownClass): 204 DELETE http://10.13.3.208:9696/v2.0/security-groups/8d3a0e25-dfaf-4955-be62-4f5bb488a2bd 0.076s[00m
2019-11-08 12:08:19.562 9937 INFO tempest.lib.common.rest_client [req-7e1e4b8d-3127-4c30-86dc-92eb9fb1286f ] Request (SecGroupTest:tearDownClass): 204 DELETE http://10.13.3.247:35357/v3/projects/c11f7cf776e3415c9dfa15df84d7f8d1 0.060s[00m
2019-11-08 12:08:19.821 9937 INFO tempest.lib.common.rest_client [req-a1604dcd-739c-4f5b-9080-992cb33c4d9b ] Request (SubnetPoolsTestJSON:setUpClass): 201 POST http://10.13.3.247:5000/v3/auth/tokens 0.256s[00m
2019-11-08 12:08:19.948 9934 WARNING tempest.lib.common.ssh [-] Failed to establish authenticated ssh connection to ubuntu@10.13.3.163 ([Errno None] Unable to connect to port 22 on 10.13.3.163). Number attempts: 4. Retry after 5 seconds.: paramiko.ssh_exception.NoValidConnectionsError: [Errno None] Unable to connect to port 22 on 10.13.3.163[00m
2019-11-08 12:08:20.127 9937 INFO tempest.lib.common.rest_client [req-8554ac08-adc1-402d-b7db-3129d0d9f59d ] Request (SubnetPoolsTestJSON:setUpClass): 201 POST http://10.13.3.247:5000/v3/auth/tokens 0.242s[00m
2019-11-08 12:08:20.148 9937 INFO tempest.lib.common.rest_client [req-3883fdba-ea00-42f0-8773-1207b2c834a4 ] Request (SubnetPoolsTestJSON:setUpClass): 200 GET http://10.13.3.247:35357/v3/domains?name=admin_domain 0.019s[00m
2019-11-08 12:08:20.172 9937 INFO tempest.lib.common.rest_client [req-868da7f5-80d9-4cbe-8ba6-7d6b39e619f8 ] Request (SubnetPoolsTestJSON:setUpClass): 201 POST http://10.13.3.247:35357/v3/projects 0.022s[00m
2019-11-08 12:08:20.417 9937 INFO tempest.lib.common.rest_client [req-42c97f88-bc17-48dc-9fd5-5391548784b1 ] Request (SubnetPoolsTestJSON:setUpClass): 201 POST http://10.13.3.247:35357/v3/users 0.243s[00m
2019-11-08 12:08:20.432 9937 INFO tempest.lib.common.rest_client [req-784262e6-46ef-42f0-b2e8-f188d3a29541 ] Request (SubnetPoolsTestJSON:setUpClass): 200 GET http://10.13.3.247:35357/v3/roles 0.014s[00m
2019-11-08 12:08:20.445 9937 INFO tempest.lib.common.rest_client [req-99618964-e319-481d-b8b1-7a70f569625f ] Request (SubnetPoolsTestJSON:setUpClass): 200 GET http://10.13.3.247:35357/v3/roles 0.013s[00m
2019-11-08 12:08:20.472 9937 INFO tempest.lib.common.rest_client [req-13536b7a-b9ae-4a67-a22a-0afbc8d98d21 ] Request (SubnetPoolsTestJSON:setUpClass): 204 PUT http://10.13.3.247:35357/v3/projects/78e76fd7de3947aeba4de0dfa4470b75/users/28005e288036473ea32cccdde21100a3/roles/75374839941742ecb0fde1316a1b03f6 0.026s[00m
2019-11-08 12:08:20.473 9937 INFO tempest.lib.common.dynamic_creds [-] Acquired dynamic creds:
 credentials: Credentials: {'domain_id': 'fe20d1c634b84043a1a0d2603de142ca', 'domain_name': 'admin_domain', 'username': 'tempest-SubnetPoolsTestJSON-414712019', 'project_domain_id': 'fe20d1c634b84043a1a0d2603de142ca', 'project_domain_name': 'admin_domain', 'project_id': '78e76fd7de3947aeba4de0dfa4470b75', 'project_name': 'tempest-SubnetPoolsTestJSON-414712019', 'tenant_id': '78e76fd7de3947aeba4de0dfa4470b75', 'tenant_name': 'tempest-SubnetPoolsTestJSON-414712019', 'user_domain_id': 'fe20d1c634b84043a1a0d2603de142ca', 'user_domain_name': 'admin_domain', 'user_id': '28005e288036473ea32cccdde21100a3'}, Network: None, Subnet: None, Router: None[00m
2019-11-08 12:08:20.473 9937 INFO tempest.lib.common.dynamic_creds [-] Created isolated network resources for:
 credentials: Credentials: {'domain_id': 'fe20d1c634b84043a1a0d2603de142ca', 'domain_name': 'admin_domain', 'username': 'tempest-SubnetPoolsTestJSON-414712019', 'project_domain_id': 'fe20d1c634b84043a1a0d2603de142ca', 'project_domain_name': 'admin_domain', 'project_id': '78e76fd7de3947aeba4de0dfa4470b75', 'project_name': 'tempest-SubnetPoolsTestJSON-414712019', 'tenant_id': '78e76fd7de3947aeba4de0dfa4470b75', 'tenant_name': 'tempest-SubnetPoolsTestJSON-414712019', 'user_domain_id': 'fe20d1c634b84043a1a0d2603de142ca', 'user_domain_name': 'admin_domain', 'user_id': '28005e288036473ea32cccdde21100a3'}, Network: None, Subnet: None, Router: None[00m
2019-11-08 12:08:20.745 9937 INFO tempest.lib.common.rest_client [req-dd84fcfe-0a5a-4438-8e5f-bd98011413c6 ] Request (SubnetPoolsTestJSON:setUpClass): 201 POST http://10.13.3.247:5000/v3/auth/tokens 0.268s[00m
2019-11-08 12:08:20.838 9937 INFO tempest.lib.common.rest_client [req-118d2258-2134-42fe-af6d-5ab14cb61f82 ] Request (SubnetPoolsTestJSON:test_create_list_show_update_delete_subnetpools): 201 POST http://10.13.3.208:9696/v2.0/subnetpools 0.092s[00m
2019-11-08 12:08:20.857 9937 INFO tempest.lib.common.rest_client [req-4e6f9182-ff0e-48a4-9f03-9368143340c0 ] Request (SubnetPoolsTestJSON:test_create_list_show_update_delete_subnetpools): 200 GET http://10.13.3.208:9696/v2.0/subnetpools/eb945565-a987-4692-9c12-2054168fcf7e 0.018s[00m
2019-11-08 12:08:20.896 9937 INFO tempest.lib.common.rest_client [req-09c5e4de-2e80-4c50-8f6c-48493738b58c ] Request (SubnetPoolsTestJSON:test_create_list_show_update_delete_subnetpools): 200 PUT http://10.13.3.208:9696/v2.0/subnetpools/eb945565-a987-4692-9c12-2054168fcf7e 0.038s[00m
2019-11-08 12:08:21.024 9937 INFO tempest.lib.common.rest_client [req-47910075-e20b-4875-92a3-228fca9c52be ] Request (SubnetPoolsTestJSON:test_create_list_show_update_delete_subnetpools): 204 DELETE http://10.13.3.208:9696/v2.0/subnetpools/eb945565-a987-4692-9c12-2054168fcf7e 0.128s[00m
2019-11-08 12:08:21.040 9937 INFO tempest.lib.common.rest_client [req-7b363ad3-274b-42ee-8846-116498456daf ] Request (SubnetPoolsTestJSON:test_create_list_show_update_delete_subnetpools): 404 GET http://10.13.3.208:9696/v2.0/subnetpools/eb945565-a987-4692-9c12-2054168fcf7e 0.015s[00m
2019-11-08 12:08:21.055 9937 INFO tempest.lib.common.rest_client [req-1995fc09-427c-4df3-b19f-0397beb91f01 ] Request (SubnetPoolsTestJSON:_run_cleanups): 404 DELETE http://10.13.3.208:9696/v2.0/subnetpools/eb945565-a987-4692-9c12-2054168fcf7e 0.015s[00m
{1} tempest.api.network.test_subnetpools_extensions.SubnetPoolsTestJSON.test_create_list_show_update_delete_subnetpools [0.310385s] ... ok
2019-11-08 12:08:21.118 9937 INFO tempest.lib.common.rest_client [req-5a6bceac-374a-40b8-bbb1-9e257894fc47 ] Request (SubnetPoolsTestJSON:tearDownClass): 204 DELETE http://10.13.3.247:35357/v3/users/28005e288036473ea32cccdde21100a3 0.061s[00m
2019-11-08 12:08:21.377 9937 INFO tempest.lib.common.rest_client [req-d6ed138f-c5b5-477a-bc8a-d55b82229c0c ] Request (SubnetPoolsTestJSON:tearDownClass): 201 POST http://10.13.3.247:5000/v3/auth/tokens 0.259s[00m
2019-11-08 12:08:21.494 9937 INFO tempest.lib.common.rest_client [req-08d3cb51-40da-4ad5-aa6c-bc0592cb56da ] Request (SubnetPoolsTestJSON:tearDownClass): 200 GET http://10.13.3.208:9696/v2.0/security-groups?tenant_id=78e76fd7de3947aeba4de0dfa4470b75&name=default 0.117s[00m
2019-11-08 12:08:21.570 9937 INFO tempest.lib.common.rest_client [req-fb9a4a35-88aa-4580-b90c-75f3d62f9176 ] Request (SubnetPoolsTestJSON:tearDownClass): 204 DELETE http://10.13.3.208:9696/v2.0/security-groups/2570d37f-feaf-49e8-a242-822c1f45d2a1 0.075s[00m
2019-11-08 12:08:21.632 9937 INFO tempest.lib.common.rest_client [req-daa09019-89e8-4ce3-8332-003e0371f6a0 ] Request (SubnetPoolsTestJSON:tearDownClass): 204 DELETE http://10.13.3.247:35357/v3/projects/78e76fd7de3947aeba4de0dfa4470b75 0.062s[00m
2019-11-08 12:08:21.895 9937 INFO tempest.lib.common.rest_client [req-b1ceae75-6459-4a27-add5-fed566ccea12 ] Request (AccountQuotasTest:setUpClass): 201 POST http://10.13.3.247:5000/v3/auth/tokens 0.261s[00m
2019-11-08 12:08:22.187 9937 INFO tempest.lib.common.rest_client [req-febf6f6f-a52d-4492-b50d-ec9d8eed6c07 ] Request (AccountQuotasTest:setUpClass): 201 POST http://10.13.3.247:5000/v3/auth/tokens 0.288s[00m
2019-11-08 12:08:22.206 9937 INFO tempest.lib.common.rest_client [req-e2b26f70-da03-49c3-908a-929f2e77028f ] Request (AccountQuotasTest:setUpClass): 200 GET http://10.13.3.247:35357/v3/domains?name=admin_domain 0.018s[00m
2019-11-08 12:08:22.230 9937 INFO tempest.lib.common.rest_client [req-ffb48b7b-a3c5-4cf7-ab01-d37f42b749f4 ] Request (AccountQuotasTest:setUpClass): 201 POST http://10.13.3.247:35357/v3/projects 0.023s[00m
2019-11-08 12:08:22.473 9937 INFO tempest.lib.common.rest_client [req-9b939a51-87b5-4811-b397-21324e88edb4 ] Request (AccountQuotasTest:setUpClass): 201 POST http://10.13.3.247:35357/v3/users 0.242s[00m
2019-11-08 12:08:22.488 9937 INFO tempest.lib.common.rest_client [req-56d52f43-6864-474e-80ac-500a11b10b96 ] Request (AccountQuotasTest:setUpClass): 200 GET http://10.13.3.247:35357/v3/roles 0.014s[00m
2019-11-08 12:08:22.512 9937 INFO tempest.lib.common.rest_client [req-5f9c173c-b92a-441b-aa15-e25fc57db8ec ] Request (AccountQuotasTest:setUpClass): 204 PUT http://10.13.3.247:35357/v3/projects/0ae4a267e7754f789e7e0d9e5666c57f/users/7108a20520d8423aba2b91162fe9dae0/roles/75374839941742ecb0fde1316a1b03f6 0.024s[00m
2019-11-08 12:08:22.512 9937 INFO tempest.lib.common.dynamic_creds [-] Acquired dynamic creds:
 credentials: Credentials: {'domain_id': 'fe20d1c634b84043a1a0d2603de142ca', 'domain_name': 'admin_domain', 'username': 'tempest-AccountQuotasTest-96825260', 'project_domain_id': 'fe20d1c634b84043a1a0d2603de142ca', 'project_domain_name': 'admin_domain', 'project_id': '0ae4a267e7754f789e7e0d9e5666c57f', 'project_name': 'tempest-AccountQuotasTest-96825260', 'tenant_id': '0ae4a267e7754f789e7e0d9e5666c57f', 'tenant_name': 'tempest-AccountQuotasTest-96825260', 'user_domain_id': 'fe20d1c634b84043a1a0d2603de142ca', 'user_domain_name': 'admin_domain', 'user_id': '7108a20520d8423aba2b91162fe9dae0'}, Network: None, Subnet: None, Router: None[00m
2019-11-08 12:08:22.513 9937 INFO tempest.lib.common.dynamic_creds [-] Created isolated network resources for:
 credentials: Credentials: {'domain_id': 'fe20d1c634b84043a1a0d2603de142ca', 'domain_name': 'admin_domain', 'username': 'tempest-AccountQuotasTest-96825260', 'project_domain_id': 'fe20d1c634b84043a1a0d2603de142ca', 'project_domain_name': 'admin_domain', 'project_id': '0ae4a267e7754f789e7e0d9e5666c57f', 'project_name': 'tempest-AccountQuotasTest-96825260', 'tenant_id': '0ae4a267e7754f789e7e0d9e5666c57f', 'tenant_name': 'tempest-AccountQuotasTest-96825260', 'user_domain_id': 'fe20d1c634b84043a1a0d2603de142ca', 'user_domain_name': 'admin_domain', 'user_id': '7108a20520d8423aba2b91162fe9dae0'}, Network: None, Subnet: None, Router: None[00m
2019-11-08 12:08:22.787 9937 INFO tempest.lib.common.rest_client [req-de8fa747-f518-4ffb-9789-755b13663681 ] Request (AccountQuotasTest:setUpClass): 201 POST http://10.13.3.247:5000/v3/auth/tokens 0.270s[00m
2019-11-08 12:08:22.824 9937 INFO tempest.lib.common.rest_client [req-17440d74-7323-4b48-b544-284c991f37f2 ] Request (AccountQuotasTest:setUpClass): 201 POST http://10.13.3.247:35357/v3/projects 0.036s[00m
2019-11-08 12:08:23.067 9937 INFO tempest.lib.common.rest_client [req-cea2dc8b-f61f-4a33-a994-9879ad7ea2ff ] Request (AccountQuotasTest:setUpClass): 201 POST http://10.13.3.247:35357/v3/users 0.242s[00m
2019-11-08 12:08:23.082 9937 INFO tempest.lib.common.rest_client [req-2cbff1cf-0f7b-4dbe-91a3-384488516db3 ] Request (AccountQuotasTest:setUpClass): 200 GET http://10.13.3.247:35357/v3/roles 0.014s[00m
2019-11-08 12:08:23.111 9937 INFO tempest.lib.common.rest_client [req-1d1bc923-9988-4db5-9346-55a6559e306f ] Request (AccountQuotasTest:setUpClass): 204 PUT http://10.13.3.247:35357/v3/projects/2fb92037e18a434b8994e768d5576c28/users/ccb5293edcc3457784f7416ed1c9f3ef/roles/93f9a632f85743ee97deda507556707c 0.028s[00m
2019-11-08 12:08:23.111 9937 INFO tempest.lib.common.dynamic_creds [-] Acquired dynamic creds:
 credentials: Credentials: {'domain_id': 'fe20d1c634b84043a1a0d2603de142ca', 'domain_name': 'admin_domain', 'username': 'tempest-AccountQuotasTest-852023204', 'project_domain_id': 'fe20d1c634b84043a1a0d2603de142ca', 'project_domain_name': 'admin_domain', 'project_id': '2fb92037e18a434b8994e768d5576c28', 'project_name': 'tempest-AccountQuotasTest-852023204', 'tenant_id': '2fb92037e18a434b8994e768d5576c28', 'tenant_name': 'tempest-AccountQuotasTest-852023204', 'user_domain_id': 'fe20d1c634b84043a1a0d2603de142ca', 'user_domain_name': 'admin_domain', 'user_id': 'ccb5293edcc3457784f7416ed1c9f3ef'}, Network: None, Subnet: None, Router: None[00m
2019-11-08 12:08:23.111 9937 INFO tempest.lib.common.dynamic_creds [-] Created isolated network resources for:
 credentials: Credentials: {'domain_id': 'fe20d1c634b84043a1a0d2603de142ca', 'domain_name': 'admin_domain', 'username': 'tempest-AccountQuotasTest-852023204', 'project_domain_id': 'fe20d1c634b84043a1a0d2603de142ca', 'project_domain_name': 'admin_domain', 'project_id': '2fb92037e18a434b8994e768d5576c28', 'project_name': 'tempest-AccountQuotasTest-852023204', 'tenant_id': '2fb92037e18a434b8994e768d5576c28', 'tenant_name': 'tempest-AccountQuotasTest-852023204', 'user_domain_id': 'fe20d1c634b84043a1a0d2603de142ca', 'user_domain_name': 'admin_domain', 'user_id': 'ccb5293edcc3457784f7416ed1c9f3ef'}, Network: None, Subnet: None, Router: None[00m
2019-11-08 12:08:23.385 9937 INFO tempest.lib.common.rest_client [req-47a3e35a-8e86-46ab-999f-cac77af165fc ] Request (AccountQuotasTest:setUpClass): 201 POST http://10.13.3.247:5000/v3/auth/tokens 0.271s[00m
2019-11-08 12:08:23.644 9937 INFO tempest.lib.common.rest_client [req-8775159c-9f63-44bf-83a9-425814735aee ] Request (AccountQuotasTest:setUpClass): 201 POST http://10.13.3.247:5000/v3/auth/tokens 0.258s[00m
2019-11-08 12:08:23.934 9937 INFO tempest.lib.common.rest_client [tx091053899cb54b65af26b-005dc55ab7 ] Request (AccountQuotasTest:setUpClass): 200 GET http://10.13.3.228:8080/info 0.289s[00m
2019-11-08 12:08:23.984 9937 INFO tempest.lib.common.rest_client [tx29d38ab21555426d864ba-005dc55ab7 ] Request (AccountQuotasTest:setUpClass): 201 PUT http://10.13.3.228:8080/v1/AUTH_0ae4a267e7754f789e7e0d9e5666c57f/tempest-TestContainer-238343206 0.050s[00m
2019-11-08 12:08:24.252 9937 INFO tempest.lib.common.rest_client [txb436977da032423ca1415-005dc55ab7 ] Request (AccountQuotasTest:setUp): 204 POST http://10.13.3.228:8080/v1/AUTH_0ae4a267e7754f789e7e0d9e5666c57f 0.266s[00m
2019-11-08 12:08:24.269 9937 INFO tempest.lib.common.rest_client [tx502a0446eec844d7a90e0-005dc55ab8 ] Request (AccountQuotasTest:test_admin_modify_quota): 204 POST http://10.13.3.228:8080/v1/AUTH_0ae4a267e7754f789e7e0d9e5666c57f 0.016s[00m
2019-11-08 12:08:24.286 9937 INFO tempest.lib.common.rest_client [txedbc644a1c664021b7e91-005dc55ab8 ] Request (AccountQuotasTest:test_admin_modify_quota): 204 POST http://10.13.3.228:8080/v1/AUTH_0ae4a267e7754f789e7e0d9e5666c57f 0.017s[00m
2019-11-08 12:08:24.304 9937 INFO tempest.lib.common.rest_client [tx394d45580114497d9a904-005dc55ab8 ] Request (AccountQuotasTest:test_admin_modify_quota): 204 POST http://10.13.3.228:8080/v1/AUTH_0ae4a267e7754f789e7e0d9e5666c57f 0.018s[00m
2019-11-08 12:08:24.324 9937 INFO tempest.lib.common.rest_client [tx9f6aab9f70044e759da0b-005dc55ab8 ] Request (AccountQuotasTest:tearDown): 204 POST http://10.13.3.228:8080/v1/AUTH_0ae4a267e7754f789e7e0d9e5666c57f 0.019s[00m
{1} tempest.api.object_storage.test_account_quotas.AccountQuotasTest.test_admin_modify_quota [0.340087s] ... ok
2019-11-08 12:08:24.343 9937 INFO tempest.lib.common.rest_client [txeeaf13b3768244f0a2d5d-005dc55ab8 ] Request (AccountQuotasTest:setUp): 204 POST http://10.13.3.228:8080/v1/AUTH_0ae4a267e7754f789e7e0d9e5666c57f 0.017s[00m
2019-11-08 12:08:24.373 9937 INFO tempest.lib.common.rest_client [txbc58825e649d4bca88c03-005dc55ab8 ] Request (AccountQuotasTest:test_upload_valid_object): 201 PUT http://10.13.3.228:8080/v1/AUTH_0ae4a267e7754f789e7e0d9e5666c57f/tempest-TestContainer-238343206/tempest-TestObject-787922256 0.029s[00m
2019-11-08 12:08:24.386 9937 INFO tempest.lib.common.rest_client [tx9e76b7eae8f2435cbd1b3-005dc55ab8 ] Request (AccountQuotasTest:tearDown): 204 POST http://10.13.3.228:8080/v1/AUTH_0ae4a267e7754f789e7e0d9e5666c57f 0.013s[00m
{1} tempest.api.object_storage.test_account_quotas.AccountQuotasTest.test_upload_valid_object [0.061988s] ... ok
2019-11-08 12:08:24.409 9937 INFO tempest.lib.common.rest_client [txef5674852289400a97330-005dc55ab8 ] Request (AccountQuotasTest:tearDownClass): 200 GET http://10.13.3.228:8080/v1/AUTH_0ae4a267e7754f789e7e0d9e5666c57f/tempest-TestContainer-238343206?&limit=9999&format=json 0.022s[00m
2019-11-08 12:08:24.427 9937 INFO tempest.lib.common.rest_client [tx269842bcd1104ef889c32-005dc55ab8 ] Request (AccountQuotasTest:tearDownClass): 204 DELETE http://10.13.3.228:8080/v1/AUTH_0ae4a267e7754f789e7e0d9e5666c57f/tempest-TestContainer-238343206/tempest-TestObject-787922256 0.017s[00m
2019-11-08 12:08:25.465 9934 INFO paramiko.transport [-] Connected (version 2.0, client OpenSSH_7.2p2)[00m
2019-11-08 12:08:25.566 9934 INFO paramiko.transport [-] Authentication (publickey) successful![00m
2019-11-08 12:08:25.568 9934 INFO tempest.lib.common.ssh [-] ssh connection to ubuntu@10.13.3.163 successfully created[00m
2019-11-08 12:08:25.674 9934 INFO tempest.lib.common.rest_client [req-3b49df93-e930-4063-9091-6591c476449e ] Request (TestNetworkBasicOps:_run_cleanups): 204 DELETE http://10.13.3.254:8774/v2.1/servers/6a0fe567-15c6-44b9-af79-e3d4a9158861 0.105s[00m
2019-11-08 12:08:25.800 9934 INFO tempest.lib.common.rest_client [req-2c08ad6c-7210-4398-aa87-b2bd7b60365a ] Request (TestNetworkBasicOps:_run_cleanups): 200 GET http://10.13.3.254:8774/v2.1/servers/6a0fe567-15c6-44b9-af79-e3d4a9158861 0.123s[00m
2019-11-08 12:08:26.456 9937 INFO tempest.lib.common.rest_client [txad515d5293a5471982cf3-005dc55aba ] Request (AccountQuotasTest:tearDownClass): 204 DELETE http://10.13.3.228:8080/v1/AUTH_0ae4a267e7754f789e7e0d9e5666c57f/tempest-TestContainer-238343206 0.026s[00m
2019-11-08 12:08:26.523 9937 INFO tempest.lib.common.rest_client [req-f757c9df-a4fa-4d3e-8ba2-cd1a84d8d1c7 ] Request (AccountQuotasTest:tearDownClass): 204 DELETE http://10.13.3.247:35357/v3/users/7108a20520d8423aba2b91162fe9dae0 0.065s[00m
2019-11-08 12:08:26.783 9937 INFO tempest.lib.common.rest_client [req-79f945d9-63e4-4373-8718-38e5799bfd8c ] Request (AccountQuotasTest:tearDownClass): 201 POST http://10.13.3.247:5000/v3/auth/tokens 0.258s[00m
2019-11-08 12:08:26.999 9937 INFO tempest.lib.common.rest_client [req-5c2abce5-ddb1-4f05-9cc2-fd37c2003eba ] Request (AccountQuotasTest:tearDownClass): 200 GET http://10.13.3.208:9696/v2.0/security-groups?tenant_id=0ae4a267e7754f789e7e0d9e5666c57f&name=default 0.214s[00m
2019-11-08 12:08:27.010 9934 INFO tempest.lib.common.rest_client [req-8f2dae9e-b0f6-481c-b09f-fe0d5b3a69ac ] Request (TestNetworkBasicOps:_run_cleanups): 200 GET http://10.13.3.254:8774/v2.1/servers/6a0fe567-15c6-44b9-af79-e3d4a9158861 0.199s[00m
2019-11-08 12:08:27.102 9937 INFO tempest.lib.common.rest_client [req-32e6d318-dfef-4f58-a68e-9aeab723b89f ] Request (AccountQuotasTest:tearDownClass): 204 DELETE http://10.13.3.208:9696/v2.0/security-groups/74dc5ea9-7907-4a94-aebe-0e2bef52d2d5 0.100s[00m
2019-11-08 12:08:27.169 9937 INFO tempest.lib.common.rest_client [req-a6b3a163-3280-47c2-8038-b7730cd67450 ] Request (AccountQuotasTest:tearDownClass): 204 DELETE http://10.13.3.247:35357/v3/projects/0ae4a267e7754f789e7e0d9e5666c57f 0.065s[00m
2019-11-08 12:08:27.234 9937 INFO tempest.lib.common.rest_client [req-7d271d9e-0e8b-42f9-9c27-9db34ee2c257 ] Request (AccountQuotasTest:tearDownClass): 204 DELETE http://10.13.3.247:35357/v3/users/ccb5293edcc3457784f7416ed1c9f3ef 0.062s[00m
2019-11-08 12:08:27.332 9937 INFO tempest.lib.common.rest_client [req-ecf0e60e-a06a-4531-9681-e0020f22af1e ] Request (AccountQuotasTest:tearDownClass): 200 GET http://10.13.3.208:9696/v2.0/security-groups?tenant_id=2fb92037e18a434b8994e768d5576c28&name=default 0.096s[00m
2019-11-08 12:08:27.430 9937 INFO tempest.lib.common.rest_client [req-2c8aa46f-51aa-4a52-bfe1-23c4a841cc12 ] Request (AccountQuotasTest:tearDownClass): 204 DELETE http://10.13.3.208:9696/v2.0/security-groups/fb60d3b9-5624-4608-8fe0-4c7b5ce47742 0.096s[00m
2019-11-08 12:08:27.494 9937 INFO tempest.lib.common.rest_client [req-45437a90-0cde-402e-a29e-805ca509e0c7 ] Request (AccountQuotasTest:tearDownClass): 204 DELETE http://10.13.3.247:35357/v3/projects/2fb92037e18a434b8994e768d5576c28 0.062s[00m
2019-11-08 12:08:27.756 9937 INFO tempest.lib.common.rest_client [req-e3be3228-baf2-4c3c-a922-67a93a22c7c5 ] Request (AccountTest:setUpClass): 201 POST http://10.13.3.247:5000/v3/auth/tokens 0.260s[00m
2019-11-08 12:08:28.005 9937 INFO tempest.lib.common.rest_client [req-c23592ad-50b7-4364-adac-c75b221b4704 ] Request (AccountTest:setUpClass): 201 POST http://10.13.3.247:5000/v3/auth/tokens 0.245s[00m
2019-11-08 12:08:28.027 9937 INFO tempest.lib.common.rest_client [req-918102ed-1a74-4c95-b419-5e8d22a69c36 ] Request (AccountTest:setUpClass): 200 GET http://10.13.3.247:35357/v3/domains?name=admin_domain 0.022s[00m
2019-11-08 12:08:28.054 9934 INFO tempest.lib.common.rest_client [req-3a0b1a03-bcff-4d9f-9726-c8e92fd8e24a ] Request (TestNetworkBasicOps:_run_cleanups): 404 GET http://10.13.3.254:8774/v2.1/servers/6a0fe567-15c6-44b9-af79-e3d4a9158861 0.039s[00m
2019-11-08 12:08:28.056 9937 INFO tempest.lib.common.rest_client [req-ced62b32-24d8-4a07-850d-6d8cc5f3c097 ] Request (AccountTest:setUpClass): 201 POST http://10.13.3.247:35357/v3/projects 0.028s[00m
2019-11-08 12:08:28.160 9934 INFO tempest.lib.common.rest_client [req-d9fda0d0-1d00-4f3c-9a96-6c7b63cf1f88 ] Request (TestNetworkBasicOps:_run_cleanups): 204 DELETE http://10.13.3.208:9696/v2.0/security-groups/ea0d3e10-2ba2-4cdd-920b-7c52de7b78c5 0.105s[00m
2019-11-08 12:08:28.177 9934 INFO tempest.lib.common.rest_client [req-b0c7d1d2-31c1-41b1-bb8c-02a54eb97284 ] Request (TestNetworkBasicOps:_run_cleanups): 202 DELETE http://10.13.3.254:8774/v2.1/os-keypairs/tempest-TestNetworkBasicOps-572044974 0.017s[00m
2019-11-08 12:08:28.308 9937 INFO tempest.lib.common.rest_client [req-904ed4af-359b-4fd4-8e0b-2281e241631c ] Request (AccountTest:setUpClass): 201 POST http://10.13.3.247:35357/v3/users 0.251s[00m
2019-11-08 12:08:28.323 9937 INFO tempest.lib.common.rest_client [req-69925d05-1c5b-4579-8135-54e4cf8e740f ] Request (AccountTest:setUpClass): 200 GET http://10.13.3.247:35357/v3/roles 0.014s[00m
2019-11-08 12:08:28.349 9937 INFO tempest.lib.common.rest_client [req-407785a6-5f15-47e5-87b5-6559523a51bf ] Request (AccountTest:setUpClass): 204 PUT http://10.13.3.247:35357/v3/projects/3e1eb66a6f494a97a04595992e9e8315/users/c9dd3f5dcf564261a46eaa76ba3e7b9b/roles/75374839941742ecb0fde1316a1b03f6 0.025s[00m
2019-11-08 12:08:28.350 9937 INFO tempest.lib.common.dynamic_creds [-] Acquired dynamic creds:
 credentials: Credentials: {'domain_id': 'fe20d1c634b84043a1a0d2603de142ca', 'domain_name': 'admin_domain', 'username': 'tempest-AccountTest-2048120717', 'project_domain_id': 'fe20d1c634b84043a1a0d2603de142ca', 'project_domain_name': 'admin_domain', 'project_id': '3e1eb66a6f494a97a04595992e9e8315', 'project_name': 'tempest-AccountTest-2048120717', 'tenant_id': '3e1eb66a6f494a97a04595992e9e8315', 'tenant_name': 'tempest-AccountTest-2048120717', 'user_domain_id': 'fe20d1c634b84043a1a0d2603de142ca', 'user_domain_name': 'admin_domain', 'user_id': 'c9dd3f5dcf564261a46eaa76ba3e7b9b'}, Network: None, Subnet: None, Router: None[00m
2019-11-08 12:08:28.350 9937 INFO tempest.lib.common.dynamic_creds [-] Created isolated network resources for:
 credentials: Credentials: {'domain_id': 'fe20d1c634b84043a1a0d2603de142ca', 'domain_name': 'admin_domain', 'username': 'tempest-AccountTest-2048120717', 'project_domain_id': 'fe20d1c634b84043a1a0d2603de142ca', 'project_domain_name': 'admin_domain', 'project_id': '3e1eb66a6f494a97a04595992e9e8315', 'project_name': 'tempest-AccountTest-2048120717', 'tenant_id': '3e1eb66a6f494a97a04595992e9e8315', 'tenant_name': 'tempest-AccountTest-2048120717', 'user_domain_id': 'fe20d1c634b84043a1a0d2603de142ca', 'user_domain_name': 'admin_domain', 'user_id': 'c9dd3f5dcf564261a46eaa76ba3e7b9b'}, Network: None, Subnet: None, Router: None[00m
2019-11-08 12:08:28.631 9937 INFO tempest.lib.common.rest_client [req-ebdd2618-b989-4e72-b14d-1a9b08c305a2 ] Request (AccountTest:setUpClass): 201 POST http://10.13.3.247:5000/v3/auth/tokens 0.278s[00m
2019-11-08 12:08:28.671 9937 INFO tempest.lib.common.rest_client [req-c017ea15-436e-4729-9cac-633ef73df773 ] Request (AccountTest:setUpClass): 201 POST http://10.13.3.247:35357/v3/projects 0.038s[00m
2019-11-08 12:08:28.905 9934 INFO tempest.lib.common.rest_client [req-a3a3fdda-6a5a-4008-b606-d991870a62ff ] Request (TestNetworkBasicOps:_run_cleanups): 204 DELETE http://10.13.3.208:9696/v2.0/floatingips/efe9d57b-5704-4d77-b5a3-87c26c29cbf2 0.727s[00m
2019-11-08 12:08:28.912 9937 INFO tempest.lib.common.rest_client [req-1bbdac66-2712-4b09-8d6d-b3319b5cf727 ] Request (AccountTest:setUpClass): 201 POST http://10.13.3.247:35357/v3/users 0.241s[00m
2019-11-08 12:08:28.928 9937 INFO tempest.lib.common.rest_client [req-4aaa5a57-6a20-432d-8c6e-256f69149329 ] Request (AccountTest:setUpClass): 200 GET http://10.13.3.247:35357/v3/roles 0.015s[00m
2019-11-08 12:08:28.954 9937 INFO tempest.lib.common.rest_client [req-c435eee4-136b-4cd4-ba25-2340fca199ba ] Request (AccountTest:setUpClass): 204 PUT http://10.13.3.247:35357/v3/projects/3f324d9ba84a43efbb70144f541f1242/users/f5b059cc91534d4f850469540a8017b8/roles/75374839941742ecb0fde1316a1b03f6 0.025s[00m
2019-11-08 12:08:28.955 9937 INFO tempest.lib.common.dynamic_creds [-] Acquired dynamic creds:
 credentials: Credentials: {'domain_id': 'fe20d1c634b84043a1a0d2603de142ca', 'domain_name': 'admin_domain', 'username': 'tempest-AccountTest-1805641872', 'project_domain_id': 'fe20d1c634b84043a1a0d2603de142ca', 'project_domain_name': 'admin_domain', 'project_id': '3f324d9ba84a43efbb70144f541f1242', 'project_name': 'tempest-AccountTest-1805641872', 'tenant_id': '3f324d9ba84a43efbb70144f541f1242', 'tenant_name': 'tempest-AccountTest-1805641872', 'user_domain_id': 'fe20d1c634b84043a1a0d2603de142ca', 'user_domain_name': 'admin_domain', 'user_id': 'f5b059cc91534d4f850469540a8017b8'}, Network: None, Subnet: None, Router: None[00m
2019-11-08 12:08:28.955 9937 INFO tempest.lib.common.dynamic_creds [-] Created isolated network resources for:
 credentials: Credentials: {'domain_id': 'fe20d1c634b84043a1a0d2603de142ca', 'domain_name': 'admin_domain', 'username': 'tempest-AccountTest-1805641872', 'project_domain_id': 'fe20d1c634b84043a1a0d2603de142ca', 'project_domain_name': 'admin_domain', 'project_id': '3f324d9ba84a43efbb70144f541f1242', 'project_name': 'tempest-AccountTest-1805641872', 'tenant_id': '3f324d9ba84a43efbb70144f541f1242', 'tenant_name': 'tempest-AccountTest-1805641872', 'user_domain_id': 'fe20d1c634b84043a1a0d2603de142ca', 'user_domain_name': 'admin_domain', 'user_id': 'f5b059cc91534d4f850469540a8017b8'}, Network: None, Subnet: None, Router: None[00m
2019-11-08 12:08:29.004 9934 INFO tempest.lib.common.rest_client [req-debc1f52-4d7e-4414-badb-20bb8932f2f9 ] Request (TestNetworkBasicOps:_run_cleanups): 204 DELETE http://10.13.3.254:8774/v2.1/servers/706d695e-9b19-4edd-af13-27b1ec333cdc 0.098s[00m
2019-11-08 12:08:29.138 9934 INFO tempest.lib.common.rest_client [req-c7a58ac0-9bc1-48d3-ae45-922a353ab8bc ] Request (TestNetworkBasicOps:_run_cleanups): 200 GET http://10.13.3.254:8774/v2.1/servers/706d695e-9b19-4edd-af13-27b1ec333cdc 0.134s[00m
2019-11-08 12:08:29.234 9937 INFO tempest.lib.common.rest_client [req-db843720-5444-43dd-932b-edbe27eb1122 ] Request (AccountTest:setUpClass): 201 POST http://10.13.3.247:5000/v3/auth/tokens 0.276s[00m
2019-11-08 12:08:29.492 9937 INFO tempest.lib.common.rest_client [req-f155b2f8-8167-461a-bf0a-6e85b7c23c86 ] Request (AccountTest:setUpClass): 201 POST http://10.13.3.247:5000/v3/auth/tokens 0.257s[00m
2019-11-08 12:08:29.776 9937 INFO tempest.lib.common.rest_client [tx3cc8f78bfd7c45078f706-005dc55abd ] Request (AccountTest:setUpClass): 200 GET http://10.13.3.228:8080/info 0.283s[00m
2019-11-08 12:08:29.833 9937 INFO tempest.lib.common.rest_client [tx3813c68298c7419db008e-005dc55abd ] Request (AccountTest:setUpClass): 201 PUT http://10.13.3.228:8080/v1/AUTH_3e1eb66a6f494a97a04595992e9e8315/tempest-b'a'--2094133376 0.056s[00m
2019-11-08 12:08:29.859 9937 INFO tempest.lib.common.rest_client [tx45140a851d8e403ca08d9-005dc55abd ] Request (AccountTest:setUpClass): 201 PUT http://10.13.3.228:8080/v1/AUTH_3e1eb66a6f494a97a04595992e9e8315/tempest-b'b'--1165038724 0.025s[00m
2019-11-08 12:08:29.885 9937 INFO tempest.lib.common.rest_client [txfabba0fdfc564556860b6-005dc55abd ] Request (AccountTest:setUpClass): 201 PUT http://10.13.3.228:8080/v1/AUTH_3e1eb66a6f494a97a04595992e9e8315/tempest-b'c'--114767847 0.026s[00m
2019-11-08 12:08:29.908 9937 INFO tempest.lib.common.rest_client [tx4691823b2f5a4d80af919-005dc55abd ] Request (AccountTest:setUpClass): 201 PUT http://10.13.3.228:8080/v1/AUTH_3e1eb66a6f494a97a04595992e9e8315/tempest-b'd'--1548619874 0.022s[00m
2019-11-08 12:08:29.932 9937 INFO tempest.lib.common.rest_client [tx90ea0a65571e4730adefb-005dc55abd ] Request (AccountTest:setUpClass): 201 PUT http://10.13.3.228:8080/v1/AUTH_3e1eb66a6f494a97a04595992e9e8315/tempest-b'e'--624799567 0.024s[00m
2019-11-08 12:08:29.955 9937 INFO tempest.lib.common.rest_client [tx8559ad9e77a14ab3b2394-005dc55abd ] Request (AccountTest:setUpClass): 201 PUT http://10.13.3.228:8080/v1/AUTH_3e1eb66a6f494a97a04595992e9e8315/tempest-b'f'--926214792 0.022s[00m
2019-11-08 12:08:29.973 9937 INFO tempest.lib.common.rest_client [tx5b21571f0b774a1987b0c-005dc55abd ] Request (AccountTest:test_list_account_metadata): 204 POST http://10.13.3.228:8080/v1/AUTH_3e1eb66a6f494a97a04595992e9e8315 0.017s[00m
2019-11-08 12:08:29.990 9937 INFO tempest.lib.common.rest_client [tx2fd7b194fd684f6fb6555-005dc55abd ] Request (AccountTest:test_list_account_metadata): 204 HEAD http://10.13.3.228:8080/v1/AUTH_3e1eb66a6f494a97a04595992e9e8315 0.016s[00m
2019-11-08 12:08:30.012 9937 INFO tempest.lib.common.rest_client [tx50135296166f4e5191b26-005dc55abd ] Request (AccountTest:test_list_account_metadata): 204 POST http://10.13.3.228:8080/v1/AUTH_3e1eb66a6f494a97a04595992e9e8315 0.018s[00m
{1} tempest.api.object_storage.test_account_services.AccountTest.test_list_account_metadata [0.057202s] ... ok
2019-11-08 12:08:30.035 9937 INFO tempest.lib.common.rest_client [txc991cb560b224cac9ac15-005dc55abe ] Request (AccountTest:test_list_containers): 200 GET http://10.13.3.228:8080/v1/AUTH_3e1eb66a6f494a97a04595992e9e8315 0.021s[00m
{1} tempest.api.object_storage.test_account_services.AccountTest.test_list_containers [0.022186s] ... ok
2019-11-08 12:08:30.053 9937 INFO tempest.lib.common.rest_client [txa58975b0cda04d70a2c11-005dc55abe ] Request (AccountTest:tearDownClass): 200 GET http://10.13.3.228:8080/v1/AUTH_3e1eb66a6f494a97a04595992e9e8315/tempest-b'f'--926214792?&limit=9999&format=json 0.017s[00m
2019-11-08 12:08:30.273 9934 INFO tempest.lib.common.rest_client [req-65441526-0fd0-42cb-98a0-e1bcfa852e3c ] Request (TestNetworkBasicOps:_run_cleanups): 200 GET http://10.13.3.254:8774/v2.1/servers/706d695e-9b19-4edd-af13-27b1ec333cdc 0.128s[00m
2019-11-08 12:08:31.317 9934 INFO tempest.lib.common.rest_client [req-b114a1c8-0667-4ad4-829f-a65140f244c9 ] Request (TestNetworkBasicOps:_run_cleanups): 404 GET http://10.13.3.254:8774/v2.1/servers/706d695e-9b19-4edd-af13-27b1ec333cdc 0.038s[00m
2019-11-08 12:08:31.417 9934 INFO tempest.lib.common.rest_client [req-73602a2d-82db-43fb-a658-afd3ea78a01a ] Request (TestNetworkBasicOps:_run_cleanups): 204 DELETE http://10.13.3.208:9696/v2.0/security-groups/1e8fd647-9e64-467d-8c34-1609612b861c 0.099s[00m
2019-11-08 12:08:31.435 9934 INFO tempest.lib.common.rest_client [req-ea0f8cd6-5ae8-4a66-b978-27aa7bcabe2b ] Request (TestNetworkBasicOps:_run_cleanups): 202 DELETE http://10.13.3.254:8774/v2.1/os-keypairs/tempest-TestNetworkBasicOps-1647795641 0.017s[00m
2019-11-08 12:08:32.081 9937 INFO tempest.lib.common.rest_client [txa8531ee141b84d249a1be-005dc55ac0 ] Request (AccountTest:tearDownClass): 204 DELETE http://10.13.3.228:8080/v1/AUTH_3e1eb66a6f494a97a04595992e9e8315/tempest-b'f'--926214792 0.025s[00m
2019-11-08 12:08:32.099 9937 INFO tempest.lib.common.rest_client [tx3a8103e805094d44bd21e-005dc55ac0 ] Request (AccountTest:tearDownClass): 200 GET http://10.13.3.228:8080/v1/AUTH_3e1eb66a6f494a97a04595992e9e8315/tempest-b'e'--624799567?&limit=9999&format=json 0.018s[00m
2019-11-08 12:08:33.037 9934 INFO tempest.lib.common.rest_client [req-4d5821ad-d4b6-4f2e-9222-2c6437412b71 ] Request (TestNetworkBasicOps:_run_cleanups): 200 PUT http://10.13.3.208:9696/v2.0/routers/8280f4ff-af6c-40c8-9b8e-548003b93297/remove_router_interface 1.601s[00m
2019-11-08 12:08:34.131 9937 INFO tempest.lib.common.rest_client [tx80132164ed734af9baa7e-005dc55ac2 ] Request (AccountTest:tearDownClass): 204 DELETE http://10.13.3.228:8080/v1/AUTH_3e1eb66a6f494a97a04595992e9e8315/tempest-b'e'--624799567 0.028s[00m
2019-11-08 12:08:34.151 9937 INFO tempest.lib.common.rest_client [tx2c10ac239ff342ea94f06-005dc55ac2 ] Request (AccountTest:tearDownClass): 200 GET http://10.13.3.228:8080/v1/AUTH_3e1eb66a6f494a97a04595992e9e8315/tempest-b'd'--1548619874?&limit=9999&format=json 0.020s[00m
2019-11-08 12:08:34.208 9934 INFO tempest.lib.common.rest_client [req-f1edac87-018f-4c72-90cf-4a56c46f52a3 ] Request (TestNetworkBasicOps:_run_cleanups): 204 DELETE http://10.13.3.208:9696/v2.0/subnets/879ad279-eb1a-4769-8b5d-595da1fbae28 1.171s[00m
2019-11-08 12:08:35.333 9934 INFO tempest.lib.common.rest_client [req-ab9f26e5-a724-4e80-b418-d6c1d6ce8dac ] Request (TestNetworkBasicOps:_run_cleanups): 204 DELETE http://10.13.3.208:9696/v2.0/routers/8280f4ff-af6c-40c8-9b8e-548003b93297 1.123s[00m
2019-11-08 12:08:35.782 9934 INFO tempest.lib.common.rest_client [req-587c0b25-c700-4916-abc4-2b5d39588934 ] Request (TestNetworkBasicOps:_run_cleanups): 204 DELETE http://10.13.3.208:9696/v2.0/networks/e157f1d3-807d-4363-8118-8762483bc462 0.449s[00m
{0} tempest.scenario.test_network_basic_ops.TestNetworkBasicOps.test_network_basic_ops [96.986348s] ... ok
2019-11-08 12:08:35.862 9934 INFO tempest.lib.common.rest_client [req-b2f5cfea-6ba5-4cca-9587-f8c36c3d5101 ] Request (TestNetworkBasicOps:tearDownClass): 204 DELETE http://10.13.3.247:35357/v3/users/f8d98ff3df1d45ae88d9e200929ded28 0.078s[00m
2019-11-08 12:08:36.137 9934 INFO tempest.lib.common.rest_client [req-916042af-c5ed-4447-b6a0-12dfa948a9b0 ] Request (TestNetworkBasicOps:tearDownClass): 201 POST http://10.13.3.247:5000/v3/auth/tokens 0.273s[00m
2019-11-08 12:08:36.181 9937 INFO tempest.lib.common.rest_client [tx33b98265214c452da04d3-005dc55ac4 ] Request (AccountTest:tearDownClass): 204 DELETE http://10.13.3.228:8080/v1/AUTH_3e1eb66a6f494a97a04595992e9e8315/tempest-b'd'--1548619874 0.027s[00m
2019-11-08 12:08:36.200 9937 INFO tempest.lib.common.rest_client [txda30733253cf41b3bbcff-005dc55ac4 ] Request (AccountTest:tearDownClass): 200 GET http://10.13.3.228:8080/v1/AUTH_3e1eb66a6f494a97a04595992e9e8315/tempest-b'c'--114767847?&limit=9999&format=json 0.019s[00m
2019-11-08 12:08:36.236 9934 INFO tempest.lib.common.rest_client [req-d21127ab-7e8a-4844-a7af-b194f6c0142e ] Request (TestNetworkBasicOps:tearDownClass): 200 GET http://10.13.3.208:9696/v2.0/security-groups?tenant_id=86f3e9d61d7f41759b0d2044cd3681a8&name=default 0.099s[00m
2019-11-08 12:08:36.327 9934 INFO tempest.lib.common.rest_client [req-ca7f98ec-b3ac-4529-b4a2-ba5233bfc078 ] Request (TestNetworkBasicOps:tearDownClass): 204 DELETE http://10.13.3.208:9696/v2.0/security-groups/8ca1021b-d7d9-46fc-b9ca-9288258f2263 0.089s[00m
2019-11-08 12:08:36.399 9934 INFO tempest.lib.common.rest_client [req-11ba7c98-177d-415d-9fcd-e048dd05e5df ] Request (TestNetworkBasicOps:tearDownClass): 204 DELETE http://10.13.3.247:35357/v3/projects/86f3e9d61d7f41759b0d2044cd3681a8 0.070s[00m
2019-11-08 12:08:36.466 9934 INFO tempest.lib.common.rest_client [req-c6363d8c-f645-4f79-a2da-b52b55f96599 ] Request (TestNetworkBasicOps:tearDownClass): 204 DELETE http://10.13.3.247:35357/v3/users/dca9fd1d42be4737a7d7f1a1d77a58f8 0.064s[00m
2019-11-08 12:08:36.555 9934 INFO tempest.lib.common.rest_client [req-bbd89503-db55-4ed8-b799-048b6a98061a ] Request (TestNetworkBasicOps:tearDownClass): 200 GET http://10.13.3.208:9696/v2.0/security-groups?tenant_id=b8ff7c2b422746b39081736b6989c1d1&name=default 0.089s[00m
2019-11-08 12:08:36.642 9934 INFO tempest.lib.common.rest_client [req-ccdee390-b1d9-407b-a750-c3e194ea43ca ] Request (TestNetworkBasicOps:tearDownClass): 204 DELETE http://10.13.3.208:9696/v2.0/security-groups/2e2d7015-080b-447f-ade0-d088be8127cd 0.085s[00m
2019-11-08 12:08:36.714 9934 INFO tempest.lib.common.rest_client [req-8924537c-e321-4e03-80e8-c5a28e5684d3 ] Request (TestNetworkBasicOps:tearDownClass): 204 DELETE http://10.13.3.247:35357/v3/projects/b8ff7c2b422746b39081736b6989c1d1 0.071s[00m
2019-11-08 12:08:36.980 9934 INFO tempest.lib.common.rest_client [req-9b7431bf-bdc0-45b1-a265-4233f74f1acf ] Request (TestServerBasicOps:setUpClass): 201 POST http://10.13.3.247:5000/v3/auth/tokens 0.264s[00m
2019-11-08 12:08:37.229 9934 INFO tempest.lib.common.rest_client [req-9f87eacc-fce4-4ad1-84c1-52914229f907 ] Request (TestServerBasicOps:setUpClass): 201 POST http://10.13.3.247:5000/v3/auth/tokens 0.245s[00m
2019-11-08 12:08:37.247 9934 INFO tempest.lib.common.rest_client [req-dcea054a-74e4-4cf4-8668-4e1c7a0b5f05 ] Request (TestServerBasicOps:setUpClass): 200 GET http://10.13.3.247:35357/v3/domains?name=admin_domain 0.018s[00m
2019-11-08 12:08:37.270 9934 INFO tempest.lib.common.rest_client [req-590d6291-f525-4b49-9a91-18c2add5df40 ] Request (TestServerBasicOps:setUpClass): 201 POST http://10.13.3.247:35357/v3/projects 0.022s[00m
2019-11-08 12:08:37.512 9934 INFO tempest.lib.common.rest_client [req-1ec91dd7-2c61-4772-a8b2-8a96d11d7b9e ] Request (TestServerBasicOps:setUpClass): 201 POST http://10.13.3.247:35357/v3/users 0.242s[00m
2019-11-08 12:08:37.527 9934 INFO tempest.lib.common.rest_client [req-d537b930-67f3-416a-849a-1ef71e848dac ] Request (TestServerBasicOps:setUpClass): 200 GET http://10.13.3.247:35357/v3/roles 0.014s[00m
2019-11-08 12:08:37.541 9934 INFO tempest.lib.common.rest_client [req-c8793f4d-c957-4cea-a9a9-f1751b2f0ef6 ] Request (TestServerBasicOps:setUpClass): 200 GET http://10.13.3.247:35357/v3/roles 0.013s[00m
2019-11-08 12:08:37.566 9934 INFO tempest.lib.common.rest_client [req-7bf992f6-893d-4bf5-aa2c-4c2046a9d6f1 ] Request (TestServerBasicOps:setUpClass): 204 PUT http://10.13.3.247:35357/v3/projects/2ab0eb7ff2ad464090295586effd3296/users/e2f266069b0142e8bae6b3bd7693c927/roles/75374839941742ecb0fde1316a1b03f6 0.025s[00m
2019-11-08 12:08:37.567 9934 INFO tempest.lib.common.dynamic_creds [-] Acquired dynamic creds:
 credentials: Credentials: {'domain_id': 'fe20d1c634b84043a1a0d2603de142ca', 'domain_name': 'admin_domain', 'username': 'tempest-TestServerBasicOps-975622609', 'project_domain_id': 'fe20d1c634b84043a1a0d2603de142ca', 'project_domain_name': 'admin_domain', 'project_id': '2ab0eb7ff2ad464090295586effd3296', 'project_name': 'tempest-TestServerBasicOps-975622609', 'tenant_id': '2ab0eb7ff2ad464090295586effd3296', 'tenant_name': 'tempest-TestServerBasicOps-975622609', 'user_domain_id': 'fe20d1c634b84043a1a0d2603de142ca', 'user_domain_name': 'admin_domain', 'user_id': 'e2f266069b0142e8bae6b3bd7693c927'}, Network: None, Subnet: None, Router: None[00m
2019-11-08 12:08:37.823 9934 INFO tempest.lib.common.rest_client [req-029db442-3418-466b-8be3-7c9d60e2db75 ] Request (TestServerBasicOps:setUpClass): 201 POST http://10.13.3.247:5000/v3/auth/tokens 0.256s[00m
2019-11-08 12:08:38.029 9934 INFO tempest.lib.common.rest_client [req-91c7bcae-0a2f-49b5-b789-d7b678be594c ] Request (TestServerBasicOps:setUpClass): 201 POST http://10.13.3.208:9696/v2.0/networks 0.205s[00m
2019-11-08 12:08:38.231 9937 INFO tempest.lib.common.rest_client [tx068c031c54574297a02ec-005dc55ac6 ] Request (AccountTest:tearDownClass): 204 DELETE http://10.13.3.228:8080/v1/AUTH_3e1eb66a6f494a97a04595992e9e8315/tempest-b'c'--114767847 0.028s[00m
2019-11-08 12:08:38.248 9937 INFO tempest.lib.common.rest_client [tx869273652f2949a0a42a8-005dc55ac6 ] Request (AccountTest:tearDownClass): 200 GET http://10.13.3.228:8080/v1/AUTH_3e1eb66a6f494a97a04595992e9e8315/tempest-b'b'--1165038724?&limit=9999&format=json 0.017s[00m
2019-11-08 12:08:38.377 9934 INFO tempest.lib.common.rest_client [req-f6a03c19-40e5-498d-9e9f-178b701baa98 ] Request (TestServerBasicOps:setUpClass): 201 POST http://10.13.3.208:9696/v2.0/subnets 0.345s[00m
2019-11-08 12:08:39.513 9934 INFO tempest.lib.common.rest_client [req-c25272a0-75f2-4754-ba5b-4fbccbc30bcf ] Request (TestServerBasicOps:setUpClass): 201 POST http://10.13.3.208:9696/v2.0/routers 1.134s[00m
2019-11-08 12:08:40.271 9937 INFO tempest.lib.common.rest_client [txcfb7fd6b6c8649bdb28d1-005dc55ac8 ] Request (AccountTest:tearDownClass): 204 DELETE http://10.13.3.228:8080/v1/AUTH_3e1eb66a6f494a97a04595992e9e8315/tempest-b'b'--1165038724 0.020s[00m
2019-11-08 12:08:40.289 9937 INFO tempest.lib.common.rest_client [tx0b79086624f94315b40dc-005dc55ac8 ] Request (AccountTest:tearDownClass): 200 GET http://10.13.3.228:8080/v1/AUTH_3e1eb66a6f494a97a04595992e9e8315/tempest-b'a'--2094133376?&limit=9999&format=json 0.017s[00m
2019-11-08 12:08:41.122 9934 INFO tempest.lib.common.rest_client [req-81f66c5d-7c1e-4a27-84ce-2abc1707eb17 ] Request (TestServerBasicOps:setUpClass): 200 PUT http://10.13.3.208:9696/v2.0/routers/0020de97-6609-4b48-a5a8-0b4251a1b01a/add_router_interface 1.609s[00m
2019-11-08 12:08:41.123 9934 INFO tempest.lib.common.dynamic_creds [-] Created isolated network resources for:
 credentials: Credentials: {'domain_id': 'fe20d1c634b84043a1a0d2603de142ca', 'domain_name': 'admin_domain', 'username': 'tempest-TestServerBasicOps-975622609', 'project_domain_id': 'fe20d1c634b84043a1a0d2603de142ca', 'project_domain_name': 'admin_domain', 'project_id': '2ab0eb7ff2ad464090295586effd3296', 'project_name': 'tempest-TestServerBasicOps-975622609', 'tenant_id': '2ab0eb7ff2ad464090295586effd3296', 'tenant_name': 'tempest-TestServerBasicOps-975622609', 'user_domain_id': 'fe20d1c634b84043a1a0d2603de142ca', 'user_domain_name': 'admin_domain', 'user_id': 'e2f266069b0142e8bae6b3bd7693c927'}, Network: {'id': '886f68d2-87df-4ba7-bd96-0948f203aeb1', 'name': 'tempest-TestServerBasicOps-960225388-network', 'tenant_id': '2ab0eb7ff2ad464090295586effd3296', 'admin_state_up': True, 'mtu': 1458, 'status': 'ACTIVE', 'subnets': [], 'shared': False, 'project_id': '2ab0eb7ff2ad464090295586effd3296', 'dns_domain': '', 'router:external': False, 'provider:network_type': 'gre', 'provider:physical_network': None, 'provider:segmentation_id': 41, 'availability_zone_hints': [], 'is_default': False, 'availability_zones': [], 'ipv4_address_scope': None, 'ipv6_address_scope': None, 'description': '', 'l2_adjacency': True, 'tags': [], 'created_at': '2019-11-08T12:08:37Z', 'updated_at': '2019-11-08T12:08:37Z', 'revision_number': 1}, Subnet: {'id': 'ad11a0cc-8645-4c6b-ade3-1353305ca5bf', 'name': 'tempest-TestServerBasicOps-960225388-subnet', 'tenant_id': '2ab0eb7ff2ad464090295586effd3296', 'network_id': '886f68d2-87df-4ba7-bd96-0948f203aeb1', 'ip_version': 4, 'subnetpool_id': None, 'enable_dhcp': True, 'ipv6_ra_mode': None, 'ipv6_address_mode': None, 'gateway_ip': '172.16.0.1', 'cidr': '172.16.0.0/28', 'allocation_pools': [{'start': '172.16.0.2', 'end': '172.16.0.14'}], 'host_routes': [], 'dns_nameservers': [], 'description': '', 'service_types': [], 'segment_id': None, 'tags': [], 'created_at': '2019-11-08T12:08:38Z', 'updated_at': '2019-11-08T12:08:38Z', 'revision_number': 0, 'project_id': '2ab0eb7ff2ad464090295586effd3296'}, Router: {'id': '0020de97-6609-4b48-a5a8-0b4251a1b01a', 'name': 'tempest-TestServerBasicOps-960225388-router', 'tenant_id': '2ab0eb7ff2ad464090295586effd3296', 'admin_state_up': True, 'status': 'ACTIVE', 'external_gateway_info': {'network_id': '4625e0c6-8606-4a87-a5ad-1b4a810d42d4', 'external_fixed_ips': [{'subnet_id': '92b8076c-11cc-425e-9242-967c19d371a2', 'ip_address': '10.13.3.171'}], 'enable_snat': True}, 'description': '', 'availability_zones': [], 'distributed': False, 'ha': False, 'availability_zone_hints': [], 'routes': [], 'flavor_id': None, 'tags': [], 'created_at': '2019-11-08T12:08:38Z', 'updated_at': '2019-11-08T12:08:39Z', 'revision_number': 3, 'project_id': '2ab0eb7ff2ad464090295586effd3296'}[00m
2019-11-08 12:08:41.397 9934 INFO tempest.lib.common.rest_client [req-e2321180-98cc-49d3-bdab-982ab8ec9bec ] Request (TestServerBasicOps:setUpClass): 201 POST http://10.13.3.247:5000/v3/auth/tokens 0.269s[00m
2019-11-08 12:08:41.690 9934 INFO tempest.lib.common.rest_client [req-81282d6a-635e-4d82-b4b3-2f0412c0277e ] Request (TestServerBasicOps:test_server_basic_ops): 200 POST http://10.13.3.254:8774/v2.1/os-keypairs 0.292s[00m
2019-11-08 12:08:41.809 9934 INFO tempest.lib.common.rest_client [req-d0a0f5a2-97dc-42fc-bdb2-b649f1adb4c8 ] Request (TestServerBasicOps:test_server_basic_ops): 200 POST http://10.13.3.254:8774/v2.1/os-security-groups 0.116s[00m
2019-11-08 12:08:42.067 9934 INFO tempest.lib.common.rest_client [req-5cb741f3-e0e0-4801-964f-f5f73ed80ca3 ] Request (TestServerBasicOps:test_server_basic_ops): 200 POST http://10.13.3.254:8774/v2.1/os-security-group-rules 0.256s[00m
2019-11-08 12:08:42.170 9934 INFO tempest.lib.common.rest_client [req-f5431880-cb4d-43fe-9d18-71811eedc1f3 ] Request (TestServerBasicOps:test_server_basic_ops): 200 POST http://10.13.3.254:8774/v2.1/os-security-group-rules 0.101s[00m
2019-11-08 12:08:42.317 9937 INFO tempest.lib.common.rest_client [tx8cca14755c594f729a873-005dc55aca ] Request (AccountTest:tearDownClass): 204 DELETE http://10.13.3.228:8080/v1/AUTH_3e1eb66a6f494a97a04595992e9e8315/tempest-b'a'--2094133376 0.026s[00m
2019-11-08 12:08:42.411 9934 INFO tempest.lib.common.rest_client [req-7e61265e-f4ea-49df-8a30-b16122cdbd61 ] Request (TestServerBasicOps:test_server_basic_ops): 201 POST http://10.13.3.247:5000/v3/auth/tokens 0.235s[00m
2019-11-08 12:08:42.412 9934 INFO tempest.lib.common.fixed_network [-] (TestServerBasicOps:test_server_basic_ops) Found network {'id': '886f68d2-87df-4ba7-bd96-0948f203aeb1', 'name': 'tempest-TestServerBasicOps-960225388-network', 'tenant_id': '2ab0eb7ff2ad464090295586effd3296', 'admin_state_up': True, 'mtu': 1458, 'status': 'ACTIVE', 'subnets': [], 'shared': False, 'project_id': '2ab0eb7ff2ad464090295586effd3296', 'dns_domain': '', 'router:external': False, 'provider:network_type': 'gre', 'provider:physical_network': None, 'provider:segmentation_id': 41, 'availability_zone_hints': [], 'is_default': False, 'availability_zones': [], 'ipv4_address_scope': None, 'ipv6_address_scope': None, 'description': '', 'l2_adjacency': True, 'tags': [], 'created_at': '2019-11-08T12:08:37Z', 'updated_at': '2019-11-08T12:08:37Z', 'revision_number': 1} available for tenant[00m
