2019-11-08 12:07:48.900 9937 INFO tempest.lib.common.rest_client [req-e0de7787-d089-4265-8513-c4a14b402cd3 ] Request (TrustsV3TestJSON:setUp): 204 PUT http://10.13.3.247:35357/v3/projects/7716d7eeb896498381b95da20919fc1e/users/5aab67b6500846faaa019702464437f5/roles/c11fafc8cdeb465fb3b96aa2af4eeaa3 0.032s[00m
2019-11-08 12:07:48.926 9937 INFO tempest.lib.common.rest_client [req-6aebaa52-23e0-43d8-bd37-103def519c3e ] Request (TrustsV3TestJSON:setUp): 204 PUT http://10.13.3.247:35357/v3/projects/7716d7eeb896498381b95da20919fc1e/users/5aab67b6500846faaa019702464437f5/roles/f4bac660028e4949aae370ab0c5928b6 0.026s[00m
2019-11-08 12:07:48.964 9937 INFO tempest.lib.common.rest_client [req-77f5bab4-081f-4d0c-98cb-81c0a32ef91d ] Request (TrustsV3TestJSON:setUp): 200 GET http://10.13.3.247:35357/v3/users 0.037s[00m
2019-11-08 12:07:49.241 9937 INFO tempest.lib.common.rest_client [req-6d82b8c0-fb46-4992-a648-3fbdab64e339 ] Request (TrustsV3TestJSON:setUp): 201 POST http://10.13.3.247:5000/v3/auth/tokens 0.276s[00m
2019-11-08 12:07:49.480 9937 INFO tempest.lib.common.rest_client [req-7fa2a752-13f0-40ef-830f-a3ac194f7ff2 ] Request (TrustsV3TestJSON:test_get_trusts_all): 201 POST http://10.13.3.247:5000/v3/auth/tokens 0.231s[00m
2019-11-08 12:07:49.532 9937 INFO tempest.lib.common.rest_client [req-f357066c-5778-4220-94bc-3a9fe5bc0d14 ] Request (TrustsV3TestJSON:test_get_trusts_all): 201 POST http://10.13.3.247:35357/v3/OS-TRUST/trusts 0.051s[00m
2019-11-08 12:07:49.788 9937 INFO tempest.lib.common.rest_client [req-3f0299d1-074b-4572-abbc-2f1e32693b6e ] Request (TrustsV3TestJSON:test_get_trusts_all): 201 POST http://10.13.3.247:5000/v3/auth/tokens 0.254s[00m
2019-11-08 12:07:49.796 9934 INFO paramiko.transport [-] Connected (version 2.0, client OpenSSH_7.2p2)[00m
2019-11-08 12:07:49.808 9937 INFO tempest.lib.common.rest_client [req-fe870133-beec-449a-acc4-0b7efa43e7d9 ] Request (TrustsV3TestJSON:test_get_trusts_all): 200 GET http://10.13.3.247:35357/v3/OS-TRUST/trusts/ 0.020s[00m
2019-11-08 12:07:49.856 9937 INFO tempest.lib.common.rest_client [req-2dbcd10d-25cc-4edf-8220-c93aa0a94bdf ] Request (TrustsV3TestJSON:tearDown): 204 DELETE http://10.13.3.247:35357/v3/OS-TRUST/trusts/bb79b89e93cd47bebcaf6b91d1bba7e8 0.047s[00m
2019-11-08 12:07:49.878 9937 INFO tempest.lib.common.rest_client [req-04a5edd0-d08d-4dc7-81e1-96d46d3764e4 ] Request (TrustsV3TestJSON:tearDown): 404 GET http://10.13.3.247:35357/v3/OS-TRUST/trusts/bb79b89e93cd47bebcaf6b91d1bba7e8 0.021s[00m
2019-11-08 12:07:49.912 9934 INFO paramiko.transport [-] Authentication (publickey) successful![00m
2019-11-08 12:07:49.914 9934 INFO tempest.lib.common.ssh [-] ssh connection to ubuntu@10.13.3.163 successfully created[00m
2019-11-08 12:07:49.958 9934 INFO tempest.lib.common.rest_client [req-4783c2a4-1033-4c49-b24d-2b448fc1e890 ] Request (TestNetworkBasicOps:test_network_basic_ops): 200 GET http://10.13.3.208:9696/v2.0/ports?tenant_id=86f3e9d61d7f41759b0d2044cd3681a8&network_id=e157f1d3-807d-4363-8118-8762483bc462 0.042s[00m
2019-11-08 12:07:49.960 9934 INFO tempest.lib.common.ssh [-] Creating ssh connection to '10.13.3.163:22' as 'ubuntu' with public key authentication[00m
2019-11-08 12:07:49.968 9934 INFO paramiko.transport [-] Connected (version 2.0, client OpenSSH_7.2p2)[00m
2019-11-08 12:07:50.032 9934 INFO paramiko.transport [-] Authentication (publickey) successful![00m
2019-11-08 12:07:50.036 9934 INFO tempest.lib.common.ssh [-] ssh connection to ubuntu@10.13.3.163 successfully created[00m
2019-11-08 12:07:50.037 9934 INFO tempest.lib.common.ssh [-] Creating ssh connection to '10.13.3.163:22' as 'ubuntu' with public key authentication[00m
2019-11-08 12:07:50.057 9934 INFO paramiko.transport [-] Connected (version 2.0, client OpenSSH_7.2p2)[00m
2019-11-08 12:07:50.120 9937 INFO tempest.lib.common.rest_client [req-231e6bfe-300d-4344-8d6a-65612200433a ] Request (TrustsV3TestJSON:_run_cleanups): 201 POST http://10.13.3.247:5000/v3/auth/tokens 0.239s[00m
2019-11-08 12:07:50.161 9937 INFO tempest.lib.common.rest_client [req-f11915a0-3568-415b-ac8e-e54c62bb4edf ] Request (TrustsV3TestJSON:_run_cleanups): 204 DELETE http://10.13.3.247:35357/v3/roles/f4bac660028e4949aae370ab0c5928b6 0.040s[00m
2019-11-08 12:07:50.164 9934 INFO paramiko.transport [-] Authentication (publickey) successful![00m
2019-11-08 12:07:50.165 9934 INFO tempest.lib.common.ssh [-] ssh connection to ubuntu@10.13.3.163 successfully created[00m
2019-11-08 12:07:50.219 9937 INFO tempest.lib.common.rest_client [req-bd41585e-e92e-4adc-af29-816b000c6a77 ] Request (TrustsV3TestJSON:_run_cleanups): 204 DELETE http://10.13.3.247:35357/v3/roles/c11fafc8cdeb465fb3b96aa2af4eeaa3 0.056s[00m
2019-11-08 12:07:50.295 9937 INFO tempest.lib.common.rest_client [req-3ac81fdc-fefb-4a78-a97f-534cf8f397b0 ] Request (TrustsV3TestJSON:_run_cleanups): 204 DELETE http://10.13.3.247:35357/v3/users/5aab67b6500846faaa019702464437f5 0.076s[00m
2019-11-08 12:07:50.380 9937 INFO tempest.lib.common.rest_client [req-907f4f2b-d68b-4996-9c71-91157f30aa87 ] Request (TrustsV3TestJSON:_run_cleanups): 204 DELETE http://10.13.3.247:35357/v3/projects/7716d7eeb896498381b95da20919fc1e 0.084s[00m
{1} tempest.api.identity.admin.v3.test_trusts.TrustsV3TestJSON.test_get_trusts_all [2.062520s] ... ok
2019-11-08 12:07:50.462 9937 INFO tempest.lib.common.rest_client [req-c0fd9969-5a02-4e0f-b409-225f0f35ed6b ] Request (TrustsV3TestJSON:tearDownClass): 204 DELETE http://10.13.3.247:35357/v3/users/456d7d8799d74ad5b54d224792228f10 0.079s[00m
2019-11-08 12:07:50.648 9934 INFO tempest.lib.common.ssh [-] Creating ssh connection to '10.13.3.163:22' as 'ubuntu' with public key authentication[00m
2019-11-08 12:07:50.656 9934 INFO paramiko.transport [-] Connected (version 2.0, client OpenSSH_7.2p2)[00m
2019-11-08 12:07:50.730 9937 INFO tempest.lib.common.rest_client [req-6ad2daec-4a5f-4ffc-a9a6-173f3d4c37ba ] Request (TrustsV3TestJSON:tearDownClass): 201 POST http://10.13.3.247:5000/v3/auth/tokens 0.267s[00m
2019-11-08 12:07:50.760 9934 INFO paramiko.transport [-] Authentication (publickey) successful![00m
2019-11-08 12:07:50.761 9934 INFO tempest.lib.common.ssh [-] ssh connection to ubuntu@10.13.3.163 successfully created[00m
2019-11-08 12:07:50.952 9934 INFO tempest.lib.common.ssh [-] Creating ssh connection to '10.13.3.163:22' as 'ubuntu' with public key authentication[00m
2019-11-08 12:07:50.961 9934 INFO paramiko.transport [-] Connected (version 2.0, client OpenSSH_7.2p2)[00m
2019-11-08 12:07:50.973 9937 INFO tempest.lib.common.rest_client [req-da8f0433-6e1f-4446-8b2f-87577ef389ac ] Request (TrustsV3TestJSON:tearDownClass): 200 GET http://10.13.3.208:9696/v2.0/security-groups?tenant_id=2f623f262e744b4eabb3dff4ae7092db&name=default 0.243s[00m
2019-11-08 12:07:51.051 9937 INFO tempest.lib.common.rest_client [req-30b170d6-c99e-43ef-ae84-c634109f5094 ] Request (TrustsV3TestJSON:tearDownClass): 204 DELETE http://10.13.3.208:9696/v2.0/security-groups/e260272a-9015-4a54-9eb1-236f2423b411 0.077s[00m
2019-11-08 12:07:51.050 9934 INFO paramiko.transport [-] Authentication (publickey) successful![00m
2019-11-08 12:07:51.051 9934 INFO tempest.lib.common.ssh [-] ssh connection to ubuntu@10.13.3.163 successfully created[00m
2019-11-08 12:07:51.128 9937 INFO tempest.lib.common.rest_client [req-aa0c7056-5bbe-4fde-80db-1db3c6645621 ] Request (TrustsV3TestJSON:tearDownClass): 204 DELETE http://10.13.3.247:35357/v3/projects/2f623f262e744b4eabb3dff4ae7092db 0.076s[00m
2019-11-08 12:07:51.207 9937 INFO tempest.lib.common.rest_client [req-9c59a84b-34ba-49f1-b689-e8f2e90de9bb ] Request (TrustsV3TestJSON:tearDownClass): 204 DELETE http://10.13.3.247:35357/v3/users/043642d9fdda4b90bced3428d95e1d76 0.075s[00m
2019-11-08 12:07:51.286 9937 INFO tempest.lib.common.rest_client [req-28c2e15a-fd50-4af4-a42a-c708285d4d43 ] Request (TrustsV3TestJSON:tearDownClass): 200 GET http://10.13.3.208:9696/v2.0/security-groups?tenant_id=71aacca9b9d640f691eea41c1cc4c6bd&name=default 0.076s[00m
2019-11-08 12:07:51.359 9937 INFO tempest.lib.common.rest_client [req-6432b137-a919-4318-b9e4-17813f29cc78 ] Request (TrustsV3TestJSON:tearDownClass): 204 DELETE http://10.13.3.208:9696/v2.0/security-groups/315a704b-d496-4e1a-aa24-43157bc585ca 0.072s[00m
2019-11-08 12:07:51.420 9937 INFO tempest.lib.common.rest_client [req-921ccca4-8454-4c38-9304-e66d3a771b07 ] Request (TrustsV3TestJSON:tearDownClass): 204 DELETE http://10.13.3.247:35357/v3/projects/71aacca9b9d640f691eea41c1cc4c6bd 0.061s[00m
2019-11-08 12:07:51.423 9937 INFO tempest.test [-] <class 'unittest.case.SkipTest'> raised in BulkNetworkOpsIpV6Test.setUpClass. Invoking tearDownClass.[00m
{1} setUpClass (tempest.api.network.test_networks.BulkNetworkOpsIpV6Test) ... SKIPPED: IPv6 Tests are disabled.
2019-11-08 12:07:51.427 9934 INFO tempest.lib.common.rest_client [req-55c268df-0e3c-4ca0-9a2b-6ebafb779cc7 ] Request (TestNetworkBasicOps:test_network_basic_ops): 200 GET http://10.13.3.208:9696/v2.0/subnets?network_id=4625e0c6-8606-4a87-a5ad-1b4a810d42d4 0.030s[00m
2019-11-08 12:07:51.427 9934 INFO tempest.lib.common.ssh [-] Creating ssh connection to '10.13.3.163:22' as 'ubuntu' with public key authentication[00m
2019-11-08 12:07:51.436 9934 INFO paramiko.transport [-] Connected (version 2.0, client OpenSSH_7.2p2)[00m
2019-11-08 12:07:51.531 9934 INFO paramiko.transport [-] Authentication (publickey) successful![00m
2019-11-08 12:07:51.532 9934 INFO tempest.lib.common.ssh [-] ssh connection to ubuntu@10.13.3.163 successfully created[00m
2019-11-08 12:07:51.532 9934 INFO tempest.lib.common.ssh [-] Creating ssh connection to '10.13.3.163:22' as 'ubuntu' with public key authentication[00m
2019-11-08 12:07:51.543 9934 INFO paramiko.transport [-] Connected (version 2.0, client OpenSSH_7.2p2)[00m
2019-11-08 12:07:51.631 9934 INFO paramiko.transport [-] Authentication (publickey) successful![00m
2019-11-08 12:07:51.632 9934 INFO tempest.lib.common.ssh [-] ssh connection to ubuntu@10.13.3.163 successfully created[00m
2019-11-08 12:07:51.691 9937 INFO tempest.lib.common.rest_client [req-dde0a607-0ffe-4e54-9258-4b45306dc78a ] Request (BulkNetworkOpsTest:setUpClass): 201 POST http://10.13.3.247:5000/v3/auth/tokens 0.266s[00m
2019-11-08 12:07:51.939 9937 INFO tempest.lib.common.rest_client [req-34fc1aa3-e5c8-40bd-bbe2-3e59d0ea377c ] Request (BulkNetworkOpsTest:setUpClass): 201 POST http://10.13.3.247:5000/v3/auth/tokens 0.245s[00m
2019-11-08 12:07:51.956 9937 INFO tempest.lib.common.rest_client [req-0133f8f3-169d-4593-b532-6aa6aa8babe6 ] Request (BulkNetworkOpsTest:setUpClass): 200 GET http://10.13.3.247:35357/v3/domains?name=admin_domain 0.016s[00m
2019-11-08 12:07:51.977 9937 INFO tempest.lib.common.rest_client [req-6522f8a8-6162-4925-8b89-4aad56b5d55a ] Request (BulkNetworkOpsTest:setUpClass): 201 POST http://10.13.3.247:35357/v3/projects 0.021s[00m
2019-11-08 12:07:52.218 9937 INFO tempest.lib.common.rest_client [req-1fc5157a-0fa0-49d9-ab93-e9abfc7bde9b ] Request (BulkNetworkOpsTest:setUpClass): 201 POST http://10.13.3.247:35357/v3/users 0.240s[00m
2019-11-08 12:07:52.232 9937 INFO tempest.lib.common.rest_client [req-150bc108-4134-4233-b766-711c79302386 ] Request (BulkNetworkOpsTest:setUpClass): 200 GET http://10.13.3.247:35357/v3/roles 0.014s[00m
2019-11-08 12:07:52.246 9937 INFO tempest.lib.common.rest_client [req-e7b1e027-9184-4ebd-94b7-a5fd84eb0fca ] Request (BulkNetworkOpsTest:setUpClass): 200 GET http://10.13.3.247:35357/v3/roles 0.013s[00m
2019-11-08 12:07:52.273 9937 INFO tempest.lib.common.rest_client [req-9bd94ba9-cd31-474a-ab27-03c658a5ee18 ] Request (BulkNetworkOpsTest:setUpClass): 204 PUT http://10.13.3.247:35357/v3/projects/25712450d10e40b1856eb1443888a780/users/2f0801172f834ff4907372e7bcbfae1a/roles/75374839941742ecb0fde1316a1b03f6 0.025s[00m
2019-11-08 12:07:52.273 9937 INFO tempest.lib.common.dynamic_creds [-] Acquired dynamic creds:
 credentials: Credentials: {'domain_id': 'fe20d1c634b84043a1a0d2603de142ca', 'domain_name': 'admin_domain', 'username': 'tempest-BulkNetworkOpsTest-1555717426', 'project_domain_id': 'fe20d1c634b84043a1a0d2603de142ca', 'project_domain_name': 'admin_domain', 'project_id': '25712450d10e40b1856eb1443888a780', 'project_name': 'tempest-BulkNetworkOpsTest-1555717426', 'tenant_id': '25712450d10e40b1856eb1443888a780', 'tenant_name': 'tempest-BulkNetworkOpsTest-1555717426', 'user_domain_id': 'fe20d1c634b84043a1a0d2603de142ca', 'user_domain_name': 'admin_domain', 'user_id': '2f0801172f834ff4907372e7bcbfae1a'}, Network: None, Subnet: None, Router: None[00m
2019-11-08 12:07:52.274 9937 INFO tempest.lib.common.dynamic_creds [-] Created isolated network resources for:
 credentials: Credentials: {'domain_id': 'fe20d1c634b84043a1a0d2603de142ca', 'domain_name': 'admin_domain', 'username': 'tempest-BulkNetworkOpsTest-1555717426', 'project_domain_id': 'fe20d1c634b84043a1a0d2603de142ca', 'project_domain_name': 'admin_domain', 'project_id': '25712450d10e40b1856eb1443888a780', 'project_name': 'tempest-BulkNetworkOpsTest-1555717426', 'tenant_id': '25712450d10e40b1856eb1443888a780', 'tenant_name': 'tempest-BulkNetworkOpsTest-1555717426', 'user_domain_id': 'fe20d1c634b84043a1a0d2603de142ca', 'user_domain_name': 'admin_domain', 'user_id': '2f0801172f834ff4907372e7bcbfae1a'}, Network: None, Subnet: None, Router: None[00m
2019-11-08 12:07:52.437 9934 INFO tempest.lib.common.rest_client [req-b6222ad7-36bd-4106-9019-1d9c6946c6b7 ] Request (TestNetworkBasicOps:test_network_basic_ops): 200 PUT http://10.13.3.208:9696/v2.0/floatingips/efe9d57b-5704-4d77-b5a3-87c26c29cbf2 0.568s[00m
2019-11-08 12:07:52.488 9934 INFO tempest.lib.common.rest_client [req-21d20970-94a3-423b-8cc5-c55704b302d2 ] Request (TestNetworkBasicOps:test_network_basic_ops): 200 GET http://10.13.3.208:9696/v2.0/floatingips/efe9d57b-5704-4d77-b5a3-87c26c29cbf2 0.050s[00m
2019-11-08 12:07:52.551 9937 INFO tempest.lib.common.rest_client [req-05b69845-38b7-4bf5-9452-91adf31c90b9 ] Request (BulkNetworkOpsTest:setUpClass): 201 POST http://10.13.3.247:5000/v3/auth/tokens 0.270s[00m
2019-11-08 12:07:52.868 9937 INFO tempest.lib.common.rest_client [req-11e0962d-321d-44a4-91b9-c51652e4ae0a ] Request (BulkNetworkOpsTest:test_bulk_create_delete_network): 201 POST http://10.13.3.208:9696/v2.0/networks 0.316s[00m
2019-11-08 12:07:52.988 9937 INFO tempest.lib.common.rest_client [req-321f6456-63c7-4399-b786-d695d1558120 ] Request (BulkNetworkOpsTest:test_bulk_create_delete_network): 200 GET http://10.13.3.208:9696/v2.0/networks 0.119s[00m
2019-11-08 12:07:53.543 9934 INFO tempest.lib.common.rest_client [req-49630438-f0e8-4fe6-bf13-75582df9fde4 ] Request (TestNetworkBasicOps:test_network_basic_ops): 200 GET http://10.13.3.208:9696/v2.0/floatingips/efe9d57b-5704-4d77-b5a3-87c26c29cbf2 0.053s[00m
2019-11-08 12:07:53.576 9937 INFO tempest.lib.common.rest_client [req-ddc4f6b4-e4ac-405d-85e3-928006088fb8 ] Request (BulkNetworkOpsTest:_run_cleanups): 204 DELETE http://10.13.3.208:9696/v2.0/networks/8ab7fcad-6d70-43d2-91da-5c0dc7bc0f4b 0.586s[00m
2019-11-08 12:07:53.970 9937 INFO tempest.lib.common.rest_client [req-5d9dafcb-148e-4cbf-8c07-b22eccfba39f ] Request (BulkNetworkOpsTest:_run_cleanups): 204 DELETE http://10.13.3.208:9696/v2.0/networks/c2523881-77be-44e8-b04d-0a9eea8a024f 0.393s[00m
2019-11-08 12:07:54.041 9937 INFO tempest.lib.common.rest_client [req-19e7d264-eff9-4dde-a2ea-d7be2da39295 ] Request (BulkNetworkOpsTest:_run_cleanups): 200 GET http://10.13.3.208:9696/v2.0/networks 0.071s[00m
{1} tempest.api.network.test_networks.BulkNetworkOpsTest.test_bulk_create_delete_network [1.490129s] ... ok
2019-11-08 12:07:54.158 9937 INFO tempest.lib.common.rest_client [req-2e3b4686-edad-4a72-9d70-eaf81303863b ] Request (BulkNetworkOpsTest:test_bulk_create_delete_port): 201 POST http://10.13.3.208:9696/v2.0/networks 0.115s[00m
2019-11-08 12:07:54.288 9937 INFO tempest.lib.common.rest_client [req-32d6695b-9e86-48ec-b79c-e26d2804ca1a ] Request (BulkNetworkOpsTest:test_bulk_create_delete_port): 201 POST http://10.13.3.208:9696/v2.0/networks 0.129s[00m
2019-11-08 12:07:54.591 9934 INFO tempest.lib.common.rest_client [req-31ad1a1d-e87c-405f-baa6-7e7ba1105e9f ] Request (TestNetworkBasicOps:test_network_basic_ops): 200 GET http://10.13.3.208:9696/v2.0/floatingips/efe9d57b-5704-4d77-b5a3-87c26c29cbf2 0.046s[00m
2019-11-08 12:07:55.012 9937 INFO tempest.lib.common.rest_client [req-b2afd825-82d5-4f23-958f-73371550b107 ] Request (BulkNetworkOpsTest:test_bulk_create_delete_port): 201 POST http://10.13.3.208:9696/v2.0/ports 0.724s[00m
2019-11-08 12:07:55.072 9937 INFO tempest.lib.common.rest_client [req-7cd1ea66-6840-429c-a5f3-4b7ba776d565 ] Request (BulkNetworkOpsTest:test_bulk_create_delete_port): 200 GET http://10.13.3.208:9696/v2.0/ports 0.059s[00m
2019-11-08 12:07:55.446 9937 INFO tempest.lib.common.rest_client [req-936a2416-64ca-4518-b658-39703f6f2dcc ] Request (BulkNetworkOpsTest:_run_cleanups): 204 DELETE http://10.13.3.208:9696/v2.0/ports/c8f4eb74-4d69-43fd-ade4-f69af3c88892 0.373s[00m
2019-11-08 12:07:55.637 9934 INFO tempest.lib.common.rest_client [req-51b862ca-47e7-4311-aeb6-11d5a155d1c0 ] Request (TestNetworkBasicOps:test_network_basic_ops): 200 GET http://10.13.3.208:9696/v2.0/floatingips/efe9d57b-5704-4d77-b5a3-87c26c29cbf2 0.044s[00m
2019-11-08 12:07:55.637 9934 INFO tempest.scenario.manager [-] FloatingIP: {'id': 'efe9d57b-5704-4d77-b5a3-87c26c29cbf2', 'tenant_id': '86f3e9d61d7f41759b0d2044cd3681a8', 'floating_ip_address': '10.13.3.163', 'floating_network_id': '4625e0c6-8606-4a87-a5ad-1b4a810d42d4', 'router_id': None, 'port_id': None, 'fixed_ip_address': None, 'status': 'ACTIVE', 'description': '', 'port_details': None, 'dns_domain': '', 'dns_name': '', 'tags': [], 'created_at': '2019-11-08T12:07:10Z', 'updated_at': '2019-11-08T12:07:52Z', 'revision_number': 2, 'project_id': '86f3e9d61d7f41759b0d2044cd3681a8'} is at status: DOWN[00m
2019-11-08 12:07:55.730 9937 INFO tempest.lib.common.rest_client [req-a97a474d-1e58-4325-82e0-ba7dc0bb14f6 ] Request (BulkNetworkOpsTest:_run_cleanups): 204 DELETE http://10.13.3.208:9696/v2.0/ports/17685081-0f6e-44d0-b818-a192d99aff25 0.282s[00m
2019-11-08 12:07:55.755 9937 INFO tempest.lib.common.rest_client [req-8f2ee302-fdbd-4697-8d93-0fe3a5d12f25 ] Request (BulkNetworkOpsTest:_run_cleanups): 200 GET http://10.13.3.208:9696/v2.0/ports 0.024s[00m
{1} tempest.api.network.test_networks.BulkNetworkOpsTest.test_bulk_create_delete_port [1.712853s] ... ok
2019-11-08 12:07:55.870 9937 INFO tempest.lib.common.rest_client [req-8a062999-29ff-4acb-8e07-585a81fd8ecc ] Request (BulkNetworkOpsTest:test_bulk_create_delete_subnet): 201 POST http://10.13.3.208:9696/v2.0/networks 0.112s[00m
2019-11-08 12:07:56.057 9937 INFO tempest.lib.common.rest_client [req-ae284a5d-6268-4747-be15-ab8847aeed42 ] Request (BulkNetworkOpsTest:test_bulk_create_delete_subnet): 201 POST http://10.13.3.208:9696/v2.0/networks 0.186s[00m
2019-11-08 12:07:56.847 9934 INFO tempest.lib.common.rest_client [req-104538b9-264a-4c30-8b91-28db59eba11d ] Request (TestNetworkBasicOps:test_network_basic_ops): 200 POST http://10.13.3.254:8774/v2.1/os-keypairs 0.202s[00m
2019-11-08 12:07:56.932 9934 INFO tempest.lib.common.rest_client [req-452532fa-fa70-4063-98eb-d384a64f9f2b ] Request (TestNetworkBasicOps:test_network_basic_ops): 201 POST http://10.13.3.208:9696/v2.0/security-groups 0.082s[00m
2019-11-08 12:07:57.155 9934 INFO tempest.lib.common.rest_client [req-2747261b-f586-4a84-8d09-ab91b2b08f7f ] Request (TestNetworkBasicOps:test_network_basic_ops): 201 POST http://10.13.3.208:9696/v2.0/security-group-rules 0.222s[00m
2019-11-08 12:07:57.237 9934 INFO tempest.lib.common.rest_client [req-21ff730f-9b4d-42cf-b388-3e2aa21d9724 ] Request (TestNetworkBasicOps:test_network_basic_ops): 201 POST http://10.13.3.208:9696/v2.0/security-group-rules 0.081s[00m
2019-11-08 12:07:57.325 9934 INFO tempest.lib.common.rest_client [req-d17c86f3-8a45-46c5-a2a6-928bd494ec48 ] Request (TestNetworkBasicOps:test_network_basic_ops): 201 POST http://10.13.3.208:9696/v2.0/security-group-rules 0.085s[00m
2019-11-08 12:07:57.408 9934 INFO tempest.lib.common.rest_client [req-ed8e55a2-c7cd-4f95-b089-6acb01b9e26c ] Request (TestNetworkBasicOps:test_network_basic_ops): 201 POST http://10.13.3.208:9696/v2.0/security-group-rules 0.082s[00m
2019-11-08 12:07:57.549 9934 INFO tempest.lib.common.rest_client [req-53724d5f-2f71-4945-b0c7-1bcea83c71e4 ] Request (TestNetworkBasicOps:test_network_basic_ops): 201 POST http://10.13.3.208:9696/v2.0/security-group-rules 0.139s[00m
2019-11-08 12:07:57.640 9934 INFO tempest.lib.common.rest_client [req-8325d27e-5c43-4893-8e8b-790dd761eb79 ] Request (TestNetworkBasicOps:test_network_basic_ops): 201 POST http://10.13.3.208:9696/v2.0/security-group-rules 0.091s[00m
2019-11-08 12:07:57.909 9934 INFO tempest.lib.common.rest_client [req-59e86a58-1887-4ee5-9dfd-abe5bb8e80c6 ] Request (TestNetworkBasicOps:test_network_basic_ops): 201 POST http://10.13.3.247:5000/v3/auth/tokens 0.263s[00m
2019-11-08 12:07:57.916 9934 INFO tempest.lib.common.fixed_network [-] (TestNetworkBasicOps:test_network_basic_ops) Found network None available for tenant[00m
2019-11-08 12:07:58.328 9937 INFO tempest.lib.common.rest_client [req-7ff69347-007a-4486-994b-886d9d107d3c ] Request (BulkNetworkOpsTest:test_bulk_create_delete_subnet): 201 POST http://10.13.3.208:9696/v2.0/subnets 1.327s[00m
2019-11-08 12:07:58.374 9937 INFO tempest.lib.common.rest_client [req-2ac3a532-120f-443c-aac6-c9866dccdf66 ] Request (BulkNetworkOpsTest:test_bulk_create_delete_subnet): 200 GET http://10.13.3.208:9696/v2.0/subnets 0.046s[00m
2019-11-08 12:07:58.534 9934 INFO tempest.lib.common.rest_client [req-dd7e8108-03ad-4b21-a962-07d9ca267644 ] Request (TestNetworkBasicOps:test_network_basic_ops): 202 POST http://10.13.3.254:8774/v2.1/servers 0.616s[00m
2019-11-08 12:07:58.588 9934 INFO tempest.lib.common.rest_client [req-43f39764-d731-4c22-81ac-f18600153f9d ] Request (TestNetworkBasicOps:test_network_basic_ops): 200 GET http://10.13.3.254:8774/v2.1/servers/6a0fe567-15c6-44b9-af79-e3d4a9158861 0.052s[00m
2019-11-08 12:07:59.528 9937 INFO tempest.lib.common.rest_client [req-38744471-42c9-49f4-b289-dea115c5dcee ] Request (BulkNetworkOpsTest:_run_cleanups): 204 DELETE http://10.13.3.208:9696/v2.0/subnets/1ab06fd3-ffc5-4842-be04-e7deef07d7da 1.145s[00m
2019-11-08 12:07:59.676 9934 INFO tempest.lib.common.rest_client [req-30710418-d5d3-41cc-98ab-b7812704a77a ] Request (TestNetworkBasicOps:test_network_basic_ops): 200 GET http://10.13.3.254:8774/v2.1/servers/6a0fe567-15c6-44b9-af79-e3d4a9158861 0.081s[00m
2019-11-08 12:07:59.681 9934 INFO tempest.common.waiters [-] State transition "BUILD/scheduling" ==> "BUILD/spawning" after 1 second wait[00m
2019-11-08 12:08:00.494 9937 INFO tempest.lib.common.rest_client [req-f21f78e8-6065-40d0-84b3-3e1632c56a47 ] Request (BulkNetworkOpsTest:_run_cleanups): 204 DELETE http://10.13.3.208:9696/v2.0/subnets/d3e94715-70f7-41a7-9e52-cd393331740e 0.965s[00m
2019-11-08 12:08:00.533 9937 INFO tempest.lib.common.rest_client [req-d9b2be2d-7c1c-4fc9-91a2-02076341562f ] Request (BulkNetworkOpsTest:_run_cleanups): 200 GET http://10.13.3.208:9696/v2.0/subnets 0.038s[00m
{1} tempest.api.network.test_networks.BulkNetworkOpsTest.test_bulk_create_delete_subnet [4.777666s] ... ok
2019-11-08 12:08:01.157 9934 INFO tempest.lib.common.rest_client [req-71efd469-b859-4903-955c-dab316fe6a70 ] Request (TestNetworkBasicOps:test_network_basic_ops): 200 GET http://10.13.3.254:8774/v2.1/servers/6a0fe567-15c6-44b9-af79-e3d4a9158861 0.474s[00m
2019-11-08 12:08:01.611 9937 INFO tempest.lib.common.rest_client [req-e7f4d802-1fa1-48a1-86ba-ba0119d330dc ] Request (BulkNetworkOpsTest:tearDownClass): 204 DELETE http://10.13.3.208:9696/v2.0/networks/0e08e350-bb2d-4edd-b133-e752610f26d5 1.077s[00m
2019-11-08 12:08:02.660 9937 INFO tempest.lib.common.rest_client [req-7e03aa55-a53c-4605-a704-6d5773b60be0 ] Request (BulkNetworkOpsTest:tearDownClass): 204 DELETE http://10.13.3.208:9696/v2.0/networks/05c7ba6f-52a7-46b8-a227-5a4b8728379b 1.049s[00m
2019-11-08 12:08:02.662 9934 INFO tempest.lib.common.rest_client [req-1bc7345a-a24f-49d4-9ab7-3b55d17faed1 ] Request (TestNetworkBasicOps:test_network_basic_ops): 200 GET http://10.13.3.254:8774/v2.1/servers/6a0fe567-15c6-44b9-af79-e3d4a9158861 0.490s[00m
2019-11-08 12:08:03.191 9937 INFO tempest.lib.common.rest_client [req-d63a55a0-ce23-4e67-9949-7a9085ee575d ] Request (BulkNetworkOpsTest:tearDownClass): 204 DELETE http://10.13.3.208:9696/v2.0/networks/bbe8c8c9-cf9b-4104-b3a0-a32befb99694 0.530s[00m
2019-11-08 12:08:03.891 9937 INFO tempest.lib.common.rest_client [req-adf1bd45-671c-4bc1-b93e-f9073d37f170 ] Request (BulkNetworkOpsTest:tearDownClass): 204 DELETE http://10.13.3.208:9696/v2.0/networks/b437218e-1d59-484a-9d6a-043ea04b1e3d 0.699s[00m
2019-11-08 12:08:03.939 9934 INFO tempest.lib.common.rest_client [req-2dfe9a8a-cd04-4d02-8ac5-1d8b6a69ac9f ] Request (TestNetworkBasicOps:test_network_basic_ops): 200 GET http://10.13.3.254:8774/v2.1/servers/6a0fe567-15c6-44b9-af79-e3d4a9158861 0.268s[00m
2019-11-08 12:08:03.945 9934 INFO tempest.common.waiters [-] State transition "BUILD/spawning" ==> "ACTIVE/None" after 5 second wait[00m
2019-11-08 12:08:03.973 9937 INFO tempest.lib.common.rest_client [req-57b67e93-29a3-4921-bcd9-bb6e352c042d ] Request (BulkNetworkOpsTest:tearDownClass): 204 DELETE http://10.13.3.247:35357/v3/users/2f0801172f834ff4907372e7bcbfae1a 0.082s[00m
2019-11-08 12:08:04.078 9934 INFO tempest.lib.common.rest_client [req-dddbfc85-71ef-4f0c-b6c5-6a8deae8d6e2 ] Request (TestNetworkBasicOps:test_network_basic_ops): 200 GET http://10.13.3.254:8774/v2.1/servers/6a0fe567-15c6-44b9-af79-e3d4a9158861 0.132s[00m
2019-11-08 12:08:04.129 9934 INFO tempest.lib.common.rest_client [req-919506e2-ffa6-4a1e-8cf3-c257b90af926 ] Request (TestNetworkBasicOps:test_network_basic_ops): 200 GET http://10.13.3.208:9696/v2.0/ports?device_id=6a0fe567-15c6-44b9-af79-e3d4a9158861 0.042s[00m
2019-11-08 12:08:04.248 9937 INFO tempest.lib.common.rest_client [req-e1b9bc65-82ca-4f8b-87be-05a9135464d0 ] Request (BulkNetworkOpsTest:tearDownClass): 201 POST http://10.13.3.247:5000/v3/auth/tokens 0.272s[00m
2019-11-08 12:08:04.344 9937 INFO tempest.lib.common.rest_client [req-9e03f039-51c9-4d9d-8db6-7446f4e2fde0 ] Request (BulkNetworkOpsTest:tearDownClass): 200 GET http://10.13.3.208:9696/v2.0/security-groups?tenant_id=25712450d10e40b1856eb1443888a780&name=default 0.088s[00m
2019-11-08 12:08:04.447 9937 INFO tempest.lib.common.rest_client [req-27bd3899-09e8-47a5-a100-3f6e8c8301c7 ] Request (BulkNetworkOpsTest:tearDownClass): 204 DELETE http://10.13.3.208:9696/v2.0/security-groups/5139c3fe-a7f0-4b2f-b0b6-076eed178025 0.101s[00m
2019-11-08 12:08:04.510 9937 INFO tempest.lib.common.rest_client [req-db6c64af-6e46-4035-bd8d-1ac5ffb91c99 ] Request (BulkNetworkOpsTest:tearDownClass): 204 DELETE http://10.13.3.247:35357/v3/projects/25712450d10e40b1856eb1443888a780 0.063s[00m
2019-11-08 12:08:04.511 9937 INFO tempest.test [-] <class 'unittest.case.SkipTest'> raised in PortsIpV6TestJSON.setUpClass. Invoking tearDownClass.[00m
{1} setUpClass (tempest.api.network.test_ports.PortsIpV6TestJSON) ... SKIPPED: IPv6 Tests are disabled.
2019-11-08 12:08:04.773 9937 INFO tempest.lib.common.rest_client [req-f501fd2e-c1e9-4990-9622-90c9ee9885d1 ] Request (PortsTestJSON:setUpClass): 201 POST http://10.13.3.247:5000/v3/auth/tokens 0.258s[00m
2019-11-08 12:08:05.021 9937 INFO tempest.lib.common.rest_client [req-cc6a82b8-8f54-480e-a9d0-2bfc4c905ab1 ] Request (PortsTestJSON:setUpClass): 201 POST http://10.13.3.247:5000/v3/auth/tokens 0.244s[00m
2019-11-08 12:08:05.044 9937 INFO tempest.lib.common.rest_client [req-8c4021e2-d355-4b3f-9cca-46897efc929d ] Request (PortsTestJSON:setUpClass): 200 GET http://10.13.3.247:35357/v3/domains?name=admin_domain 0.021s[00m
2019-11-08 12:08:05.076 9937 INFO tempest.lib.common.rest_client [req-ef2ff0cc-a962-483b-aa8b-34c32ac3f774 ] Request (PortsTestJSON:setUpClass): 201 POST http://10.13.3.247:35357/v3/projects 0.032s[00m
2019-11-08 12:08:05.166 9934 INFO tempest.lib.common.rest_client [req-c60b2bc9-1745-4563-9c65-b7162780391e ] Request (TestNetworkBasicOps:test_network_basic_ops): 200 PUT http://10.13.3.208:9696/v2.0/floatingips/efe9d57b-5704-4d77-b5a3-87c26c29cbf2 1.034s[00m
2019-11-08 12:08:05.270 9934 INFO tempest.lib.common.rest_client [req-6602e2d4-9548-4a73-b92d-a74c31acbb56 ] Request (TestNetworkBasicOps:test_network_basic_ops): 200 GET http://10.13.3.208:9696/v2.0/floatingips/efe9d57b-5704-4d77-b5a3-87c26c29cbf2 0.104s[00m
2019-11-08 12:08:05.319 9937 INFO tempest.lib.common.rest_client [req-8c75bdc1-21f7-48f1-bf33-8321d835262e ] Request (PortsTestJSON:setUpClass): 201 POST http://10.13.3.247:35357/v3/users 0.242s[00m
2019-11-08 12:08:05.334 9937 INFO tempest.lib.common.rest_client [req-be3a4f29-28e5-4c13-8539-f3d109130b83 ] Request (PortsTestJSON:setUpClass): 200 GET http://10.13.3.247:35357/v3/roles 0.014s[00m
2019-11-08 12:08:05.350 9937 INFO tempest.lib.common.rest_client [req-f16c8de4-5ff1-4f62-8b63-887cc71195e3 ] Request (PortsTestJSON:setUpClass): 200 GET http://10.13.3.247:35357/v3/roles 0.015s[00m
2019-11-08 12:08:05.379 9937 INFO tempest.lib.common.rest_client [req-b608942c-d0dd-4f5d-b437-94df0c5e7c97 ] Request (PortsTestJSON:setUpClass): 204 PUT http://10.13.3.247:35357/v3/projects/7e0bacfabd8744fda402a879ac72cf2d/users/2ffadd5d0e454084a695c4b703cdd284/roles/75374839941742ecb0fde1316a1b03f6 0.026s[00m
2019-11-08 12:08:05.379 9937 INFO tempest.lib.common.dynamic_creds [-] Acquired dynamic creds:
 credentials: Credentials: {'domain_id': 'fe20d1c634b84043a1a0d2603de142ca', 'domain_name': 'admin_domain', 'username': 'tempest-PortsTestJSON-244700574', 'project_domain_id': 'fe20d1c634b84043a1a0d2603de142ca', 'project_domain_name': 'admin_domain', 'project_id': '7e0bacfabd8744fda402a879ac72cf2d', 'project_name': 'tempest-PortsTestJSON-244700574', 'tenant_id': '7e0bacfabd8744fda402a879ac72cf2d', 'tenant_name': 'tempest-PortsTestJSON-244700574', 'user_domain_id': 'fe20d1c634b84043a1a0d2603de142ca', 'user_domain_name': 'admin_domain', 'user_id': '2ffadd5d0e454084a695c4b703cdd284'}, Network: None, Subnet: None, Router: None[00m
2019-11-08 12:08:05.379 9937 INFO tempest.lib.common.dynamic_creds [-] Created isolated network resources for:
 credentials: Credentials: {'domain_id': 'fe20d1c634b84043a1a0d2603de142ca', 'domain_name': 'admin_domain', 'username': 'tempest-PortsTestJSON-244700574', 'project_domain_id': 'fe20d1c634b84043a1a0d2603de142ca', 'project_domain_name': 'admin_domain', 'project_id': '7e0bacfabd8744fda402a879ac72cf2d', 'project_name': 'tempest-PortsTestJSON-244700574', 'tenant_id': '7e0bacfabd8744fda402a879ac72cf2d', 'tenant_name': 'tempest-PortsTestJSON-244700574', 'user_domain_id': 'fe20d1c634b84043a1a0d2603de142ca', 'user_domain_name': 'admin_domain', 'user_id': '2ffadd5d0e454084a695c4b703cdd284'}, Network: None, Subnet: None, Router: None[00m
2019-11-08 12:08:05.651 9937 INFO tempest.lib.common.rest_client [req-2e28b79c-076f-4a7d-8449-50ba0709737a ] Request (PortsTestJSON:setUpClass): 201 POST http://10.13.3.247:5000/v3/auth/tokens 0.267s[00m
2019-11-08 12:08:05.906 9937 INFO tempest.lib.common.rest_client [req-b73f4890-1fb1-4b6e-ab24-cd3d6038da21 ] Request (PortsTestJSON:setUpClass): 201 POST http://10.13.3.208:9696/v2.0/networks 0.254s[00m
2019-11-08 12:08:06.331 9934 INFO tempest.lib.common.rest_client [req-f89e1e8a-6126-43b5-9fdc-390b548715e6 ] Request (TestNetworkBasicOps:test_network_basic_ops): 200 GET http://10.13.3.208:9696/v2.0/floatingips/efe9d57b-5704-4d77-b5a3-87c26c29cbf2 0.059s[00m
2019-11-08 12:08:06.346 9937 INFO tempest.lib.common.rest_client [req-0ca5f835-8562-4723-97c9-6be3d8b1e1eb ] Request (PortsTestJSON:setUpClass): 201 POST http://10.13.3.208:9696/v2.0/ports 0.439s[00m
2019-11-08 12:08:06.460 9937 INFO tempest.lib.common.rest_client [req-effc8883-52c6-4795-b337-5622fabd4fb1 ] Request (PortsTestJSON:test_create_port_in_allowed_allocation_pools): 201 POST http://10.13.3.208:9696/v2.0/networks 0.113s[00m
2019-11-08 12:08:06.993 9937 INFO tempest.lib.common.rest_client [req-66bea852-3bee-440b-9980-d0a7115773ab ] Request (PortsTestJSON:test_create_port_in_allowed_allocation_pools): 201 POST http://10.13.3.208:9696/v2.0/subnets 0.532s[00m
2019-11-08 12:08:07.383 9934 INFO tempest.lib.common.rest_client [req-dd7c4844-43f6-4937-87dd-021c986aa10d ] Request (TestNetworkBasicOps:test_network_basic_ops): 200 GET http://10.13.3.208:9696/v2.0/floatingips/efe9d57b-5704-4d77-b5a3-87c26c29cbf2 0.050s[00m
2019-11-08 12:08:07.385 9934 INFO tempest.scenario.manager [-] FloatingIP: {'id': 'efe9d57b-5704-4d77-b5a3-87c26c29cbf2', 'tenant_id': '86f3e9d61d7f41759b0d2044cd3681a8', 'floating_ip_address': '10.13.3.163', 'floating_network_id': '4625e0c6-8606-4a87-a5ad-1b4a810d42d4', 'router_id': '8280f4ff-af6c-40c8-9b8e-548003b93297', 'port_id': '2a6cffb2-7f03-42ed-a7ea-04fa57f7408a', 'fixed_ip_address': '172.16.0.8', 'status': 'DOWN', 'description': '', 'port_details': {'name': '', 'network_id': 'e157f1d3-807d-4363-8118-8762483bc462', 'mac_address': 'fa:16:3e:c4:8e:dd', 'admin_state_up': True, 'status': 'ACTIVE', 'device_id': '6a0fe567-15c6-44b9-af79-e3d4a9158861', 'device_owner': 'compute:nova'}, 'dns_domain': '', 'dns_name': '', 'tags': [], 'created_at': '2019-11-08T12:07:10Z', 'updated_at': '2019-11-08T12:08:04Z', 'revision_number': 5, 'project_id': '86f3e9d61d7f41759b0d2044cd3681a8'} is at status: ACTIVE[00m
2019-11-08 12:08:07.703 9937 INFO tempest.lib.common.rest_client [req-a6b9a211-1f2f-41f5-8bf2-85ea50de955d ] Request (PortsTestJSON:test_create_port_in_allowed_allocation_pools): 201 POST http://10.13.3.208:9696/v2.0/ports 0.709s[00m
2019-11-08 12:08:08.311 9937 INFO tempest.lib.common.rest_client [req-9aed6ec1-3e73-4469-a0ca-33466b7716c4 ] Request (PortsTestJSON:test_create_port_in_allowed_allocation_pools): 204 DELETE http://10.13.3.208:9696/v2.0/ports/3d3cc526-c68a-46a0-924b-2e74c62e2f82 0.607s[00m
2019-11-08 12:08:08.349 9937 INFO tempest.lib.common.rest_client [req-a18a54f4-88b6-4a75-9890-b4ab6e6e49d3 ] Request (PortsTestJSON:_run_cleanups): 404 DELETE http://10.13.3.208:9696/v2.0/ports/3d3cc526-c68a-46a0-924b-2e74c62e2f82 0.032s[00m
2019-11-08 12:08:09.208 9937 INFO tempest.lib.common.rest_client [req-fbd1e670-650d-49ed-b482-b17f8fa77671 ] Request (PortsTestJSON:_run_cleanups): 204 DELETE http://10.13.3.208:9696/v2.0/subnets/c2750fe3-789d-4695-a7e8-508784724417 0.859s[00m
2019-11-08 12:08:09.405 9934 INFO tempest.lib.common.ssh [-] Creating ssh connection to '10.13.3.163:22' as 'ubuntu' with public key authentication[00m
2019-11-08 12:08:09.411 9934 WARNING tempest.lib.common.ssh [-] Failed to establish authenticated ssh connection to ubuntu@10.13.3.163 ([Errno None] Unable to connect to port 22 on 10.13.3.163). Number attempts: 1. Retry after 2 seconds.: paramiko.ssh_exception.NoValidConnectionsError: [Errno None] Unable to connect to port 22 on 10.13.3.163[00m
2019-11-08 12:08:10.160 9937 INFO tempest.lib.common.rest_client [req-7b5ff67b-5be0-4e1d-9241-054cdc816f47 ] Request (PortsTestJSON:_run_cleanups): 204 DELETE http://10.13.3.208:9696/v2.0/networks/4bf0189b-a42b-4064-9aee-2b5fd8503c40 0.951s[00m
{1} tempest.api.network.test_ports.PortsTestJSON.test_create_port_in_allowed_allocation_pools [3.814072s] ... ok
2019-11-08 12:08:10.289 9937 INFO tempest.lib.common.rest_client [req-00a9cff1-6247-41a0-872a-14d076b718c0 ] Request (PortsTestJSON:test_create_port_with_no_securitygroups): 201 POST http://10.13.3.208:9696/v2.0/networks 0.128s[00m
2019-11-08 12:08:10.830 9937 INFO tempest.lib.common.rest_client [req-22272ee2-33f4-4697-8a78-94adf32f7254 ] Request (PortsTestJSON:test_create_port_with_no_securitygroups): 201 POST http://10.13.3.208:9696/v2.0/subnets 0.539s[00m
2019-11-08 12:08:11.425 9937 INFO tempest.lib.common.rest_client [req-f6936c4c-09bf-4fc3-a7ea-ec3b9d81c879 ] Request (PortsTestJSON:test_create_port_with_no_securitygroups): 201 POST http://10.13.3.208:9696/v2.0/ports 0.594s[00m
2019-11-08 12:08:11.932 9934 WARNING tempest.lib.common.ssh [-] Failed to establish authenticated ssh connection to ubuntu@10.13.3.163 ([Errno None] Unable to connect to port 22 on 10.13.3.163). Number attempts: 2. Retry after 3 seconds.: paramiko.ssh_exception.NoValidConnectionsError: [Errno None] Unable to connect to port 22 on 10.13.3.163[00m
2019-11-08 12:08:12.066 9937 INFO tempest.lib.common.rest_client [req-3e587532-5351-4c15-8814-feed454b2fc7 ] Request (PortsTestJSON:_run_cleanups): 204 DELETE http://10.13.3.208:9696/v2.0/ports/556930f1-258a-435d-b3c7-138a873f4db9 0.640s[00m
2019-11-08 12:08:12.885 9937 INFO tempest.lib.common.rest_client [req-6189c75d-61b0-4c6e-9f3e-8f7267f4ac47 ] Request (PortsTestJSON:_run_cleanups): 204 DELETE http://10.13.3.208:9696/v2.0/subnets/0751079c-d934-422a-8d3a-5395b9ded11f 0.819s[00m
2019-11-08 12:08:13.842 9937 INFO tempest.lib.common.rest_client [req-d68ffa40-1fd8-4f0b-b26f-27a3875d86f2 ] Request (PortsTestJSON:_run_cleanups): 204 DELETE http://10.13.3.208:9696/v2.0/networks/8dbe9eb1-82c0-4b89-8871-889a27d633fb 0.957s[00m
{1} tempest.api.network.test_ports.PortsTestJSON.test_create_port_with_no_securitygroups [3.682471s] ... ok
2019-11-08 12:08:14.301 9937 INFO tempest.lib.common.rest_client [req-dba3c88f-bcaa-4eb8-a5a5-96a29d12ea9d ] Request (PortsTestJSON:test_create_update_delete_port): 201 POST http://10.13.3.208:9696/v2.0/ports 0.457s[00m
2019-11-08 12:08:14.629 9937 INFO tempest.lib.common.rest_client [req-3913b9eb-d218-4044-9632-116fde64a46e ] Request (PortsTestJSON:test_create_update_delete_port): 200 PUT http://10.13.3.208:9696/v2.0/ports/c0718228-ef74-456b-95f9-9bd3497c234e 0.327s[00m
2019-11-08 12:08:14.974 9937 INFO tempest.lib.common.rest_client [req-f6aa1751-ab04-45e4-8b59-38f712fae73d ] Request (PortsTestJSON:_run_cleanups): 204 DELETE http://10.13.3.208:9696/v2.0/ports/c0718228-ef74-456b-95f9-9bd3497c234e 0.344s[00m
2019-11-08 12:08:15.034 9937 INFO tempest.lib.common.rest_client [req-ec158129-fbc5-41d8-afa0-8d85cf787e96 ] Request (PortsTestJSON:_run_cleanups): 200 GET http://10.13.3.208:9696/v2.0/ports 0.059s[00m
{1} tempest.api.network.test_ports.PortsTestJSON.test_create_update_delete_port [1.190706s] ... ok
2019-11-08 12:08:15.076 9937 INFO tempest.lib.common.rest_client [req-a15fbae8-6c32-495d-9727-5acba6fa2d96 ] Request (PortsTestJSON:test_list_ports): 200 GET http://10.13.3.208:9696/v2.0/ports 0.041s[00m
{1} tempest.api.network.test_ports.PortsTestJSON.test_list_ports [0.042101s] ... ok
2019-11-08 12:08:15.114 9937 INFO tempest.lib.common.rest_client [req-34226486-98df-48c4-baa5-b18005fea3e7 ] Request (PortsTestJSON:test_show_port): 200 GET http://10.13.3.208:9696/v2.0/ports/2dc1a993-721c-4808-8484-6edbdeebcd10 0.036s[00m
{1} tempest.api.network.test_ports.PortsTestJSON.test_show_port [0.037432s] ... ok
2019-11-08 12:08:15.140 9937 INFO tempest.lib.common.rest_client [req-fd91ad90-3f13-4576-b0f5-bd4be1bc2539 ] Request (PortsTestJSON:tearDownClass): 404 DELETE http://10.13.3.208:9696/v2.0/ports/556930f1-258a-435d-b3c7-138a873f4db9 0.025s[00m
2019-11-08 12:08:15.162 9937 INFO tempest.lib.common.rest_client [req-943ad0cd-a920-4098-b5b2-2ff58714b211 ] Request (PortsTestJSON:tearDownClass): 404 DELETE http://10.13.3.208:9696/v2.0/subnets/0751079c-d934-422a-8d3a-5395b9ded11f 0.022s[00m
2019-11-08 12:08:15.184 9937 INFO tempest.lib.common.rest_client [req-57854691-22d5-4616-89b1-7ffd57cccec3 ] Request (PortsTestJSON:tearDownClass): 404 DELETE http://10.13.3.208:9696/v2.0/subnets/c2750fe3-789d-4695-a7e8-508784724417 0.020s[00m
2019-11-08 12:08:15.442 9934 WARNING tempest.lib.common.ssh [-] Failed to establish authenticated ssh connection to ubuntu@10.13.3.163 ([Errno None] Unable to connect to port 22 on 10.13.3.163). Number attempts: 3. Retry after 4 seconds.: paramiko.ssh_exception.NoValidConnectionsError: [Errno None] Unable to connect to port 22 on 10.13.3.163[00m
2019-11-08 12:08:15.604 9937 INFO tempest.lib.common.rest_client [req-1f7aa0f9-f152-4dd7-a391-df0fa0aa5a9d ] Request (PortsTestJSON:tearDownClass): 204 DELETE http://10.13.3.208:9696/v2.0/ports/2dc1a993-721c-4808-8484-6edbdeebcd10 0.419s[00m
2019-11-08 12:08:16.007 9937 INFO tempest.lib.common.rest_client [req-f33d0d97-cd93-4f7d-91a8-0f124c9f3333 ] Request (PortsTestJSON:tearDownClass): 204 DELETE http://10.13.3.208:9696/v2.0/networks/0b109888-734a-4f3a-8125-d807e0193ca7 0.403s[00m
2019-11-08 12:08:16.088 9937 INFO tempest.lib.common.rest_client [req-5c4c81db-4537-4532-b467-e8225eed80a1 ] Request (PortsTestJSON:tearDownClass): 204 DELETE http://10.13.3.247:35357/v3/users/2ffadd5d0e454084a695c4b703cdd284 0.080s[00m
2019-11-08 12:08:16.350 9937 INFO tempest.lib.common.rest_client [req-4675e7b5-6e89-4525-a1d6-c8fdbe6de06e ] Request (PortsTestJSON:tearDownClass): 201 POST http://10.13.3.247:5000/v3/auth/tokens 0.259s[00m
2019-11-08 12:08:16.435 9937 INFO tempest.lib.common.rest_client [req-c92152f4-a540-4a90-ab44-7875f9cf7f7c ] Request (PortsTestJSON:tearDownClass): 200 GET http://10.13.3.208:9696/v2.0/security-groups?tenant_id=7e0bacfabd8744fda402a879ac72cf2d&name=default 0.083s[00m
2019-11-08 12:08:16.532 9937 INFO tempest.lib.common.rest_client [req-2d2700fa-15f8-4955-ae7e-cb72a0f52201 ] Request (PortsTestJSON:tearDownClass): 204 DELETE http://10.13.3.208:9696/v2.0/security-groups/4006e5c6-ac51-43a5-82d7-01e200c47576 0.097s[00m
2019-11-08 12:08:16.597 9937 INFO tempest.lib.common.rest_client [req-9fa384c4-7a43-4241-9f8e-1541a0639b34 ] Request (PortsTestJSON:tearDownClass): 204 DELETE http://10.13.3.247:35357/v3/projects/7e0bacfabd8744fda402a879ac72cf2d 0.062s[00m
2019-11-08 12:08:16.856 9937 INFO tempest.lib.common.rest_client [req-d393fd3e-af6d-4afe-8465-8d8ac9e47aa3 ] Request (SecGroupTest:setUpClass): 201 POST http://10.13.3.247:5000/v3/auth/tokens 0.257s[00m
2019-11-08 12:08:17.101 9937 INFO tempest.lib.common.rest_client [req-778b1184-2fd9-4599-9aab-7d0f0f58d4d7 ] Request (SecGroupTest:setUpClass): 201 POST http://10.13.3.247:5000/v3/auth/tokens 0.241s[00m
2019-11-08 12:08:17.119 9937 INFO tempest.lib.common.rest_client [req-94ab2c3e-ea22-41de-a9c2-e28fbc5f36e4 ] Request (SecGroupTest:setUpClass): 200 GET http://10.13.3.247:35357/v3/domains?name=admin_domain 0.016s[00m
2019-11-08 12:08:17.143 9937 INFO tempest.lib.common.rest_client [req-e9aff80e-e617-4866-9a82-4cc4b7659f22 ] Request (SecGroupTest:setUpClass): 201 POST http://10.13.3.247:35357/v3/projects 0.022s[00m
2019-11-08 12:08:17.388 9937 INFO tempest.lib.common.rest_client [req-0e71baa5-075c-4f94-a5a3-fb0a9bf4a126 ] Request (SecGroupTest:setUpClass): 201 POST http://10.13.3.247:35357/v3/users 0.242s[00m
2019-11-08 12:08:17.402 9937 INFO tempest.lib.common.rest_client [req-27dc6eca-8b22-4359-9eee-d37a2b60d0c9 ] Request (SecGroupTest:setUpClass): 200 GET http://10.13.3.247:35357/v3/roles 0.014s[00m
2019-11-08 12:08:17.417 9937 INFO tempest.lib.common.rest_client [req-6bf09ae3-08ad-4291-b80a-02dc83db2650 ] Request (SecGroupTest:setUpClass): 200 GET http://10.13.3.247:35357/v3/roles 0.013s[00m
2019-11-08 12:08:17.446 9937 INFO tempest.lib.common.rest_client [req-bb3de4f1-0b17-4ab5-a240-dc1b468f90a5 ] Request (SecGroupTest:setUpClass): 204 PUT http://10.13.3.247:35357/v3/projects/c11f7cf776e3415c9dfa15df84d7f8d1/users/18a913f7dd24438ea17e23daadde8bc8/roles/75374839941742ecb0fde1316a1b03f6 0.026s[00m
2019-11-08 12:08:17.448 9937 INFO tempest.lib.common.dynamic_creds [-] Acquired dynamic creds:
 credentials: Credentials: {'domain_id': 'fe20d1c634b84043a1a0d2603de142ca', 'domain_name': 'admin_domain', 'username': 'tempest-SecGroupTest-407111415', 'project_domain_id': 'fe20d1c634b84043a1a0d2603de142ca', 'project_domain_name': 'admin_domain', 'project_id': 'c11f7cf776e3415c9dfa15df84d7f8d1', 'project_name': 'tempest-SecGroupTest-407111415', 'tenant_id': 'c11f7cf776e3415c9dfa15df84d7f8d1', 'tenant_name': 'tempest-SecGroupTest-407111415', 'user_domain_id': 'fe20d1c634b84043a1a0d2603de142ca', 'user_domain_name': 'admin_domain', 'user_id': '18a913f7dd24438ea17e23daadde8bc8'}, Network: None, Subnet: None, Router: None[00m
2019-11-08 12:08:17.451 9937 INFO tempest.lib.common.dynamic_creds [-] Created isolated network resources for:
 credentials: Credentials: {'domain_id': 'fe20d1c634b84043a1a0d2603de142ca', 'domain_name': 'admin_domain', 'username': 'tempest-SecGroupTest-407111415', 'project_domain_id': 'fe20d1c634b84043a1a0d2603de142ca', 'project_domain_name': 'admin_domain', 'project_id': 'c11f7cf776e3415c9dfa15df84d7f8d1', 'project_name': 'tempest-SecGroupTest-407111415', 'tenant_id': 'c11f7cf776e3415c9dfa15df84d7f8d1', 'tenant_name': 'tempest-SecGroupTest-407111415', 'user_domain_id': 'fe20d1c634b84043a1a0d2603de142ca', 'user_domain_name': 'admin_domain', 'user_id': '18a913f7dd24438ea17e23daadde8bc8'}, Network: None, Subnet: None, Router: None[00m
2019-11-08 12:08:17.728 9937 INFO tempest.lib.common.rest_client [req-1d544901-df95-452a-8ff5-b1705a6a5257 ] Request (SecGroupTest:setUpClass): 201 POST http://10.13.3.247:5000/v3/auth/tokens 0.273s[00m
2019-11-08 12:08:17.903 9937 INFO tempest.lib.common.rest_client [req-e1b82962-924b-4b8e-8f5c-870c791a5839 ] Request (SecGroupTest:test_create_list_update_show_delete_security_group): 201 POST http://10.13.3.208:9696/v2.0/security-groups 0.174s[00m
2019-11-08 12:08:17.948 9937 INFO tempest.lib.common.rest_client [req-ad11a047-439c-4657-ac5f-2a606fb20273 ] Request (SecGroupTest:test_create_list_update_show_delete_security_group): 200 GET http://10.13.3.208:9696/v2.0/security-groups 0.044s[00m
2019-11-08 12:08:18.005 9937 INFO tempest.lib.common.rest_client [req-3c109d55-575d-4201-bbac-05296fdfaa05 ] Request (SecGroupTest:test_create_list_update_show_delete_security_group): 200 PUT http://10.13.3.208:9696/v2.0/security-groups/7428b469-11bb-4b36-852b-a416fde0692e 0.056s[00m
2019-11-08 12:08:18.036 9937 INFO tempest.lib.common.rest_client [req-894060c8-5f4b-4baf-9a0f-3c487ad094b1 ] Request (SecGroupTest:test_create_list_update_show_delete_security_group): 200 GET http://10.13.3.208:9696/v2.0/security-groups/7428b469-11bb-4b36-852b-a416fde0692e 0.029s[00m
2019-11-08 12:08:18.115 9937 INFO tempest.lib.common.rest_client [req-010b4dc6-ffe3-43f7-9e0c-129bdd810480 ] Request (SecGroupTest:test_create_list_update_show_delete_security_group): 204 DELETE http://10.13.3.208:9696/v2.0/security-groups/7428b469-11bb-4b36-852b-a416fde0692e 0.079s[00m
2019-11-08 12:08:18.155 9937 INFO tempest.lib.common.rest_client [req-bc45339b-e7c7-4268-81b9-222d41094382 ] Request (SecGroupTest:test_create_list_update_show_delete_security_group): 200 GET http://10.13.3.208:9696/v2.0/security-groups 0.039s[00m
2019-11-08 12:08:18.168 9937 INFO tempest.lib.common.rest_client [req-f566d874-500a-496e-9139-83359fae16de ] Request (SecGroupTest:_run_cleanups): 404 DELETE http://10.13.3.208:9696/v2.0/security-groups/7428b469-11bb-4b36-852b-a416fde0692e 0.012s[00m
{1} tempest.api.network.test_security_groups.SecGroupTest.test_create_list_update_show_delete_security_group [0.439456s] ... ok
2019-11-08 12:08:18.247 9937 INFO tempest.lib.common.rest_client [req-9a12ec74-6bc5-416f-9b5f-264e47297c1c ] Request (SecGroupTest:test_create_show_delete_security_group_rule): 201 POST http://10.13.3.208:9696/v2.0/security-groups 0.078s[00m
2019-11-08 12:08:18.331 9937 INFO tempest.lib.common.rest_client [req-1574a298-a282-413d-a32c-0aeb35007332 ] Request (SecGroupTest:test_create_show_delete_security_group_rule): 201 POST http://10.13.3.208:9696/v2.0/security-group-rules 0.083s[00m
2019-11-08 12:08:18.344 9937 INFO tempest.lib.common.rest_client [req-59570fe9-eb88-444f-adce-4131a313b0ef ] Request (SecGroupTest:test_create_show_delete_security_group_rule): 200 GET http://10.13.3.208:9696/v2.0/security-group-rules/4944e3a5-159f-49b4-92f5-700f62ede3dc 0.012s[00m
2019-11-08 12:08:18.369 9937 INFO tempest.lib.common.rest_client [req-c93b50f4-d70c-4bed-83fa-e1dc3980dc7a ] Request (SecGroupTest:test_create_show_delete_security_group_rule): 200 GET http://10.13.3.208:9696/v2.0/security-group-rules 0.024s[00m
2019-11-08 12:08:18.423 9937 INFO tempest.lib.common.rest_client [req-1c046729-d9dc-4c90-8858-efc7a994a016 ] Request (SecGroupTest:test_create_show_delete_security_group_rule): 204 DELETE http://10.13.3.208:9696/v2.0/security-group-rules/4944e3a5-159f-49b4-92f5-700f62ede3dc 0.053s[00m
2019-11-08 12:08:18.448 9937 INFO tempest.lib.common.rest_client [req-6a178790-613d-4969-89b3-f5e5f907f65d ] Request (SecGroupTest:test_create_show_delete_security_group_rule): 200 GET http://10.13.3.208:9696/v2.0/security-group-rules 0.024s[00m
2019-11-08 12:08:18.537 9937 INFO tempest.lib.common.rest_client [req-071e97b1-0d23-4671-b3ba-ab23c3d7dc5a ] Request (SecGroupTest:test_create_show_delete_security_group_rule): 201 POST http://10.13.3.208:9696/v2.0/security-group-rules 0.087s[00m
2019-11-08 12:08:18.553 9937 INFO tempest.lib.common.rest_client [req-1fa3d717-aa56-47ae-99e4-9f7263775819 ] Request (SecGroupTest:test_create_show_delete_security_group_rule): 200 GET http://10.13.3.208:9696/v2.0/security-group-rules/54cdcdcb-3acb-4ecb-a6d1-81c1d4b754f8 0.015s[00m
2019-11-08 12:08:18.579 9937 INFO tempest.lib.common.rest_client [req-160b00dc-5e02-49bd-a2c1-890b7ad1440e ] Request (SecGroupTest:test_create_show_delete_security_group_rule): 200 GET http://10.13.3.208:9696/v2.0/security-group-rules 0.025s[00m
2019-11-08 12:08:18.626 9937 INFO tempest.lib.common.rest_client [req-776d5bde-05bc-4cd9-8bb4-e22467b7dfea ] Request (SecGroupTest:test_create_show_delete_security_group_rule): 204 DELETE http://10.13.3.208:9696/v2.0/security-group-rules/54cdcdcb-3acb-4ecb-a6d1-81c1d4b754f8 0.046s[00m
2019-11-08 12:08:18.652 9937 INFO tempest.lib.common.rest_client [req-c5328ea6-7e7f-4939-b3a0-c311410d87a3 ] Request (SecGroupTest:test_create_show_delete_security_group_rule): 200 GET http://10.13.3.208:9696/v2.0/security-group-rules 0.025s[00m
