2019-11-08 12:08:42.448 9937 INFO tempest.lib.common.rest_client [req-fc42f8a8-4e73-4b99-b01c-f2405772795b ] Request (AccountTest:tearDownClass): 204 DELETE http://10.13.3.247:35357/v3/users/c9dd3f5dcf564261a46eaa76ba3e7b9b 0.130s[00m
2019-11-08 12:08:42.718 9937 INFO tempest.lib.common.rest_client [req-5e39de9d-4bbc-46dc-9cad-a45b23804c82 ] Request (AccountTest:tearDownClass): 201 POST http://10.13.3.247:5000/v3/auth/tokens 0.269s[00m
2019-11-08 12:08:42.931 9937 INFO tempest.lib.common.rest_client [req-be6dc134-7fef-4458-b070-6e5eca6d6f74 ] Request (AccountTest:tearDownClass): 200 GET http://10.13.3.208:9696/v2.0/security-groups?tenant_id=3e1eb66a6f494a97a04595992e9e8315&name=default 0.212s[00m
2019-11-08 12:08:43.039 9937 INFO tempest.lib.common.rest_client [req-45692ada-4af8-4881-a553-e8a3f7aa6c55 ] Request (AccountTest:tearDownClass): 204 DELETE http://10.13.3.208:9696/v2.0/security-groups/a16ff40b-70b9-4dac-b919-fb92b1d52fcc 0.106s[00m
2019-11-08 12:08:43.041 9934 INFO tempest.lib.common.rest_client [req-7b0862b1-d486-4eeb-bd53-010a404171bf ] Request (TestServerBasicOps:test_server_basic_ops): 202 POST http://10.13.3.254:8774/v2.1/servers 0.629s[00m
2019-11-08 12:08:43.094 9934 INFO tempest.lib.common.rest_client [req-48d63c34-36d2-4e6e-b8bb-41808ad22513 ] Request (TestServerBasicOps:test_server_basic_ops): 200 GET http://10.13.3.254:8774/v2.1/servers/f664bf50-2716-4b91-9485-67eaef9fc9bb 0.051s[00m
2019-11-08 12:08:43.116 9937 INFO tempest.lib.common.rest_client [req-c8a5b28d-75c8-44aa-ba74-8226397b448b ] Request (AccountTest:tearDownClass): 204 DELETE http://10.13.3.247:35357/v3/projects/3e1eb66a6f494a97a04595992e9e8315 0.077s[00m
2019-11-08 12:08:43.238 9937 INFO tempest.lib.common.rest_client [req-e39947d3-81c4-4739-88bb-22abfff14fa3 ] Request (AccountTest:tearDownClass): 204 DELETE http://10.13.3.247:35357/v3/users/f5b059cc91534d4f850469540a8017b8 0.120s[00m
2019-11-08 12:08:43.330 9937 INFO tempest.lib.common.rest_client [req-64d99164-b567-4ca2-84c5-3619c0fb090c ] Request (AccountTest:tearDownClass): 200 GET http://10.13.3.208:9696/v2.0/security-groups?tenant_id=3f324d9ba84a43efbb70144f541f1242&name=default 0.089s[00m
2019-11-08 12:08:43.430 9937 INFO tempest.lib.common.rest_client [req-98086300-fdf1-449d-855c-a3bfe6ea4167 ] Request (AccountTest:tearDownClass): 204 DELETE http://10.13.3.208:9696/v2.0/security-groups/7725fc70-9b3b-46ed-8195-50f17aeeb30d 0.099s[00m
2019-11-08 12:08:43.507 9937 INFO tempest.lib.common.rest_client [req-5c714f8f-c496-4dfc-93d7-949703dd9d64 ] Request (AccountTest:tearDownClass): 204 DELETE http://10.13.3.247:35357/v3/projects/3f324d9ba84a43efbb70144f541f1242 0.077s[00m
2019-11-08 12:08:43.776 9937 INFO tempest.lib.common.rest_client [req-fb0a7088-a669-4573-96af-0cebc2cdf6eb ] Request (ContainerQuotasTest:setUpClass): 201 POST http://10.13.3.247:5000/v3/auth/tokens 0.266s[00m
2019-11-08 12:08:44.024 9937 INFO tempest.lib.common.rest_client [req-04b61d18-16f2-459a-9fc0-0f5bca4239e5 ] Request (ContainerQuotasTest:setUpClass): 201 POST http://10.13.3.247:5000/v3/auth/tokens 0.245s[00m
2019-11-08 12:08:44.044 9937 INFO tempest.lib.common.rest_client [req-afe16491-6916-453b-916b-6217e9fdc016 ] Request (ContainerQuotasTest:setUpClass): 200 GET http://10.13.3.247:35357/v3/domains?name=admin_domain 0.019s[00m
2019-11-08 12:08:44.067 9937 INFO tempest.lib.common.rest_client [req-5d3633ad-8ce7-4c5d-a859-049fa16e79c1 ] Request (ContainerQuotasTest:setUpClass): 201 POST http://10.13.3.247:35357/v3/projects 0.023s[00m
2019-11-08 12:08:44.189 9934 INFO tempest.lib.common.rest_client [req-4a1b6467-310a-41f4-8ee6-7947f30616f2 ] Request (TestServerBasicOps:test_server_basic_ops): 200 GET http://10.13.3.254:8774/v2.1/servers/f664bf50-2716-4b91-9485-67eaef9fc9bb 0.087s[00m
2019-11-08 12:08:44.195 9934 INFO tempest.common.waiters [-] State transition "BUILD/scheduling" ==> "BUILD/spawning" after 1 second wait[00m
2019-11-08 12:08:44.311 9937 INFO tempest.lib.common.rest_client [req-1369db3a-7a55-40db-8a5f-65247147e024 ] Request (ContainerQuotasTest:setUpClass): 201 POST http://10.13.3.247:35357/v3/users 0.241s[00m
2019-11-08 12:08:44.329 9937 INFO tempest.lib.common.rest_client [req-006fe524-4c3f-488a-bf1a-6c94e8ecb23a ] Request (ContainerQuotasTest:setUpClass): 200 GET http://10.13.3.247:35357/v3/roles 0.017s[00m
2019-11-08 12:08:44.360 9937 INFO tempest.lib.common.rest_client [req-8dd1c493-00a2-413c-bc0b-29bef4098e76 ] Request (ContainerQuotasTest:setUpClass): 204 PUT http://10.13.3.247:35357/v3/projects/18012cb682b84824a08386b11c9be7fd/users/cb72d55d3ba941b3a81d21f29b0142fe/roles/75374839941742ecb0fde1316a1b03f6 0.030s[00m
2019-11-08 12:08:44.363 9937 INFO tempest.lib.common.dynamic_creds [-] Acquired dynamic creds:
 credentials: Credentials: {'domain_id': 'fe20d1c634b84043a1a0d2603de142ca', 'domain_name': 'admin_domain', 'username': 'tempest-ContainerQuotasTest-1120154728', 'project_domain_id': 'fe20d1c634b84043a1a0d2603de142ca', 'project_domain_name': 'admin_domain', 'project_id': '18012cb682b84824a08386b11c9be7fd', 'project_name': 'tempest-ContainerQuotasTest-1120154728', 'tenant_id': '18012cb682b84824a08386b11c9be7fd', 'tenant_name': 'tempest-ContainerQuotasTest-1120154728', 'user_domain_id': 'fe20d1c634b84043a1a0d2603de142ca', 'user_domain_name': 'admin_domain', 'user_id': 'cb72d55d3ba941b3a81d21f29b0142fe'}, Network: None, Subnet: None, Router: None[00m
2019-11-08 12:08:44.363 9937 INFO tempest.lib.common.dynamic_creds [-] Created isolated network resources for:
 credentials: Credentials: {'domain_id': 'fe20d1c634b84043a1a0d2603de142ca', 'domain_name': 'admin_domain', 'username': 'tempest-ContainerQuotasTest-1120154728', 'project_domain_id': 'fe20d1c634b84043a1a0d2603de142ca', 'project_domain_name': 'admin_domain', 'project_id': '18012cb682b84824a08386b11c9be7fd', 'project_name': 'tempest-ContainerQuotasTest-1120154728', 'tenant_id': '18012cb682b84824a08386b11c9be7fd', 'tenant_name': 'tempest-ContainerQuotasTest-1120154728', 'user_domain_id': 'fe20d1c634b84043a1a0d2603de142ca', 'user_domain_name': 'admin_domain', 'user_id': 'cb72d55d3ba941b3a81d21f29b0142fe'}, Network: None, Subnet: None, Router: None[00m
2019-11-08 12:08:44.642 9937 INFO tempest.lib.common.rest_client [req-fd13f455-b4c2-4061-a677-b4b1625767b7 ] Request (ContainerQuotasTest:setUpClass): 201 POST http://10.13.3.247:5000/v3/auth/tokens 0.275s[00m
2019-11-08 12:08:44.877 9937 INFO tempest.lib.common.rest_client [req-df93d543-33c7-411c-85de-31f43cdef6d4 ] Request (ContainerQuotasTest:setUpClass): 201 POST http://10.13.3.247:5000/v3/auth/tokens 0.235s[00m
2019-11-08 12:08:45.167 9937 INFO tempest.lib.common.rest_client [txd225fcf8df574ea5bfded-005dc55acc ] Request (ContainerQuotasTest:setUpClass): 200 GET http://10.13.3.228:8080/info 0.289s[00m
2019-11-08 12:08:45.226 9937 INFO tempest.lib.common.rest_client [txa95d33b775eb4b028a036-005dc55acd ] Request (ContainerQuotasTest:setUp): 201 PUT http://10.13.3.228:8080/v1/AUTH_18012cb682b84824a08386b11c9be7fd/tempest-TestContainer-2129126943 0.057s[00m
2019-11-08 12:08:45.245 9937 INFO tempest.lib.common.rest_client [txb31e82b5bb754c9c8d7a1-005dc55acd ] Request (ContainerQuotasTest:setUp): 204 POST http://10.13.3.228:8080/v1/AUTH_18012cb682b84824a08386b11c9be7fd/tempest-TestContainer-2129126943 0.019s[00m
2019-11-08 12:08:45.259 9937 INFO tempest.lib.common.rest_client [txbfee7bc9e94843f48195d-005dc55acd ] Request (ContainerQuotasTest:test_upload_large_object): 204 HEAD http://10.13.3.228:8080/v1/AUTH_18012cb682b84824a08386b11c9be7fd/tempest-TestContainer-2129126943 0.011s[00m
2019-11-08 12:08:45.265 9937 INFO tempest.lib.common.rest_client [tx1ee1216cc4d341379a310-005dc55acd ] Request (ContainerQuotasTest:test_upload_large_object): 413 PUT http://10.13.3.228:8080/v1/AUTH_18012cb682b84824a08386b11c9be7fd/tempest-TestContainer-2129126943/tempest-TestObject-1209324983 0.006s[00m
2019-11-08 12:08:45.279 9937 INFO tempest.lib.common.rest_client [tx0da28137b5fc46e1930b2-005dc55acd ] Request (ContainerQuotasTest:test_upload_large_object): 204 HEAD http://10.13.3.228:8080/v1/AUTH_18012cb682b84824a08386b11c9be7fd/tempest-TestContainer-2129126943 0.012s[00m
2019-11-08 12:08:45.294 9937 INFO tempest.lib.common.rest_client [txddddff636ebe4309b8915-005dc55acd ] Request (ContainerQuotasTest:tearDown): 200 GET http://10.13.3.228:8080/v1/AUTH_18012cb682b84824a08386b11c9be7fd/tempest-TestContainer-2129126943?&limit=9999&format=json 0.014s[00m
2019-11-08 12:08:45.346 9934 INFO tempest.lib.common.rest_client [req-931dc37b-71a6-4f3f-99cc-8e39a4af1872 ] Request (TestServerBasicOps:test_server_basic_ops): 200 GET http://10.13.3.254:8774/v2.1/servers/f664bf50-2716-4b91-9485-67eaef9fc9bb 0.150s[00m
2019-11-08 12:08:46.509 9934 INFO tempest.lib.common.rest_client [req-02c8dc9f-539c-45d6-b8f0-2dbf2729ed25 ] Request (TestServerBasicOps:test_server_basic_ops): 200 GET http://10.13.3.254:8774/v2.1/servers/f664bf50-2716-4b91-9485-67eaef9fc9bb 0.156s[00m
2019-11-08 12:08:47.324 9937 INFO tempest.lib.common.rest_client [tx3360e283ae214fd180034-005dc55acf ] Request (ContainerQuotasTest:tearDown): 204 DELETE http://10.13.3.228:8080/v1/AUTH_18012cb682b84824a08386b11c9be7fd/tempest-TestContainer-2129126943 0.027s[00m
{1} tempest.api.object_storage.test_container_quotas.ContainerQuotasTest.test_upload_large_object [2.156883s] ... ok
2019-11-08 12:08:47.348 9937 INFO tempest.lib.common.rest_client [tx706bc5afa54549f385a0e-005dc55acf ] Request (ContainerQuotasTest:setUp): 201 PUT http://10.13.3.228:8080/v1/AUTH_18012cb682b84824a08386b11c9be7fd/tempest-TestContainer-874930406 0.023s[00m
2019-11-08 12:08:47.366 9937 INFO tempest.lib.common.rest_client [txf1cfeedeebf6410c8dbc6-005dc55acf ] Request (ContainerQuotasTest:setUp): 204 POST http://10.13.3.228:8080/v1/AUTH_18012cb682b84824a08386b11c9be7fd/tempest-TestContainer-874930406 0.016s[00m
2019-11-08 12:08:47.400 9937 INFO tempest.lib.common.rest_client [tx48808540ff1c4dc1be56c-005dc55acf ] Request (ContainerQuotasTest:test_upload_too_many_objects): 201 PUT http://10.13.3.228:8080/v1/AUTH_18012cb682b84824a08386b11c9be7fd/tempest-TestContainer-874930406/tempest-TestObject-1002284692 0.031s[00m
2019-11-08 12:08:47.435 9937 INFO tempest.lib.common.rest_client [tx667a79ee482949ce8573a-005dc55acf ] Request (ContainerQuotasTest:test_upload_too_many_objects): 201 PUT http://10.13.3.228:8080/v1/AUTH_18012cb682b84824a08386b11c9be7fd/tempest-TestContainer-874930406/tempest-TestObject-1242464804 0.031s[00m
2019-11-08 12:08:47.457 9937 INFO tempest.lib.common.rest_client [txa14fa088c60c40c8bb1ef-005dc55acf ] Request (ContainerQuotasTest:test_upload_too_many_objects): 201 PUT http://10.13.3.228:8080/v1/AUTH_18012cb682b84824a08386b11c9be7fd/tempest-TestContainer-874930406/tempest-TestObject-127856806 0.021s[00m
2019-11-08 12:08:47.472 9937 INFO tempest.lib.common.rest_client [tx3e8ac12e6f7a4ee492dfa-005dc55acf ] Request (ContainerQuotasTest:test_upload_too_many_objects): 204 HEAD http://10.13.3.228:8080/v1/AUTH_18012cb682b84824a08386b11c9be7fd/tempest-TestContainer-874930406 0.015s[00m
2019-11-08 12:08:47.478 9937 INFO tempest.lib.common.rest_client [tx9cf907878e704cb59e769-005dc55acf ] Request (ContainerQuotasTest:test_upload_too_many_objects): 413 PUT http://10.13.3.228:8080/v1/AUTH_18012cb682b84824a08386b11c9be7fd/tempest-TestContainer-874930406/OverQuotaObject 0.005s[00m
2019-11-08 12:08:47.495 9937 INFO tempest.lib.common.rest_client [tx2e4cdacb85214bc883387-005dc55acf ] Request (ContainerQuotasTest:test_upload_too_many_objects): 204 HEAD http://10.13.3.228:8080/v1/AUTH_18012cb682b84824a08386b11c9be7fd/tempest-TestContainer-874930406 0.016s[00m
2019-11-08 12:08:47.538 9937 INFO tempest.lib.common.rest_client [txc90ec9396fdd4589af110-005dc55acf ] Request (ContainerQuotasTest:tearDown): 404 GET http://10.13.3.228:8080/v1/AUTH_18012cb682b84824a08386b11c9be7fd/tempest-TestContainer-2129126943?&limit=9999&format=json 0.042s[00m
2019-11-08 12:08:47.555 9937 INFO tempest.lib.common.rest_client [txa6d866ed73334c70b243f-005dc55acf ] Request (ContainerQuotasTest:tearDown): 200 GET http://10.13.3.228:8080/v1/AUTH_18012cb682b84824a08386b11c9be7fd/tempest-TestContainer-874930406?&limit=9999&format=json 0.017s[00m
2019-11-08 12:08:47.573 9937 INFO tempest.lib.common.rest_client [txb8790144ee114297aa281-005dc55acf ] Request (ContainerQuotasTest:tearDown): 204 DELETE http://10.13.3.228:8080/v1/AUTH_18012cb682b84824a08386b11c9be7fd/tempest-TestContainer-874930406/tempest-TestObject-1002284692 0.017s[00m
2019-11-08 12:08:47.590 9937 INFO tempest.lib.common.rest_client [txeaf0fbaad5bf4f98a074c-005dc55acf ] Request (ContainerQuotasTest:tearDown): 204 DELETE http://10.13.3.228:8080/v1/AUTH_18012cb682b84824a08386b11c9be7fd/tempest-TestContainer-874930406/tempest-TestObject-1242464804 0.017s[00m
2019-11-08 12:08:47.608 9937 INFO tempest.lib.common.rest_client [txb88582e6e6ab4b998f8ff-005dc55acf ] Request (ContainerQuotasTest:tearDown): 204 DELETE http://10.13.3.228:8080/v1/AUTH_18012cb682b84824a08386b11c9be7fd/tempest-TestContainer-874930406/tempest-TestObject-127856806 0.017s[00m
2019-11-08 12:08:47.655 9934 INFO tempest.lib.common.rest_client [req-428bea4c-c95d-4fa0-a70c-a36c528ff2cb ] Request (TestServerBasicOps:test_server_basic_ops): 200 GET http://10.13.3.254:8774/v2.1/servers/f664bf50-2716-4b91-9485-67eaef9fc9bb 0.140s[00m
2019-11-08 12:08:48.807 9934 INFO tempest.lib.common.rest_client [req-c1d6dde0-9839-47f6-9e33-61e310dfc30b ] Request (TestServerBasicOps:test_server_basic_ops): 200 GET http://10.13.3.254:8774/v2.1/servers/f664bf50-2716-4b91-9485-67eaef9fc9bb 0.145s[00m
2019-11-08 12:08:48.813 9934 INFO tempest.common.waiters [-] State transition "BUILD/spawning" ==> "ACTIVE/None" after 5 second wait[00m
2019-11-08 12:08:48.958 9934 INFO tempest.lib.common.rest_client [req-814946ae-8de5-487d-810f-1c3e1d9232a4 ] Request (TestServerBasicOps:test_server_basic_ops): 200 GET http://10.13.3.254:8774/v2.1/servers/f664bf50-2716-4b91-9485-67eaef9fc9bb 0.143s[00m
2019-11-08 12:08:49.104 9934 INFO tempest.lib.common.rest_client [req-48de7ad5-01f3-4566-bf04-e7026ccc6029 ] Request (TestServerBasicOps:test_server_basic_ops): 200 GET http://10.13.3.254:8774/v2.1/servers/f664bf50-2716-4b91-9485-67eaef9fc9bb 0.139s[00m
2019-11-08 12:08:49.637 9937 INFO tempest.lib.common.rest_client [tx7f969484643a4e87be091-005dc55ad1 ] Request (ContainerQuotasTest:tearDown): 204 DELETE http://10.13.3.228:8080/v1/AUTH_18012cb682b84824a08386b11c9be7fd/tempest-TestContainer-874930406 0.026s[00m
{1} tempest.api.object_storage.test_container_quotas.ContainerQuotasTest.test_upload_too_many_objects [2.312629s] ... ok
2019-11-08 12:08:49.661 9937 INFO tempest.lib.common.rest_client [txb528201ca9214b688b2a8-005dc55ad1 ] Request (ContainerQuotasTest:setUp): 201 PUT http://10.13.3.228:8080/v1/AUTH_18012cb682b84824a08386b11c9be7fd/tempest-TestContainer-460522170 0.023s[00m
2019-11-08 12:08:49.680 9937 INFO tempest.lib.common.rest_client [tx25ccc44c023b4da1a90fd-005dc55ad1 ] Request (ContainerQuotasTest:setUp): 204 POST http://10.13.3.228:8080/v1/AUTH_18012cb682b84824a08386b11c9be7fd/tempest-TestContainer-460522170 0.018s[00m
2019-11-08 12:08:49.691 9937 INFO tempest.lib.common.rest_client [txaaf4dbf496624c78831fd-005dc55ad1 ] Request (ContainerQuotasTest:test_upload_valid_object): 204 HEAD http://10.13.3.228:8080/v1/AUTH_18012cb682b84824a08386b11c9be7fd/tempest-TestContainer-460522170 0.011s[00m
2019-11-08 12:08:49.717 9937 INFO tempest.lib.common.rest_client [tx1aaea27a285b4cdf865a5-005dc55ad1 ] Request (ContainerQuotasTest:test_upload_valid_object): 201 PUT http://10.13.3.228:8080/v1/AUTH_18012cb682b84824a08386b11c9be7fd/tempest-TestContainer-460522170/tempest-TestObject-809350752 0.024s[00m
2019-11-08 12:08:49.732 9937 INFO tempest.lib.common.rest_client [tx2c04f6b5b543453cb0802-005dc55ad1 ] Request (ContainerQuotasTest:test_upload_valid_object): 204 HEAD http://10.13.3.228:8080/v1/AUTH_18012cb682b84824a08386b11c9be7fd/tempest-TestContainer-460522170 0.012s[00m
2019-11-08 12:08:49.759 9937 INFO tempest.lib.common.rest_client [tx9e228b6e9af345a897a32-005dc55ad1 ] Request (ContainerQuotasTest:tearDown): 404 GET http://10.13.3.228:8080/v1/AUTH_18012cb682b84824a08386b11c9be7fd/tempest-TestContainer-2129126943?&limit=9999&format=json 0.024s[00m
2019-11-08 12:08:49.804 9937 INFO tempest.lib.common.rest_client [txfe3a861b2802482bae12d-005dc55ad1 ] Request (ContainerQuotasTest:tearDown): 404 GET http://10.13.3.228:8080/v1/AUTH_18012cb682b84824a08386b11c9be7fd/tempest-TestContainer-874930406?&limit=9999&format=json 0.043s[00m
2019-11-08 12:08:49.822 9937 INFO tempest.lib.common.rest_client [tx111bc07a31c448439597b-005dc55ad1 ] Request (ContainerQuotasTest:tearDown): 200 GET http://10.13.3.228:8080/v1/AUTH_18012cb682b84824a08386b11c9be7fd/tempest-TestContainer-460522170?&limit=9999&format=json 0.014s[00m
2019-11-08 12:08:49.842 9937 INFO tempest.lib.common.rest_client [txda7bd3f5e7ee4185ad7ef-005dc55ad1 ] Request (ContainerQuotasTest:tearDown): 204 DELETE http://10.13.3.228:8080/v1/AUTH_18012cb682b84824a08386b11c9be7fd/tempest-TestContainer-460522170/tempest-TestObject-809350752 0.018s[00m
2019-11-08 12:08:50.368 9934 INFO tempest.lib.common.rest_client [req-cea0abf8-52fa-41a6-b845-3aa09a01607e ] Request (TestServerBasicOps:test_server_basic_ops): 200 POST http://10.13.3.254:8774/v2.1/os-floating-ips 1.258s[00m
2019-11-08 12:08:51.883 9937 INFO tempest.lib.common.rest_client [tx1b8f0f6b928a4050b0a8b-005dc55ad3 ] Request (ContainerQuotasTest:tearDown): 204 DELETE http://10.13.3.228:8080/v1/AUTH_18012cb682b84824a08386b11c9be7fd/tempest-TestContainer-460522170 0.036s[00m
{1} tempest.api.object_storage.test_container_quotas.ContainerQuotasTest.test_upload_valid_object [2.247946s] ... ok
2019-11-08 12:08:51.958 9937 INFO tempest.lib.common.rest_client [req-206d290a-9007-4608-8374-faf8542cc48b ] Request (ContainerQuotasTest:tearDownClass): 204 DELETE http://10.13.3.247:35357/v3/users/cb72d55d3ba941b3a81d21f29b0142fe 0.069s[00m
2019-11-08 12:08:52.108 9934 INFO tempest.lib.common.rest_client [req-ff4bce3b-fbb6-47a9-aa4d-b790974c1e78 ] Request (TestServerBasicOps:test_server_basic_ops): 202 POST http://10.13.3.254:8774/v2.1/servers/f664bf50-2716-4b91-9485-67eaef9fc9bb/action 1.735s[00m
2019-11-08 12:08:52.109 9934 INFO tempest.lib.common.ssh [-] Creating ssh connection to '10.13.3.146:22' as 'ubuntu' with public key authentication[00m
2019-11-08 12:08:52.220 9937 INFO tempest.lib.common.rest_client [req-de92c373-278a-463c-a4c8-9086060a69d9 ] Request (ContainerQuotasTest:tearDownClass): 201 POST http://10.13.3.247:5000/v3/auth/tokens 0.260s[00m
2019-11-08 12:08:52.350 9937 INFO tempest.lib.common.rest_client [req-3b540b6c-5034-4275-a098-f6de8009a908 ] Request (ContainerQuotasTest:tearDownClass): 200 GET http://10.13.3.208:9696/v2.0/security-groups?tenant_id=18012cb682b84824a08386b11c9be7fd&name=default 0.128s[00m
2019-11-08 12:08:52.444 9937 INFO tempest.lib.common.rest_client [req-2f946ee9-4d73-4bda-bee4-cbdd388c42ff ] Request (ContainerQuotasTest:tearDownClass): 204 DELETE http://10.13.3.208:9696/v2.0/security-groups/2cb92e8d-ef75-4bbb-9fcc-7faaac731557 0.093s[00m
2019-11-08 12:08:52.504 9937 INFO tempest.lib.common.rest_client [req-55a2490f-1a67-43db-8514-dfb3a7783648 ] Request (ContainerQuotasTest:tearDownClass): 204 DELETE http://10.13.3.247:35357/v3/projects/18012cb682b84824a08386b11c9be7fd 0.060s[00m
2019-11-08 12:08:52.766 9937 INFO tempest.lib.common.rest_client [req-dca7c8b9-501a-49d9-8834-96a82def39e1 ] Request (ContainerTest:setUpClass): 201 POST http://10.13.3.247:5000/v3/auth/tokens 0.259s[00m
2019-11-08 12:08:53.013 9937 INFO tempest.lib.common.rest_client [req-71ea25df-d661-4caa-aaee-cdc4ac748b85 ] Request (ContainerTest:setUpClass): 201 POST http://10.13.3.247:5000/v3/auth/tokens 0.244s[00m
2019-11-08 12:08:53.032 9937 INFO tempest.lib.common.rest_client [req-674707d4-3161-4ded-b64e-5c31bf398f0c ] Request (ContainerTest:setUpClass): 200 GET http://10.13.3.247:35357/v3/domains?name=admin_domain 0.018s[00m
2019-11-08 12:08:53.057 9937 INFO tempest.lib.common.rest_client [req-68d05960-112a-4efd-8aa3-e17f98e883a4 ] Request (ContainerTest:setUpClass): 201 POST http://10.13.3.247:35357/v3/projects 0.025s[00m
2019-11-08 12:08:53.300 9937 INFO tempest.lib.common.rest_client [req-6b8d7946-bbe1-422d-94cd-c856a6269ed8 ] Request (ContainerTest:setUpClass): 201 POST http://10.13.3.247:35357/v3/users 0.242s[00m
2019-11-08 12:08:53.315 9937 INFO tempest.lib.common.rest_client [req-06bc9872-0633-4827-852f-3a252335566b ] Request (ContainerTest:setUpClass): 200 GET http://10.13.3.247:35357/v3/roles 0.014s[00m
2019-11-08 12:08:53.342 9937 INFO tempest.lib.common.rest_client [req-c6fe75c7-7b48-41a4-a755-0e325d401d3d ] Request (ContainerTest:setUpClass): 204 PUT http://10.13.3.247:35357/v3/projects/6ee394ecbc6c45c58342c843d166e22e/users/0ac56c0c7c7d42e6a15cd0113a42ad2a/roles/75374839941742ecb0fde1316a1b03f6 0.025s[00m
2019-11-08 12:08:53.343 9937 INFO tempest.lib.common.dynamic_creds [-] Acquired dynamic creds:
 credentials: Credentials: {'domain_id': 'fe20d1c634b84043a1a0d2603de142ca', 'domain_name': 'admin_domain', 'username': 'tempest-ContainerTest-840099551', 'project_domain_id': 'fe20d1c634b84043a1a0d2603de142ca', 'project_domain_name': 'admin_domain', 'project_id': '6ee394ecbc6c45c58342c843d166e22e', 'project_name': 'tempest-ContainerTest-840099551', 'tenant_id': '6ee394ecbc6c45c58342c843d166e22e', 'tenant_name': 'tempest-ContainerTest-840099551', 'user_domain_id': 'fe20d1c634b84043a1a0d2603de142ca', 'user_domain_name': 'admin_domain', 'user_id': '0ac56c0c7c7d42e6a15cd0113a42ad2a'}, Network: None, Subnet: None, Router: None[00m
2019-11-08 12:08:53.343 9937 INFO tempest.lib.common.dynamic_creds [-] Created isolated network resources for:
 credentials: Credentials: {'domain_id': 'fe20d1c634b84043a1a0d2603de142ca', 'domain_name': 'admin_domain', 'username': 'tempest-ContainerTest-840099551', 'project_domain_id': 'fe20d1c634b84043a1a0d2603de142ca', 'project_domain_name': 'admin_domain', 'project_id': '6ee394ecbc6c45c58342c843d166e22e', 'project_name': 'tempest-ContainerTest-840099551', 'tenant_id': '6ee394ecbc6c45c58342c843d166e22e', 'tenant_name': 'tempest-ContainerTest-840099551', 'user_domain_id': 'fe20d1c634b84043a1a0d2603de142ca', 'user_domain_name': 'admin_domain', 'user_id': '0ac56c0c7c7d42e6a15cd0113a42ad2a'}, Network: None, Subnet: None, Router: None[00m
2019-11-08 12:08:53.615 9937 INFO tempest.lib.common.rest_client [req-71830d7b-69fd-42c2-b896-4e847a653864 ] Request (ContainerTest:setUpClass): 201 POST http://10.13.3.247:5000/v3/auth/tokens 0.267s[00m
2019-11-08 12:08:53.845 9937 INFO tempest.lib.common.rest_client [req-98c50192-9c82-44bb-948f-2ac82b427ee5 ] Request (ContainerTest:setUpClass): 201 POST http://10.13.3.247:5000/v3/auth/tokens 0.229s[00m
2019-11-08 12:08:53.898 9937 INFO tempest.lib.common.rest_client [tx4f99802dda2f4303915a4-005dc55ad5 ] Request (ContainerTest:setUpClass): 200 GET http://10.13.3.228:8080/info 0.052s[00m
2019-11-08 12:08:53.957 9937 INFO tempest.lib.common.rest_client [tx0b5acf315ef44a6db6df2-005dc55ad5 ] Request (ContainerTest:test_create_container): 201 PUT http://10.13.3.228:8080/v1/AUTH_6ee394ecbc6c45c58342c843d166e22e/tempest-TestContainer-347152847 0.058s[00m
2019-11-08 12:08:53.976 9937 INFO tempest.lib.common.rest_client [tx92b17ae13f104908812d9-005dc55ad5 ] Request (ContainerTest:tearDown): 200 GET http://10.13.3.228:8080/v1/AUTH_6ee394ecbc6c45c58342c843d166e22e/tempest-TestContainer-347152847?&limit=9999&format=json 0.018s[00m
2019-11-08 12:08:55.109 9934 WARNING tempest.lib.common.ssh [-] Failed to establish authenticated ssh connection to ubuntu@10.13.3.146 ([Errno None] Unable to connect to port 22 on 10.13.3.146). Number attempts: 1. Retry after 2 seconds.: paramiko.ssh_exception.NoValidConnectionsError: [Errno None] Unable to connect to port 22 on 10.13.3.146[00m
2019-11-08 12:08:56.008 9937 INFO tempest.lib.common.rest_client [txf9d578cf2980469387a7f-005dc55ad7 ] Request (ContainerTest:tearDown): 204 DELETE http://10.13.3.228:8080/v1/AUTH_6ee394ecbc6c45c58342c843d166e22e/tempest-TestContainer-347152847 0.029s[00m
{1} tempest.api.object_storage.test_container_services.ContainerTest.test_create_container [2.110756s] ... ok
2019-11-08 12:08:56.035 9937 INFO tempest.lib.common.rest_client [tx9ff0f2056e1d4441a90d9-005dc55ad8 ] Request (ContainerTest:test_list_container_contents): 201 PUT http://10.13.3.228:8080/v1/AUTH_6ee394ecbc6c45c58342c843d166e22e/tempest-TestContainer-1531115879 0.025s[00m
2019-11-08 12:08:56.081 9937 INFO tempest.lib.common.rest_client [txe8740fc2815c43d4b6050-005dc55ad8 ] Request (ContainerTest:test_list_container_contents): 201 PUT http://10.13.3.228:8080/v1/AUTH_6ee394ecbc6c45c58342c843d166e22e/tempest-TestContainer-1531115879/tempest-TestObject-1600771642 0.043s[00m
2019-11-08 12:08:56.099 9937 INFO tempest.lib.common.rest_client [txc8d4536549b242e3a6bed-005dc55ad8 ] Request (ContainerTest:test_list_container_contents): 200 GET http://10.13.3.228:8080/v1/AUTH_6ee394ecbc6c45c58342c843d166e22e/tempest-TestContainer-1531115879 0.017s[00m
2019-11-08 12:08:56.142 9937 INFO tempest.lib.common.rest_client [txa314017997254d8fba293-005dc55ad8 ] Request (ContainerTest:tearDown): 404 GET http://10.13.3.228:8080/v1/AUTH_6ee394ecbc6c45c58342c843d166e22e/tempest-TestContainer-347152847?&limit=9999&format=json 0.043s[00m
2019-11-08 12:08:56.161 9937 INFO tempest.lib.common.rest_client [tx3a7606e96ae5481fb1f19-005dc55ad8 ] Request (ContainerTest:tearDown): 200 GET http://10.13.3.228:8080/v1/AUTH_6ee394ecbc6c45c58342c843d166e22e/tempest-TestContainer-1531115879?&limit=9999&format=json 0.018s[00m
2019-11-08 12:08:56.179 9937 INFO tempest.lib.common.rest_client [tx1dcc2de28e5544408404b-005dc55ad8 ] Request (ContainerTest:tearDown): 204 DELETE http://10.13.3.228:8080/v1/AUTH_6ee394ecbc6c45c58342c843d166e22e/tempest-TestContainer-1531115879/tempest-TestObject-1600771642 0.018s[00m
2019-11-08 12:08:57.612 9934 WARNING tempest.lib.common.ssh [-] Failed to establish authenticated ssh connection to ubuntu@10.13.3.146 ([Errno None] Unable to connect to port 22 on 10.13.3.146). Number attempts: 2. Retry after 3 seconds.: paramiko.ssh_exception.NoValidConnectionsError: [Errno None] Unable to connect to port 22 on 10.13.3.146[00m
2019-11-08 12:08:58.211 9937 INFO tempest.lib.common.rest_client [tx7b2f8e7790f44a1e82d30-005dc55ada ] Request (ContainerTest:tearDown): 204 DELETE http://10.13.3.228:8080/v1/AUTH_6ee394ecbc6c45c58342c843d166e22e/tempest-TestContainer-1531115879 0.028s[00m
{1} tempest.api.object_storage.test_container_services.ContainerTest.test_list_container_contents [2.201861s] ... ok
2019-11-08 12:08:58.235 9937 INFO tempest.lib.common.rest_client [tx05625f9f06284f84a9ff4-005dc55ada ] Request (ContainerTest:test_list_container_metadata): 201 PUT http://10.13.3.228:8080/v1/AUTH_6ee394ecbc6c45c58342c843d166e22e/tempest-TestContainer-2059207742 0.023s[00m
2019-11-08 12:08:58.251 9937 INFO tempest.lib.common.rest_client [txab8b84c104df4df8b4dd1-005dc55ada ] Request (ContainerTest:test_list_container_metadata): 204 POST http://10.13.3.228:8080/v1/AUTH_6ee394ecbc6c45c58342c843d166e22e/tempest-TestContainer-2059207742 0.015s[00m
2019-11-08 12:08:58.262 9937 INFO tempest.lib.common.rest_client [tx3d28d77e10e842c0a3562-005dc55ada ] Request (ContainerTest:test_list_container_metadata): 204 HEAD http://10.13.3.228:8080/v1/AUTH_6ee394ecbc6c45c58342c843d166e22e/tempest-TestContainer-2059207742 0.010s[00m
2019-11-08 12:08:58.288 9937 INFO tempest.lib.common.rest_client [tx6c8042c9483f444290c60-005dc55ada ] Request (ContainerTest:tearDown): 404 GET http://10.13.3.228:8080/v1/AUTH_6ee394ecbc6c45c58342c843d166e22e/tempest-TestContainer-347152847?&limit=9999&format=json 0.024s[00m
2019-11-08 12:08:58.331 9937 INFO tempest.lib.common.rest_client [tx54a87244a2b144cd99dfd-005dc55ada ] Request (ContainerTest:tearDown): 404 GET http://10.13.3.228:8080/v1/AUTH_6ee394ecbc6c45c58342c843d166e22e/tempest-TestContainer-1531115879?&limit=9999&format=json 0.042s[00m
2019-11-08 12:08:58.343 9937 INFO tempest.lib.common.rest_client [tx48ad207ad93b4fee82269-005dc55ada ] Request (ContainerTest:tearDown): 200 GET http://10.13.3.228:8080/v1/AUTH_6ee394ecbc6c45c58342c843d166e22e/tempest-TestContainer-2059207742?&limit=9999&format=json 0.011s[00m
2019-11-08 12:09:00.386 9937 INFO tempest.lib.common.rest_client [tx18b0842256dd49598f218-005dc55adc ] Request (ContainerTest:tearDown): 204 DELETE http://10.13.3.228:8080/v1/AUTH_6ee394ecbc6c45c58342c843d166e22e/tempest-TestContainer-2059207742 0.031s[00m
{1} tempest.api.object_storage.test_container_services.ContainerTest.test_list_container_metadata [2.176301s] ... ok
2019-11-08 12:09:00.453 9937 INFO tempest.lib.common.rest_client [req-1b01fd02-c3cf-405f-a25a-48818780a797 ] Request (ContainerTest:tearDownClass): 204 DELETE http://10.13.3.247:35357/v3/users/0ac56c0c7c7d42e6a15cd0113a42ad2a 0.064s[00m
2019-11-08 12:09:00.724 9937 INFO tempest.lib.common.rest_client [req-54519d0d-fb7e-4544-bed0-272bf4d4edc0 ] Request (ContainerTest:tearDownClass): 201 POST http://10.13.3.247:5000/v3/auth/tokens 0.266s[00m
2019-11-08 12:09:00.850 9937 INFO tempest.lib.common.rest_client [req-d4b163fd-a0ea-4446-911e-3bb152afea6f ] Request (ContainerTest:tearDownClass): 200 GET http://10.13.3.208:9696/v2.0/security-groups?tenant_id=6ee394ecbc6c45c58342c843d166e22e&name=default 0.125s[00m
2019-11-08 12:09:00.938 9937 INFO tempest.lib.common.rest_client [req-95e0e57d-e5b0-4919-8fd9-c4fcf8d6392a ] Request (ContainerTest:tearDownClass): 204 DELETE http://10.13.3.208:9696/v2.0/security-groups/99820189-ed67-4fdf-a5af-dec0cda7f395 0.087s[00m
2019-11-08 12:09:00.999 9937 INFO tempest.lib.common.rest_client [req-46097119-fb49-4aaa-beee-197dd187040a ] Request (ContainerTest:tearDownClass): 204 DELETE http://10.13.3.247:35357/v3/projects/6ee394ecbc6c45c58342c843d166e22e 0.060s[00m
2019-11-08 12:09:01.152 9934 INFO paramiko.transport [-] Connected (version 2.0, client OpenSSH_7.2p2)[00m
2019-11-08 12:09:01.259 9934 INFO paramiko.transport [-] Authentication (publickey) successful![00m
2019-11-08 12:09:01.260 9937 INFO tempest.lib.common.rest_client [req-0be1117c-d283-4deb-8c66-a42faa309b37 ] Request (ObjectTest:setUpClass): 201 POST http://10.13.3.247:5000/v3/auth/tokens 0.258s[00m
2019-11-08 12:09:01.262 9934 INFO tempest.lib.common.ssh [-] ssh connection to ubuntu@10.13.3.146 successfully created[00m
2019-11-08 12:09:01.262 9934 INFO tempest.lib.common.ssh [-] Creating ssh connection to '10.13.3.146:22' as 'ubuntu' with public key authentication[00m
2019-11-08 12:09:01.294 9934 INFO paramiko.transport [-] Connected (version 2.0, client OpenSSH_7.2p2)[00m
2019-11-08 12:09:01.398 9934 INFO paramiko.transport [-] Authentication (publickey) successful![00m
2019-11-08 12:09:01.401 9934 INFO tempest.lib.common.ssh [-] ssh connection to ubuntu@10.13.3.146 successfully created[00m
2019-11-08 12:09:01.509 9937 INFO tempest.lib.common.rest_client [req-126088c0-4f33-4b7b-a2ec-591a29795ed6 ] Request (ObjectTest:setUpClass): 201 POST http://10.13.3.247:5000/v3/auth/tokens 0.245s[00m
2019-11-08 12:09:01.531 9937 INFO tempest.lib.common.rest_client [req-194f8a5d-d2e0-46a2-bcd9-c2f808b10e3f ] Request (ObjectTest:setUpClass): 200 GET http://10.13.3.247:35357/v3/domains?name=admin_domain 0.020s[00m
2019-11-08 12:09:01.553 9937 INFO tempest.lib.common.rest_client [req-9c13057e-7f57-4d5c-b843-ed2d81c2e28e ] Request (ObjectTest:setUpClass): 201 POST http://10.13.3.247:35357/v3/projects 0.021s[00m
2019-11-08 12:09:01.795 9937 INFO tempest.lib.common.rest_client [req-3008bcbb-4a39-4015-baa8-e886d44a9a49 ] Request (ObjectTest:setUpClass): 201 POST http://10.13.3.247:35357/v3/users 0.241s[00m
2019-11-08 12:09:01.817 9937 INFO tempest.lib.common.rest_client [req-47a4149c-91e1-4676-9b98-9f47fd8ba695 ] Request (ObjectTest:setUpClass): 200 GET http://10.13.3.247:35357/v3/roles 0.021s[00m
2019-11-08 12:09:01.848 9937 INFO tempest.lib.common.rest_client [req-8d900e77-cfce-4af0-9757-a425dad526b3 ] Request (ObjectTest:setUpClass): 204 PUT http://10.13.3.247:35357/v3/projects/49c9ae3ae28f43c6a93a286e00c437c1/users/b3f8da17d2bb4473bfd09b2e055b5039/roles/75374839941742ecb0fde1316a1b03f6 0.031s[00m
2019-11-08 12:09:01.849 9937 INFO tempest.lib.common.dynamic_creds [-] Acquired dynamic creds:
 credentials: Credentials: {'domain_id': 'fe20d1c634b84043a1a0d2603de142ca', 'domain_name': 'admin_domain', 'username': 'tempest-ObjectTest-1695765735', 'project_domain_id': 'fe20d1c634b84043a1a0d2603de142ca', 'project_domain_name': 'admin_domain', 'project_id': '49c9ae3ae28f43c6a93a286e00c437c1', 'project_name': 'tempest-ObjectTest-1695765735', 'tenant_id': '49c9ae3ae28f43c6a93a286e00c437c1', 'tenant_name': 'tempest-ObjectTest-1695765735', 'user_domain_id': 'fe20d1c634b84043a1a0d2603de142ca', 'user_domain_name': 'admin_domain', 'user_id': 'b3f8da17d2bb4473bfd09b2e055b5039'}, Network: None, Subnet: None, Router: None[00m
2019-11-08 12:09:01.849 9937 INFO tempest.lib.common.dynamic_creds [-] Created isolated network resources for:
 credentials: Credentials: {'domain_id': 'fe20d1c634b84043a1a0d2603de142ca', 'domain_name': 'admin_domain', 'username': 'tempest-ObjectTest-1695765735', 'project_domain_id': 'fe20d1c634b84043a1a0d2603de142ca', 'project_domain_name': 'admin_domain', 'project_id': '49c9ae3ae28f43c6a93a286e00c437c1', 'project_name': 'tempest-ObjectTest-1695765735', 'tenant_id': '49c9ae3ae28f43c6a93a286e00c437c1', 'tenant_name': 'tempest-ObjectTest-1695765735', 'user_domain_id': 'fe20d1c634b84043a1a0d2603de142ca', 'user_domain_name': 'admin_domain', 'user_id': 'b3f8da17d2bb4473bfd09b2e055b5039'}, Network: None, Subnet: None, Router: None[00m
2019-11-08 12:09:01.972 9934 INFO tempest.lib.common.ssh [-] Creating ssh connection to '10.13.3.146:22' as 'ubuntu' with public key authentication[00m
2019-11-08 12:09:01.983 9934 INFO paramiko.transport [-] Connected (version 2.0, client OpenSSH_7.2p2)[00m
2019-11-08 12:09:02.092 9934 INFO paramiko.transport [-] Authentication (publickey) successful![00m
2019-11-08 12:09:02.093 9934 INFO tempest.lib.common.ssh [-] ssh connection to ubuntu@10.13.3.146 successfully created[00m
2019-11-08 12:09:02.136 9937 INFO tempest.lib.common.rest_client [req-c7dd3364-fb45-4137-9b87-37a1e75632b3 ] Request (ObjectTest:setUpClass): 201 POST http://10.13.3.247:5000/v3/auth/tokens 0.277s[00m
2019-11-08 12:09:02.373 9937 INFO tempest.lib.common.rest_client [req-d8fd386e-f62b-4916-826b-149856e3d90d ] Request (ObjectTest:setUpClass): 201 POST http://10.13.3.247:5000/v3/auth/tokens 0.236s[00m
2019-11-08 12:09:02.433 9937 INFO tempest.lib.common.rest_client [tx4b86a2c4f5b04891ac627-005dc55ade ] Request (ObjectTest:setUpClass): 200 GET http://10.13.3.228:8080/info 0.056s[00m
2019-11-08 12:09:02.496 9937 INFO tempest.lib.common.rest_client [txb4f0809c55324082932c3-005dc55ade ] Request (ObjectTest:setUpClass): 201 PUT http://10.13.3.228:8080/v1/AUTH_49c9ae3ae28f43c6a93a286e00c437c1/tempest-TestContainer-1931490969 0.051s[00m
2019-11-08 12:09:02.526 9937 INFO tempest.lib.common.rest_client [tx3a94da25bf2e458da44f0-005dc55ade ] Request (ObjectTest:test_create_object): 201 PUT http://10.13.3.228:8080/v1/AUTH_49c9ae3ae28f43c6a93a286e00c437c1/tempest-TestContainer-1931490969/tempest-TestObject-1385180494 0.027s[00m
2019-11-08 12:09:02.573 9937 INFO tempest.lib.common.rest_client [tx7cc3313ea28346cab31d9-005dc55ade ] Request (ObjectTest:test_create_object): 201 PUT http://10.13.3.228:8080/v1/AUTH_49c9ae3ae28f43c6a93a286e00c437c1/tempest-TestContainer-1931490969/tempest-TestObject-1695009902 0.034s[00m
2019-11-08 12:09:02.588 9937 INFO tempest.lib.common.rest_client [tx0490ff2bba714474a96f2-005dc55ade ] Request (ObjectTest:test_create_object): 200 GET http://10.13.3.228:8080/v1/AUTH_49c9ae3ae28f43c6a93a286e00c437c1/tempest-TestContainer-1931490969/tempest-TestObject-1695009902 0.014s[00m
{1} tempest.api.object_storage.test_object_services.ObjectTest.test_create_object [0.092145s] ... ok
2019-11-08 12:09:02.613 9937 INFO tempest.lib.common.rest_client [tx71aa305135634e6c89197-005dc55ade ] Request (ObjectTest:test_get_object): 201 PUT http://10.13.3.228:8080/v1/AUTH_49c9ae3ae28f43c6a93a286e00c437c1/tempest-TestContainer-1931490969/tempest-TestObject-1898580415 0.021s[00m
2019-11-08 12:09:02.623 9937 INFO tempest.lib.common.rest_client [tx10d287deb4a646b8b80e0-005dc55ade ] Request (ObjectTest:test_get_object): 200 GET http://10.13.3.228:8080/v1/AUTH_49c9ae3ae28f43c6a93a286e00c437c1/tempest-TestContainer-1931490969/tempest-TestObject-1898580415 0.008s[00m
{1} tempest.api.object_storage.test_object_services.ObjectTest.test_get_object [0.036141s] ... ok
2019-11-08 12:09:02.648 9937 INFO tempest.lib.common.rest_client [tx803eb47637da459fb2e57-005dc55ade ] Request (ObjectTest:test_list_object_metadata): 201 PUT http://10.13.3.228:8080/v1/AUTH_49c9ae3ae28f43c6a93a286e00c437c1/tempest-TestContainer-1931490969/tempest-TestObject-2015060787 0.020s[00m
2019-11-08 12:09:02.660 9937 INFO tempest.lib.common.rest_client [tx86f59218d05b4e059fb7b-005dc55ade ] Request (ObjectTest:test_list_object_metadata): 200 HEAD http://10.13.3.228:8080/v1/AUTH_49c9ae3ae28f43c6a93a286e00c437c1/tempest-TestContainer-1931490969/tempest-TestObject-2015060787 0.011s[00m
{1} tempest.api.object_storage.test_object_services.ObjectTest.test_list_object_metadata [0.034770s] ... ok
2019-11-08 12:09:02.685 9937 INFO tempest.lib.common.rest_client [tx681a40a565344918b7438-005dc55ade ] Request (ObjectTest:test_update_object_metadata): 201 PUT http://10.13.3.228:8080/v1/AUTH_49c9ae3ae28f43c6a93a286e00c437c1/tempest-TestContainer-1931490969/tempest-TestObject-166290177 0.022s[00m
2019-11-08 12:09:02.704 9937 INFO tempest.lib.common.rest_client [tx1b3673f87b774208b5b4b-005dc55ade ] Request (ObjectTest:test_update_object_metadata): 202 POST http://10.13.3.228:8080/v1/AUTH_49c9ae3ae28f43c6a93a286e00c437c1/tempest-TestContainer-1931490969/tempest-TestObject-166290177 0.017s[00m
2019-11-08 12:09:02.717 9937 INFO tempest.lib.common.rest_client [tx743c8743cf9d4e67ba1aa-005dc55ade ] Request (ObjectTest:test_update_object_metadata): 200 HEAD http://10.13.3.228:8080/v1/AUTH_49c9ae3ae28f43c6a93a286e00c437c1/tempest-TestContainer-1931490969/tempest-TestObject-166290177 0.013s[00m
{1} tempest.api.object_storage.test_object_services.ObjectTest.test_update_object_metadata [0.056973s] ... ok
2019-11-08 12:09:02.737 9937 INFO tempest.lib.common.rest_client [tx5b61fdde02b94ad4a3cef-005dc55ade ] Request (ObjectTest:tearDownClass): 200 GET http://10.13.3.228:8080/v1/AUTH_49c9ae3ae28f43c6a93a286e00c437c1/tempest-TestContainer-1931490969?&limit=9999&format=json 0.018s[00m
2019-11-08 12:09:02.746 9934 INFO tempest.lib.common.rest_client [req-ebefeba6-b0eb-4102-9dcc-84eb9227f66e ] Request (TestServerBasicOps:test_server_basic_ops): 200 GET http://10.13.3.254:8774/v2.1/servers/f664bf50-2716-4b91-9485-67eaef9fc9bb/os-server-password 0.046s[00m
2019-11-08 12:09:02.747 9934 INFO tempest.lib.common.ssh [-] Creating ssh connection to '10.13.3.146:22' as 'ubuntu' with public key authentication[00m
2019-11-08 12:09:02.757 9937 INFO tempest.lib.common.rest_client [txb1a303c1234848408f799-005dc55ade ] Request (ObjectTest:tearDownClass): 204 DELETE http://10.13.3.228:8080/v1/AUTH_49c9ae3ae28f43c6a93a286e00c437c1/tempest-TestContainer-1931490969/tempest-TestObject-1385180494 0.020s[00m
2019-11-08 12:09:02.764 9934 INFO paramiko.transport [-] Connected (version 2.0, client OpenSSH_7.2p2)[00m
2019-11-08 12:09:02.785 9937 INFO tempest.lib.common.rest_client [tx3f73e8ac7c77467191827-005dc55ade ] Request (ObjectTest:tearDownClass): 204 DELETE http://10.13.3.228:8080/v1/AUTH_49c9ae3ae28f43c6a93a286e00c437c1/tempest-TestContainer-1931490969/tempest-TestObject-166290177 0.026s[00m
2019-11-08 12:09:02.814 9937 INFO tempest.lib.common.rest_client [tx1b847bb5b56d4b72a23c8-005dc55ade ] Request (ObjectTest:tearDownClass): 204 DELETE http://10.13.3.228:8080/v1/AUTH_49c9ae3ae28f43c6a93a286e00c437c1/tempest-TestContainer-1931490969/tempest-TestObject-1695009902 0.028s[00m
2019-11-08 12:09:02.836 9937 INFO tempest.lib.common.rest_client [txfbaa6a25d44a413c8df00-005dc55ade ] Request (ObjectTest:tearDownClass): 204 DELETE http://10.13.3.228:8080/v1/AUTH_49c9ae3ae28f43c6a93a286e00c437c1/tempest-TestContainer-1931490969/tempest-TestObject-1898580415 0.018s[00m
2019-11-08 12:09:02.855 9937 INFO tempest.lib.common.rest_client [txf1d6d2c56dbd44c18d323-005dc55ade ] Request (ObjectTest:tearDownClass): 204 DELETE http://10.13.3.228:8080/v1/AUTH_49c9ae3ae28f43c6a93a286e00c437c1/tempest-TestContainer-1931490969/tempest-TestObject-2015060787 0.017s[00m
2019-11-08 12:09:02.857 9934 INFO paramiko.transport [-] Authentication (publickey) successful![00m
2019-11-08 12:09:02.858 9934 INFO tempest.lib.common.ssh [-] ssh connection to ubuntu@10.13.3.146 successfully created[00m
2019-11-08 12:09:03.030 9934 INFO tempest.lib.common.ssh [-] Creating ssh connection to '10.13.3.146:22' as 'ubuntu' with public key authentication[00m
2019-11-08 12:09:03.037 9934 INFO paramiko.transport [-] Connected (version 2.0, client OpenSSH_7.2p2)[00m
2019-11-08 12:09:03.128 9934 INFO paramiko.transport [-] Authentication (publickey) successful![00m
2019-11-08 12:09:03.131 9934 INFO tempest.lib.common.ssh [-] ssh connection to ubuntu@10.13.3.146 successfully created[00m
2019-11-08 12:09:03.429 9934 INFO tempest.lib.common.ssh [-] Creating ssh connection to '10.13.3.146:22' as 'ubuntu' with public key authentication[00m
2019-11-08 12:09:03.444 9934 INFO paramiko.transport [-] Connected (version 2.0, client OpenSSH_7.2p2)[00m
2019-11-08 12:09:03.543 9934 INFO paramiko.transport [-] Authentication (publickey) successful![00m
2019-11-08 12:09:03.544 9934 INFO tempest.lib.common.ssh [-] ssh connection to ubuntu@10.13.3.146 successfully created[00m
2019-11-08 12:09:03.765 9934 INFO tempest.lib.common.ssh [-] Creating ssh connection to '10.13.3.146:22' as 'ubuntu' with public key authentication[00m
2019-11-08 12:09:03.783 9934 INFO paramiko.transport [-] Connected (version 2.0, client OpenSSH_7.2p2)[00m
2019-11-08 12:09:03.890 9934 INFO paramiko.transport [-] Authentication (publickey) successful![00m
2019-11-08 12:09:03.892 9934 INFO tempest.lib.common.ssh [-] ssh connection to ubuntu@10.13.3.146 successfully created[00m
2019-11-08 12:09:04.154 9934 INFO tempest.lib.common.ssh [-] Creating ssh connection to '10.13.3.146:22' as 'ubuntu' with public key authentication[00m
2019-11-08 12:09:04.165 9934 INFO paramiko.transport [-] Connected (version 2.0, client OpenSSH_7.2p2)[00m
2019-11-08 12:09:04.267 9934 INFO paramiko.transport [-] Authentication (publickey) successful![00m
2019-11-08 12:09:04.268 9934 INFO tempest.lib.common.ssh [-] ssh connection to ubuntu@10.13.3.146 successfully created[00m
2019-11-08 12:09:04.560 9934 INFO tempest.lib.common.ssh [-] Creating ssh connection to '10.13.3.146:22' as 'ubuntu' with public key authentication[00m
2019-11-08 12:09:04.570 9934 INFO paramiko.transport [-] Connected (version 2.0, client OpenSSH_7.2p2)[00m
2019-11-08 12:09:04.673 9934 INFO paramiko.transport [-] Authentication (publickey) successful![00m
2019-11-08 12:09:04.675 9934 INFO tempest.lib.common.ssh [-] ssh connection to ubuntu@10.13.3.146 successfully created[00m
2019-11-08 12:09:04.888 9937 INFO tempest.lib.common.rest_client [tx404d830b602b41059beae-005dc55ae0 ] Request (ObjectTest:tearDownClass): 204 DELETE http://10.13.3.228:8080/v1/AUTH_49c9ae3ae28f43c6a93a286e00c437c1/tempest-TestContainer-1931490969 0.029s[00m
2019-11-08 12:09:04.953 9937 INFO tempest.lib.common.rest_client [req-a6e20fb5-6322-4ebd-a857-7db2d926f45c ] Request (ObjectTest:tearDownClass): 204 DELETE http://10.13.3.247:35357/v3/users/b3f8da17d2bb4473bfd09b2e055b5039 0.063s[00m
2019-11-08 12:09:04.965 9934 INFO tempest.lib.common.ssh [-] Creating ssh connection to '10.13.3.146:22' as 'ubuntu' with public key authentication[00m
2019-11-08 12:09:04.978 9934 INFO paramiko.transport [-] Connected (version 2.0, client OpenSSH_7.2p2)[00m
2019-11-08 12:09:05.112 9934 INFO paramiko.transport [-] Authentication (publickey) successful![00m
2019-11-08 12:09:05.113 9934 INFO tempest.lib.common.ssh [-] ssh connection to ubuntu@10.13.3.146 successfully created[00m
2019-11-08 12:09:05.217 9937 INFO tempest.lib.common.rest_client [req-8c6a84cf-a77f-422a-b10a-77b54c97067c ] Request (ObjectTest:tearDownClass): 201 POST http://10.13.3.247:5000/v3/auth/tokens 0.259s[00m
2019-11-08 12:09:05.343 9937 INFO tempest.lib.common.rest_client [req-7a2cd5f4-00f3-4334-baa5-04119c393a70 ] Request (ObjectTest:tearDownClass): 200 GET http://10.13.3.208:9696/v2.0/security-groups?tenant_id=49c9ae3ae28f43c6a93a286e00c437c1&name=default 0.125s[00m
2019-11-08 12:09:05.372 9934 INFO tempest.lib.common.ssh [-] Creating ssh connection to '10.13.3.146:22' as 'ubuntu' with public key authentication[00m
2019-11-08 12:09:05.389 9934 INFO paramiko.transport [-] Connected (version 2.0, client OpenSSH_7.2p2)[00m
2019-11-08 12:09:05.424 9937 INFO tempest.lib.common.rest_client [req-e3b9e1b4-129e-4a74-8f37-7a8e93619f69 ] Request (ObjectTest:tearDownClass): 204 DELETE http://10.13.3.208:9696/v2.0/security-groups/600a71cb-1889-4ad5-a5e1-5531e0fc1bfb 0.080s[00m
2019-11-08 12:09:05.501 9937 INFO tempest.lib.common.rest_client [req-17935002-8fe2-4467-b7b7-41c88d3f4b1c ] Request (ObjectTest:tearDownClass): 204 DELETE http://10.13.3.247:35357/v3/projects/49c9ae3ae28f43c6a93a286e00c437c1 0.076s[00m
2019-11-08 12:09:05.502 9937 INFO tempest.test [-] <class 'unittest.case.SkipTest'> raised in VolumesActionsTest.setUpClass. Invoking tearDownClass.[00m
{1} setUpClass (tempest.api.volume.test_volumes_actions.VolumesActionsTest) ... SKIPPED: VolumesActionsTest skipped as Cinder is not available
2019-11-08 12:09:05.511 9937 INFO tempest.test [-] <class 'unittest.case.SkipTest'> raised in VolumesListTestJSON.setUpClass. Invoking tearDownClass.[00m
{1} setUpClass (tempest.api.volume.test_volumes_list.VolumesListTestJSON) ... SKIPPED: VolumesListTestJSON skipped as Cinder is not available
2019-11-08 12:09:05.513 9934 INFO paramiko.transport [-] Authentication (publickey) successful![00m
2019-11-08 12:09:05.513 9934 INFO tempest.lib.common.ssh [-] ssh connection to ubuntu@10.13.3.146 successfully created[00m
2019-11-08 12:09:05.784 9937 INFO tempest.lib.common.rest_client [req-39a8a492-c46d-438d-8fd8-d9faff3787bb ] Request (TestServerMultinode:setUpClass): 201 POST http://10.13.3.247:5000/v3/auth/tokens 0.267s[00m
2019-11-08 12:09:05.904 9934 INFO tempest.lib.common.rest_client [req-1426c408-9112-4a42-a513-3e01492f2f80 ] Request (TestServerBasicOps:test_server_basic_ops): 204 DELETE http://10.13.3.254:8774/v2.1/servers/f664bf50-2716-4b91-9485-67eaef9fc9bb 0.113s[00m
2019-11-08 12:09:06.029 9934 INFO tempest.lib.common.rest_client [req-2eeb8615-ffc6-418c-a656-fe090985c8e0 ] Request (TestServerBasicOps:test_server_basic_ops): 200 GET http://10.13.3.254:8774/v2.1/servers/f664bf50-2716-4b91-9485-67eaef9fc9bb 0.124s[00m
2019-11-08 12:09:06.073 9937 INFO tempest.lib.common.rest_client [req-4ed68cc9-90a2-4c16-ab35-846644b46d30 ] Request (TestServerMultinode:setUpClass): 201 POST http://10.13.3.247:5000/v3/auth/tokens 0.285s[00m
2019-11-08 12:09:06.091 9937 INFO tempest.lib.common.rest_client [req-f95c0cfb-214c-4548-9a91-df639f4edaa0 ] Request (TestServerMultinode:setUpClass): 200 GET http://10.13.3.247:35357/v3/domains?name=admin_domain 0.017s[00m
2019-11-08 12:09:06.113 9937 INFO tempest.lib.common.rest_client [req-601d8fd8-2341-4ba2-ba14-bab859c13ef1 ] Request (TestServerMultinode:setUpClass): 201 POST http://10.13.3.247:35357/v3/projects 0.021s[00m
2019-11-08 12:09:06.357 9937 INFO tempest.lib.common.rest_client [req-ff53eb9a-125f-43b2-a8ea-6397d3f1a021 ] Request (TestServerMultinode:setUpClass): 201 POST http://10.13.3.247:35357/v3/users 0.244s[00m
2019-11-08 12:09:06.374 9937 INFO tempest.lib.common.rest_client [req-041abfa7-df6b-4011-84c8-3a27a131b1c4 ] Request (TestServerMultinode:setUpClass): 200 GET http://10.13.3.247:35357/v3/roles 0.016s[00m
2019-11-08 12:09:06.409 9937 INFO tempest.lib.common.rest_client [req-d3dc9cb8-d739-43d0-a64f-55deb189935e ] Request (TestServerMultinode:setUpClass): 200 GET http://10.13.3.247:35357/v3/roles 0.029s[00m
2019-11-08 12:09:06.443 9937 INFO tempest.lib.common.rest_client [req-0dd98db0-4224-48bb-9afe-e4e34ab24859 ] Request (TestServerMultinode:setUpClass): 204 PUT http://10.13.3.247:35357/v3/projects/13aa2cc78a52463f8365f04b277c1cb9/users/8cdfb9b50bb944e1844f3a0fb30adb8d/roles/75374839941742ecb0fde1316a1b03f6 0.028s[00m
2019-11-08 12:09:06.445 9937 INFO tempest.lib.common.dynamic_creds [-] Acquired dynamic creds:
 credentials: Credentials: {'domain_id': 'fe20d1c634b84043a1a0d2603de142ca', 'domain_name': 'admin_domain', 'username': 'tempest-TestServerMultinode-426634352', 'project_domain_id': 'fe20d1c634b84043a1a0d2603de142ca', 'project_domain_name': 'admin_domain', 'project_id': '13aa2cc78a52463f8365f04b277c1cb9', 'project_name': 'tempest-TestServerMultinode-426634352', 'tenant_id': '13aa2cc78a52463f8365f04b277c1cb9', 'tenant_name': 'tempest-TestServerMultinode-426634352', 'user_domain_id': 'fe20d1c634b84043a1a0d2603de142ca', 'user_domain_name': 'admin_domain', 'user_id': '8cdfb9b50bb944e1844f3a0fb30adb8d'}, Network: None, Subnet: None, Router: None[00m
2019-11-08 12:09:06.707 9937 INFO tempest.lib.common.rest_client [req-73799c0d-2f23-43ba-9000-7c34a6af5c47 ] Request (TestServerMultinode:setUpClass): 201 POST http://10.13.3.247:5000/v3/auth/tokens 0.259s[00m
2019-11-08 12:09:07.080 9937 INFO tempest.lib.common.rest_client [req-9c7df00f-35d8-491f-90ec-55beb9dc8f0b ] Request (TestServerMultinode:setUpClass): 201 POST http://10.13.3.208:9696/v2.0/networks 0.372s[00m
