2019-11-07 16:27:49.410 15658 INFO tempest.lib.common.rest_client [tx65b0a304ac8d4755acd5d-005dc44605 ] Request (AccountTest:tearDownClass): 200 GET http://10.13.3.194:8080/v1/AUTH_42bf42cde0f54862b55fa2e9fae0537f/tempest-b'c'--1030776339?&limit=9999&format=json 0.017s[00m
2019-11-07 16:27:49.529 15661 INFO tempest.lib.common.rest_client [req-c7696021-e593-4e27-b14c-a5a3b1f27e00 ] Request (FloatingIPTestJSON:tearDownClass): 204 DELETE http://10.13.3.244:9696/v2.0/routers/a8b91f27-0e25-46a0-a4c7-d68d33e944c3 0.989s[00m
2019-11-07 16:27:49.992 15661 INFO tempest.lib.common.rest_client [req-295bcf06-f82c-4810-8442-746cec217355 ] Request (FloatingIPTestJSON:tearDownClass): 204 DELETE http://10.13.3.244:9696/v2.0/subnets/0a3c8e4e-0017-498d-8e21-484c2afe9de6 0.463s[00m
2019-11-07 16:27:50.563 15661 INFO tempest.lib.common.rest_client [req-f219a68d-e662-4d56-a152-42b2b4217f8a ] Request (FloatingIPTestJSON:tearDownClass): 204 DELETE http://10.13.3.244:9696/v2.0/networks/7f9f9d1e-21cb-414e-8fac-696bfa605399 0.570s[00m
2019-11-07 16:27:50.643 15661 INFO tempest.lib.common.rest_client [req-625c7eae-e22f-432b-a0b5-fe11f42f9ad5 ] Request (FloatingIPTestJSON:tearDownClass): 204 DELETE http://10.13.3.235:35357/v3/users/f668d208c1134ecdb005c1dbd113b0c6 0.080s[00m
2019-11-07 16:27:50.933 15661 INFO tempest.lib.common.rest_client [req-5d02ae91-09ca-4079-83ff-468bf5084339 ] Request (FloatingIPTestJSON:tearDownClass): 201 POST http://10.13.3.235:5000/v3/auth/tokens 0.289s[00m
2019-11-07 16:27:51.021 15661 INFO tempest.lib.common.rest_client [req-a451fbfa-b87f-44bc-bbab-92e7d34dfb09 ] Request (FloatingIPTestJSON:tearDownClass): 200 GET http://10.13.3.244:9696/v2.0/security-groups?tenant_id=190d26a61acd452b9dc7c9e16be32645&name=default 0.087s[00m
2019-11-07 16:27:51.106 15661 INFO tempest.lib.common.rest_client [req-affc6965-4119-4b59-9a88-4d44e2bacc8c ] Request (FloatingIPTestJSON:tearDownClass): 204 DELETE http://10.13.3.244:9696/v2.0/security-groups/4e0626b7-5fed-4603-ab6e-75e30a42aa14 0.085s[00m
2019-11-07 16:27:51.181 15661 INFO tempest.lib.common.rest_client [req-781aaae7-69ae-4b57-b28d-d79ffeb9033e ] Request (FloatingIPTestJSON:tearDownClass): 204 DELETE http://10.13.3.235:35357/v3/projects/190d26a61acd452b9dc7c9e16be32645 0.074s[00m
2019-11-07 16:27:51.182 15661 INFO tempest.test [-] <class 'unittest.case.SkipTest'> raised in NetworksIpV6Test.setUpClass. Invoking tearDownClass.[00m
{1} setUpClass (tempest.api.network.test_networks.NetworksIpV6Test) ... SKIPPED: IPv6 Tests are disabled.
2019-11-07 16:27:51.435 15658 INFO tempest.lib.common.rest_client [txd516f3bbaa4244c3a2095-005dc44607 ] Request (AccountTest:tearDownClass): 204 DELETE http://10.13.3.194:8080/v1/AUTH_42bf42cde0f54862b55fa2e9fae0537f/tempest-b'c'--1030776339 0.025s[00m
2019-11-07 16:27:51.453 15658 INFO tempest.lib.common.rest_client [txf3e280bf283944b7a1de9-005dc44607 ] Request (AccountTest:tearDownClass): 200 GET http://10.13.3.194:8080/v1/AUTH_42bf42cde0f54862b55fa2e9fae0537f/tempest-b'b'--1191844153?&limit=9999&format=json 0.017s[00m
2019-11-07 16:27:51.458 15661 INFO tempest.lib.common.rest_client [req-3affb74d-e91b-41e0-b415-0406655a47ae ] Request (PortsTestJSON:setUpClass): 201 POST http://10.13.3.235:5000/v3/auth/tokens 0.274s[00m
2019-11-07 16:27:51.712 15661 INFO tempest.lib.common.rest_client [req-7704d649-2ce5-4b23-8cce-7b0a7ff70f15 ] Request (PortsTestJSON:setUpClass): 201 POST http://10.13.3.235:5000/v3/auth/tokens 0.250s[00m
2019-11-07 16:27:51.739 15661 INFO tempest.lib.common.rest_client [req-fe8728c2-ed48-4a5f-a5b6-1446f72137e9 ] Request (PortsTestJSON:setUpClass): 200 GET http://10.13.3.235:35357/v3/domains?name=admin_domain 0.026s[00m
2019-11-07 16:27:51.767 15661 INFO tempest.lib.common.rest_client [req-ab70fb8f-d9a6-4344-988f-6be2c4077d25 ] Request (PortsTestJSON:setUpClass): 201 POST http://10.13.3.235:35357/v3/projects 0.027s[00m
2019-11-07 16:27:52.021 15661 INFO tempest.lib.common.rest_client [req-0a8662c3-ddd6-4204-aab3-9a689f060c34 ] Request (PortsTestJSON:setUpClass): 201 POST http://10.13.3.235:35357/v3/users 0.253s[00m
2019-11-07 16:27:52.038 15661 INFO tempest.lib.common.rest_client [req-45a6e309-5f27-4bc2-abb4-78493aa84f4a ] Request (PortsTestJSON:setUpClass): 200 GET http://10.13.3.235:35357/v3/roles 0.017s[00m
2019-11-07 16:27:52.055 15661 INFO tempest.lib.common.rest_client [req-cf800daf-9270-4b4d-be6d-e17ed2f15c97 ] Request (PortsTestJSON:setUpClass): 200 GET http://10.13.3.235:35357/v3/roles 0.016s[00m
2019-11-07 16:27:52.088 15661 INFO tempest.lib.common.rest_client [req-36cdfe65-e3f2-4c9f-ae1a-07cd60f434cf ] Request (PortsTestJSON:setUpClass): 204 PUT http://10.13.3.235:35357/v3/projects/ca590ccf56ce42d39f0c0e1639afa274/users/a90c2bd63ad2405294ffa45142ed8d96/roles/9ef3e6a902144f4d827e1f50d701e81b 0.032s[00m
2019-11-07 16:27:52.089 15661 INFO tempest.lib.common.dynamic_creds [-] Acquired dynamic creds:
 credentials: Credentials: {'domain_id': 'db975505f8484124bc13da97388f48e6', 'domain_name': 'admin_domain', 'username': 'tempest-PortsTestJSON-1489619319', 'project_domain_id': 'db975505f8484124bc13da97388f48e6', 'project_domain_name': 'admin_domain', 'project_id': 'ca590ccf56ce42d39f0c0e1639afa274', 'project_name': 'tempest-PortsTestJSON-1489619319', 'tenant_id': 'ca590ccf56ce42d39f0c0e1639afa274', 'tenant_name': 'tempest-PortsTestJSON-1489619319', 'user_domain_id': 'db975505f8484124bc13da97388f48e6', 'user_domain_name': 'admin_domain', 'user_id': 'a90c2bd63ad2405294ffa45142ed8d96'}, Network: None, Subnet: None, Router: None[00m
2019-11-07 16:27:52.089 15661 INFO tempest.lib.common.dynamic_creds [-] Created isolated network resources for:
 credentials: Credentials: {'domain_id': 'db975505f8484124bc13da97388f48e6', 'domain_name': 'admin_domain', 'username': 'tempest-PortsTestJSON-1489619319', 'project_domain_id': 'db975505f8484124bc13da97388f48e6', 'project_domain_name': 'admin_domain', 'project_id': 'ca590ccf56ce42d39f0c0e1639afa274', 'project_name': 'tempest-PortsTestJSON-1489619319', 'tenant_id': 'ca590ccf56ce42d39f0c0e1639afa274', 'tenant_name': 'tempest-PortsTestJSON-1489619319', 'user_domain_id': 'db975505f8484124bc13da97388f48e6', 'user_domain_name': 'admin_domain', 'user_id': 'a90c2bd63ad2405294ffa45142ed8d96'}, Network: None, Subnet: None, Router: None[00m
2019-11-07 16:27:52.376 15661 INFO tempest.lib.common.rest_client [req-e8fbff66-f449-429c-bf71-8aa17338ce76 ] Request (PortsTestJSON:setUpClass): 201 POST http://10.13.3.235:5000/v3/auth/tokens 0.283s[00m
2019-11-07 16:27:52.649 15661 INFO tempest.lib.common.rest_client [req-44854ffe-5d2a-4982-a870-eaf874ae2c7c ] Request (PortsTestJSON:setUpClass): 201 POST http://10.13.3.244:9696/v2.0/networks 0.272s[00m
2019-11-07 16:27:53.034 15661 INFO tempest.lib.common.rest_client [req-73ee158f-4cd9-4015-b40f-00260f8627da ] Request (PortsTestJSON:setUpClass): 201 POST http://10.13.3.244:9696/v2.0/ports 0.384s[00m
2019-11-07 16:27:53.143 15661 INFO tempest.lib.common.rest_client [req-7215b969-8a12-48d5-9b90-30be8168ccca ] Request (PortsTestJSON:test_create_port_in_allowed_allocation_pools): 201 POST http://10.13.3.244:9696/v2.0/networks 0.108s[00m
2019-11-07 16:27:53.479 15658 INFO tempest.lib.common.rest_client [txd7cbecadf4744e99a9bd9-005dc44609 ] Request (AccountTest:tearDownClass): 204 DELETE http://10.13.3.194:8080/v1/AUTH_42bf42cde0f54862b55fa2e9fae0537f/tempest-b'b'--1191844153 0.025s[00m
2019-11-07 16:27:53.502 15658 INFO tempest.lib.common.rest_client [tx1201ca49cd944189b1d30-005dc44609 ] Request (AccountTest:tearDownClass): 200 GET http://10.13.3.194:8080/v1/AUTH_42bf42cde0f54862b55fa2e9fae0537f/tempest-b'a'--1642638074?&limit=9999&format=json 0.022s[00m
2019-11-07 16:27:53.657 15661 INFO tempest.lib.common.rest_client [req-6e106d3e-dfc4-4c45-bcad-5a4dd916ef48 ] Request (PortsTestJSON:test_create_port_in_allowed_allocation_pools): 201 POST http://10.13.3.244:9696/v2.0/subnets 0.513s[00m
2019-11-07 16:27:54.313 15661 INFO tempest.lib.common.rest_client [req-eadeb31b-fc1e-4b41-a221-ebcca6203b88 ] Request (PortsTestJSON:test_create_port_in_allowed_allocation_pools): 201 POST http://10.13.3.244:9696/v2.0/ports 0.656s[00m
2019-11-07 16:27:54.858 15661 INFO tempest.lib.common.rest_client [req-05d5aeac-7061-424d-b31e-da2edab0b325 ] Request (PortsTestJSON:test_create_port_in_allowed_allocation_pools): 204 DELETE http://10.13.3.244:9696/v2.0/ports/0ae2b654-86c1-49f9-8f75-50443096e855 0.543s[00m
2019-11-07 16:27:54.887 15661 INFO tempest.lib.common.rest_client [req-5d9bc6cb-e3fc-4b1d-840e-4b3293fd52c6 ] Request (PortsTestJSON:_run_cleanups): 404 DELETE http://10.13.3.244:9696/v2.0/ports/0ae2b654-86c1-49f9-8f75-50443096e855 0.029s[00m
2019-11-07 16:27:55.529 15658 INFO tempest.lib.common.rest_client [tx7f55795e72a7460388bac-005dc4460b ] Request (AccountTest:tearDownClass): 204 DELETE http://10.13.3.194:8080/v1/AUTH_42bf42cde0f54862b55fa2e9fae0537f/tempest-b'a'--1642638074 0.024s[00m
2019-11-07 16:27:55.617 15658 INFO tempest.lib.common.rest_client [req-978f68d9-83b0-43b3-89e2-380b7e23468f ] Request (AccountTest:tearDownClass): 204 DELETE http://10.13.3.235:35357/v3/users/e4dd72f8e2a9486da1aac442c2a27dd5 0.087s[00m
2019-11-07 16:27:55.901 15658 INFO tempest.lib.common.rest_client [req-5b6e9294-2d81-49f7-9341-cf618b8a42e2 ] Request (AccountTest:tearDownClass): 201 POST http://10.13.3.235:5000/v3/auth/tokens 0.283s[00m
2019-11-07 16:27:55.916 15661 INFO tempest.lib.common.rest_client [req-5295fa96-773e-497d-bb21-a259fb797821 ] Request (PortsTestJSON:_run_cleanups): 204 DELETE http://10.13.3.244:9696/v2.0/subnets/d9319623-9fb7-48ac-9972-08173c44f02c 1.028s[00m
2019-11-07 16:27:56.046 15658 INFO tempest.lib.common.rest_client [req-5aca11b8-9582-4ccd-8208-2868982d8a58 ] Request (AccountTest:tearDownClass): 200 GET http://10.13.3.244:9696/v2.0/security-groups?tenant_id=42bf42cde0f54862b55fa2e9fae0537f&name=default 0.145s[00m
2019-11-07 16:27:56.165 15658 INFO tempest.lib.common.rest_client [req-7c44563a-eed6-4a34-9587-3c5c780cc34d ] Request (AccountTest:tearDownClass): 204 DELETE http://10.13.3.244:9696/v2.0/security-groups/f5583f3e-98af-4aea-8fd1-874978ef3e0c 0.118s[00m
2019-11-07 16:27:56.258 15658 INFO tempest.lib.common.rest_client [req-96f4edc5-c125-4123-b05a-8d81e7d2cd57 ] Request (AccountTest:tearDownClass): 204 DELETE http://10.13.3.235:35357/v3/projects/42bf42cde0f54862b55fa2e9fae0537f 0.093s[00m
2019-11-07 16:27:56.355 15658 INFO tempest.lib.common.rest_client [req-9a1b94da-9d99-4cae-94a3-bcf5715a63e8 ] Request (AccountTest:tearDownClass): 204 DELETE http://10.13.3.235:35357/v3/users/6b37c049c9af4d89ab93a8139600633c 0.096s[00m
2019-11-07 16:27:56.445 15658 INFO tempest.lib.common.rest_client [req-675063c4-0170-43dc-a6f3-fac3fa1a8567 ] Request (AccountTest:tearDownClass): 200 GET http://10.13.3.244:9696/v2.0/security-groups?tenant_id=c12fd188bae6458e974ffa1242654def&name=default 0.089s[00m
2019-11-07 16:27:56.540 15658 INFO tempest.lib.common.rest_client [req-5d6a3780-f6ae-4d5a-83cd-5762161241b5 ] Request (AccountTest:tearDownClass): 204 DELETE http://10.13.3.244:9696/v2.0/security-groups/25100b12-8b66-43d2-864e-dfc576829ef2 0.094s[00m
2019-11-07 16:27:56.627 15658 INFO tempest.lib.common.rest_client [req-83917ea0-785c-4577-93e2-5c65c7c5bbca ] Request (AccountTest:tearDownClass): 204 DELETE http://10.13.3.235:35357/v3/projects/c12fd188bae6458e974ffa1242654def 0.086s[00m
2019-11-07 16:27:56.905 15661 INFO tempest.lib.common.rest_client [req-162d37c6-5fcb-4eb5-83f6-2f0bd2f7ab88 ] Request (PortsTestJSON:_run_cleanups): 204 DELETE http://10.13.3.244:9696/v2.0/networks/a8c918a7-fa0f-4631-a503-0ea43cea8550 0.988s[00m
{1} tempest.api.network.test_ports.PortsTestJSON.test_create_port_in_allowed_allocation_pools [3.870740s] ... ok
2019-11-07 16:27:56.907 15658 INFO tempest.lib.common.rest_client [req-4beaff38-dd1b-44b7-b66c-4a01a9ff04ea ] Request (ContainerQuotasTest:setUpClass): 201 POST http://10.13.3.235:5000/v3/auth/tokens 0.279s[00m
2019-11-07 16:27:57.011 15661 INFO tempest.lib.common.rest_client [req-02f3764b-2719-4394-a1ef-917213c11f78 ] Request (PortsTestJSON:test_create_port_with_no_securitygroups): 201 POST http://10.13.3.244:9696/v2.0/networks 0.104s[00m
2019-11-07 16:27:57.169 15658 INFO tempest.lib.common.rest_client [req-6eaeecbe-c49f-40c9-ae11-1bb1ae2cee8c ] Request (ContainerQuotasTest:setUpClass): 201 POST http://10.13.3.235:5000/v3/auth/tokens 0.258s[00m
2019-11-07 16:27:57.194 15658 INFO tempest.lib.common.rest_client [req-43f26839-a2cc-42cf-a3ea-6247a72bc6dd ] Request (ContainerQuotasTest:setUpClass): 200 GET http://10.13.3.235:35357/v3/domains?name=admin_domain 0.023s[00m
2019-11-07 16:27:57.222 15658 INFO tempest.lib.common.rest_client [req-303219db-b1eb-4d5e-9bfc-1cb47f036f16 ] Request (ContainerQuotasTest:setUpClass): 201 POST http://10.13.3.235:35357/v3/projects 0.027s[00m
2019-11-07 16:27:57.477 15658 INFO tempest.lib.common.rest_client [req-720dff0b-3aa3-4cc6-87c8-8036857271f0 ] Request (ContainerQuotasTest:setUpClass): 201 POST http://10.13.3.235:35357/v3/users 0.255s[00m
2019-11-07 16:27:57.498 15658 INFO tempest.lib.common.rest_client [req-423484d5-db8e-4dd1-b913-203c75260372 ] Request (ContainerQuotasTest:setUpClass): 200 GET http://10.13.3.235:35357/v3/roles 0.020s[00m
2019-11-07 16:27:57.537 15658 INFO tempest.lib.common.rest_client [req-d5c575d3-9cfe-465d-95de-52d2c2892b80 ] Request (ContainerQuotasTest:setUpClass): 204 PUT http://10.13.3.235:35357/v3/projects/727765322f0a45289e4eca4cab854eb3/users/b67e2dbca170470193eff493cf184aeb/roles/9ef3e6a902144f4d827e1f50d701e81b 0.038s[00m
2019-11-07 16:27:57.537 15658 INFO tempest.lib.common.dynamic_creds [-] Acquired dynamic creds:
 credentials: Credentials: {'domain_id': 'db975505f8484124bc13da97388f48e6', 'domain_name': 'admin_domain', 'username': 'tempest-ContainerQuotasTest-102796221', 'project_domain_id': 'db975505f8484124bc13da97388f48e6', 'project_domain_name': 'admin_domain', 'project_id': '727765322f0a45289e4eca4cab854eb3', 'project_name': 'tempest-ContainerQuotasTest-102796221', 'tenant_id': '727765322f0a45289e4eca4cab854eb3', 'tenant_name': 'tempest-ContainerQuotasTest-102796221', 'user_domain_id': 'db975505f8484124bc13da97388f48e6', 'user_domain_name': 'admin_domain', 'user_id': 'b67e2dbca170470193eff493cf184aeb'}, Network: None, Subnet: None, Router: None[00m
2019-11-07 16:27:57.537 15658 INFO tempest.lib.common.dynamic_creds [-] Created isolated network resources for:
 credentials: Credentials: {'domain_id': 'db975505f8484124bc13da97388f48e6', 'domain_name': 'admin_domain', 'username': 'tempest-ContainerQuotasTest-102796221', 'project_domain_id': 'db975505f8484124bc13da97388f48e6', 'project_domain_name': 'admin_domain', 'project_id': '727765322f0a45289e4eca4cab854eb3', 'project_name': 'tempest-ContainerQuotasTest-102796221', 'tenant_id': '727765322f0a45289e4eca4cab854eb3', 'tenant_name': 'tempest-ContainerQuotasTest-102796221', 'user_domain_id': 'db975505f8484124bc13da97388f48e6', 'user_domain_name': 'admin_domain', 'user_id': 'b67e2dbca170470193eff493cf184aeb'}, Network: None, Subnet: None, Router: None[00m
2019-11-07 16:27:57.627 15661 INFO tempest.lib.common.rest_client [req-93c47e13-299f-4656-aa31-195ec7f67d99 ] Request (PortsTestJSON:test_create_port_with_no_securitygroups): 201 POST http://10.13.3.244:9696/v2.0/subnets 0.616s[00m
2019-11-07 16:27:57.840 15658 INFO tempest.lib.common.rest_client [req-dd352ae7-d6b5-4ab4-ba2f-a636e157ef8b ] Request (ContainerQuotasTest:setUpClass): 201 POST http://10.13.3.235:5000/v3/auth/tokens 0.293s[00m
2019-11-07 16:27:58.089 15658 INFO tempest.lib.common.rest_client [req-909153da-5e29-4a9a-8f78-be11bbad829a ] Request (ContainerQuotasTest:setUpClass): 201 POST http://10.13.3.235:5000/v3/auth/tokens 0.248s[00m
2019-11-07 16:27:58.164 15658 INFO tempest.lib.common.rest_client [tx4dcea9c0c8c34ee8bc66b-005dc4460e ] Request (ContainerQuotasTest:setUpClass): 200 GET http://10.13.3.194:8080/info 0.074s[00m
2019-11-07 16:27:58.219 15658 INFO tempest.lib.common.rest_client [txc2546c2c417b44df81c9f-005dc4460e ] Request (ContainerQuotasTest:setUp): 201 PUT http://10.13.3.194:8080/v1/AUTH_727765322f0a45289e4eca4cab854eb3/tempest-TestContainer-690913281 0.054s[00m
2019-11-07 16:27:58.236 15658 INFO tempest.lib.common.rest_client [txee7eaf6bfaf04fb187959-005dc4460e ] Request (ContainerQuotasTest:setUp): 204 POST http://10.13.3.194:8080/v1/AUTH_727765322f0a45289e4eca4cab854eb3/tempest-TestContainer-690913281 0.016s[00m
2019-11-07 16:27:58.250 15658 INFO tempest.lib.common.rest_client [txdc5d5c73233c4ed895649-005dc4460e ] Request (ContainerQuotasTest:test_upload_large_object): 204 HEAD http://10.13.3.194:8080/v1/AUTH_727765322f0a45289e4eca4cab854eb3/tempest-TestContainer-690913281 0.014s[00m
2019-11-07 16:27:58.256 15658 INFO tempest.lib.common.rest_client [txd3bf87db43c645a5a098e-005dc4460e ] Request (ContainerQuotasTest:test_upload_large_object): 413 PUT http://10.13.3.194:8080/v1/AUTH_727765322f0a45289e4eca4cab854eb3/tempest-TestContainer-690913281/tempest-TestObject-1612039321 0.006s[00m
2019-11-07 16:27:58.258 15661 INFO tempest.lib.common.rest_client [req-47933fd3-325e-4453-888a-70a858b1a78a ] Request (PortsTestJSON:test_create_port_with_no_securitygroups): 201 POST http://10.13.3.244:9696/v2.0/ports 0.631s[00m
2019-11-07 16:27:58.267 15658 INFO tempest.lib.common.rest_client [tx30c7f3fbc5394f11a9f5d-005dc4460e ] Request (ContainerQuotasTest:test_upload_large_object): 204 HEAD http://10.13.3.194:8080/v1/AUTH_727765322f0a45289e4eca4cab854eb3/tempest-TestContainer-690913281 0.010s[00m
2019-11-07 16:27:58.280 15658 INFO tempest.lib.common.rest_client [tx028c7a94a9c54208980c8-005dc4460e ] Request (ContainerQuotasTest:tearDown): 200 GET http://10.13.3.194:8080/v1/AUTH_727765322f0a45289e4eca4cab854eb3/tempest-TestContainer-690913281?&limit=9999&format=json 0.012s[00m
2019-11-07 16:27:58.754 15661 INFO tempest.lib.common.rest_client [req-8bc19dab-8ba6-42a8-afed-2dd38cbbc10f ] Request (PortsTestJSON:_run_cleanups): 204 DELETE http://10.13.3.244:9696/v2.0/ports/429e96aa-11e0-47f8-b069-7709ec68f61c 0.495s[00m
2019-11-07 16:27:59.619 15661 INFO tempest.lib.common.rest_client [req-e5532aa0-bb57-48de-be02-b6463e63b217 ] Request (PortsTestJSON:_run_cleanups): 204 DELETE http://10.13.3.244:9696/v2.0/subnets/ab4f530e-e570-44fb-baef-45ba5cf23224 0.864s[00m
2019-11-07 16:28:00.308 15658 INFO tempest.lib.common.rest_client [tx72220c6d99af4cd4ba964-005dc44610 ] Request (ContainerQuotasTest:tearDown): 204 DELETE http://10.13.3.194:8080/v1/AUTH_727765322f0a45289e4eca4cab854eb3/tempest-TestContainer-690913281 0.026s[00m
{0} tempest.api.object_storage.test_container_quotas.ContainerQuotasTest.test_upload_large_object [2.145639s] ... ok
2019-11-07 16:28:00.334 15658 INFO tempest.lib.common.rest_client [txf4db296b301f4b32ae65e-005dc44610 ] Request (ContainerQuotasTest:setUp): 201 PUT http://10.13.3.194:8080/v1/AUTH_727765322f0a45289e4eca4cab854eb3/tempest-TestContainer-416837124 0.022s[00m
2019-11-07 16:28:00.351 15658 INFO tempest.lib.common.rest_client [txebbb9a0803b34977bc4fb-005dc44610 ] Request (ContainerQuotasTest:setUp): 204 POST http://10.13.3.194:8080/v1/AUTH_727765322f0a45289e4eca4cab854eb3/tempest-TestContainer-416837124 0.015s[00m
2019-11-07 16:28:00.378 15658 INFO tempest.lib.common.rest_client [tx244b7bd2879b4e49b8b15-005dc44610 ] Request (ContainerQuotasTest:test_upload_too_many_objects): 201 PUT http://10.13.3.194:8080/v1/AUTH_727765322f0a45289e4eca4cab854eb3/tempest-TestContainer-416837124/tempest-TestObject-144784899 0.025s[00m
2019-11-07 16:28:00.399 15658 INFO tempest.lib.common.rest_client [tx2aed9891c9414d8da3f0c-005dc44610 ] Request (ContainerQuotasTest:test_upload_too_many_objects): 201 PUT http://10.13.3.194:8080/v1/AUTH_727765322f0a45289e4eca4cab854eb3/tempest-TestContainer-416837124/tempest-TestObject-413181988 0.019s[00m
2019-11-07 16:28:00.421 15658 INFO tempest.lib.common.rest_client [tx29841d288457474998688-005dc44610 ] Request (ContainerQuotasTest:test_upload_too_many_objects): 201 PUT http://10.13.3.194:8080/v1/AUTH_727765322f0a45289e4eca4cab854eb3/tempest-TestContainer-416837124/tempest-TestObject-2135916172 0.019s[00m
2019-11-07 16:28:00.437 15658 INFO tempest.lib.common.rest_client [txbcb778de445a4865843d9-005dc44610 ] Request (ContainerQuotasTest:test_upload_too_many_objects): 204 HEAD http://10.13.3.194:8080/v1/AUTH_727765322f0a45289e4eca4cab854eb3/tempest-TestContainer-416837124 0.014s[00m
2019-11-07 16:28:00.445 15658 INFO tempest.lib.common.rest_client [txbf1a83b92c904e36883a7-005dc44610 ] Request (ContainerQuotasTest:test_upload_too_many_objects): 413 PUT http://10.13.3.194:8080/v1/AUTH_727765322f0a45289e4eca4cab854eb3/tempest-TestContainer-416837124/OverQuotaObject 0.005s[00m
2019-11-07 16:28:00.462 15658 INFO tempest.lib.common.rest_client [tx08c3f691e636445d816f3-005dc44610 ] Request (ContainerQuotasTest:test_upload_too_many_objects): 204 HEAD http://10.13.3.194:8080/v1/AUTH_727765322f0a45289e4eca4cab854eb3/tempest-TestContainer-416837124 0.010s[00m
2019-11-07 16:28:00.503 15658 INFO tempest.lib.common.rest_client [txf444bfc1b6d647b6b3498-005dc44610 ] Request (ContainerQuotasTest:tearDown): 404 GET http://10.13.3.194:8080/v1/AUTH_727765322f0a45289e4eca4cab854eb3/tempest-TestContainer-690913281?&limit=9999&format=json 0.041s[00m
2019-11-07 16:28:00.518 15658 INFO tempest.lib.common.rest_client [tx9bec6a79584c421f8a383-005dc44610 ] Request (ContainerQuotasTest:tearDown): 200 GET http://10.13.3.194:8080/v1/AUTH_727765322f0a45289e4eca4cab854eb3/tempest-TestContainer-416837124?&limit=9999&format=json 0.014s[00m
2019-11-07 16:28:00.538 15658 INFO tempest.lib.common.rest_client [tx4a2ea6f05dc44d17b0706-005dc44610 ] Request (ContainerQuotasTest:tearDown): 204 DELETE http://10.13.3.194:8080/v1/AUTH_727765322f0a45289e4eca4cab854eb3/tempest-TestContainer-416837124/tempest-TestObject-144784899 0.020s[00m
2019-11-07 16:28:00.555 15658 INFO tempest.lib.common.rest_client [txaaa72eae8ac749b59cf0f-005dc44610 ] Request (ContainerQuotasTest:tearDown): 204 DELETE http://10.13.3.194:8080/v1/AUTH_727765322f0a45289e4eca4cab854eb3/tempest-TestContainer-416837124/tempest-TestObject-2135916172 0.016s[00m
2019-11-07 16:28:00.560 15661 INFO tempest.lib.common.rest_client [req-731370da-af6c-4b53-aa20-1ca6c2eef2cc ] Request (PortsTestJSON:_run_cleanups): 204 DELETE http://10.13.3.244:9696/v2.0/networks/62f69c0f-7cf8-4fe2-ab86-b9fc3811743a 0.940s[00m
{1} tempest.api.network.test_ports.PortsTestJSON.test_create_port_with_no_securitygroups [3.654748s] ... ok
2019-11-07 16:28:00.573 15658 INFO tempest.lib.common.rest_client [tx39c888a939a947e19437c-005dc44610 ] Request (ContainerQuotasTest:tearDown): 204 DELETE http://10.13.3.194:8080/v1/AUTH_727765322f0a45289e4eca4cab854eb3/tempest-TestContainer-416837124/tempest-TestObject-413181988 0.018s[00m
2019-11-07 16:28:00.966 15661 INFO tempest.lib.common.rest_client [req-7e83208d-8425-4d87-9117-5bf2034b88cd ] Request (PortsTestJSON:test_create_update_delete_port): 201 POST http://10.13.3.244:9696/v2.0/ports 0.405s[00m
2019-11-07 16:28:01.335 15661 INFO tempest.lib.common.rest_client [req-7fc74b3e-0dd4-4e8f-b348-075db5540bb8 ] Request (PortsTestJSON:test_create_update_delete_port): 200 PUT http://10.13.3.244:9696/v2.0/ports/0478960f-e349-452f-9aba-a317b99082ac 0.368s[00m
2019-11-07 16:28:01.687 15661 INFO tempest.lib.common.rest_client [req-f68cc6bd-f3f7-454f-84b1-494ed198dd24 ] Request (PortsTestJSON:_run_cleanups): 204 DELETE http://10.13.3.244:9696/v2.0/ports/0478960f-e349-452f-9aba-a317b99082ac 0.351s[00m
2019-11-07 16:28:01.752 15661 INFO tempest.lib.common.rest_client [req-6b8d2982-c108-42eb-bf5c-6da83824715f ] Request (PortsTestJSON:_run_cleanups): 200 GET http://10.13.3.244:9696/v2.0/ports 0.065s[00m
{1} tempest.api.network.test_ports.PortsTestJSON.test_create_update_delete_port [1.192227s] ... ok
2019-11-07 16:28:01.798 15661 INFO tempest.lib.common.rest_client [req-1ce3f3f0-88e8-4fa8-b051-028195d5e499 ] Request (PortsTestJSON:test_list_ports): 200 GET http://10.13.3.244:9696/v2.0/ports 0.044s[00m
{1} tempest.api.network.test_ports.PortsTestJSON.test_list_ports [0.045390s] ... ok
2019-11-07 16:28:01.904 15661 INFO tempest.lib.common.rest_client [req-c450155b-ac81-453b-88de-9ff1ef20bcfd ] Request (PortsTestJSON:test_show_port): 200 GET http://10.13.3.244:9696/v2.0/ports/7b4f7d65-54b9-4e2c-9c93-6d8fa2ed7b83 0.105s[00m
{1} tempest.api.network.test_ports.PortsTestJSON.test_show_port [0.105869s] ... ok
2019-11-07 16:28:01.932 15661 INFO tempest.lib.common.rest_client [req-abffb407-67f3-489c-b42f-7bb13eab883d ] Request (PortsTestJSON:tearDownClass): 404 DELETE http://10.13.3.244:9696/v2.0/ports/429e96aa-11e0-47f8-b069-7709ec68f61c 0.027s[00m
2019-11-07 16:28:01.960 15661 INFO tempest.lib.common.rest_client [req-54f3f791-5fc9-4bc7-8c7d-0ee2569a3456 ] Request (PortsTestJSON:tearDownClass): 404 DELETE http://10.13.3.244:9696/v2.0/subnets/ab4f530e-e570-44fb-baef-45ba5cf23224 0.027s[00m
2019-11-07 16:28:02.042 15661 INFO tempest.lib.common.rest_client [req-d1c7ce18-d64c-4689-9c55-ca2876182e34 ] Request (PortsTestJSON:tearDownClass): 404 DELETE http://10.13.3.244:9696/v2.0/subnets/d9319623-9fb7-48ac-9972-08173c44f02c 0.081s[00m
2019-11-07 16:28:02.402 15661 INFO tempest.lib.common.rest_client [req-e8f32979-bfa0-4313-b54e-c9f77f32190a ] Request (PortsTestJSON:tearDownClass): 204 DELETE http://10.13.3.244:9696/v2.0/ports/7b4f7d65-54b9-4e2c-9c93-6d8fa2ed7b83 0.360s[00m
2019-11-07 16:28:02.601 15658 INFO tempest.lib.common.rest_client [tx793cd75a087f4c87a24ff-005dc44612 ] Request (ContainerQuotasTest:tearDown): 204 DELETE http://10.13.3.194:8080/v1/AUTH_727765322f0a45289e4eca4cab854eb3/tempest-TestContainer-416837124 0.025s[00m
{0} tempest.api.object_storage.test_container_quotas.ContainerQuotasTest.test_upload_too_many_objects [2.291181s] ... ok
2019-11-07 16:28:02.624 15658 INFO tempest.lib.common.rest_client [tx5f1ee705b2b74ef39b8bc-005dc44612 ] Request (ContainerQuotasTest:setUp): 201 PUT http://10.13.3.194:8080/v1/AUTH_727765322f0a45289e4eca4cab854eb3/tempest-TestContainer-1692554798 0.021s[00m
2019-11-07 16:28:02.638 15658 INFO tempest.lib.common.rest_client [tx0293656e3bda40a2a11ee-005dc44612 ] Request (ContainerQuotasTest:setUp): 204 POST http://10.13.3.194:8080/v1/AUTH_727765322f0a45289e4eca4cab854eb3/tempest-TestContainer-1692554798 0.014s[00m
2019-11-07 16:28:02.648 15658 INFO tempest.lib.common.rest_client [txe3834204e08a4e9e88afe-005dc44612 ] Request (ContainerQuotasTest:test_upload_valid_object): 204 HEAD http://10.13.3.194:8080/v1/AUTH_727765322f0a45289e4eca4cab854eb3/tempest-TestContainer-1692554798 0.009s[00m
2019-11-07 16:28:02.668 15658 INFO tempest.lib.common.rest_client [tx1f1db950fb574d6eb9287-005dc44612 ] Request (ContainerQuotasTest:test_upload_valid_object): 201 PUT http://10.13.3.194:8080/v1/AUTH_727765322f0a45289e4eca4cab854eb3/tempest-TestContainer-1692554798/tempest-TestObject-907609203 0.020s[00m
2019-11-07 16:28:02.682 15658 INFO tempest.lib.common.rest_client [tx1d6147d5ea754437b966b-005dc44612 ] Request (ContainerQuotasTest:test_upload_valid_object): 204 HEAD http://10.13.3.194:8080/v1/AUTH_727765322f0a45289e4eca4cab854eb3/tempest-TestContainer-1692554798 0.013s[00m
2019-11-07 16:28:02.707 15658 INFO tempest.lib.common.rest_client [txadfc2cab5f9e41dd92908-005dc44612 ] Request (ContainerQuotasTest:tearDown): 404 GET http://10.13.3.194:8080/v1/AUTH_727765322f0a45289e4eca4cab854eb3/tempest-TestContainer-690913281?&limit=9999&format=json 0.024s[00m
2019-11-07 16:28:02.745 15658 INFO tempest.lib.common.rest_client [tx82d0c21efec0478bb6586-005dc44612 ] Request (ContainerQuotasTest:tearDown): 404 GET http://10.13.3.194:8080/v1/AUTH_727765322f0a45289e4eca4cab854eb3/tempest-TestContainer-416837124?&limit=9999&format=json 0.038s[00m
2019-11-07 16:28:02.759 15658 INFO tempest.lib.common.rest_client [tx4b11f958d53f444ab95f7-005dc44612 ] Request (ContainerQuotasTest:tearDown): 200 GET http://10.13.3.194:8080/v1/AUTH_727765322f0a45289e4eca4cab854eb3/tempest-TestContainer-1692554798?&limit=9999&format=json 0.013s[00m
2019-11-07 16:28:02.776 15658 INFO tempest.lib.common.rest_client [txb16c325dbe3949d193e43-005dc44612 ] Request (ContainerQuotasTest:tearDown): 204 DELETE http://10.13.3.194:8080/v1/AUTH_727765322f0a45289e4eca4cab854eb3/tempest-TestContainer-1692554798/tempest-TestObject-907609203 0.016s[00m
2019-11-07 16:28:03.014 15661 INFO tempest.lib.common.rest_client [req-64f280ab-3b06-48f1-8c31-27cbb4efe0b0 ] Request (PortsTestJSON:tearDownClass): 204 DELETE http://10.13.3.244:9696/v2.0/networks/ae44fa75-6835-4323-a835-24833d7fea86 0.611s[00m
2019-11-07 16:28:03.095 15661 INFO tempest.lib.common.rest_client [req-2e5e9e37-e2b1-4850-9c50-54b5567e7089 ] Request (PortsTestJSON:tearDownClass): 204 DELETE http://10.13.3.235:35357/v3/users/a90c2bd63ad2405294ffa45142ed8d96 0.081s[00m
2019-11-07 16:28:03.372 15661 INFO tempest.lib.common.rest_client [req-c5378e6d-acbe-4dd3-9ada-9c9b26e17bc2 ] Request (PortsTestJSON:tearDownClass): 201 POST http://10.13.3.235:5000/v3/auth/tokens 0.276s[00m
2019-11-07 16:28:03.475 15661 INFO tempest.lib.common.rest_client [req-649573f9-11d8-49ba-b6fa-3af169778e6b ] Request (PortsTestJSON:tearDownClass): 200 GET http://10.13.3.244:9696/v2.0/security-groups?tenant_id=ca590ccf56ce42d39f0c0e1639afa274&name=default 0.102s[00m
2019-11-07 16:28:03.567 15661 INFO tempest.lib.common.rest_client [req-94d10803-80be-4fc8-b18f-d0f465b5bbb4 ] Request (PortsTestJSON:tearDownClass): 204 DELETE http://10.13.3.244:9696/v2.0/security-groups/4193933e-1233-41ad-8753-98330f606770 0.091s[00m
2019-11-07 16:28:03.655 15661 INFO tempest.lib.common.rest_client [req-b1a22f8e-c13d-464b-8692-ee9c37b55878 ] Request (PortsTestJSON:tearDownClass): 204 DELETE http://10.13.3.235:35357/v3/projects/ca590ccf56ce42d39f0c0e1639afa274 0.088s[00m
2019-11-07 16:28:03.932 15661 INFO tempest.lib.common.rest_client [req-67f57d9c-730e-4ed4-9713-ee8cbbe89cf4 ] Request (RoutersTest:setUpClass): 201 POST http://10.13.3.235:5000/v3/auth/tokens 0.275s[00m
2019-11-07 16:28:04.195 15661 INFO tempest.lib.common.rest_client [req-5f78be81-8f7d-4bd6-8123-a1a34f7c6084 ] Request (RoutersTest:setUpClass): 201 POST http://10.13.3.235:5000/v3/auth/tokens 0.260s[00m
2019-11-07 16:28:04.220 15661 INFO tempest.lib.common.rest_client [req-f05f2d82-220a-44d8-8be1-55a6e4e0bb7d ] Request (RoutersTest:setUpClass): 200 GET http://10.13.3.235:35357/v3/domains?name=admin_domain 0.024s[00m
2019-11-07 16:28:04.251 15661 INFO tempest.lib.common.rest_client [req-778c95ec-ba54-43e4-834b-4455cb621f06 ] Request (RoutersTest:setUpClass): 201 POST http://10.13.3.235:35357/v3/projects 0.030s[00m
2019-11-07 16:28:04.512 15661 INFO tempest.lib.common.rest_client [req-4d917ada-02e8-40f9-ac4b-4030f88902d3 ] Request (RoutersTest:setUpClass): 201 POST http://10.13.3.235:35357/v3/users 0.261s[00m
2019-11-07 16:28:04.534 15661 INFO tempest.lib.common.rest_client [req-2907a28b-994e-4a85-a7f6-e2471bbd5214 ] Request (RoutersTest:setUpClass): 200 GET http://10.13.3.235:35357/v3/roles 0.020s[00m
2019-11-07 16:28:04.553 15661 INFO tempest.lib.common.rest_client [req-c7554f72-88cd-42e1-b2e8-4f7edb4169c1 ] Request (RoutersTest:setUpClass): 200 GET http://10.13.3.235:35357/v3/roles 0.019s[00m
2019-11-07 16:28:04.587 15661 INFO tempest.lib.common.rest_client [req-70b9e993-1321-4449-9759-36b42132fe74 ] Request (RoutersTest:setUpClass): 204 PUT http://10.13.3.235:35357/v3/projects/9c965f28d19446159b3232d98fbfeffe/users/e215bea9b33f48b3be820e964a277c45/roles/9ef3e6a902144f4d827e1f50d701e81b 0.033s[00m
2019-11-07 16:28:04.587 15661 INFO tempest.lib.common.dynamic_creds [-] Acquired dynamic creds:
 credentials: Credentials: {'domain_id': 'db975505f8484124bc13da97388f48e6', 'domain_name': 'admin_domain', 'username': 'tempest-RoutersTest-1851997885', 'project_domain_id': 'db975505f8484124bc13da97388f48e6', 'project_domain_name': 'admin_domain', 'project_id': '9c965f28d19446159b3232d98fbfeffe', 'project_name': 'tempest-RoutersTest-1851997885', 'tenant_id': '9c965f28d19446159b3232d98fbfeffe', 'tenant_name': 'tempest-RoutersTest-1851997885', 'user_domain_id': 'db975505f8484124bc13da97388f48e6', 'user_domain_name': 'admin_domain', 'user_id': 'e215bea9b33f48b3be820e964a277c45'}, Network: None, Subnet: None, Router: None[00m
2019-11-07 16:28:04.587 15661 INFO tempest.lib.common.dynamic_creds [-] Created isolated network resources for:
 credentials: Credentials: {'domain_id': 'db975505f8484124bc13da97388f48e6', 'domain_name': 'admin_domain', 'username': 'tempest-RoutersTest-1851997885', 'project_domain_id': 'db975505f8484124bc13da97388f48e6', 'project_domain_name': 'admin_domain', 'project_id': '9c965f28d19446159b3232d98fbfeffe', 'project_name': 'tempest-RoutersTest-1851997885', 'tenant_id': '9c965f28d19446159b3232d98fbfeffe', 'tenant_name': 'tempest-RoutersTest-1851997885', 'user_domain_id': 'db975505f8484124bc13da97388f48e6', 'user_domain_name': 'admin_domain', 'user_id': 'e215bea9b33f48b3be820e964a277c45'}, Network: None, Subnet: None, Router: None[00m
2019-11-07 16:28:04.805 15658 INFO tempest.lib.common.rest_client [txea17358c49cc44408b88e-005dc44614 ] Request (ContainerQuotasTest:tearDown): 204 DELETE http://10.13.3.194:8080/v1/AUTH_727765322f0a45289e4eca4cab854eb3/tempest-TestContainer-1692554798 0.027s[00m
{0} tempest.api.object_storage.test_container_quotas.ContainerQuotasTest.test_upload_valid_object [2.203861s] ... ok
2019-11-07 16:28:04.891 15661 INFO tempest.lib.common.rest_client [req-c0bb2a3b-bd23-4a78-8f18-a8c772d16d67 ] Request (RoutersTest:setUpClass): 201 POST http://10.13.3.235:5000/v3/auth/tokens 0.298s[00m
2019-11-07 16:28:04.897 15658 INFO tempest.lib.common.rest_client [req-ef119ae0-3239-49a8-ab63-454a43c92f31 ] Request (ContainerQuotasTest:tearDownClass): 204 DELETE http://10.13.3.235:35357/v3/users/b67e2dbca170470193eff493cf184aeb 0.091s[00m
2019-11-07 16:28:05.189 15661 INFO tempest.lib.common.rest_client [req-99843d2c-007f-4baf-a12a-c3a175426ab6 ] Request (RoutersTest:test_add_multiple_router_interfaces): 201 POST http://10.13.3.244:9696/v2.0/networks 0.297s[00m
2019-11-07 16:28:05.196 15658 INFO tempest.lib.common.rest_client [req-3ed562da-4a24-4ba9-b24b-476191f080f2 ] Request (ContainerQuotasTest:tearDownClass): 201 POST http://10.13.3.235:5000/v3/auth/tokens 0.298s[00m
2019-11-07 16:28:05.364 15661 INFO tempest.lib.common.rest_client [req-38b20c8c-a9d2-41e2-89be-d69b57560a21 ] Request (RoutersTest:test_add_multiple_router_interfaces): 201 POST http://10.13.3.244:9696/v2.0/networks 0.174s[00m
2019-11-07 16:28:05.375 15658 INFO tempest.lib.common.rest_client [req-14130c20-d784-45e4-bb1e-d0d49609d27f ] Request (ContainerQuotasTest:tearDownClass): 200 GET http://10.13.3.244:9696/v2.0/security-groups?tenant_id=727765322f0a45289e4eca4cab854eb3&name=default 0.179s[00m
2019-11-07 16:28:05.466 15658 INFO tempest.lib.common.rest_client [req-8429a98e-2b02-48fc-a024-50e20fec5d16 ] Request (ContainerQuotasTest:tearDownClass): 204 DELETE http://10.13.3.244:9696/v2.0/security-groups/e8b11745-6f87-415b-9272-506cfe9ee60d 0.090s[00m
2019-11-07 16:28:05.560 15658 INFO tempest.lib.common.rest_client [req-46421da4-01bb-4916-a171-bc1351bc5eae ] Request (ContainerQuotasTest:tearDownClass): 204 DELETE http://10.13.3.235:35357/v3/projects/727765322f0a45289e4eca4cab854eb3 0.093s[00m
2019-11-07 16:28:05.836 15658 INFO tempest.lib.common.rest_client [req-6d22a228-f046-4233-a8db-13d957fe605f ] Request (ObjectTest:setUpClass): 201 POST http://10.13.3.235:5000/v3/auth/tokens 0.275s[00m
2019-11-07 16:28:05.923 15661 INFO tempest.lib.common.rest_client [req-653091cf-9021-4101-833d-ebeb214020e6 ] Request (RoutersTest:test_add_multiple_router_interfaces): 201 POST http://10.13.3.244:9696/v2.0/subnets 0.558s[00m
2019-11-07 16:28:06.096 15658 INFO tempest.lib.common.rest_client [req-c2ffdd1e-c98c-4df0-9201-af33b9912224 ] Request (ObjectTest:setUpClass): 201 POST http://10.13.3.235:5000/v3/auth/tokens 0.255s[00m
2019-11-07 16:28:06.120 15658 INFO tempest.lib.common.rest_client [req-3ca9f6ec-c4bd-48a0-99be-dafbc474e236 ] Request (ObjectTest:setUpClass): 200 GET http://10.13.3.235:35357/v3/domains?name=admin_domain 0.023s[00m
2019-11-07 16:28:06.151 15658 INFO tempest.lib.common.rest_client [req-1bb7f7cb-cb1d-4941-8e90-4c9f1f458f39 ] Request (ObjectTest:setUpClass): 201 POST http://10.13.3.235:35357/v3/projects 0.028s[00m
2019-11-07 16:28:06.491 15658 INFO tempest.lib.common.rest_client [req-d49a3d48-56c6-4d78-950e-36bf6527f370 ] Request (ObjectTest:setUpClass): 201 POST http://10.13.3.235:35357/v3/users 0.338s[00m
2019-11-07 16:28:06.510 15658 INFO tempest.lib.common.rest_client [req-d9c745fc-9ad3-43fc-8d5a-23461e2ad29d ] Request (ObjectTest:setUpClass): 200 GET http://10.13.3.235:35357/v3/roles 0.019s[00m
2019-11-07 16:28:06.527 15661 INFO tempest.lib.common.rest_client [req-7194e3a0-446a-4114-b337-68c54c6477f9 ] Request (RoutersTest:test_add_multiple_router_interfaces): 201 POST http://10.13.3.244:9696/v2.0/subnets 0.602s[00m
2019-11-07 16:28:06.545 15658 INFO tempest.lib.common.rest_client [req-cc945712-3671-4e8e-8096-b281ed6063b3 ] Request (ObjectTest:setUpClass): 204 PUT http://10.13.3.235:35357/v3/projects/45f6122dec6844988005853b54968296/users/771da2606fb443b4b391d31df06043f9/roles/9ef3e6a902144f4d827e1f50d701e81b 0.034s[00m
2019-11-07 16:28:06.546 15658 INFO tempest.lib.common.dynamic_creds [-] Acquired dynamic creds:
 credentials: Credentials: {'domain_id': 'db975505f8484124bc13da97388f48e6', 'domain_name': 'admin_domain', 'username': 'tempest-ObjectTest-383708622', 'project_domain_id': 'db975505f8484124bc13da97388f48e6', 'project_domain_name': 'admin_domain', 'project_id': '45f6122dec6844988005853b54968296', 'project_name': 'tempest-ObjectTest-383708622', 'tenant_id': '45f6122dec6844988005853b54968296', 'tenant_name': 'tempest-ObjectTest-383708622', 'user_domain_id': 'db975505f8484124bc13da97388f48e6', 'user_domain_name': 'admin_domain', 'user_id': '771da2606fb443b4b391d31df06043f9'}, Network: None, Subnet: None, Router: None[00m
2019-11-07 16:28:06.546 15658 INFO tempest.lib.common.dynamic_creds [-] Created isolated network resources for:
 credentials: Credentials: {'domain_id': 'db975505f8484124bc13da97388f48e6', 'domain_name': 'admin_domain', 'username': 'tempest-ObjectTest-383708622', 'project_domain_id': 'db975505f8484124bc13da97388f48e6', 'project_domain_name': 'admin_domain', 'project_id': '45f6122dec6844988005853b54968296', 'project_name': 'tempest-ObjectTest-383708622', 'tenant_id': '45f6122dec6844988005853b54968296', 'tenant_name': 'tempest-ObjectTest-383708622', 'user_domain_id': 'db975505f8484124bc13da97388f48e6', 'user_domain_name': 'admin_domain', 'user_id': '771da2606fb443b4b391d31df06043f9'}, Network: None, Subnet: None, Router: None[00m
2019-11-07 16:28:06.593 15661 INFO tempest.lib.common.rest_client [req-89d204ae-9634-45be-a2b6-ea70c5b21db3 ] Request (RoutersTest:test_add_multiple_router_interfaces): 201 POST http://10.13.3.244:9696/v2.0/routers 0.065s[00m
2019-11-07 16:28:06.843 15658 INFO tempest.lib.common.rest_client [req-1d11bde0-80fa-4a79-b7ef-3f61e6df1572 ] Request (ObjectTest:setUpClass): 201 POST http://10.13.3.235:5000/v3/auth/tokens 0.293s[00m
2019-11-07 16:28:07.079 15658 INFO tempest.lib.common.rest_client [req-920af3c0-ffb5-46d8-82a9-a1b44f135e58 ] Request (ObjectTest:setUpClass): 201 POST http://10.13.3.235:5000/v3/auth/tokens 0.236s[00m
2019-11-07 16:28:07.148 15658 INFO tempest.lib.common.rest_client [tx2d219571b3ff4a638d5a9-005dc44617 ] Request (ObjectTest:setUpClass): 200 GET http://10.13.3.194:8080/info 0.068s[00m
2019-11-07 16:28:07.199 15658 INFO tempest.lib.common.rest_client [tx2e2aececf78b4abdafb4e-005dc44617 ] Request (ObjectTest:setUpClass): 201 PUT http://10.13.3.194:8080/v1/AUTH_45f6122dec6844988005853b54968296/tempest-TestContainer-492987955 0.050s[00m
2019-11-07 16:28:07.228 15658 INFO tempest.lib.common.rest_client [txbe583626c99f4601afc24-005dc44617 ] Request (ObjectTest:test_create_object): 201 PUT http://10.13.3.194:8080/v1/AUTH_45f6122dec6844988005853b54968296/tempest-TestContainer-492987955/tempest-TestObject-1156243337 0.026s[00m
2019-11-07 16:28:07.249 15658 INFO tempest.lib.common.rest_client [tx9a8c456ab05f447494740-005dc44617 ] Request (ObjectTest:test_create_object): 201 PUT http://10.13.3.194:8080/v1/AUTH_45f6122dec6844988005853b54968296/tempest-TestContainer-492987955/tempest-TestObject-1801887193 0.018s[00m
2019-11-07 16:28:07.260 15658 INFO tempest.lib.common.rest_client [tx254b7662d42e4e01bb8e0-005dc44617 ] Request (ObjectTest:test_create_object): 200 GET http://10.13.3.194:8080/v1/AUTH_45f6122dec6844988005853b54968296/tempest-TestContainer-492987955/tempest-TestObject-1801887193 0.011s[00m
{0} tempest.api.object_storage.test_object_services.ObjectTest.test_create_object [0.061404s] ... ok
2019-11-07 16:28:07.282 15658 INFO tempest.lib.common.rest_client [tx3104e3797ca4450780ddc-005dc44617 ] Request (ObjectTest:test_get_object): 201 PUT http://10.13.3.194:8080/v1/AUTH_45f6122dec6844988005853b54968296/tempest-TestContainer-492987955/tempest-TestObject-2015950281 0.018s[00m
2019-11-07 16:28:07.291 15658 INFO tempest.lib.common.rest_client [tx81c1060debfb415da1bd2-005dc44617 ] Request (ObjectTest:test_get_object): 200 GET http://10.13.3.194:8080/v1/AUTH_45f6122dec6844988005853b54968296/tempest-TestContainer-492987955/tempest-TestObject-2015950281 0.009s[00m
{0} tempest.api.object_storage.test_object_services.ObjectTest.test_get_object [0.031196s] ... ok
2019-11-07 16:28:07.318 15658 INFO tempest.lib.common.rest_client [tx0c244cd3a3a241268501a-005dc44617 ] Request (ObjectTest:test_list_object_metadata): 201 PUT http://10.13.3.194:8080/v1/AUTH_45f6122dec6844988005853b54968296/tempest-TestContainer-492987955/tempest-TestObject-1196663111 0.023s[00m
2019-11-07 16:28:07.335 15658 INFO tempest.lib.common.rest_client [txac2a0ea22c134e9baa39d-005dc44617 ] Request (ObjectTest:test_list_object_metadata): 200 HEAD http://10.13.3.194:8080/v1/AUTH_45f6122dec6844988005853b54968296/tempest-TestContainer-492987955/tempest-TestObject-1196663111 0.016s[00m
{0} tempest.api.object_storage.test_object_services.ObjectTest.test_list_object_metadata [0.042857s] ... ok
2019-11-07 16:28:07.361 15658 INFO tempest.lib.common.rest_client [tx4eea5a49b8b241f387715-005dc44617 ] Request (ObjectTest:test_update_object_metadata): 201 PUT http://10.13.3.194:8080/v1/AUTH_45f6122dec6844988005853b54968296/tempest-TestContainer-492987955/tempest-TestObject-1651300476 0.023s[00m
2019-11-07 16:28:07.378 15658 INFO tempest.lib.common.rest_client [tx04ea2c50768c42a695c6f-005dc44617 ] Request (ObjectTest:test_update_object_metadata): 202 POST http://10.13.3.194:8080/v1/AUTH_45f6122dec6844988005853b54968296/tempest-TestContainer-492987955/tempest-TestObject-1651300476 0.017s[00m
2019-11-07 16:28:07.388 15658 INFO tempest.lib.common.rest_client [txd42f33c1818a4f78857f3-005dc44617 ] Request (ObjectTest:test_update_object_metadata): 200 HEAD http://10.13.3.194:8080/v1/AUTH_45f6122dec6844988005853b54968296/tempest-TestContainer-492987955/tempest-TestObject-1651300476 0.009s[00m
{0} tempest.api.object_storage.test_object_services.ObjectTest.test_update_object_metadata [0.052967s] ... ok
2019-11-07 16:28:07.405 15658 INFO tempest.lib.common.rest_client [txb98d9522b73f4927be990-005dc44617 ] Request (ObjectTest:tearDownClass): 200 GET http://10.13.3.194:8080/v1/AUTH_45f6122dec6844988005853b54968296/tempest-TestContainer-492987955?&limit=9999&format=json 0.015s[00m
2019-11-07 16:28:07.423 15658 INFO tempest.lib.common.rest_client [tx1b82fa44b6a545fdb24f3-005dc44617 ] Request (ObjectTest:tearDownClass): 204 DELETE http://10.13.3.194:8080/v1/AUTH_45f6122dec6844988005853b54968296/tempest-TestContainer-492987955/tempest-TestObject-1156243337 0.018s[00m
2019-11-07 16:28:07.443 15658 INFO tempest.lib.common.rest_client [tx4b145c639e33487bb3dad-005dc44617 ] Request (ObjectTest:tearDownClass): 204 DELETE http://10.13.3.194:8080/v1/AUTH_45f6122dec6844988005853b54968296/tempest-TestContainer-492987955/tempest-TestObject-1196663111 0.019s[00m
2019-11-07 16:28:07.467 15658 INFO tempest.lib.common.rest_client [tx655bd056833f4253bdd07-005dc44617 ] Request (ObjectTest:tearDownClass): 204 DELETE http://10.13.3.194:8080/v1/AUTH_45f6122dec6844988005853b54968296/tempest-TestContainer-492987955/tempest-TestObject-1651300476 0.023s[00m
2019-11-07 16:28:07.487 15658 INFO tempest.lib.common.rest_client [tx66bbe22f9cc94a2eb9cbc-005dc44617 ] Request (ObjectTest:tearDownClass): 204 DELETE http://10.13.3.194:8080/v1/AUTH_45f6122dec6844988005853b54968296/tempest-TestContainer-492987955/tempest-TestObject-1801887193 0.020s[00m
2019-11-07 16:28:07.504 15658 INFO tempest.lib.common.rest_client [tx2ad4885c161741c18393f-005dc44617 ] Request (ObjectTest:tearDownClass): 204 DELETE http://10.13.3.194:8080/v1/AUTH_45f6122dec6844988005853b54968296/tempest-TestContainer-492987955/tempest-TestObject-2015950281 0.017s[00m
2019-11-07 16:28:08.387 15661 INFO tempest.lib.common.rest_client [req-564b0fae-0b16-4c1f-8d8f-bae1a5bc0d7c ] Request (RoutersTest:test_add_multiple_router_interfaces): 200 PUT http://10.13.3.244:9696/v2.0/routers/3cd33e7b-5a1e-4f35-adbf-f25278ed6c51/add_router_interface 1.792s[00m
2019-11-07 16:28:08.438 15661 INFO tempest.lib.common.rest_client [req-34a38822-e2e5-4792-9a0f-1a2d2790f77e ] Request (RoutersTest:test_add_multiple_router_interfaces): 200 GET http://10.13.3.244:9696/v2.0/ports/45c67e40-f06a-4a7d-a9dc-837b26ecad51 0.050s[00m
2019-11-07 16:28:09.543 15658 INFO tempest.lib.common.rest_client [tx6def83c6a6994ab9ba07c-005dc44619 ] Request (ObjectTest:tearDownClass): 204 DELETE http://10.13.3.194:8080/v1/AUTH_45f6122dec6844988005853b54968296/tempest-TestContainer-492987955 0.037s[00m
2019-11-07 16:28:09.631 15658 INFO tempest.lib.common.rest_client [req-99d77138-d87f-4113-8dd3-3e3664671160 ] Request (ObjectTest:tearDownClass): 204 DELETE http://10.13.3.235:35357/v3/users/771da2606fb443b4b391d31df06043f9 0.086s[00m
2019-11-07 16:28:09.915 15658 INFO tempest.lib.common.rest_client [req-d86464ed-c94f-4469-959f-6f339afd2c4f ] Request (ObjectTest:tearDownClass): 201 POST http://10.13.3.235:5000/v3/auth/tokens 0.283s[00m
2019-11-07 16:28:10.079 15658 INFO tempest.lib.common.rest_client [req-6062b04e-72d7-450d-aa16-9a8378aa87aa ] Request (ObjectTest:tearDownClass): 200 GET http://10.13.3.244:9696/v2.0/security-groups?tenant_id=45f6122dec6844988005853b54968296&name=default 0.162s[00m
2019-11-07 16:28:10.162 15661 INFO tempest.lib.common.rest_client [req-29a8bbef-ae5c-4c28-86c3-6834a40df881 ] Request (RoutersTest:test_add_multiple_router_interfaces): 200 PUT http://10.13.3.244:9696/v2.0/routers/3cd33e7b-5a1e-4f35-adbf-f25278ed6c51/add_router_interface 1.723s[00m
2019-11-07 16:28:10.205 15658 INFO tempest.lib.common.rest_client [req-f3dac318-c056-4609-a496-1c8348364b82 ] Request (ObjectTest:tearDownClass): 204 DELETE http://10.13.3.244:9696/v2.0/security-groups/b8d76ef9-2558-4568-89e0-40606c1052de 0.125s[00m
2019-11-07 16:28:10.215 15661 INFO tempest.lib.common.rest_client [req-fe89a62f-b495-4df2-affa-2b129be76019 ] Request (RoutersTest:test_add_multiple_router_interfaces): 200 GET http://10.13.3.244:9696/v2.0/ports/42cf8414-4c0d-4cb8-846c-b9b3732ed9ca 0.052s[00m
2019-11-07 16:28:10.297 15658 INFO tempest.lib.common.rest_client [req-894a552a-ea2f-4db6-90a0-00deab48f448 ] Request (ObjectTest:tearDownClass): 204 DELETE http://10.13.3.235:35357/v3/projects/45f6122dec6844988005853b54968296 0.090s[00m
2019-11-07 16:28:10.299 15658 INFO tempest.test [-] <class 'unittest.case.SkipTest'> raised in VersionsTest.setUpClass. Invoking tearDownClass.[00m
{0} setUpClass (tempest.api.volume.test_versions.VersionsTest) ... SKIPPED: VersionsTest skipped as Cinder is not available
2019-11-07 16:28:10.302 15658 INFO tempest.test [-] <class 'unittest.case.SkipTest'> raised in VolumesActionsTest.setUpClass. Invoking tearDownClass.[00m
{0} setUpClass (tempest.api.volume.test_volumes_actions.VolumesActionsTest) ... SKIPPED: VolumesActionsTest skipped as Cinder is not available
2019-11-07 16:28:10.304 15658 INFO tempest.test [-] <class 'unittest.case.SkipTest'> raised in VolumesGetTest.setUpClass. Invoking tearDownClass.[00m
{0} setUpClass (tempest.api.volume.test_volumes_get.VolumesGetTest) ... SKIPPED: VolumesGetTest skipped as Cinder is not available
2019-11-07 16:28:10.307 15658 INFO tempest.test [-] <class 'unittest.case.SkipTest'> raised in VolumesListTestJSON.setUpClass. Invoking tearDownClass.[00m
{0} setUpClass (tempest.api.volume.test_volumes_list.VolumesListTestJSON) ... SKIPPED: VolumesListTestJSON skipped as Cinder is not available
2019-11-07 16:28:10.587 15658 INFO tempest.lib.common.rest_client [req-e725ca15-8969-43fb-95f2-6ddac3ea47b6 ] Request (TestNetworkBasicOps:setUpClass): 201 POST http://10.13.3.235:5000/v3/auth/tokens 0.277s[00m
2019-11-07 16:28:10.847 15658 INFO tempest.lib.common.rest_client [req-04d38d2d-1dd8-4c50-a5e3-ab671b47b37d ] Request (TestNetworkBasicOps:setUpClass): 201 POST http://10.13.3.235:5000/v3/auth/tokens 0.256s[00m
2019-11-07 16:28:10.870 15658 INFO tempest.lib.common.rest_client [req-871beaba-e385-4525-b5dd-8b74182a5ba5 ] Request (TestNetworkBasicOps:setUpClass): 200 GET http://10.13.3.235:35357/v3/domains?name=admin_domain 0.023s[00m
2019-11-07 16:28:10.897 15658 INFO tempest.lib.common.rest_client [req-d91910d9-27a5-46ca-879a-d5cea44eccf5 ] Request (TestNetworkBasicOps:setUpClass): 201 POST http://10.13.3.235:35357/v3/projects 0.026s[00m
2019-11-07 16:28:11.152 15658 INFO tempest.lib.common.rest_client [req-e34c396e-d895-4bb3-bacd-2f65a18a6f3b ] Request (TestNetworkBasicOps:setUpClass): 201 POST http://10.13.3.235:35357/v3/users 0.254s[00m
2019-11-07 16:28:11.173 15658 INFO tempest.lib.common.rest_client [req-846bc467-7dd9-465a-bb74-7fa66040f0d8 ] Request (TestNetworkBasicOps:setUpClass): 200 GET http://10.13.3.235:35357/v3/roles 0.021s[00m
