2019-11-07 16:25:37.849 15661 INFO tempest.lib.common.rest_client [req-797538a7-675a-477b-8b16-d65dc9518f5a ] Request (AttachInterfacesUnderV243Test:test_add_remove_fixed_ip): 200 GET http://10.13.3.233:8774/v2.1/servers/9666e25d-ff62-4526-b093-0e147e6571a4 0.316s[00m
2019-11-07 16:25:37.876 15661 INFO tempest.common.waiters [-] State transition "BUILD/scheduling" ==> "BUILD/block_device_mapping" after 1 second wait[00m
2019-11-07 16:25:38.005 15658 INFO tempest.lib.common.rest_client [req-83ef4a9e-f85e-435e-aff7-095f369258eb ] Request (ServerActionsTestJSON:setUpClass): 201 POST http://10.13.3.244:9696/v2.0/floatingips 1.782s[00m
2019-11-07 16:25:38.251 15658 INFO tempest.lib.common.rest_client [req-a86e6349-0142-4dac-bb32-6e05d6511e64 ] Request (ServerActionsTestJSON:setUpClass): 201 POST http://10.13.3.235:5000/v3/auth/tokens 0.241s[00m
2019-11-07 16:25:38.251 15658 INFO tempest.lib.common.fixed_network [-] (ServerActionsTestJSON:setUpClass) Found network {'id': '20b6fadd-e671-4fcd-bc63-09da3bfb8cdc', 'name': 'tempest-ServerActionsTestJSON-1217104089-network', 'tenant_id': 'dc3281afcdd94c6391bd0b2944cc323a', 'admin_state_up': True, 'mtu': 1458, 'status': 'ACTIVE', 'subnets': [], 'shared': False, 'project_id': 'dc3281afcdd94c6391bd0b2944cc323a', 'dns_domain': '', 'router:external': False, 'provider:network_type': 'gre', 'provider:physical_network': None, 'provider:segmentation_id': 101, 'availability_zone_hints': [], 'is_default': False, 'availability_zones': [], 'ipv4_address_scope': None, 'ipv6_address_scope': None, 'description': '', 'l2_adjacency': True, 'tags': [], 'created_at': '2019-11-07T16:25:31Z', 'updated_at': '2019-11-07T16:25:31Z', 'revision_number': 1} available for tenant[00m
2019-11-07 16:25:39.583 15661 INFO tempest.lib.common.rest_client [req-0ae536ec-eab9-4c37-bf32-ffa31019db0d ] Request (AttachInterfacesUnderV243Test:test_add_remove_fixed_ip): 200 GET http://10.13.3.233:8774/v2.1/servers/9666e25d-ff62-4526-b093-0e147e6571a4 0.705s[00m
2019-11-07 16:25:39.587 15661 INFO tempest.common.waiters [-] State transition "BUILD/block_device_mapping" ==> "BUILD/spawning" after 3 second wait[00m
2019-11-07 16:25:40.076 15658 INFO tempest.lib.common.rest_client [req-6cf2d678-fd1f-462b-af5c-32625afc1899 ] Request (ServerActionsTestJSON:setUpClass): 202 POST http://10.13.3.233:8774/v2.1/servers 1.824s[00m
2019-11-07 16:25:40.178 15658 INFO tempest.lib.common.rest_client [req-55cb4c9b-a44f-48da-bdb0-38cf86be9c63 ] Request (ServerActionsTestJSON:setUpClass): 200 GET http://10.13.3.233:8774/v2.1/servers/d623e669-09a4-404b-a1c6-447f41d105d4 0.100s[00m
2019-11-07 16:25:41.217 15661 INFO tempest.lib.common.rest_client [req-e290b2c1-2d27-4930-8921-c6d9530ff5a8 ] Request (AttachInterfacesUnderV243Test:test_add_remove_fixed_ip): 200 GET http://10.13.3.233:8774/v2.1/servers/9666e25d-ff62-4526-b093-0e147e6571a4 0.629s[00m
2019-11-07 16:25:41.309 15658 INFO tempest.lib.common.rest_client [req-4481e8ad-b1a0-4123-ae15-a7c181de1f7c ] Request (ServerActionsTestJSON:setUpClass): 200 GET http://10.13.3.233:8774/v2.1/servers/d623e669-09a4-404b-a1c6-447f41d105d4 0.124s[00m
2019-11-07 16:25:41.313 15658 INFO tempest.common.waiters [-] State transition "BUILD/scheduling" ==> "BUILD/spawning" after 1 second wait[00m
2019-11-07 16:25:43.053 15661 INFO tempest.lib.common.rest_client [req-f8b349f1-0aaa-41bc-96a6-abf51941c83a ] Request (AttachInterfacesUnderV243Test:test_add_remove_fixed_ip): 200 GET http://10.13.3.233:8774/v2.1/servers/9666e25d-ff62-4526-b093-0e147e6571a4 0.830s[00m
2019-11-07 16:25:43.078 15658 INFO tempest.lib.common.rest_client [req-f6c48870-d18e-4b43-addd-69def54f2b05 ] Request (ServerActionsTestJSON:setUpClass): 200 GET http://10.13.3.233:8774/v2.1/servers/d623e669-09a4-404b-a1c6-447f41d105d4 0.763s[00m
2019-11-07 16:25:44.719 15661 INFO tempest.lib.common.rest_client [req-fef0a166-ddfc-4764-864b-c863b9ea3e81 ] Request (AttachInterfacesUnderV243Test:test_add_remove_fixed_ip): 200 GET http://10.13.3.233:8774/v2.1/servers/9666e25d-ff62-4526-b093-0e147e6571a4 0.659s[00m
2019-11-07 16:25:44.761 15658 INFO tempest.lib.common.rest_client [req-6a7ceacb-954b-462e-abf8-08eed2b1dac7 ] Request (ServerActionsTestJSON:setUpClass): 200 GET http://10.13.3.233:8774/v2.1/servers/d623e669-09a4-404b-a1c6-447f41d105d4 0.677s[00m
2019-11-07 16:25:46.153 15658 INFO tempest.lib.common.rest_client [req-00516fff-59dc-4811-baad-871e68263c2c ] Request (ServerActionsTestJSON:setUpClass): 200 GET http://10.13.3.233:8774/v2.1/servers/d623e669-09a4-404b-a1c6-447f41d105d4 0.386s[00m
2019-11-07 16:25:46.157 15661 INFO tempest.lib.common.rest_client [req-0691a3db-a707-42ef-bc53-00c0da6edaaa ] Request (AttachInterfacesUnderV243Test:test_add_remove_fixed_ip): 200 GET http://10.13.3.233:8774/v2.1/servers/9666e25d-ff62-4526-b093-0e147e6571a4 0.431s[00m
2019-11-07 16:25:46.163 15661 INFO tempest.common.waiters [-] State transition "BUILD/spawning" ==> "ACTIVE/None" after 10 second wait[00m
2019-11-07 16:25:46.443 15661 INFO tempest.lib.common.rest_client [req-a08f9113-c775-4b53-a005-72689bf65ca8 ] Request (AttachInterfacesUnderV243Test:test_add_remove_fixed_ip): 200 GET http://10.13.3.233:8774/v2.1/servers/9666e25d-ff62-4526-b093-0e147e6571a4/os-interface 0.278s[00m
2019-11-07 16:25:47.307 15658 INFO tempest.lib.common.rest_client [req-41e7f275-e15e-41e4-8fd6-26bf9a81819a ] Request (ServerActionsTestJSON:setUpClass): 200 GET http://10.13.3.233:8774/v2.1/servers/d623e669-09a4-404b-a1c6-447f41d105d4 0.147s[00m
2019-11-07 16:25:47.533 15661 INFO tempest.lib.common.rest_client [req-3164ffca-0b60-4fef-beb7-6326a06d66ef ] Request (AttachInterfacesUnderV243Test:test_add_remove_fixed_ip): 200 PUT http://10.13.3.244:9696/v2.0/floatingips/6079e37b-9248-4fbc-9e6d-42fe3c66a733 1.086s[00m
2019-11-07 16:25:47.794 15661 INFO tempest.lib.common.rest_client [req-fe6057f4-1d50-4d24-a5a8-3f003fe3206d ] Request (AttachInterfacesUnderV243Test:test_add_remove_fixed_ip): 200 GET http://10.13.3.233:8774/v2.1/servers/9666e25d-ff62-4526-b093-0e147e6571a4 0.260s[00m
2019-11-07 16:25:47.799 15661 INFO tempest.lib.common.ssh [-] Creating ssh connection to '10.13.3.178:22' as 'ubuntu' with public key authentication[00m
2019-11-07 16:25:48.468 15658 INFO tempest.lib.common.rest_client [req-e576250b-eb41-4ef6-bd9e-bef61ad2abfe ] Request (ServerActionsTestJSON:setUpClass): 200 GET http://10.13.3.233:8774/v2.1/servers/d623e669-09a4-404b-a1c6-447f41d105d4 0.153s[00m
2019-11-07 16:25:49.652 15658 INFO tempest.lib.common.rest_client [req-416278fd-b100-45fd-9ac7-320dde3b0361 ] Request (ServerActionsTestJSON:setUpClass): 200 GET http://10.13.3.233:8774/v2.1/servers/d623e669-09a4-404b-a1c6-447f41d105d4 0.176s[00m
2019-11-07 16:25:49.659 15658 INFO tempest.common.waiters [-] State transition "BUILD/spawning" ==> "ACTIVE/None" after 9 second wait[00m
2019-11-07 16:25:49.778 15658 INFO tempest.lib.common.rest_client [req-dfe7d0df-4948-481e-a740-b605a291a6a1 ] Request (ServerActionsTestJSON:setUpClass): 200 GET http://10.13.3.233:8774/v2.1/servers/d623e669-09a4-404b-a1c6-447f41d105d4/os-interface 0.118s[00m
2019-11-07 16:25:50.299 15661 WARNING tempest.lib.common.ssh [-] Failed to establish authenticated ssh connection to ubuntu@10.13.3.178 ([Errno None] Unable to connect to port 22 on 10.13.3.178). Number attempts: 1. Retry after 2 seconds.: paramiko.ssh_exception.NoValidConnectionsError: [Errno None] Unable to connect to port 22 on 10.13.3.178[00m
2019-11-07 16:25:50.916 15658 INFO tempest.lib.common.rest_client [req-b19b40f9-aef6-4953-9375-7f0ab29d2f4c ] Request (ServerActionsTestJSON:setUpClass): 200 PUT http://10.13.3.244:9696/v2.0/floatingips/e5863aa2-2266-435e-aa2d-91b42a5d09b6 1.134s[00m
2019-11-07 16:25:51.140 15658 INFO tempest.lib.common.rest_client [req-faedbfc5-f627-47ef-9157-670656d7627e ] Request (ServerActionsTestJSON:setUp): 200 GET http://10.13.3.233:8774/v2.1/servers/d623e669-09a4-404b-a1c6-447f41d105d4 0.222s[00m
2019-11-07 16:25:51.373 15658 INFO tempest.lib.common.rest_client [req-cca63258-8306-417b-a3a3-9b7e7ac11e92 ] Request (ServerActionsTestJSON:test_reboot_server_hard): 200 GET http://10.13.3.233:8774/v2.1/servers/d623e669-09a4-404b-a1c6-447f41d105d4 0.229s[00m
2019-11-07 16:25:51.378 15658 INFO tempest.lib.common.ssh [-] Creating ssh connection to '10.13.3.169:22' as 'ubuntu' with public key authentication[00m
2019-11-07 16:25:52.803 15661 WARNING tempest.lib.common.ssh [-] Failed to establish authenticated ssh connection to ubuntu@10.13.3.178 ([Errno None] Unable to connect to port 22 on 10.13.3.178). Number attempts: 2. Retry after 3 seconds.: paramiko.ssh_exception.NoValidConnectionsError: [Errno None] Unable to connect to port 22 on 10.13.3.178[00m
2019-11-07 16:25:53.765 15658 WARNING tempest.lib.common.ssh [-] Failed to establish authenticated ssh connection to ubuntu@10.13.3.169 ([Errno None] Unable to connect to port 22 on 10.13.3.169). Number attempts: 1. Retry after 2 seconds.: paramiko.ssh_exception.NoValidConnectionsError: [Errno None] Unable to connect to port 22 on 10.13.3.169[00m
2019-11-07 16:25:56.269 15658 WARNING tempest.lib.common.ssh [-] Failed to establish authenticated ssh connection to ubuntu@10.13.3.169 ([Errno None] Unable to connect to port 22 on 10.13.3.169). Number attempts: 2. Retry after 3 seconds.: paramiko.ssh_exception.NoValidConnectionsError: [Errno None] Unable to connect to port 22 on 10.13.3.169[00m
2019-11-07 16:25:56.319 15661 INFO paramiko.transport [-] Connected (version 2.0, client OpenSSH_7.2p2)[00m
2019-11-07 16:25:56.430 15661 INFO paramiko.transport [-] Authentication (publickey) successful![00m
2019-11-07 16:25:56.432 15661 INFO tempest.lib.common.ssh [-] ssh connection to ubuntu@10.13.3.178 successfully created[00m
2019-11-07 16:25:56.545 15661 INFO tempest.lib.common.rest_client [req-9fcd9f6a-b1ec-401f-a9ed-853acdc8b646 ] Request (AttachInterfacesUnderV243Test:test_add_remove_fixed_ip): 200 GET http://10.13.3.233:8774/v2.1/servers/9666e25d-ff62-4526-b093-0e147e6571a4/os-interface 0.113s[00m
2019-11-07 16:25:56.646 15661 INFO tempest.lib.common.rest_client [req-62f685f2-1009-45a9-8c90-0390d2ba8997 ] Request (AttachInterfacesUnderV243Test:test_add_remove_fixed_ip): 200 GET http://10.13.3.233:8774/v2.1/servers/9666e25d-ff62-4526-b093-0e147e6571a4/os-interface/0588ac74-4197-4773-a2ad-3e96b03c9d8c 0.098s[00m
2019-11-07 16:25:56.708 15661 INFO tempest.lib.common.rest_client [req-4d985ea5-b923-4f56-9a29-148cca2cc709 ] Request (AttachInterfacesUnderV243Test:test_add_remove_fixed_ip): 200 GET http://10.13.3.233:8774/v2.1/servers/9666e25d-ff62-4526-b093-0e147e6571a4/ips 0.059s[00m
2019-11-07 16:25:56.772 15661 INFO tempest.lib.common.rest_client [req-232176e4-1937-40da-87b5-08b92c14031a ] Request (AttachInterfacesUnderV243Test:test_add_remove_fixed_ip): 202 POST http://10.13.3.233:8774/v2.1/servers/9666e25d-ff62-4526-b093-0e147e6571a4/action 0.061s[00m
2019-11-07 16:25:56.842 15661 INFO tempest.lib.common.rest_client [req-583aae7c-5113-4f6e-8902-979a97c2a0cd ] Request (AttachInterfacesUnderV243Test:test_add_remove_fixed_ip): 200 GET http://10.13.3.233:8774/v2.1/servers/9666e25d-ff62-4526-b093-0e147e6571a4/ips 0.067s[00m
2019-11-07 16:25:57.905 15661 INFO tempest.lib.common.rest_client [req-ac761d4c-d5f1-4321-89de-c3fb5edcc5ef ] Request (AttachInterfacesUnderV243Test:test_add_remove_fixed_ip): 200 GET http://10.13.3.233:8774/v2.1/servers/9666e25d-ff62-4526-b093-0e147e6571a4/ips 0.060s[00m
2019-11-07 16:25:58.974 15661 INFO tempest.lib.common.rest_client [req-d5f6940d-ee58-4c4e-9458-80a17ef16bbc ] Request (AttachInterfacesUnderV243Test:test_add_remove_fixed_ip): 200 GET http://10.13.3.233:8774/v2.1/servers/9666e25d-ff62-4526-b093-0e147e6571a4/ips 0.064s[00m
2019-11-07 16:25:59.208 15661 INFO tempest.lib.common.rest_client [req-35905069-7e3c-45b0-9c84-c29a1fbd90de ] Request (AttachInterfacesUnderV243Test:test_add_remove_fixed_ip): 200 GET http://10.13.3.233:8774/v2.1/servers/9666e25d-ff62-4526-b093-0e147e6571a4 0.231s[00m
2019-11-07 16:25:59.279 15661 INFO tempest.lib.common.rest_client [req-a924bb54-1fe4-4349-8c23-870c287f119b ] Request (AttachInterfacesUnderV243Test:test_add_remove_fixed_ip): 202 POST http://10.13.3.233:8774/v2.1/servers/9666e25d-ff62-4526-b093-0e147e6571a4/action 0.066s[00m
2019-11-07 16:25:59.343 15661 INFO tempest.lib.common.rest_client [req-9526e559-297c-4b39-b5f7-1e45b1e7e128 ] Request (AttachInterfacesUnderV243Test:test_add_remove_fixed_ip): 200 GET http://10.13.3.233:8774/v2.1/servers/9666e25d-ff62-4526-b093-0e147e6571a4/ips 0.063s[00m
2019-11-07 16:25:59.594 15661 INFO tempest.lib.common.rest_client [req-dff07492-3ab7-4736-9356-b489aaacaedc ] Request (AttachInterfacesUnderV243Test:test_add_remove_fixed_ip): 200 GET http://10.13.3.233:8774/v2.1/servers/9666e25d-ff62-4526-b093-0e147e6571a4 0.249s[00m
2019-11-07 16:25:59.741 15661 INFO tempest.lib.common.rest_client [req-1cebc188-3735-4397-8f86-3ded46557abb ] Request (AttachInterfacesUnderV243Test:_run_cleanups): 204 DELETE http://10.13.3.233:8774/v2.1/servers/9666e25d-ff62-4526-b093-0e147e6571a4 0.141s[00m
2019-11-07 16:25:59.785 15658 INFO paramiko.transport [-] Connected (version 2.0, client OpenSSH_7.2p2)[00m
2019-11-07 16:25:59.890 15658 INFO paramiko.transport [-] Authentication (publickey) successful![00m
2019-11-07 16:25:59.891 15658 INFO tempest.lib.common.ssh [-] ssh connection to ubuntu@10.13.3.169 successfully created[00m
2019-11-07 16:26:00.015 15661 INFO tempest.lib.common.rest_client [req-c173848b-f172-4185-ba00-1c72ff4d2a96 ] Request (AttachInterfacesUnderV243Test:_run_cleanups): 200 GET http://10.13.3.233:8774/v2.1/servers/9666e25d-ff62-4526-b093-0e147e6571a4 0.274s[00m
2019-11-07 16:26:01.283 15661 INFO tempest.lib.common.rest_client [req-ce6e20c4-1a8b-4d5e-98be-d13bf8dbe45c ] Request (AttachInterfacesUnderV243Test:_run_cleanups): 200 GET http://10.13.3.233:8774/v2.1/servers/9666e25d-ff62-4526-b093-0e147e6571a4 0.263s[00m
2019-11-07 16:26:01.434 15658 INFO tempest.lib.common.ssh [-] Creating ssh connection to '10.13.3.169:22' as 'ubuntu' with public key authentication[00m
2019-11-07 16:26:01.448 15658 INFO paramiko.transport [-] Connected (version 2.0, client OpenSSH_7.2p2)[00m
2019-11-07 16:26:01.539 15658 INFO paramiko.transport [-] Authentication (publickey) successful![00m
2019-11-07 16:26:01.540 15658 INFO tempest.lib.common.ssh [-] ssh connection to ubuntu@10.13.3.169 successfully created[00m
2019-11-07 16:26:02.408 15661 INFO tempest.lib.common.rest_client [req-b5756e0d-cfc9-4ef3-b8ac-e5d5e4c8efe7 ] Request (AttachInterfacesUnderV243Test:_run_cleanups): 200 GET http://10.13.3.233:8774/v2.1/servers/9666e25d-ff62-4526-b093-0e147e6571a4 0.120s[00m
2019-11-07 16:26:02.414 15661 INFO tempest.common.waiters [-] State transition "ACTIVE/deleting" ==> "DELETED/None" after 2 second wait[00m
2019-11-07 16:26:03.476 15661 INFO tempest.lib.common.rest_client [req-f4a6fee5-e39e-4ff2-8c8b-4a50b30764a5 ] Request (AttachInterfacesUnderV243Test:_run_cleanups): 404 GET http://10.13.3.233:8774/v2.1/servers/9666e25d-ff62-4526-b093-0e147e6571a4 0.059s[00m
2019-11-07 16:26:03.478 15658 INFO tempest.lib.common.rest_client [req-a549778d-22e4-4cec-943f-a73faa5e3abd ] Request (ServerActionsTestJSON:test_reboot_server_hard): 202 POST http://10.13.3.233:8774/v2.1/servers/d623e669-09a4-404b-a1c6-447f41d105d4/action 0.137s[00m
2019-11-07 16:26:03.510 15661 INFO tempest.lib.common.rest_client [req-130d7553-51d9-4ad4-83ba-0f3428d6da92 ] Request (AttachInterfacesUnderV243Test:_run_cleanups): 202 DELETE http://10.13.3.233:8774/v2.1/os-keypairs/tempest-keypair-1453236636 0.031s[00m
2019-11-07 16:26:03.621 15661 INFO tempest.lib.common.rest_client [req-aaa494ac-2bbe-46fd-bc4c-d6b91500c67a ] Request (AttachInterfacesUnderV243Test:_run_cleanups): 204 DELETE http://10.13.3.244:9696/v2.0/security-groups/bf7cdb3b-7215-419b-9940-440351d447fd 0.109s[00m
2019-11-07 16:26:03.636 15661 INFO tempest.lib.common.rest_client [req-daedf4dd-553f-440e-b028-2820302b7920 ] Request (AttachInterfacesUnderV243Test:_run_cleanups): 404 GET http://10.13.3.244:9696/v2.0/security-groups/bf7cdb3b-7215-419b-9940-440351d447fd 0.015s[00m
2019-11-07 16:26:03.755 15658 INFO tempest.lib.common.rest_client [req-6fbc4b9b-5a39-42ae-95e2-4ab51ec576b4 ] Request (ServerActionsTestJSON:test_reboot_server_hard): 200 GET http://10.13.3.233:8774/v2.1/servers/d623e669-09a4-404b-a1c6-447f41d105d4 0.275s[00m
2019-11-07 16:26:04.922 15658 INFO tempest.lib.common.rest_client [req-9aad76b5-37f5-440e-bba6-df868978a8c7 ] Request (ServerActionsTestJSON:test_reboot_server_hard): 200 GET http://10.13.3.233:8774/v2.1/servers/d623e669-09a4-404b-a1c6-447f41d105d4 0.160s[00m
2019-11-07 16:26:04.928 15658 INFO tempest.common.waiters [-] State transition "HARD_REBOOT/rebooting_hard" ==> "HARD_REBOOT/reboot_started_hard" after 1 second wait[00m
2019-11-07 16:26:05.006 15661 INFO tempest.lib.common.rest_client [req-8cf868bf-39c0-40d7-ae8f-d5ea69197613 ] Request (AttachInterfacesUnderV243Test:_run_cleanups): 204 DELETE http://10.13.3.244:9696/v2.0/floatingips/6079e37b-9248-4fbc-9e6d-42fe3c66a733 1.369s[00m
{1} tempest.api.compute.servers.test_attach_interfaces.AttachInterfacesUnderV243Test.test_add_remove_fixed_ip [32.127975s] ... ok
2019-11-07 16:26:05.072 15661 INFO tempest.lib.common.rest_client [req-2e383d92-8436-40d6-9c66-5e40d7658d40 ] Request (AttachInterfacesUnderV243Test:tearDownClass): 404 DELETE http://10.13.3.233:8774/v2.1/servers/9666e25d-ff62-4526-b093-0e147e6571a4 0.065s[00m
2019-11-07 16:26:05.136 15661 INFO tempest.lib.common.rest_client [req-edd6a0fc-fcc4-40a8-8c39-d7c548464c0e ] Request (AttachInterfacesUnderV243Test:tearDownClass): 404 GET http://10.13.3.233:8774/v2.1/servers/9666e25d-ff62-4526-b093-0e147e6571a4 0.063s[00m
2019-11-07 16:26:06.155 15658 INFO tempest.lib.common.rest_client [req-8109716d-e233-4fcf-b9de-caf18da1baff ] Request (ServerActionsTestJSON:test_reboot_server_hard): 200 GET http://10.13.3.233:8774/v2.1/servers/d623e669-09a4-404b-a1c6-447f41d105d4 0.226s[00m
2019-11-07 16:26:06.971 15661 INFO tempest.lib.common.rest_client [req-6acc1f27-ecdb-47f4-a3ce-48a73383deec ] Request (AttachInterfacesUnderV243Test:tearDownClass): 200 PUT http://10.13.3.244:9696/v2.0/routers/f088d836-0c0f-4cf5-8bb0-5c543f477d33/remove_router_interface 1.835s[00m
2019-11-07 16:26:07.509 15658 INFO tempest.lib.common.rest_client [req-ad42aa41-0892-4789-b90f-a67897be9d72 ] Request (ServerActionsTestJSON:test_reboot_server_hard): 200 GET http://10.13.3.233:8774/v2.1/servers/d623e669-09a4-404b-a1c6-447f41d105d4 0.346s[00m
2019-11-07 16:26:07.516 15658 INFO tempest.common.waiters [-] State transition "HARD_REBOOT/reboot_started_hard" ==> "ACTIVE/None" after 4 second wait[00m
2019-11-07 16:26:07.516 15658 INFO tempest.lib.common.ssh [-] Creating ssh connection to '10.13.3.169:22' as 'ubuntu' with public key authentication[00m
2019-11-07 16:26:08.110 15661 INFO tempest.lib.common.rest_client [req-99ef8feb-c24c-4e56-ae03-06efce4d8104 ] Request (AttachInterfacesUnderV243Test:tearDownClass): 204 DELETE http://10.13.3.244:9696/v2.0/routers/f088d836-0c0f-4cf5-8bb0-5c543f477d33 1.138s[00m
2019-11-07 16:26:09.156 15661 INFO tempest.lib.common.rest_client [req-ae6ee443-9dab-44fd-8504-831664d7eb00 ] Request (AttachInterfacesUnderV243Test:tearDownClass): 204 DELETE http://10.13.3.244:9696/v2.0/subnets/3db1e91f-97d1-48aa-8584-abf1b418d16e 1.045s[00m
2019-11-07 16:26:10.519 15661 INFO tempest.lib.common.rest_client [req-b55ac431-845a-4528-9316-e10ce24a7241 ] Request (AttachInterfacesUnderV243Test:tearDownClass): 204 DELETE http://10.13.3.244:9696/v2.0/networks/437087bb-d1f7-4da3-8f8a-3f862061c5d4 1.362s[00m
2019-11-07 16:26:10.601 15661 INFO tempest.lib.common.rest_client [req-c0fd4c72-8d8e-4da3-b7fe-2d75fcc25552 ] Request (AttachInterfacesUnderV243Test:tearDownClass): 204 DELETE http://10.13.3.235:35357/v3/users/ed15581535f24807984a3858543626c2 0.081s[00m
2019-11-07 16:26:10.641 15661 INFO tempest.lib.common.rest_client [req-e5fc5705-d067-4d8d-9334-dbe8df503c01 ] Request (AttachInterfacesUnderV243Test:tearDownClass): 200 GET http://10.13.3.244:9696/v2.0/security-groups?tenant_id=354eacab844d49cb93fdb819f41472b3&name=default 0.040s[00m
2019-11-07 16:26:10.799 15661 INFO tempest.lib.common.rest_client [req-8043ccaf-76b0-458b-945e-d85666db288f ] Request (AttachInterfacesUnderV243Test:tearDownClass): 204 DELETE http://10.13.3.244:9696/v2.0/security-groups/59a89ec8-3367-4fae-b7b6-f6f561336e3b 0.157s[00m
2019-11-07 16:26:10.968 15661 INFO tempest.lib.common.rest_client [req-9e42a84c-4919-43b9-93a6-cf73453c883b ] Request (AttachInterfacesUnderV243Test:tearDownClass): 204 DELETE http://10.13.3.235:35357/v3/projects/354eacab844d49cb93fdb819f41472b3 0.168s[00m
2019-11-07 16:26:11.248 15661 INFO tempest.lib.common.rest_client [req-0dfd89ff-811a-43df-ab56-7c02d7ccf7b6 ] Request (ServersTestJSON:setUpClass): 201 POST http://10.13.3.235:5000/v3/auth/tokens 0.278s[00m
2019-11-07 16:26:11.520 15661 INFO tempest.lib.common.rest_client [req-4259b28c-ceef-4c55-860d-ee148d99bb04 ] Request (ServersTestJSON:setUpClass): 201 POST http://10.13.3.235:5000/v3/auth/tokens 0.267s[00m
2019-11-07 16:26:11.543 15661 INFO tempest.lib.common.rest_client [req-577e85e1-1683-46e5-8721-2f2865ca8e34 ] Request (ServersTestJSON:setUpClass): 200 GET http://10.13.3.235:35357/v3/domains?name=admin_domain 0.021s[00m
2019-11-07 16:26:11.575 15661 INFO tempest.lib.common.rest_client [req-3de79c94-621e-4c14-9219-538b6944d1c4 ] Request (ServersTestJSON:setUpClass): 201 POST http://10.13.3.235:35357/v3/projects 0.030s[00m
2019-11-07 16:26:11.839 15661 INFO tempest.lib.common.rest_client [req-74d62871-c8eb-49eb-8b9b-ab6a924df7fb ] Request (ServersTestJSON:setUpClass): 201 POST http://10.13.3.235:35357/v3/users 0.262s[00m
2019-11-07 16:26:11.862 15661 INFO tempest.lib.common.rest_client [req-c520d85b-b7a0-4437-bc44-93b23342065c ] Request (ServersTestJSON:setUpClass): 200 GET http://10.13.3.235:35357/v3/roles 0.020s[00m
2019-11-07 16:26:11.882 15661 INFO tempest.lib.common.rest_client [req-d5a80224-061e-418e-8521-cb398e8fd095 ] Request (ServersTestJSON:setUpClass): 200 GET http://10.13.3.235:35357/v3/roles 0.018s[00m
2019-11-07 16:26:11.920 15661 INFO tempest.lib.common.rest_client [req-a424a7cb-19cb-4fec-b4ff-f67dee6d4bbe ] Request (ServersTestJSON:setUpClass): 204 PUT http://10.13.3.235:35357/v3/projects/f72cb7d1ae6444a0ade26a0d87d205a7/users/ec8f45bc303f4811aa72fc372800e57e/roles/9ef3e6a902144f4d827e1f50d701e81b 0.034s[00m
2019-11-07 16:26:11.920 15661 INFO tempest.lib.common.dynamic_creds [-] Acquired dynamic creds:
 credentials: Credentials: {'domain_id': 'db975505f8484124bc13da97388f48e6', 'domain_name': 'admin_domain', 'username': 'tempest-ServersTestJSON-1772098243', 'project_domain_id': 'db975505f8484124bc13da97388f48e6', 'project_domain_name': 'admin_domain', 'project_id': 'f72cb7d1ae6444a0ade26a0d87d205a7', 'project_name': 'tempest-ServersTestJSON-1772098243', 'tenant_id': 'f72cb7d1ae6444a0ade26a0d87d205a7', 'tenant_name': 'tempest-ServersTestJSON-1772098243', 'user_domain_id': 'db975505f8484124bc13da97388f48e6', 'user_domain_name': 'admin_domain', 'user_id': 'ec8f45bc303f4811aa72fc372800e57e'}, Network: None, Subnet: None, Router: None[00m
2019-11-07 16:26:12.201 15661 INFO tempest.lib.common.rest_client [req-40f83616-95da-4b19-9550-b9cdd7b411e4 ] Request (ServersTestJSON:setUpClass): 201 POST http://10.13.3.235:5000/v3/auth/tokens 0.280s[00m
2019-11-07 16:26:12.451 15661 INFO tempest.lib.common.rest_client [req-46823a81-8588-4a87-92d0-1c8fa55b77f7 ] Request (ServersTestJSON:setUpClass): 201 POST http://10.13.3.244:9696/v2.0/networks 0.250s[00m
2019-11-07 16:26:12.816 15661 INFO tempest.lib.common.rest_client [req-7b82017d-972e-4931-88f0-7ffc44948d32 ] Request (ServersTestJSON:setUpClass): 201 POST http://10.13.3.244:9696/v2.0/subnets 0.363s[00m
2019-11-07 16:26:13.835 15661 INFO tempest.lib.common.rest_client [req-b8f7c2f9-d4dd-4c32-9aa5-32ef103faed1 ] Request (ServersTestJSON:setUpClass): 201 POST http://10.13.3.244:9696/v2.0/routers 1.019s[00m
2019-11-07 16:26:14.776 15658 WARNING tempest.lib.common.ssh [-] Failed to establish authenticated ssh connection to ubuntu@10.13.3.169 ([Errno None] Unable to connect to port 22 on 10.13.3.169). Number attempts: 1. Retry after 2 seconds.: paramiko.ssh_exception.NoValidConnectionsError: [Errno None] Unable to connect to port 22 on 10.13.3.169[00m
2019-11-07 16:26:15.531 15661 INFO tempest.lib.common.rest_client [req-44b92765-df31-4885-a1e8-651094a45c98 ] Request (ServersTestJSON:setUpClass): 200 PUT http://10.13.3.244:9696/v2.0/routers/92d60703-d303-4cb7-8e88-778b5e3e7572/add_router_interface 1.694s[00m
2019-11-07 16:26:15.531 15661 INFO tempest.lib.common.dynamic_creds [-] Created isolated network resources for:
 credentials: Credentials: {'domain_id': 'db975505f8484124bc13da97388f48e6', 'domain_name': 'admin_domain', 'username': 'tempest-ServersTestJSON-1772098243', 'project_domain_id': 'db975505f8484124bc13da97388f48e6', 'project_domain_name': 'admin_domain', 'project_id': 'f72cb7d1ae6444a0ade26a0d87d205a7', 'project_name': 'tempest-ServersTestJSON-1772098243', 'tenant_id': 'f72cb7d1ae6444a0ade26a0d87d205a7', 'tenant_name': 'tempest-ServersTestJSON-1772098243', 'user_domain_id': 'db975505f8484124bc13da97388f48e6', 'user_domain_name': 'admin_domain', 'user_id': 'ec8f45bc303f4811aa72fc372800e57e'}, Network: {'id': '0b2fd901-471f-4e7a-a6a5-1de5869e29bd', 'name': 'tempest-ServersTestJSON-376638078-network', 'tenant_id': 'f72cb7d1ae6444a0ade26a0d87d205a7', 'admin_state_up': True, 'mtu': 1458, 'status': 'ACTIVE', 'subnets': [], 'shared': False, 'project_id': 'f72cb7d1ae6444a0ade26a0d87d205a7', 'dns_domain': '', 'router:external': False, 'provider:network_type': 'gre', 'provider:physical_network': None, 'provider:segmentation_id': 2, 'availability_zone_hints': [], 'is_default': False, 'availability_zones': [], 'ipv4_address_scope': None, 'ipv6_address_scope': None, 'description': '', 'l2_adjacency': True, 'tags': [], 'created_at': '2019-11-07T16:26:12Z', 'updated_at': '2019-11-07T16:26:12Z', 'revision_number': 1}, Subnet: {'id': 'b1058a14-d2d2-425f-87a9-2c509114e5c1', 'name': 'tempest-ServersTestJSON-376638078-subnet', 'tenant_id': 'f72cb7d1ae6444a0ade26a0d87d205a7', 'network_id': '0b2fd901-471f-4e7a-a6a5-1de5869e29bd', 'ip_version': 4, 'subnetpool_id': None, 'enable_dhcp': True, 'ipv6_ra_mode': None, 'ipv6_address_mode': None, 'gateway_ip': '172.16.0.1', 'cidr': '172.16.0.0/28', 'allocation_pools': [{'start': '172.16.0.2', 'end': '172.16.0.14'}], 'host_routes': [], 'dns_nameservers': [], 'description': '', 'service_types': [], 'segment_id': None, 'tags': [], 'created_at': '2019-11-07T16:26:12Z', 'updated_at': '2019-11-07T16:26:12Z', 'revision_number': 0, 'project_id': 'f72cb7d1ae6444a0ade26a0d87d205a7'}, Router: {'id': '92d60703-d303-4cb7-8e88-778b5e3e7572', 'name': 'tempest-ServersTestJSON-376638078-router', 'tenant_id': 'f72cb7d1ae6444a0ade26a0d87d205a7', 'admin_state_up': True, 'status': 'ACTIVE', 'external_gateway_info': {'network_id': '6fcc65ab-bb66-4b28-b06e-d9acfb74a15b', 'external_fixed_ips': [{'subnet_id': '0b655ce8-2247-4afa-a500-76b1217f786e', 'ip_address': '10.13.3.148'}], 'enable_snat': True}, 'description': '', 'availability_zones': [], 'distributed': False, 'ha': False, 'availability_zone_hints': [], 'routes': [], 'flavor_id': None, 'tags': [], 'created_at': '2019-11-07T16:26:12Z', 'updated_at': '2019-11-07T16:26:13Z', 'revision_number': 3, 'project_id': 'f72cb7d1ae6444a0ade26a0d87d205a7'}[00m
2019-11-07 16:26:15.827 15661 INFO tempest.lib.common.rest_client [req-406383ee-6a93-4c78-a218-73e3cb22dcc6 ] Request (ServersTestJSON:setUpClass): 201 POST http://10.13.3.235:5000/v3/auth/tokens 0.291s[00m
2019-11-07 16:26:16.023 15661 INFO tempest.lib.common.rest_client [req-37b4457a-6fa2-4823-96bc-442d6a9b027b ] Request (ServersTestJSON:setUpClass): 200 POST http://10.13.3.233:8774/v2.1/os-keypairs 0.195s[00m
2019-11-07 16:26:16.144 15661 INFO tempest.lib.common.rest_client [req-83e23006-4452-41ed-bc94-d143db0a3262 ] Request (ServersTestJSON:setUpClass): 201 POST http://10.13.3.244:9696/v2.0/security-groups 0.119s[00m
2019-11-07 16:26:16.222 15661 INFO tempest.lib.common.rest_client [req-25e32f30-9eff-4042-88d8-6b2b7a9d85ec ] Request (ServersTestJSON:setUpClass): 201 POST http://10.13.3.244:9696/v2.0/security-group-rules 0.078s[00m
2019-11-07 16:26:16.313 15661 INFO tempest.lib.common.rest_client [req-cbb1aacc-e5e8-4f09-894b-c75ca0c84e99 ] Request (ServersTestJSON:setUpClass): 201 POST http://10.13.3.244:9696/v2.0/security-group-rules 0.089s[00m
2019-11-07 16:26:17.280 15658 WARNING tempest.lib.common.ssh [-] Failed to establish authenticated ssh connection to ubuntu@10.13.3.169 ([Errno None] Unable to connect to port 22 on 10.13.3.169). Number attempts: 2. Retry after 3 seconds.: paramiko.ssh_exception.NoValidConnectionsError: [Errno None] Unable to connect to port 22 on 10.13.3.169[00m
2019-11-07 16:26:17.298 15661 INFO tempest.lib.common.rest_client [req-b9014dab-353d-4e12-86e3-01a1a36a142f ] Request (ServersTestJSON:setUpClass): 201 POST http://10.13.3.244:9696/v2.0/floatingips 0.984s[00m
2019-11-07 16:26:17.539 15661 INFO tempest.lib.common.rest_client [req-961292b8-5a02-429d-bde1-d4da004e4616 ] Request (ServersTestJSON:setUpClass): 201 POST http://10.13.3.235:5000/v3/auth/tokens 0.237s[00m
2019-11-07 16:26:17.540 15661 INFO tempest.lib.common.fixed_network [-] (ServersTestJSON:setUpClass) Found network {'id': '0b2fd901-471f-4e7a-a6a5-1de5869e29bd', 'name': 'tempest-ServersTestJSON-376638078-network', 'tenant_id': 'f72cb7d1ae6444a0ade26a0d87d205a7', 'admin_state_up': True, 'mtu': 1458, 'status': 'ACTIVE', 'subnets': [], 'shared': False, 'project_id': 'f72cb7d1ae6444a0ade26a0d87d205a7', 'dns_domain': '', 'router:external': False, 'provider:network_type': 'gre', 'provider:physical_network': None, 'provider:segmentation_id': 2, 'availability_zone_hints': [], 'is_default': False, 'availability_zones': [], 'ipv4_address_scope': None, 'ipv6_address_scope': None, 'description': '', 'l2_adjacency': True, 'tags': [], 'created_at': '2019-11-07T16:26:12Z', 'updated_at': '2019-11-07T16:26:12Z', 'revision_number': 1} available for tenant[00m
2019-11-07 16:26:18.080 15661 INFO tempest.lib.common.rest_client [req-c1cc825f-83fb-4872-998b-dce9daefed7a ] Request (ServersTestJSON:setUpClass): 202 POST http://10.13.3.233:8774/v2.1/servers 0.539s[00m
2019-11-07 16:26:18.134 15661 INFO tempest.lib.common.rest_client [req-1cbe3eb2-cbf8-41c1-8c44-f04673bba260 ] Request (ServersTestJSON:setUpClass): 200 GET http://10.13.3.233:8774/v2.1/servers/ccca8292-08a8-4131-ab5b-00ec70941f8b 0.053s[00m
2019-11-07 16:26:19.398 15661 INFO tempest.lib.common.rest_client [req-16541c4c-19b0-4bb5-a207-fa901d38f72d ] Request (ServersTestJSON:setUpClass): 200 GET http://10.13.3.233:8774/v2.1/servers/ccca8292-08a8-4131-ab5b-00ec70941f8b 0.257s[00m
2019-11-07 16:26:19.402 15661 INFO tempest.common.waiters [-] State transition "BUILD/scheduling" ==> "BUILD/spawning" after 1 second wait[00m
2019-11-07 16:26:20.689 15661 INFO tempest.lib.common.rest_client [req-58789c7c-4f59-4945-b554-2cc865c6a902 ] Request (ServersTestJSON:setUpClass): 200 GET http://10.13.3.233:8774/v2.1/servers/ccca8292-08a8-4131-ab5b-00ec70941f8b 0.285s[00m
2019-11-07 16:26:20.796 15658 INFO paramiko.transport [-] Connected (version 2.0, client OpenSSH_7.2p2)[00m
2019-11-07 16:26:20.898 15658 INFO paramiko.transport [-] Authentication (publickey) successful![00m
2019-11-07 16:26:20.900 15658 INFO tempest.lib.common.ssh [-] ssh connection to ubuntu@10.13.3.169 successfully created[00m
2019-11-07 16:26:21.275 15658 INFO tempest.lib.common.rest_client [req-523bafa3-8f58-4039-8d73-384240e73ad5 ] Request (ServerActionsTestJSON:tearDown): 200 GET http://10.13.3.233:8774/v2.1/servers/d623e669-09a4-404b-a1c6-447f41d105d4 0.150s[00m
{0} tempest.api.compute.servers.test_server_actions.ServerActionsTestJSON.test_reboot_server_hard [30.363948s] ... ok
2019-11-07 16:26:21.421 15658 INFO tempest.lib.common.rest_client [req-25a9728a-0f99-4905-a7f9-d63597bf0141 ] Request (ServerActionsTestJSON:tearDownClass): 204 DELETE http://10.13.3.233:8774/v2.1/servers/d623e669-09a4-404b-a1c6-447f41d105d4 0.139s[00m
2019-11-07 16:26:21.571 15658 INFO tempest.lib.common.rest_client [req-a4cbf548-9c49-4630-beef-5943fe0c8b1e ] Request (ServerActionsTestJSON:tearDownClass): 200 GET http://10.13.3.233:8774/v2.1/servers/d623e669-09a4-404b-a1c6-447f41d105d4 0.148s[00m
2019-11-07 16:26:21.845 15661 INFO tempest.lib.common.rest_client [req-6194beca-fc55-44da-b0f8-bf1018d995e9 ] Request (ServersTestJSON:setUpClass): 200 GET http://10.13.3.233:8774/v2.1/servers/ccca8292-08a8-4131-ab5b-00ec70941f8b 0.150s[00m
2019-11-07 16:26:22.851 15658 INFO tempest.lib.common.rest_client [req-246a5036-41dd-49ec-a70f-18995b8c666a ] Request (ServerActionsTestJSON:tearDownClass): 200 GET http://10.13.3.233:8774/v2.1/servers/d623e669-09a4-404b-a1c6-447f41d105d4 0.274s[00m
2019-11-07 16:26:23.091 15661 INFO tempest.lib.common.rest_client [req-ec8a9940-0510-482c-85e1-fb2f5c3c43d7 ] Request (ServersTestJSON:setUpClass): 200 GET http://10.13.3.233:8774/v2.1/servers/ccca8292-08a8-4131-ab5b-00ec70941f8b 0.240s[00m
2019-11-07 16:26:23.097 15661 INFO tempest.common.waiters [-] State transition "BUILD/spawning" ==> "ACTIVE/None" after 5 second wait[00m
2019-11-07 16:26:23.225 15661 INFO tempest.lib.common.rest_client [req-cc3a3710-afb5-4902-9f30-c025f69605e1 ] Request (ServersTestJSON:setUpClass): 200 GET http://10.13.3.233:8774/v2.1/servers/ccca8292-08a8-4131-ab5b-00ec70941f8b/os-interface 0.127s[00m
2019-11-07 16:26:23.922 15658 INFO tempest.lib.common.rest_client [req-1111d76d-44bb-42e4-978a-dd500405cd0e ] Request (ServerActionsTestJSON:tearDownClass): 404 GET http://10.13.3.233:8774/v2.1/servers/d623e669-09a4-404b-a1c6-447f41d105d4 0.064s[00m
2019-11-07 16:26:23.944 15658 INFO tempest.lib.common.rest_client [req-fea95d5a-fc97-45f4-9453-0a5895c9aa16 ] Request (ServerActionsTestJSON:tearDownClass): 202 DELETE http://10.13.3.233:8774/v2.1/os-keypairs/tempest-keypair-1494427499 0.021s[00m
2019-11-07 16:26:24.079 15658 INFO tempest.lib.common.rest_client [req-22d80116-469e-408c-b1d8-9392aa50958b ] Request (ServerActionsTestJSON:tearDownClass): 204 DELETE http://10.13.3.244:9696/v2.0/security-groups/6a18f491-e9cd-479e-b6f0-946357703cfb 0.135s[00m
2019-11-07 16:26:24.092 15658 INFO tempest.lib.common.rest_client [req-883aa2c3-1233-4767-ae7e-d3781f1465e8 ] Request (ServerActionsTestJSON:tearDownClass): 404 GET http://10.13.3.244:9696/v2.0/security-groups/6a18f491-e9cd-479e-b6f0-946357703cfb 0.012s[00m
2019-11-07 16:26:24.324 15661 INFO tempest.lib.common.rest_client [req-7b65c64f-4d52-4030-8ff7-efe045f9e88a ] Request (ServersTestJSON:setUpClass): 200 PUT http://10.13.3.244:9696/v2.0/floatingips/2996efdf-71a4-4b8c-a264-507f9cd7ba65 1.095s[00m
2019-11-07 16:26:24.762 15661 INFO tempest.lib.common.rest_client [req-20e726b0-3e8f-413c-8375-ca0a83bb0058 ] Request (ServersTestJSON:setUpClass): 200 GET http://10.13.3.233:8774/v2.1/servers/ccca8292-08a8-4131-ab5b-00ec70941f8b 0.438s[00m
2019-11-07 16:26:25.024 15658 INFO tempest.lib.common.rest_client [req-bfe9469a-f064-4b78-9ff6-431c579f4e62 ] Request (ServerActionsTestJSON:tearDownClass): 204 DELETE http://10.13.3.244:9696/v2.0/floatingips/e5863aa2-2266-435e-aa2d-91b42a5d09b6 0.931s[00m
2019-11-07 16:26:25.049 15661 INFO tempest.lib.common.rest_client [req-dc381f66-2840-4a8f-8ccc-14d3f550ab67 ] Request (ServersTestJSON:test_list_servers): 200 GET http://10.13.3.233:8774/v2.1/servers 0.282s[00m
{1} tempest.api.compute.servers.test_create_server.ServersTestJSON.test_list_servers [0.284575s] ... ok
{1} tempest.api.compute.servers.test_create_server.ServersTestJSON.test_verify_server_details [0.000407s] ... ok
2019-11-07 16:26:25.192 15661 INFO tempest.lib.common.rest_client [req-136e167c-6907-4ce1-8aea-ce7880bf356e ] Request (ServersTestJSON:tearDownClass): 204 DELETE http://10.13.3.233:8774/v2.1/servers/ccca8292-08a8-4131-ab5b-00ec70941f8b 0.139s[00m
2019-11-07 16:26:25.603 15661 INFO tempest.lib.common.rest_client [req-b39c99fb-0a27-4411-b480-de919bf68de0 ] Request (ServersTestJSON:tearDownClass): 200 GET http://10.13.3.233:8774/v2.1/servers/ccca8292-08a8-4131-ab5b-00ec70941f8b 0.410s[00m
2019-11-07 16:26:27.043 15661 INFO tempest.lib.common.rest_client [req-ebefae2c-e982-4466-80f2-eaebf1f1dace ] Request (ServersTestJSON:tearDownClass): 200 GET http://10.13.3.233:8774/v2.1/servers/ccca8292-08a8-4131-ab5b-00ec70941f8b 0.433s[00m
2019-11-07 16:26:28.185 15661 INFO tempest.lib.common.rest_client [req-4b04d932-0109-495d-ba70-bd14696103ab ] Request (ServersTestJSON:tearDownClass): 200 GET http://10.13.3.233:8774/v2.1/servers/ccca8292-08a8-4131-ab5b-00ec70941f8b 0.136s[00m
2019-11-07 16:26:28.189 15661 INFO tempest.common.waiters [-] State transition "ACTIVE/deleting" ==> "DELETED/None" after 3 second wait[00m
2019-11-07 16:26:28.191 15658 INFO tempest.lib.common.rest_client [req-da36dc91-ffa0-41af-8056-821f31108a72 ] Request (ServerActionsTestJSON:tearDownClass): 200 PUT http://10.13.3.244:9696/v2.0/routers/ad6b9425-2190-4380-8319-4bd57b684e06/remove_router_interface 3.166s[00m
2019-11-07 16:26:29.253 15661 INFO tempest.lib.common.rest_client [req-f7dc990e-ea1d-43c7-83f4-17dde8ce9d4b ] Request (ServersTestJSON:tearDownClass): 404 GET http://10.13.3.233:8774/v2.1/servers/ccca8292-08a8-4131-ab5b-00ec70941f8b 0.061s[00m
2019-11-07 16:26:29.277 15661 INFO tempest.lib.common.rest_client [req-e82e1260-fb80-4333-88b5-76e44cb526b8 ] Request (ServersTestJSON:tearDownClass): 202 DELETE http://10.13.3.233:8774/v2.1/os-keypairs/tempest-keypair-717935192 0.022s[00m
2019-11-07 16:26:29.384 15661 INFO tempest.lib.common.rest_client [req-d017bc77-590e-4a78-a1c9-f5e58e85f449 ] Request (ServersTestJSON:tearDownClass): 204 DELETE http://10.13.3.244:9696/v2.0/security-groups/255f1be6-1b63-4469-adfa-eee4231911a8 0.106s[00m
2019-11-07 16:26:29.400 15661 INFO tempest.lib.common.rest_client [req-738e9ac9-5b98-4d51-91bf-ef3c811f61ab ] Request (ServersTestJSON:tearDownClass): 404 GET http://10.13.3.244:9696/v2.0/security-groups/255f1be6-1b63-4469-adfa-eee4231911a8 0.015s[00m
2019-11-07 16:26:29.622 15658 INFO tempest.lib.common.rest_client [req-2d3101a9-80e2-477a-9a2f-7b339b21ce03 ] Request (ServerActionsTestJSON:tearDownClass): 204 DELETE http://10.13.3.244:9696/v2.0/routers/ad6b9425-2190-4380-8319-4bd57b684e06 1.430s[00m
2019-11-07 16:26:30.547 15658 INFO tempest.lib.common.rest_client [req-1db7ec2f-d5b0-44b0-99dc-066f3ef509b5 ] Request (ServerActionsTestJSON:tearDownClass): 204 DELETE http://10.13.3.244:9696/v2.0/subnets/595f83d7-1c2c-496d-9c0f-09a1c4e51d59 0.924s[00m
2019-11-07 16:26:30.856 15661 INFO tempest.lib.common.rest_client [req-c4816ab8-ca81-4b1c-b9b4-8de2e9f865b4 ] Request (ServersTestJSON:tearDownClass): 204 DELETE http://10.13.3.244:9696/v2.0/floatingips/2996efdf-71a4-4b8c-a264-507f9cd7ba65 1.455s[00m
2019-11-07 16:26:31.490 15658 INFO tempest.lib.common.rest_client [req-0d65c978-b980-4499-8e01-1a447f28285a ] Request (ServerActionsTestJSON:tearDownClass): 204 DELETE http://10.13.3.244:9696/v2.0/networks/20b6fadd-e671-4fcd-bc63-09da3bfb8cdc 0.943s[00m
2019-11-07 16:26:31.595 15658 INFO tempest.lib.common.rest_client [req-eaa323a1-78ae-4014-9f9a-280712c2b13a ] Request (ServerActionsTestJSON:tearDownClass): 204 DELETE http://10.13.3.235:35357/v3/users/a39e2d5518c14e50b075ce9091714af0 0.104s[00m
2019-11-07 16:26:31.649 15658 INFO tempest.lib.common.rest_client [req-0bed6720-31d7-4f73-8dfe-98d2cd26386b ] Request (ServerActionsTestJSON:tearDownClass): 200 GET http://10.13.3.244:9696/v2.0/security-groups?tenant_id=dc3281afcdd94c6391bd0b2944cc323a&name=default 0.054s[00m
2019-11-07 16:26:31.754 15658 INFO tempest.lib.common.rest_client [req-be85b3a0-fdab-4fbe-84fc-49767701fb24 ] Request (ServerActionsTestJSON:tearDownClass): 204 DELETE http://10.13.3.244:9696/v2.0/security-groups/efc78cd9-9e73-4eba-9a5f-71260b54adb6 0.102s[00m
2019-11-07 16:26:31.840 15658 INFO tempest.lib.common.rest_client [req-aee59ca1-24da-4c96-bb5e-6b01f84b16f0 ] Request (ServerActionsTestJSON:tearDownClass): 204 DELETE http://10.13.3.235:35357/v3/projects/dc3281afcdd94c6391bd0b2944cc323a 0.085s[00m
2019-11-07 16:26:32.121 15658 INFO tempest.lib.common.rest_client [req-f5e72e8a-b324-49d1-90f9-d7ed84df5088 ] Request (ServerAddressesTestJSON:setUpClass): 201 POST http://10.13.3.235:5000/v3/auth/tokens 0.279s[00m
2019-11-07 16:26:32.389 15658 INFO tempest.lib.common.rest_client [req-65edf52c-ee24-4e56-8a32-af54030e2aa3 ] Request (ServerAddressesTestJSON:setUpClass): 201 POST http://10.13.3.235:5000/v3/auth/tokens 0.265s[00m
2019-11-07 16:26:32.417 15658 INFO tempest.lib.common.rest_client [req-941b6f57-abcb-4187-8852-54fc33e13907 ] Request (ServerAddressesTestJSON:setUpClass): 200 GET http://10.13.3.235:35357/v3/domains?name=admin_domain 0.027s[00m
2019-11-07 16:26:32.448 15658 INFO tempest.lib.common.rest_client [req-d4bad17b-2d73-466d-a844-cf0b797b5c58 ] Request (ServerAddressesTestJSON:setUpClass): 201 POST http://10.13.3.235:35357/v3/projects 0.030s[00m
2019-11-07 16:26:32.713 15658 INFO tempest.lib.common.rest_client [req-5e91f8a8-d902-4fcd-ac82-94f9ab239086 ] Request (ServerAddressesTestJSON:setUpClass): 201 POST http://10.13.3.235:35357/v3/users 0.264s[00m
2019-11-07 16:26:32.735 15658 INFO tempest.lib.common.rest_client [req-22d120e8-d15b-4681-a496-c6e2b2c8a045 ] Request (ServerAddressesTestJSON:setUpClass): 200 GET http://10.13.3.235:35357/v3/roles 0.021s[00m
2019-11-07 16:26:32.754 15658 INFO tempest.lib.common.rest_client [req-7e6c4624-2c2e-44f1-9d9c-e411166111ba ] Request (ServerAddressesTestJSON:setUpClass): 200 GET http://10.13.3.235:35357/v3/roles 0.018s[00m
2019-11-07 16:26:32.787 15658 INFO tempest.lib.common.rest_client [req-850751cc-68d6-4c8d-b90c-dbc94a980809 ] Request (ServerAddressesTestJSON:setUpClass): 204 PUT http://10.13.3.235:35357/v3/projects/a955d6e7a82d43338387423c925ec38f/users/c97e863eab2f4eebbe651e7142dde181/roles/9ef3e6a902144f4d827e1f50d701e81b 0.032s[00m
2019-11-07 16:26:32.787 15658 INFO tempest.lib.common.dynamic_creds [-] Acquired dynamic creds:
 credentials: Credentials: {'domain_id': 'db975505f8484124bc13da97388f48e6', 'domain_name': 'admin_domain', 'username': 'tempest-ServerAddressesTestJSON-188167451', 'project_domain_id': 'db975505f8484124bc13da97388f48e6', 'project_domain_name': 'admin_domain', 'project_id': 'a955d6e7a82d43338387423c925ec38f', 'project_name': 'tempest-ServerAddressesTestJSON-188167451', 'tenant_id': 'a955d6e7a82d43338387423c925ec38f', 'tenant_name': 'tempest-ServerAddressesTestJSON-188167451', 'user_domain_id': 'db975505f8484124bc13da97388f48e6', 'user_domain_name': 'admin_domain', 'user_id': 'c97e863eab2f4eebbe651e7142dde181'}, Network: None, Subnet: None, Router: None[00m
2019-11-07 16:26:32.829 15661 INFO tempest.lib.common.rest_client [req-a7bac7ef-cb77-4c7d-8bce-0ddef2d85763 ] Request (ServersTestJSON:tearDownClass): 200 PUT http://10.13.3.244:9696/v2.0/routers/92d60703-d303-4cb7-8e88-778b5e3e7572/remove_router_interface 1.973s[00m
2019-11-07 16:26:33.063 15658 INFO tempest.lib.common.rest_client [req-cb94301e-1fe6-40e7-9d64-f0937c5b3c9f ] Request (ServerAddressesTestJSON:setUpClass): 201 POST http://10.13.3.235:5000/v3/auth/tokens 0.276s[00m
2019-11-07 16:26:33.604 15658 INFO tempest.lib.common.rest_client [req-8cf14ffa-cdff-4b16-9978-c19f1ff97a7d ] Request (ServerAddressesTestJSON:setUpClass): 201 POST http://10.13.3.244:9696/v2.0/networks 0.540s[00m
2019-11-07 16:26:34.068 15661 INFO tempest.lib.common.rest_client [req-2979f219-2ffa-4aa1-8ed2-32efb3f05d0e ] Request (ServersTestJSON:tearDownClass): 204 DELETE http://10.13.3.244:9696/v2.0/routers/92d60703-d303-4cb7-8e88-778b5e3e7572 1.238s[00m
2019-11-07 16:26:34.166 15658 INFO tempest.lib.common.rest_client [req-86cfcba2-1c81-48a1-b4d2-a5a72b7791aa ] Request (ServerAddressesTestJSON:setUpClass): 201 POST http://10.13.3.244:9696/v2.0/subnets 0.562s[00m
2019-11-07 16:26:34.167 15658 INFO tempest.lib.common.dynamic_creds [-] Created isolated network resources for:
 credentials: Credentials: {'domain_id': 'db975505f8484124bc13da97388f48e6', 'domain_name': 'admin_domain', 'username': 'tempest-ServerAddressesTestJSON-188167451', 'project_domain_id': 'db975505f8484124bc13da97388f48e6', 'project_domain_name': 'admin_domain', 'project_id': 'a955d6e7a82d43338387423c925ec38f', 'project_name': 'tempest-ServerAddressesTestJSON-188167451', 'tenant_id': 'a955d6e7a82d43338387423c925ec38f', 'tenant_name': 'tempest-ServerAddressesTestJSON-188167451', 'user_domain_id': 'db975505f8484124bc13da97388f48e6', 'user_domain_name': 'admin_domain', 'user_id': 'c97e863eab2f4eebbe651e7142dde181'}, Network: {'id': 'd058e854-4d8d-4164-9424-1065b948e47a', 'name': 'tempest-ServerAddressesTestJSON-1441067886-network', 'tenant_id': 'a955d6e7a82d43338387423c925ec38f', 'admin_state_up': True, 'mtu': 1458, 'status': 'ACTIVE', 'subnets': [], 'shared': False, 'project_id': 'a955d6e7a82d43338387423c925ec38f', 'dns_domain': '', 'router:external': False, 'provider:network_type': 'gre', 'provider:physical_network': None, 'provider:segmentation_id': 49, 'availability_zone_hints': [], 'is_default': False, 'availability_zones': [], 'ipv4_address_scope': None, 'ipv6_address_scope': None, 'description': '', 'l2_adjacency': True, 'tags': [], 'created_at': '2019-11-07T16:26:33Z', 'updated_at': '2019-11-07T16:26:33Z', 'revision_number': 1}, Subnet: {'id': '56389986-4476-4496-909f-f76d17378b9d', 'name': 'tempest-ServerAddressesTestJSON-1441067886-subnet', 'tenant_id': 'a955d6e7a82d43338387423c925ec38f', 'network_id': 'd058e854-4d8d-4164-9424-1065b948e47a', 'ip_version': 4, 'subnetpool_id': None, 'enable_dhcp': False, 'ipv6_ra_mode': None, 'ipv6_address_mode': None, 'gateway_ip': '172.16.0.1', 'cidr': '172.16.0.0/28', 'allocation_pools': [{'start': '172.16.0.2', 'end': '172.16.0.14'}], 'host_routes': [], 'dns_nameservers': [], 'description': '', 'service_types': [], 'segment_id': None, 'tags': [], 'created_at': '2019-11-07T16:26:33Z', 'updated_at': '2019-11-07T16:26:33Z', 'revision_number': 0, 'project_id': 'a955d6e7a82d43338387423c925ec38f'}, Router: None[00m
2019-11-07 16:26:34.489 15658 INFO tempest.lib.common.rest_client [req-3a2df4f9-0266-4c87-9728-fe9ff759ec65 ] Request (ServerAddressesTestJSON:setUpClass): 201 POST http://10.13.3.235:5000/v3/auth/tokens 0.318s[00m
2019-11-07 16:26:34.756 15658 INFO tempest.lib.common.rest_client [req-38ef7b50-03d5-4b0f-a332-6de5e850d290 ] Request (ServerAddressesTestJSON:setUpClass): 201 POST http://10.13.3.235:5000/v3/auth/tokens 0.262s[00m
2019-11-07 16:26:34.756 15658 INFO tempest.lib.common.fixed_network [-] (ServerAddressesTestJSON:setUpClass) Found network {'id': 'd058e854-4d8d-4164-9424-1065b948e47a', 'name': 'tempest-ServerAddressesTestJSON-1441067886-network', 'tenant_id': 'a955d6e7a82d43338387423c925ec38f', 'admin_state_up': True, 'mtu': 1458, 'status': 'ACTIVE', 'subnets': [], 'shared': False, 'project_id': 'a955d6e7a82d43338387423c925ec38f', 'dns_domain': '', 'router:external': False, 'provider:network_type': 'gre', 'provider:physical_network': None, 'provider:segmentation_id': 49, 'availability_zone_hints': [], 'is_default': False, 'availability_zones': [], 'ipv4_address_scope': None, 'ipv6_address_scope': None, 'description': '', 'l2_adjacency': True, 'tags': [], 'created_at': '2019-11-07T16:26:33Z', 'updated_at': '2019-11-07T16:26:33Z', 'revision_number': 1} available for tenant[00m
2019-11-07 16:26:35.095 15661 INFO tempest.lib.common.rest_client [req-b669f47a-9170-4de4-9f0a-4afdbc166a65 ] Request (ServersTestJSON:tearDownClass): 204 DELETE http://10.13.3.244:9696/v2.0/subnets/b1058a14-d2d2-425f-87a9-2c509114e5c1 1.026s[00m
2019-11-07 16:26:35.359 15658 INFO tempest.lib.common.rest_client [req-cd76763c-0b25-4b3a-b4da-6871dc900497 ] Request (ServerAddressesTestJSON:setUpClass): 202 POST http://10.13.3.233:8774/v2.1/servers 0.601s[00m
2019-11-07 16:26:35.415 15658 INFO tempest.lib.common.rest_client [req-1ca37f52-c630-4177-b914-e1d6dd4ab99f ] Request (ServerAddressesTestJSON:setUpClass): 200 GET http://10.13.3.233:8774/v2.1/servers/bdb8840e-cd31-428e-9f77-8944c87e6443 0.055s[00m
2019-11-07 16:26:36.074 15661 INFO tempest.lib.common.rest_client [req-17722529-8bd7-417c-85a9-309a0ee53f73 ] Request (ServersTestJSON:tearDownClass): 204 DELETE http://10.13.3.244:9696/v2.0/networks/0b2fd901-471f-4e7a-a6a5-1de5869e29bd 0.979s[00m
2019-11-07 16:26:36.167 15661 INFO tempest.lib.common.rest_client [req-1e8877c3-06ad-47ba-a098-ef2f4073965f ] Request (ServersTestJSON:tearDownClass): 204 DELETE http://10.13.3.235:35357/v3/users/ec8f45bc303f4811aa72fc372800e57e 0.092s[00m
2019-11-07 16:26:36.201 15661 INFO tempest.lib.common.rest_client [req-bc6c5986-29fc-40db-8610-2107745eb390 ] Request (ServersTestJSON:tearDownClass): 200 GET http://10.13.3.244:9696/v2.0/security-groups?tenant_id=f72cb7d1ae6444a0ade26a0d87d205a7&name=default 0.033s[00m
2019-11-07 16:26:36.306 15661 INFO tempest.lib.common.rest_client [req-ba4637d5-e6ec-4717-9368-f60308c2330b ] Request (ServersTestJSON:tearDownClass): 204 DELETE http://10.13.3.244:9696/v2.0/security-groups/03c14538-534e-43fa-b559-1d438c0dbe75 0.102s[00m
2019-11-07 16:26:36.403 15661 INFO tempest.lib.common.rest_client [req-92b9dd74-2254-4fd9-90ce-07172f7ebd13 ] Request (ServersTestJSON:tearDownClass): 204 DELETE http://10.13.3.235:35357/v3/projects/f72cb7d1ae6444a0ade26a0d87d205a7 0.094s[00m
2019-11-07 16:26:36.520 15658 INFO tempest.lib.common.rest_client [req-e95b8db9-626e-4fa9-863d-725b31248ed7 ] Request (ServerAddressesTestJSON:setUpClass): 200 GET http://10.13.3.233:8774/v2.1/servers/bdb8840e-cd31-428e-9f77-8944c87e6443 0.098s[00m
2019-11-07 16:26:36.527 15658 INFO tempest.common.waiters [-] State transition "BUILD/scheduling" ==> "BUILD/spawning" after 1 second wait[00m
