2019-11-07 16:28:41.798 15661 INFO tempest.lib.common.dynamic_creds [-] Acquired dynamic creds:
 credentials: Credentials: {'domain_id': 'db975505f8484124bc13da97388f48e6', 'domain_name': 'admin_domain', 'username': 'tempest-AccountQuotasTest-2073343464', 'project_domain_id': 'db975505f8484124bc13da97388f48e6', 'project_domain_name': 'admin_domain', 'project_id': '5fe0c30fa9ae48e6a125ce5436c0dc6e', 'project_name': 'tempest-AccountQuotasTest-2073343464', 'tenant_id': '5fe0c30fa9ae48e6a125ce5436c0dc6e', 'tenant_name': 'tempest-AccountQuotasTest-2073343464', 'user_domain_id': 'db975505f8484124bc13da97388f48e6', 'user_domain_name': 'admin_domain', 'user_id': 'f42377ca4b1d47ac8b2fb1c6ba7dbd7a'}, Network: None, Subnet: None, Router: None[00m
2019-11-07 16:28:41.798 15661 INFO tempest.lib.common.dynamic_creds [-] Created isolated network resources for:
 credentials: Credentials: {'domain_id': 'db975505f8484124bc13da97388f48e6', 'domain_name': 'admin_domain', 'username': 'tempest-AccountQuotasTest-2073343464', 'project_domain_id': 'db975505f8484124bc13da97388f48e6', 'project_domain_name': 'admin_domain', 'project_id': '5fe0c30fa9ae48e6a125ce5436c0dc6e', 'project_name': 'tempest-AccountQuotasTest-2073343464', 'tenant_id': '5fe0c30fa9ae48e6a125ce5436c0dc6e', 'tenant_name': 'tempest-AccountQuotasTest-2073343464', 'user_domain_id': 'db975505f8484124bc13da97388f48e6', 'user_domain_name': 'admin_domain', 'user_id': 'f42377ca4b1d47ac8b2fb1c6ba7dbd7a'}, Network: None, Subnet: None, Router: None[00m
2019-11-07 16:28:42.067 15658 INFO tempest.lib.common.rest_client [req-5689b9fb-d570-4059-bb13-0ed44905d172 ] Request (TestNetworkBasicOps:test_network_basic_ops): 201 POST http://10.13.3.235:5000/v3/auth/tokens 0.277s[00m
2019-11-07 16:28:42.067 15658 INFO tempest.lib.common.fixed_network [-] (TestNetworkBasicOps:test_network_basic_ops) Found network None available for tenant[00m
2019-11-07 16:28:42.095 15661 INFO tempest.lib.common.rest_client [req-613a7b7f-dc91-43c0-bb36-259895e87b28 ] Request (AccountQuotasTest:setUpClass): 201 POST http://10.13.3.235:5000/v3/auth/tokens 0.291s[00m
2019-11-07 16:28:42.138 15661 INFO tempest.lib.common.rest_client [req-3b162211-c177-42f9-a3b8-39db0dc83e75 ] Request (AccountQuotasTest:setUpClass): 201 POST http://10.13.3.235:35357/v3/projects 0.042s[00m
2019-11-07 16:28:42.390 15661 INFO tempest.lib.common.rest_client [req-01faca59-6c49-4304-9cc3-48d390c55407 ] Request (AccountQuotasTest:setUpClass): 201 POST http://10.13.3.235:35357/v3/users 0.251s[00m
2019-11-07 16:28:42.407 15661 INFO tempest.lib.common.rest_client [req-fbbe2943-86ae-44ad-ab55-c75c3835e791 ] Request (AccountQuotasTest:setUpClass): 200 GET http://10.13.3.235:35357/v3/roles 0.017s[00m
2019-11-07 16:28:42.467 15661 INFO tempest.lib.common.rest_client [req-761d2ba2-edc7-4af2-9c47-9ada14f8d56c ] Request (AccountQuotasTest:setUpClass): 204 PUT http://10.13.3.235:35357/v3/projects/6d472a743b27489081aa655acb9717b2/users/6778d9e9ed274ee6b922308f246e7e00/roles/51c8514ce5da4ab89c52be8494ad90a6 0.059s[00m
2019-11-07 16:28:42.468 15661 INFO tempest.lib.common.dynamic_creds [-] Acquired dynamic creds:
 credentials: Credentials: {'domain_id': 'db975505f8484124bc13da97388f48e6', 'domain_name': 'admin_domain', 'username': 'tempest-AccountQuotasTest-1952071247', 'project_domain_id': 'db975505f8484124bc13da97388f48e6', 'project_domain_name': 'admin_domain', 'project_id': '6d472a743b27489081aa655acb9717b2', 'project_name': 'tempest-AccountQuotasTest-1952071247', 'tenant_id': '6d472a743b27489081aa655acb9717b2', 'tenant_name': 'tempest-AccountQuotasTest-1952071247', 'user_domain_id': 'db975505f8484124bc13da97388f48e6', 'user_domain_name': 'admin_domain', 'user_id': '6778d9e9ed274ee6b922308f246e7e00'}, Network: None, Subnet: None, Router: None[00m
2019-11-07 16:28:42.468 15661 INFO tempest.lib.common.dynamic_creds [-] Created isolated network resources for:
 credentials: Credentials: {'domain_id': 'db975505f8484124bc13da97388f48e6', 'domain_name': 'admin_domain', 'username': 'tempest-AccountQuotasTest-1952071247', 'project_domain_id': 'db975505f8484124bc13da97388f48e6', 'project_domain_name': 'admin_domain', 'project_id': '6d472a743b27489081aa655acb9717b2', 'project_name': 'tempest-AccountQuotasTest-1952071247', 'tenant_id': '6d472a743b27489081aa655acb9717b2', 'tenant_name': 'tempest-AccountQuotasTest-1952071247', 'user_domain_id': 'db975505f8484124bc13da97388f48e6', 'user_domain_name': 'admin_domain', 'user_id': '6778d9e9ed274ee6b922308f246e7e00'}, Network: None, Subnet: None, Router: None[00m
2019-11-07 16:28:42.516 15658 INFO tempest.lib.common.rest_client [req-9f8c86fd-942c-4187-a4b0-712d55b91c78 ] Request (TestNetworkBasicOps:test_network_basic_ops): 202 POST http://10.13.3.233:8774/v2.1/servers 0.448s[00m
2019-11-07 16:28:42.575 15658 INFO tempest.lib.common.rest_client [req-d149b3fc-489a-48f8-b55c-1463e8b67857 ] Request (TestNetworkBasicOps:test_network_basic_ops): 200 GET http://10.13.3.233:8774/v2.1/servers/ff8af32b-469d-4ab4-a161-ac633e84664e 0.056s[00m
2019-11-07 16:28:42.761 15661 INFO tempest.lib.common.rest_client [req-45443c4e-5605-4841-b72b-cdb5c92bb2b7 ] Request (AccountQuotasTest:setUpClass): 201 POST http://10.13.3.235:5000/v3/auth/tokens 0.289s[00m
2019-11-07 16:28:43.038 15661 INFO tempest.lib.common.rest_client [req-27f5f823-c6bb-444c-9028-ce92d0862d3f ] Request (AccountQuotasTest:setUpClass): 201 POST http://10.13.3.235:5000/v3/auth/tokens 0.277s[00m
2019-11-07 16:28:43.377 15661 INFO tempest.lib.common.rest_client [txc659c5b2ac4a4213b0862-005dc4463b ] Request (AccountQuotasTest:setUpClass): 200 GET http://10.13.3.194:8080/info 0.338s[00m
2019-11-07 16:28:43.431 15661 INFO tempest.lib.common.rest_client [txda79d34873074df5adb83-005dc4463b ] Request (AccountQuotasTest:setUpClass): 201 PUT http://10.13.3.194:8080/v1/AUTH_5fe0c30fa9ae48e6a125ce5436c0dc6e/tempest-TestContainer-325431200 0.054s[00m
2019-11-07 16:28:43.472 15661 INFO tempest.lib.common.rest_client [tx028eea999d3e4d94885ed-005dc4463b ] Request (AccountQuotasTest:setUp): 204 POST http://10.13.3.194:8080/v1/AUTH_5fe0c30fa9ae48e6a125ce5436c0dc6e 0.039s[00m
2019-11-07 16:28:43.491 15661 INFO tempest.lib.common.rest_client [tx45f56ef1983f4130ab598-005dc4463b ] Request (AccountQuotasTest:test_admin_modify_quota): 204 POST http://10.13.3.194:8080/v1/AUTH_5fe0c30fa9ae48e6a125ce5436c0dc6e 0.019s[00m
2019-11-07 16:28:43.510 15661 INFO tempest.lib.common.rest_client [tx52c74bf980f44b418451b-005dc4463b ] Request (AccountQuotasTest:test_admin_modify_quota): 204 POST http://10.13.3.194:8080/v1/AUTH_5fe0c30fa9ae48e6a125ce5436c0dc6e 0.017s[00m
2019-11-07 16:28:43.525 15661 INFO tempest.lib.common.rest_client [txc2a7cb51a99946ecbab05-005dc4463b ] Request (AccountQuotasTest:test_admin_modify_quota): 204 POST http://10.13.3.194:8080/v1/AUTH_5fe0c30fa9ae48e6a125ce5436c0dc6e 0.015s[00m
2019-11-07 16:28:43.542 15661 INFO tempest.lib.common.rest_client [tx695f875a41c94f58bfeb7-005dc4463b ] Request (AccountQuotasTest:tearDown): 204 POST http://10.13.3.194:8080/v1/AUTH_5fe0c30fa9ae48e6a125ce5436c0dc6e 0.016s[00m
{1} tempest.api.object_storage.test_account_quotas.AccountQuotasTest.test_admin_modify_quota [0.110762s] ... ok
2019-11-07 16:28:43.561 15661 INFO tempest.lib.common.rest_client [tx49e2960db1c8470d9f59c-005dc4463b ] Request (AccountQuotasTest:setUp): 204 POST http://10.13.3.194:8080/v1/AUTH_5fe0c30fa9ae48e6a125ce5436c0dc6e 0.017s[00m
2019-11-07 16:28:43.588 15661 INFO tempest.lib.common.rest_client [tx64f738d6bebe4fe5be01e-005dc4463b ] Request (AccountQuotasTest:test_upload_valid_object): 201 PUT http://10.13.3.194:8080/v1/AUTH_5fe0c30fa9ae48e6a125ce5436c0dc6e/tempest-TestContainer-325431200/tempest-TestObject-197215344 0.027s[00m
2019-11-07 16:28:43.600 15661 INFO tempest.lib.common.rest_client [tx716589a0f55c4359861b4-005dc4463b ] Request (AccountQuotasTest:tearDown): 204 POST http://10.13.3.194:8080/v1/AUTH_5fe0c30fa9ae48e6a125ce5436c0dc6e 0.011s[00m
{1} tempest.api.object_storage.test_account_quotas.AccountQuotasTest.test_upload_valid_object [0.057218s] ... ok
2019-11-07 16:28:43.624 15661 INFO tempest.lib.common.rest_client [tx594e4b74abfa45b3b5367-005dc4463b ] Request (AccountQuotasTest:tearDownClass): 200 GET http://10.13.3.194:8080/v1/AUTH_5fe0c30fa9ae48e6a125ce5436c0dc6e/tempest-TestContainer-325431200?&limit=9999&format=json 0.023s[00m
2019-11-07 16:28:43.643 15661 INFO tempest.lib.common.rest_client [tx23cf0a9f1f264d8eb0c75-005dc4463b ] Request (AccountQuotasTest:tearDownClass): 204 DELETE http://10.13.3.194:8080/v1/AUTH_5fe0c30fa9ae48e6a125ce5436c0dc6e/tempest-TestContainer-325431200/tempest-TestObject-197215344 0.017s[00m
2019-11-07 16:28:43.733 15658 INFO tempest.lib.common.rest_client [req-4b269d61-00d1-43ae-955d-0edad9bf31bf ] Request (TestNetworkBasicOps:test_network_basic_ops): 200 GET http://10.13.3.233:8774/v2.1/servers/ff8af32b-469d-4ab4-a161-ac633e84664e 0.151s[00m
2019-11-07 16:28:43.737 15658 INFO tempest.common.waiters [-] State transition "BUILD/scheduling" ==> "BUILD/spawning" after 1 second wait[00m
2019-11-07 16:28:44.882 15658 INFO tempest.lib.common.rest_client [req-c293f7b6-0097-40d3-9294-66e989fd8ece ] Request (TestNetworkBasicOps:test_network_basic_ops): 200 GET http://10.13.3.233:8774/v2.1/servers/ff8af32b-469d-4ab4-a161-ac633e84664e 0.143s[00m
2019-11-07 16:28:45.666 15661 INFO tempest.lib.common.rest_client [tx64e0691863ce4662bc747-005dc4463d ] Request (AccountQuotasTest:tearDownClass): 204 DELETE http://10.13.3.194:8080/v1/AUTH_5fe0c30fa9ae48e6a125ce5436c0dc6e/tempest-TestContainer-325431200 0.020s[00m
2019-11-07 16:28:45.755 15661 INFO tempest.lib.common.rest_client [req-dfedcc11-e9fd-49c6-a119-8b5065cd3c6a ] Request (AccountQuotasTest:tearDownClass): 204 DELETE http://10.13.3.235:35357/v3/users/f42377ca4b1d47ac8b2fb1c6ba7dbd7a 0.087s[00m
2019-11-07 16:28:46.032 15661 INFO tempest.lib.common.rest_client [req-805e76c6-ea97-460d-bee1-57cf8b1531d5 ] Request (AccountQuotasTest:tearDownClass): 201 POST http://10.13.3.235:5000/v3/auth/tokens 0.275s[00m
2019-11-07 16:28:46.033 15658 INFO tempest.lib.common.rest_client [req-9574cae1-849f-4630-a2a9-92c35ebc342d ] Request (TestNetworkBasicOps:test_network_basic_ops): 200 GET http://10.13.3.233:8774/v2.1/servers/ff8af32b-469d-4ab4-a161-ac633e84664e 0.145s[00m
2019-11-07 16:28:46.175 15661 INFO tempest.lib.common.rest_client [req-fd8f3df4-cb1a-4831-afc7-c8ccfa277430 ] Request (AccountQuotasTest:tearDownClass): 200 GET http://10.13.3.244:9696/v2.0/security-groups?tenant_id=5fe0c30fa9ae48e6a125ce5436c0dc6e&name=default 0.141s[00m
2019-11-07 16:28:46.260 15661 INFO tempest.lib.common.rest_client [req-e2620a47-d03d-4bcd-9aa3-63f9736808c9 ] Request (AccountQuotasTest:tearDownClass): 204 DELETE http://10.13.3.244:9696/v2.0/security-groups/b76985b9-dd8a-465f-822c-96a4afa0b4d6 0.084s[00m
2019-11-07 16:28:46.347 15661 INFO tempest.lib.common.rest_client [req-cdec98f3-581f-48d1-81b4-56fbc3fc17f8 ] Request (AccountQuotasTest:tearDownClass): 204 DELETE http://10.13.3.235:35357/v3/projects/5fe0c30fa9ae48e6a125ce5436c0dc6e 0.087s[00m
2019-11-07 16:28:46.425 15661 INFO tempest.lib.common.rest_client [req-6b03f3c2-79c9-46b8-9d2d-d50f15c597a9 ] Request (AccountQuotasTest:tearDownClass): 204 DELETE http://10.13.3.235:35357/v3/users/6778d9e9ed274ee6b922308f246e7e00 0.077s[00m
2019-11-07 16:28:46.570 15661 INFO tempest.lib.common.rest_client [req-45a62472-a60a-4b0a-a111-46d79886dbfd ] Request (AccountQuotasTest:tearDownClass): 200 GET http://10.13.3.244:9696/v2.0/security-groups?tenant_id=6d472a743b27489081aa655acb9717b2&name=default 0.144s[00m
2019-11-07 16:28:46.667 15661 INFO tempest.lib.common.rest_client [req-14679d92-a9cf-4708-89ee-5a6e061bc13f ] Request (AccountQuotasTest:tearDownClass): 204 DELETE http://10.13.3.244:9696/v2.0/security-groups/9c11470a-9bc2-48ed-aa46-49d14c5903f4 0.095s[00m
2019-11-07 16:28:46.753 15661 INFO tempest.lib.common.rest_client [req-72a65781-3b23-40af-b325-b0bc2ba2888c ] Request (AccountQuotasTest:tearDownClass): 204 DELETE http://10.13.3.235:35357/v3/projects/6d472a743b27489081aa655acb9717b2 0.085s[00m
2019-11-07 16:28:47.028 15661 INFO tempest.lib.common.rest_client [req-43b5690c-ce03-470f-b3d9-b283affb78ab ] Request (ContainerTest:setUpClass): 201 POST http://10.13.3.235:5000/v3/auth/tokens 0.272s[00m
2019-11-07 16:28:47.194 15658 INFO tempest.lib.common.rest_client [req-21ca9b74-7889-4229-a080-7266f807e144 ] Request (TestNetworkBasicOps:test_network_basic_ops): 200 GET http://10.13.3.233:8774/v2.1/servers/ff8af32b-469d-4ab4-a161-ac633e84664e 0.155s[00m
2019-11-07 16:28:47.200 15658 INFO tempest.common.waiters [-] State transition "BUILD/spawning" ==> "ACTIVE/None" after 5 second wait[00m
2019-11-07 16:28:47.282 15661 INFO tempest.lib.common.rest_client [req-67336d2c-a719-4f27-955c-791d40794b56 ] Request (ContainerTest:setUpClass): 201 POST http://10.13.3.235:5000/v3/auth/tokens 0.249s[00m
2019-11-07 16:28:47.306 15661 INFO tempest.lib.common.rest_client [req-7830f5cc-e3f4-4661-8f9a-d00355cb1fca ] Request (ContainerTest:setUpClass): 200 GET http://10.13.3.235:35357/v3/domains?name=admin_domain 0.021s[00m
2019-11-07 16:28:47.335 15661 INFO tempest.lib.common.rest_client [req-1fd92ece-c0a2-4962-947b-dc8d5ef26a9e ] Request (ContainerTest:setUpClass): 201 POST http://10.13.3.235:35357/v3/projects 0.026s[00m
2019-11-07 16:28:47.343 15658 INFO tempest.lib.common.rest_client [req-8d5616bc-d315-4d02-9763-6b027a06fd37 ] Request (TestNetworkBasicOps:test_network_basic_ops): 200 GET http://10.13.3.233:8774/v2.1/servers/ff8af32b-469d-4ab4-a161-ac633e84664e 0.143s[00m
2019-11-07 16:28:47.389 15658 INFO tempest.lib.common.rest_client [req-31ac2b6c-3d92-43d9-a52b-e3bbf3abb9b2 ] Request (TestNetworkBasicOps:test_network_basic_ops): 200 GET http://10.13.3.244:9696/v2.0/ports?device_id=ff8af32b-469d-4ab4-a161-ac633e84664e 0.041s[00m
2019-11-07 16:28:47.590 15661 INFO tempest.lib.common.rest_client [req-bf7a7f34-5fdf-4a84-8131-8bc53e42542c ] Request (ContainerTest:setUpClass): 201 POST http://10.13.3.235:35357/v3/users 0.253s[00m
2019-11-07 16:28:47.611 15661 INFO tempest.lib.common.rest_client [req-26f3623d-2329-4154-9d74-e726a54f1b91 ] Request (ContainerTest:setUpClass): 200 GET http://10.13.3.235:35357/v3/roles 0.019s[00m
2019-11-07 16:28:47.647 15661 INFO tempest.lib.common.rest_client [req-0cb62e09-eb37-4268-8c8e-9456b9c4c72e ] Request (ContainerTest:setUpClass): 204 PUT http://10.13.3.235:35357/v3/projects/c81dedb04f2b4a1885616822914a521d/users/787cb75de6174eae92cf43da09dad1dd/roles/9ef3e6a902144f4d827e1f50d701e81b 0.034s[00m
2019-11-07 16:28:47.647 15661 INFO tempest.lib.common.dynamic_creds [-] Acquired dynamic creds:
 credentials: Credentials: {'domain_id': 'db975505f8484124bc13da97388f48e6', 'domain_name': 'admin_domain', 'username': 'tempest-ContainerTest-1591012006', 'project_domain_id': 'db975505f8484124bc13da97388f48e6', 'project_domain_name': 'admin_domain', 'project_id': 'c81dedb04f2b4a1885616822914a521d', 'project_name': 'tempest-ContainerTest-1591012006', 'tenant_id': 'c81dedb04f2b4a1885616822914a521d', 'tenant_name': 'tempest-ContainerTest-1591012006', 'user_domain_id': 'db975505f8484124bc13da97388f48e6', 'user_domain_name': 'admin_domain', 'user_id': '787cb75de6174eae92cf43da09dad1dd'}, Network: None, Subnet: None, Router: None[00m
2019-11-07 16:28:47.647 15661 INFO tempest.lib.common.dynamic_creds [-] Created isolated network resources for:
 credentials: Credentials: {'domain_id': 'db975505f8484124bc13da97388f48e6', 'domain_name': 'admin_domain', 'username': 'tempest-ContainerTest-1591012006', 'project_domain_id': 'db975505f8484124bc13da97388f48e6', 'project_domain_name': 'admin_domain', 'project_id': 'c81dedb04f2b4a1885616822914a521d', 'project_name': 'tempest-ContainerTest-1591012006', 'tenant_id': 'c81dedb04f2b4a1885616822914a521d', 'tenant_name': 'tempest-ContainerTest-1591012006', 'user_domain_id': 'db975505f8484124bc13da97388f48e6', 'user_domain_name': 'admin_domain', 'user_id': '787cb75de6174eae92cf43da09dad1dd'}, Network: None, Subnet: None, Router: None[00m
2019-11-07 16:28:47.941 15661 INFO tempest.lib.common.rest_client [req-720d8d7d-ee58-46d9-87b2-c9ce6c772ade ] Request (ContainerTest:setUpClass): 201 POST http://10.13.3.235:5000/v3/auth/tokens 0.290s[00m
2019-11-07 16:28:48.178 15661 INFO tempest.lib.common.rest_client [req-071641bb-c473-4129-ba4f-af6bcbeaf8a2 ] Request (ContainerTest:setUpClass): 201 POST http://10.13.3.235:5000/v3/auth/tokens 0.237s[00m
2019-11-07 16:28:48.343 15658 INFO tempest.lib.common.rest_client [req-63d80617-dada-4443-a6f8-ee2ccb8c485c ] Request (TestNetworkBasicOps:test_network_basic_ops): 200 PUT http://10.13.3.244:9696/v2.0/floatingips/49fbaeb9-6267-4dc7-8696-074001889f45 0.953s[00m
2019-11-07 16:28:48.415 15658 INFO tempest.lib.common.rest_client [req-18464258-4fdd-4188-8a0f-bfb61aad1252 ] Request (TestNetworkBasicOps:test_network_basic_ops): 200 GET http://10.13.3.244:9696/v2.0/floatingips/49fbaeb9-6267-4dc7-8696-074001889f45 0.072s[00m
2019-11-07 16:28:48.485 15661 INFO tempest.lib.common.rest_client [tx4ddedf096bce4813989bc-005dc44640 ] Request (ContainerTest:setUpClass): 200 GET http://10.13.3.194:8080/info 0.306s[00m
2019-11-07 16:28:48.533 15661 INFO tempest.lib.common.rest_client [txd235c9801d3e4bcb9fe4f-005dc44640 ] Request (ContainerTest:test_create_container): 201 PUT http://10.13.3.194:8080/v1/AUTH_c81dedb04f2b4a1885616822914a521d/tempest-TestContainer-1864084765 0.047s[00m
2019-11-07 16:28:48.549 15661 INFO tempest.lib.common.rest_client [tx95b55bbfc63346759f33e-005dc44640 ] Request (ContainerTest:tearDown): 200 GET http://10.13.3.194:8080/v1/AUTH_c81dedb04f2b4a1885616822914a521d/tempest-TestContainer-1864084765?&limit=9999&format=json 0.015s[00m
2019-11-07 16:28:49.473 15658 INFO tempest.lib.common.rest_client [req-ec3656e8-46a8-4385-9fd0-e5d37c45e926 ] Request (TestNetworkBasicOps:test_network_basic_ops): 200 GET http://10.13.3.244:9696/v2.0/floatingips/49fbaeb9-6267-4dc7-8696-074001889f45 0.056s[00m
2019-11-07 16:28:50.533 15658 INFO tempest.lib.common.rest_client [req-1e4649d2-7633-46ca-8765-bdf3229186d9 ] Request (TestNetworkBasicOps:test_network_basic_ops): 200 GET http://10.13.3.244:9696/v2.0/floatingips/49fbaeb9-6267-4dc7-8696-074001889f45 0.058s[00m
2019-11-07 16:28:50.535 15658 INFO tempest.scenario.manager [-] FloatingIP: {'id': '49fbaeb9-6267-4dc7-8696-074001889f45', 'tenant_id': '6cc24d42a3854e2c852bb1d28355d1dd', 'floating_ip_address': '10.13.3.173', 'floating_network_id': '6fcc65ab-bb66-4b28-b06e-d9acfb74a15b', 'router_id': '32e3a85f-0110-4d9b-9da7-005892ab0179', 'port_id': '1488310e-6e1a-4ad8-8193-a30c482ad3c1', 'fixed_ip_address': '172.16.0.6', 'status': 'DOWN', 'description': '', 'port_details': {'name': '', 'network_id': '59a01c31-ecaf-48a4-b212-dfb7bfe27bd6', 'mac_address': 'fa:16:3e:bd:35:1c', 'admin_state_up': True, 'status': 'ACTIVE', 'device_id': 'ff8af32b-469d-4ab4-a161-ac633e84664e', 'device_owner': 'compute:nova'}, 'dns_domain': '', 'dns_name': '', 'tags': [], 'created_at': '2019-11-07T16:28:25Z', 'updated_at': '2019-11-07T16:28:47Z', 'revision_number': 5, 'project_id': '6cc24d42a3854e2c852bb1d28355d1dd'} is at status: ACTIVE[00m
2019-11-07 16:28:50.577 15661 INFO tempest.lib.common.rest_client [tx0133403980ca4b02a351f-005dc44642 ] Request (ContainerTest:tearDown): 204 DELETE http://10.13.3.194:8080/v1/AUTH_c81dedb04f2b4a1885616822914a521d/tempest-TestContainer-1864084765 0.024s[00m
{1} tempest.api.object_storage.test_container_services.ContainerTest.test_create_container [2.093215s] ... ok
2019-11-07 16:28:50.602 15661 INFO tempest.lib.common.rest_client [tx7404c237e925418d93497-005dc44642 ] Request (ContainerTest:test_list_container_contents): 201 PUT http://10.13.3.194:8080/v1/AUTH_c81dedb04f2b4a1885616822914a521d/tempest-TestContainer-1731252007 0.023s[00m
2019-11-07 16:28:50.632 15661 INFO tempest.lib.common.rest_client [tx1b1817544cf34f3ca6239-005dc44642 ] Request (ContainerTest:test_list_container_contents): 201 PUT http://10.13.3.194:8080/v1/AUTH_c81dedb04f2b4a1885616822914a521d/tempest-TestContainer-1731252007/tempest-TestObject-130226052 0.026s[00m
2019-11-07 16:28:50.647 15661 INFO tempest.lib.common.rest_client [tx871dd448a9de4fe6b1f63-005dc44642 ] Request (ContainerTest:test_list_container_contents): 200 GET http://10.13.3.194:8080/v1/AUTH_c81dedb04f2b4a1885616822914a521d/tempest-TestContainer-1731252007 0.015s[00m
2019-11-07 16:28:50.687 15661 INFO tempest.lib.common.rest_client [tx442c41088e54488c89cde-005dc44642 ] Request (ContainerTest:tearDown): 404 GET http://10.13.3.194:8080/v1/AUTH_c81dedb04f2b4a1885616822914a521d/tempest-TestContainer-1864084765?&limit=9999&format=json 0.039s[00m
2019-11-07 16:28:50.712 15661 INFO tempest.lib.common.rest_client [tx5111888c5e0e4b5db4bc3-005dc44642 ] Request (ContainerTest:tearDown): 200 GET http://10.13.3.194:8080/v1/AUTH_c81dedb04f2b4a1885616822914a521d/tempest-TestContainer-1731252007?&limit=9999&format=json 0.025s[00m
2019-11-07 16:28:50.738 15661 INFO tempest.lib.common.rest_client [tx69484ab9f6c943bf87330-005dc44642 ] Request (ContainerTest:tearDown): 204 DELETE http://10.13.3.194:8080/v1/AUTH_c81dedb04f2b4a1885616822914a521d/tempest-TestContainer-1731252007/tempest-TestObject-130226052 0.017s[00m
2019-11-07 16:28:52.548 15658 INFO tempest.lib.common.ssh [-] Creating ssh connection to '10.13.3.173:22' as 'ubuntu' with public key authentication[00m
2019-11-07 16:28:52.550 15658 WARNING tempest.lib.common.ssh [-] Failed to establish authenticated ssh connection to ubuntu@10.13.3.173 ([Errno None] Unable to connect to port 22 on 10.13.3.173). Number attempts: 1. Retry after 2 seconds.: paramiko.ssh_exception.NoValidConnectionsError: [Errno None] Unable to connect to port 22 on 10.13.3.173[00m
2019-11-07 16:28:52.770 15661 INFO tempest.lib.common.rest_client [tx8cdabc3fb66e40778b739-005dc44644 ] Request (ContainerTest:tearDown): 204 DELETE http://10.13.3.194:8080/v1/AUTH_c81dedb04f2b4a1885616822914a521d/tempest-TestContainer-1731252007 0.029s[00m
{1} tempest.api.object_storage.test_container_services.ContainerTest.test_list_container_contents [2.192658s] ... ok
2019-11-07 16:28:52.793 15661 INFO tempest.lib.common.rest_client [tx65a736d634ef4dfc8a85f-005dc44644 ] Request (ContainerTest:test_list_container_metadata): 201 PUT http://10.13.3.194:8080/v1/AUTH_c81dedb04f2b4a1885616822914a521d/tempest-TestContainer-1157448075 0.021s[00m
2019-11-07 16:28:52.809 15661 INFO tempest.lib.common.rest_client [txe75c9ff058ca4c54a406b-005dc44644 ] Request (ContainerTest:test_list_container_metadata): 204 POST http://10.13.3.194:8080/v1/AUTH_c81dedb04f2b4a1885616822914a521d/tempest-TestContainer-1157448075 0.015s[00m
2019-11-07 16:28:52.824 15661 INFO tempest.lib.common.rest_client [tx16df51ac117148db84444-005dc44644 ] Request (ContainerTest:test_list_container_metadata): 204 HEAD http://10.13.3.194:8080/v1/AUTH_c81dedb04f2b4a1885616822914a521d/tempest-TestContainer-1157448075 0.014s[00m
2019-11-07 16:28:52.848 15661 INFO tempest.lib.common.rest_client [tx3e0eaea96ae948488fcae-005dc44644 ] Request (ContainerTest:tearDown): 404 GET http://10.13.3.194:8080/v1/AUTH_c81dedb04f2b4a1885616822914a521d/tempest-TestContainer-1864084765?&limit=9999&format=json 0.023s[00m
2019-11-07 16:28:52.887 15661 INFO tempest.lib.common.rest_client [txe5e357632bb44a3abe914-005dc44644 ] Request (ContainerTest:tearDown): 404 GET http://10.13.3.194:8080/v1/AUTH_c81dedb04f2b4a1885616822914a521d/tempest-TestContainer-1731252007?&limit=9999&format=json 0.038s[00m
2019-11-07 16:28:52.899 15661 INFO tempest.lib.common.rest_client [tx7c82157f99f44a5cbfa49-005dc44644 ] Request (ContainerTest:tearDown): 200 GET http://10.13.3.194:8080/v1/AUTH_c81dedb04f2b4a1885616822914a521d/tempest-TestContainer-1157448075?&limit=9999&format=json 0.011s[00m
2019-11-07 16:28:54.935 15661 INFO tempest.lib.common.rest_client [tx84d5f403161248bf92da7-005dc44646 ] Request (ContainerTest:tearDown): 204 DELETE http://10.13.3.194:8080/v1/AUTH_c81dedb04f2b4a1885616822914a521d/tempest-TestContainer-1157448075 0.034s[00m
{1} tempest.api.object_storage.test_container_services.ContainerTest.test_list_container_metadata [2.163879s] ... ok
2019-11-07 16:28:55.028 15661 INFO tempest.lib.common.rest_client [req-bbe6d33b-7f90-46d6-bf98-147f4d345edd ] Request (ContainerTest:tearDownClass): 204 DELETE http://10.13.3.235:35357/v3/users/787cb75de6174eae92cf43da09dad1dd 0.089s[00m
2019-11-07 16:28:55.054 15658 WARNING tempest.lib.common.ssh [-] Failed to establish authenticated ssh connection to ubuntu@10.13.3.173 ([Errno None] Unable to connect to port 22 on 10.13.3.173). Number attempts: 2. Retry after 3 seconds.: paramiko.ssh_exception.NoValidConnectionsError: [Errno None] Unable to connect to port 22 on 10.13.3.173[00m
2019-11-07 16:28:55.305 15661 INFO tempest.lib.common.rest_client [req-fcb8d9c9-33f5-40e5-8896-90600cf50cac ] Request (ContainerTest:tearDownClass): 201 POST http://10.13.3.235:5000/v3/auth/tokens 0.276s[00m
2019-11-07 16:28:55.454 15661 INFO tempest.lib.common.rest_client [req-bf55f5b3-6073-40f9-b632-4267ced669ee ] Request (ContainerTest:tearDownClass): 200 GET http://10.13.3.244:9696/v2.0/security-groups?tenant_id=c81dedb04f2b4a1885616822914a521d&name=default 0.148s[00m
2019-11-07 16:28:55.611 15661 INFO tempest.lib.common.rest_client [req-0d175d68-d1e0-4674-bdbf-f69a6cb43f90 ] Request (ContainerTest:tearDownClass): 204 DELETE http://10.13.3.244:9696/v2.0/security-groups/c8ecff5b-45da-49b6-8345-5d4ebce429ce 0.157s[00m
2019-11-07 16:28:55.700 15661 INFO tempest.lib.common.rest_client [req-b797c5b0-7819-4e65-b0d7-954322593113 ] Request (ContainerTest:tearDownClass): 204 DELETE http://10.13.3.235:35357/v3/projects/c81dedb04f2b4a1885616822914a521d 0.088s[00m
2019-11-07 16:28:55.985 15661 INFO tempest.lib.common.rest_client [req-d043f27d-db02-4666-ab44-be306bc5cc11 ] Request (TestServerBasicOps:setUpClass): 201 POST http://10.13.3.235:5000/v3/auth/tokens 0.284s[00m
2019-11-07 16:28:56.241 15661 INFO tempest.lib.common.rest_client [req-4cffa4a2-41ef-4efb-aa93-7aca43d255a4 ] Request (TestServerBasicOps:setUpClass): 201 POST http://10.13.3.235:5000/v3/auth/tokens 0.253s[00m
2019-11-07 16:28:56.265 15661 INFO tempest.lib.common.rest_client [req-8d39f2c7-929f-441e-9a00-3f89b1f19686 ] Request (TestServerBasicOps:setUpClass): 200 GET http://10.13.3.235:35357/v3/domains?name=admin_domain 0.023s[00m
2019-11-07 16:28:56.292 15661 INFO tempest.lib.common.rest_client [req-c4065b2a-cd7c-4120-9469-0a2335890656 ] Request (TestServerBasicOps:setUpClass): 201 POST http://10.13.3.235:35357/v3/projects 0.027s[00m
2019-11-07 16:28:56.549 15661 INFO tempest.lib.common.rest_client [req-e1d483eb-8594-4a98-a6ba-8b3c6bdb5e0d ] Request (TestServerBasicOps:setUpClass): 201 POST http://10.13.3.235:35357/v3/users 0.256s[00m
2019-11-07 16:28:56.568 15661 INFO tempest.lib.common.rest_client [req-83ceb29d-6e1d-420c-a060-e3249011e6d9 ] Request (TestServerBasicOps:setUpClass): 200 GET http://10.13.3.235:35357/v3/roles 0.018s[00m
2019-11-07 16:28:56.584 15661 INFO tempest.lib.common.rest_client [req-17448d83-3d5c-4b15-8364-cdc489143b4a ] Request (TestServerBasicOps:setUpClass): 200 GET http://10.13.3.235:35357/v3/roles 0.015s[00m
2019-11-07 16:28:56.614 15661 INFO tempest.lib.common.rest_client [req-d7feda61-d706-4ac7-8c23-1d5f7d29fa1b ] Request (TestServerBasicOps:setUpClass): 204 PUT http://10.13.3.235:35357/v3/projects/723ec813e32740a6afed63f74c4d51f5/users/cacd236ca78342268c3c79ad5064b1fa/roles/9ef3e6a902144f4d827e1f50d701e81b 0.029s[00m
2019-11-07 16:28:56.614 15661 INFO tempest.lib.common.dynamic_creds [-] Acquired dynamic creds:
 credentials: Credentials: {'domain_id': 'db975505f8484124bc13da97388f48e6', 'domain_name': 'admin_domain', 'username': 'tempest-TestServerBasicOps-979038220', 'project_domain_id': 'db975505f8484124bc13da97388f48e6', 'project_domain_name': 'admin_domain', 'project_id': '723ec813e32740a6afed63f74c4d51f5', 'project_name': 'tempest-TestServerBasicOps-979038220', 'tenant_id': '723ec813e32740a6afed63f74c4d51f5', 'tenant_name': 'tempest-TestServerBasicOps-979038220', 'user_domain_id': 'db975505f8484124bc13da97388f48e6', 'user_domain_name': 'admin_domain', 'user_id': 'cacd236ca78342268c3c79ad5064b1fa'}, Network: None, Subnet: None, Router: None[00m
2019-11-07 16:28:56.884 15661 INFO tempest.lib.common.rest_client [req-424eb8f4-79ea-4b73-963d-360f943f5297 ] Request (TestServerBasicOps:setUpClass): 201 POST http://10.13.3.235:5000/v3/auth/tokens 0.270s[00m
2019-11-07 16:28:57.163 15661 INFO tempest.lib.common.rest_client [req-3c005bc0-8b01-463f-b2f2-b21820fb0870 ] Request (TestServerBasicOps:setUpClass): 201 POST http://10.13.3.244:9696/v2.0/networks 0.278s[00m
2019-11-07 16:28:57.556 15661 INFO tempest.lib.common.rest_client [req-eb1c1e61-bd5f-4b86-8b78-f1fc6a75d30c ] Request (TestServerBasicOps:setUpClass): 201 POST http://10.13.3.244:9696/v2.0/subnets 0.392s[00m
2019-11-07 16:28:58.552 15661 INFO tempest.lib.common.rest_client [req-1a5f9187-6fe6-4a5c-a8c7-fb950e065fc1 ] Request (TestServerBasicOps:setUpClass): 201 POST http://10.13.3.244:9696/v2.0/routers 0.995s[00m
2019-11-07 16:28:58.569 15658 INFO paramiko.transport [-] Connected (version 2.0, client OpenSSH_7.2p2)[00m
2019-11-07 16:28:58.678 15658 INFO paramiko.transport [-] Authentication (publickey) successful![00m
2019-11-07 16:28:58.679 15658 INFO tempest.lib.common.ssh [-] ssh connection to ubuntu@10.13.3.173 successfully created[00m
2019-11-07 16:28:58.821 15658 INFO tempest.lib.common.rest_client [req-e9851cf2-cb9c-4604-85f7-741dd5ffdc6d ] Request (TestNetworkBasicOps:_run_cleanups): 204 DELETE http://10.13.3.233:8774/v2.1/servers/ff8af32b-469d-4ab4-a161-ac633e84664e 0.141s[00m
2019-11-07 16:28:58.998 15658 INFO tempest.lib.common.rest_client [req-def6685d-2d25-4e2e-86d5-761515cc52e4 ] Request (TestNetworkBasicOps:_run_cleanups): 200 GET http://10.13.3.233:8774/v2.1/servers/ff8af32b-469d-4ab4-a161-ac633e84664e 0.174s[00m
2019-11-07 16:29:00.178 15658 INFO tempest.lib.common.rest_client [req-50a38495-b8ff-4b6c-80d6-3edab8796601 ] Request (TestNetworkBasicOps:_run_cleanups): 200 GET http://10.13.3.233:8774/v2.1/servers/ff8af32b-469d-4ab4-a161-ac633e84664e 0.170s[00m
2019-11-07 16:29:00.745 15661 INFO tempest.lib.common.rest_client [req-242fe846-418d-4ea6-8d1e-10f5230ab9d8 ] Request (TestServerBasicOps:setUpClass): 200 PUT http://10.13.3.244:9696/v2.0/routers/01166622-c174-4bc2-b95d-63372cbc667b/add_router_interface 2.192s[00m
2019-11-07 16:29:00.745 15661 INFO tempest.lib.common.dynamic_creds [-] Created isolated network resources for:
 credentials: Credentials: {'domain_id': 'db975505f8484124bc13da97388f48e6', 'domain_name': 'admin_domain', 'username': 'tempest-TestServerBasicOps-979038220', 'project_domain_id': 'db975505f8484124bc13da97388f48e6', 'project_domain_name': 'admin_domain', 'project_id': '723ec813e32740a6afed63f74c4d51f5', 'project_name': 'tempest-TestServerBasicOps-979038220', 'tenant_id': '723ec813e32740a6afed63f74c4d51f5', 'tenant_name': 'tempest-TestServerBasicOps-979038220', 'user_domain_id': 'db975505f8484124bc13da97388f48e6', 'user_domain_name': 'admin_domain', 'user_id': 'cacd236ca78342268c3c79ad5064b1fa'}, Network: {'id': '599bdb68-4610-4e9c-8b53-e59277f62fca', 'name': 'tempest-TestServerBasicOps-790779251-network', 'tenant_id': '723ec813e32740a6afed63f74c4d51f5', 'admin_state_up': True, 'mtu': 1458, 'status': 'ACTIVE', 'subnets': [], 'shared': False, 'project_id': '723ec813e32740a6afed63f74c4d51f5', 'dns_domain': '', 'router:external': False, 'provider:network_type': 'gre', 'provider:physical_network': None, 'provider:segmentation_id': 51, 'availability_zone_hints': [], 'is_default': False, 'availability_zones': [], 'ipv4_address_scope': None, 'ipv6_address_scope': None, 'description': '', 'l2_adjacency': True, 'tags': [], 'created_at': '2019-11-07T16:28:57Z', 'updated_at': '2019-11-07T16:28:57Z', 'revision_number': 1}, Subnet: {'id': '75307024-fe4f-452b-a130-5cf3a3749ce0', 'name': 'tempest-TestServerBasicOps-790779251-subnet', 'tenant_id': '723ec813e32740a6afed63f74c4d51f5', 'network_id': '599bdb68-4610-4e9c-8b53-e59277f62fca', 'ip_version': 4, 'subnetpool_id': None, 'enable_dhcp': True, 'ipv6_ra_mode': None, 'ipv6_address_mode': None, 'gateway_ip': '172.16.0.1', 'cidr': '172.16.0.0/28', 'allocation_pools': [{'start': '172.16.0.2', 'end': '172.16.0.14'}], 'host_routes': [], 'dns_nameservers': [], 'description': '', 'service_types': [], 'segment_id': None, 'tags': [], 'created_at': '2019-11-07T16:28:57Z', 'updated_at': '2019-11-07T16:28:57Z', 'revision_number': 0, 'project_id': '723ec813e32740a6afed63f74c4d51f5'}, Router: {'id': '01166622-c174-4bc2-b95d-63372cbc667b', 'name': 'tempest-TestServerBasicOps-790779251-router', 'tenant_id': '723ec813e32740a6afed63f74c4d51f5', 'admin_state_up': True, 'status': 'ACTIVE', 'external_gateway_info': {'network_id': '6fcc65ab-bb66-4b28-b06e-d9acfb74a15b', 'external_fixed_ips': [{'subnet_id': '0b655ce8-2247-4afa-a500-76b1217f786e', 'ip_address': '10.13.3.153'}], 'enable_snat': True}, 'description': '', 'availability_zones': [], 'distributed': False, 'ha': False, 'availability_zone_hints': [], 'routes': [], 'flavor_id': None, 'tags': [], 'created_at': '2019-11-07T16:28:57Z', 'updated_at': '2019-11-07T16:28:58Z', 'revision_number': 3, 'project_id': '723ec813e32740a6afed63f74c4d51f5'}[00m
2019-11-07 16:29:01.042 15661 INFO tempest.lib.common.rest_client [req-febf4145-0c60-4c3b-baa8-1f0e2f0c5669 ] Request (TestServerBasicOps:setUpClass): 201 POST http://10.13.3.235:5000/v3/auth/tokens 0.293s[00m
2019-11-07 16:29:01.292 15658 INFO tempest.lib.common.rest_client [req-6a94670a-d026-4389-83b8-e3c947e3aebd ] Request (TestNetworkBasicOps:_run_cleanups): 200 GET http://10.13.3.233:8774/v2.1/servers/ff8af32b-469d-4ab4-a161-ac633e84664e 0.108s[00m
2019-11-07 16:29:01.601 15661 INFO tempest.lib.common.rest_client [req-1f73c770-b4e9-484e-97c5-4353a9a8d72e ] Request (TestServerBasicOps:test_server_basic_ops): 200 POST http://10.13.3.233:8774/v2.1/os-keypairs 0.557s[00m
2019-11-07 16:29:01.746 15661 INFO tempest.lib.common.rest_client [req-576187be-ca6e-4802-a731-7003cbc87fa3 ] Request (TestServerBasicOps:test_server_basic_ops): 200 POST http://10.13.3.233:8774/v2.1/os-security-groups 0.143s[00m
2019-11-07 16:29:01.889 15661 INFO tempest.lib.common.rest_client [req-4aa7cf01-df21-4802-b6b1-a59353a15a60 ] Request (TestServerBasicOps:test_server_basic_ops): 200 POST http://10.13.3.233:8774/v2.1/os-security-group-rules 0.140s[00m
2019-11-07 16:29:02.035 15661 INFO tempest.lib.common.rest_client [req-6c677d43-449c-4e8e-932a-7fa91ab9ca8d ] Request (TestServerBasicOps:test_server_basic_ops): 200 POST http://10.13.3.233:8774/v2.1/os-security-group-rules 0.144s[00m
2019-11-07 16:29:02.276 15661 INFO tempest.lib.common.rest_client [req-7fbd1d73-3301-4c0f-a0d8-c988825d9911 ] Request (TestServerBasicOps:test_server_basic_ops): 201 POST http://10.13.3.235:5000/v3/auth/tokens 0.236s[00m
2019-11-07 16:29:02.277 15661 INFO tempest.lib.common.fixed_network [-] (TestServerBasicOps:test_server_basic_ops) Found network {'id': '599bdb68-4610-4e9c-8b53-e59277f62fca', 'name': 'tempest-TestServerBasicOps-790779251-network', 'tenant_id': '723ec813e32740a6afed63f74c4d51f5', 'admin_state_up': True, 'mtu': 1458, 'status': 'ACTIVE', 'subnets': [], 'shared': False, 'project_id': '723ec813e32740a6afed63f74c4d51f5', 'dns_domain': '', 'router:external': False, 'provider:network_type': 'gre', 'provider:physical_network': None, 'provider:segmentation_id': 51, 'availability_zone_hints': [], 'is_default': False, 'availability_zones': [], 'ipv4_address_scope': None, 'ipv6_address_scope': None, 'description': '', 'l2_adjacency': True, 'tags': [], 'created_at': '2019-11-07T16:28:57Z', 'updated_at': '2019-11-07T16:28:57Z', 'revision_number': 1} available for tenant[00m
2019-11-07 16:29:02.369 15658 INFO tempest.lib.common.rest_client [req-bb3c7614-7417-4834-ae3c-24d8b327cbfa ] Request (TestNetworkBasicOps:_run_cleanups): 404 GET http://10.13.3.233:8774/v2.1/servers/ff8af32b-469d-4ab4-a161-ac633e84664e 0.071s[00m
2019-11-07 16:29:02.476 15658 INFO tempest.lib.common.rest_client [req-9a16df77-a29a-4f87-b900-7ddb4fa12b32 ] Request (TestNetworkBasicOps:_run_cleanups): 204 DELETE http://10.13.3.244:9696/v2.0/security-groups/88797f3b-b080-4b50-a165-4139e56a8db8 0.105s[00m
2019-11-07 16:29:02.500 15658 INFO tempest.lib.common.rest_client [req-558791b7-0508-4fc6-bf46-979bb464540c ] Request (TestNetworkBasicOps:_run_cleanups): 202 DELETE http://10.13.3.233:8774/v2.1/os-keypairs/tempest-TestNetworkBasicOps-922155849 0.023s[00m
2019-11-07 16:29:02.904 15661 INFO tempest.lib.common.rest_client [req-58b965bc-bb35-4409-ad16-4110aba562e3 ] Request (TestServerBasicOps:test_server_basic_ops): 202 POST http://10.13.3.233:8774/v2.1/servers 0.626s[00m
2019-11-07 16:29:02.965 15661 INFO tempest.lib.common.rest_client [req-deb1e489-5d31-48b2-a6f0-5c7d69216e93 ] Request (TestServerBasicOps:test_server_basic_ops): 200 GET http://10.13.3.233:8774/v2.1/servers/010b18d2-97e3-4fb1-80e0-897374be0609 0.058s[00m
2019-11-07 16:29:03.087 15658 INFO tempest.lib.common.rest_client [req-979b1727-7f86-479c-8545-71d31e46a254 ] Request (TestNetworkBasicOps:_run_cleanups): 204 DELETE http://10.13.3.244:9696/v2.0/floatingips/49fbaeb9-6267-4dc7-8696-074001889f45 0.586s[00m
2019-11-07 16:29:03.229 15658 INFO tempest.lib.common.rest_client [req-2e4ed5b2-8bdd-45d9-bdf6-ac4c1bc6c95f ] Request (TestNetworkBasicOps:_run_cleanups): 204 DELETE http://10.13.3.233:8774/v2.1/servers/2ad4d320-a2b0-4f86-af3c-e50b298066de 0.142s[00m
2019-11-07 16:29:03.384 15658 INFO tempest.lib.common.rest_client [req-86b9be23-c348-4ebe-8f01-c42871dddc56 ] Request (TestNetworkBasicOps:_run_cleanups): 200 GET http://10.13.3.233:8774/v2.1/servers/2ad4d320-a2b0-4f86-af3c-e50b298066de 0.154s[00m
2019-11-07 16:29:04.137 15661 INFO tempest.lib.common.rest_client [req-8ede9e31-49d8-4bf0-af92-5c23e80607eb ] Request (TestServerBasicOps:test_server_basic_ops): 200 GET http://10.13.3.233:8774/v2.1/servers/010b18d2-97e3-4fb1-80e0-897374be0609 0.166s[00m
2019-11-07 16:29:04.141 15661 INFO tempest.common.waiters [-] State transition "BUILD/scheduling" ==> "BUILD/spawning" after 2 second wait[00m
2019-11-07 16:29:04.550 15658 INFO tempest.lib.common.rest_client [req-f5ce1e0a-e5bd-47a5-8243-1cf497e1f84f ] Request (TestNetworkBasicOps:_run_cleanups): 200 GET http://10.13.3.233:8774/v2.1/servers/2ad4d320-a2b0-4f86-af3c-e50b298066de 0.160s[00m
2019-11-07 16:29:05.340 15661 INFO tempest.lib.common.rest_client [req-8ba00f0a-d27b-48b6-a5de-be45b2593efb ] Request (TestServerBasicOps:test_server_basic_ops): 200 GET http://10.13.3.233:8774/v2.1/servers/010b18d2-97e3-4fb1-80e0-897374be0609 0.197s[00m
2019-11-07 16:29:05.659 15658 INFO tempest.lib.common.rest_client [req-299ddab5-1f32-437c-a30c-800edc743554 ] Request (TestNetworkBasicOps:_run_cleanups): 200 GET http://10.13.3.233:8774/v2.1/servers/2ad4d320-a2b0-4f86-af3c-e50b298066de 0.103s[00m
2019-11-07 16:29:06.523 15661 INFO tempest.lib.common.rest_client [req-03404dce-d717-4f3e-bd1e-50f206851fe8 ] Request (TestServerBasicOps:test_server_basic_ops): 200 GET http://10.13.3.233:8774/v2.1/servers/010b18d2-97e3-4fb1-80e0-897374be0609 0.177s[00m
2019-11-07 16:29:06.731 15658 INFO tempest.lib.common.rest_client [req-9d17808d-e4d1-4a7e-857f-8bf6e17a6a8e ] Request (TestNetworkBasicOps:_run_cleanups): 404 GET http://10.13.3.233:8774/v2.1/servers/2ad4d320-a2b0-4f86-af3c-e50b298066de 0.066s[00m
2019-11-07 16:29:06.849 15658 INFO tempest.lib.common.rest_client [req-8185412f-3671-4d7c-bf64-a62c0670d9d2 ] Request (TestNetworkBasicOps:_run_cleanups): 204 DELETE http://10.13.3.244:9696/v2.0/security-groups/c9c1e1b8-2bf1-428c-8364-882512e03945 0.117s[00m
2019-11-07 16:29:06.873 15658 INFO tempest.lib.common.rest_client [req-2ee7ccd1-cb5a-484c-a497-cd0e884cfe4d ] Request (TestNetworkBasicOps:_run_cleanups): 202 DELETE http://10.13.3.233:8774/v2.1/os-keypairs/tempest-TestNetworkBasicOps-203322719 0.023s[00m
2019-11-07 16:29:07.795 15661 INFO tempest.lib.common.rest_client [req-b35d363f-11d6-4094-a769-210dc28a2f20 ] Request (TestServerBasicOps:test_server_basic_ops): 200 GET http://10.13.3.233:8774/v2.1/servers/010b18d2-97e3-4fb1-80e0-897374be0609 0.266s[00m
2019-11-07 16:29:08.751 15658 INFO tempest.lib.common.rest_client [req-05ced3d5-b3b7-4c2b-8cfc-655ce12824fd ] Request (TestNetworkBasicOps:_run_cleanups): 200 PUT http://10.13.3.244:9696/v2.0/routers/32e3a85f-0110-4d9b-9da7-005892ab0179/remove_router_interface 1.877s[00m
2019-11-07 16:29:09.171 15661 INFO tempest.lib.common.rest_client [req-f866aac7-4b21-4a66-954f-35614377c736 ] Request (TestServerBasicOps:test_server_basic_ops): 200 GET http://10.13.3.233:8774/v2.1/servers/010b18d2-97e3-4fb1-80e0-897374be0609 0.370s[00m
2019-11-07 16:29:09.175 15661 INFO tempest.common.waiters [-] State transition "BUILD/spawning" ==> "ACTIVE/None" after 7 second wait[00m
2019-11-07 16:29:09.458 15661 INFO tempest.lib.common.rest_client [req-949c96c0-3022-4917-83f9-c40cc6f280c9 ] Request (TestServerBasicOps:test_server_basic_ops): 200 GET http://10.13.3.233:8774/v2.1/servers/010b18d2-97e3-4fb1-80e0-897374be0609 0.282s[00m
2019-11-07 16:29:09.744 15661 INFO tempest.lib.common.rest_client [req-e7cde98a-6cec-4cde-bbac-a94f6c3538c9 ] Request (TestServerBasicOps:test_server_basic_ops): 200 GET http://10.13.3.233:8774/v2.1/servers/010b18d2-97e3-4fb1-80e0-897374be0609 0.282s[00m
2019-11-07 16:29:10.221 15658 INFO tempest.lib.common.rest_client [req-8957e495-ae23-4620-b81d-70b42d94531b ] Request (TestNetworkBasicOps:_run_cleanups): 204 DELETE http://10.13.3.244:9696/v2.0/subnets/ca54fcc1-1b86-40c9-84a0-c718e9631d71 1.469s[00m
2019-11-07 16:29:11.263 15658 INFO tempest.lib.common.rest_client [req-a075d874-6d5b-4c4f-8d0e-0beb321217a3 ] Request (TestNetworkBasicOps:_run_cleanups): 204 DELETE http://10.13.3.244:9696/v2.0/routers/32e3a85f-0110-4d9b-9da7-005892ab0179 1.041s[00m
2019-11-07 16:29:11.372 15661 INFO tempest.lib.common.rest_client [req-4e4a8e16-9802-4c94-afcd-75719ca1736a ] Request (TestServerBasicOps:test_server_basic_ops): 200 POST http://10.13.3.233:8774/v2.1/os-floating-ips 1.623s[00m
2019-11-07 16:29:11.856 15658 INFO tempest.lib.common.rest_client [req-af188dea-ede0-4240-8940-f51458488a13 ] Request (TestNetworkBasicOps:_run_cleanups): 204 DELETE http://10.13.3.244:9696/v2.0/networks/59a01c31-ecaf-48a4-b212-dfb7bfe27bd6 0.593s[00m
{0} tempest.scenario.test_network_basic_ops.TestNetworkBasicOps.test_network_basic_ops [59.577771s] ... ok
2019-11-07 16:29:11.945 15658 INFO tempest.lib.common.rest_client [req-4b247c3d-264c-49ad-9daf-2406d84892e3 ] Request (TestNetworkBasicOps:tearDownClass): 204 DELETE http://10.13.3.235:35357/v3/users/a77cd6c584eb4815a067c06dfa69d20d 0.087s[00m
2019-11-07 16:29:12.218 15658 INFO tempest.lib.common.rest_client [req-5c4eb7c0-aa95-42e3-aa4f-8034ff55b351 ] Request (TestNetworkBasicOps:tearDownClass): 201 POST http://10.13.3.235:5000/v3/auth/tokens 0.272s[00m
2019-11-07 16:29:12.311 15658 INFO tempest.lib.common.rest_client [req-d670f3f1-d89e-468f-882f-d2de3a495ded ] Request (TestNetworkBasicOps:tearDownClass): 200 GET http://10.13.3.244:9696/v2.0/security-groups?tenant_id=6cc24d42a3854e2c852bb1d28355d1dd&name=default 0.092s[00m
2019-11-07 16:29:12.422 15658 INFO tempest.lib.common.rest_client [req-27f2d363-7c75-4fd8-8540-cc994cc54c2b ] Request (TestNetworkBasicOps:tearDownClass): 204 DELETE http://10.13.3.244:9696/v2.0/security-groups/8a79bb42-6ce3-4617-89bf-ae451df718b3 0.110s[00m
2019-11-07 16:29:12.503 15658 INFO tempest.lib.common.rest_client [req-387c9801-7650-4b9a-82ff-aa5ad33ff758 ] Request (TestNetworkBasicOps:tearDownClass): 204 DELETE http://10.13.3.235:35357/v3/projects/6cc24d42a3854e2c852bb1d28355d1dd 0.080s[00m
2019-11-07 16:29:12.576 15658 INFO tempest.lib.common.rest_client [req-c3ad7ef4-6369-4037-8bde-ce421baf616d ] Request (TestNetworkBasicOps:tearDownClass): 204 DELETE http://10.13.3.235:35357/v3/users/1d9f574cb9d44f5984baa915cc20f62f 0.072s[00m
2019-11-07 16:29:12.716 15658 INFO tempest.lib.common.rest_client [req-f6ef5923-873d-49c5-8765-88b65e0911e7 ] Request (TestNetworkBasicOps:tearDownClass): 200 GET http://10.13.3.244:9696/v2.0/security-groups?tenant_id=201d1ac0a6c745c9b46c8f4908cc3c3d&name=default 0.139s[00m
2019-11-07 16:29:12.982 15658 INFO tempest.lib.common.rest_client [req-18fadf20-d0f5-4f03-95f2-6fb0e1c0760f ] Request (TestNetworkBasicOps:tearDownClass): 204 DELETE http://10.13.3.244:9696/v2.0/security-groups/8d5429f7-9a64-4605-9bdc-1998033f74c8 0.266s[00m
2019-11-07 16:29:13.066 15658 INFO tempest.lib.common.rest_client [req-35754f70-cfdd-4e6b-ad24-4f3894f68e02 ] Request (TestNetworkBasicOps:tearDownClass): 204 DELETE http://10.13.3.235:35357/v3/projects/201d1ac0a6c745c9b46c8f4908cc3c3d 0.083s[00m
2019-11-07 16:29:13.165 15661 INFO tempest.lib.common.rest_client [req-2116174b-e75d-4eac-a44a-54dd4a21ebcc ] Request (TestServerBasicOps:test_server_basic_ops): 202 POST http://10.13.3.233:8774/v2.1/servers/010b18d2-97e3-4fb1-80e0-897374be0609/action 1.791s[00m
2019-11-07 16:29:13.167 15661 INFO tempest.lib.common.ssh [-] Creating ssh connection to '10.13.3.151:22' as 'ubuntu' with public key authentication[00m
2019-11-07 16:29:13.341 15658 INFO tempest.lib.common.rest_client [req-d58a9014-cb39-4be2-aa04-2ade74d8e79f ] Request (TestServerMultinode:setUpClass): 201 POST http://10.13.3.235:5000/v3/auth/tokens 0.271s[00m
2019-11-07 16:29:13.600 15658 INFO tempest.lib.common.rest_client [req-37b125c0-4c17-466b-83c1-6cdab5d52791 ] Request (TestServerMultinode:setUpClass): 201 POST http://10.13.3.235:5000/v3/auth/tokens 0.254s[00m
2019-11-07 16:29:13.621 15658 INFO tempest.lib.common.rest_client [req-743a6ea1-2e06-43c7-81aa-044dba7ec7f0 ] Request (TestServerMultinode:setUpClass): 200 GET http://10.13.3.235:35357/v3/domains?name=admin_domain 0.020s[00m
2019-11-07 16:29:13.649 15658 INFO tempest.lib.common.rest_client [req-3d749030-11de-49a8-bb10-f1d45bcc4a2f ] Request (TestServerMultinode:setUpClass): 201 POST http://10.13.3.235:35357/v3/projects 0.026s[00m
2019-11-07 16:29:13.904 15658 INFO tempest.lib.common.rest_client [req-f05e7978-d570-4115-9b26-d2baca9b983e ] Request (TestServerMultinode:setUpClass): 201 POST http://10.13.3.235:35357/v3/users 0.252s[00m
2019-11-07 16:29:13.920 15658 INFO tempest.lib.common.rest_client [req-6d08373a-a403-48c0-8e46-c0d009b2765d ] Request (TestServerMultinode:setUpClass): 200 GET http://10.13.3.235:35357/v3/roles 0.015s[00m
2019-11-07 16:29:13.939 15658 INFO tempest.lib.common.rest_client [req-15b0c38d-83ae-4f78-b689-65470514a2e1 ] Request (TestServerMultinode:setUpClass): 200 GET http://10.13.3.235:35357/v3/roles 0.018s[00m
2019-11-07 16:29:13.967 15658 INFO tempest.lib.common.rest_client [req-9ce18a9b-9dbe-4dfa-a4c4-801029337e68 ] Request (TestServerMultinode:setUpClass): 204 PUT http://10.13.3.235:35357/v3/projects/038fbca42eeb4f08a635779ff2e64156/users/06b51520919b402fab9ef924dc7fb1a7/roles/9ef3e6a902144f4d827e1f50d701e81b 0.027s[00m
2019-11-07 16:29:13.967 15658 INFO tempest.lib.common.dynamic_creds [-] Acquired dynamic creds:
 credentials: Credentials: {'domain_id': 'db975505f8484124bc13da97388f48e6', 'domain_name': 'admin_domain', 'username': 'tempest-TestServerMultinode-1298826801', 'project_domain_id': 'db975505f8484124bc13da97388f48e6', 'project_domain_name': 'admin_domain', 'project_id': '038fbca42eeb4f08a635779ff2e64156', 'project_name': 'tempest-TestServerMultinode-1298826801', 'tenant_id': '038fbca42eeb4f08a635779ff2e64156', 'tenant_name': 'tempest-TestServerMultinode-1298826801', 'user_domain_id': 'db975505f8484124bc13da97388f48e6', 'user_domain_name': 'admin_domain', 'user_id': '06b51520919b402fab9ef924dc7fb1a7'}, Network: None, Subnet: None, Router: None[00m
2019-11-07 16:29:14.236 15658 INFO tempest.lib.common.rest_client [req-1c64b5b9-81a5-4b3a-819f-a0633f587d12 ] Request (TestServerMultinode:setUpClass): 201 POST http://10.13.3.235:5000/v3/auth/tokens 0.268s[00m
2019-11-07 16:29:14.460 15658 INFO tempest.lib.common.rest_client [req-ef681c1b-5e1c-4c25-bffc-1c3985478fdf ] Request (TestServerMultinode:setUpClass): 201 POST http://10.13.3.244:9696/v2.0/networks 0.223s[00m
2019-11-07 16:29:14.871 15658 INFO tempest.lib.common.rest_client [req-2a70ef00-374f-49e5-b51d-d7843fd44d3c ] Request (TestServerMultinode:setUpClass): 201 POST http://10.13.3.244:9696/v2.0/subnets 0.410s[00m
2019-11-07 16:29:15.239 15661 WARNING tempest.lib.common.ssh [-] Failed to establish authenticated ssh connection to ubuntu@10.13.3.151 ([Errno None] Unable to connect to port 22 on 10.13.3.151). Number attempts: 1. Retry after 2 seconds.: paramiko.ssh_exception.NoValidConnectionsError: [Errno None] Unable to connect to port 22 on 10.13.3.151[00m
2019-11-07 16:29:15.958 15658 INFO tempest.lib.common.rest_client [req-1a3eafca-7503-44b6-a7e1-26c4b6223b72 ] Request (TestServerMultinode:setUpClass): 201 POST http://10.13.3.244:9696/v2.0/routers 1.087s[00m
2019-11-07 16:29:17.385 15658 INFO tempest.lib.common.rest_client [req-2fa2b015-f915-49cb-9a44-80a4b47bd8f7 ] Request (TestServerMultinode:setUpClass): 200 PUT http://10.13.3.244:9696/v2.0/routers/b6501525-1313-4529-ab5d-35bbcfe4078a/add_router_interface 1.426s[00m
2019-11-07 16:29:17.386 15658 INFO tempest.lib.common.dynamic_creds [-] Created isolated network resources for:
