 credentials: Credentials: {'domain_id': 'db975505f8484124bc13da97388f48e6', 'domain_name': 'admin_domain', 'username': 'tempest-BasicOperationsImagesTest-281671214', 'project_domain_id': 'db975505f8484124bc13da97388f48e6', 'project_domain_name': 'admin_domain', 'project_id': 'a8cea35aab3b4f71901c1fce46438604', 'project_name': 'tempest-BasicOperationsImagesTest-281671214', 'tenant_id': 'a8cea35aab3b4f71901c1fce46438604', 'tenant_name': 'tempest-BasicOperationsImagesTest-281671214', 'user_domain_id': 'db975505f8484124bc13da97388f48e6', 'user_domain_name': 'admin_domain', 'user_id': 'aa7cd5b1e94549278fba669bfe637799'}, Network: None, Subnet: None, Router: None[00m
2019-11-07 16:27:07.487 15661 INFO tempest.lib.common.rest_client [req-6667ddee-d98b-45c7-880e-db36c988fc55 ] Request (GroupsV3TestJSON:setUpClass): 201 POST http://10.13.3.235:5000/v3/auth/tokens 0.258s[00m
2019-11-07 16:27:07.519 15661 INFO tempest.lib.common.rest_client [req-f0bba8ca-d38f-4944-a76d-053e7d655d58 ] Request (GroupsV3TestJSON:setUpClass): 200 GET http://10.13.3.235:35357/v3/domains?name=admin_domain 0.031s[00m
2019-11-07 16:27:07.547 15661 INFO tempest.lib.common.rest_client [req-a91e4e8f-daa9-4c1b-a4e8-701dbc3a5db0 ] Request (GroupsV3TestJSON:setUpClass): 201 POST http://10.13.3.235:35357/v3/projects 0.027s[00m
2019-11-07 16:27:07.649 15658 INFO tempest.lib.common.rest_client [req-e06254a6-3c5a-411d-9fb8-a8d9d3ec1191 ] Request (BasicOperationsImagesTest:setUpClass): 201 POST http://10.13.3.235:5000/v3/auth/tokens 0.286s[00m
2019-11-07 16:27:07.797 15661 INFO tempest.lib.common.rest_client [req-2aba2474-52d4-4bf9-b266-f9a9d9937ec7 ] Request (GroupsV3TestJSON:setUpClass): 201 POST http://10.13.3.235:35357/v3/users 0.250s[00m
2019-11-07 16:27:07.873 15661 INFO tempest.lib.common.rest_client [req-573afbc5-364a-4923-9a1b-404ae1c50871 ] Request (GroupsV3TestJSON:setUpClass): 200 GET http://10.13.3.235:35357/v3/roles 0.076s[00m
2019-11-07 16:27:07.880 15658 INFO tempest.lib.common.rest_client [req-b0eab116-608f-4343-8e8f-dab3a5f11849 ] Request (BasicOperationsImagesTest:test_delete_image): 201 POST http://10.13.3.204:9292/v2/images 0.229s[00m
2019-11-07 16:27:07.891 15661 INFO tempest.lib.common.rest_client [req-da3e7bdc-1697-48e8-9b44-58deb304ad1b ] Request (GroupsV3TestJSON:setUpClass): 200 GET http://10.13.3.235:35357/v3/roles 0.017s[00m
2019-11-07 16:27:07.922 15658 INFO tempest.lib.common.rest_client [req-043b66f8-4f67-493e-aeb4-65a1d1732b32 ] Request (BasicOperationsImagesTest:test_delete_image): 204 DELETE http://10.13.3.204:9292/v2/images/ec20a72e-1ad6-4876-94e5-cc881006cafd 0.042s[00m
2019-11-07 16:27:07.925 15661 INFO tempest.lib.common.rest_client [req-61582968-9ada-49a0-a809-f14a8e6907fb ] Request (GroupsV3TestJSON:setUpClass): 204 PUT http://10.13.3.235:35357/v3/projects/fe9326ca5dde4b22a057fe1c22461cb3/users/377a18a61fd44fb1ae3e0ad5a7dd71b7/roles/9ef3e6a902144f4d827e1f50d701e81b 0.033s[00m
2019-11-07 16:27:07.926 15661 INFO tempest.lib.common.dynamic_creds [-] Acquired dynamic creds:
 credentials: Credentials: {'domain_id': 'db975505f8484124bc13da97388f48e6', 'domain_name': 'admin_domain', 'username': 'tempest-GroupsV3TestJSON-1319344634', 'project_domain_id': 'db975505f8484124bc13da97388f48e6', 'project_domain_name': 'admin_domain', 'project_id': 'fe9326ca5dde4b22a057fe1c22461cb3', 'project_name': 'tempest-GroupsV3TestJSON-1319344634', 'tenant_id': 'fe9326ca5dde4b22a057fe1c22461cb3', 'tenant_name': 'tempest-GroupsV3TestJSON-1319344634', 'user_domain_id': 'db975505f8484124bc13da97388f48e6', 'user_domain_name': 'admin_domain', 'user_id': '377a18a61fd44fb1ae3e0ad5a7dd71b7'}, Network: None, Subnet: None, Router: None[00m
2019-11-07 16:27:07.927 15661 INFO tempest.lib.common.dynamic_creds [-] Created isolated network resources for:
 credentials: Credentials: {'domain_id': 'db975505f8484124bc13da97388f48e6', 'domain_name': 'admin_domain', 'username': 'tempest-GroupsV3TestJSON-1319344634', 'project_domain_id': 'db975505f8484124bc13da97388f48e6', 'project_domain_name': 'admin_domain', 'project_id': 'fe9326ca5dde4b22a057fe1c22461cb3', 'project_name': 'tempest-GroupsV3TestJSON-1319344634', 'tenant_id': 'fe9326ca5dde4b22a057fe1c22461cb3', 'tenant_name': 'tempest-GroupsV3TestJSON-1319344634', 'user_domain_id': 'db975505f8484124bc13da97388f48e6', 'user_domain_name': 'admin_domain', 'user_id': '377a18a61fd44fb1ae3e0ad5a7dd71b7'}, Network: None, Subnet: None, Router: None[00m
2019-11-07 16:27:07.934 15658 INFO tempest.lib.common.rest_client [req-b2daa06f-720e-410f-8ef9-537bf967f320 ] Request (BasicOperationsImagesTest:test_delete_image): 404 GET http://10.13.3.204:9292/v2/images/ec20a72e-1ad6-4876-94e5-cc881006cafd 0.011s[00m
2019-11-07 16:27:07.991 15658 INFO tempest.lib.common.rest_client [req-32a8e4ef-0cfb-4819-998a-ec754e89b8ff ] Request (BasicOperationsImagesTest:test_delete_image): 200 GET http://10.13.3.204:9292/v2/images 0.056s[00m
{0} tempest.api.image.v2.test_images.BasicOperationsImagesTest.test_delete_image [0.341757s] ... ok
2019-11-07 16:27:08.014 15658 INFO tempest.lib.common.rest_client [req-f8c55352-4ae9-431b-bcd2-ed53fe309841 ] Request (BasicOperationsImagesTest:test_register_upload_get_image_file): 201 POST http://10.13.3.204:9292/v2/images 0.022s[00m
2019-11-07 16:27:08.027 15658 INFO tempest.lib.common.rest_client [req-59473002-166f-4ab0-a73d-d0e9360fd861 ] Request (BasicOperationsImagesTest:test_register_upload_get_image_file): 204 GET http://10.13.3.204:9292/v2/images/6b792f05-7234-4075-ba96-3b2025f8f67b/file 0.012s[00m
2019-11-07 16:27:08.095 15658 INFO tempest.lib.common.rest_client [req-c38f1d1f-f978-4be8-ae0c-425f648823d6 ] Request (BasicOperationsImagesTest:test_register_upload_get_image_file): 204 PUT http://10.13.3.204:9292/v2/images/6b792f05-7234-4075-ba96-3b2025f8f67b/file 0.065s[00m
2019-11-07 16:27:08.110 15658 INFO tempest.lib.common.rest_client [req-98484de5-abe0-4688-8c8a-e2dc1a5c3c05 ] Request (BasicOperationsImagesTest:test_register_upload_get_image_file): 200 GET http://10.13.3.204:9292/v2/images/6b792f05-7234-4075-ba96-3b2025f8f67b 0.014s[00m
2019-11-07 16:27:08.125 15658 INFO tempest.lib.common.rest_client [req-3b628f41-156d-4106-bc4e-3f944d200c42 ] Request (BasicOperationsImagesTest:test_register_upload_get_image_file): 200 GET http://10.13.3.204:9292/v2/images/6b792f05-7234-4075-ba96-3b2025f8f67b/file 0.014s[00m
{0} tempest.api.image.v2.test_images.BasicOperationsImagesTest.test_register_upload_get_image_file [0.133558s] ... ok
2019-11-07 16:27:08.148 15658 INFO tempest.lib.common.rest_client [req-d14bafb5-f340-46a4-b1da-58ead96880a4 ] Request (BasicOperationsImagesTest:test_update_image): 201 POST http://10.13.3.204:9292/v2/images 0.022s[00m
2019-11-07 16:27:08.187 15658 INFO tempest.lib.common.rest_client [req-a50c1369-8bf9-4793-9cb4-92403565e92f ] Request (BasicOperationsImagesTest:test_update_image): 200 PATCH http://10.13.3.204:9292/v2/images/843ce55b-49b2-4b82-9405-02385f74da29 0.039s[00m
2019-11-07 16:27:08.202 15658 INFO tempest.lib.common.rest_client [req-a96b2d52-794f-4f3b-a6fe-30994fef1def ] Request (BasicOperationsImagesTest:test_update_image): 200 GET http://10.13.3.204:9292/v2/images/843ce55b-49b2-4b82-9405-02385f74da29 0.014s[00m
{0} tempest.api.image.v2.test_images.BasicOperationsImagesTest.test_update_image [0.077236s] ... ok
2019-11-07 16:27:08.226 15661 INFO tempest.lib.common.rest_client [req-80fd25cd-5d8b-48f1-8dfb-a84ec27983d5 ] Request (GroupsV3TestJSON:setUpClass): 201 POST http://10.13.3.235:5000/v3/auth/tokens 0.286s[00m
2019-11-07 16:27:08.246 15658 INFO tempest.lib.common.rest_client [req-2c880398-fb91-421f-b07a-ca65a62a15be ] Request (BasicOperationsImagesTest:tearDownClass): 204 DELETE http://10.13.3.204:9292/v2/images/843ce55b-49b2-4b82-9405-02385f74da29 0.042s[00m
2019-11-07 16:27:08.256 15658 INFO tempest.lib.common.rest_client [req-77dcbdd7-c3e5-49a5-83b2-adfdc54cd75d ] Request (BasicOperationsImagesTest:tearDownClass): 404 GET http://10.13.3.204:9292/v2/images/843ce55b-49b2-4b82-9405-02385f74da29 0.010s[00m
2019-11-07 16:27:08.272 15661 INFO tempest.lib.common.rest_client [req-0e67e431-d040-486b-882e-0b0119679913 ] Request (GroupsV3TestJSON:setUpClass): 201 POST http://10.13.3.235:35357/v3/projects 0.045s[00m
2019-11-07 16:27:08.313 15658 INFO tempest.lib.common.rest_client [req-41410f50-01b4-4207-b580-95a8458812df ] Request (BasicOperationsImagesTest:tearDownClass): 204 DELETE http://10.13.3.204:9292/v2/images/6b792f05-7234-4075-ba96-3b2025f8f67b 0.056s[00m
2019-11-07 16:27:08.325 15658 INFO tempest.lib.common.rest_client [req-d68ded9f-586a-40fe-8adf-59864de84dea ] Request (BasicOperationsImagesTest:tearDownClass): 404 GET http://10.13.3.204:9292/v2/images/6b792f05-7234-4075-ba96-3b2025f8f67b 0.011s[00m
2019-11-07 16:27:08.338 15658 INFO tempest.lib.common.rest_client [req-d7ec4eef-4363-430c-b04b-547307a16aee ] Request (BasicOperationsImagesTest:tearDownClass): 404 DELETE http://10.13.3.204:9292/v2/images/ec20a72e-1ad6-4876-94e5-cc881006cafd 0.012s[00m
2019-11-07 16:27:08.349 15658 INFO tempest.lib.common.rest_client [req-66361a6f-373b-41f3-a4fb-f286dcd844cc ] Request (BasicOperationsImagesTest:tearDownClass): 404 GET http://10.13.3.204:9292/v2/images/ec20a72e-1ad6-4876-94e5-cc881006cafd 0.010s[00m
2019-11-07 16:27:08.527 15661 INFO tempest.lib.common.rest_client [req-448aa45b-726f-4fd5-b625-33d4cc3b5a12 ] Request (GroupsV3TestJSON:setUpClass): 201 POST http://10.13.3.235:35357/v3/users 0.254s[00m
2019-11-07 16:27:08.586 15658 INFO tempest.lib.common.rest_client [req-6201fd55-b0e3-4e74-802f-5f124fb25945 ] Request (BasicOperationsImagesTest:tearDownClass): 204 DELETE http://10.13.3.235:35357/v3/users/aa7cd5b1e94549278fba669bfe637799 0.235s[00m
2019-11-07 16:27:08.617 15661 INFO tempest.lib.common.rest_client [req-d5601746-6035-4d03-8798-d8515fe90a07 ] Request (GroupsV3TestJSON:setUpClass): 200 GET http://10.13.3.235:35357/v3/roles 0.090s[00m
2019-11-07 16:27:08.651 15661 INFO tempest.lib.common.rest_client [req-7e2fe69b-9cb0-4fb0-ba7d-ac1bdf9d04ac ] Request (GroupsV3TestJSON:setUpClass): 204 PUT http://10.13.3.235:35357/v3/projects/844a19e2a60d4d34af5758b8350f0311/users/c395c3d6219c4626b6ffa69110c5d614/roles/faafffbd00564ba2b86df7ec517e82e1 0.032s[00m
2019-11-07 16:27:08.687 15661 INFO tempest.lib.common.rest_client [req-9e4682a1-32c3-4fbc-be59-7bf2e063e6bc ] Request (GroupsV3TestJSON:setUpClass): 200 GET http://10.13.3.235:35357/v3/roles 0.035s[00m
2019-11-07 16:27:08.709 15661 INFO tempest.lib.common.rest_client [req-343ac00f-5a4a-4057-949e-b829f029a18c ] Request (GroupsV3TestJSON:setUpClass): 204 PUT http://10.13.3.235:35357/v3/domains/db975505f8484124bc13da97388f48e6/users/c395c3d6219c4626b6ffa69110c5d614/roles/faafffbd00564ba2b86df7ec517e82e1 0.021s[00m
2019-11-07 16:27:08.710 15661 INFO tempest.lib.common.dynamic_creds [-] Acquired dynamic creds:
 credentials: Credentials: {'domain_id': 'db975505f8484124bc13da97388f48e6', 'domain_name': 'admin_domain', 'username': 'tempest-GroupsV3TestJSON-1165737063', 'project_domain_id': 'db975505f8484124bc13da97388f48e6', 'project_domain_name': 'admin_domain', 'project_id': '844a19e2a60d4d34af5758b8350f0311', 'project_name': 'tempest-GroupsV3TestJSON-1165737063', 'tenant_id': '844a19e2a60d4d34af5758b8350f0311', 'tenant_name': 'tempest-GroupsV3TestJSON-1165737063', 'user_domain_id': 'db975505f8484124bc13da97388f48e6', 'user_domain_name': 'admin_domain', 'user_id': 'c395c3d6219c4626b6ffa69110c5d614'}, Network: None, Subnet: None, Router: None[00m
2019-11-07 16:27:08.710 15661 INFO tempest.lib.common.dynamic_creds [-] Created isolated network resources for:
 credentials: Credentials: {'domain_id': 'db975505f8484124bc13da97388f48e6', 'domain_name': 'admin_domain', 'username': 'tempest-GroupsV3TestJSON-1165737063', 'project_domain_id': 'db975505f8484124bc13da97388f48e6', 'project_domain_name': 'admin_domain', 'project_id': '844a19e2a60d4d34af5758b8350f0311', 'project_name': 'tempest-GroupsV3TestJSON-1165737063', 'tenant_id': '844a19e2a60d4d34af5758b8350f0311', 'tenant_name': 'tempest-GroupsV3TestJSON-1165737063', 'user_domain_id': 'db975505f8484124bc13da97388f48e6', 'user_domain_name': 'admin_domain', 'user_id': 'c395c3d6219c4626b6ffa69110c5d614'}, Network: None, Subnet: None, Router: None[00m
2019-11-07 16:27:08.862 15658 INFO tempest.lib.common.rest_client [req-f23c9d77-6f55-44ff-8eff-fd770502fcdf ] Request (BasicOperationsImagesTest:tearDownClass): 201 POST http://10.13.3.235:5000/v3/auth/tokens 0.274s[00m
2019-11-07 16:27:09.006 15661 INFO tempest.lib.common.rest_client [req-237bc8c9-a6e7-4aa3-a512-29b69355c55f ] Request (GroupsV3TestJSON:setUpClass): 201 POST http://10.13.3.235:5000/v3/auth/tokens 0.290s[00m
2019-11-07 16:27:09.016 15658 INFO tempest.lib.common.rest_client [req-5bb5a18e-0efa-47c4-bc06-cb273a2acb5a ] Request (BasicOperationsImagesTest:tearDownClass): 200 GET http://10.13.3.244:9696/v2.0/security-groups?tenant_id=a8cea35aab3b4f71901c1fce46438604&name=default 0.153s[00m
2019-11-07 16:27:09.113 15658 INFO tempest.lib.common.rest_client [req-9d1665a7-ba3f-4edf-9e57-f5820665b6be ] Request (BasicOperationsImagesTest:tearDownClass): 204 DELETE http://10.13.3.244:9696/v2.0/security-groups/90f04690-15d2-440e-abf0-08d1af8206c7 0.097s[00m
2019-11-07 16:27:09.198 15658 INFO tempest.lib.common.rest_client [req-dbc1bae2-daf1-4a5e-bdf3-e734f3745b21 ] Request (BasicOperationsImagesTest:tearDownClass): 204 DELETE http://10.13.3.235:35357/v3/projects/a8cea35aab3b4f71901c1fce46438604 0.083s[00m
2019-11-07 16:27:09.275 15661 INFO tempest.lib.common.rest_client [req-a7b379aa-5d44-4a93-93ce-b38bdc492c96 ] Request (GroupsV3TestJSON:setUpClass): 201 POST http://10.13.3.235:5000/v3/auth/tokens 0.268s[00m
2019-11-07 16:27:09.308 15661 INFO tempest.lib.common.rest_client [req-d7e36ec2-8d71-410a-a982-d39a8ec22b6b ] Request (GroupsV3TestJSON:setUpClass): 201 POST http://10.13.3.235:35357/v3/domains 0.032s[00m
2019-11-07 16:27:09.357 15661 INFO tempest.lib.common.rest_client [req-a4cec8aa-e206-4a86-a885-5923f42fc229 ] Request (GroupsV3TestJSON:test_group_users_add_list_delete): 201 POST http://10.13.3.235:35357/v3/groups 0.048s[00m
2019-11-07 16:27:09.482 15658 INFO tempest.lib.common.rest_client [req-e2fa09fa-816c-4cf7-bdc3-fba62d33a13a ] Request (VersionsTest:setUpClass): 201 POST http://10.13.3.235:5000/v3/auth/tokens 0.280s[00m
2019-11-07 16:27:09.594 15661 INFO tempest.lib.common.rest_client [req-ca53385e-ad23-4b3a-bd7c-2a1bac29476c ] Request (GroupsV3TestJSON:test_group_users_add_list_delete): 201 POST http://10.13.3.235:35357/v3/users 0.236s[00m
2019-11-07 16:27:09.643 15661 INFO tempest.lib.common.rest_client [req-a4deaafd-fb7e-437f-9707-aa514bd869de ] Request (GroupsV3TestJSON:test_group_users_add_list_delete): 204 PUT http://10.13.3.235:35357/v3/groups/49bdba0b739a468fbe2d562976a6b580/users/e11acd7ed15f40dcb99b7fba81dd9618 0.048s[00m
2019-11-07 16:27:09.737 15658 INFO tempest.lib.common.rest_client [req-293bafa6-1d07-4d74-a8af-2f22981b7831 ] Request (VersionsTest:setUpClass): 201 POST http://10.13.3.235:5000/v3/auth/tokens 0.252s[00m
2019-11-07 16:27:09.894 15661 INFO tempest.lib.common.rest_client [req-d8d446c8-ac50-4349-9844-5eee30d000fe ] Request (GroupsV3TestJSON:test_group_users_add_list_delete): 201 POST http://10.13.3.235:35357/v3/users 0.250s[00m
2019-11-07 16:27:09.909 15658 INFO tempest.lib.common.rest_client [req-2aea83b4-c61e-46f5-9648-49c71bfc6bd1 ] Request (VersionsTest:setUpClass): 200 GET http://10.13.3.235:35357/v3/domains?name=admin_domain 0.171s[00m
2019-11-07 16:27:09.946 15661 INFO tempest.lib.common.rest_client [req-4bc7a31e-3a83-4e7e-908a-1a3378659af4 ] Request (GroupsV3TestJSON:test_group_users_add_list_delete): 204 PUT http://10.13.3.235:35357/v3/groups/49bdba0b739a468fbe2d562976a6b580/users/46db687678e8469fa8ea53ffbe5460cd 0.050s[00m
2019-11-07 16:27:09.984 15658 INFO tempest.lib.common.rest_client [req-57e57bd4-e803-445f-9688-6a41cc8bfb9a ] Request (VersionsTest:setUpClass): 201 POST http://10.13.3.235:35357/v3/projects 0.075s[00m
2019-11-07 16:27:10.235 15661 INFO tempest.lib.common.rest_client [req-9b130735-d8b0-4e34-a127-87be5570df2d ] Request (GroupsV3TestJSON:test_group_users_add_list_delete): 201 POST http://10.13.3.235:35357/v3/users 0.288s[00m
2019-11-07 16:27:10.485 15658 INFO tempest.lib.common.rest_client [req-6d9c7662-a21e-4283-9b23-ce41638c62bd ] Request (VersionsTest:setUpClass): 201 POST http://10.13.3.235:35357/v3/users 0.500s[00m
2019-11-07 16:27:10.523 15661 INFO tempest.lib.common.rest_client [req-b0ecd490-12b4-4ee6-b0d7-aed382cc5c24 ] Request (GroupsV3TestJSON:test_group_users_add_list_delete): 204 PUT http://10.13.3.235:35357/v3/groups/49bdba0b739a468fbe2d562976a6b580/users/dfbf4ce921784f1fa5de12e4187dad2e 0.288s[00m
2019-11-07 16:27:10.557 15658 INFO tempest.lib.common.rest_client [req-7d4bc16e-b089-4953-9cd3-ca3d937fca32 ] Request (VersionsTest:setUpClass): 200 GET http://10.13.3.235:35357/v3/roles 0.071s[00m
2019-11-07 16:27:10.596 15661 INFO tempest.lib.common.rest_client [req-255fe136-5c56-42b3-8f1a-4d8708cd861d ] Request (GroupsV3TestJSON:test_group_users_add_list_delete): 200 GET http://10.13.3.235:35357/v3/groups/49bdba0b739a468fbe2d562976a6b580/users 0.072s[00m
2019-11-07 16:27:10.611 15658 INFO tempest.lib.common.rest_client [req-489c3dde-2260-42ad-8905-acb6474fa849 ] Request (VersionsTest:setUpClass): 200 GET http://10.13.3.235:35357/v3/roles 0.053s[00m
2019-11-07 16:27:10.633 15661 INFO tempest.lib.common.rest_client [req-d425a1cf-eda4-4552-820c-1dbc67b35bd0 ] Request (GroupsV3TestJSON:test_group_users_add_list_delete): 204 HEAD http://10.13.3.235:35357/v3/groups/49bdba0b739a468fbe2d562976a6b580/users/e11acd7ed15f40dcb99b7fba81dd9618 0.037s[00m
2019-11-07 16:27:10.661 15658 INFO tempest.lib.common.rest_client [req-9e0c0435-d113-49b0-a502-789f5d41146d ] Request (VersionsTest:setUpClass): 204 PUT http://10.13.3.235:35357/v3/projects/3347a539823b4cee824a0edcfb5bc19e/users/78a16c0f03b0496b80fa0890d8b93659/roles/9ef3e6a902144f4d827e1f50d701e81b 0.049s[00m
2019-11-07 16:27:10.661 15658 INFO tempest.lib.common.dynamic_creds [-] Acquired dynamic creds:
 credentials: Credentials: {'domain_id': 'db975505f8484124bc13da97388f48e6', 'domain_name': 'admin_domain', 'username': 'tempest-VersionsTest-2142114028', 'project_domain_id': 'db975505f8484124bc13da97388f48e6', 'project_domain_name': 'admin_domain', 'project_id': '3347a539823b4cee824a0edcfb5bc19e', 'project_name': 'tempest-VersionsTest-2142114028', 'tenant_id': '3347a539823b4cee824a0edcfb5bc19e', 'tenant_name': 'tempest-VersionsTest-2142114028', 'user_domain_id': 'db975505f8484124bc13da97388f48e6', 'user_domain_name': 'admin_domain', 'user_id': '78a16c0f03b0496b80fa0890d8b93659'}, Network: None, Subnet: None, Router: None[00m
2019-11-07 16:27:10.661 15658 INFO tempest.lib.common.dynamic_creds [-] Created isolated network resources for:
 credentials: Credentials: {'domain_id': 'db975505f8484124bc13da97388f48e6', 'domain_name': 'admin_domain', 'username': 'tempest-VersionsTest-2142114028', 'project_domain_id': 'db975505f8484124bc13da97388f48e6', 'project_domain_name': 'admin_domain', 'project_id': '3347a539823b4cee824a0edcfb5bc19e', 'project_name': 'tempest-VersionsTest-2142114028', 'tenant_id': '3347a539823b4cee824a0edcfb5bc19e', 'tenant_name': 'tempest-VersionsTest-2142114028', 'user_domain_id': 'db975505f8484124bc13da97388f48e6', 'user_domain_name': 'admin_domain', 'user_id': '78a16c0f03b0496b80fa0890d8b93659'}, Network: None, Subnet: None, Router: None[00m
2019-11-07 16:27:10.701 15661 INFO tempest.lib.common.rest_client [req-b54a0f17-9fa1-4df1-a832-fd661d0e70a1 ] Request (GroupsV3TestJSON:test_group_users_add_list_delete): 204 DELETE http://10.13.3.235:35357/v3/groups/49bdba0b739a468fbe2d562976a6b580/users/e11acd7ed15f40dcb99b7fba81dd9618 0.067s[00m
2019-11-07 16:27:10.740 15661 INFO tempest.lib.common.rest_client [req-c5117361-abb3-4ae7-9de1-7a009242e6e9 ] Request (GroupsV3TestJSON:test_group_users_add_list_delete): 204 HEAD http://10.13.3.235:35357/v3/groups/49bdba0b739a468fbe2d562976a6b580/users/46db687678e8469fa8ea53ffbe5460cd 0.038s[00m
2019-11-07 16:27:10.766 15661 INFO tempest.lib.common.rest_client [req-1afa6bb2-62fd-4cf7-9e3e-199e967af2f2 ] Request (GroupsV3TestJSON:test_group_users_add_list_delete): 204 DELETE http://10.13.3.235:35357/v3/groups/49bdba0b739a468fbe2d562976a6b580/users/46db687678e8469fa8ea53ffbe5460cd 0.025s[00m
2019-11-07 16:27:10.812 15661 INFO tempest.lib.common.rest_client [req-28bfecd7-a024-443c-b7b3-f0ff1c9ccc60 ] Request (GroupsV3TestJSON:test_group_users_add_list_delete): 204 HEAD http://10.13.3.235:35357/v3/groups/49bdba0b739a468fbe2d562976a6b580/users/dfbf4ce921784f1fa5de12e4187dad2e 0.045s[00m
2019-11-07 16:27:10.837 15661 INFO tempest.lib.common.rest_client [req-b81782ad-00ab-41c3-bf13-7e3ce2139e7b ] Request (GroupsV3TestJSON:test_group_users_add_list_delete): 204 DELETE http://10.13.3.235:35357/v3/groups/49bdba0b739a468fbe2d562976a6b580/users/dfbf4ce921784f1fa5de12e4187dad2e 0.025s[00m
2019-11-07 16:27:10.873 15661 INFO tempest.lib.common.rest_client [req-47dc9697-f0bb-4330-9639-38b1af7d2934 ] Request (GroupsV3TestJSON:test_group_users_add_list_delete): 200 GET http://10.13.3.235:35357/v3/groups/49bdba0b739a468fbe2d562976a6b580/users 0.035s[00m
2019-11-07 16:27:10.931 15661 INFO tempest.lib.common.rest_client [req-d2d1aaf4-3ad5-4803-8cb2-37df021d3bfc ] Request (GroupsV3TestJSON:_run_cleanups): 204 DELETE http://10.13.3.235:35357/v3/users/dfbf4ce921784f1fa5de12e4187dad2e 0.057s[00m
2019-11-07 16:27:10.947 15658 INFO tempest.lib.common.rest_client [req-19017a14-973d-4eda-bb78-5a9ee19e84fa ] Request (VersionsTest:setUpClass): 201 POST http://10.13.3.235:5000/v3/auth/tokens 0.282s[00m
2019-11-07 16:27:10.953 15658 INFO tempest.lib.common.rest_client [-] Request (VersionsTest:test_list_versions): 300 GET http://10.13.3.204:9292/ 0.004s[00m
{0} tempest.api.image.v2.test_versions.VersionsTest.test_list_versions [0.005661s] ... ok
2019-11-07 16:27:11.005 15661 INFO tempest.lib.common.rest_client [req-929d2b5f-5153-49b7-afee-b08dbba97aea ] Request (GroupsV3TestJSON:_run_cleanups): 204 DELETE http://10.13.3.235:35357/v3/users/46db687678e8469fa8ea53ffbe5460cd 0.074s[00m
2019-11-07 16:27:11.079 15658 INFO tempest.lib.common.rest_client [req-5896a14e-de84-437e-af7b-0051bfa4b2f7 ] Request (VersionsTest:tearDownClass): 204 DELETE http://10.13.3.235:35357/v3/users/78a16c0f03b0496b80fa0890d8b93659 0.123s[00m
2019-11-07 16:27:11.159 15661 INFO tempest.lib.common.rest_client [req-2daf4fb0-c140-49f8-bd7e-5cc676c001e2 ] Request (GroupsV3TestJSON:_run_cleanups): 204 DELETE http://10.13.3.235:35357/v3/users/e11acd7ed15f40dcb99b7fba81dd9618 0.154s[00m
2019-11-07 16:27:11.219 15661 INFO tempest.lib.common.rest_client [req-3a2e09f2-9291-4a7d-98f5-a8abf31426fb ] Request (GroupsV3TestJSON:_run_cleanups): 204 DELETE http://10.13.3.235:35357/v3/groups/49bdba0b739a468fbe2d562976a6b580 0.059s[00m
{1} tempest.api.identity.admin.v3.test_groups.GroupsV3TestJSON.test_group_users_add_list_delete [1.911240s] ... ok
2019-11-07 16:27:11.283 15661 INFO tempest.lib.common.rest_client [req-b083eabf-047e-47c0-bc12-68ef417c9d1f ] Request (GroupsV3TestJSON:tearDownClass): 200 PATCH http://10.13.3.235:35357/v3/domains/3151d01d58034c4db72aa05eb4c1c7ce 0.063s[00m
2019-11-07 16:27:11.359 15658 INFO tempest.lib.common.rest_client [req-8fbd9afc-edc0-4cd8-9860-097ed912be36 ] Request (VersionsTest:tearDownClass): 201 POST http://10.13.3.235:5000/v3/auth/tokens 0.279s[00m
2019-11-07 16:27:11.407 15661 INFO tempest.lib.common.rest_client [req-cf2f8452-01a6-4ed9-9f76-f5a912f00df7 ] Request (GroupsV3TestJSON:tearDownClass): 204 DELETE http://10.13.3.235:35357/v3/domains/3151d01d58034c4db72aa05eb4c1c7ce 0.123s[00m
2019-11-07 16:27:11.594 15661 INFO tempest.lib.common.rest_client [req-32674d3d-1086-420a-8863-ecd5a378c018 ] Request (GroupsV3TestJSON:tearDownClass): 204 DELETE http://10.13.3.235:35357/v3/users/377a18a61fd44fb1ae3e0ad5a7dd71b7 0.187s[00m
2019-11-07 16:27:11.620 15658 INFO tempest.lib.common.rest_client [req-cb15fb42-1759-4539-9eb3-5512bb564be4 ] Request (VersionsTest:tearDownClass): 200 GET http://10.13.3.244:9696/v2.0/security-groups?tenant_id=3347a539823b4cee824a0edcfb5bc19e&name=default 0.260s[00m
2019-11-07 16:27:11.719 15658 INFO tempest.lib.common.rest_client [req-248c65ec-1488-4bd3-b8e0-0c75f9b8bb7c ] Request (VersionsTest:tearDownClass): 204 DELETE http://10.13.3.244:9696/v2.0/security-groups/39a3742e-3e94-4307-996d-e05931f02269 0.098s[00m
2019-11-07 16:27:11.803 15658 INFO tempest.lib.common.rest_client [req-bf7b3d45-24f7-437c-a9cd-f3202136b1a1 ] Request (VersionsTest:tearDownClass): 204 DELETE http://10.13.3.235:35357/v3/projects/3347a539823b4cee824a0edcfb5bc19e 0.083s[00m
2019-11-07 16:27:11.868 15661 INFO tempest.lib.common.rest_client [req-d59f3300-ee51-40bc-92ed-7141bc13c9ff ] Request (GroupsV3TestJSON:tearDownClass): 201 POST http://10.13.3.235:5000/v3/auth/tokens 0.273s[00m
2019-11-07 16:27:12.007 15661 INFO tempest.lib.common.rest_client [req-4b4eb62c-ffef-477d-9e15-0b34f942f7fe ] Request (GroupsV3TestJSON:tearDownClass): 200 GET http://10.13.3.244:9696/v2.0/security-groups?tenant_id=fe9326ca5dde4b22a057fe1c22461cb3&name=default 0.138s[00m
2019-11-07 16:27:12.046 15658 INFO tempest.lib.common.rest_client [req-498e15c1-adaf-47a0-af89-3ade39d31155 ] Request (ExtensionsTestJSON:setUpClass): 201 POST http://10.13.3.235:5000/v3/auth/tokens 0.241s[00m
2019-11-07 16:27:12.100 15661 INFO tempest.lib.common.rest_client [req-68d32317-aabe-4a20-8424-530f6222bc0b ] Request (GroupsV3TestJSON:tearDownClass): 204 DELETE http://10.13.3.244:9696/v2.0/security-groups/0fe098da-cffe-4d84-9a88-407a7d81daa8 0.092s[00m
2019-11-07 16:27:12.177 15661 INFO tempest.lib.common.rest_client [req-d8a99a66-748b-4b16-87cd-4f176416bcc9 ] Request (GroupsV3TestJSON:tearDownClass): 204 DELETE http://10.13.3.235:35357/v3/projects/fe9326ca5dde4b22a057fe1c22461cb3 0.077s[00m
2019-11-07 16:27:12.249 15661 INFO tempest.lib.common.rest_client [req-9a98f0b2-ac14-4a73-a47f-f15d4daa24ac ] Request (GroupsV3TestJSON:tearDownClass): 204 DELETE http://10.13.3.235:35357/v3/users/c395c3d6219c4626b6ffa69110c5d614 0.071s[00m
2019-11-07 16:27:12.301 15658 INFO tempest.lib.common.rest_client [req-511c9ea3-e4cd-438c-8255-e577b80a949b ] Request (ExtensionsTestJSON:setUpClass): 201 POST http://10.13.3.235:5000/v3/auth/tokens 0.251s[00m
2019-11-07 16:27:12.321 15658 INFO tempest.lib.common.rest_client [req-1695930d-2eda-4832-aa29-f3526b56a3f4 ] Request (ExtensionsTestJSON:setUpClass): 200 GET http://10.13.3.235:35357/v3/domains?name=admin_domain 0.020s[00m
2019-11-07 16:27:12.338 15661 INFO tempest.lib.common.rest_client [req-9760d77c-d60d-4e9f-bd55-dd369f9b313b ] Request (GroupsV3TestJSON:tearDownClass): 200 GET http://10.13.3.244:9696/v2.0/security-groups?tenant_id=844a19e2a60d4d34af5758b8350f0311&name=default 0.089s[00m
2019-11-07 16:27:12.350 15658 INFO tempest.lib.common.rest_client [req-c6291ec4-c926-4825-a97b-7140605f379a ] Request (ExtensionsTestJSON:setUpClass): 201 POST http://10.13.3.235:35357/v3/projects 0.028s[00m
2019-11-07 16:27:12.413 15661 INFO tempest.lib.common.rest_client [req-06ba29a1-bb0e-4e88-9d9a-9f44bc70ee7e ] Request (GroupsV3TestJSON:tearDownClass): 204 DELETE http://10.13.3.244:9696/v2.0/security-groups/461b2706-44da-4b0f-9fb9-c6721ce10d40 0.074s[00m
2019-11-07 16:27:12.599 15658 INFO tempest.lib.common.rest_client [req-7068b9f1-1711-4c86-ad39-9810ff8b6bb2 ] Request (ExtensionsTestJSON:setUpClass): 201 POST http://10.13.3.235:35357/v3/users 0.248s[00m
2019-11-07 16:27:12.655 15661 INFO tempest.lib.common.rest_client [req-a5171c08-a97c-4300-ad19-6ddffbdd3b8a ] Request (GroupsV3TestJSON:tearDownClass): 204 DELETE http://10.13.3.235:35357/v3/projects/844a19e2a60d4d34af5758b8350f0311 0.241s[00m
2019-11-07 16:27:12.683 15658 INFO tempest.lib.common.rest_client [req-63927104-c779-4d00-b664-458db80aa094 ] Request (ExtensionsTestJSON:setUpClass): 200 GET http://10.13.3.235:35357/v3/roles 0.084s[00m
2019-11-07 16:27:12.700 15658 INFO tempest.lib.common.rest_client [req-362b1be1-3d40-4da2-8ec2-a8760623c2d8 ] Request (ExtensionsTestJSON:setUpClass): 200 GET http://10.13.3.235:35357/v3/roles 0.015s[00m
2019-11-07 16:27:12.733 15658 INFO tempest.lib.common.rest_client [req-de32a368-4ad9-43d5-ac0e-1976e4e5c856 ] Request (ExtensionsTestJSON:setUpClass): 204 PUT http://10.13.3.235:35357/v3/projects/9b3b0b0cd3944fcf85c770434c60dd7c/users/226f249f669f4c0c925bc2e182925586/roles/9ef3e6a902144f4d827e1f50d701e81b 0.031s[00m
2019-11-07 16:27:12.734 15658 INFO tempest.lib.common.dynamic_creds [-] Acquired dynamic creds:
 credentials: Credentials: {'domain_id': 'db975505f8484124bc13da97388f48e6', 'domain_name': 'admin_domain', 'username': 'tempest-ExtensionsTestJSON-1398122555', 'project_domain_id': 'db975505f8484124bc13da97388f48e6', 'project_domain_name': 'admin_domain', 'project_id': '9b3b0b0cd3944fcf85c770434c60dd7c', 'project_name': 'tempest-ExtensionsTestJSON-1398122555', 'tenant_id': '9b3b0b0cd3944fcf85c770434c60dd7c', 'tenant_name': 'tempest-ExtensionsTestJSON-1398122555', 'user_domain_id': 'db975505f8484124bc13da97388f48e6', 'user_domain_name': 'admin_domain', 'user_id': '226f249f669f4c0c925bc2e182925586'}, Network: None, Subnet: None, Router: None[00m
2019-11-07 16:27:12.735 15658 INFO tempest.lib.common.dynamic_creds [-] Created isolated network resources for:
 credentials: Credentials: {'domain_id': 'db975505f8484124bc13da97388f48e6', 'domain_name': 'admin_domain', 'username': 'tempest-ExtensionsTestJSON-1398122555', 'project_domain_id': 'db975505f8484124bc13da97388f48e6', 'project_domain_name': 'admin_domain', 'project_id': '9b3b0b0cd3944fcf85c770434c60dd7c', 'project_name': 'tempest-ExtensionsTestJSON-1398122555', 'tenant_id': '9b3b0b0cd3944fcf85c770434c60dd7c', 'tenant_name': 'tempest-ExtensionsTestJSON-1398122555', 'user_domain_id': 'db975505f8484124bc13da97388f48e6', 'user_domain_name': 'admin_domain', 'user_id': '226f249f669f4c0c925bc2e182925586'}, Network: None, Subnet: None, Router: None[00m
2019-11-07 16:27:12.928 15661 INFO tempest.lib.common.rest_client [req-0f7d69d2-cdca-4495-b036-8f5de23a8a05 ] Request (RolesV3TestJSON:setUpClass): 201 POST http://10.13.3.235:5000/v3/auth/tokens 0.272s[00m
2019-11-07 16:27:13.083 15658 INFO tempest.lib.common.rest_client [req-e7f74c2e-1575-404c-9b24-dbd63a400f0d ] Request (ExtensionsTestJSON:setUpClass): 201 POST http://10.13.3.235:5000/v3/auth/tokens 0.290s[00m
2019-11-07 16:27:13.154 15658 INFO tempest.lib.common.rest_client [req-9ad7364d-839f-44ff-89f0-2cb5bcefc41e ] Request (ExtensionsTestJSON:test_list_show_extensions): 200 GET http://10.13.3.244:9696/v2.0/extensions 0.068s[00m
2019-11-07 16:27:13.162 15658 INFO tempest.lib.common.rest_client [req-80dc0f0a-391d-42ee-b6fa-7c46cf9f57eb ] Request (ExtensionsTestJSON:test_list_show_extensions): 200 GET http://10.13.3.244:9696/v2.0/extensions/address-scope 0.005s[00m
2019-11-07 16:27:13.170 15658 INFO tempest.lib.common.rest_client [req-3350b552-c131-4a6d-a9d0-fa9c218f47bd ] Request (ExtensionsTestJSON:test_list_show_extensions): 200 GET http://10.13.3.244:9696/v2.0/extensions/router-admin-state-down-before-update 0.006s[00m
2019-11-07 16:27:13.175 15658 INFO tempest.lib.common.rest_client [req-32912db7-d2c7-4498-98ff-c376176c6048 ] Request (ExtensionsTestJSON:test_list_show_extensions): 200 GET http://10.13.3.244:9696/v2.0/extensions/agent 0.004s[00m
2019-11-07 16:27:13.181 15658 INFO tempest.lib.common.rest_client [req-12e604d1-f03e-4eaa-8e9a-c6dfb4b1fc9f ] Request (ExtensionsTestJSON:test_list_show_extensions): 200 GET http://10.13.3.244:9696/v2.0/extensions/agent-resources-synced 0.005s[00m
2019-11-07 16:27:13.186 15661 INFO tempest.lib.common.rest_client [req-c1774482-90b2-401e-9018-11b210bb5a19 ] Request (RolesV3TestJSON:setUpClass): 201 POST http://10.13.3.235:5000/v3/auth/tokens 0.255s[00m
2019-11-07 16:27:13.190 15658 INFO tempest.lib.common.rest_client [req-730f4a07-9cd0-4edd-a8a2-43749e0ad2d4 ] Request (ExtensionsTestJSON:test_list_show_extensions): 200 GET http://10.13.3.244:9696/v2.0/extensions/allowed-address-pairs 0.008s[00m
2019-11-07 16:27:13.195 15658 INFO tempest.lib.common.rest_client [req-d53c2109-0f25-4528-b15d-85bbc078882b ] Request (ExtensionsTestJSON:test_list_show_extensions): 200 GET http://10.13.3.244:9696/v2.0/extensions/auto-allocated-topology 0.005s[00m
2019-11-07 16:27:13.201 15658 INFO tempest.lib.common.rest_client [req-26eedbca-de73-4268-a586-c38abb168784 ] Request (ExtensionsTestJSON:test_list_show_extensions): 200 GET http://10.13.3.244:9696/v2.0/extensions/availability_zone 0.005s[00m
2019-11-07 16:27:13.207 15661 INFO tempest.lib.common.rest_client [req-8c514385-6213-4e5e-b7d8-606f424962cd ] Request (RolesV3TestJSON:setUpClass): 200 GET http://10.13.3.235:35357/v3/domains?name=admin_domain 0.020s[00m
2019-11-07 16:27:13.209 15658 INFO tempest.lib.common.rest_client [req-2cabde69-e0a0-4c53-92f3-9ffcdc62f7a4 ] Request (ExtensionsTestJSON:test_list_show_extensions): 200 GET http://10.13.3.244:9696/v2.0/extensions/availability_zone_filter 0.008s[00m
2019-11-07 16:27:13.215 15658 INFO tempest.lib.common.rest_client [req-a44e2ad4-beec-400b-a747-9cb5c213370d ] Request (ExtensionsTestJSON:test_list_show_extensions): 200 GET http://10.13.3.244:9696/v2.0/extensions/default-subnetpools 0.005s[00m
2019-11-07 16:27:13.220 15658 INFO tempest.lib.common.rest_client [req-fe1529d6-1e7f-4923-be06-f672321ab757 ] Request (ExtensionsTestJSON:test_list_show_extensions): 200 GET http://10.13.3.244:9696/v2.0/extensions/dhcp_agent_scheduler 0.005s[00m
2019-11-07 16:27:13.226 15658 INFO tempest.lib.common.rest_client [req-e12d0ba9-cea2-4833-b0ef-f0119f0fc237 ] Request (ExtensionsTestJSON:test_list_show_extensions): 200 GET http://10.13.3.244:9696/v2.0/extensions/dns-integration 0.005s[00m
2019-11-07 16:27:13.232 15658 INFO tempest.lib.common.rest_client [req-ab5a6d81-5abc-4849-82db-ccb28eca29a2 ] Request (ExtensionsTestJSON:test_list_show_extensions): 200 GET http://10.13.3.244:9696/v2.0/extensions/dns-domain-ports 0.006s[00m
2019-11-07 16:27:13.236 15661 INFO tempest.lib.common.rest_client [req-4a69a74e-cf70-4152-9b3c-2bc8023fad90 ] Request (RolesV3TestJSON:setUpClass): 201 POST http://10.13.3.235:35357/v3/projects 0.029s[00m
2019-11-07 16:27:13.239 15658 INFO tempest.lib.common.rest_client [req-aac666b7-66ba-4439-8b23-4fa153f021c4 ] Request (ExtensionsTestJSON:test_list_show_extensions): 200 GET http://10.13.3.244:9696/v2.0/extensions/dvr 0.005s[00m
2019-11-07 16:27:13.244 15658 INFO tempest.lib.common.rest_client [req-d19fabb9-091d-4e92-9ecd-e46de95d30b4 ] Request (ExtensionsTestJSON:test_list_show_extensions): 200 GET http://10.13.3.244:9696/v2.0/extensions/empty-string-filtering 0.004s[00m
2019-11-07 16:27:13.249 15658 INFO tempest.lib.common.rest_client [req-08747616-f321-4c69-8b41-19472f72f482 ] Request (ExtensionsTestJSON:test_list_show_extensions): 200 GET http://10.13.3.244:9696/v2.0/extensions/external-net 0.005s[00m
2019-11-07 16:27:13.254 15658 INFO tempest.lib.common.rest_client [req-15776bc1-60fd-4fea-a936-251a8383ec8b ] Request (ExtensionsTestJSON:test_list_show_extensions): 200 GET http://10.13.3.244:9696/v2.0/extensions/extra_dhcp_opt 0.005s[00m
2019-11-07 16:27:13.260 15658 INFO tempest.lib.common.rest_client [req-8fcb7ece-73e2-42fe-be7f-facd8a35a9e7 ] Request (ExtensionsTestJSON:test_list_show_extensions): 200 GET http://10.13.3.244:9696/v2.0/extensions/extraroute 0.005s[00m
2019-11-07 16:27:13.273 15658 INFO tempest.lib.common.rest_client [req-78dfaf47-ddfe-4483-95cd-2da06c980e5c ] Request (ExtensionsTestJSON:test_list_show_extensions): 200 GET http://10.13.3.244:9696/v2.0/extensions/extraroute-atomic 0.011s[00m
2019-11-07 16:27:13.279 15658 INFO tempest.lib.common.rest_client [req-8d8e8ecf-8466-42b2-b573-0cca12c45afb ] Request (ExtensionsTestJSON:test_list_show_extensions): 200 GET http://10.13.3.244:9696/v2.0/extensions/fip-port-details 0.005s[00m
2019-11-07 16:27:13.283 15658 INFO tempest.lib.common.rest_client [req-09ab9ab6-677a-4d9d-91a7-cff827560ace ] Request (ExtensionsTestJSON:test_list_show_extensions): 200 GET http://10.13.3.244:9696/v2.0/extensions/flavors 0.004s[00m
2019-11-07 16:27:13.288 15658 INFO tempest.lib.common.rest_client [req-9c32b342-2a67-401a-bf08-04c90b52fe4d ] Request (ExtensionsTestJSON:test_list_show_extensions): 200 GET http://10.13.3.244:9696/v2.0/extensions/floatingip-pools 0.004s[00m
2019-11-07 16:27:13.293 15658 INFO tempest.lib.common.rest_client [req-812c3771-bed1-48bb-9610-475153b370b2 ] Request (ExtensionsTestJSON:test_list_show_extensions): 200 GET http://10.13.3.244:9696/v2.0/extensions/ip_allocation 0.005s[00m
2019-11-07 16:27:13.299 15658 INFO tempest.lib.common.rest_client [req-ded159e5-996b-4228-a91b-b2501c1c1b35 ] Request (ExtensionsTestJSON:test_list_show_extensions): 200 GET http://10.13.3.244:9696/v2.0/extensions/ip-substring-filtering 0.004s[00m
2019-11-07 16:27:13.305 15658 INFO tempest.lib.common.rest_client [req-ea1dbb64-c8e0-4ccc-ab96-3a81e5828c47 ] Request (ExtensionsTestJSON:test_list_show_extensions): 200 GET http://10.13.3.244:9696/v2.0/extensions/l2_adjacency 0.004s[00m
2019-11-07 16:27:13.311 15658 INFO tempest.lib.common.rest_client [req-0f79dc22-4d68-4b51-891d-2a48012ca22a ] Request (ExtensionsTestJSON:test_list_show_extensions): 200 GET http://10.13.3.244:9696/v2.0/extensions/router 0.005s[00m
2019-11-07 16:27:13.318 15658 INFO tempest.lib.common.rest_client [req-434c4111-59b1-4957-9ff5-215a54fb3690 ] Request (ExtensionsTestJSON:test_list_show_extensions): 200 GET http://10.13.3.244:9696/v2.0/extensions/ext-gw-mode 0.005s[00m
2019-11-07 16:27:13.324 15658 INFO tempest.lib.common.rest_client [req-5e0e4c2a-3961-496b-b455-fb12a9421e13 ] Request (ExtensionsTestJSON:test_list_show_extensions): 200 GET http://10.13.3.244:9696/v2.0/extensions/l3-ha 0.005s[00m
2019-11-07 16:27:13.330 15658 INFO tempest.lib.common.rest_client [req-3b74ae82-14c8-41e2-9d94-dd09448b998c ] Request (ExtensionsTestJSON:test_list_show_extensions): 200 GET http://10.13.3.244:9696/v2.0/extensions/l3-flavors 0.005s[00m
2019-11-07 16:27:13.337 15658 INFO tempest.lib.common.rest_client [req-74e35334-94ba-4ec4-bb0b-0d6eeba6e5e7 ] Request (ExtensionsTestJSON:test_list_show_extensions): 200 GET http://10.13.3.244:9696/v2.0/extensions/l3-port-ip-change-not-allowed 0.005s[00m
2019-11-07 16:27:13.344 15658 INFO tempest.lib.common.rest_client [req-a209c3f2-9fee-4a25-8343-32d695126ff6 ] Request (ExtensionsTestJSON:test_list_show_extensions): 200 GET http://10.13.3.244:9696/v2.0/extensions/l3_agent_scheduler 0.005s[00m
2019-11-07 16:27:13.350 15658 INFO tempest.lib.common.rest_client [req-50783fd9-fe4c-47d7-a61c-ee9691aa221e ] Request (ExtensionsTestJSON:test_list_show_extensions): 200 GET http://10.13.3.244:9696/v2.0/extensions/metering 0.005s[00m
2019-11-07 16:27:13.361 15658 INFO tempest.lib.common.rest_client [req-780b51f4-9be0-4c74-b654-0fbd2dcc5862 ] Request (ExtensionsTestJSON:test_list_show_extensions): 200 GET http://10.13.3.244:9696/v2.0/extensions/multi-provider 0.008s[00m
2019-11-07 16:27:13.367 15658 INFO tempest.lib.common.rest_client [req-31d3534a-e9b4-46ee-8a05-2825915256e4 ] Request (ExtensionsTestJSON:test_list_show_extensions): 200 GET http://10.13.3.244:9696/v2.0/extensions/net-mtu 0.005s[00m
2019-11-07 16:27:13.374 15658 INFO tempest.lib.common.rest_client [req-0e5399f8-3e61-47e3-b3f1-7d45f431c1fd ] Request (ExtensionsTestJSON:test_list_show_extensions): 200 GET http://10.13.3.244:9696/v2.0/extensions/net-mtu-writable 0.004s[00m
2019-11-07 16:27:13.381 15658 INFO tempest.lib.common.rest_client [req-8ded41eb-e849-41c1-b652-6e12d69934e8 ] Request (ExtensionsTestJSON:test_list_show_extensions): 200 GET http://10.13.3.244:9696/v2.0/extensions/network_availability_zone 0.005s[00m
2019-11-07 16:27:13.387 15658 INFO tempest.lib.common.rest_client [req-8e0761fe-0cf9-4d53-b495-deda6847fa74 ] Request (ExtensionsTestJSON:test_list_show_extensions): 200 GET http://10.13.3.244:9696/v2.0/extensions/network-ip-availability 0.004s[00m
2019-11-07 16:27:13.394 15658 INFO tempest.lib.common.rest_client [req-493890d7-d936-4c3c-ab68-ff0197e88aea ] Request (ExtensionsTestJSON:test_list_show_extensions): 200 GET http://10.13.3.244:9696/v2.0/extensions/pagination 0.005s[00m
2019-11-07 16:27:13.401 15658 INFO tempest.lib.common.rest_client [req-0eccb638-b990-4cd5-888d-7dc227b070af ] Request (ExtensionsTestJSON:test_list_show_extensions): 200 GET http://10.13.3.244:9696/v2.0/extensions/port-mac-address-regenerate 0.005s[00m
2019-11-07 16:27:13.408 15658 INFO tempest.lib.common.rest_client [req-77c42e7c-ecc5-41c8-b61b-f99a55bf858e ] Request (ExtensionsTestJSON:test_list_show_extensions): 200 GET http://10.13.3.244:9696/v2.0/extensions/binding 0.005s[00m
2019-11-07 16:27:13.414 15658 INFO tempest.lib.common.rest_client [req-23e88fbb-b9a5-47bf-8e02-59ea605d4df3 ] Request (ExtensionsTestJSON:test_list_show_extensions): 200 GET http://10.13.3.244:9696/v2.0/extensions/binding-extended 0.005s[00m
2019-11-07 16:27:13.421 15658 INFO tempest.lib.common.rest_client [req-71527da7-2590-40ba-aff2-7b439d195c8b ] Request (ExtensionsTestJSON:test_list_show_extensions): 200 GET http://10.13.3.244:9696/v2.0/extensions/project-id 0.005s[00m
2019-11-07 16:27:13.427 15658 INFO tempest.lib.common.rest_client [req-a17fae12-4b6b-48de-8ea3-f57557dd2c39 ] Request (ExtensionsTestJSON:test_list_show_extensions): 200 GET http://10.13.3.244:9696/v2.0/extensions/provider 0.005s[00m
2019-11-07 16:27:13.434 15658 INFO tempest.lib.common.rest_client [req-11700aa3-e616-4ff6-8aa6-98615abb91b6 ] Request (ExtensionsTestJSON:test_list_show_extensions): 200 GET http://10.13.3.244:9696/v2.0/extensions/quotas 0.005s[00m
2019-11-07 16:27:13.440 15658 INFO tempest.lib.common.rest_client [req-d7f4e533-23db-4001-9b35-2b6234674258 ] Request (ExtensionsTestJSON:test_list_show_extensions): 200 GET http://10.13.3.244:9696/v2.0/extensions/quota_details 0.004s[00m
2019-11-07 16:27:13.491 15661 INFO tempest.lib.common.rest_client [req-3938c730-4b11-40d2-bb02-446d012f6b45 ] Request (RolesV3TestJSON:setUpClass): 201 POST http://10.13.3.235:35357/v3/users 0.254s[00m
2019-11-07 16:27:13.490 15658 INFO tempest.lib.common.rest_client [req-ba70956d-7fbf-4322-8d1a-da5e4f261dec ] Request (ExtensionsTestJSON:test_list_show_extensions): 200 GET http://10.13.3.244:9696/v2.0/extensions/rbac-policies 0.048s[00m
2019-11-07 16:27:13.500 15658 INFO tempest.lib.common.rest_client [req-34cc8ffb-df4c-4af1-b06d-abbeb74c4d0c ] Request (ExtensionsTestJSON:test_list_show_extensions): 200 GET http://10.13.3.244:9696/v2.0/extensions/rbac-security-groups 0.005s[00m
2019-11-07 16:27:13.506 15658 INFO tempest.lib.common.rest_client [req-35f2eb08-2d0d-45de-bce6-8770fd3d764f ] Request (ExtensionsTestJSON:test_list_show_extensions): 200 GET http://10.13.3.244:9696/v2.0/extensions/revision-if-match 0.004s[00m
2019-11-07 16:27:13.512 15661 INFO tempest.lib.common.rest_client [req-9733f7d4-de3c-4573-9e49-064f2dffb47d ] Request (RolesV3TestJSON:setUpClass): 200 GET http://10.13.3.235:35357/v3/roles 0.020s[00m
2019-11-07 16:27:13.513 15658 INFO tempest.lib.common.rest_client [req-4b93c001-0027-4175-a220-a2376652e2f8 ] Request (ExtensionsTestJSON:test_list_show_extensions): 200 GET http://10.13.3.244:9696/v2.0/extensions/standard-attr-revisions 0.005s[00m
2019-11-07 16:27:13.521 15658 INFO tempest.lib.common.rest_client [req-4730a5c3-7467-4444-8aab-e864eac2d99d ] Request (ExtensionsTestJSON:test_list_show_extensions): 200 GET http://10.13.3.244:9696/v2.0/extensions/router_availability_zone 0.005s[00m
2019-11-07 16:27:13.528 15658 INFO tempest.lib.common.rest_client [req-14e3c823-8b00-4c51-aa00-e7fb89a75f21 ] Request (ExtensionsTestJSON:test_list_show_extensions): 200 GET http://10.13.3.244:9696/v2.0/extensions/port-security-groups-filtering 0.005s[00m
2019-11-07 16:27:13.530 15661 INFO tempest.lib.common.rest_client [req-5a543a40-6dbd-429d-aead-b127c47c3d38 ] Request (RolesV3TestJSON:setUpClass): 200 GET http://10.13.3.235:35357/v3/roles 0.018s[00m
2019-11-07 16:27:13.537 15658 INFO tempest.lib.common.rest_client [req-eb751295-0de2-4c58-9217-8bd3c344c00f ] Request (ExtensionsTestJSON:test_list_show_extensions): 200 GET http://10.13.3.244:9696/v2.0/extensions/security-group 0.005s[00m
2019-11-07 16:27:13.542 15658 INFO tempest.lib.common.rest_client [req-c1f7a368-2e5b-444a-a6d3-be2566669595 ] Request (ExtensionsTestJSON:test_list_show_extensions): 200 GET http://10.13.3.244:9696/v2.0/extensions/segment 0.005s[00m
2019-11-07 16:27:13.548 15658 INFO tempest.lib.common.rest_client [req-e2ee18c5-dc8b-4795-ade3-34f3a1402432 ] Request (ExtensionsTestJSON:test_list_show_extensions): 200 GET http://10.13.3.244:9696/v2.0/extensions/segments-peer-subnet-host-routes 0.004s[00m
2019-11-07 16:27:13.554 15658 INFO tempest.lib.common.rest_client [req-efc38a85-9e1d-4f50-88b7-8610440b35c8 ] Request (ExtensionsTestJSON:test_list_show_extensions): 200 GET http://10.13.3.244:9696/v2.0/extensions/service-type 0.006s[00m
2019-11-07 16:27:13.560 15658 INFO tempest.lib.common.rest_client [req-9e9aea42-5290-4ad5-96b5-487df27ff8ab ] Request (ExtensionsTestJSON:test_list_show_extensions): 200 GET http://10.13.3.244:9696/v2.0/extensions/sorting 0.005s[00m
2019-11-07 16:27:13.560 15661 INFO tempest.lib.common.rest_client [req-e599c4d4-bcc8-4941-9560-579fc5b9814e ] Request (RolesV3TestJSON:setUpClass): 204 PUT http://10.13.3.235:35357/v3/projects/2b3f6c4f498c4efa84909919d33c46b7/users/5bfea6a86dfb421a8bcb6d7290a72b1c/roles/9ef3e6a902144f4d827e1f50d701e81b 0.029s[00m
2019-11-07 16:27:13.560 15661 INFO tempest.lib.common.dynamic_creds [-] Acquired dynamic creds:
 credentials: Credentials: {'domain_id': 'db975505f8484124bc13da97388f48e6', 'domain_name': 'admin_domain', 'username': 'tempest-RolesV3TestJSON-2123777490', 'project_domain_id': 'db975505f8484124bc13da97388f48e6', 'project_domain_name': 'admin_domain', 'project_id': '2b3f6c4f498c4efa84909919d33c46b7', 'project_name': 'tempest-RolesV3TestJSON-2123777490', 'tenant_id': '2b3f6c4f498c4efa84909919d33c46b7', 'tenant_name': 'tempest-RolesV3TestJSON-2123777490', 'user_domain_id': 'db975505f8484124bc13da97388f48e6', 'user_domain_name': 'admin_domain', 'user_id': '5bfea6a86dfb421a8bcb6d7290a72b1c'}, Network: None, Subnet: None, Router: None[00m
2019-11-07 16:27:13.560 15661 INFO tempest.lib.common.dynamic_creds [-] Created isolated network resources for:
 credentials: Credentials: {'domain_id': 'db975505f8484124bc13da97388f48e6', 'domain_name': 'admin_domain', 'username': 'tempest-RolesV3TestJSON-2123777490', 'project_domain_id': 'db975505f8484124bc13da97388f48e6', 'project_domain_name': 'admin_domain', 'project_id': '2b3f6c4f498c4efa84909919d33c46b7', 'project_name': 'tempest-RolesV3TestJSON-2123777490', 'tenant_id': '2b3f6c4f498c4efa84909919d33c46b7', 'tenant_name': 'tempest-RolesV3TestJSON-2123777490', 'user_domain_id': 'db975505f8484124bc13da97388f48e6', 'user_domain_name': 'admin_domain', 'user_id': '5bfea6a86dfb421a8bcb6d7290a72b1c'}, Network: None, Subnet: None, Router: None[00m
2019-11-07 16:27:13.571 15658 INFO tempest.lib.common.rest_client [req-9a5ca7ee-a83b-436e-bdc2-0fffdc802c48 ] Request (ExtensionsTestJSON:test_list_show_extensions): 200 GET http://10.13.3.244:9696/v2.0/extensions/standard-attr-segment 0.007s[00m
2019-11-07 16:27:13.577 15658 INFO tempest.lib.common.rest_client [req-605cfee2-6bb7-4a3a-8056-395e4100f1e9 ] Request (ExtensionsTestJSON:test_list_show_extensions): 200 GET http://10.13.3.244:9696/v2.0/extensions/standard-attr-description 0.005s[00m
2019-11-07 16:27:13.583 15658 INFO tempest.lib.common.rest_client [req-a56dad92-8aa1-49fc-acf0-09d970778741 ] Request (ExtensionsTestJSON:test_list_show_extensions): 200 GET http://10.13.3.244:9696/v2.0/extensions/subnet_onboard 0.005s[00m
2019-11-07 16:27:13.589 15658 INFO tempest.lib.common.rest_client [req-ae11d5ff-3adc-4a05-aaca-ed85554ed22b ] Request (ExtensionsTestJSON:test_list_show_extensions): 200 GET http://10.13.3.244:9696/v2.0/extensions/subnet-segmentid-writable 0.005s[00m
2019-11-07 16:27:13.595 15658 INFO tempest.lib.common.rest_client [req-f49431ba-1e8d-4074-9a95-c6e0afdfd1f6 ] Request (ExtensionsTestJSON:test_list_show_extensions): 200 GET http://10.13.3.244:9696/v2.0/extensions/subnet-service-types 0.005s[00m
2019-11-07 16:27:13.601 15658 INFO tempest.lib.common.rest_client [req-ee7c8026-7b81-4636-9cc9-ad0f6e920c2d ] Request (ExtensionsTestJSON:test_list_show_extensions): 200 GET http://10.13.3.244:9696/v2.0/extensions/subnet_allocation 0.005s[00m
2019-11-07 16:27:13.606 15658 INFO tempest.lib.common.rest_client [req-20afc239-73bd-4d62-854f-7ab79e54296d ] Request (ExtensionsTestJSON:test_list_show_extensions): 200 GET http://10.13.3.244:9696/v2.0/extensions/subnetpool-prefix-ops 0.005s[00m
2019-11-07 16:27:13.611 15658 INFO tempest.lib.common.rest_client [req-43d68931-2bba-4361-81b2-16bc3002b85b ] Request (ExtensionsTestJSON:test_list_show_extensions): 200 GET http://10.13.3.244:9696/v2.0/extensions/standard-attr-tag 0.005s[00m
2019-11-07 16:27:13.617 15658 INFO tempest.lib.common.rest_client [req-70f7db69-5d3e-4b27-b497-c838b116ee96 ] Request (ExtensionsTestJSON:test_list_show_extensions): 200 GET http://10.13.3.244:9696/v2.0/extensions/standard-attr-timestamp 0.005s[00m
2019-11-07 16:27:13.623 15658 INFO tempest.lib.common.rest_client [req-0526bdb2-866d-456f-a15e-c7574427631c ] Request (ExtensionsTestJSON:test_list_show_extensions): 200 GET http://10.13.3.244:9696/v2.0/extensions/fwaas_v2 0.006s[00m
2019-11-07 16:27:13.628 15658 INFO tempest.lib.common.rest_client [req-7349bfc3-eb09-4083-98f3-f0b19fb65c5f ] Request (ExtensionsTestJSON:test_list_show_extensions): 200 GET http://10.13.3.244:9696/v2.0/extensions/bgp 0.005s[00m
