2020-06-10 17:01:30.243 29226 INFO tempest.lib.common.rest_client [req-9ad634b4-1274-4677-a7b9-0b46c3ebd7aa ] Request (ServersTestJSON:setUpClass): 200 GET http://10.13.3.214:8774/v2.1/servers/0d63bc3b-4e75-44bd-b7d4-b6761d64512c 0.174s[00m
2020-06-10 17:01:30.247 29226 INFO tempest.common.waiters [-] State transition "BUILD/scheduling" ==> "BUILD/spawning" after 1 second wait[00m
2020-06-10 17:01:30.311 29223 INFO tempest.lib.common.rest_client [req-997f8a5e-f7ab-4cee-bd5d-9bb99f9c9084 ] Request (VolumesListTestJSON:setUpClass): 200 GET http://10.13.3.244:8776/v3/f8bb9db2168c4961a63b7e371c1f17cb/volumes 0.102s[00m
2020-06-10 17:01:30.488 29223 INFO tempest.lib.common.rest_client [req-21f5b95a-5237-4df7-ae78-56f96e612ee2 ] Request (VolumesListTestJSON:setUpClass): 202 POST http://10.13.3.244:8776/v3/f8bb9db2168c4961a63b7e371c1f17cb/volumes 0.176s[00m
2020-06-10 17:01:30.541 29223 INFO tempest.lib.common.rest_client [req-d75f01c3-6027-4bdf-8ed4-4c14545e32b9 ] Request (VolumesListTestJSON:setUpClass): 200 GET http://10.13.3.244:8776/v3/f8bb9db2168c4961a63b7e371c1f17cb/volumes/aa9e71ee-66c5-4caa-9b0c-fd32840998a1 0.052s[00m
2020-06-10 17:01:31.397 29226 INFO tempest.lib.common.rest_client [req-f3103b11-7509-4331-8995-7caab1a042d6 ] Request (ServersTestJSON:setUpClass): 200 GET http://10.13.3.214:8774/v2.1/servers/0d63bc3b-4e75-44bd-b7d4-b6761d64512c 0.149s[00m
2020-06-10 17:01:31.587 29223 INFO tempest.lib.common.rest_client [req-b8d12954-851f-4987-ac3f-411fa5f75e32 ] Request (VolumesListTestJSON:setUpClass): 200 GET http://10.13.3.244:8776/v3/f8bb9db2168c4961a63b7e371c1f17cb/volumes/aa9e71ee-66c5-4caa-9b0c-fd32840998a1 0.044s[00m
2020-06-10 17:01:31.587 29223 INFO tempest.common.waiters [-] volume aa9e71ee-66c5-4caa-9b0c-fd32840998a1 reached available after waiting for 1.587375 seconds[00m
2020-06-10 17:01:31.629 29223 INFO tempest.lib.common.rest_client [req-67f3814a-8fe9-4358-8471-d80aa3f602b7 ] Request (VolumesListTestJSON:setUpClass): 200 GET http://10.13.3.244:8776/v3/f8bb9db2168c4961a63b7e371c1f17cb/volumes/aa9e71ee-66c5-4caa-9b0c-fd32840998a1 0.041s[00m
2020-06-10 17:01:31.786 29223 INFO tempest.lib.common.rest_client [req-51c8cfbb-caf4-41b5-8b2f-80b99a429108 ] Request (VolumesListTestJSON:setUpClass): 202 POST http://10.13.3.244:8776/v3/f8bb9db2168c4961a63b7e371c1f17cb/volumes 0.155s[00m
2020-06-10 17:01:31.837 29223 INFO tempest.lib.common.rest_client [req-fb52f761-bad8-48c9-86d0-6140e387f338 ] Request (VolumesListTestJSON:setUpClass): 200 GET http://10.13.3.244:8776/v3/f8bb9db2168c4961a63b7e371c1f17cb/volumes/ff16472e-136d-4993-95d0-818e2209c067 0.050s[00m
2020-06-10 17:01:32.511 29226 INFO tempest.lib.common.rest_client [req-2082cdf1-8ba8-47be-9834-8ad5663ec55a ] Request (ServersTestJSON:setUpClass): 200 GET http://10.13.3.214:8774/v2.1/servers/0d63bc3b-4e75-44bd-b7d4-b6761d64512c 0.108s[00m
2020-06-10 17:01:32.885 29223 INFO tempest.lib.common.rest_client [req-6d2380fc-62c0-4032-b367-f74fa5296fe4 ] Request (VolumesListTestJSON:setUpClass): 200 GET http://10.13.3.244:8776/v3/f8bb9db2168c4961a63b7e371c1f17cb/volumes/ff16472e-136d-4993-95d0-818e2209c067 0.047s[00m
2020-06-10 17:01:32.886 29223 INFO tempest.common.waiters [-] volume ff16472e-136d-4993-95d0-818e2209c067 reached available after waiting for 1.886010 seconds[00m
2020-06-10 17:01:32.928 29223 INFO tempest.lib.common.rest_client [req-594373ba-d475-47f9-bd0e-eeb5f60e27cf ] Request (VolumesListTestJSON:setUpClass): 200 GET http://10.13.3.244:8776/v3/f8bb9db2168c4961a63b7e371c1f17cb/volumes/ff16472e-136d-4993-95d0-818e2209c067 0.042s[00m
2020-06-10 17:01:33.085 29223 INFO tempest.lib.common.rest_client [req-fc5a26d8-fc4a-486a-b183-ce1adf42499a ] Request (VolumesListTestJSON:setUpClass): 202 POST http://10.13.3.244:8776/v3/f8bb9db2168c4961a63b7e371c1f17cb/volumes 0.156s[00m
2020-06-10 17:01:33.137 29223 INFO tempest.lib.common.rest_client [req-5c720aab-ffe2-4782-a749-b0b86aada1b2 ] Request (VolumesListTestJSON:setUpClass): 200 GET http://10.13.3.244:8776/v3/f8bb9db2168c4961a63b7e371c1f17cb/volumes/8ab44c01-842a-41f9-a6fe-45960a123f7f 0.052s[00m
2020-06-10 17:01:33.625 29226 INFO tempest.lib.common.rest_client [req-d3e8e66f-57a7-4dea-9834-53a3d117c92c ] Request (ServersTestJSON:setUpClass): 200 GET http://10.13.3.214:8774/v2.1/servers/0d63bc3b-4e75-44bd-b7d4-b6761d64512c 0.109s[00m
2020-06-10 17:01:33.631 29226 INFO tempest.common.waiters [-] State transition "BUILD/spawning" ==> "ACTIVE/None" after 4 second wait[00m
2020-06-10 17:01:33.821 29226 INFO tempest.lib.common.rest_client [req-6af4cc53-ee74-47a7-ab31-239fb1ae9a67 ] Request (ServersTestJSON:setUpClass): 200 GET http://10.13.3.214:8774/v2.1/servers/0d63bc3b-4e75-44bd-b7d4-b6761d64512c/os-interface 0.190s[00m
2020-06-10 17:01:34.193 29223 INFO tempest.lib.common.rest_client [req-dea4bc12-925c-4c34-9185-62b944bcba37 ] Request (VolumesListTestJSON:setUpClass): 200 GET http://10.13.3.244:8776/v3/f8bb9db2168c4961a63b7e371c1f17cb/volumes/8ab44c01-842a-41f9-a6fe-45960a123f7f 0.054s[00m
2020-06-10 17:01:34.193 29223 INFO tempest.common.waiters [-] volume 8ab44c01-842a-41f9-a6fe-45960a123f7f reached available after waiting for 1.193440 seconds[00m
2020-06-10 17:01:34.236 29223 INFO tempest.lib.common.rest_client [req-0e6b3e33-640c-44d1-91dd-41ea71e75689 ] Request (VolumesListTestJSON:setUpClass): 200 GET http://10.13.3.244:8776/v3/f8bb9db2168c4961a63b7e371c1f17cb/volumes/8ab44c01-842a-41f9-a6fe-45960a123f7f 0.043s[00m
2020-06-10 17:01:34.268 29223 INFO tempest.lib.common.rest_client [req-ec7acfc9-0795-499f-bf6b-b70b1db561d4 ] Request (VolumesListTestJSON:test_volume_list): 200 GET http://10.13.3.244:8776/v3/f8bb9db2168c4961a63b7e371c1f17cb/volumes 0.030s[00m
{0} tempest.api.volume.test_volumes_list.VolumesListTestJSON.test_volume_list [0.031432s] ... ok
2020-06-10 17:01:34.313 29223 INFO tempest.lib.common.rest_client [req-5f1fb0d6-1e3f-4f24-b948-f878a4743da6 ] Request (VolumesListTestJSON:tearDownClass): 202 DELETE http://10.13.3.244:8776/v3/f8bb9db2168c4961a63b7e371c1f17cb/volumes/8ab44c01-842a-41f9-a6fe-45960a123f7f 0.044s[00m
2020-06-10 17:01:34.359 29223 INFO tempest.lib.common.rest_client [req-a8039a07-e880-4342-bcb4-f5299f55abae ] Request (VolumesListTestJSON:tearDownClass): 200 GET http://10.13.3.244:8776/v3/f8bb9db2168c4961a63b7e371c1f17cb/volumes/8ab44c01-842a-41f9-a6fe-45960a123f7f 0.045s[00m
2020-06-10 17:01:34.602 29226 INFO tempest.lib.common.rest_client [req-b7c536e6-6730-4ee9-ac02-3480c4ee0f39 ] Request (ServersTestJSON:setUpClass): 200 PUT http://10.13.3.220:9696/v2.0/floatingips/543fe8f7-b4d2-4584-ab0c-e06bb1312434 0.777s[00m
2020-06-10 17:01:34.800 29226 INFO tempest.lib.common.rest_client [req-d4771f95-15da-4a54-ad6a-c25776d541a2 ] Request (ServersTestJSON:setUpClass): 200 GET http://10.13.3.214:8774/v2.1/servers/0d63bc3b-4e75-44bd-b7d4-b6761d64512c 0.197s[00m
2020-06-10 17:01:34.904 29226 INFO tempest.lib.common.rest_client [req-1e5170f2-f603-4209-b424-ae513a1bf2a5 ] Request (ServersTestJSON:test_list_servers): 200 GET http://10.13.3.214:8774/v2.1/servers 0.098s[00m
{1} tempest.api.compute.servers.test_create_server.ServersTestJSON.test_list_servers [0.101444s] ... ok
{1} tempest.api.compute.servers.test_create_server.ServersTestJSON.test_verify_server_details [0.000400s] ... ok
2020-06-10 17:01:34.999 29226 INFO tempest.lib.common.rest_client [req-2ac5769b-ff60-48e1-8d68-31feac056c12 ] Request (ServersTestJSON:tearDownClass): 204 DELETE http://10.13.3.214:8774/v2.1/servers/0d63bc3b-4e75-44bd-b7d4-b6761d64512c 0.091s[00m
2020-06-10 17:01:35.099 29226 INFO tempest.lib.common.rest_client [req-d562fa72-64bf-490c-b837-f0b3fd8c52a0 ] Request (ServersTestJSON:tearDownClass): 200 GET http://10.13.3.214:8774/v2.1/servers/0d63bc3b-4e75-44bd-b7d4-b6761d64512c 0.097s[00m
2020-06-10 17:01:35.390 29223 INFO tempest.lib.common.rest_client [req-84a055f2-7653-4730-be5f-4433162c4184 ] Request (VolumesListTestJSON:tearDownClass): 404 GET http://10.13.3.244:8776/v3/f8bb9db2168c4961a63b7e371c1f17cb/volumes/8ab44c01-842a-41f9-a6fe-45960a123f7f 0.029s[00m
2020-06-10 17:01:35.437 29223 INFO tempest.lib.common.rest_client [req-6bc06f93-7f41-4aa9-9bf0-0c29b862a9d1 ] Request (VolumesListTestJSON:tearDownClass): 202 DELETE http://10.13.3.244:8776/v3/f8bb9db2168c4961a63b7e371c1f17cb/volumes/ff16472e-136d-4993-95d0-818e2209c067 0.046s[00m
2020-06-10 17:01:35.478 29223 INFO tempest.lib.common.rest_client [req-f9aced5d-fe11-43f6-9a2b-68830f43933c ] Request (VolumesListTestJSON:tearDownClass): 200 GET http://10.13.3.244:8776/v3/f8bb9db2168c4961a63b7e371c1f17cb/volumes/ff16472e-136d-4993-95d0-818e2209c067 0.040s[00m
2020-06-10 17:01:36.260 29226 INFO tempest.lib.common.rest_client [req-a7449a84-0461-4b23-a6e3-d6d24fe96c29 ] Request (ServersTestJSON:tearDownClass): 200 GET http://10.13.3.214:8774/v2.1/servers/0d63bc3b-4e75-44bd-b7d4-b6761d64512c 0.146s[00m
2020-06-10 17:01:36.508 29223 INFO tempest.lib.common.rest_client [req-54aa0272-19a5-48b1-a493-7dcfc989a7f7 ] Request (VolumesListTestJSON:tearDownClass): 404 GET http://10.13.3.244:8776/v3/f8bb9db2168c4961a63b7e371c1f17cb/volumes/ff16472e-136d-4993-95d0-818e2209c067 0.028s[00m
2020-06-10 17:01:36.554 29223 INFO tempest.lib.common.rest_client [req-e5e96e89-121f-40d3-9f06-ed806a88dee9 ] Request (VolumesListTestJSON:tearDownClass): 202 DELETE http://10.13.3.244:8776/v3/f8bb9db2168c4961a63b7e371c1f17cb/volumes/aa9e71ee-66c5-4caa-9b0c-fd32840998a1 0.045s[00m
2020-06-10 17:01:36.597 29223 INFO tempest.lib.common.rest_client [req-19ef0ea7-b55e-4045-90b1-cb1685cef294 ] Request (VolumesListTestJSON:tearDownClass): 200 GET http://10.13.3.244:8776/v3/f8bb9db2168c4961a63b7e371c1f17cb/volumes/aa9e71ee-66c5-4caa-9b0c-fd32840998a1 0.042s[00m
2020-06-10 17:01:37.305 29226 INFO tempest.lib.common.rest_client [req-cb8e70ba-06eb-489d-a6fe-c53111e6fa53 ] Request (ServersTestJSON:tearDownClass): 404 GET http://10.13.3.214:8774/v2.1/servers/0d63bc3b-4e75-44bd-b7d4-b6761d64512c 0.039s[00m
2020-06-10 17:01:37.324 29226 INFO tempest.lib.common.rest_client [req-efc8056d-d3cc-4108-9917-e7a8eb4e4d38 ] Request (ServersTestJSON:tearDownClass): 202 DELETE http://10.13.3.214:8774/v2.1/os-keypairs/tempest-keypair-120701902 0.019s[00m
2020-06-10 17:01:37.408 29226 INFO tempest.lib.common.rest_client [req-b44cdf11-b3f2-446f-a275-78a456e5c7c0 ] Request (ServersTestJSON:tearDownClass): 204 DELETE http://10.13.3.220:9696/v2.0/security-groups/22ec1d2d-68e5-45a9-8df2-cf57e53bb4ce 0.083s[00m
2020-06-10 17:01:37.419 29226 INFO tempest.lib.common.rest_client [req-f1d6f1d3-f691-4761-8cc2-d4a0c4ec1b85 ] Request (ServersTestJSON:tearDownClass): 404 GET http://10.13.3.220:9696/v2.0/security-groups/22ec1d2d-68e5-45a9-8df2-cf57e53bb4ce 0.010s[00m
2020-06-10 17:01:37.630 29223 INFO tempest.lib.common.rest_client [req-4c3c480b-e0f1-44ec-a3e1-d5385f7e4a66 ] Request (VolumesListTestJSON:tearDownClass): 404 GET http://10.13.3.244:8776/v3/f8bb9db2168c4961a63b7e371c1f17cb/volumes/aa9e71ee-66c5-4caa-9b0c-fd32840998a1 0.029s[00m
2020-06-10 17:01:37.707 29223 INFO tempest.lib.common.rest_client [req-4e95c993-bbba-4cc2-be2c-4aae9d1a42fa ] Request (VolumesListTestJSON:tearDownClass): 204 DELETE http://10.13.3.204:35357/v3/users/3b1b1b195fea4f5491e267fc60cb3cc1 0.075s[00m
2020-06-10 17:01:37.755 29226 INFO tempest.lib.common.rest_client [req-f660b343-5569-4a89-99ba-d22fb24b3017 ] Request (ServersTestJSON:tearDownClass): 204 DELETE http://10.13.3.220:9696/v2.0/floatingips/543fe8f7-b4d2-4584-ab0c-e06bb1312434 0.336s[00m
2020-06-10 17:01:37.972 29223 INFO tempest.lib.common.rest_client [req-9d254160-9411-424b-9c98-2112457536b9 ] Request (VolumesListTestJSON:tearDownClass): 201 POST http://10.13.3.204:5000/v3/auth/tokens 0.262s[00m
2020-06-10 17:01:38.124 29223 INFO tempest.lib.common.rest_client [req-325dedc9-81b5-4a91-b63f-00510861cc33 ] Request (VolumesListTestJSON:tearDownClass): 200 GET http://10.13.3.220:9696/v2.0/security-groups?tenant_id=f8bb9db2168c4961a63b7e371c1f17cb&name=default 0.152s[00m
2020-06-10 17:01:38.211 29223 INFO tempest.lib.common.rest_client [req-be5daaf0-8a25-49b2-9452-b8fb90fb5962 ] Request (VolumesListTestJSON:tearDownClass): 204 DELETE http://10.13.3.220:9696/v2.0/security-groups/a4d378d5-6d66-4928-b938-f203afa97446 0.085s[00m
2020-06-10 17:01:38.283 29223 INFO tempest.lib.common.rest_client [req-c875349f-7752-4263-8034-4d6ff3915025 ] Request (VolumesListTestJSON:tearDownClass): 204 DELETE http://10.13.3.204:35357/v3/projects/f8bb9db2168c4961a63b7e371c1f17cb 0.071s[00m
2020-06-10 17:01:38.544 29223 INFO tempest.lib.common.rest_client [req-9dabe198-a85b-46aa-8c78-8977702f2c6d ] Request (TestNetworkBasicOps:setUpClass): 201 POST http://10.13.3.204:5000/v3/auth/tokens 0.259s[00m
2020-06-10 17:01:38.794 29223 INFO tempest.lib.common.rest_client [req-8ea45d61-2e0b-487e-a7ed-18db85172a4d ] Request (TestNetworkBasicOps:setUpClass): 201 POST http://10.13.3.204:5000/v3/auth/tokens 0.247s[00m
2020-06-10 17:01:38.816 29223 INFO tempest.lib.common.rest_client [req-e23444f4-0217-47c8-81b7-7933902cbe64 ] Request (TestNetworkBasicOps:setUpClass): 200 GET http://10.13.3.204:35357/v3/domains?name=admin_domain 0.021s[00m
2020-06-10 17:01:38.839 29223 INFO tempest.lib.common.rest_client [req-b763ba1e-08f4-437d-8e7c-b9bef6b6411a ] Request (TestNetworkBasicOps:setUpClass): 201 POST http://10.13.3.204:35357/v3/projects 0.022s[00m
2020-06-10 17:01:39.077 29226 INFO tempest.lib.common.rest_client [req-fcee1f2c-51c0-4a5b-9759-c6900c933627 ] Request (ServersTestJSON:tearDownClass): 200 PUT http://10.13.3.220:9696/v2.0/routers/4273f0b2-68a8-4802-9596-f9fb7e6e4a4b/remove_router_interface 1.321s[00m
2020-06-10 17:01:39.087 29223 INFO tempest.lib.common.rest_client [req-72db2370-57ff-4baf-af84-10c537772c2a ] Request (TestNetworkBasicOps:setUpClass): 201 POST http://10.13.3.204:35357/v3/users 0.247s[00m
2020-06-10 17:01:39.103 29223 INFO tempest.lib.common.rest_client [req-af75b163-ef8f-4719-adda-1b2dc5391dca ] Request (TestNetworkBasicOps:setUpClass): 200 GET http://10.13.3.204:35357/v3/roles 0.016s[00m
2020-06-10 17:01:39.119 29223 INFO tempest.lib.common.rest_client [req-194196db-e3fc-4f06-90d6-b92a6ad3fc7e ] Request (TestNetworkBasicOps:setUpClass): 200 GET http://10.13.3.204:35357/v3/roles 0.015s[00m
2020-06-10 17:01:39.148 29223 INFO tempest.lib.common.rest_client [req-f21c0ce8-a633-445f-a555-c0a55c8ffdde ] Request (TestNetworkBasicOps:setUpClass): 204 PUT http://10.13.3.204:35357/v3/projects/33b00014940047a59c859e3e784386c6/users/015200d3fb314347a3542de60e7aa20e/roles/ecaa49e353044f2295ed48eeb379e12b 0.029s[00m
2020-06-10 17:01:39.149 29223 INFO tempest.lib.common.dynamic_creds [-] Acquired dynamic creds:
 credentials: Credentials: {'domain_id': '558928869e1942d2bdab7441dc8cfc87', 'domain_name': 'admin_domain', 'username': 'tempest-TestNetworkBasicOps-833994063', 'project_domain_id': '558928869e1942d2bdab7441dc8cfc87', 'project_domain_name': 'admin_domain', 'project_id': '33b00014940047a59c859e3e784386c6', 'project_name': 'tempest-TestNetworkBasicOps-833994063', 'tenant_id': '33b00014940047a59c859e3e784386c6', 'tenant_name': 'tempest-TestNetworkBasicOps-833994063', 'user_domain_id': '558928869e1942d2bdab7441dc8cfc87', 'user_domain_name': 'admin_domain', 'user_id': '015200d3fb314347a3542de60e7aa20e'}, Network: None, Subnet: None, Router: None[00m
2020-06-10 17:01:39.149 29223 INFO tempest.lib.common.dynamic_creds [-] Created isolated network resources for:
 credentials: Credentials: {'domain_id': '558928869e1942d2bdab7441dc8cfc87', 'domain_name': 'admin_domain', 'username': 'tempest-TestNetworkBasicOps-833994063', 'project_domain_id': '558928869e1942d2bdab7441dc8cfc87', 'project_domain_name': 'admin_domain', 'project_id': '33b00014940047a59c859e3e784386c6', 'project_name': 'tempest-TestNetworkBasicOps-833994063', 'tenant_id': '33b00014940047a59c859e3e784386c6', 'tenant_name': 'tempest-TestNetworkBasicOps-833994063', 'user_domain_id': '558928869e1942d2bdab7441dc8cfc87', 'user_domain_name': 'admin_domain', 'user_id': '015200d3fb314347a3542de60e7aa20e'}, Network: None, Subnet: None, Router: None[00m
2020-06-10 17:01:39.430 29223 INFO tempest.lib.common.rest_client [req-a1275bcf-db05-4003-b59c-35ade61847f7 ] Request (TestNetworkBasicOps:setUpClass): 201 POST http://10.13.3.204:5000/v3/auth/tokens 0.277s[00m
2020-06-10 17:01:39.477 29223 INFO tempest.lib.common.rest_client [req-f56e3acd-0de7-403c-a781-d7957a27bb08 ] Request (TestNetworkBasicOps:setUpClass): 201 POST http://10.13.3.204:35357/v3/projects 0.046s[00m
2020-06-10 17:01:39.735 29223 INFO tempest.lib.common.rest_client [req-708a2798-6774-4f20-8172-6c200f85622c ] Request (TestNetworkBasicOps:setUpClass): 201 POST http://10.13.3.204:35357/v3/users 0.257s[00m
2020-06-10 17:01:39.760 29223 INFO tempest.lib.common.rest_client [req-6ba29157-680b-470a-9443-cc4dffc3bdc1 ] Request (TestNetworkBasicOps:setUpClass): 200 GET http://10.13.3.204:35357/v3/roles 0.024s[00m
2020-06-10 17:01:39.789 29223 INFO tempest.lib.common.rest_client [req-8035fd70-7de7-4019-913e-050eb2b1692f ] Request (TestNetworkBasicOps:setUpClass): 204 PUT http://10.13.3.204:35357/v3/projects/c5319ddd8a334f979fd29158b53479a7/users/9d73e19d06354fa290cd9c5c57ac6830/roles/fd9da3f6c40d40849c9a9f209d57ba4b 0.029s[00m
2020-06-10 17:01:39.823 29226 INFO tempest.lib.common.rest_client [req-cb3bb29d-fee0-4ec9-85e5-fe728519f518 ] Request (ServersTestJSON:tearDownClass): 204 DELETE http://10.13.3.220:9696/v2.0/routers/4273f0b2-68a8-4802-9596-f9fb7e6e4a4b 0.746s[00m
2020-06-10 17:01:39.822 29223 INFO tempest.lib.common.rest_client [req-8bd8d9b4-5e50-4c42-924d-ddbf58d2f1a6 ] Request (TestNetworkBasicOps:setUpClass): 200 GET http://10.13.3.204:35357/v3/roles 0.032s[00m
2020-06-10 17:01:39.841 29223 INFO tempest.lib.common.rest_client [req-de09d832-7a11-449e-83ac-8e93b377affa ] Request (TestNetworkBasicOps:setUpClass): 204 PUT http://10.13.3.204:35357/v3/domains/558928869e1942d2bdab7441dc8cfc87/users/9d73e19d06354fa290cd9c5c57ac6830/roles/fd9da3f6c40d40849c9a9f209d57ba4b 0.018s[00m
2020-06-10 17:01:39.841 29223 INFO tempest.lib.common.dynamic_creds [-] Acquired dynamic creds:
 credentials: Credentials: {'domain_id': '558928869e1942d2bdab7441dc8cfc87', 'domain_name': 'admin_domain', 'username': 'tempest-TestNetworkBasicOps-759877793', 'project_domain_id': '558928869e1942d2bdab7441dc8cfc87', 'project_domain_name': 'admin_domain', 'project_id': 'c5319ddd8a334f979fd29158b53479a7', 'project_name': 'tempest-TestNetworkBasicOps-759877793', 'tenant_id': 'c5319ddd8a334f979fd29158b53479a7', 'tenant_name': 'tempest-TestNetworkBasicOps-759877793', 'user_domain_id': '558928869e1942d2bdab7441dc8cfc87', 'user_domain_name': 'admin_domain', 'user_id': '9d73e19d06354fa290cd9c5c57ac6830'}, Network: None, Subnet: None, Router: None[00m
2020-06-10 17:01:39.842 29223 INFO tempest.lib.common.dynamic_creds [-] Created isolated network resources for:
 credentials: Credentials: {'domain_id': '558928869e1942d2bdab7441dc8cfc87', 'domain_name': 'admin_domain', 'username': 'tempest-TestNetworkBasicOps-759877793', 'project_domain_id': '558928869e1942d2bdab7441dc8cfc87', 'project_domain_name': 'admin_domain', 'project_id': 'c5319ddd8a334f979fd29158b53479a7', 'project_name': 'tempest-TestNetworkBasicOps-759877793', 'tenant_id': 'c5319ddd8a334f979fd29158b53479a7', 'tenant_name': 'tempest-TestNetworkBasicOps-759877793', 'user_domain_id': '558928869e1942d2bdab7441dc8cfc87', 'user_domain_name': 'admin_domain', 'user_id': '9d73e19d06354fa290cd9c5c57ac6830'}, Network: None, Subnet: None, Router: None[00m
2020-06-10 17:01:40.084 29226 INFO tempest.lib.common.rest_client [req-cefc0c58-1fa5-42c5-9ea1-9d1ef6a9d7c3 ] Request (ServersTestJSON:tearDownClass): 204 DELETE http://10.13.3.220:9696/v2.0/subnets/e4cac5da-8b7b-45c9-922e-d22b64808708 0.260s[00m
2020-06-10 17:01:40.167 29223 INFO tempest.lib.common.rest_client [req-03dc8e0a-36ea-4b6e-8ce9-413acbdb431c ] Request (TestNetworkBasicOps:setUpClass): 201 POST http://10.13.3.204:5000/v3/auth/tokens 0.274s[00m
2020-06-10 17:01:40.426 29223 INFO tempest.lib.common.rest_client [req-422da545-7ccc-4392-824e-0f38287a94c9 ] Request (TestNetworkBasicOps:test_network_basic_ops): 201 POST http://10.13.3.220:9696/v2.0/networks 0.256s[00m
2020-06-10 17:01:40.759 29226 INFO tempest.lib.common.rest_client [req-7f5bfe18-493e-4ea4-ad04-890f01ac6129 ] Request (ServersTestJSON:tearDownClass): 204 DELETE http://10.13.3.220:9696/v2.0/networks/8462a9db-3176-4354-a084-6a5ceb731e66 0.674s[00m
2020-06-10 17:01:40.836 29226 INFO tempest.lib.common.rest_client [req-a4c06cde-6b30-499c-9c84-62cce1ce9761 ] Request (ServersTestJSON:tearDownClass): 204 DELETE http://10.13.3.204:35357/v3/users/6ee45d2fb4934d7b9c817fa85c51a3ee 0.076s[00m
2020-06-10 17:01:40.863 29226 INFO tempest.lib.common.rest_client [req-601e5af4-d901-4d70-b1ff-27c24b35253d ] Request (ServersTestJSON:tearDownClass): 200 GET http://10.13.3.220:9696/v2.0/security-groups?tenant_id=894d007b92de4b8abaf8db7e3209d4a0&name=default 0.026s[00m
2020-06-10 17:01:40.995 29226 INFO tempest.lib.common.rest_client [req-77a4c102-b584-4581-ab55-5a5b3e5bdcb6 ] Request (ServersTestJSON:tearDownClass): 204 DELETE http://10.13.3.220:9696/v2.0/security-groups/11de5e3e-842c-4c91-b644-46fcd469ebe0 0.131s[00m
2020-06-10 17:01:41.068 29226 INFO tempest.lib.common.rest_client [req-9cbd067a-b7e5-4155-ba48-24ef6ebc6083 ] Request (ServersTestJSON:tearDownClass): 204 DELETE http://10.13.3.204:35357/v3/projects/894d007b92de4b8abaf8db7e3209d4a0 0.073s[00m
2020-06-10 17:01:41.269 29223 INFO tempest.lib.common.rest_client [req-556c781e-4ff1-4aaa-ad2d-f1695801657d ] Request (TestNetworkBasicOps:test_network_basic_ops): 201 POST http://10.13.3.220:9696/v2.0/routers 0.840s[00m
2020-06-10 17:01:41.332 29226 INFO tempest.lib.common.rest_client [req-0c355f5a-26c5-4ff4-a5d7-d0e4ba8d81c7 ] Request (ServerActionsTestJSON:setUpClass): 201 POST http://10.13.3.204:5000/v3/auth/tokens 0.262s[00m
2020-06-10 17:01:41.387 29223 INFO tempest.lib.common.rest_client [req-ae638c62-2d5c-4ec2-b3bb-13fdc4153c95 ] Request (TestNetworkBasicOps:test_network_basic_ops): 200 GET http://10.13.3.220:9696/v2.0/subnets?tenant_id=33b00014940047a59c859e3e784386c6&cidr=172.16.0.0%2F28 0.117s[00m
2020-06-10 17:01:41.586 29226 INFO tempest.lib.common.rest_client [req-0c54516b-d13e-49f4-aeec-79d8cd6a69e2 ] Request (ServerActionsTestJSON:setUpClass): 201 POST http://10.13.3.204:5000/v3/auth/tokens 0.250s[00m
2020-06-10 17:01:41.607 29226 INFO tempest.lib.common.rest_client [req-ced451af-6390-4791-99f4-df85b3ecc8f4 ] Request (ServerActionsTestJSON:setUpClass): 200 GET http://10.13.3.204:35357/v3/domains?name=admin_domain 0.021s[00m
2020-06-10 17:01:41.631 29226 INFO tempest.lib.common.rest_client [req-98b0bba9-3c88-42c6-995c-8186f081cc19 ] Request (ServerActionsTestJSON:setUpClass): 201 POST http://10.13.3.204:35357/v3/projects 0.023s[00m
2020-06-10 17:01:41.779 29223 INFO tempest.lib.common.rest_client [req-050c7377-a6cd-46ec-8631-baed5a5fa67c ] Request (TestNetworkBasicOps:test_network_basic_ops): 201 POST http://10.13.3.220:9696/v2.0/subnets 0.391s[00m
2020-06-10 17:01:41.886 29226 INFO tempest.lib.common.rest_client [req-714a488d-5f58-4cc4-83b1-f804855c84c0 ] Request (ServerActionsTestJSON:setUpClass): 201 POST http://10.13.3.204:35357/v3/users 0.254s[00m
2020-06-10 17:01:41.901 29226 INFO tempest.lib.common.rest_client [req-bb70ebc0-a282-42e6-90c5-7c7b98e25f85 ] Request (ServerActionsTestJSON:setUpClass): 200 GET http://10.13.3.204:35357/v3/roles 0.015s[00m
2020-06-10 17:01:41.916 29226 INFO tempest.lib.common.rest_client [req-12ebad40-db6a-4253-8d32-a001a30afed3 ] Request (ServerActionsTestJSON:setUpClass): 200 GET http://10.13.3.204:35357/v3/roles 0.014s[00m
2020-06-10 17:01:41.944 29226 INFO tempest.lib.common.rest_client [req-1feac6c7-4512-47fb-972e-4572e8b7b39e ] Request (ServerActionsTestJSON:setUpClass): 204 PUT http://10.13.3.204:35357/v3/projects/07614e0ec58a4facb4997b3913ab1d30/users/a9e6f55937e646d59e94b89874de6e73/roles/ecaa49e353044f2295ed48eeb379e12b 0.027s[00m
2020-06-10 17:01:41.944 29226 INFO tempest.lib.common.dynamic_creds [-] Acquired dynamic creds:
 credentials: Credentials: {'domain_id': '558928869e1942d2bdab7441dc8cfc87', 'domain_name': 'admin_domain', 'username': 'tempest-ServerActionsTestJSON-528041546', 'project_domain_id': '558928869e1942d2bdab7441dc8cfc87', 'project_domain_name': 'admin_domain', 'project_id': '07614e0ec58a4facb4997b3913ab1d30', 'project_name': 'tempest-ServerActionsTestJSON-528041546', 'tenant_id': '07614e0ec58a4facb4997b3913ab1d30', 'tenant_name': 'tempest-ServerActionsTestJSON-528041546', 'user_domain_id': '558928869e1942d2bdab7441dc8cfc87', 'user_domain_name': 'admin_domain', 'user_id': 'a9e6f55937e646d59e94b89874de6e73'}, Network: None, Subnet: None, Router: None[00m
2020-06-10 17:01:42.209 29226 INFO tempest.lib.common.rest_client [req-f2129b6f-4ab2-47c2-9c32-73300edc740e ] Request (ServerActionsTestJSON:setUpClass): 201 POST http://10.13.3.204:5000/v3/auth/tokens 0.264s[00m
2020-06-10 17:01:42.466 29226 INFO tempest.lib.common.rest_client [req-4e69bc28-0ffa-4ea5-8492-69db0ad5b931 ] Request (ServerActionsTestJSON:setUpClass): 201 POST http://10.13.3.220:9696/v2.0/networks 0.256s[00m
2020-06-10 17:01:42.780 29226 INFO tempest.lib.common.rest_client [req-bff36b8e-ef8c-4c1a-b87e-97f5625d0706 ] Request (ServerActionsTestJSON:setUpClass): 201 POST http://10.13.3.220:9696/v2.0/subnets 0.314s[00m
2020-06-10 17:01:43.570 29223 INFO tempest.lib.common.rest_client [req-925eafd2-f3ca-4c6f-b5d2-0ab9353f871b ] Request (TestNetworkBasicOps:test_network_basic_ops): 200 PUT http://10.13.3.220:9696/v2.0/routers/53c6aea5-5756-4f7c-b38b-39e2a2738f81/add_router_interface 1.790s[00m
2020-06-10 17:01:43.629 29223 INFO tempest.lib.common.rest_client [req-4e3af7fd-03cf-4585-8411-7abdafc602d4 ] Request (TestNetworkBasicOps:test_network_basic_ops): 200 GET http://10.13.3.220:9696/v2.0/networks 0.058s[00m
2020-06-10 17:01:43.664 29223 INFO tempest.lib.common.rest_client [req-f7c347a2-cdd4-4a8e-a62c-8d311a02dfdf ] Request (TestNetworkBasicOps:test_network_basic_ops): 200 GET http://10.13.3.220:9696/v2.0/subnets 0.034s[00m
2020-06-10 17:01:43.792 29223 INFO tempest.lib.common.rest_client [req-7048d008-eef2-4d5d-a38e-e46ad99781a5 ] Request (TestNetworkBasicOps:test_network_basic_ops): 200 GET http://10.13.3.220:9696/v2.0/routers 0.127s[00m
2020-06-10 17:01:43.930 29226 INFO tempest.lib.common.rest_client [req-17d27c45-b96c-4ea4-8b9e-22a43d041604 ] Request (ServerActionsTestJSON:setUpClass): 201 POST http://10.13.3.220:9696/v2.0/routers 1.149s[00m
2020-06-10 17:01:44.053 29223 INFO tempest.lib.common.rest_client [req-eb786526-9a47-4e97-acc5-9fc23a233246 ] Request (TestNetworkBasicOps:test_network_basic_ops): 200 POST http://10.13.3.214:8774/v2.1/os-keypairs 0.260s[00m
2020-06-10 17:01:44.146 29223 INFO tempest.lib.common.rest_client [req-751b6c5d-385a-4fbd-a3dd-eae7bb5670d2 ] Request (TestNetworkBasicOps:test_network_basic_ops): 201 POST http://10.13.3.220:9696/v2.0/security-groups 0.089s[00m
2020-06-10 17:01:44.213 29223 INFO tempest.lib.common.rest_client [req-8683e722-760e-43c0-9245-53ca119ad739 ] Request (TestNetworkBasicOps:test_network_basic_ops): 201 POST http://10.13.3.220:9696/v2.0/security-group-rules 0.067s[00m
2020-06-10 17:01:44.281 29223 INFO tempest.lib.common.rest_client [req-b9ee4756-4627-48fd-a2ef-f71ad5555352 ] Request (TestNetworkBasicOps:test_network_basic_ops): 201 POST http://10.13.3.220:9696/v2.0/security-group-rules 0.067s[00m
2020-06-10 17:01:44.369 29223 INFO tempest.lib.common.rest_client [req-2cca37fe-9323-45e3-8e69-682c2321916b ] Request (TestNetworkBasicOps:test_network_basic_ops): 201 POST http://10.13.3.220:9696/v2.0/security-group-rules 0.087s[00m
2020-06-10 17:01:44.447 29223 INFO tempest.lib.common.rest_client [req-855e20c3-1311-4157-9f06-3300708c4afa ] Request (TestNetworkBasicOps:test_network_basic_ops): 201 POST http://10.13.3.220:9696/v2.0/security-group-rules 0.078s[00m
2020-06-10 17:01:44.522 29223 INFO tempest.lib.common.rest_client [req-672f9ad4-832c-4d69-a569-d3c110638972 ] Request (TestNetworkBasicOps:test_network_basic_ops): 201 POST http://10.13.3.220:9696/v2.0/security-group-rules 0.075s[00m
2020-06-10 17:01:44.591 29223 INFO tempest.lib.common.rest_client [req-6e288229-21f6-470b-adf4-85830f25ecde ] Request (TestNetworkBasicOps:test_network_basic_ops): 201 POST http://10.13.3.220:9696/v2.0/security-group-rules 0.067s[00m
2020-06-10 17:01:44.828 29223 INFO tempest.lib.common.rest_client [req-0cddef6e-7af3-4b7b-a56e-28e8687db0c7 ] Request (TestNetworkBasicOps:test_network_basic_ops): 201 POST http://10.13.3.204:5000/v3/auth/tokens 0.232s[00m
2020-06-10 17:01:44.829 29223 INFO tempest.lib.common.fixed_network [-] (TestNetworkBasicOps:test_network_basic_ops) Found network None available for tenant[00m
2020-06-10 17:01:45.185 29226 INFO tempest.lib.common.rest_client [req-f02371c8-a7b9-494f-b8b7-0c79503e6ca5 ] Request (ServerActionsTestJSON:setUpClass): 200 PUT http://10.13.3.220:9696/v2.0/routers/4e80e3ce-a98e-4604-aa41-0ec7841d8861/add_router_interface 1.254s[00m
2020-06-10 17:01:45.185 29226 INFO tempest.lib.common.dynamic_creds [-] Created isolated network resources for:
 credentials: Credentials: {'domain_id': '558928869e1942d2bdab7441dc8cfc87', 'domain_name': 'admin_domain', 'username': 'tempest-ServerActionsTestJSON-528041546', 'project_domain_id': '558928869e1942d2bdab7441dc8cfc87', 'project_domain_name': 'admin_domain', 'project_id': '07614e0ec58a4facb4997b3913ab1d30', 'project_name': 'tempest-ServerActionsTestJSON-528041546', 'tenant_id': '07614e0ec58a4facb4997b3913ab1d30', 'tenant_name': 'tempest-ServerActionsTestJSON-528041546', 'user_domain_id': '558928869e1942d2bdab7441dc8cfc87', 'user_domain_name': 'admin_domain', 'user_id': 'a9e6f55937e646d59e94b89874de6e73'}, Network: {'id': '70ba781e-fe5d-46e3-835f-ed0c555108d2', 'name': 'tempest-ServerActionsTestJSON-1035231801-network', 'tenant_id': '07614e0ec58a4facb4997b3913ab1d30', 'admin_state_up': True, 'mtu': 1458, 'status': 'ACTIVE', 'subnets': [], 'shared': False, 'project_id': '07614e0ec58a4facb4997b3913ab1d30', 'router:external': False, 'provider:network_type': 'gre', 'provider:physical_network': None, 'provider:segmentation_id': 1, 'availability_zone_hints': [], 'is_default': False, 'availability_zones': [], 'ipv4_address_scope': None, 'ipv6_address_scope': None, 'description': '', 'l2_adjacency': True, 'tags': [], 'created_at': '2020-06-10T17:01:42Z', 'updated_at': '2020-06-10T17:01:42Z', 'revision_number': 1}, Subnet: {'id': '116be12c-626e-45bb-8703-b58b1786cab2', 'name': 'tempest-ServerActionsTestJSON-1035231801-subnet', 'tenant_id': '07614e0ec58a4facb4997b3913ab1d30', 'network_id': '70ba781e-fe5d-46e3-835f-ed0c555108d2', 'ip_version': 4, 'subnetpool_id': None, 'enable_dhcp': True, 'ipv6_ra_mode': None, 'ipv6_address_mode': None, 'gateway_ip': '172.16.0.1', 'cidr': '172.16.0.0/28', 'allocation_pools': [{'start': '172.16.0.2', 'end': '172.16.0.14'}], 'host_routes': [], 'dns_nameservers': [], 'description': '', 'service_types': [], 'segment_id': None, 'tags': [], 'created_at': '2020-06-10T17:01:42Z', 'updated_at': '2020-06-10T17:01:42Z', 'revision_number': 0, 'project_id': '07614e0ec58a4facb4997b3913ab1d30'}, Router: {'id': '4e80e3ce-a98e-4604-aa41-0ec7841d8861', 'name': 'tempest-ServerActionsTestJSON-1035231801-router', 'tenant_id': '07614e0ec58a4facb4997b3913ab1d30', 'admin_state_up': True, 'status': 'ACTIVE', 'external_gateway_info': {'network_id': '62333b8b-27a5-4160-903e-5872d7716836', 'external_fixed_ips': [{'subnet_id': '2916b30b-3977-4bdf-a8f9-72e2f9bc30a3', 'ip_address': '10.13.3.162'}], 'enable_snat': True}, 'description': '', 'availability_zones': [], 'distributed': False, 'ha': False, 'availability_zone_hints': [], 'routes': [], 'flavor_id': None, 'tags': [], 'created_at': '2020-06-10T17:01:42Z', 'updated_at': '2020-06-10T17:01:43Z', 'revision_number': 3, 'project_id': '07614e0ec58a4facb4997b3913ab1d30'}[00m
2020-06-10 17:01:45.219 29223 INFO tempest.lib.common.rest_client [req-a1a0f9b7-27bf-45b4-a42c-c11ca2eebb14 ] Request (TestNetworkBasicOps:test_network_basic_ops): 202 POST http://10.13.3.214:8774/v2.1/servers 0.390s[00m
2020-06-10 17:01:45.269 29223 INFO tempest.lib.common.rest_client [req-4f4534cb-0464-4e3c-9b1a-5ff49bddab28 ] Request (TestNetworkBasicOps:test_network_basic_ops): 200 GET http://10.13.3.214:8774/v2.1/servers/c71834a1-8adc-4f5c-9c75-451ec5934959 0.047s[00m
2020-06-10 17:01:45.472 29226 INFO tempest.lib.common.rest_client [req-3acf1e78-e528-41f2-b491-e4595832548b ] Request (ServerActionsTestJSON:setUpClass): 201 POST http://10.13.3.204:5000/v3/auth/tokens 0.281s[00m
2020-06-10 17:01:45.671 29226 INFO tempest.lib.common.rest_client [req-95f49c97-a5ab-4f65-88d1-fd6646ec4d04 ] Request (ServerActionsTestJSON:setUpClass): 200 POST http://10.13.3.214:8774/v2.1/os-keypairs 0.198s[00m
2020-06-10 17:01:45.798 29226 INFO tempest.lib.common.rest_client [req-90ee3f64-c7b2-440c-82f7-eb3fe838c96a ] Request (ServerActionsTestJSON:setUpClass): 201 POST http://10.13.3.220:9696/v2.0/security-groups 0.125s[00m
2020-06-10 17:01:45.869 29226 INFO tempest.lib.common.rest_client [req-c0683d10-95c0-4b66-ab55-7ef92a832c27 ] Request (ServerActionsTestJSON:setUpClass): 201 POST http://10.13.3.220:9696/v2.0/security-group-rules 0.071s[00m
2020-06-10 17:01:45.938 29226 INFO tempest.lib.common.rest_client [req-71af7c0d-be5e-4c4e-97b6-4f1443cf414a ] Request (ServerActionsTestJSON:setUpClass): 201 POST http://10.13.3.220:9696/v2.0/security-group-rules 0.068s[00m
2020-06-10 17:01:46.509 29223 INFO tempest.lib.common.rest_client [req-36b1a3c4-2328-4bd4-b49c-60721d4bd293 ] Request (TestNetworkBasicOps:test_network_basic_ops): 200 GET http://10.13.3.214:8774/v2.1/servers/c71834a1-8adc-4f5c-9c75-451ec5934959 0.234s[00m
2020-06-10 17:01:46.513 29223 INFO tempest.common.waiters [-] State transition "BUILD/scheduling" ==> "BUILD/spawning" after 1 second wait[00m
2020-06-10 17:01:46.777 29226 INFO tempest.lib.common.rest_client [req-8675392d-7036-4717-8619-7ed74f0aac98 ] Request (ServerActionsTestJSON:setUpClass): 201 POST http://10.13.3.220:9696/v2.0/floatingips 0.838s[00m
2020-06-10 17:01:47.021 29226 INFO tempest.lib.common.rest_client [req-e3cf20fc-02ed-4994-b345-8a07321795f2 ] Request (ServerActionsTestJSON:setUpClass): 201 POST http://10.13.3.204:5000/v3/auth/tokens 0.239s[00m
2020-06-10 17:01:47.021 29226 INFO tempest.lib.common.fixed_network [-] (ServerActionsTestJSON:setUpClass) Found network {'id': '70ba781e-fe5d-46e3-835f-ed0c555108d2', 'name': 'tempest-ServerActionsTestJSON-1035231801-network', 'tenant_id': '07614e0ec58a4facb4997b3913ab1d30', 'admin_state_up': True, 'mtu': 1458, 'status': 'ACTIVE', 'subnets': [], 'shared': False, 'project_id': '07614e0ec58a4facb4997b3913ab1d30', 'router:external': False, 'provider:network_type': 'gre', 'provider:physical_network': None, 'provider:segmentation_id': 1, 'availability_zone_hints': [], 'is_default': False, 'availability_zones': [], 'ipv4_address_scope': None, 'ipv6_address_scope': None, 'description': '', 'l2_adjacency': True, 'tags': [], 'created_at': '2020-06-10T17:01:42Z', 'updated_at': '2020-06-10T17:01:42Z', 'revision_number': 1} available for tenant[00m
2020-06-10 17:01:47.688 29226 INFO tempest.lib.common.rest_client [req-ff6ce982-8cdf-4336-a591-be53f962b453 ] Request (ServerActionsTestJSON:setUpClass): 202 POST http://10.13.3.214:8774/v2.1/servers 0.666s[00m
2020-06-10 17:01:47.764 29226 INFO tempest.lib.common.rest_client [req-e0bb56d9-a3fa-4b5e-bb91-2c4745b9c282 ] Request (ServerActionsTestJSON:setUpClass): 200 GET http://10.13.3.214:8774/v2.1/servers/e74b4b3b-d1b3-425f-8f4a-b6fdc40ebc7e 0.074s[00m
2020-06-10 17:01:47.768 29223 INFO tempest.lib.common.rest_client [req-759423cd-323f-4604-8c20-3de1cbe0c090 ] Request (TestNetworkBasicOps:test_network_basic_ops): 200 GET http://10.13.3.214:8774/v2.1/servers/c71834a1-8adc-4f5c-9c75-451ec5934959 0.254s[00m
2020-06-10 17:01:49.050 29223 INFO tempest.lib.common.rest_client [req-6e32d50d-1323-4866-b462-cf693c5985a0 ] Request (TestNetworkBasicOps:test_network_basic_ops): 200 GET http://10.13.3.214:8774/v2.1/servers/c71834a1-8adc-4f5c-9c75-451ec5934959 0.277s[00m
2020-06-10 17:01:49.077 29226 INFO tempest.lib.common.rest_client [req-3c9f4af7-5ec5-409f-be67-4f9163b11eff ] Request (ServerActionsTestJSON:setUpClass): 200 GET http://10.13.3.214:8774/v2.1/servers/e74b4b3b-d1b3-425f-8f4a-b6fdc40ebc7e 0.305s[00m
2020-06-10 17:01:49.082 29226 INFO tempest.common.waiters [-] State transition "BUILD/scheduling" ==> "BUILD/spawning" after 2 second wait[00m
2020-06-10 17:01:50.211 29226 INFO tempest.lib.common.rest_client [req-6ea755cd-b329-41a8-9a70-f144a4ba711e ] Request (ServerActionsTestJSON:setUpClass): 200 GET http://10.13.3.214:8774/v2.1/servers/e74b4b3b-d1b3-425f-8f4a-b6fdc40ebc7e 0.127s[00m
2020-06-10 17:01:50.210 29223 INFO tempest.lib.common.rest_client [req-c16d9dbc-8569-4b89-938c-1d89000e9200 ] Request (TestNetworkBasicOps:test_network_basic_ops): 200 GET http://10.13.3.214:8774/v2.1/servers/c71834a1-8adc-4f5c-9c75-451ec5934959 0.154s[00m
2020-06-10 17:01:50.215 29223 INFO tempest.common.waiters [-] State transition "BUILD/spawning" ==> "ACTIVE/None" after 5 second wait[00m
2020-06-10 17:01:50.320 29223 INFO tempest.lib.common.rest_client [req-a42b61e5-aa90-42e4-bffc-9efe1082d5fb ] Request (TestNetworkBasicOps:test_network_basic_ops): 200 GET http://10.13.3.214:8774/v2.1/servers/c71834a1-8adc-4f5c-9c75-451ec5934959 0.105s[00m
2020-06-10 17:01:50.324 29223 INFO tempest.scenario.manager [-] Tenant networks not configured to be reachable.[00m
2020-06-10 17:01:50.360 29223 INFO tempest.lib.common.rest_client [req-85695c74-a0e1-44be-b5f6-c8190584d0ba ] Request (TestNetworkBasicOps:test_network_basic_ops): 200 GET http://10.13.3.220:9696/v2.0/ports?device_id=c71834a1-8adc-4f5c-9c75-451ec5934959 0.035s[00m
2020-06-10 17:01:51.371 29226 INFO tempest.lib.common.rest_client [req-024323b8-a610-4174-9e3e-965bd95df2ac ] Request (ServerActionsTestJSON:setUpClass): 200 GET http://10.13.3.214:8774/v2.1/servers/e74b4b3b-d1b3-425f-8f4a-b6fdc40ebc7e 0.153s[00m
2020-06-10 17:01:51.753 29223 INFO tempest.lib.common.rest_client [req-0983fc70-cc13-4116-b487-623e1f27a87d ] Request (TestNetworkBasicOps:test_network_basic_ops): 201 POST http://10.13.3.220:9696/v2.0/floatingips 1.393s[00m
2020-06-10 17:01:51.816 29223 INFO tempest.lib.common.rest_client [req-8f8e8260-daa0-4dcb-aca2-13f42dedd449 ] Request (TestNetworkBasicOps:test_network_basic_ops): 200 GET http://10.13.3.220:9696/v2.0/floatingips/98557c36-54dd-4c6d-b8d4-3550338e9fcc 0.062s[00m
2020-06-10 17:01:52.490 29226 INFO tempest.lib.common.rest_client [req-54c690aa-819e-412a-a91e-d9323baca6b0 ] Request (ServerActionsTestJSON:setUpClass): 200 GET http://10.13.3.214:8774/v2.1/servers/e74b4b3b-d1b3-425f-8f4a-b6fdc40ebc7e 0.113s[00m
2020-06-10 17:01:52.494 29226 INFO tempest.common.waiters [-] State transition "BUILD/spawning" ==> "ACTIVE/None" after 5 second wait[00m
2020-06-10 17:01:52.574 29226 INFO tempest.lib.common.rest_client [req-23338027-bd67-42a3-9b54-57165a6837fd ] Request (ServerActionsTestJSON:setUpClass): 200 GET http://10.13.3.214:8774/v2.1/servers/e74b4b3b-d1b3-425f-8f4a-b6fdc40ebc7e/os-interface 0.079s[00m
2020-06-10 17:01:52.911 29223 INFO tempest.lib.common.rest_client [req-e3575498-a1ba-46db-9e89-be577f84da3c ] Request (TestNetworkBasicOps:test_network_basic_ops): 200 GET http://10.13.3.220:9696/v2.0/floatingips/98557c36-54dd-4c6d-b8d4-3550338e9fcc 0.093s[00m
2020-06-10 17:01:53.310 29226 INFO tempest.lib.common.rest_client [req-8e4dd9a2-3e8d-47ae-86f9-e97b2f1d72e3 ] Request (ServerActionsTestJSON:setUpClass): 200 PUT http://10.13.3.220:9696/v2.0/floatingips/5845f567-2998-4bd2-849c-5201ebf92bcc 0.734s[00m
2020-06-10 17:01:53.476 29226 INFO tempest.lib.common.rest_client [req-591f0b0e-5f73-4058-a57f-bc9d407925d4 ] Request (ServerActionsTestJSON:setUp): 200 GET http://10.13.3.214:8774/v2.1/servers/e74b4b3b-d1b3-425f-8f4a-b6fdc40ebc7e 0.164s[00m
2020-06-10 17:01:53.586 29226 INFO tempest.lib.common.rest_client [req-12b31443-a6cf-4248-9446-9d3d21f170a7 ] Request (ServerActionsTestJSON:test_reboot_server_hard): 200 GET http://10.13.3.214:8774/v2.1/servers/e74b4b3b-d1b3-425f-8f4a-b6fdc40ebc7e 0.105s[00m
2020-06-10 17:01:53.592 29226 INFO tempest.lib.common.ssh [-] Creating ssh connection to '10.13.3.174:22' as 'ubuntu' with public key authentication[00m
2020-06-10 17:01:53.965 29223 INFO tempest.lib.common.rest_client [req-0a163ba9-9b18-4e1e-91bb-a06fd57dcae1 ] Request (TestNetworkBasicOps:test_network_basic_ops): 200 GET http://10.13.3.220:9696/v2.0/floatingips/98557c36-54dd-4c6d-b8d4-3550338e9fcc 0.052s[00m
2020-06-10 17:01:53.965 29223 INFO tempest.scenario.manager [-] FloatingIP: {'id': '98557c36-54dd-4c6d-b8d4-3550338e9fcc', 'tenant_id': '33b00014940047a59c859e3e784386c6', 'floating_ip_address': '10.13.3.168', 'floating_network_id': '62333b8b-27a5-4160-903e-5872d7716836', 'router_id': '53c6aea5-5756-4f7c-b38b-39e2a2738f81', 'port_id': '808fdc0f-89d0-4f8e-8d65-ee54c88bc3b2', 'fixed_ip_address': '172.16.0.11', 'status': 'ACTIVE', 'description': '', 'port_details': {'name': '', 'network_id': '02ac800d-f300-4f36-9a6e-d83aa1a8656d', 'mac_address': 'fa:16:3e:17:75:b1', 'admin_state_up': True, 'status': 'ACTIVE', 'device_id': 'c71834a1-8adc-4f5c-9c75-451ec5934959', 'device_owner': 'compute:nova'}, 'tags': [], 'created_at': '2020-06-10T17:01:50Z', 'updated_at': '2020-06-10T17:01:53Z', 'revision_number': 1, 'project_id': '33b00014940047a59c859e3e784386c6'} is at status: ACTIVE[00m
2020-06-10 17:01:54.169 29223 INFO tempest.lib.common.ssh [-] Creating ssh connection to '10.13.3.168:22' as 'ubuntu' with public key authentication[00m
2020-06-10 17:01:54.171 29223 WARNING tempest.lib.common.ssh [-] Failed to establish authenticated ssh connection to ubuntu@10.13.3.168 ([Errno None] Unable to connect to port 22 on 10.13.3.168). Number attempts: 1. Retry after 2 seconds.: paramiko.ssh_exception.NoValidConnectionsError: [Errno None] Unable to connect to port 22 on 10.13.3.168[00m
2020-06-10 17:01:56.386 29226 WARNING tempest.lib.common.ssh [-] Failed to establish authenticated ssh connection to ubuntu@10.13.3.174 ([Errno None] Unable to connect to port 22 on 10.13.3.174). Number attempts: 1. Retry after 2 seconds.: paramiko.ssh_exception.NoValidConnectionsError: [Errno None] Unable to connect to port 22 on 10.13.3.174[00m
2020-06-10 17:01:57.695 29223 WARNING tempest.lib.common.ssh [-] Failed to establish authenticated ssh connection to ubuntu@10.13.3.168 ([Errno None] Unable to connect to port 22 on 10.13.3.168). Number attempts: 2. Retry after 3 seconds.: paramiko.ssh_exception.NoValidConnectionsError: [Errno None] Unable to connect to port 22 on 10.13.3.168[00m
2020-06-10 17:01:58.892 29226 WARNING tempest.lib.common.ssh [-] Failed to establish authenticated ssh connection to ubuntu@10.13.3.174 ([Errno None] Unable to connect to port 22 on 10.13.3.174). Number attempts: 2. Retry after 3 seconds.: paramiko.ssh_exception.NoValidConnectionsError: [Errno None] Unable to connect to port 22 on 10.13.3.174[00m
2020-06-10 17:02:01.201 29223 WARNING tempest.lib.common.ssh [-] Failed to establish authenticated ssh connection to ubuntu@10.13.3.168 ([Errno None] Unable to connect to port 22 on 10.13.3.168). Number attempts: 3. Retry after 4 seconds.: paramiko.ssh_exception.NoValidConnectionsError: [Errno None] Unable to connect to port 22 on 10.13.3.168[00m
2020-06-10 17:02:02.395 29226 WARNING tempest.lib.common.ssh [-] Failed to establish authenticated ssh connection to ubuntu@10.13.3.174 ([Errno None] Unable to connect to port 22 on 10.13.3.174). Number attempts: 3. Retry after 4 seconds.: paramiko.ssh_exception.NoValidConnectionsError: [Errno None] Unable to connect to port 22 on 10.13.3.174[00m
2020-06-10 17:02:05.708 29223 WARNING tempest.lib.common.ssh [-] Failed to establish authenticated ssh connection to ubuntu@10.13.3.168 ([Errno None] Unable to connect to port 22 on 10.13.3.168). Number attempts: 4. Retry after 5 seconds.: paramiko.ssh_exception.NoValidConnectionsError: [Errno None] Unable to connect to port 22 on 10.13.3.168[00m
2020-06-10 17:02:06.900 29226 WARNING tempest.lib.common.ssh [-] Failed to establish authenticated ssh connection to ubuntu@10.13.3.174 ([Errno None] Unable to connect to port 22 on 10.13.3.174). Number attempts: 4. Retry after 5 seconds.: paramiko.ssh_exception.NoValidConnectionsError: [Errno None] Unable to connect to port 22 on 10.13.3.174[00m
2020-06-10 17:02:11.225 29223 INFO paramiko.transport [-] Connected (version 2.0, client OpenSSH_7.6p1)[00m
2020-06-10 17:02:11.352 29223 INFO paramiko.transport [-] Authentication (publickey) successful![00m
2020-06-10 17:02:11.353 29223 INFO tempest.lib.common.ssh [-] ssh connection to ubuntu@10.13.3.168 successfully created[00m
2020-06-10 17:02:11.392 29223 INFO tempest.lib.common.rest_client [req-a45726d7-8322-4ac7-b4bd-8f5249b1b0c9 ] Request (TestNetworkBasicOps:test_network_basic_ops): 200 GET http://10.13.3.220:9696/v2.0/ports?tenant_id=33b00014940047a59c859e3e784386c6&network_id=02ac800d-f300-4f36-9a6e-d83aa1a8656d 0.037s[00m
2020-06-10 17:02:11.393 29223 INFO tempest.lib.common.ssh [-] Creating ssh connection to '10.13.3.168:22' as 'ubuntu' with public key authentication[00m
2020-06-10 17:02:11.400 29223 INFO paramiko.transport [-] Connected (version 2.0, client OpenSSH_7.6p1)[00m
2020-06-10 17:02:11.511 29223 INFO paramiko.transport [-] Authentication (publickey) successful![00m
2020-06-10 17:02:11.512 29223 INFO tempest.lib.common.ssh [-] ssh connection to ubuntu@10.13.3.168 successfully created[00m
2020-06-10 17:02:11.512 29223 INFO tempest.lib.common.ssh [-] Creating ssh connection to '10.13.3.168:22' as 'ubuntu' with public key authentication[00m
2020-06-10 17:02:11.521 29223 INFO paramiko.transport [-] Connected (version 2.0, client OpenSSH_7.6p1)[00m
2020-06-10 17:02:11.601 29223 INFO paramiko.transport [-] Authentication (publickey) successful![00m
2020-06-10 17:02:11.606 29223 INFO tempest.lib.common.ssh [-] ssh connection to ubuntu@10.13.3.168 successfully created[00m
2020-06-10 17:02:12.423 29226 INFO paramiko.transport [-] Connected (version 2.0, client OpenSSH_7.6p1)[00m
2020-06-10 17:02:12.549 29226 INFO paramiko.transport [-] Authentication (publickey) successful![00m
2020-06-10 17:02:12.550 29226 INFO tempest.lib.common.ssh [-] ssh connection to ubuntu@10.13.3.174 successfully created[00m
2020-06-10 17:02:13.346 29223 INFO tempest.lib.common.ssh [-] Creating ssh connection to '10.13.3.168:22' as 'ubuntu' with public key authentication[00m
2020-06-10 17:02:13.365 29223 INFO paramiko.transport [-] Connected (version 2.0, client OpenSSH_7.6p1)[00m
2020-06-10 17:02:13.481 29223 INFO paramiko.transport [-] Authentication (publickey) successful![00m
2020-06-10 17:02:13.481 29223 INFO tempest.lib.common.ssh [-] ssh connection to ubuntu@10.13.3.168 successfully created[00m
2020-06-10 17:02:13.632 29226 INFO tempest.lib.common.ssh [-] Creating ssh connection to '10.13.3.174:22' as 'ubuntu' with public key authentication[00m
2020-06-10 17:02:13.640 29226 INFO paramiko.transport [-] Connected (version 2.0, client OpenSSH_7.6p1)[00m
2020-06-10 17:02:13.728 29226 INFO paramiko.transport [-] Authentication (publickey) successful![00m
2020-06-10 17:02:13.731 29226 INFO tempest.lib.common.ssh [-] ssh connection to ubuntu@10.13.3.174 successfully created[00m
2020-06-10 17:02:14.012 29223 INFO tempest.lib.common.ssh [-] Creating ssh connection to '10.13.3.168:22' as 'ubuntu' with public key authentication[00m
2020-06-10 17:02:14.020 29223 INFO paramiko.transport [-] Connected (version 2.0, client OpenSSH_7.6p1)[00m
2020-06-10 17:02:14.130 29223 INFO paramiko.transport [-] Authentication (publickey) successful![00m
2020-06-10 17:02:14.131 29223 INFO tempest.lib.common.ssh [-] ssh connection to ubuntu@10.13.3.168 successfully created[00m
2020-06-10 17:02:14.551 29226 INFO tempest.lib.common.rest_client [req-ae96f771-fe04-4c4e-826c-0894391be4f5 ] Request (ServerActionsTestJSON:test_reboot_server_hard): 202 POST http://10.13.3.214:8774/v2.1/servers/e74b4b3b-d1b3-425f-8f4a-b6fdc40ebc7e/action 0.089s[00m
2020-06-10 17:02:14.686 29223 INFO tempest.lib.common.rest_client [req-dffbfef3-5a39-4287-a95f-337d79097ec8 ] Request (TestNetworkBasicOps:test_network_basic_ops): 200 GET http://10.13.3.220:9696/v2.0/subnets?network_id=62333b8b-27a5-4160-903e-5872d7716836 0.121s[00m
2020-06-10 17:02:14.687 29223 INFO tempest.lib.common.ssh [-] Creating ssh connection to '10.13.3.168:22' as 'ubuntu' with public key authentication[00m
2020-06-10 17:02:14.695 29223 INFO paramiko.transport [-] Connected (version 2.0, client OpenSSH_7.6p1)[00m
2020-06-10 17:02:14.764 29226 INFO tempest.lib.common.rest_client [req-1959f4a6-b22b-40ea-910c-39b432f088e1 ] Request (ServerActionsTestJSON:test_reboot_server_hard): 200 GET http://10.13.3.214:8774/v2.1/servers/e74b4b3b-d1b3-425f-8f4a-b6fdc40ebc7e 0.210s[00m
2020-06-10 17:02:14.811 29223 INFO paramiko.transport [-] Authentication (publickey) successful![00m
2020-06-10 17:02:14.812 29223 INFO tempest.lib.common.ssh [-] ssh connection to ubuntu@10.13.3.168 successfully created[00m
2020-06-10 17:02:14.813 29223 INFO tempest.lib.common.ssh [-] Creating ssh connection to '10.13.3.168:22' as 'ubuntu' with public key authentication[00m
2020-06-10 17:02:14.834 29223 INFO paramiko.transport [-] Connected (version 2.0, client OpenSSH_7.6p1)[00m
2020-06-10 17:02:14.960 29223 INFO paramiko.transport [-] Authentication (publickey) successful![00m
2020-06-10 17:02:14.961 29223 INFO tempest.lib.common.ssh [-] ssh connection to ubuntu@10.13.3.168 successfully created[00m
2020-06-10 17:02:15.889 29226 INFO tempest.lib.common.rest_client [req-b1a19a02-98f9-4ca0-8e4f-98ce00f0e95e ] Request (ServerActionsTestJSON:test_reboot_server_hard): 200 GET http://10.13.3.214:8774/v2.1/servers/e74b4b3b-d1b3-425f-8f4a-b6fdc40ebc7e 0.117s[00m
