 credentials: Credentials: {'domain_id': '558928869e1942d2bdab7441dc8cfc87', 'domain_name': 'admin_domain', 'username': 'tempest-EndPointsTestJSON-1106822249', 'project_domain_id': '558928869e1942d2bdab7441dc8cfc87', 'project_domain_name': 'admin_domain', 'project_id': '451ffe2b9aa84ab1a4f290a9395c8ada', 'project_name': 'tempest-EndPointsTestJSON-1106822249', 'tenant_id': '451ffe2b9aa84ab1a4f290a9395c8ada', 'tenant_name': 'tempest-EndPointsTestJSON-1106822249', 'user_domain_id': '558928869e1942d2bdab7441dc8cfc87', 'user_domain_name': 'admin_domain', 'user_id': '476a209ffd794d5eabf0a1969ce906ac'}, Network: None, Subnet: None, Router: None[00m
2020-06-10 17:03:01.204 29223 INFO tempest.lib.common.rest_client [req-d998a808-71ab-446a-82d3-e78b4ebdd871 ] Request (TestNetworkBasicOps:tearDownClass): 204 DELETE http://10.13.3.220:9696/v2.0/security-groups/b151fd83-f3b5-4a9d-bba0-8863a5bb2526 0.079s[00m
2020-06-10 17:03:01.282 29223 INFO tempest.lib.common.rest_client [req-bc52093a-2d63-4ee6-a750-7d4ce7cdac59 ] Request (TestNetworkBasicOps:tearDownClass): 204 DELETE http://10.13.3.204:35357/v3/projects/33b00014940047a59c859e3e784386c6 0.077s[00m
2020-06-10 17:03:01.374 29223 INFO tempest.lib.common.rest_client [req-a07518c4-e13b-4109-b815-57595d3c918a ] Request (TestNetworkBasicOps:tearDownClass): 204 DELETE http://10.13.3.204:35357/v3/users/9d73e19d06354fa290cd9c5c57ac6830 0.092s[00m
2020-06-10 17:03:01.462 29226 INFO tempest.lib.common.rest_client [req-631b87c6-e911-4c35-af82-1ba68cc728ef ] Request (EndPointsTestJSON:setUpClass): 201 POST http://10.13.3.204:5000/v3/auth/tokens 0.290s[00m
2020-06-10 17:03:01.458 29223 INFO tempest.lib.common.rest_client [req-d34d44f4-5c56-4746-a945-9609bb5acc63 ] Request (TestNetworkBasicOps:tearDownClass): 200 GET http://10.13.3.220:9696/v2.0/security-groups?tenant_id=c5319ddd8a334f979fd29158b53479a7&name=default 0.083s[00m
2020-06-10 17:03:01.511 29226 INFO tempest.lib.common.rest_client [req-6ecd0707-fa8e-441d-a06f-537bfa85022d ] Request (EndPointsTestJSON:setUpClass): 201 POST http://10.13.3.204:35357/v3/projects 0.048s[00m
2020-06-10 17:03:01.538 29223 INFO tempest.lib.common.rest_client [req-0ed3bad8-b002-4827-8aaf-878b48ee934d ] Request (TestNetworkBasicOps:tearDownClass): 204 DELETE http://10.13.3.220:9696/v2.0/security-groups/17e22621-6bb9-4ccb-b85d-32ded22f992e 0.079s[00m
2020-06-10 17:03:01.768 29226 INFO tempest.lib.common.rest_client [req-c78c786b-2414-45d7-808a-89c1ca191f98 ] Request (EndPointsTestJSON:setUpClass): 201 POST http://10.13.3.204:35357/v3/users 0.256s[00m
2020-06-10 17:03:01.829 29223 INFO tempest.lib.common.rest_client [req-06a3b1fe-c477-4bef-bdad-42b855bfce4e ] Request (TestNetworkBasicOps:tearDownClass): 204 DELETE http://10.13.3.204:35357/v3/projects/c5319ddd8a334f979fd29158b53479a7 0.290s[00m
2020-06-10 17:03:01.864 29226 INFO tempest.lib.common.rest_client [req-c248fe1e-9be6-4404-be5e-ae9cf0c4db74 ] Request (EndPointsTestJSON:setUpClass): 200 GET http://10.13.3.204:35357/v3/roles 0.095s[00m
2020-06-10 17:03:01.900 29226 INFO tempest.lib.common.rest_client [req-aa998d2f-098f-4bc1-8ef8-803601a8006a ] Request (EndPointsTestJSON:setUpClass): 204 PUT http://10.13.3.204:35357/v3/projects/7788d2a0f15d4cdf8e94c45d8be352ef/users/42f0951476564c488aa3f942f413ba8b/roles/fd9da3f6c40d40849c9a9f209d57ba4b 0.034s[00m
2020-06-10 17:03:01.937 29226 INFO tempest.lib.common.rest_client [req-31babdc0-0df3-434b-acfa-59308e34c210 ] Request (EndPointsTestJSON:setUpClass): 200 GET http://10.13.3.204:35357/v3/roles 0.034s[00m
2020-06-10 17:03:01.958 29226 INFO tempest.lib.common.rest_client [req-9a7bf4c0-ef03-4eda-96bf-418db63f47c7 ] Request (EndPointsTestJSON:setUpClass): 204 PUT http://10.13.3.204:35357/v3/domains/558928869e1942d2bdab7441dc8cfc87/users/42f0951476564c488aa3f942f413ba8b/roles/fd9da3f6c40d40849c9a9f209d57ba4b 0.019s[00m
2020-06-10 17:03:01.958 29226 INFO tempest.lib.common.dynamic_creds [-] Acquired dynamic creds:
 credentials: Credentials: {'domain_id': '558928869e1942d2bdab7441dc8cfc87', 'domain_name': 'admin_domain', 'username': 'tempest-EndPointsTestJSON-1159950271', 'project_domain_id': '558928869e1942d2bdab7441dc8cfc87', 'project_domain_name': 'admin_domain', 'project_id': '7788d2a0f15d4cdf8e94c45d8be352ef', 'project_name': 'tempest-EndPointsTestJSON-1159950271', 'tenant_id': '7788d2a0f15d4cdf8e94c45d8be352ef', 'tenant_name': 'tempest-EndPointsTestJSON-1159950271', 'user_domain_id': '558928869e1942d2bdab7441dc8cfc87', 'user_domain_name': 'admin_domain', 'user_id': '42f0951476564c488aa3f942f413ba8b'}, Network: None, Subnet: None, Router: None[00m
2020-06-10 17:03:01.958 29226 INFO tempest.lib.common.dynamic_creds [-] Created isolated network resources for:
 credentials: Credentials: {'domain_id': '558928869e1942d2bdab7441dc8cfc87', 'domain_name': 'admin_domain', 'username': 'tempest-EndPointsTestJSON-1159950271', 'project_domain_id': '558928869e1942d2bdab7441dc8cfc87', 'project_domain_name': 'admin_domain', 'project_id': '7788d2a0f15d4cdf8e94c45d8be352ef', 'project_name': 'tempest-EndPointsTestJSON-1159950271', 'tenant_id': '7788d2a0f15d4cdf8e94c45d8be352ef', 'tenant_name': 'tempest-EndPointsTestJSON-1159950271', 'user_domain_id': '558928869e1942d2bdab7441dc8cfc87', 'user_domain_name': 'admin_domain', 'user_id': '42f0951476564c488aa3f942f413ba8b'}, Network: None, Subnet: None, Router: None[00m
2020-06-10 17:03:02.113 29223 INFO tempest.lib.common.rest_client [req-d06e096f-156e-400f-a255-0f3871730356 ] Request (TestServerBasicOps:setUpClass): 201 POST http://10.13.3.204:5000/v3/auth/tokens 0.282s[00m
2020-06-10 17:03:02.262 29226 INFO tempest.lib.common.rest_client [req-539eb258-cb80-4c0b-8468-885a1bd3388e ] Request (EndPointsTestJSON:setUpClass): 201 POST http://10.13.3.204:5000/v3/auth/tokens 0.301s[00m
2020-06-10 17:03:02.367 29223 INFO tempest.lib.common.rest_client [req-c0fc86be-4772-411c-9b58-5966ce109a0f ] Request (TestServerBasicOps:setUpClass): 201 POST http://10.13.3.204:5000/v3/auth/tokens 0.250s[00m
2020-06-10 17:03:02.388 29223 INFO tempest.lib.common.rest_client [req-74f18543-f1e2-40ea-b20e-aa71b6a9284c ] Request (TestServerBasicOps:setUpClass): 200 GET http://10.13.3.204:35357/v3/domains?name=admin_domain 0.021s[00m
2020-06-10 17:03:02.416 29223 INFO tempest.lib.common.rest_client [req-8f9bcbdc-4400-4112-a42e-8600e7e97b70 ] Request (TestServerBasicOps:setUpClass): 201 POST http://10.13.3.204:35357/v3/projects 0.027s[00m
2020-06-10 17:03:02.524 29226 INFO tempest.lib.common.rest_client [req-f0cfa4f5-cc4b-44a0-94e7-23af9dcb4bef ] Request (EndPointsTestJSON:setUpClass): 201 POST http://10.13.3.204:5000/v3/auth/tokens 0.261s[00m
2020-06-10 17:03:02.674 29223 INFO tempest.lib.common.rest_client [req-11b42312-1a6f-4274-a8b5-c9331244fdb2 ] Request (TestServerBasicOps:setUpClass): 201 POST http://10.13.3.204:35357/v3/users 0.257s[00m
2020-06-10 17:03:02.692 29226 INFO tempest.lib.common.rest_client [req-e50e343d-9cf6-4a9f-9128-cdce4df1f627 ] Request (EndPointsTestJSON:setUpClass): 201 POST http://10.13.3.204:35357/v3/services 0.167s[00m
2020-06-10 17:03:02.710 29223 INFO tempest.lib.common.rest_client [req-2d2acf2e-1b27-4961-b2c5-a2485a352882 ] Request (TestServerBasicOps:setUpClass): 200 GET http://10.13.3.204:35357/v3/roles 0.035s[00m
2020-06-10 17:03:02.746 29226 INFO tempest.lib.common.rest_client [req-a458b769-c2c8-44ea-adbb-affab3724793 ] Request (EndPointsTestJSON:setUpClass): 201 POST http://10.13.3.204:35357/v3/endpoints 0.054s[00m
2020-06-10 17:03:02.763 29223 INFO tempest.lib.common.rest_client [req-1a8e1613-96ed-488a-bc72-196a71653ac8 ] Request (TestServerBasicOps:setUpClass): 200 GET http://10.13.3.204:35357/v3/roles 0.053s[00m
2020-06-10 17:03:02.776 29226 INFO tempest.lib.common.rest_client [req-6f808b9f-f12e-466e-89ed-72c2f031ebf8 ] Request (EndPointsTestJSON:setUpClass): 200 GET http://10.13.3.204:35357/v3/regions/tempest-region-1836071186 0.029s[00m
2020-06-10 17:03:02.801 29223 INFO tempest.lib.common.rest_client [req-8d2ef6e9-e8b7-4f74-8a54-fa76bff7eee0 ] Request (TestServerBasicOps:setUpClass): 204 PUT http://10.13.3.204:35357/v3/projects/e5beb4d0e0764a15bbbb458c559e6b22/users/65c772141616498da4574df864dea306/roles/ecaa49e353044f2295ed48eeb379e12b 0.037s[00m
2020-06-10 17:03:02.801 29223 INFO tempest.lib.common.dynamic_creds [-] Acquired dynamic creds:
 credentials: Credentials: {'domain_id': '558928869e1942d2bdab7441dc8cfc87', 'domain_name': 'admin_domain', 'username': 'tempest-TestServerBasicOps-1986676807', 'project_domain_id': '558928869e1942d2bdab7441dc8cfc87', 'project_domain_name': 'admin_domain', 'project_id': 'e5beb4d0e0764a15bbbb458c559e6b22', 'project_name': 'tempest-TestServerBasicOps-1986676807', 'tenant_id': 'e5beb4d0e0764a15bbbb458c559e6b22', 'tenant_name': 'tempest-TestServerBasicOps-1986676807', 'user_domain_id': '558928869e1942d2bdab7441dc8cfc87', 'user_domain_name': 'admin_domain', 'user_id': '65c772141616498da4574df864dea306'}, Network: None, Subnet: None, Router: None[00m
2020-06-10 17:03:02.836 29226 INFO tempest.lib.common.rest_client [req-e6d6bffc-4ed4-4af0-a746-6144561d02e1 ] Request (EndPointsTestJSON:setUpClass): 201 POST http://10.13.3.204:35357/v3/services 0.059s[00m
2020-06-10 17:03:02.872 29226 INFO tempest.lib.common.rest_client [req-79a080b1-f911-4fd0-aef3-78ff4b9b1a76 ] Request (EndPointsTestJSON:setUpClass): 201 POST http://10.13.3.204:35357/v3/endpoints 0.035s[00m
2020-06-10 17:03:02.887 29226 INFO tempest.lib.common.rest_client [req-09cd7252-5e32-44d6-a701-2ccf528ae6cd ] Request (EndPointsTestJSON:setUpClass): 200 GET http://10.13.3.204:35357/v3/regions/tempest-region-779336311 0.015s[00m
2020-06-10 17:03:02.906 29226 INFO tempest.lib.common.rest_client [req-8fdbd887-99fa-4f8b-971d-59c3b2bfbf41 ] Request (EndPointsTestJSON:test_update_endpoint): 201 POST http://10.13.3.204:35357/v3/services 0.017s[00m
2020-06-10 17:03:02.942 29226 INFO tempest.lib.common.rest_client [req-988f6f3c-3504-446d-a359-3aa506ebb76b ] Request (EndPointsTestJSON:test_update_endpoint): 201 POST http://10.13.3.204:35357/v3/endpoints 0.036s[00m
2020-06-10 17:03:02.960 29226 INFO tempest.lib.common.rest_client [req-2f5bc8b7-2777-4807-a8d5-3608afb52e1d ] Request (EndPointsTestJSON:test_update_endpoint): 200 GET http://10.13.3.204:35357/v3/regions/tempest-region-120869002 0.017s[00m
2020-06-10 17:03:02.996 29226 INFO tempest.lib.common.rest_client [req-25f4c730-943f-4861-bbf0-73eb1d20ecb5 ] Request (EndPointsTestJSON:test_update_endpoint): 200 PATCH http://10.13.3.204:35357/v3/endpoints/119b599d2e3946a1b2f7edcf5b7b6f6c 0.036s[00m
2020-06-10 17:03:03.014 29226 INFO tempest.lib.common.rest_client [req-87c8f93e-c095-4996-ae38-d9fe765f4777 ] Request (EndPointsTestJSON:test_update_endpoint): 200 GET http://10.13.3.204:35357/v3/regions/tempest-region-569981542 0.017s[00m
2020-06-10 17:03:03.037 29226 INFO tempest.lib.common.rest_client [req-11b48ae4-5e49-45bd-b6f2-117c93977225 ] Request (EndPointsTestJSON:_run_cleanups): 204 DELETE http://10.13.3.204:35357/v3/endpoints/119b599d2e3946a1b2f7edcf5b7b6f6c 0.022s[00m
2020-06-10 17:03:03.064 29226 INFO tempest.lib.common.rest_client [req-086f0991-621c-431f-946d-fc277609ea05 ] Request (EndPointsTestJSON:_run_cleanups): 204 DELETE http://10.13.3.204:35357/v3/regions/tempest-region-569981542 0.026s[00m
2020-06-10 17:03:03.073 29223 INFO tempest.lib.common.rest_client [req-cf287256-c5fb-443c-8656-797b6fa3bc99 ] Request (TestServerBasicOps:setUpClass): 201 POST http://10.13.3.204:5000/v3/auth/tokens 0.271s[00m
2020-06-10 17:03:03.091 29226 INFO tempest.lib.common.rest_client [req-26c27659-65cf-4eb6-9559-2caea83c5541 ] Request (EndPointsTestJSON:_run_cleanups): 204 DELETE http://10.13.3.204:35357/v3/regions/tempest-region-120869002 0.027s[00m
2020-06-10 17:03:03.178 29226 INFO tempest.lib.common.rest_client [req-d0472f2e-5158-4f18-864b-3d889b93b272 ] Request (EndPointsTestJSON:_run_cleanups): 204 DELETE http://10.13.3.204:35357/v3/services/f82598309e1548b9a97f50cf0130734e 0.086s[00m
{1} tempest.api.identity.admin.v3.test_endpoints.EndPointsTestJSON.test_update_endpoint [0.290824s] ... ok
2020-06-10 17:03:03.217 29226 INFO tempest.lib.common.rest_client [req-84935054-2b2c-4fcc-bab9-929f534455f1 ] Request (EndPointsTestJSON:tearDownClass): 204 DELETE http://10.13.3.204:35357/v3/endpoints/d6af56fc4fa6473486c01ef22c59edc5 0.037s[00m
2020-06-10 17:03:03.249 29226 INFO tempest.lib.common.rest_client [req-4a0c9ede-ea8c-4e98-b864-da9f3c3de859 ] Request (EndPointsTestJSON:tearDownClass): 204 DELETE http://10.13.3.204:35357/v3/regions/tempest-region-779336311 0.032s[00m
2020-06-10 17:03:03.278 29226 INFO tempest.lib.common.rest_client [req-81ef7ca2-f28d-4389-b2ab-98b023f83854 ] Request (EndPointsTestJSON:tearDownClass): 204 DELETE http://10.13.3.204:35357/v3/services/4da4636eb8f3443b95c0f53770f5ddc0 0.029s[00m
2020-06-10 17:03:03.307 29226 INFO tempest.lib.common.rest_client [req-19bc742f-6d1e-4ff0-aac3-467db11ce8b3 ] Request (EndPointsTestJSON:tearDownClass): 204 DELETE http://10.13.3.204:35357/v3/endpoints/8c82d7476edc4b1b8c926157353362d3 0.028s[00m
2020-06-10 17:03:03.310 29223 INFO tempest.lib.common.rest_client [req-32e79e41-bf89-4b35-8b38-7d3718e04b43 ] Request (TestServerBasicOps:setUpClass): 201 POST http://10.13.3.220:9696/v2.0/networks 0.237s[00m
2020-06-10 17:03:03.335 29226 INFO tempest.lib.common.rest_client [req-1f9bbbc5-ac7d-46a4-b340-71821b96084e ] Request (EndPointsTestJSON:tearDownClass): 204 DELETE http://10.13.3.204:35357/v3/regions/tempest-region-1836071186 0.028s[00m
2020-06-10 17:03:03.364 29226 INFO tempest.lib.common.rest_client [req-cda83d7b-c60a-4039-9870-c1c705fbe864 ] Request (EndPointsTestJSON:tearDownClass): 204 DELETE http://10.13.3.204:35357/v3/services/e437a31425cb4e54a801d1d705213b7d 0.028s[00m
2020-06-10 17:03:03.442 29226 INFO tempest.lib.common.rest_client [req-15a80b79-ad12-4b87-91bc-97150789bb78 ] Request (EndPointsTestJSON:tearDownClass): 204 DELETE http://10.13.3.204:35357/v3/users/476a209ffd794d5eabf0a1969ce906ac 0.078s[00m
2020-06-10 17:03:03.652 29223 INFO tempest.lib.common.rest_client [req-0d8dfd4b-d968-49cf-8667-4f00873a6770 ] Request (TestServerBasicOps:setUpClass): 201 POST http://10.13.3.220:9696/v2.0/subnets 0.341s[00m
2020-06-10 17:03:03.716 29226 INFO tempest.lib.common.rest_client [req-0c123bef-2f52-44f6-8cee-2281208f0e6f ] Request (EndPointsTestJSON:tearDownClass): 201 POST http://10.13.3.204:5000/v3/auth/tokens 0.273s[00m
2020-06-10 17:03:03.871 29226 INFO tempest.lib.common.rest_client [req-02ee92c7-7396-4e03-892f-82256ddb2fc1 ] Request (EndPointsTestJSON:tearDownClass): 200 GET http://10.13.3.220:9696/v2.0/security-groups?tenant_id=451ffe2b9aa84ab1a4f290a9395c8ada&name=default 0.154s[00m
2020-06-10 17:03:03.947 29226 INFO tempest.lib.common.rest_client [req-63b01f50-8366-4db9-bc78-ead8e98c9c84 ] Request (EndPointsTestJSON:tearDownClass): 204 DELETE http://10.13.3.220:9696/v2.0/security-groups/7d1ab1d4-1d45-4f1b-8aa6-fe1de27b6fe7 0.076s[00m
2020-06-10 17:03:04.028 29226 INFO tempest.lib.common.rest_client [req-3c487b57-3381-4d3d-821d-63905e500131 ] Request (EndPointsTestJSON:tearDownClass): 204 DELETE http://10.13.3.204:35357/v3/projects/451ffe2b9aa84ab1a4f290a9395c8ada 0.081s[00m
2020-06-10 17:03:04.101 29226 INFO tempest.lib.common.rest_client [req-63c92302-ad1d-4e22-9b1d-3dcdd02185ec ] Request (EndPointsTestJSON:tearDownClass): 204 DELETE http://10.13.3.204:35357/v3/users/42f0951476564c488aa3f942f413ba8b 0.072s[00m
2020-06-10 17:03:04.192 29226 INFO tempest.lib.common.rest_client [req-c7131662-8b59-4a50-870f-e6cb2a59f332 ] Request (EndPointsTestJSON:tearDownClass): 200 GET http://10.13.3.220:9696/v2.0/security-groups?tenant_id=7788d2a0f15d4cdf8e94c45d8be352ef&name=default 0.090s[00m
2020-06-10 17:03:04.271 29226 INFO tempest.lib.common.rest_client [req-58fb84c1-9ed1-4657-a201-9cad42a0fa83 ] Request (EndPointsTestJSON:tearDownClass): 204 DELETE http://10.13.3.220:9696/v2.0/security-groups/9516f087-ea9b-4ca1-a365-c0e504aa5738 0.078s[00m
2020-06-10 17:03:04.350 29226 INFO tempest.lib.common.rest_client [req-c9f4a2e4-6d4a-41bf-88a1-59eb39570c02 ] Request (EndPointsTestJSON:tearDownClass): 204 DELETE http://10.13.3.204:35357/v3/projects/7788d2a0f15d4cdf8e94c45d8be352ef 0.078s[00m
2020-06-10 17:03:04.460 29223 INFO tempest.lib.common.rest_client [req-45afd49b-ab39-485a-8ca9-02bcbbf378e7 ] Request (TestServerBasicOps:setUpClass): 201 POST http://10.13.3.220:9696/v2.0/routers 0.807s[00m
2020-06-10 17:03:04.615 29226 INFO tempest.lib.common.rest_client [req-0d39ee19-3d49-41d8-a865-c29ec0172736 ] Request (PoliciesTestJSON:setUpClass): 201 POST http://10.13.3.204:5000/v3/auth/tokens 0.264s[00m
2020-06-10 17:03:04.867 29226 INFO tempest.lib.common.rest_client [req-0630cd65-1655-4efe-a972-9fcf30439f98 ] Request (PoliciesTestJSON:setUpClass): 201 POST http://10.13.3.204:5000/v3/auth/tokens 0.249s[00m
2020-06-10 17:03:04.889 29226 INFO tempest.lib.common.rest_client [req-c254c81a-2fb4-4962-bae5-14129dc0dfdb ] Request (PoliciesTestJSON:setUpClass): 200 GET http://10.13.3.204:35357/v3/domains?name=admin_domain 0.021s[00m
2020-06-10 17:03:04.916 29226 INFO tempest.lib.common.rest_client [req-ca78bc5b-271b-4814-b7b9-84aef2f4a322 ] Request (PoliciesTestJSON:setUpClass): 201 POST http://10.13.3.204:35357/v3/projects 0.026s[00m
2020-06-10 17:03:05.170 29226 INFO tempest.lib.common.rest_client [req-10364740-0718-4937-b636-44de7e3edd3e ] Request (PoliciesTestJSON:setUpClass): 201 POST http://10.13.3.204:35357/v3/users 0.254s[00m
2020-06-10 17:03:05.188 29226 INFO tempest.lib.common.rest_client [req-8f3c3f48-81af-42d1-948e-26d9c839fd61 ] Request (PoliciesTestJSON:setUpClass): 200 GET http://10.13.3.204:35357/v3/roles 0.016s[00m
2020-06-10 17:03:05.202 29226 INFO tempest.lib.common.rest_client [req-3f1bd1a8-a801-42bb-b357-2e51b6ee57e1 ] Request (PoliciesTestJSON:setUpClass): 200 GET http://10.13.3.204:35357/v3/roles 0.014s[00m
2020-06-10 17:03:05.233 29226 INFO tempest.lib.common.rest_client [req-dc1e1349-02f5-4b65-a69a-4f9ef31153e6 ] Request (PoliciesTestJSON:setUpClass): 204 PUT http://10.13.3.204:35357/v3/projects/28ef0d573bf64ccbbea059a1490b9f70/users/74b95647f2aa43a9a6c6dc575c16d535/roles/ecaa49e353044f2295ed48eeb379e12b 0.030s[00m
2020-06-10 17:03:05.233 29226 INFO tempest.lib.common.dynamic_creds [-] Acquired dynamic creds:
 credentials: Credentials: {'domain_id': '558928869e1942d2bdab7441dc8cfc87', 'domain_name': 'admin_domain', 'username': 'tempest-PoliciesTestJSON-1773722924', 'project_domain_id': '558928869e1942d2bdab7441dc8cfc87', 'project_domain_name': 'admin_domain', 'project_id': '28ef0d573bf64ccbbea059a1490b9f70', 'project_name': 'tempest-PoliciesTestJSON-1773722924', 'tenant_id': '28ef0d573bf64ccbbea059a1490b9f70', 'tenant_name': 'tempest-PoliciesTestJSON-1773722924', 'user_domain_id': '558928869e1942d2bdab7441dc8cfc87', 'user_domain_name': 'admin_domain', 'user_id': '74b95647f2aa43a9a6c6dc575c16d535'}, Network: None, Subnet: None, Router: None[00m
2020-06-10 17:03:05.233 29226 INFO tempest.lib.common.dynamic_creds [-] Created isolated network resources for:
 credentials: Credentials: {'domain_id': '558928869e1942d2bdab7441dc8cfc87', 'domain_name': 'admin_domain', 'username': 'tempest-PoliciesTestJSON-1773722924', 'project_domain_id': '558928869e1942d2bdab7441dc8cfc87', 'project_domain_name': 'admin_domain', 'project_id': '28ef0d573bf64ccbbea059a1490b9f70', 'project_name': 'tempest-PoliciesTestJSON-1773722924', 'tenant_id': '28ef0d573bf64ccbbea059a1490b9f70', 'tenant_name': 'tempest-PoliciesTestJSON-1773722924', 'user_domain_id': '558928869e1942d2bdab7441dc8cfc87', 'user_domain_name': 'admin_domain', 'user_id': '74b95647f2aa43a9a6c6dc575c16d535'}, Network: None, Subnet: None, Router: None[00m
2020-06-10 17:03:05.508 29226 INFO tempest.lib.common.rest_client [req-295fed5a-2e93-4812-a671-f4961d9bb64e ] Request (PoliciesTestJSON:setUpClass): 201 POST http://10.13.3.204:5000/v3/auth/tokens 0.272s[00m
2020-06-10 17:03:05.555 29226 INFO tempest.lib.common.rest_client [req-188262f0-3c60-41f5-b042-50f6a24932fc ] Request (PoliciesTestJSON:setUpClass): 201 POST http://10.13.3.204:35357/v3/projects 0.046s[00m
2020-06-10 17:03:05.746 29223 INFO tempest.lib.common.rest_client [req-8b4b1026-b24b-4f08-9ab0-bc5b12636c20 ] Request (TestServerBasicOps:setUpClass): 200 PUT http://10.13.3.220:9696/v2.0/routers/a25834c9-13a7-4949-866c-db5203252e89/add_router_interface 1.285s[00m
2020-06-10 17:03:05.746 29223 INFO tempest.lib.common.dynamic_creds [-] Created isolated network resources for:
 credentials: Credentials: {'domain_id': '558928869e1942d2bdab7441dc8cfc87', 'domain_name': 'admin_domain', 'username': 'tempest-TestServerBasicOps-1986676807', 'project_domain_id': '558928869e1942d2bdab7441dc8cfc87', 'project_domain_name': 'admin_domain', 'project_id': 'e5beb4d0e0764a15bbbb458c559e6b22', 'project_name': 'tempest-TestServerBasicOps-1986676807', 'tenant_id': 'e5beb4d0e0764a15bbbb458c559e6b22', 'tenant_name': 'tempest-TestServerBasicOps-1986676807', 'user_domain_id': '558928869e1942d2bdab7441dc8cfc87', 'user_domain_name': 'admin_domain', 'user_id': '65c772141616498da4574df864dea306'}, Network: {'id': '6a90a13a-7d06-4635-a7cc-1a7963b2b800', 'name': 'tempest-TestServerBasicOps-1626623807-network', 'tenant_id': 'e5beb4d0e0764a15bbbb458c559e6b22', 'admin_state_up': True, 'mtu': 1458, 'status': 'ACTIVE', 'subnets': [], 'shared': False, 'project_id': 'e5beb4d0e0764a15bbbb458c559e6b22', 'router:external': False, 'provider:network_type': 'gre', 'provider:physical_network': None, 'provider:segmentation_id': 1, 'availability_zone_hints': [], 'is_default': False, 'availability_zones': [], 'ipv4_address_scope': None, 'ipv6_address_scope': None, 'description': '', 'l2_adjacency': True, 'tags': [], 'created_at': '2020-06-10T17:03:03Z', 'updated_at': '2020-06-10T17:03:03Z', 'revision_number': 1}, Subnet: {'id': '3591c15c-9248-4a2a-ae45-533212c480cb', 'name': 'tempest-TestServerBasicOps-1626623807-subnet', 'tenant_id': 'e5beb4d0e0764a15bbbb458c559e6b22', 'network_id': '6a90a13a-7d06-4635-a7cc-1a7963b2b800', 'ip_version': 4, 'subnetpool_id': None, 'enable_dhcp': True, 'ipv6_ra_mode': None, 'ipv6_address_mode': None, 'gateway_ip': '172.16.0.1', 'cidr': '172.16.0.0/28', 'allocation_pools': [{'start': '172.16.0.2', 'end': '172.16.0.14'}], 'host_routes': [], 'dns_nameservers': [], 'description': '', 'service_types': [], 'segment_id': None, 'tags': [], 'created_at': '2020-06-10T17:03:03Z', 'updated_at': '2020-06-10T17:03:03Z', 'revision_number': 0, 'project_id': 'e5beb4d0e0764a15bbbb458c559e6b22'}, Router: {'id': 'a25834c9-13a7-4949-866c-db5203252e89', 'name': 'tempest-TestServerBasicOps-1626623807-router', 'tenant_id': 'e5beb4d0e0764a15bbbb458c559e6b22', 'admin_state_up': True, 'status': 'ACTIVE', 'external_gateway_info': {'network_id': '62333b8b-27a5-4160-903e-5872d7716836', 'external_fixed_ips': [{'subnet_id': '2916b30b-3977-4bdf-a8f9-72e2f9bc30a3', 'ip_address': '10.13.3.162'}], 'enable_snat': True}, 'description': '', 'availability_zones': [], 'distributed': False, 'ha': False, 'availability_zone_hints': [], 'routes': [], 'flavor_id': None, 'tags': [], 'created_at': '2020-06-10T17:03:03Z', 'updated_at': '2020-06-10T17:03:04Z', 'revision_number': 3, 'project_id': 'e5beb4d0e0764a15bbbb458c559e6b22'}[00m
2020-06-10 17:03:05.807 29226 INFO tempest.lib.common.rest_client [req-50941ee2-aa28-4bbc-8017-86e7388ce72a ] Request (PoliciesTestJSON:setUpClass): 201 POST http://10.13.3.204:35357/v3/users 0.251s[00m
2020-06-10 17:03:05.823 29226 INFO tempest.lib.common.rest_client [req-a4c0b0e3-4bbe-4ca4-b9b1-80fc7abe5946 ] Request (PoliciesTestJSON:setUpClass): 200 GET http://10.13.3.204:35357/v3/roles 0.016s[00m
2020-06-10 17:03:05.853 29226 INFO tempest.lib.common.rest_client [req-facfb1aa-39a2-4a32-8ab2-1b1d004d59c6 ] Request (PoliciesTestJSON:setUpClass): 204 PUT http://10.13.3.204:35357/v3/projects/91f9312dd00f439894d5dee937fd9975/users/9621a516ff8c4ad6b7d4db9e7fcf1501/roles/fd9da3f6c40d40849c9a9f209d57ba4b 0.029s[00m
2020-06-10 17:03:05.884 29226 INFO tempest.lib.common.rest_client [req-014fab5e-850b-41dc-9008-20a62e587b67 ] Request (PoliciesTestJSON:setUpClass): 200 GET http://10.13.3.204:35357/v3/roles 0.030s[00m
2020-06-10 17:03:05.902 29226 INFO tempest.lib.common.rest_client [req-17001438-bc60-474f-ad48-46193eb47b7c ] Request (PoliciesTestJSON:setUpClass): 204 PUT http://10.13.3.204:35357/v3/domains/558928869e1942d2bdab7441dc8cfc87/users/9621a516ff8c4ad6b7d4db9e7fcf1501/roles/fd9da3f6c40d40849c9a9f209d57ba4b 0.017s[00m
2020-06-10 17:03:05.902 29226 INFO tempest.lib.common.dynamic_creds [-] Acquired dynamic creds:
 credentials: Credentials: {'domain_id': '558928869e1942d2bdab7441dc8cfc87', 'domain_name': 'admin_domain', 'username': 'tempest-PoliciesTestJSON-1443679945', 'project_domain_id': '558928869e1942d2bdab7441dc8cfc87', 'project_domain_name': 'admin_domain', 'project_id': '91f9312dd00f439894d5dee937fd9975', 'project_name': 'tempest-PoliciesTestJSON-1443679945', 'tenant_id': '91f9312dd00f439894d5dee937fd9975', 'tenant_name': 'tempest-PoliciesTestJSON-1443679945', 'user_domain_id': '558928869e1942d2bdab7441dc8cfc87', 'user_domain_name': 'admin_domain', 'user_id': '9621a516ff8c4ad6b7d4db9e7fcf1501'}, Network: None, Subnet: None, Router: None[00m
2020-06-10 17:03:05.902 29226 INFO tempest.lib.common.dynamic_creds [-] Created isolated network resources for:
 credentials: Credentials: {'domain_id': '558928869e1942d2bdab7441dc8cfc87', 'domain_name': 'admin_domain', 'username': 'tempest-PoliciesTestJSON-1443679945', 'project_domain_id': '558928869e1942d2bdab7441dc8cfc87', 'project_domain_name': 'admin_domain', 'project_id': '91f9312dd00f439894d5dee937fd9975', 'project_name': 'tempest-PoliciesTestJSON-1443679945', 'tenant_id': '91f9312dd00f439894d5dee937fd9975', 'tenant_name': 'tempest-PoliciesTestJSON-1443679945', 'user_domain_id': '558928869e1942d2bdab7441dc8cfc87', 'user_domain_name': 'admin_domain', 'user_id': '9621a516ff8c4ad6b7d4db9e7fcf1501'}, Network: None, Subnet: None, Router: None[00m
2020-06-10 17:03:06.030 29223 INFO tempest.lib.common.rest_client [req-8e44a4e4-eee6-4fc5-845b-ba788bc7c03d ] Request (TestServerBasicOps:setUpClass): 201 POST http://10.13.3.204:5000/v3/auth/tokens 0.280s[00m
2020-06-10 17:03:06.184 29226 INFO tempest.lib.common.rest_client [req-9ff0f41a-525c-4cfd-89a6-49e2ee638ac9 ] Request (PoliciesTestJSON:setUpClass): 201 POST http://10.13.3.204:5000/v3/auth/tokens 0.277s[00m
2020-06-10 17:03:06.299 29223 INFO tempest.lib.common.rest_client [req-1f91185d-d800-46d5-aaea-e9eaccae918b ] Request (TestServerBasicOps:test_server_basic_ops): 200 POST http://10.13.3.214:8774/v2.1/os-keypairs 0.267s[00m
2020-06-10 17:03:06.439 29226 INFO tempest.lib.common.rest_client [req-e0c0bd9c-3bd3-49f2-9fe8-890fd8c09fea ] Request (PoliciesTestJSON:test_create_update_delete_policy): 201 POST http://10.13.3.204:5000/v3/auth/tokens 0.254s[00m
2020-06-10 17:03:06.453 29223 INFO tempest.lib.common.rest_client [req-ff3492ee-17c4-44fc-9ad7-fb088934dd98 ] Request (TestServerBasicOps:test_server_basic_ops): 200 POST http://10.13.3.214:8774/v2.1/os-security-groups 0.152s[00m
2020-06-10 17:03:06.463 29226 INFO tempest.lib.common.rest_client [req-1ec40da4-0311-4355-8f19-03b26487ae32 ] Request (PoliciesTestJSON:test_create_update_delete_policy): 201 POST http://10.13.3.204:35357/v3/policies 0.023s[00m
2020-06-10 17:03:06.483 29226 INFO tempest.lib.common.rest_client [req-6f357e8c-2036-47d5-8e34-0ac125bef40d ] Request (PoliciesTestJSON:test_create_update_delete_policy): 200 PATCH http://10.13.3.204:35357/v3/policies/540edb6d47104ed58c96415103d58800 0.019s[00m
2020-06-10 17:03:06.497 29226 INFO tempest.lib.common.rest_client [req-28b1b24e-d179-42fc-8375-08ac2e7ac286 ] Request (PoliciesTestJSON:test_create_update_delete_policy): 200 GET http://10.13.3.204:35357/v3/policies/540edb6d47104ed58c96415103d58800 0.014s[00m
2020-06-10 17:03:06.519 29226 INFO tempest.lib.common.rest_client [req-a4188c48-6b56-492b-b19a-d8691c8a888e ] Request (PoliciesTestJSON:_run_cleanups): 204 DELETE http://10.13.3.204:35357/v3/policies/540edb6d47104ed58c96415103d58800 0.020s[00m
{1} tempest.api.identity.admin.v3.test_policies.PoliciesTestJSON.test_create_update_delete_policy [0.334660s] ... ok
2020-06-10 17:03:06.555 29223 INFO tempest.lib.common.rest_client [req-0cd41c06-adb0-4d24-9315-4f0e41971135 ] Request (TestServerBasicOps:test_server_basic_ops): 200 POST http://10.13.3.214:8774/v2.1/os-security-group-rules 0.099s[00m
2020-06-10 17:03:06.597 29226 INFO tempest.lib.common.rest_client [req-103d7269-8e2f-4451-a6c9-fcfb5b24ca23 ] Request (PoliciesTestJSON:tearDownClass): 204 DELETE http://10.13.3.204:35357/v3/users/74b95647f2aa43a9a6c6dc575c16d535 0.077s[00m
2020-06-10 17:03:06.665 29223 INFO tempest.lib.common.rest_client [req-0aa5c684-c620-4a34-abaf-7e5362aaf865 ] Request (TestServerBasicOps:test_server_basic_ops): 200 POST http://10.13.3.214:8774/v2.1/os-security-group-rules 0.108s[00m
2020-06-10 17:03:06.862 29226 INFO tempest.lib.common.rest_client [req-c89353b6-d86d-4d79-9323-0d267e083d74 ] Request (PoliciesTestJSON:tearDownClass): 201 POST http://10.13.3.204:5000/v3/auth/tokens 0.265s[00m
2020-06-10 17:03:06.938 29223 INFO tempest.lib.common.rest_client [req-c2d8998d-c8f2-484b-8e54-2a32cd240272 ] Request (TestServerBasicOps:test_server_basic_ops): 201 POST http://10.13.3.204:5000/v3/auth/tokens 0.267s[00m
2020-06-10 17:03:06.938 29223 INFO tempest.lib.common.fixed_network [-] (TestServerBasicOps:test_server_basic_ops) Found network {'id': '6a90a13a-7d06-4635-a7cc-1a7963b2b800', 'name': 'tempest-TestServerBasicOps-1626623807-network', 'tenant_id': 'e5beb4d0e0764a15bbbb458c559e6b22', 'admin_state_up': True, 'mtu': 1458, 'status': 'ACTIVE', 'subnets': [], 'shared': False, 'project_id': 'e5beb4d0e0764a15bbbb458c559e6b22', 'router:external': False, 'provider:network_type': 'gre', 'provider:physical_network': None, 'provider:segmentation_id': 1, 'availability_zone_hints': [], 'is_default': False, 'availability_zones': [], 'ipv4_address_scope': None, 'ipv6_address_scope': None, 'description': '', 'l2_adjacency': True, 'tags': [], 'created_at': '2020-06-10T17:03:03Z', 'updated_at': '2020-06-10T17:03:03Z', 'revision_number': 1} available for tenant[00m
2020-06-10 17:03:07.017 29226 INFO tempest.lib.common.rest_client [req-ab29cfe8-d3a4-409c-9355-4f08dae8eaf4 ] Request (PoliciesTestJSON:tearDownClass): 200 GET http://10.13.3.220:9696/v2.0/security-groups?tenant_id=28ef0d573bf64ccbbea059a1490b9f70&name=default 0.154s[00m
2020-06-10 17:03:07.093 29226 INFO tempest.lib.common.rest_client [req-0a767e60-6e4c-4b57-a8a1-3ed3dc4c3499 ] Request (PoliciesTestJSON:tearDownClass): 204 DELETE http://10.13.3.220:9696/v2.0/security-groups/e3fbc619-62c6-4f5d-80b9-ad035dcdce73 0.075s[00m
2020-06-10 17:03:07.170 29226 INFO tempest.lib.common.rest_client [req-be9eb75c-6740-4dc2-94bf-6a35f85ad0eb ] Request (PoliciesTestJSON:tearDownClass): 204 DELETE http://10.13.3.204:35357/v3/projects/28ef0d573bf64ccbbea059a1490b9f70 0.077s[00m
2020-06-10 17:03:07.311 29226 INFO tempest.lib.common.rest_client [req-bb2ced80-6795-4562-804b-775f1354799a ] Request (PoliciesTestJSON:tearDownClass): 204 DELETE http://10.13.3.204:35357/v3/users/9621a516ff8c4ad6b7d4db9e7fcf1501 0.138s[00m
2020-06-10 17:03:07.346 29223 INFO tempest.lib.common.rest_client [req-cce408be-1c5f-4c1c-abd6-2186e9f09ccb ] Request (TestServerBasicOps:test_server_basic_ops): 202 POST http://10.13.3.214:8774/v2.1/servers 0.407s[00m
2020-06-10 17:03:07.400 29223 INFO tempest.lib.common.rest_client [req-10764456-66d7-448f-ad9c-309cc8cb871f ] Request (TestServerBasicOps:test_server_basic_ops): 200 GET http://10.13.3.214:8774/v2.1/servers/722874cf-6c96-44cb-8415-8ada2f13e5c5 0.052s[00m
2020-06-10 17:03:07.454 29226 INFO tempest.lib.common.rest_client [req-b58a57dd-9733-4291-a9be-c702a02f9137 ] Request (PoliciesTestJSON:tearDownClass): 200 GET http://10.13.3.220:9696/v2.0/security-groups?tenant_id=91f9312dd00f439894d5dee937fd9975&name=default 0.143s[00m
2020-06-10 17:03:07.532 29226 INFO tempest.lib.common.rest_client [req-c413259b-8404-4caf-b062-e3a2757f47eb ] Request (PoliciesTestJSON:tearDownClass): 204 DELETE http://10.13.3.220:9696/v2.0/security-groups/7a0fd59e-0d75-441d-8bc4-83ae379b465e 0.077s[00m
2020-06-10 17:03:07.613 29226 INFO tempest.lib.common.rest_client [req-d78702b2-a11f-4989-967f-8c165c744f3d ] Request (PoliciesTestJSON:tearDownClass): 204 DELETE http://10.13.3.204:35357/v3/projects/91f9312dd00f439894d5dee937fd9975 0.080s[00m
2020-06-10 17:03:07.891 29226 INFO tempest.lib.common.rest_client [req-e6f42429-e330-43bd-b0b4-29b9e2d35b83 ] Request (RegionsTestJSON:setUpClass): 201 POST http://10.13.3.204:5000/v3/auth/tokens 0.276s[00m
2020-06-10 17:03:08.147 29226 INFO tempest.lib.common.rest_client [req-df63e4a2-4a05-4691-93cb-483006ccbd09 ] Request (RegionsTestJSON:setUpClass): 201 POST http://10.13.3.204:5000/v3/auth/tokens 0.253s[00m
2020-06-10 17:03:08.170 29226 INFO tempest.lib.common.rest_client [req-3d352ffb-f11b-46a9-96c7-e98395354854 ] Request (RegionsTestJSON:setUpClass): 200 GET http://10.13.3.204:35357/v3/domains?name=admin_domain 0.023s[00m
2020-06-10 17:03:08.195 29226 INFO tempest.lib.common.rest_client [req-b84f850e-025d-43c5-a684-9c62ca370bb2 ] Request (RegionsTestJSON:setUpClass): 201 POST http://10.13.3.204:35357/v3/projects 0.024s[00m
2020-06-10 17:03:08.450 29226 INFO tempest.lib.common.rest_client [req-4b709975-f5d2-4da7-8241-35bb35e22d6c ] Request (RegionsTestJSON:setUpClass): 201 POST http://10.13.3.204:35357/v3/users 0.254s[00m
2020-06-10 17:03:08.532 29223 INFO tempest.lib.common.rest_client [req-e78a1d07-17a0-42e2-a2fd-5020e133a3a6 ] Request (TestServerBasicOps:test_server_basic_ops): 200 GET http://10.13.3.214:8774/v2.1/servers/722874cf-6c96-44cb-8415-8ada2f13e5c5 0.126s[00m
2020-06-10 17:03:08.536 29223 INFO tempest.common.waiters [-] State transition "BUILD/scheduling" ==> "BUILD/spawning" after 1 second wait[00m
2020-06-10 17:03:08.558 29226 INFO tempest.lib.common.rest_client [req-d9cd7528-c23e-4cc2-9785-b878578ec9cc ] Request (RegionsTestJSON:setUpClass): 200 GET http://10.13.3.204:35357/v3/roles 0.107s[00m
2020-06-10 17:03:08.577 29226 INFO tempest.lib.common.rest_client [req-bf0cbb49-9860-40b6-a01a-d27d57306f45 ] Request (RegionsTestJSON:setUpClass): 200 GET http://10.13.3.204:35357/v3/roles 0.018s[00m
2020-06-10 17:03:08.607 29226 INFO tempest.lib.common.rest_client [req-f87e708b-95c1-4e6d-9023-d47c7c42b094 ] Request (RegionsTestJSON:setUpClass): 204 PUT http://10.13.3.204:35357/v3/projects/1a65a6afaa9a447aaed8b2f60811952b/users/f940e217e6de4a4dabe8750a2ab6a582/roles/ecaa49e353044f2295ed48eeb379e12b 0.030s[00m
2020-06-10 17:03:08.608 29226 INFO tempest.lib.common.dynamic_creds [-] Acquired dynamic creds:
 credentials: Credentials: {'domain_id': '558928869e1942d2bdab7441dc8cfc87', 'domain_name': 'admin_domain', 'username': 'tempest-RegionsTestJSON-503532291', 'project_domain_id': '558928869e1942d2bdab7441dc8cfc87', 'project_domain_name': 'admin_domain', 'project_id': '1a65a6afaa9a447aaed8b2f60811952b', 'project_name': 'tempest-RegionsTestJSON-503532291', 'tenant_id': '1a65a6afaa9a447aaed8b2f60811952b', 'tenant_name': 'tempest-RegionsTestJSON-503532291', 'user_domain_id': '558928869e1942d2bdab7441dc8cfc87', 'user_domain_name': 'admin_domain', 'user_id': 'f940e217e6de4a4dabe8750a2ab6a582'}, Network: None, Subnet: None, Router: None[00m
2020-06-10 17:03:08.608 29226 INFO tempest.lib.common.dynamic_creds [-] Created isolated network resources for:
 credentials: Credentials: {'domain_id': '558928869e1942d2bdab7441dc8cfc87', 'domain_name': 'admin_domain', 'username': 'tempest-RegionsTestJSON-503532291', 'project_domain_id': '558928869e1942d2bdab7441dc8cfc87', 'project_domain_name': 'admin_domain', 'project_id': '1a65a6afaa9a447aaed8b2f60811952b', 'project_name': 'tempest-RegionsTestJSON-503532291', 'tenant_id': '1a65a6afaa9a447aaed8b2f60811952b', 'tenant_name': 'tempest-RegionsTestJSON-503532291', 'user_domain_id': '558928869e1942d2bdab7441dc8cfc87', 'user_domain_name': 'admin_domain', 'user_id': 'f940e217e6de4a4dabe8750a2ab6a582'}, Network: None, Subnet: None, Router: None[00m
2020-06-10 17:03:08.888 29226 INFO tempest.lib.common.rest_client [req-7892e967-9586-4c28-8d66-bc10e7b1685f ] Request (RegionsTestJSON:setUpClass): 201 POST http://10.13.3.204:5000/v3/auth/tokens 0.277s[00m
2020-06-10 17:03:08.937 29226 INFO tempest.lib.common.rest_client [req-c786f190-a1d6-4d2a-8a39-f8546292552c ] Request (RegionsTestJSON:setUpClass): 201 POST http://10.13.3.204:35357/v3/projects 0.048s[00m
2020-06-10 17:03:09.196 29226 INFO tempest.lib.common.rest_client [req-40d19e17-ba11-43b9-821b-b941c3b8af0a ] Request (RegionsTestJSON:setUpClass): 201 POST http://10.13.3.204:35357/v3/users 0.258s[00m
2020-06-10 17:03:09.214 29226 INFO tempest.lib.common.rest_client [req-720b14fc-966b-49c4-9ea4-45bd1d7d626c ] Request (RegionsTestJSON:setUpClass): 200 GET http://10.13.3.204:35357/v3/roles 0.018s[00m
2020-06-10 17:03:09.249 29226 INFO tempest.lib.common.rest_client [req-8d753ab1-be4d-41c2-9d61-1f274e70ef0e ] Request (RegionsTestJSON:setUpClass): 204 PUT http://10.13.3.204:35357/v3/projects/0d7ca92287954c9e84eb695843a6af76/users/01069cf3979c4834a02ed754267a94ab/roles/fd9da3f6c40d40849c9a9f209d57ba4b 0.034s[00m
2020-06-10 17:03:09.284 29226 INFO tempest.lib.common.rest_client [req-0f8c0859-2312-432a-b087-13051134be61 ] Request (RegionsTestJSON:setUpClass): 200 GET http://10.13.3.204:35357/v3/roles 0.034s[00m
2020-06-10 17:03:09.308 29226 INFO tempest.lib.common.rest_client [req-ab44d304-2244-4a0e-a16e-4dedf495d393 ] Request (RegionsTestJSON:setUpClass): 204 PUT http://10.13.3.204:35357/v3/domains/558928869e1942d2bdab7441dc8cfc87/users/01069cf3979c4834a02ed754267a94ab/roles/fd9da3f6c40d40849c9a9f209d57ba4b 0.023s[00m
2020-06-10 17:03:09.308 29226 INFO tempest.lib.common.dynamic_creds [-] Acquired dynamic creds:
 credentials: Credentials: {'domain_id': '558928869e1942d2bdab7441dc8cfc87', 'domain_name': 'admin_domain', 'username': 'tempest-RegionsTestJSON-672381387', 'project_domain_id': '558928869e1942d2bdab7441dc8cfc87', 'project_domain_name': 'admin_domain', 'project_id': '0d7ca92287954c9e84eb695843a6af76', 'project_name': 'tempest-RegionsTestJSON-672381387', 'tenant_id': '0d7ca92287954c9e84eb695843a6af76', 'tenant_name': 'tempest-RegionsTestJSON-672381387', 'user_domain_id': '558928869e1942d2bdab7441dc8cfc87', 'user_domain_name': 'admin_domain', 'user_id': '01069cf3979c4834a02ed754267a94ab'}, Network: None, Subnet: None, Router: None[00m
2020-06-10 17:03:09.309 29226 INFO tempest.lib.common.dynamic_creds [-] Created isolated network resources for:
 credentials: Credentials: {'domain_id': '558928869e1942d2bdab7441dc8cfc87', 'domain_name': 'admin_domain', 'username': 'tempest-RegionsTestJSON-672381387', 'project_domain_id': '558928869e1942d2bdab7441dc8cfc87', 'project_domain_name': 'admin_domain', 'project_id': '0d7ca92287954c9e84eb695843a6af76', 'project_name': 'tempest-RegionsTestJSON-672381387', 'tenant_id': '0d7ca92287954c9e84eb695843a6af76', 'tenant_name': 'tempest-RegionsTestJSON-672381387', 'user_domain_id': '558928869e1942d2bdab7441dc8cfc87', 'user_domain_name': 'admin_domain', 'user_id': '01069cf3979c4834a02ed754267a94ab'}, Network: None, Subnet: None, Router: None[00m
2020-06-10 17:03:09.649 29226 INFO tempest.lib.common.rest_client [req-4ca7789a-4bf3-49e2-86f2-3143b6f1285c ] Request (RegionsTestJSON:setUpClass): 201 POST http://10.13.3.204:5000/v3/auth/tokens 0.291s[00m
2020-06-10 17:03:09.744 29223 INFO tempest.lib.common.rest_client [req-82f56c9b-d925-4fb9-a869-e37c6388b77e ] Request (TestServerBasicOps:test_server_basic_ops): 200 GET http://10.13.3.214:8774/v2.1/servers/722874cf-6c96-44cb-8415-8ada2f13e5c5 0.207s[00m
2020-06-10 17:03:09.912 29226 INFO tempest.lib.common.rest_client [req-fa1ba361-f947-47cc-8e71-a37451114a91 ] Request (RegionsTestJSON:setUpClass): 201 POST http://10.13.3.204:5000/v3/auth/tokens 0.262s[00m
2020-06-10 17:03:09.939 29226 INFO tempest.lib.common.rest_client [req-102ee783-5ce9-4282-9a2e-22cfb8203762 ] Request (RegionsTestJSON:setUpClass): 201 POST http://10.13.3.204:35357/v3/regions 0.026s[00m
2020-06-10 17:03:09.967 29226 INFO tempest.lib.common.rest_client [req-95d12e7c-4f78-4708-8a05-fe4d26037805 ] Request (RegionsTestJSON:setUpClass): 201 POST http://10.13.3.204:35357/v3/regions 0.028s[00m
2020-06-10 17:03:09.995 29226 INFO tempest.lib.common.rest_client [req-c960e1de-c277-4ea6-9358-8855c38bbc8d ] Request (RegionsTestJSON:test_create_region_with_specific_id): 201 PUT http://10.13.3.204:35357/v3/regions/2b67e769-eccc-4427-a46a-75f2bebb841b 0.026s[00m
2020-06-10 17:03:10.033 29226 INFO tempest.lib.common.rest_client [req-93268639-ac0b-4b6b-894d-b25c5bbc8cca ] Request (RegionsTestJSON:_run_cleanups): 204 DELETE http://10.13.3.204:35357/v3/regions/2b67e769-eccc-4427-a46a-75f2bebb841b 0.037s[00m
{1} tempest.api.identity.admin.v3.test_regions.RegionsTestJSON.test_create_region_with_specific_id [0.065413s] ... ok
2020-06-10 17:03:10.063 29226 INFO tempest.lib.common.rest_client [req-1315d057-1f61-4060-abdb-dfbf5cc195ac ] Request (RegionsTestJSON:tearDownClass): 204 DELETE http://10.13.3.204:35357/v3/regions/1f4e55f63b654f44b2ce93ee105227c3 0.029s[00m
2020-06-10 17:03:10.092 29226 INFO tempest.lib.common.rest_client [req-a25ed52b-27bd-40c8-aea7-f0451ccdadbd ] Request (RegionsTestJSON:tearDownClass): 204 DELETE http://10.13.3.204:35357/v3/regions/d3769ec5240c4fd7ae4c42aead27846f 0.028s[00m
2020-06-10 17:03:10.174 29226 INFO tempest.lib.common.rest_client [req-f4a31241-f840-4ef4-8471-675dc635bdbb ] Request (RegionsTestJSON:tearDownClass): 204 DELETE http://10.13.3.204:35357/v3/users/f940e217e6de4a4dabe8750a2ab6a582 0.082s[00m
2020-06-10 17:03:10.451 29226 INFO tempest.lib.common.rest_client [req-a226f194-a620-4474-a608-e782393bdb3c ] Request (RegionsTestJSON:tearDownClass): 201 POST http://10.13.3.204:5000/v3/auth/tokens 0.276s[00m
2020-06-10 17:03:10.605 29226 INFO tempest.lib.common.rest_client [req-6569940f-6b29-457c-841a-d50cc03c9b3e ] Request (RegionsTestJSON:tearDownClass): 200 GET http://10.13.3.220:9696/v2.0/security-groups?tenant_id=1a65a6afaa9a447aaed8b2f60811952b&name=default 0.153s[00m
2020-06-10 17:03:10.677 29226 INFO tempest.lib.common.rest_client [req-41abe40c-d63b-4d01-bd72-8c432501d58f ] Request (RegionsTestJSON:tearDownClass): 204 DELETE http://10.13.3.220:9696/v2.0/security-groups/3bf09301-1fb1-48bd-8305-8d264fc99ffd 0.072s[00m
2020-06-10 17:03:10.756 29226 INFO tempest.lib.common.rest_client [req-03b7cdd8-f55f-4d20-ba9f-92f23d3d58dd ] Request (RegionsTestJSON:tearDownClass): 204 DELETE http://10.13.3.204:35357/v3/projects/1a65a6afaa9a447aaed8b2f60811952b 0.078s[00m
2020-06-10 17:03:10.831 29226 INFO tempest.lib.common.rest_client [req-94c010c4-596c-4a3a-9cb7-90a0dd68a2cf ] Request (RegionsTestJSON:tearDownClass): 204 DELETE http://10.13.3.204:35357/v3/users/01069cf3979c4834a02ed754267a94ab 0.074s[00m
2020-06-10 17:03:10.876 29223 INFO tempest.lib.common.rest_client [req-ab4b61ba-9a77-4b07-aed9-7ec4cda9e567 ] Request (TestServerBasicOps:test_server_basic_ops): 200 GET http://10.13.3.214:8774/v2.1/servers/722874cf-6c96-44cb-8415-8ada2f13e5c5 0.126s[00m
2020-06-10 17:03:10.927 29226 INFO tempest.lib.common.rest_client [req-dd444a68-ac58-4238-b6f4-e21dd3e7e0d8 ] Request (RegionsTestJSON:tearDownClass): 200 GET http://10.13.3.220:9696/v2.0/security-groups?tenant_id=0d7ca92287954c9e84eb695843a6af76&name=default 0.095s[00m
2020-06-10 17:03:11.005 29226 INFO tempest.lib.common.rest_client [req-8752f070-b72c-4fa1-bda2-e7bd2bdd4dd1 ] Request (RegionsTestJSON:tearDownClass): 204 DELETE http://10.13.3.220:9696/v2.0/security-groups/8535a8df-aa4a-4544-85a1-5cc30ff44d0c 0.077s[00m
2020-06-10 17:03:11.087 29226 INFO tempest.lib.common.rest_client [req-a672d8f7-9620-4d76-8cb5-53b36ae16a4c ] Request (RegionsTestJSON:tearDownClass): 204 DELETE http://10.13.3.204:35357/v3/projects/0d7ca92287954c9e84eb695843a6af76 0.082s[00m
2020-06-10 17:03:11.358 29226 INFO tempest.lib.common.rest_client [req-061a5302-b86e-4a29-8cc9-0cfa1174df30 ] Request (DefaultDomainTestJSON:setUpClass): 201 POST http://10.13.3.204:5000/v3/auth/tokens 0.269s[00m
2020-06-10 17:03:11.616 29226 INFO tempest.lib.common.rest_client [req-91d93e40-a3ec-4bb8-b637-e34219768dec ] Request (DefaultDomainTestJSON:setUpClass): 201 POST http://10.13.3.204:5000/v3/auth/tokens 0.255s[00m
2020-06-10 17:03:11.637 29226 INFO tempest.lib.common.rest_client [req-a3d2c8ba-fa80-4250-9a9e-c9596e745b50 ] Request (DefaultDomainTestJSON:setUpClass): 200 GET http://10.13.3.204:35357/v3/domains?name=admin_domain 0.020s[00m
2020-06-10 17:03:11.662 29226 INFO tempest.lib.common.rest_client [req-9ada848e-f071-4d35-99cb-4e20b82466f9 ] Request (DefaultDomainTestJSON:setUpClass): 201 POST http://10.13.3.204:35357/v3/projects 0.025s[00m
2020-06-10 17:03:11.915 29226 INFO tempest.lib.common.rest_client [req-8096c3c0-f1ca-4ea9-bae6-900cb8dd5131 ] Request (DefaultDomainTestJSON:setUpClass): 201 POST http://10.13.3.204:35357/v3/users 0.251s[00m
2020-06-10 17:03:11.936 29226 INFO tempest.lib.common.rest_client [req-323fc19d-e4d3-40ce-8eee-f2b32cbbccbd ] Request (DefaultDomainTestJSON:setUpClass): 200 GET http://10.13.3.204:35357/v3/roles 0.021s[00m
2020-06-10 17:03:11.953 29226 INFO tempest.lib.common.rest_client [req-e018a14d-a829-459d-932b-1a6796249506 ] Request (DefaultDomainTestJSON:setUpClass): 200 GET http://10.13.3.204:35357/v3/roles 0.016s[00m
2020-06-10 17:03:11.985 29226 INFO tempest.lib.common.rest_client [req-2d3e371c-634f-4e56-8dda-8aca55d60cf0 ] Request (DefaultDomainTestJSON:setUpClass): 204 PUT http://10.13.3.204:35357/v3/projects/5bfa182ec1644f03a6336350b9e014fe/users/9510f7fc076e43cea51eaf071e62ca1f/roles/ecaa49e353044f2295ed48eeb379e12b 0.032s[00m
2020-06-10 17:03:11.985 29226 INFO tempest.lib.common.dynamic_creds [-] Acquired dynamic creds:
 credentials: Credentials: {'domain_id': '558928869e1942d2bdab7441dc8cfc87', 'domain_name': 'admin_domain', 'username': 'tempest-DefaultDomainTestJSON-1878516629', 'project_domain_id': '558928869e1942d2bdab7441dc8cfc87', 'project_domain_name': 'admin_domain', 'project_id': '5bfa182ec1644f03a6336350b9e014fe', 'project_name': 'tempest-DefaultDomainTestJSON-1878516629', 'tenant_id': '5bfa182ec1644f03a6336350b9e014fe', 'tenant_name': 'tempest-DefaultDomainTestJSON-1878516629', 'user_domain_id': '558928869e1942d2bdab7441dc8cfc87', 'user_domain_name': 'admin_domain', 'user_id': '9510f7fc076e43cea51eaf071e62ca1f'}, Network: None, Subnet: None, Router: None[00m
2020-06-10 17:03:11.986 29226 INFO tempest.lib.common.dynamic_creds [-] Created isolated network resources for:
 credentials: Credentials: {'domain_id': '558928869e1942d2bdab7441dc8cfc87', 'domain_name': 'admin_domain', 'username': 'tempest-DefaultDomainTestJSON-1878516629', 'project_domain_id': '558928869e1942d2bdab7441dc8cfc87', 'project_domain_name': 'admin_domain', 'project_id': '5bfa182ec1644f03a6336350b9e014fe', 'project_name': 'tempest-DefaultDomainTestJSON-1878516629', 'tenant_id': '5bfa182ec1644f03a6336350b9e014fe', 'tenant_name': 'tempest-DefaultDomainTestJSON-1878516629', 'user_domain_id': '558928869e1942d2bdab7441dc8cfc87', 'user_domain_name': 'admin_domain', 'user_id': '9510f7fc076e43cea51eaf071e62ca1f'}, Network: None, Subnet: None, Router: None[00m
2020-06-10 17:03:11.996 29223 INFO tempest.lib.common.rest_client [req-9aa1b8d4-68c2-4699-bd8d-409b88192e2b ] Request (TestServerBasicOps:test_server_basic_ops): 200 GET http://10.13.3.214:8774/v2.1/servers/722874cf-6c96-44cb-8415-8ada2f13e5c5 0.114s[00m
2020-06-10 17:03:12.266 29226 INFO tempest.lib.common.rest_client [req-b9683df2-8daa-4a80-bee2-5ebe7939a7a3 ] Request (DefaultDomainTestJSON:setUpClass): 201 POST http://10.13.3.204:5000/v3/auth/tokens 0.277s[00m
2020-06-10 17:03:12.285 29226 INFO tempest.lib.common.rest_client [req-8dd9121a-66d7-4d7c-9057-e18d816b5f0a ] Request (DefaultDomainTestJSON:test_default_domain_exists): 403 GET http://10.13.3.204:35357/v3/domains/default 0.017s[00m
{1} tempest.api.identity.v3.test_domains.DefaultDomainTestJSON.test_default_domain_exists [0.020094s] ... FAILED

Captured traceback:
~~~~~~~~~~~~~~~~~~~
    Traceback (most recent call last):

      File "/home/jenkins/tools/zopenstack/tools/2-configure/tempest/tempest/api/identity/v3/test_domains.py", line 38, in test_default_domain_exists
    domain = self.domains_client.show_domain(self.domain_id)['domain']

      File "/home/jenkins/tools/zopenstack/tools/2-configure/tempest/tempest/lib/services/identity/v3/domains_client.py", line 81, in show_domain
    resp, body = self.get('domains/%s' % domain_id)

      File "/home/jenkins/tools/zopenstack/tools/2-configure/tempest/tempest/lib/common/rest_client.py", line 298, in get
    return self.request('GET', url, extra_headers, headers)

      File "/home/jenkins/tools/zopenstack/tools/2-configure/tempest/tempest/lib/common/rest_client.py", line 687, in request
    self._error_checker(resp, resp_body)

      File "/home/jenkins/tools/zopenstack/tools/2-configure/tempest/tempest/lib/common/rest_client.py", line 788, in _error_checker
    raise exceptions.Forbidden(resp_body, resp=resp)

    tempest.lib.exceptions.Forbidden: Forbidden
Details: {'code': 403, 'message': 'You are not authorized to perform the requested action: identity:get_domain.', 'title': 'Forbidden'}


Captured pythonlogging:
~~~~~~~~~~~~~~~~~~~~~~~
    2020-06-10 17:03:12,285 29226 INFO     [tempest.lib.common.rest_client] Request (DefaultDomainTestJSON:test_default_domain_exists): 403 GET http://10.13.3.204:35357/v3/domains/default 0.017s

2020-06-10 17:03:12.363 29226 INFO tempest.lib.common.rest_client [req-c1d6724b-913a-4bcd-a32b-8706bc48d003 ] Request (DefaultDomainTestJSON:tearDownClass): 204 DELETE http://10.13.3.204:35357/v3/users/9510f7fc076e43cea51eaf071e62ca1f 0.074s[00m
