2020-06-10 17:00:37.954 29223 INFO tempest.lib.common.rest_client [req-005fa136-21d0-4136-96b7-02106980b31f ] Request (ExtensionsTestJSON:setUpClass): 204 PUT http://10.13.3.204:35357/v3/projects/c3e3f3f9fea6486ba0cf2cd12df8afc5/users/a037a9c1f9bd4baaad1995bd6375bd02/roles/ecaa49e353044f2295ed48eeb379e12b 0.028s[00m
2020-06-10 17:00:37.954 29223 INFO tempest.lib.common.dynamic_creds [-] Acquired dynamic creds:
 credentials: Credentials: {'domain_id': '558928869e1942d2bdab7441dc8cfc87', 'domain_name': 'admin_domain', 'username': 'tempest-ExtensionsTestJSON-1230245586', 'project_domain_id': '558928869e1942d2bdab7441dc8cfc87', 'project_domain_name': 'admin_domain', 'project_id': 'c3e3f3f9fea6486ba0cf2cd12df8afc5', 'project_name': 'tempest-ExtensionsTestJSON-1230245586', 'tenant_id': 'c3e3f3f9fea6486ba0cf2cd12df8afc5', 'tenant_name': 'tempest-ExtensionsTestJSON-1230245586', 'user_domain_id': '558928869e1942d2bdab7441dc8cfc87', 'user_domain_name': 'admin_domain', 'user_id': 'a037a9c1f9bd4baaad1995bd6375bd02'}, Network: None, Subnet: None, Router: None[00m
2020-06-10 17:00:37.954 29223 INFO tempest.lib.common.dynamic_creds [-] Created isolated network resources for:
 credentials: Credentials: {'domain_id': '558928869e1942d2bdab7441dc8cfc87', 'domain_name': 'admin_domain', 'username': 'tempest-ExtensionsTestJSON-1230245586', 'project_domain_id': '558928869e1942d2bdab7441dc8cfc87', 'project_domain_name': 'admin_domain', 'project_id': 'c3e3f3f9fea6486ba0cf2cd12df8afc5', 'project_name': 'tempest-ExtensionsTestJSON-1230245586', 'tenant_id': 'c3e3f3f9fea6486ba0cf2cd12df8afc5', 'tenant_name': 'tempest-ExtensionsTestJSON-1230245586', 'user_domain_id': '558928869e1942d2bdab7441dc8cfc87', 'user_domain_name': 'admin_domain', 'user_id': 'a037a9c1f9bd4baaad1995bd6375bd02'}, Network: None, Subnet: None, Router: None[00m
2020-06-10 17:00:38.144 29226 INFO tempest.lib.common.rest_client [req-abee02dc-e99f-4638-a282-76b0ef45abf9 ] Request (ServersTestBootFromVolume:setUpClass): 201 POST http://10.13.3.204:5000/v3/auth/tokens 0.263s[00m
2020-06-10 17:00:38.231 29223 INFO tempest.lib.common.rest_client [req-ffe6b0d0-2ced-42a2-a13f-7b31e9e504f3 ] Request (ExtensionsTestJSON:setUpClass): 201 POST http://10.13.3.204:5000/v3/auth/tokens 0.273s[00m
2020-06-10 17:00:38.292 29223 INFO tempest.lib.common.rest_client [req-9597aa74-60e2-4ef6-9fde-1d04f70f92e1 ] Request (ExtensionsTestJSON:test_list_show_extensions): 200 GET http://10.13.3.220:9696/v2.0/extensions 0.060s[00m
2020-06-10 17:00:38.297 29223 INFO tempest.lib.common.rest_client [req-47ae45e6-86f4-4710-aabb-ab657d1a6ee6 ] Request (ExtensionsTestJSON:test_list_show_extensions): 200 GET http://10.13.3.220:9696/v2.0/extensions/address-scope 0.004s[00m
2020-06-10 17:00:38.301 29223 INFO tempest.lib.common.rest_client [req-9bb8fcbe-ff45-4490-9bbe-bc42e9ef522d ] Request (ExtensionsTestJSON:test_list_show_extensions): 200 GET http://10.13.3.220:9696/v2.0/extensions/router-admin-state-down-before-update 0.004s[00m
2020-06-10 17:00:38.306 29223 INFO tempest.lib.common.rest_client [req-ae86dad1-dea9-4ae2-83fb-ee8bea758715 ] Request (ExtensionsTestJSON:test_list_show_extensions): 200 GET http://10.13.3.220:9696/v2.0/extensions/agent 0.005s[00m
2020-06-10 17:00:38.310 29223 INFO tempest.lib.common.rest_client [req-b9b00872-b60c-4312-a31d-2a95aba82102 ] Request (ExtensionsTestJSON:test_list_show_extensions): 200 GET http://10.13.3.220:9696/v2.0/extensions/agent-resources-synced 0.004s[00m
2020-06-10 17:00:38.314 29223 INFO tempest.lib.common.rest_client [req-41d880db-5c76-4d52-ba93-9b2afc3bf23b ] Request (ExtensionsTestJSON:test_list_show_extensions): 200 GET http://10.13.3.220:9696/v2.0/extensions/allowed-address-pairs 0.004s[00m
2020-06-10 17:00:38.319 29223 INFO tempest.lib.common.rest_client [req-61901675-0408-48ad-bf1e-9b17c0a36f74 ] Request (ExtensionsTestJSON:test_list_show_extensions): 200 GET http://10.13.3.220:9696/v2.0/extensions/auto-allocated-topology 0.005s[00m
2020-06-10 17:00:38.323 29223 INFO tempest.lib.common.rest_client [req-b48124b0-b28e-4324-904b-a243b4dffd73 ] Request (ExtensionsTestJSON:test_list_show_extensions): 200 GET http://10.13.3.220:9696/v2.0/extensions/availability_zone 0.004s[00m
2020-06-10 17:00:38.328 29223 INFO tempest.lib.common.rest_client [req-d1b73be7-8a17-472f-9b8d-00ea3cb40f6c ] Request (ExtensionsTestJSON:test_list_show_extensions): 200 GET http://10.13.3.220:9696/v2.0/extensions/availability_zone_filter 0.004s[00m
2020-06-10 17:00:38.332 29223 INFO tempest.lib.common.rest_client [req-e48c13cc-ba15-4435-b088-4b24fde81ed9 ] Request (ExtensionsTestJSON:test_list_show_extensions): 200 GET http://10.13.3.220:9696/v2.0/extensions/default-subnetpools 0.004s[00m
2020-06-10 17:00:38.337 29223 INFO tempest.lib.common.rest_client [req-f6a20490-0abf-4a32-a1cb-9f0bfc95e0b7 ] Request (ExtensionsTestJSON:test_list_show_extensions): 200 GET http://10.13.3.220:9696/v2.0/extensions/dhcp_agent_scheduler 0.004s[00m
2020-06-10 17:00:38.341 29223 INFO tempest.lib.common.rest_client [req-1cfbee48-7f36-41d3-9560-37a6e7297a1c ] Request (ExtensionsTestJSON:test_list_show_extensions): 200 GET http://10.13.3.220:9696/v2.0/extensions/dvr 0.004s[00m
2020-06-10 17:00:38.345 29223 INFO tempest.lib.common.rest_client [req-a7c7e462-dd98-4b10-be51-333d521d30be ] Request (ExtensionsTestJSON:test_list_show_extensions): 200 GET http://10.13.3.220:9696/v2.0/extensions/empty-string-filtering 0.004s[00m
2020-06-10 17:00:38.350 29223 INFO tempest.lib.common.rest_client [req-f5478693-4ca8-4316-bc44-ca18b069ec67 ] Request (ExtensionsTestJSON:test_list_show_extensions): 200 GET http://10.13.3.220:9696/v2.0/extensions/external-net 0.004s[00m
2020-06-10 17:00:38.356 29223 INFO tempest.lib.common.rest_client [req-66f1e023-b8e7-4464-8af6-dc226b395540 ] Request (ExtensionsTestJSON:test_list_show_extensions): 200 GET http://10.13.3.220:9696/v2.0/extensions/extra_dhcp_opt 0.006s[00m
2020-06-10 17:00:38.361 29223 INFO tempest.lib.common.rest_client [req-116b1d60-f408-440a-9a95-132bab455437 ] Request (ExtensionsTestJSON:test_list_show_extensions): 200 GET http://10.13.3.220:9696/v2.0/extensions/extraroute 0.004s[00m
2020-06-10 17:00:38.366 29223 INFO tempest.lib.common.rest_client [req-5fd0fde8-60a0-43f3-83f7-94ffaa7d1c23 ] Request (ExtensionsTestJSON:test_list_show_extensions): 200 GET http://10.13.3.220:9696/v2.0/extensions/extraroute-atomic 0.005s[00m
2020-06-10 17:00:38.370 29223 INFO tempest.lib.common.rest_client [req-bfa80d38-54bb-4025-bfc8-2859e804897c ] Request (ExtensionsTestJSON:test_list_show_extensions): 200 GET http://10.13.3.220:9696/v2.0/extensions/fip-port-details 0.004s[00m
2020-06-10 17:00:38.375 29223 INFO tempest.lib.common.rest_client [req-4fe179aa-e8fb-41e2-b375-70feb4fa8988 ] Request (ExtensionsTestJSON:test_list_show_extensions): 200 GET http://10.13.3.220:9696/v2.0/extensions/flavors 0.004s[00m
2020-06-10 17:00:38.379 29223 INFO tempest.lib.common.rest_client [req-ffa15ba5-ae1f-4995-ad8d-e7a554c0af6c ] Request (ExtensionsTestJSON:test_list_show_extensions): 200 GET http://10.13.3.220:9696/v2.0/extensions/floatingip-pools 0.004s[00m
2020-06-10 17:00:38.384 29223 INFO tempest.lib.common.rest_client [req-b5f97d3d-4c27-4b69-abe5-386c75b58e79 ] Request (ExtensionsTestJSON:test_list_show_extensions): 200 GET http://10.13.3.220:9696/v2.0/extensions/ip_allocation 0.004s[00m
2020-06-10 17:00:38.388 29223 INFO tempest.lib.common.rest_client [req-48559963-b2ab-4e21-9d7f-ae49a3988354 ] Request (ExtensionsTestJSON:test_list_show_extensions): 200 GET http://10.13.3.220:9696/v2.0/extensions/ip-substring-filtering 0.004s[00m
2020-06-10 17:00:38.392 29223 INFO tempest.lib.common.rest_client [req-1bc355b0-f39a-4c78-acfe-add05676c0f8 ] Request (ExtensionsTestJSON:test_list_show_extensions): 200 GET http://10.13.3.220:9696/v2.0/extensions/l2_adjacency 0.004s[00m
2020-06-10 17:00:38.396 29226 INFO tempest.lib.common.rest_client [req-25df15c0-ad3e-4661-8688-6bed41f94e87 ] Request (ServersTestBootFromVolume:setUpClass): 201 POST http://10.13.3.204:5000/v3/auth/tokens 0.249s[00m
2020-06-10 17:00:38.397 29223 INFO tempest.lib.common.rest_client [req-f6c278a9-3770-4691-b368-8610d999bfb2 ] Request (ExtensionsTestJSON:test_list_show_extensions): 200 GET http://10.13.3.220:9696/v2.0/extensions/router 0.005s[00m
2020-06-10 17:00:38.402 29223 INFO tempest.lib.common.rest_client [req-09674303-08e2-4b1b-9587-f36d88be521f ] Request (ExtensionsTestJSON:test_list_show_extensions): 200 GET http://10.13.3.220:9696/v2.0/extensions/ext-gw-mode 0.004s[00m
2020-06-10 17:00:38.406 29223 INFO tempest.lib.common.rest_client [req-ee6e3ec6-b7f8-4222-9bf2-2fe82133d63f ] Request (ExtensionsTestJSON:test_list_show_extensions): 200 GET http://10.13.3.220:9696/v2.0/extensions/l3-ha 0.003s[00m
2020-06-10 17:00:38.410 29223 INFO tempest.lib.common.rest_client [req-315e6133-7d70-4787-b1d5-77edacafcd06 ] Request (ExtensionsTestJSON:test_list_show_extensions): 200 GET http://10.13.3.220:9696/v2.0/extensions/l3-flavors 0.004s[00m
2020-06-10 17:00:38.414 29223 INFO tempest.lib.common.rest_client [req-9a5b8ac6-7311-43a2-8009-f7c48a97c5fe ] Request (ExtensionsTestJSON:test_list_show_extensions): 200 GET http://10.13.3.220:9696/v2.0/extensions/l3-port-ip-change-not-allowed 0.004s[00m
2020-06-10 17:00:38.416 29226 INFO tempest.lib.common.rest_client [req-57b13ca5-3c2f-44f3-b2e2-ba651aaab851 ] Request (ServersTestBootFromVolume:setUpClass): 200 GET http://10.13.3.204:35357/v3/domains?name=admin_domain 0.019s[00m
2020-06-10 17:00:38.420 29223 INFO tempest.lib.common.rest_client [req-30552529-6e36-45e5-b2f9-7890fb2e4a23 ] Request (ExtensionsTestJSON:test_list_show_extensions): 200 GET http://10.13.3.220:9696/v2.0/extensions/l3_agent_scheduler 0.005s[00m
2020-06-10 17:00:38.424 29223 INFO tempest.lib.common.rest_client [req-72953840-8077-42c1-a731-4bed54485336 ] Request (ExtensionsTestJSON:test_list_show_extensions): 200 GET http://10.13.3.220:9696/v2.0/extensions/metering 0.004s[00m
2020-06-10 17:00:38.428 29223 INFO tempest.lib.common.rest_client [req-7d426f6c-f7db-4e16-a363-14244439554b ] Request (ExtensionsTestJSON:test_list_show_extensions): 200 GET http://10.13.3.220:9696/v2.0/extensions/multi-provider 0.004s[00m
2020-06-10 17:00:38.433 29223 INFO tempest.lib.common.rest_client [req-322fcff4-68ea-437f-8248-871e7c662724 ] Request (ExtensionsTestJSON:test_list_show_extensions): 200 GET http://10.13.3.220:9696/v2.0/extensions/net-mtu 0.004s[00m
2020-06-10 17:00:38.437 29223 INFO tempest.lib.common.rest_client [req-5f06e834-e4da-449e-ad8b-c065df3a0774 ] Request (ExtensionsTestJSON:test_list_show_extensions): 200 GET http://10.13.3.220:9696/v2.0/extensions/net-mtu-writable 0.004s[00m
2020-06-10 17:00:38.441 29226 INFO tempest.lib.common.rest_client [req-1125f0e7-e9ab-475d-8354-df438f2b3ec2 ] Request (ServersTestBootFromVolume:setUpClass): 201 POST http://10.13.3.204:35357/v3/projects 0.025s[00m
2020-06-10 17:00:38.445 29223 INFO tempest.lib.common.rest_client [req-daf1d3f1-3c9d-4c4a-b727-ac1bf512398f ] Request (ExtensionsTestJSON:test_list_show_extensions): 200 GET http://10.13.3.220:9696/v2.0/extensions/network_availability_zone 0.008s[00m
2020-06-10 17:00:38.450 29223 INFO tempest.lib.common.rest_client [req-b290147f-f2ee-431a-902e-e5648a452cf5 ] Request (ExtensionsTestJSON:test_list_show_extensions): 200 GET http://10.13.3.220:9696/v2.0/extensions/network-ip-availability 0.004s[00m
2020-06-10 17:00:38.454 29223 INFO tempest.lib.common.rest_client [req-478d0b34-1534-4837-a6cc-a0633b50c321 ] Request (ExtensionsTestJSON:test_list_show_extensions): 200 GET http://10.13.3.220:9696/v2.0/extensions/pagination 0.004s[00m
2020-06-10 17:00:38.458 29223 INFO tempest.lib.common.rest_client [req-71f25da8-b6c3-4205-a343-f9dc030da528 ] Request (ExtensionsTestJSON:test_list_show_extensions): 200 GET http://10.13.3.220:9696/v2.0/extensions/port-mac-address-regenerate 0.004s[00m
2020-06-10 17:00:38.463 29223 INFO tempest.lib.common.rest_client [req-f9df9360-99c0-401a-b125-a8b373da4f57 ] Request (ExtensionsTestJSON:test_list_show_extensions): 200 GET http://10.13.3.220:9696/v2.0/extensions/binding 0.004s[00m
2020-06-10 17:00:38.467 29223 INFO tempest.lib.common.rest_client [req-9f429559-115e-432c-be41-ad28e381a2cc ] Request (ExtensionsTestJSON:test_list_show_extensions): 200 GET http://10.13.3.220:9696/v2.0/extensions/binding-extended 0.004s[00m
2020-06-10 17:00:38.471 29223 INFO tempest.lib.common.rest_client [req-c8b152aa-26d4-491d-a391-f2a2668cb0b9 ] Request (ExtensionsTestJSON:test_list_show_extensions): 200 GET http://10.13.3.220:9696/v2.0/extensions/project-id 0.004s[00m
2020-06-10 17:00:38.477 29223 INFO tempest.lib.common.rest_client [req-2db164ea-cd87-4645-9d8a-8cf50919b241 ] Request (ExtensionsTestJSON:test_list_show_extensions): 200 GET http://10.13.3.220:9696/v2.0/extensions/provider 0.005s[00m
2020-06-10 17:00:38.481 29223 INFO tempest.lib.common.rest_client [req-cfb41f2e-babd-471b-b00f-d89783bc269e ] Request (ExtensionsTestJSON:test_list_show_extensions): 200 GET http://10.13.3.220:9696/v2.0/extensions/quotas 0.004s[00m
2020-06-10 17:00:38.486 29223 INFO tempest.lib.common.rest_client [req-a8515677-1f5e-4dd3-ba61-0f0f72e3d8d5 ] Request (ExtensionsTestJSON:test_list_show_extensions): 200 GET http://10.13.3.220:9696/v2.0/extensions/quota_details 0.004s[00m
2020-06-10 17:00:38.493 29223 INFO tempest.lib.common.rest_client [req-258cf735-0490-461b-b4ac-ee81d26b9a95 ] Request (ExtensionsTestJSON:test_list_show_extensions): 200 GET http://10.13.3.220:9696/v2.0/extensions/rbac-policies 0.007s[00m
2020-06-10 17:00:38.499 29223 INFO tempest.lib.common.rest_client [req-fb890c2b-c9a1-4f90-9ebc-fad9d37cade2 ] Request (ExtensionsTestJSON:test_list_show_extensions): 200 GET http://10.13.3.220:9696/v2.0/extensions/rbac-address-scope 0.005s[00m
2020-06-10 17:00:38.504 29223 INFO tempest.lib.common.rest_client [req-3f5b48fe-8f77-4cc8-a677-bff64d4d6cda ] Request (ExtensionsTestJSON:test_list_show_extensions): 200 GET http://10.13.3.220:9696/v2.0/extensions/rbac-security-groups 0.005s[00m
2020-06-10 17:00:38.508 29223 INFO tempest.lib.common.rest_client [req-903fadfd-5d8a-4065-8b98-ef7b1fa5d1f3 ] Request (ExtensionsTestJSON:test_list_show_extensions): 200 GET http://10.13.3.220:9696/v2.0/extensions/rbac-subnetpool 0.004s[00m
2020-06-10 17:00:38.513 29223 INFO tempest.lib.common.rest_client [req-50797d80-bcd1-41ac-84bf-32bd378dd6f4 ] Request (ExtensionsTestJSON:test_list_show_extensions): 200 GET http://10.13.3.220:9696/v2.0/extensions/revision-if-match 0.004s[00m
2020-06-10 17:00:38.517 29223 INFO tempest.lib.common.rest_client [req-00a3eb13-75e1-4ba8-9e1b-48b31c100d71 ] Request (ExtensionsTestJSON:test_list_show_extensions): 200 GET http://10.13.3.220:9696/v2.0/extensions/standard-attr-revisions 0.004s[00m
2020-06-10 17:00:38.522 29223 INFO tempest.lib.common.rest_client [req-30b3c71b-8f8b-43b6-81d1-4e26fef9e998 ] Request (ExtensionsTestJSON:test_list_show_extensions): 200 GET http://10.13.3.220:9696/v2.0/extensions/router_availability_zone 0.004s[00m
2020-06-10 17:00:38.527 29223 INFO tempest.lib.common.rest_client [req-3601fff8-33ac-49f8-a41a-a8d32e360a0e ] Request (ExtensionsTestJSON:test_list_show_extensions): 200 GET http://10.13.3.220:9696/v2.0/extensions/port-security-groups-filtering 0.004s[00m
2020-06-10 17:00:38.532 29223 INFO tempest.lib.common.rest_client [req-447f0ff0-9972-4ba7-a270-7d6c2c44508a ] Request (ExtensionsTestJSON:test_list_show_extensions): 200 GET http://10.13.3.220:9696/v2.0/extensions/security-group 0.004s[00m
2020-06-10 17:00:38.536 29223 INFO tempest.lib.common.rest_client [req-677375b7-0efc-4306-bfd4-a5f5f0a6927d ] Request (ExtensionsTestJSON:test_list_show_extensions): 200 GET http://10.13.3.220:9696/v2.0/extensions/segment 0.004s[00m
2020-06-10 17:00:38.541 29223 INFO tempest.lib.common.rest_client [req-dbd5201b-61be-4908-ab66-6763d55d89d2 ] Request (ExtensionsTestJSON:test_list_show_extensions): 200 GET http://10.13.3.220:9696/v2.0/extensions/segments-peer-subnet-host-routes 0.004s[00m
2020-06-10 17:00:38.545 29223 INFO tempest.lib.common.rest_client [req-1a807795-49eb-481a-a44f-9387563147d1 ] Request (ExtensionsTestJSON:test_list_show_extensions): 200 GET http://10.13.3.220:9696/v2.0/extensions/service-type 0.004s[00m
2020-06-10 17:00:38.550 29223 INFO tempest.lib.common.rest_client [req-203c6634-b7f9-4531-aedb-11afec0bc578 ] Request (ExtensionsTestJSON:test_list_show_extensions): 200 GET http://10.13.3.220:9696/v2.0/extensions/sorting 0.004s[00m
2020-06-10 17:00:38.554 29223 INFO tempest.lib.common.rest_client [req-fd3f8c0a-71df-4b50-8148-63e188d526d3 ] Request (ExtensionsTestJSON:test_list_show_extensions): 200 GET http://10.13.3.220:9696/v2.0/extensions/standard-attr-segment 0.004s[00m
2020-06-10 17:00:38.559 29223 INFO tempest.lib.common.rest_client [req-98bf0b23-fed2-4d24-ae32-30a202b52472 ] Request (ExtensionsTestJSON:test_list_show_extensions): 200 GET http://10.13.3.220:9696/v2.0/extensions/standard-attr-description 0.004s[00m
2020-06-10 17:00:38.563 29223 INFO tempest.lib.common.rest_client [req-b12f8b00-51c8-4644-a93c-ffe9ec5ff697 ] Request (ExtensionsTestJSON:test_list_show_extensions): 200 GET http://10.13.3.220:9696/v2.0/extensions/stateful-security-group 0.004s[00m
2020-06-10 17:00:38.568 29223 INFO tempest.lib.common.rest_client [req-a0ce1b0e-505f-4b86-acea-65f87c4121ad ] Request (ExtensionsTestJSON:test_list_show_extensions): 200 GET http://10.13.3.220:9696/v2.0/extensions/subnet_onboard 0.004s[00m
2020-06-10 17:00:38.574 29223 INFO tempest.lib.common.rest_client [req-8f4d1602-abb7-4d8f-bf3a-9b79dcc62d07 ] Request (ExtensionsTestJSON:test_list_show_extensions): 200 GET http://10.13.3.220:9696/v2.0/extensions/subnet-segmentid-writable 0.006s[00m
2020-06-10 17:00:38.579 29223 INFO tempest.lib.common.rest_client [req-45fd0b44-c1c6-421b-81e6-a2ab5891cd73 ] Request (ExtensionsTestJSON:test_list_show_extensions): 200 GET http://10.13.3.220:9696/v2.0/extensions/subnet-service-types 0.004s[00m
2020-06-10 17:00:38.583 29223 INFO tempest.lib.common.rest_client [req-035e30b8-3674-4188-ab8a-8f6f911ce4c8 ] Request (ExtensionsTestJSON:test_list_show_extensions): 200 GET http://10.13.3.220:9696/v2.0/extensions/subnet_allocation 0.004s[00m
2020-06-10 17:00:38.588 29223 INFO tempest.lib.common.rest_client [req-865368c8-63b7-4649-be71-b79ca71244c0 ] Request (ExtensionsTestJSON:test_list_show_extensions): 200 GET http://10.13.3.220:9696/v2.0/extensions/subnetpool-prefix-ops 0.004s[00m
2020-06-10 17:00:38.593 29223 INFO tempest.lib.common.rest_client [req-63ac3375-82d3-417d-ac1e-a13637cf9725 ] Request (ExtensionsTestJSON:test_list_show_extensions): 200 GET http://10.13.3.220:9696/v2.0/extensions/standard-attr-tag 0.005s[00m
2020-06-10 17:00:38.597 29223 INFO tempest.lib.common.rest_client [req-a03e5470-87bc-4fed-b576-95da105413b9 ] Request (ExtensionsTestJSON:test_list_show_extensions): 200 GET http://10.13.3.220:9696/v2.0/extensions/standard-attr-timestamp 0.004s[00m
2020-06-10 17:00:38.603 29223 INFO tempest.lib.common.rest_client [req-fa076e38-cfc5-400b-92c6-e81b400332c7 ] Request (ExtensionsTestJSON:test_list_show_extensions): 200 GET http://10.13.3.220:9696/v2.0/extensions/fwaas_v2 0.004s[00m
2020-06-10 17:00:38.609 29223 INFO tempest.lib.common.rest_client [req-7cf505bf-5a1c-413f-8bf0-4fc1a61f4ce4 ] Request (ExtensionsTestJSON:test_list_show_extensions): 200 GET http://10.13.3.220:9696/v2.0/extensions/bgp 0.004s[00m
2020-06-10 17:00:38.613 29223 INFO tempest.lib.common.rest_client [req-5956bbda-96ff-4352-82c5-2b1c81e5bf57 ] Request (ExtensionsTestJSON:test_list_show_extensions): 200 GET http://10.13.3.220:9696/v2.0/extensions/bgp_4byte_asn 0.004s[00m
2020-06-10 17:00:38.619 29223 INFO tempest.lib.common.rest_client [req-27e9690c-6f1e-45ac-a3e2-bb0d156a4eec ] Request (ExtensionsTestJSON:test_list_show_extensions): 200 GET http://10.13.3.220:9696/v2.0/extensions/bgp_dragent_scheduler 0.005s[00m
{0} tempest.api.network.test_extensions.ExtensionsTestJSON.test_list_show_extensions [0.389319s] ... ok
2020-06-10 17:00:38.696 29226 INFO tempest.lib.common.rest_client [req-32fd5d92-305e-4ee2-9da6-4fd7e498f3f5 ] Request (ServersTestBootFromVolume:setUpClass): 201 POST http://10.13.3.204:35357/v3/users 0.254s[00m
2020-06-10 17:00:38.754 29223 INFO tempest.lib.common.rest_client [req-0138f869-95fa-4226-bcda-b4324fba6949 ] Request (ExtensionsTestJSON:tearDownClass): 204 DELETE http://10.13.3.204:35357/v3/users/a037a9c1f9bd4baaad1995bd6375bd02 0.132s[00m
2020-06-10 17:00:38.779 29226 INFO tempest.lib.common.rest_client [req-1aa0cdd3-b5de-4317-96ea-52446e941893 ] Request (ServersTestBootFromVolume:setUpClass): 200 GET http://10.13.3.204:35357/v3/roles 0.083s[00m
2020-06-10 17:00:38.796 29226 INFO tempest.lib.common.rest_client [req-16b7362b-90ea-4efa-a507-47892866ac0d ] Request (ServersTestBootFromVolume:setUpClass): 200 GET http://10.13.3.204:35357/v3/roles 0.016s[00m
2020-06-10 17:00:38.827 29226 INFO tempest.lib.common.rest_client [req-8d981e33-6a64-4365-ad67-76cd1c3f86e8 ] Request (ServersTestBootFromVolume:setUpClass): 204 PUT http://10.13.3.204:35357/v3/projects/9076e4ce685f4485b8d67741c840b19c/users/dea46964cbcc49d5b4565c4d866cf9c7/roles/ecaa49e353044f2295ed48eeb379e12b 0.030s[00m
2020-06-10 17:00:38.827 29226 INFO tempest.lib.common.dynamic_creds [-] Acquired dynamic creds:
 credentials: Credentials: {'domain_id': '558928869e1942d2bdab7441dc8cfc87', 'domain_name': 'admin_domain', 'username': 'tempest-ServersTestBootFromVolume-689100136', 'project_domain_id': '558928869e1942d2bdab7441dc8cfc87', 'project_domain_name': 'admin_domain', 'project_id': '9076e4ce685f4485b8d67741c840b19c', 'project_name': 'tempest-ServersTestBootFromVolume-689100136', 'tenant_id': '9076e4ce685f4485b8d67741c840b19c', 'tenant_name': 'tempest-ServersTestBootFromVolume-689100136', 'user_domain_id': '558928869e1942d2bdab7441dc8cfc87', 'user_domain_name': 'admin_domain', 'user_id': 'dea46964cbcc49d5b4565c4d866cf9c7'}, Network: None, Subnet: None, Router: None[00m
2020-06-10 17:00:39.018 29223 INFO tempest.lib.common.rest_client [req-d1093b31-f1fd-4aa2-879a-5884c74963bc ] Request (ExtensionsTestJSON:tearDownClass): 201 POST http://10.13.3.204:5000/v3/auth/tokens 0.264s[00m
2020-06-10 17:00:39.060 29226 INFO tempest.lib.common.rest_client [req-36e2877c-fbcb-4948-a1f6-9f56da030dc8 ] Request (ServersTestBootFromVolume:setUpClass): 201 POST http://10.13.3.204:5000/v3/auth/tokens 0.232s[00m
2020-06-10 17:00:39.184 29223 INFO tempest.lib.common.rest_client [req-15d8f467-830a-449d-b2d8-5520683b7939 ] Request (ExtensionsTestJSON:tearDownClass): 200 GET http://10.13.3.220:9696/v2.0/security-groups?tenant_id=c3e3f3f9fea6486ba0cf2cd12df8afc5&name=default 0.165s[00m
2020-06-10 17:00:39.275 29223 INFO tempest.lib.common.rest_client [req-a38fb0a6-db60-4a56-8662-6a0ad2cf35c5 ] Request (ExtensionsTestJSON:tearDownClass): 204 DELETE http://10.13.3.220:9696/v2.0/security-groups/e0154237-5912-448b-a4ed-f56d0582b2e1 0.090s[00m
2020-06-10 17:00:39.350 29223 INFO tempest.lib.common.rest_client [req-46ae0730-e579-4ce9-98c0-43d68793595c ] Request (ExtensionsTestJSON:tearDownClass): 204 DELETE http://10.13.3.204:35357/v3/projects/c3e3f3f9fea6486ba0cf2cd12df8afc5 0.074s[00m
2020-06-10 17:00:39.363 29226 INFO tempest.lib.common.rest_client [req-cca5f69e-029b-4093-b2a9-550c556f5ba7 ] Request (ServersTestBootFromVolume:setUpClass): 201 POST http://10.13.3.220:9696/v2.0/networks 0.302s[00m
2020-06-10 17:00:39.614 29223 INFO tempest.lib.common.rest_client [req-11a0f98f-d319-432c-9d82-5a0a57f12938 ] Request (BulkNetworkOpsTest:setUpClass): 201 POST http://10.13.3.204:5000/v3/auth/tokens 0.263s[00m
2020-06-10 17:00:39.658 29226 INFO tempest.lib.common.rest_client [req-d62dc252-2628-4f07-8fef-57a2443ec2e9 ] Request (ServersTestBootFromVolume:setUpClass): 201 POST http://10.13.3.220:9696/v2.0/subnets 0.294s[00m
2020-06-10 17:00:39.865 29223 INFO tempest.lib.common.rest_client [req-e8d1c550-9a00-4220-bf8d-891d6affde57 ] Request (BulkNetworkOpsTest:setUpClass): 201 POST http://10.13.3.204:5000/v3/auth/tokens 0.248s[00m
2020-06-10 17:00:39.885 29223 INFO tempest.lib.common.rest_client [req-bb14dc51-b4d5-4109-b6a9-82257312de24 ] Request (BulkNetworkOpsTest:setUpClass): 200 GET http://10.13.3.204:35357/v3/domains?name=admin_domain 0.020s[00m
2020-06-10 17:00:39.909 29223 INFO tempest.lib.common.rest_client [req-4849e63b-fa34-49dc-9060-f368a587692a ] Request (BulkNetworkOpsTest:setUpClass): 201 POST http://10.13.3.204:35357/v3/projects 0.023s[00m
2020-06-10 17:00:40.161 29223 INFO tempest.lib.common.rest_client [req-3ffa87eb-c5fd-43b3-adf6-be935daa2105 ] Request (BulkNetworkOpsTest:setUpClass): 201 POST http://10.13.3.204:35357/v3/users 0.251s[00m
2020-06-10 17:00:40.179 29223 INFO tempest.lib.common.rest_client [req-0e470e01-6452-4d05-89e6-3bca7fccaa4e ] Request (BulkNetworkOpsTest:setUpClass): 200 GET http://10.13.3.204:35357/v3/roles 0.018s[00m
2020-06-10 17:00:40.195 29223 INFO tempest.lib.common.rest_client [req-2362b927-e5d8-4d1c-9b4a-97f3fa465d3c ] Request (BulkNetworkOpsTest:setUpClass): 200 GET http://10.13.3.204:35357/v3/roles 0.015s[00m
2020-06-10 17:00:40.227 29223 INFO tempest.lib.common.rest_client [req-b30a2cca-532c-4450-a47e-b8d06b4f5e06 ] Request (BulkNetworkOpsTest:setUpClass): 204 PUT http://10.13.3.204:35357/v3/projects/bf98424cc3d142f7bfc3da6dff9da7ad/users/1baae87ddee44a8ebd77aa6104b794a6/roles/ecaa49e353044f2295ed48eeb379e12b 0.031s[00m
2020-06-10 17:00:40.227 29223 INFO tempest.lib.common.dynamic_creds [-] Acquired dynamic creds:
 credentials: Credentials: {'domain_id': '558928869e1942d2bdab7441dc8cfc87', 'domain_name': 'admin_domain', 'username': 'tempest-BulkNetworkOpsTest-2104732235', 'project_domain_id': '558928869e1942d2bdab7441dc8cfc87', 'project_domain_name': 'admin_domain', 'project_id': 'bf98424cc3d142f7bfc3da6dff9da7ad', 'project_name': 'tempest-BulkNetworkOpsTest-2104732235', 'tenant_id': 'bf98424cc3d142f7bfc3da6dff9da7ad', 'tenant_name': 'tempest-BulkNetworkOpsTest-2104732235', 'user_domain_id': '558928869e1942d2bdab7441dc8cfc87', 'user_domain_name': 'admin_domain', 'user_id': '1baae87ddee44a8ebd77aa6104b794a6'}, Network: None, Subnet: None, Router: None[00m
2020-06-10 17:00:40.227 29223 INFO tempest.lib.common.dynamic_creds [-] Created isolated network resources for:
 credentials: Credentials: {'domain_id': '558928869e1942d2bdab7441dc8cfc87', 'domain_name': 'admin_domain', 'username': 'tempest-BulkNetworkOpsTest-2104732235', 'project_domain_id': '558928869e1942d2bdab7441dc8cfc87', 'project_domain_name': 'admin_domain', 'project_id': 'bf98424cc3d142f7bfc3da6dff9da7ad', 'project_name': 'tempest-BulkNetworkOpsTest-2104732235', 'tenant_id': 'bf98424cc3d142f7bfc3da6dff9da7ad', 'tenant_name': 'tempest-BulkNetworkOpsTest-2104732235', 'user_domain_id': '558928869e1942d2bdab7441dc8cfc87', 'user_domain_name': 'admin_domain', 'user_id': '1baae87ddee44a8ebd77aa6104b794a6'}, Network: None, Subnet: None, Router: None[00m
2020-06-10 17:00:40.440 29226 INFO tempest.lib.common.rest_client [req-1e9b9ea4-7c70-4715-9fdb-7ba1ee7020a6 ] Request (ServersTestBootFromVolume:setUpClass): 201 POST http://10.13.3.220:9696/v2.0/routers 0.780s[00m
2020-06-10 17:00:40.550 29223 INFO tempest.lib.common.rest_client [req-0f4fe5f2-8246-45e6-bcf8-40f889b0450e ] Request (BulkNetworkOpsTest:setUpClass): 201 POST http://10.13.3.204:5000/v3/auth/tokens 0.281s[00m
2020-06-10 17:00:40.975 29223 INFO tempest.lib.common.rest_client [req-614db38e-7104-42d5-804a-f95aad72982d ] Request (BulkNetworkOpsTest:test_bulk_create_delete_network): 201 POST http://10.13.3.220:9696/v2.0/networks 0.424s[00m
2020-06-10 17:00:41.043 29223 INFO tempest.lib.common.rest_client [req-96ee5a63-a5fe-4cb1-bd8e-7d51965337fb ] Request (BulkNetworkOpsTest:test_bulk_create_delete_network): 200 GET http://10.13.3.220:9696/v2.0/networks 0.067s[00m
2020-06-10 17:00:41.446 29223 INFO tempest.lib.common.rest_client [req-a0604e29-9874-4235-9562-253fbaa0ff27 ] Request (BulkNetworkOpsTest:_run_cleanups): 204 DELETE http://10.13.3.220:9696/v2.0/networks/83515b2f-a264-45f5-88db-1d6858bb117c 0.403s[00m
2020-06-10 17:00:41.836 29226 INFO tempest.lib.common.rest_client [req-0c1e84f6-3494-40f1-be0a-62292610f21f ] Request (ServersTestBootFromVolume:setUpClass): 200 PUT http://10.13.3.220:9696/v2.0/routers/a4438dc9-ef31-4b35-9646-7fbedafcfe21/add_router_interface 1.393s[00m
2020-06-10 17:00:41.837 29226 INFO tempest.lib.common.dynamic_creds [-] Created isolated network resources for:
 credentials: Credentials: {'domain_id': '558928869e1942d2bdab7441dc8cfc87', 'domain_name': 'admin_domain', 'username': 'tempest-ServersTestBootFromVolume-689100136', 'project_domain_id': '558928869e1942d2bdab7441dc8cfc87', 'project_domain_name': 'admin_domain', 'project_id': '9076e4ce685f4485b8d67741c840b19c', 'project_name': 'tempest-ServersTestBootFromVolume-689100136', 'tenant_id': '9076e4ce685f4485b8d67741c840b19c', 'tenant_name': 'tempest-ServersTestBootFromVolume-689100136', 'user_domain_id': '558928869e1942d2bdab7441dc8cfc87', 'user_domain_name': 'admin_domain', 'user_id': 'dea46964cbcc49d5b4565c4d866cf9c7'}, Network: {'id': 'a9b23396-8b8e-4a20-a264-9bea89728c21', 'name': 'tempest-ServersTestBootFromVolume-1127236738-network', 'tenant_id': '9076e4ce685f4485b8d67741c840b19c', 'admin_state_up': True, 'mtu': 1458, 'status': 'ACTIVE', 'subnets': [], 'shared': False, 'project_id': '9076e4ce685f4485b8d67741c840b19c', 'router:external': False, 'provider:network_type': 'gre', 'provider:physical_network': None, 'provider:segmentation_id': 1, 'availability_zone_hints': [], 'is_default': False, 'availability_zones': [], 'ipv4_address_scope': None, 'ipv6_address_scope': None, 'description': '', 'l2_adjacency': True, 'tags': [], 'created_at': '2020-06-10T17:00:39Z', 'updated_at': '2020-06-10T17:00:39Z', 'revision_number': 1}, Subnet: {'id': '89984314-1fae-414f-9936-afdd33445f41', 'name': 'tempest-ServersTestBootFromVolume-1127236738-subnet', 'tenant_id': '9076e4ce685f4485b8d67741c840b19c', 'network_id': 'a9b23396-8b8e-4a20-a264-9bea89728c21', 'ip_version': 4, 'subnetpool_id': None, 'enable_dhcp': True, 'ipv6_ra_mode': None, 'ipv6_address_mode': None, 'gateway_ip': '172.16.0.1', 'cidr': '172.16.0.0/28', 'allocation_pools': [{'start': '172.16.0.2', 'end': '172.16.0.14'}], 'host_routes': [], 'dns_nameservers': [], 'description': '', 'service_types': [], 'segment_id': None, 'tags': [], 'created_at': '2020-06-10T17:00:39Z', 'updated_at': '2020-06-10T17:00:39Z', 'revision_number': 0, 'project_id': '9076e4ce685f4485b8d67741c840b19c'}, Router: {'id': 'a4438dc9-ef31-4b35-9646-7fbedafcfe21', 'name': 'tempest-ServersTestBootFromVolume-1127236738-router', 'tenant_id': '9076e4ce685f4485b8d67741c840b19c', 'admin_state_up': True, 'status': 'ACTIVE', 'external_gateway_info': {'network_id': '62333b8b-27a5-4160-903e-5872d7716836', 'external_fixed_ips': [{'subnet_id': '2916b30b-3977-4bdf-a8f9-72e2f9bc30a3', 'ip_address': '10.13.3.153'}], 'enable_snat': True}, 'description': '', 'availability_zones': [], 'distributed': False, 'ha': False, 'availability_zone_hints': [], 'routes': [], 'flavor_id': None, 'tags': [], 'created_at': '2020-06-10T17:00:39Z', 'updated_at': '2020-06-10T17:00:40Z', 'revision_number': 3, 'project_id': '9076e4ce685f4485b8d67741c840b19c'}[00m
2020-06-10 17:00:41.883 29223 INFO tempest.lib.common.rest_client [req-c1171c0c-e84e-4950-82a8-338fff1bdd00 ] Request (BulkNetworkOpsTest:_run_cleanups): 204 DELETE http://10.13.3.220:9696/v2.0/networks/93af9b1f-78a0-48bf-bdb5-51157bfeb8e2 0.436s[00m
2020-06-10 17:00:41.951 29223 INFO tempest.lib.common.rest_client [req-ee6898a6-50c0-4545-b605-c4db367eb7d8 ] Request (BulkNetworkOpsTest:_run_cleanups): 200 GET http://10.13.3.220:9696/v2.0/networks 0.068s[00m
{0} tempest.api.network.test_networks.BulkNetworkOpsTest.test_bulk_create_delete_network [1.401066s] ... ok
2020-06-10 17:00:42.058 29223 INFO tempest.lib.common.rest_client [req-6c035050-5d44-4457-9913-f3330ba54a1a ] Request (BulkNetworkOpsTest:test_bulk_create_delete_port): 201 POST http://10.13.3.220:9696/v2.0/networks 0.105s[00m
2020-06-10 17:00:42.130 29226 INFO tempest.lib.common.rest_client [req-a0eaa72b-9cbb-4fe1-887d-7d4724ed670f ] Request (ServersTestBootFromVolume:setUpClass): 201 POST http://10.13.3.204:5000/v3/auth/tokens 0.289s[00m
2020-06-10 17:00:42.171 29223 INFO tempest.lib.common.rest_client [req-5aa2ad07-3675-4f59-ab9a-8a03f4db2f0d ] Request (BulkNetworkOpsTest:test_bulk_create_delete_port): 201 POST http://10.13.3.220:9696/v2.0/networks 0.112s[00m
2020-06-10 17:00:42.472 29226 INFO tempest.lib.common.rest_client [req-83a18335-22ab-4a5c-b115-4d8b89543fce ] Request (ServersTestBootFromVolume:setUpClass): 200 POST http://10.13.3.214:8774/v2.1/os-keypairs 0.341s[00m
2020-06-10 17:00:42.589 29226 INFO tempest.lib.common.rest_client [req-1ad0fa9c-5232-4776-9bf0-4622277ef121 ] Request (ServersTestBootFromVolume:setUpClass): 201 POST http://10.13.3.220:9696/v2.0/security-groups 0.115s[00m
2020-06-10 17:00:42.655 29226 INFO tempest.lib.common.rest_client [req-a5eb8d8b-c0b2-49ff-8230-e11e93ce1bdd ] Request (ServersTestBootFromVolume:setUpClass): 201 POST http://10.13.3.220:9696/v2.0/security-group-rules 0.065s[00m
2020-06-10 17:00:42.734 29226 INFO tempest.lib.common.rest_client [req-1df0df1f-935d-4be0-8131-bbbee80f7f47 ] Request (ServersTestBootFromVolume:setUpClass): 201 POST http://10.13.3.220:9696/v2.0/security-group-rules 0.078s[00m
2020-06-10 17:00:42.796 29223 INFO tempest.lib.common.rest_client [req-1f0cc60c-b78a-4742-be9a-2c91a17548f4 ] Request (BulkNetworkOpsTest:test_bulk_create_delete_port): 201 POST http://10.13.3.220:9696/v2.0/ports 0.624s[00m
2020-06-10 17:00:42.847 29223 INFO tempest.lib.common.rest_client [req-e3e5c93e-eb15-449d-b625-1b57b1ae0f22 ] Request (BulkNetworkOpsTest:test_bulk_create_delete_port): 200 GET http://10.13.3.220:9696/v2.0/ports 0.050s[00m
2020-06-10 17:00:43.189 29223 INFO tempest.lib.common.rest_client [req-88b8d9fe-6a4f-49cf-8475-ddd997e6008c ] Request (BulkNetworkOpsTest:_run_cleanups): 204 DELETE http://10.13.3.220:9696/v2.0/ports/9b8db957-336f-4447-b880-a625c7af8104 0.341s[00m
2020-06-10 17:00:43.600 29223 INFO tempest.lib.common.rest_client [req-866e6fd5-aafc-4d92-9a07-ab984556c04c ] Request (BulkNetworkOpsTest:_run_cleanups): 204 DELETE http://10.13.3.220:9696/v2.0/ports/f53f511c-8efc-4604-9274-5837dce52f9a 0.411s[00m
2020-06-10 17:00:43.647 29223 INFO tempest.lib.common.rest_client [req-c0caa967-0965-4e76-a224-51287062854d ] Request (BulkNetworkOpsTest:_run_cleanups): 200 GET http://10.13.3.220:9696/v2.0/ports 0.046s[00m
{0} tempest.api.network.test_networks.BulkNetworkOpsTest.test_bulk_create_delete_port [1.695259s] ... ok
2020-06-10 17:00:43.752 29226 INFO tempest.lib.common.rest_client [req-8a164039-1358-477d-b0ba-72aafdcc7b04 ] Request (ServersTestBootFromVolume:setUpClass): 201 POST http://10.13.3.220:9696/v2.0/floatingips 1.017s[00m
2020-06-10 17:00:43.754 29223 INFO tempest.lib.common.rest_client [req-ca06a27c-1b11-4809-96cb-9b39d372c827 ] Request (BulkNetworkOpsTest:test_bulk_create_delete_subnet): 201 POST http://10.13.3.220:9696/v2.0/networks 0.106s[00m
2020-06-10 17:00:43.871 29223 INFO tempest.lib.common.rest_client [req-c59c4b2f-6fbe-4b20-a308-3b561e0ca455 ] Request (BulkNetworkOpsTest:test_bulk_create_delete_subnet): 201 POST http://10.13.3.220:9696/v2.0/networks 0.116s[00m
2020-06-10 17:00:43.991 29226 INFO tempest.lib.common.rest_client [req-2ddae032-bafc-4617-a4c3-acda0e8bb53f ] Request (ServersTestBootFromVolume:setUpClass): 201 POST http://10.13.3.204:5000/v3/auth/tokens 0.235s[00m
2020-06-10 17:00:43.991 29226 INFO tempest.lib.common.fixed_network [-] (ServersTestBootFromVolume:setUpClass) Found network {'id': 'a9b23396-8b8e-4a20-a264-9bea89728c21', 'name': 'tempest-ServersTestBootFromVolume-1127236738-network', 'tenant_id': '9076e4ce685f4485b8d67741c840b19c', 'admin_state_up': True, 'mtu': 1458, 'status': 'ACTIVE', 'subnets': [], 'shared': False, 'project_id': '9076e4ce685f4485b8d67741c840b19c', 'router:external': False, 'provider:network_type': 'gre', 'provider:physical_network': None, 'provider:segmentation_id': 1, 'availability_zone_hints': [], 'is_default': False, 'availability_zones': [], 'ipv4_address_scope': None, 'ipv6_address_scope': None, 'description': '', 'l2_adjacency': True, 'tags': [], 'created_at': '2020-06-10T17:00:39Z', 'updated_at': '2020-06-10T17:00:39Z', 'revision_number': 1} available for tenant[00m
2020-06-10 17:00:44.334 29226 INFO tempest.lib.common.rest_client [req-dd3e9e7c-9e56-40e4-b9bc-e0be8218f71e ] Request (ServersTestBootFromVolume:setUpClass): 202 POST http://10.13.3.244:8776/v3/9076e4ce685f4485b8d67741c840b19c/volumes 0.341s[00m
2020-06-10 17:00:44.380 29226 INFO tempest.lib.common.rest_client [req-bdd1457a-503a-4b60-ab19-605042da7036 ] Request (ServersTestBootFromVolume:setUpClass): 200 GET http://10.13.3.244:8776/v3/9076e4ce685f4485b8d67741c840b19c/volumes/22005717-d1cf-431a-9323-c4b079c42af1 0.045s[00m
2020-06-10 17:00:45.436 29226 INFO tempest.lib.common.rest_client [req-bf2e1650-8f85-427f-b9b2-62fe7917afa6 ] Request (ServersTestBootFromVolume:setUpClass): 200 GET http://10.13.3.244:8776/v3/9076e4ce685f4485b8d67741c840b19c/volumes/22005717-d1cf-431a-9323-c4b079c42af1 0.052s[00m
2020-06-10 17:00:46.518 29223 INFO tempest.lib.common.rest_client [req-e71f65c1-649a-4aa1-8568-0fecce79c340 ] Request (BulkNetworkOpsTest:test_bulk_create_delete_subnet): 201 POST http://10.13.3.220:9696/v2.0/subnets 1.721s[00m
2020-06-10 17:00:46.526 29226 INFO tempest.lib.common.rest_client [req-caa48633-a27a-4029-ac5d-160b013f293c ] Request (ServersTestBootFromVolume:setUpClass): 200 GET http://10.13.3.244:8776/v3/9076e4ce685f4485b8d67741c840b19c/volumes/22005717-d1cf-431a-9323-c4b079c42af1 0.088s[00m
2020-06-10 17:00:46.558 29223 INFO tempest.lib.common.rest_client [req-2d4d3b68-f886-4991-a117-0be4391d9ba2 ] Request (BulkNetworkOpsTest:test_bulk_create_delete_subnet): 200 GET http://10.13.3.220:9696/v2.0/subnets 0.039s[00m
2020-06-10 17:00:46.927 29223 INFO tempest.lib.common.rest_client [req-4fa13c94-63e0-444b-bf08-34009ae1f22f ] Request (BulkNetworkOpsTest:_run_cleanups): 204 DELETE http://10.13.3.220:9696/v2.0/subnets/000618de-9e0e-47a2-b9aa-4cf220819822 0.361s[00m
2020-06-10 17:00:47.323 29223 INFO tempest.lib.common.rest_client [req-5a68f996-8a2b-44d6-a57c-ffa341e7be40 ] Request (BulkNetworkOpsTest:_run_cleanups): 204 DELETE http://10.13.3.220:9696/v2.0/subnets/8ed578e8-b7ec-4245-b13f-0c5d9f11f5b8 0.395s[00m
2020-06-10 17:00:47.355 29223 INFO tempest.lib.common.rest_client [req-2d81d491-92ab-4112-b17a-fe9a91b07b2c ] Request (BulkNetworkOpsTest:_run_cleanups): 200 GET http://10.13.3.220:9696/v2.0/subnets 0.031s[00m
{0} tempest.api.network.test_networks.BulkNetworkOpsTest.test_bulk_create_delete_subnet [3.707278s] ... ok
2020-06-10 17:00:47.584 29226 INFO tempest.lib.common.rest_client [req-735dc4d8-d6b8-4aaa-9df2-ef2544a1bead ] Request (ServersTestBootFromVolume:setUpClass): 200 GET http://10.13.3.244:8776/v3/9076e4ce685f4485b8d67741c840b19c/volumes/22005717-d1cf-431a-9323-c4b079c42af1 0.056s[00m
2020-06-10 17:00:48.255 29223 INFO tempest.lib.common.rest_client [req-430f8ce2-bb8b-4546-a0bd-b4386ced5de0 ] Request (BulkNetworkOpsTest:tearDownClass): 204 DELETE http://10.13.3.220:9696/v2.0/networks/b58a4d3b-afa6-4bfb-9ce7-56aa249958ae 0.899s[00m
2020-06-10 17:00:48.647 29226 INFO tempest.lib.common.rest_client [req-34b537bf-aae5-405e-8bd1-bd667c6f91d2 ] Request (ServersTestBootFromVolume:setUpClass): 200 GET http://10.13.3.244:8776/v3/9076e4ce685f4485b8d67741c840b19c/volumes/22005717-d1cf-431a-9323-c4b079c42af1 0.059s[00m
2020-06-10 17:00:49.110 29223 INFO tempest.lib.common.rest_client [req-54e05ffe-e3a5-46bb-a977-5e12d4d35cb5 ] Request (BulkNetworkOpsTest:tearDownClass): 204 DELETE http://10.13.3.220:9696/v2.0/networks/92548443-7ee1-41bd-b5f8-97b1e401aab7 0.854s[00m
2020-06-10 17:00:49.716 29223 INFO tempest.lib.common.rest_client [req-c98b8b35-b024-4ea8-b957-f11615d61fef ] Request (BulkNetworkOpsTest:tearDownClass): 204 DELETE http://10.13.3.220:9696/v2.0/networks/adf80a4d-5091-43f2-a52c-82e1e17d5c52 0.606s[00m
2020-06-10 17:00:49.736 29226 INFO tempest.lib.common.rest_client [req-1c194c42-c549-40fc-8372-72ccf5660e13 ] Request (ServersTestBootFromVolume:setUpClass): 200 GET http://10.13.3.244:8776/v3/9076e4ce685f4485b8d67741c840b19c/volumes/22005717-d1cf-431a-9323-c4b079c42af1 0.086s[00m
2020-06-10 17:00:50.504 29223 INFO tempest.lib.common.rest_client [req-46b8628a-863e-4698-94a3-8acd5c23e887 ] Request (BulkNetworkOpsTest:tearDownClass): 204 DELETE http://10.13.3.220:9696/v2.0/networks/7f972686-1d62-42f0-8e39-89b4d28f6406 0.787s[00m
2020-06-10 17:00:50.862 29226 INFO tempest.lib.common.rest_client [req-6e141196-6876-4df9-8ee5-21eb533e50ba ] Request (ServersTestBootFromVolume:setUpClass): 200 GET http://10.13.3.244:8776/v3/9076e4ce685f4485b8d67741c840b19c/volumes/22005717-d1cf-431a-9323-c4b079c42af1 0.123s[00m
2020-06-10 17:00:50.911 29223 INFO tempest.lib.common.rest_client [req-d4819abf-44cc-4e78-ac41-9ce98b5c6789 ] Request (BulkNetworkOpsTest:tearDownClass): 204 DELETE http://10.13.3.204:35357/v3/users/1baae87ddee44a8ebd77aa6104b794a6 0.406s[00m
2020-06-10 17:00:51.218 29223 INFO tempest.lib.common.rest_client [req-57924acb-c2e0-4fc8-9f0f-3afe81501f18 ] Request (BulkNetworkOpsTest:tearDownClass): 201 POST http://10.13.3.204:5000/v3/auth/tokens 0.307s[00m
2020-06-10 17:00:51.385 29223 INFO tempest.lib.common.rest_client [req-1978bda7-4e61-4afe-86a5-845ebf92f16a ] Request (BulkNetworkOpsTest:tearDownClass): 200 GET http://10.13.3.220:9696/v2.0/security-groups?tenant_id=bf98424cc3d142f7bfc3da6dff9da7ad&name=default 0.166s[00m
2020-06-10 17:00:51.554 29223 INFO tempest.lib.common.rest_client [req-466316f0-be77-4dc6-9a56-255b1faa4f65 ] Request (BulkNetworkOpsTest:tearDownClass): 204 DELETE http://10.13.3.220:9696/v2.0/security-groups/05a7accd-fe90-4e9a-a930-6099934b032d 0.168s[00m
2020-06-10 17:00:51.879 29223 INFO tempest.lib.common.rest_client [req-871efd8a-e055-4dda-a51b-141f89fc33c6 ] Request (BulkNetworkOpsTest:tearDownClass): 204 DELETE http://10.13.3.204:35357/v3/projects/bf98424cc3d142f7bfc3da6dff9da7ad 0.325s[00m
2020-06-10 17:00:51.881 29223 INFO tempest.test [-] <class 'unittest.case.SkipTest'> raised in PortsIpV6TestJSON.setUpClass. Invoking tearDownClass.[00m
{0} setUpClass (tempest.api.network.test_ports.PortsIpV6TestJSON) ... SKIPPED: IPv6 Tests are disabled.
2020-06-10 17:00:51.908 29226 INFO tempest.lib.common.rest_client [req-0352ad65-2bce-495c-aaaf-e2ae10001c41 ] Request (ServersTestBootFromVolume:setUpClass): 200 GET http://10.13.3.244:8776/v3/9076e4ce685f4485b8d67741c840b19c/volumes/22005717-d1cf-431a-9323-c4b079c42af1 0.044s[00m
2020-06-10 17:00:52.159 29223 INFO tempest.lib.common.rest_client [req-8a0b4536-6b59-45c2-91ab-25caf857c38e ] Request (SecGroupTest:setUpClass): 201 POST http://10.13.3.204:5000/v3/auth/tokens 0.277s[00m
2020-06-10 17:00:52.479 29223 INFO tempest.lib.common.rest_client [req-6c8f3185-697f-46bc-885d-db189ed9b450 ] Request (SecGroupTest:setUpClass): 201 POST http://10.13.3.204:5000/v3/auth/tokens 0.316s[00m
2020-06-10 17:00:52.507 29223 INFO tempest.lib.common.rest_client [req-e92e368b-65c2-4523-989e-83dd64f7ad8b ] Request (SecGroupTest:setUpClass): 200 GET http://10.13.3.204:35357/v3/domains?name=admin_domain 0.027s[00m
2020-06-10 17:00:52.553 29223 INFO tempest.lib.common.rest_client [req-f18f1256-0c53-4cfc-a9ea-bf49857f13d6 ] Request (SecGroupTest:setUpClass): 201 POST http://10.13.3.204:35357/v3/projects 0.046s[00m
2020-06-10 17:00:52.841 29223 INFO tempest.lib.common.rest_client [req-f05ef062-234b-4470-9e56-d58056a677c8 ] Request (SecGroupTest:setUpClass): 201 POST http://10.13.3.204:35357/v3/users 0.287s[00m
2020-06-10 17:00:52.899 29223 INFO tempest.lib.common.rest_client [req-2fd7a2e7-eabb-4406-9186-472574872acb ] Request (SecGroupTest:setUpClass): 200 GET http://10.13.3.204:35357/v3/roles 0.058s[00m
2020-06-10 17:00:52.922 29223 INFO tempest.lib.common.rest_client [req-627f482d-1876-47a5-b223-2b6374cb5bef ] Request (SecGroupTest:setUpClass): 200 GET http://10.13.3.204:35357/v3/roles 0.022s[00m
2020-06-10 17:00:53.073 29226 INFO tempest.lib.common.rest_client [req-6b7253f3-d35c-4eec-bfaf-1f29e95306f4 ] Request (ServersTestBootFromVolume:setUpClass): 200 GET http://10.13.3.244:8776/v3/9076e4ce685f4485b8d67741c840b19c/volumes/22005717-d1cf-431a-9323-c4b079c42af1 0.163s[00m
2020-06-10 17:00:53.073 29223 INFO tempest.lib.common.rest_client [req-a7893a20-4eee-4f67-9d44-f48e0b16b855 ] Request (SecGroupTest:setUpClass): 204 PUT http://10.13.3.204:35357/v3/projects/a8ba3bd320e0407384068375ba9996d0/users/76a29baa3f814d14aa50e6f0ac70575f/roles/ecaa49e353044f2295ed48eeb379e12b 0.151s[00m
2020-06-10 17:00:53.073 29223 INFO tempest.lib.common.dynamic_creds [-] Acquired dynamic creds:
 credentials: Credentials: {'domain_id': '558928869e1942d2bdab7441dc8cfc87', 'domain_name': 'admin_domain', 'username': 'tempest-SecGroupTest-1452325826', 'project_domain_id': '558928869e1942d2bdab7441dc8cfc87', 'project_domain_name': 'admin_domain', 'project_id': 'a8ba3bd320e0407384068375ba9996d0', 'project_name': 'tempest-SecGroupTest-1452325826', 'tenant_id': 'a8ba3bd320e0407384068375ba9996d0', 'tenant_name': 'tempest-SecGroupTest-1452325826', 'user_domain_id': '558928869e1942d2bdab7441dc8cfc87', 'user_domain_name': 'admin_domain', 'user_id': '76a29baa3f814d14aa50e6f0ac70575f'}, Network: None, Subnet: None, Router: None[00m
2020-06-10 17:00:53.074 29223 INFO tempest.lib.common.dynamic_creds [-] Created isolated network resources for:
 credentials: Credentials: {'domain_id': '558928869e1942d2bdab7441dc8cfc87', 'domain_name': 'admin_domain', 'username': 'tempest-SecGroupTest-1452325826', 'project_domain_id': '558928869e1942d2bdab7441dc8cfc87', 'project_domain_name': 'admin_domain', 'project_id': 'a8ba3bd320e0407384068375ba9996d0', 'project_name': 'tempest-SecGroupTest-1452325826', 'tenant_id': 'a8ba3bd320e0407384068375ba9996d0', 'tenant_name': 'tempest-SecGroupTest-1452325826', 'user_domain_id': '558928869e1942d2bdab7441dc8cfc87', 'user_domain_name': 'admin_domain', 'user_id': '76a29baa3f814d14aa50e6f0ac70575f'}, Network: None, Subnet: None, Router: None[00m
2020-06-10 17:00:53.413 29223 INFO tempest.lib.common.rest_client [req-7d7f6fa2-b3c5-4327-bfd5-fac6ead4bcf8 ] Request (SecGroupTest:setUpClass): 201 POST http://10.13.3.204:5000/v3/auth/tokens 0.336s[00m
2020-06-10 17:00:53.735 29223 INFO tempest.lib.common.rest_client [req-450b864a-bf47-4d6c-8799-9208727ab585 ] Request (SecGroupTest:test_create_list_update_show_delete_security_group): 201 POST http://10.13.3.220:9696/v2.0/security-groups 0.320s[00m
2020-06-10 17:00:54.008 29223 INFO tempest.lib.common.rest_client [req-af920ac8-4e33-49de-95a9-38d7c5d472a1 ] Request (SecGroupTest:test_create_list_update_show_delete_security_group): 200 GET http://10.13.3.220:9696/v2.0/security-groups 0.273s[00m
2020-06-10 17:00:54.143 29223 INFO tempest.lib.common.rest_client [req-88686d36-e968-49c4-ba1f-5e3dddc2d6a1 ] Request (SecGroupTest:test_create_list_update_show_delete_security_group): 200 PUT http://10.13.3.220:9696/v2.0/security-groups/610135e6-e937-4ac6-9888-f91c70a336da 0.134s[00m
2020-06-10 17:00:54.155 29226 INFO tempest.lib.common.rest_client [req-ebb6c029-1319-4ca3-8dd2-9729a527964e ] Request (ServersTestBootFromVolume:setUpClass): 200 GET http://10.13.3.244:8776/v3/9076e4ce685f4485b8d67741c840b19c/volumes/22005717-d1cf-431a-9323-c4b079c42af1 0.077s[00m
2020-06-10 17:00:54.176 29223 INFO tempest.lib.common.rest_client [req-e2b19b73-a3a8-4328-bf10-2c7410da954e ] Request (SecGroupTest:test_create_list_update_show_delete_security_group): 200 GET http://10.13.3.220:9696/v2.0/security-groups/610135e6-e937-4ac6-9888-f91c70a336da 0.033s[00m
2020-06-10 17:00:54.375 29223 INFO tempest.lib.common.rest_client [req-7d4ed121-5681-4b4b-a608-ad573cda6a65 ] Request (SecGroupTest:test_create_list_update_show_delete_security_group): 204 DELETE http://10.13.3.220:9696/v2.0/security-groups/610135e6-e937-4ac6-9888-f91c70a336da 0.198s[00m
2020-06-10 17:00:54.433 29223 INFO tempest.lib.common.rest_client [req-f3dd1d51-1f9d-41dc-8dbe-c704fb9d4a41 ] Request (SecGroupTest:test_create_list_update_show_delete_security_group): 200 GET http://10.13.3.220:9696/v2.0/security-groups 0.057s[00m
2020-06-10 17:00:54.450 29223 INFO tempest.lib.common.rest_client [req-c1f8d30f-c74a-4c64-a6a1-e06240bdca43 ] Request (SecGroupTest:_run_cleanups): 404 DELETE http://10.13.3.220:9696/v2.0/security-groups/610135e6-e937-4ac6-9888-f91c70a336da 0.017s[00m
{0} tempest.api.network.test_security_groups.SecGroupTest.test_create_list_update_show_delete_security_group [1.036546s] ... ok
2020-06-10 17:00:54.725 29223 INFO tempest.lib.common.rest_client [req-027abaeb-4107-47a9-aba6-f8d9649856af ] Request (SecGroupTest:test_create_show_delete_security_group_rule): 201 POST http://10.13.3.220:9696/v2.0/security-groups 0.273s[00m
2020-06-10 17:00:55.061 29223 INFO tempest.lib.common.rest_client [req-74c7dd45-2d02-4f15-9767-3dd5c09f33d6 ] Request (SecGroupTest:test_create_show_delete_security_group_rule): 201 POST http://10.13.3.220:9696/v2.0/security-group-rules 0.335s[00m
2020-06-10 17:00:55.074 29223 INFO tempest.lib.common.rest_client [req-b5d8364b-f86b-40ad-a3ea-5dd6500f85dd ] Request (SecGroupTest:test_create_show_delete_security_group_rule): 200 GET http://10.13.3.220:9696/v2.0/security-group-rules/4470b329-e3eb-4ab0-ac28-849902ec6fea 0.013s[00m
2020-06-10 17:00:55.211 29226 INFO tempest.lib.common.rest_client [req-a548474a-5bc1-426a-89e2-0b848b3fe7b7 ] Request (ServersTestBootFromVolume:setUpClass): 200 GET http://10.13.3.244:8776/v3/9076e4ce685f4485b8d67741c840b19c/volumes/22005717-d1cf-431a-9323-c4b079c42af1 0.054s[00m
