2020-06-10 17:02:15.895 29226 INFO tempest.common.waiters [-] State transition "HARD_REBOOT/rebooting_hard" ==> "HARD_REBOOT/reboot_started_hard" after 1 second wait[00m
2020-06-10 17:02:16.105 29223 INFO tempest.lib.common.rest_client [req-0925cec7-a7c2-4ef9-a02b-9b73e5cfb5cc ] Request (TestNetworkBasicOps:test_network_basic_ops): 200 PUT http://10.13.3.220:9696/v2.0/floatingips/98557c36-54dd-4c6d-b8d4-3550338e9fcc 0.492s[00m
2020-06-10 17:02:16.141 29223 INFO tempest.lib.common.rest_client [req-37f5d832-9e13-4591-a92a-38bd625b8727 ] Request (TestNetworkBasicOps:test_network_basic_ops): 200 GET http://10.13.3.220:9696/v2.0/floatingips/98557c36-54dd-4c6d-b8d4-3550338e9fcc 0.036s[00m
2020-06-10 17:02:17.000 29226 INFO tempest.lib.common.rest_client [req-ad9ed33d-491b-46ca-94fd-6de6cb23f4a4 ] Request (ServerActionsTestJSON:test_reboot_server_hard): 200 GET http://10.13.3.214:8774/v2.1/servers/e74b4b3b-d1b3-425f-8f4a-b6fdc40ebc7e 0.102s[00m
2020-06-10 17:02:17.178 29223 INFO tempest.lib.common.rest_client [req-f62f3cfe-a514-4196-8674-5484b5970de6 ] Request (TestNetworkBasicOps:test_network_basic_ops): 200 GET http://10.13.3.220:9696/v2.0/floatingips/98557c36-54dd-4c6d-b8d4-3550338e9fcc 0.035s[00m
2020-06-10 17:02:18.110 29226 INFO tempest.lib.common.rest_client [req-1ad93441-a1d5-42c5-ac76-4391dc607cd7 ] Request (ServerActionsTestJSON:test_reboot_server_hard): 200 GET http://10.13.3.214:8774/v2.1/servers/e74b4b3b-d1b3-425f-8f4a-b6fdc40ebc7e 0.102s[00m
2020-06-10 17:02:18.217 29223 INFO tempest.lib.common.rest_client [req-1b583f75-e514-48d4-b1e6-1d0f8da2f1be ] Request (TestNetworkBasicOps:test_network_basic_ops): 200 GET http://10.13.3.220:9696/v2.0/floatingips/98557c36-54dd-4c6d-b8d4-3550338e9fcc 0.036s[00m
2020-06-10 17:02:18.217 29223 INFO tempest.scenario.manager [-] FloatingIP: {'id': '98557c36-54dd-4c6d-b8d4-3550338e9fcc', 'tenant_id': '33b00014940047a59c859e3e784386c6', 'floating_ip_address': '10.13.3.168', 'floating_network_id': '62333b8b-27a5-4160-903e-5872d7716836', 'router_id': None, 'port_id': None, 'fixed_ip_address': None, 'status': 'DOWN', 'description': '', 'port_details': None, 'tags': [], 'created_at': '2020-06-10T17:01:50Z', 'updated_at': '2020-06-10T17:02:17Z', 'revision_number': 4, 'project_id': '33b00014940047a59c859e3e784386c6'} is at status: DOWN[00m
2020-06-10 17:02:19.244 29226 INFO tempest.lib.common.rest_client [req-5ccd6fd2-ebbc-476b-bb9f-647d14f5d3ef ] Request (ServerActionsTestJSON:test_reboot_server_hard): 200 GET http://10.13.3.214:8774/v2.1/servers/e74b4b3b-d1b3-425f-8f4a-b6fdc40ebc7e 0.127s[00m
2020-06-10 17:02:19.250 29226 INFO tempest.common.waiters [-] State transition "HARD_REBOOT/reboot_started_hard" ==> "ACTIVE/None" after 5 second wait[00m
2020-06-10 17:02:19.250 29226 INFO tempest.lib.common.ssh [-] Creating ssh connection to '10.13.3.174:22' as 'ubuntu' with public key authentication[00m
2020-06-10 17:02:19.614 29223 INFO tempest.lib.common.rest_client [req-472afb21-4cba-4fcb-b11a-f212ecfba5a3 ] Request (TestNetworkBasicOps:test_network_basic_ops): 200 POST http://10.13.3.214:8774/v2.1/os-keypairs 0.390s[00m
2020-06-10 17:02:19.704 29223 INFO tempest.lib.common.rest_client [req-64326983-2d9c-4fbe-bdb7-38f198679ca8 ] Request (TestNetworkBasicOps:test_network_basic_ops): 201 POST http://10.13.3.220:9696/v2.0/security-groups 0.085s[00m
2020-06-10 17:02:19.771 29223 INFO tempest.lib.common.rest_client [req-b943cb9a-1fff-4865-800e-d8a1a1476740 ] Request (TestNetworkBasicOps:test_network_basic_ops): 201 POST http://10.13.3.220:9696/v2.0/security-group-rules 0.064s[00m
2020-06-10 17:02:19.831 29223 INFO tempest.lib.common.rest_client [req-8d9303fe-58ec-4c47-9be6-b64942e34603 ] Request (TestNetworkBasicOps:test_network_basic_ops): 201 POST http://10.13.3.220:9696/v2.0/security-group-rules 0.058s[00m
2020-06-10 17:02:19.897 29223 INFO tempest.lib.common.rest_client [req-445640e6-84e6-468b-8a36-42facefc23f5 ] Request (TestNetworkBasicOps:test_network_basic_ops): 201 POST http://10.13.3.220:9696/v2.0/security-group-rules 0.064s[00m
2020-06-10 17:02:19.956 29223 INFO tempest.lib.common.rest_client [req-b5177b27-159c-49e0-a699-2281a151d32d ] Request (TestNetworkBasicOps:test_network_basic_ops): 201 POST http://10.13.3.220:9696/v2.0/security-group-rules 0.059s[00m
2020-06-10 17:02:20.023 29223 INFO tempest.lib.common.rest_client [req-f9506acb-c7a8-4194-89fe-fff146578dbe ] Request (TestNetworkBasicOps:test_network_basic_ops): 201 POST http://10.13.3.220:9696/v2.0/security-group-rules 0.066s[00m
2020-06-10 17:02:20.086 29223 INFO tempest.lib.common.rest_client [req-d26fb2e9-d86c-4328-8ec0-b799dbaed072 ] Request (TestNetworkBasicOps:test_network_basic_ops): 201 POST http://10.13.3.220:9696/v2.0/security-group-rules 0.061s[00m
2020-06-10 17:02:20.325 29223 INFO tempest.lib.common.rest_client [req-2eea8ce7-9cb7-4139-a5f3-8c67086e3c25 ] Request (TestNetworkBasicOps:test_network_basic_ops): 201 POST http://10.13.3.204:5000/v3/auth/tokens 0.233s[00m
2020-06-10 17:02:20.327 29223 INFO tempest.lib.common.fixed_network [-] (TestNetworkBasicOps:test_network_basic_ops) Found network None available for tenant[00m
2020-06-10 17:02:20.714 29223 INFO tempest.lib.common.rest_client [req-b6448b0c-5922-41c3-b3b6-791fe7e15213 ] Request (TestNetworkBasicOps:test_network_basic_ops): 202 POST http://10.13.3.214:8774/v2.1/servers 0.385s[00m
2020-06-10 17:02:20.770 29223 INFO tempest.lib.common.rest_client [req-0a0be872-a4d5-4f16-882b-5558ef0fb6bb ] Request (TestNetworkBasicOps:test_network_basic_ops): 200 GET http://10.13.3.214:8774/v2.1/servers/545318eb-ab1f-43c9-9f2a-f3bdc9fe0333 0.054s[00m
2020-06-10 17:02:21.890 29223 INFO tempest.lib.common.rest_client [req-5d0370ee-94f7-4df9-a5fd-794eb889a595 ] Request (TestNetworkBasicOps:test_network_basic_ops): 200 GET http://10.13.3.214:8774/v2.1/servers/545318eb-ab1f-43c9-9f2a-f3bdc9fe0333 0.113s[00m
2020-06-10 17:02:21.896 29223 INFO tempest.common.waiters [-] State transition "BUILD/scheduling" ==> "BUILD/spawning" after 1 second wait[00m
2020-06-10 17:02:22.271 29226 WARNING tempest.lib.common.ssh [-] Failed to establish authenticated ssh connection to ubuntu@10.13.3.174 ([Errno None] Unable to connect to port 22 on 10.13.3.174). Number attempts: 1. Retry after 2 seconds.: paramiko.ssh_exception.NoValidConnectionsError: [Errno None] Unable to connect to port 22 on 10.13.3.174[00m
2020-06-10 17:02:23.014 29223 INFO tempest.lib.common.rest_client [req-433e4bb2-72e0-4549-bb1b-709f4a859dec ] Request (TestNetworkBasicOps:test_network_basic_ops): 200 GET http://10.13.3.214:8774/v2.1/servers/545318eb-ab1f-43c9-9f2a-f3bdc9fe0333 0.116s[00m
2020-06-10 17:02:24.216 29223 INFO tempest.lib.common.rest_client [req-62949acc-82d3-4419-afc5-513d8218c9ce ] Request (TestNetworkBasicOps:test_network_basic_ops): 200 GET http://10.13.3.214:8774/v2.1/servers/545318eb-ab1f-43c9-9f2a-f3bdc9fe0333 0.196s[00m
2020-06-10 17:02:24.776 29226 WARNING tempest.lib.common.ssh [-] Failed to establish authenticated ssh connection to ubuntu@10.13.3.174 ([Errno None] Unable to connect to port 22 on 10.13.3.174). Number attempts: 2. Retry after 3 seconds.: paramiko.ssh_exception.NoValidConnectionsError: [Errno None] Unable to connect to port 22 on 10.13.3.174[00m
2020-06-10 17:02:25.356 29223 INFO tempest.lib.common.rest_client [req-4ebd777d-c4fe-4dbb-8f56-9539debf8199 ] Request (TestNetworkBasicOps:test_network_basic_ops): 200 GET http://10.13.3.214:8774/v2.1/servers/545318eb-ab1f-43c9-9f2a-f3bdc9fe0333 0.134s[00m
2020-06-10 17:02:26.474 29223 INFO tempest.lib.common.rest_client [req-e61a2fb8-068d-41e5-91da-a5521e2401e7 ] Request (TestNetworkBasicOps:test_network_basic_ops): 200 GET http://10.13.3.214:8774/v2.1/servers/545318eb-ab1f-43c9-9f2a-f3bdc9fe0333 0.111s[00m
2020-06-10 17:02:26.480 29223 INFO tempest.common.waiters [-] State transition "BUILD/spawning" ==> "ACTIVE/None" after 6 second wait[00m
2020-06-10 17:02:26.589 29223 INFO tempest.lib.common.rest_client [req-31f54b55-478c-45d7-9ae5-8dcd3ba2d529 ] Request (TestNetworkBasicOps:test_network_basic_ops): 200 GET http://10.13.3.214:8774/v2.1/servers/545318eb-ab1f-43c9-9f2a-f3bdc9fe0333 0.107s[00m
2020-06-10 17:02:26.630 29223 INFO tempest.lib.common.rest_client [req-dd874ade-3f9e-4c08-a151-9dc85c8e8430 ] Request (TestNetworkBasicOps:test_network_basic_ops): 200 GET http://10.13.3.220:9696/v2.0/ports?device_id=545318eb-ab1f-43c9-9f2a-f3bdc9fe0333 0.035s[00m
2020-06-10 17:02:27.425 29223 INFO tempest.lib.common.rest_client [req-f2f4bc6a-0989-476a-9a0a-aacbf8be040b ] Request (TestNetworkBasicOps:test_network_basic_ops): 200 PUT http://10.13.3.220:9696/v2.0/floatingips/98557c36-54dd-4c6d-b8d4-3550338e9fcc 0.793s[00m
2020-06-10 17:02:27.471 29223 INFO tempest.lib.common.rest_client [req-a4b050da-317d-433d-8762-2eed52fc86fb ] Request (TestNetworkBasicOps:test_network_basic_ops): 200 GET http://10.13.3.220:9696/v2.0/floatingips/98557c36-54dd-4c6d-b8d4-3550338e9fcc 0.045s[00m
2020-06-10 17:02:28.282 29226 WARNING tempest.lib.common.ssh [-] Failed to establish authenticated ssh connection to ubuntu@10.13.3.174 ([Errno None] Unable to connect to port 22 on 10.13.3.174). Number attempts: 3. Retry after 4 seconds.: paramiko.ssh_exception.NoValidConnectionsError: [Errno None] Unable to connect to port 22 on 10.13.3.174[00m
2020-06-10 17:02:28.520 29223 INFO tempest.lib.common.rest_client [req-20d96def-ca75-4b98-ba1b-95b4428bdac1 ] Request (TestNetworkBasicOps:test_network_basic_ops): 200 GET http://10.13.3.220:9696/v2.0/floatingips/98557c36-54dd-4c6d-b8d4-3550338e9fcc 0.047s[00m
2020-06-10 17:02:29.572 29223 INFO tempest.lib.common.rest_client [req-8000f0b7-4240-4ef3-99e0-372825b790e3 ] Request (TestNetworkBasicOps:test_network_basic_ops): 200 GET http://10.13.3.220:9696/v2.0/floatingips/98557c36-54dd-4c6d-b8d4-3550338e9fcc 0.049s[00m
2020-06-10 17:02:29.572 29223 INFO tempest.scenario.manager [-] FloatingIP: {'id': '98557c36-54dd-4c6d-b8d4-3550338e9fcc', 'tenant_id': '33b00014940047a59c859e3e784386c6', 'floating_ip_address': '10.13.3.168', 'floating_network_id': '62333b8b-27a5-4160-903e-5872d7716836', 'router_id': '53c6aea5-5756-4f7c-b38b-39e2a2738f81', 'port_id': '8d30a453-1569-4159-8ac5-2a77e9f95978', 'fixed_ip_address': '172.16.0.12', 'status': 'ACTIVE', 'description': '', 'port_details': {'name': '', 'network_id': '02ac800d-f300-4f36-9a6e-d83aa1a8656d', 'mac_address': 'fa:16:3e:dc:86:08', 'admin_state_up': True, 'status': 'ACTIVE', 'device_id': '545318eb-ab1f-43c9-9f2a-f3bdc9fe0333', 'device_owner': 'compute:nova'}, 'tags': [], 'created_at': '2020-06-10T17:01:50Z', 'updated_at': '2020-06-10T17:02:28Z', 'revision_number': 6, 'project_id': '33b00014940047a59c859e3e784386c6'} is at status: ACTIVE[00m
2020-06-10 17:02:29.587 29223 INFO tempest.lib.common.ssh [-] Creating ssh connection to '10.13.3.168:22' as 'ubuntu' with public key authentication[00m
2020-06-10 17:02:29.589 29223 WARNING tempest.lib.common.ssh [-] Failed to establish authenticated ssh connection to ubuntu@10.13.3.168 ([Errno None] Unable to connect to port 22 on 10.13.3.168). Number attempts: 1. Retry after 2 seconds.: paramiko.ssh_exception.NoValidConnectionsError: [Errno None] Unable to connect to port 22 on 10.13.3.168[00m
2020-06-10 17:02:32.092 29223 WARNING tempest.lib.common.ssh [-] Failed to establish authenticated ssh connection to ubuntu@10.13.3.168 ([Errno None] Unable to connect to port 22 on 10.13.3.168). Number attempts: 2. Retry after 3 seconds.: paramiko.ssh_exception.NoValidConnectionsError: [Errno None] Unable to connect to port 22 on 10.13.3.168[00m
2020-06-10 17:02:32.788 29226 WARNING tempest.lib.common.ssh [-] Failed to establish authenticated ssh connection to ubuntu@10.13.3.174 ([Errno None] Unable to connect to port 22 on 10.13.3.174). Number attempts: 4. Retry after 5 seconds.: paramiko.ssh_exception.NoValidConnectionsError: [Errno None] Unable to connect to port 22 on 10.13.3.174[00m
2020-06-10 17:02:35.597 29223 WARNING tempest.lib.common.ssh [-] Failed to establish authenticated ssh connection to ubuntu@10.13.3.168 ([Errno None] Unable to connect to port 22 on 10.13.3.168). Number attempts: 3. Retry after 4 seconds.: paramiko.ssh_exception.NoValidConnectionsError: [Errno None] Unable to connect to port 22 on 10.13.3.168[00m
2020-06-10 17:02:38.306 29226 INFO paramiko.transport [-] Connected (version 2.0, client OpenSSH_7.6p1)[00m
2020-06-10 17:02:38.431 29226 INFO paramiko.transport [-] Authentication (publickey) successful![00m
2020-06-10 17:02:38.433 29226 INFO tempest.lib.common.ssh [-] ssh connection to ubuntu@10.13.3.174 successfully created[00m
2020-06-10 17:02:39.188 29226 INFO tempest.lib.common.rest_client [req-6de36531-a6ff-4a9c-9570-eb3b5fd6a4ac ] Request (ServerActionsTestJSON:tearDown): 200 GET http://10.13.3.214:8774/v2.1/servers/e74b4b3b-d1b3-425f-8f4a-b6fdc40ebc7e 0.143s[00m
{1} tempest.api.compute.servers.test_server_actions.ServerActionsTestJSON.test_reboot_server_hard [45.883766s] ... ok
2020-06-10 17:02:39.299 29226 INFO tempest.lib.common.rest_client [req-7acd6867-ec39-43e5-a768-f7d6d10fd8d2 ] Request (ServerActionsTestJSON:tearDownClass): 204 DELETE http://10.13.3.214:8774/v2.1/servers/e74b4b3b-d1b3-425f-8f4a-b6fdc40ebc7e 0.103s[00m
2020-06-10 17:02:39.404 29226 INFO tempest.lib.common.rest_client [req-96e8c72d-9495-4e67-8def-418692a69136 ] Request (ServerActionsTestJSON:tearDownClass): 200 GET http://10.13.3.214:8774/v2.1/servers/e74b4b3b-d1b3-425f-8f4a-b6fdc40ebc7e 0.103s[00m
2020-06-10 17:02:40.104 29223 WARNING tempest.lib.common.ssh [-] Failed to establish authenticated ssh connection to ubuntu@10.13.3.168 ([Errno None] Unable to connect to port 22 on 10.13.3.168). Number attempts: 4. Retry after 5 seconds.: paramiko.ssh_exception.NoValidConnectionsError: [Errno None] Unable to connect to port 22 on 10.13.3.168[00m
2020-06-10 17:02:40.651 29226 INFO tempest.lib.common.rest_client [req-b9dd026b-2e9f-48c4-bcd7-bc96bc2090f4 ] Request (ServerActionsTestJSON:tearDownClass): 200 GET http://10.13.3.214:8774/v2.1/servers/e74b4b3b-d1b3-425f-8f4a-b6fdc40ebc7e 0.240s[00m
2020-06-10 17:02:41.700 29226 INFO tempest.lib.common.rest_client [req-48e4e0f3-1135-4edc-9630-9712fb24d0b2 ] Request (ServerActionsTestJSON:tearDownClass): 404 GET http://10.13.3.214:8774/v2.1/servers/e74b4b3b-d1b3-425f-8f4a-b6fdc40ebc7e 0.041s[00m
2020-06-10 17:02:41.727 29226 INFO tempest.lib.common.rest_client [req-3eff8b91-628c-4383-b223-53ecb077b2c2 ] Request (ServerActionsTestJSON:tearDownClass): 202 DELETE http://10.13.3.214:8774/v2.1/os-keypairs/tempest-keypair-212929598 0.025s[00m
2020-06-10 17:02:41.824 29226 INFO tempest.lib.common.rest_client [req-7a25729a-6c5a-473f-928f-da0dbd8db755 ] Request (ServerActionsTestJSON:tearDownClass): 204 DELETE http://10.13.3.220:9696/v2.0/security-groups/83eefd14-420d-4d9b-bd42-9e21da9805fe 0.097s[00m
2020-06-10 17:02:41.836 29226 INFO tempest.lib.common.rest_client [req-f0e89fba-20fb-4a90-81f8-11842d06556b ] Request (ServerActionsTestJSON:tearDownClass): 404 GET http://10.13.3.220:9696/v2.0/security-groups/83eefd14-420d-4d9b-bd42-9e21da9805fe 0.011s[00m
2020-06-10 17:02:42.274 29226 INFO tempest.lib.common.rest_client [req-a0016db7-0ad4-48ed-8b7c-43674a437f6c ] Request (ServerActionsTestJSON:tearDownClass): 204 DELETE http://10.13.3.220:9696/v2.0/floatingips/5845f567-2998-4bd2-849c-5201ebf92bcc 0.437s[00m
2020-06-10 17:02:43.695 29226 INFO tempest.lib.common.rest_client [req-3c314b43-b75f-4f13-8504-a5cd09a20489 ] Request (ServerActionsTestJSON:tearDownClass): 200 PUT http://10.13.3.220:9696/v2.0/routers/4e80e3ce-a98e-4604-aa41-0ec7841d8861/remove_router_interface 1.421s[00m
2020-06-10 17:02:44.507 29226 INFO tempest.lib.common.rest_client [req-92a699fe-8f7f-4917-9045-1161f0b4150b ] Request (ServerActionsTestJSON:tearDownClass): 204 DELETE http://10.13.3.220:9696/v2.0/routers/4e80e3ce-a98e-4604-aa41-0ec7841d8861 0.811s[00m
2020-06-10 17:02:44.785 29226 INFO tempest.lib.common.rest_client [req-206454cb-3924-478e-a4dd-8073220e5e4d ] Request (ServerActionsTestJSON:tearDownClass): 204 DELETE http://10.13.3.220:9696/v2.0/subnets/116be12c-626e-45bb-8703-b58b1786cab2 0.277s[00m
2020-06-10 17:02:45.523 29226 INFO tempest.lib.common.rest_client [req-c332b266-9b32-4b40-b3bf-769b8437e9af ] Request (ServerActionsTestJSON:tearDownClass): 204 DELETE http://10.13.3.220:9696/v2.0/networks/70ba781e-fe5d-46e3-835f-ed0c555108d2 0.737s[00m
2020-06-10 17:02:45.602 29226 INFO tempest.lib.common.rest_client [req-f4d9e86f-046f-457f-bc32-728096f03eab ] Request (ServerActionsTestJSON:tearDownClass): 204 DELETE http://10.13.3.204:35357/v3/users/a9e6f55937e646d59e94b89874de6e73 0.078s[00m
2020-06-10 17:02:45.611 29223 WARNING tempest.lib.common.ssh [-] Failed to establish authenticated ssh connection to ubuntu@10.13.3.168 ([Errno None] Unable to connect to port 22 on 10.13.3.168). Number attempts: 5. Retry after 6 seconds.: paramiko.ssh_exception.NoValidConnectionsError: [Errno None] Unable to connect to port 22 on 10.13.3.168[00m
2020-06-10 17:02:45.634 29226 INFO tempest.lib.common.rest_client [req-a52ca5cf-d790-47ae-b8fd-a535bd1f61e3 ] Request (ServerActionsTestJSON:tearDownClass): 200 GET http://10.13.3.220:9696/v2.0/security-groups?tenant_id=07614e0ec58a4facb4997b3913ab1d30&name=default 0.031s[00m
2020-06-10 17:02:45.704 29226 INFO tempest.lib.common.rest_client [req-d1e0cde3-acd9-4600-8d29-90cdbe295bdc ] Request (ServerActionsTestJSON:tearDownClass): 204 DELETE http://10.13.3.220:9696/v2.0/security-groups/f9cdcaf5-f6be-4385-9912-1754ed8ceb1e 0.070s[00m
2020-06-10 17:02:45.787 29226 INFO tempest.lib.common.rest_client [req-922e19dc-6ed4-4e83-bee5-0cde380254da ] Request (ServerActionsTestJSON:tearDownClass): 204 DELETE http://10.13.3.204:35357/v3/projects/07614e0ec58a4facb4997b3913ab1d30 0.082s[00m
2020-06-10 17:02:46.085 29226 INFO tempest.lib.common.rest_client [req-bd1cb5a1-59dc-4185-a385-2996e6ec4268 ] Request (ServerAddressesTestJSON:setUpClass): 201 POST http://10.13.3.204:5000/v3/auth/tokens 0.297s[00m
2020-06-10 17:02:46.340 29226 INFO tempest.lib.common.rest_client [req-e2fa59d0-569b-4bf4-ba83-e78d1ae49c69 ] Request (ServerAddressesTestJSON:setUpClass): 201 POST http://10.13.3.204:5000/v3/auth/tokens 0.251s[00m
2020-06-10 17:02:46.362 29226 INFO tempest.lib.common.rest_client [req-97f7775b-5126-4699-be30-7dea2fcd4cf4 ] Request (ServerAddressesTestJSON:setUpClass): 200 GET http://10.13.3.204:35357/v3/domains?name=admin_domain 0.021s[00m
2020-06-10 17:02:46.389 29226 INFO tempest.lib.common.rest_client [req-2dc62fd9-3c6a-44d7-a418-7527cf96892b ] Request (ServerAddressesTestJSON:setUpClass): 201 POST http://10.13.3.204:35357/v3/projects 0.027s[00m
2020-06-10 17:02:46.645 29226 INFO tempest.lib.common.rest_client [req-e41ecec6-8921-453b-a5cb-aa032607e610 ] Request (ServerAddressesTestJSON:setUpClass): 201 POST http://10.13.3.204:35357/v3/users 0.255s[00m
2020-06-10 17:02:46.664 29226 INFO tempest.lib.common.rest_client [req-8bd6fbb9-cd64-437a-a917-c394717dde71 ] Request (ServerAddressesTestJSON:setUpClass): 200 GET http://10.13.3.204:35357/v3/roles 0.019s[00m
2020-06-10 17:02:46.681 29226 INFO tempest.lib.common.rest_client [req-b028c76e-99c3-4fa4-a1ea-93cc61ca8acc ] Request (ServerAddressesTestJSON:setUpClass): 200 GET http://10.13.3.204:35357/v3/roles 0.016s[00m
2020-06-10 17:02:46.718 29226 INFO tempest.lib.common.rest_client [req-252eca37-9ab5-4552-a211-115d0dca2152 ] Request (ServerAddressesTestJSON:setUpClass): 204 PUT http://10.13.3.204:35357/v3/projects/2779e9c0361d473db454a12001d8a512/users/71db98095e79466eb5683c9d16452672/roles/ecaa49e353044f2295ed48eeb379e12b 0.036s[00m
2020-06-10 17:02:46.718 29226 INFO tempest.lib.common.dynamic_creds [-] Acquired dynamic creds:
 credentials: Credentials: {'domain_id': '558928869e1942d2bdab7441dc8cfc87', 'domain_name': 'admin_domain', 'username': 'tempest-ServerAddressesTestJSON-624', 'project_domain_id': '558928869e1942d2bdab7441dc8cfc87', 'project_domain_name': 'admin_domain', 'project_id': '2779e9c0361d473db454a12001d8a512', 'project_name': 'tempest-ServerAddressesTestJSON-624', 'tenant_id': '2779e9c0361d473db454a12001d8a512', 'tenant_name': 'tempest-ServerAddressesTestJSON-624', 'user_domain_id': '558928869e1942d2bdab7441dc8cfc87', 'user_domain_name': 'admin_domain', 'user_id': '71db98095e79466eb5683c9d16452672'}, Network: None, Subnet: None, Router: None[00m
2020-06-10 17:02:46.983 29226 INFO tempest.lib.common.rest_client [req-f35b11e5-9363-49ca-82d0-fa98225a6f12 ] Request (ServerAddressesTestJSON:setUpClass): 201 POST http://10.13.3.204:5000/v3/auth/tokens 0.264s[00m
2020-06-10 17:02:47.206 29226 INFO tempest.lib.common.rest_client [req-f22c5e2e-f143-4656-9fb9-8dc924e61c57 ] Request (ServerAddressesTestJSON:setUpClass): 201 POST http://10.13.3.220:9696/v2.0/networks 0.223s[00m
2020-06-10 17:02:47.536 29226 INFO tempest.lib.common.rest_client [req-bdb54c97-0624-40f5-9502-e76767ba8f87 ] Request (ServerAddressesTestJSON:setUpClass): 201 POST http://10.13.3.220:9696/v2.0/subnets 0.329s[00m
2020-06-10 17:02:47.536 29226 INFO tempest.lib.common.dynamic_creds [-] Created isolated network resources for:
 credentials: Credentials: {'domain_id': '558928869e1942d2bdab7441dc8cfc87', 'domain_name': 'admin_domain', 'username': 'tempest-ServerAddressesTestJSON-624', 'project_domain_id': '558928869e1942d2bdab7441dc8cfc87', 'project_domain_name': 'admin_domain', 'project_id': '2779e9c0361d473db454a12001d8a512', 'project_name': 'tempest-ServerAddressesTestJSON-624', 'tenant_id': '2779e9c0361d473db454a12001d8a512', 'tenant_name': 'tempest-ServerAddressesTestJSON-624', 'user_domain_id': '558928869e1942d2bdab7441dc8cfc87', 'user_domain_name': 'admin_domain', 'user_id': '71db98095e79466eb5683c9d16452672'}, Network: {'id': '10b4b6df-d347-4844-85a2-a04b35434090', 'name': 'tempest-ServerAddressesTestJSON-2068777394-network', 'tenant_id': '2779e9c0361d473db454a12001d8a512', 'admin_state_up': True, 'mtu': 1458, 'status': 'ACTIVE', 'subnets': [], 'shared': False, 'project_id': '2779e9c0361d473db454a12001d8a512', 'router:external': False, 'provider:network_type': 'gre', 'provider:physical_network': None, 'provider:segmentation_id': 1, 'availability_zone_hints': [], 'is_default': False, 'availability_zones': [], 'ipv4_address_scope': None, 'ipv6_address_scope': None, 'description': '', 'l2_adjacency': True, 'tags': [], 'created_at': '2020-06-10T17:02:47Z', 'updated_at': '2020-06-10T17:02:47Z', 'revision_number': 1}, Subnet: {'id': '8367d1c7-e6d4-4bcd-9c39-5f42f2cf8063', 'name': 'tempest-ServerAddressesTestJSON-2068777394-subnet', 'tenant_id': '2779e9c0361d473db454a12001d8a512', 'network_id': '10b4b6df-d347-4844-85a2-a04b35434090', 'ip_version': 4, 'subnetpool_id': None, 'enable_dhcp': False, 'ipv6_ra_mode': None, 'ipv6_address_mode': None, 'gateway_ip': '172.16.0.1', 'cidr': '172.16.0.0/28', 'allocation_pools': [{'start': '172.16.0.2', 'end': '172.16.0.14'}], 'host_routes': [], 'dns_nameservers': [], 'description': '', 'service_types': [], 'segment_id': None, 'tags': [], 'created_at': '2020-06-10T17:02:47Z', 'updated_at': '2020-06-10T17:02:47Z', 'revision_number': 0, 'project_id': '2779e9c0361d473db454a12001d8a512'}, Router: None[00m
2020-06-10 17:02:47.821 29226 INFO tempest.lib.common.rest_client [req-d82cd12d-878f-40c8-9822-969922c3216f ] Request (ServerAddressesTestJSON:setUpClass): 201 POST http://10.13.3.204:5000/v3/auth/tokens 0.281s[00m
2020-06-10 17:02:48.060 29226 INFO tempest.lib.common.rest_client [req-01eb6b3e-9ecd-4933-b8b0-8957fe8b9bef ] Request (ServerAddressesTestJSON:setUpClass): 201 POST http://10.13.3.204:5000/v3/auth/tokens 0.235s[00m
2020-06-10 17:02:48.061 29226 INFO tempest.lib.common.fixed_network [-] (ServerAddressesTestJSON:setUpClass) Found network {'id': '10b4b6df-d347-4844-85a2-a04b35434090', 'name': 'tempest-ServerAddressesTestJSON-2068777394-network', 'tenant_id': '2779e9c0361d473db454a12001d8a512', 'admin_state_up': True, 'mtu': 1458, 'status': 'ACTIVE', 'subnets': [], 'shared': False, 'project_id': '2779e9c0361d473db454a12001d8a512', 'router:external': False, 'provider:network_type': 'gre', 'provider:physical_network': None, 'provider:segmentation_id': 1, 'availability_zone_hints': [], 'is_default': False, 'availability_zones': [], 'ipv4_address_scope': None, 'ipv6_address_scope': None, 'description': '', 'l2_adjacency': True, 'tags': [], 'created_at': '2020-06-10T17:02:47Z', 'updated_at': '2020-06-10T17:02:47Z', 'revision_number': 1} available for tenant[00m
2020-06-10 17:02:48.516 29226 INFO tempest.lib.common.rest_client [req-81b2d9a3-899f-48a5-ab5d-1a91d96dc3c1 ] Request (ServerAddressesTestJSON:setUpClass): 202 POST http://10.13.3.214:8774/v2.1/servers 0.454s[00m
2020-06-10 17:02:48.563 29226 INFO tempest.lib.common.rest_client [req-4c6009b8-a520-43cd-a67a-31899832c177 ] Request (ServerAddressesTestJSON:setUpClass): 200 GET http://10.13.3.214:8774/v2.1/servers/609db2e7-3ac9-4b87-a17b-eb9184fa156e 0.045s[00m
2020-06-10 17:02:49.813 29226 INFO tempest.lib.common.rest_client [req-b9df91c9-0cd8-4c77-a2d8-e2fb94fe24f1 ] Request (ServerAddressesTestJSON:setUpClass): 200 GET http://10.13.3.214:8774/v2.1/servers/609db2e7-3ac9-4b87-a17b-eb9184fa156e 0.244s[00m
2020-06-10 17:02:49.818 29226 INFO tempest.common.waiters [-] State transition "BUILD/scheduling" ==> "BUILD/spawning" after 1 second wait[00m
2020-06-10 17:02:50.924 29226 INFO tempest.lib.common.rest_client [req-e3895c03-35c6-42a0-bf8c-890adafed7b0 ] Request (ServerAddressesTestJSON:setUpClass): 200 GET http://10.13.3.214:8774/v2.1/servers/609db2e7-3ac9-4b87-a17b-eb9184fa156e 0.105s[00m
2020-06-10 17:02:52.102 29226 INFO tempest.lib.common.rest_client [req-c9727405-df42-4b5a-8c65-711c317777f6 ] Request (ServerAddressesTestJSON:setUpClass): 200 GET http://10.13.3.214:8774/v2.1/servers/609db2e7-3ac9-4b87-a17b-eb9184fa156e 0.172s[00m
2020-06-10 17:02:52.131 29223 INFO paramiko.transport [-] Connected (version 2.0, client OpenSSH_7.6p1)[00m
2020-06-10 17:02:52.255 29223 INFO paramiko.transport [-] Authentication (publickey) successful![00m
2020-06-10 17:02:52.256 29223 INFO tempest.lib.common.ssh [-] ssh connection to ubuntu@10.13.3.168 successfully created[00m
2020-06-10 17:02:52.370 29223 INFO tempest.lib.common.rest_client [req-259d60be-d09e-47f4-bc4a-a6571a688076 ] Request (TestNetworkBasicOps:_run_cleanups): 204 DELETE http://10.13.3.214:8774/v2.1/servers/545318eb-ab1f-43c9-9f2a-f3bdc9fe0333 0.114s[00m
2020-06-10 17:02:52.491 29223 INFO tempest.lib.common.rest_client [req-3766f464-b5ad-40b1-b87a-bf2f2957980b ] Request (TestNetworkBasicOps:_run_cleanups): 200 GET http://10.13.3.214:8774/v2.1/servers/545318eb-ab1f-43c9-9f2a-f3bdc9fe0333 0.120s[00m
2020-06-10 17:02:53.220 29226 INFO tempest.lib.common.rest_client [req-ecf0cdb3-f8ea-42ba-bc36-48e04dbc984a ] Request (ServerAddressesTestJSON:setUpClass): 200 GET http://10.13.3.214:8774/v2.1/servers/609db2e7-3ac9-4b87-a17b-eb9184fa156e 0.112s[00m
2020-06-10 17:02:53.227 29226 INFO tempest.common.waiters [-] State transition "BUILD/spawning" ==> "ACTIVE/None" after 5 second wait[00m
2020-06-10 17:02:53.270 29226 INFO tempest.lib.common.rest_client [req-953fd77a-8ad5-4e31-9d2f-e5724a4c98f3 ] Request (ServerAddressesTestJSON:test_list_server_addresses): 200 GET http://10.13.3.214:8774/v2.1/servers/609db2e7-3ac9-4b87-a17b-eb9184fa156e/ips 0.041s[00m
{1} tempest.api.compute.servers.test_server_addresses.ServerAddressesTestJSON.test_list_server_addresses [0.045495s] ... ok
2020-06-10 17:02:53.311 29226 INFO tempest.lib.common.rest_client [req-cc498d58-5ed0-4820-a0cd-0e059727cf30 ] Request (ServerAddressesTestJSON:test_list_server_addresses_by_network): 200 GET http://10.13.3.214:8774/v2.1/servers/609db2e7-3ac9-4b87-a17b-eb9184fa156e/ips 0.036s[00m
2020-06-10 17:02:53.350 29226 INFO tempest.lib.common.rest_client [req-e58da2f5-4b6e-46bc-aeb8-7ed1ba0f5d5e ] Request (ServerAddressesTestJSON:test_list_server_addresses_by_network): 200 GET http://10.13.3.214:8774/v2.1/servers/609db2e7-3ac9-4b87-a17b-eb9184fa156e/ips/tempest-ServerAddressesTestJSON-2068777394-network 0.035s[00m
{1} tempest.api.compute.servers.test_server_addresses.ServerAddressesTestJSON.test_list_server_addresses_by_network [0.078840s] ... ok
2020-06-10 17:02:53.455 29226 INFO tempest.lib.common.rest_client [req-810ea7d7-fd42-4220-8c30-2bbe31568203 ] Request (ServerAddressesTestJSON:tearDownClass): 204 DELETE http://10.13.3.214:8774/v2.1/servers/609db2e7-3ac9-4b87-a17b-eb9184fa156e 0.099s[00m
2020-06-10 17:02:53.579 29226 INFO tempest.lib.common.rest_client [req-df20434a-d59b-4ff4-a328-88cd40c3af0d ] Request (ServerAddressesTestJSON:tearDownClass): 200 GET http://10.13.3.214:8774/v2.1/servers/609db2e7-3ac9-4b87-a17b-eb9184fa156e 0.122s[00m
2020-06-10 17:02:53.607 29223 INFO tempest.lib.common.rest_client [req-f70db10b-bbf3-485c-ba1b-8ffa767f33e1 ] Request (TestNetworkBasicOps:_run_cleanups): 200 GET http://10.13.3.214:8774/v2.1/servers/545318eb-ab1f-43c9-9f2a-f3bdc9fe0333 0.107s[00m
2020-06-10 17:02:54.657 29223 INFO tempest.lib.common.rest_client [req-2ee2cdb5-32ec-43b6-b38e-e048ec064d47 ] Request (TestNetworkBasicOps:_run_cleanups): 404 GET http://10.13.3.214:8774/v2.1/servers/545318eb-ab1f-43c9-9f2a-f3bdc9fe0333 0.043s[00m
2020-06-10 17:02:54.747 29223 INFO tempest.lib.common.rest_client [req-fc401b56-17f8-4fba-bace-5fb59590a1f4 ] Request (TestNetworkBasicOps:_run_cleanups): 204 DELETE http://10.13.3.220:9696/v2.0/security-groups/04a48074-492f-4a1f-83f8-b4258b388b07 0.088s[00m
2020-06-10 17:02:54.767 29223 INFO tempest.lib.common.rest_client [req-23907906-347c-4f92-8fdf-b0fbcab6005d ] Request (TestNetworkBasicOps:_run_cleanups): 202 DELETE http://10.13.3.214:8774/v2.1/os-keypairs/tempest-TestNetworkBasicOps-1784028365 0.019s[00m
2020-06-10 17:02:54.789 29226 INFO tempest.lib.common.rest_client [req-0e9da3d7-ad52-40fc-be12-0fa4725ae15a ] Request (ServerAddressesTestJSON:tearDownClass): 200 GET http://10.13.3.214:8774/v2.1/servers/609db2e7-3ac9-4b87-a17b-eb9184fa156e 0.203s[00m
2020-06-10 17:02:55.192 29223 INFO tempest.lib.common.rest_client [req-a9a98864-ffe8-4b63-9a98-3277f3edecb9 ] Request (TestNetworkBasicOps:_run_cleanups): 204 DELETE http://10.13.3.220:9696/v2.0/floatingips/98557c36-54dd-4c6d-b8d4-3550338e9fcc 0.424s[00m
2020-06-10 17:02:55.296 29223 INFO tempest.lib.common.rest_client [req-48c40d82-4679-46ea-9940-58102341d683 ] Request (TestNetworkBasicOps:_run_cleanups): 204 DELETE http://10.13.3.214:8774/v2.1/servers/c71834a1-8adc-4f5c-9c75-451ec5934959 0.103s[00m
2020-06-10 17:02:55.403 29223 INFO tempest.lib.common.rest_client [req-d8c71e73-eba6-4576-a642-4328f38d978a ] Request (TestNetworkBasicOps:_run_cleanups): 200 GET http://10.13.3.214:8774/v2.1/servers/c71834a1-8adc-4f5c-9c75-451ec5934959 0.107s[00m
2020-06-10 17:02:55.834 29226 INFO tempest.lib.common.rest_client [req-f8f71aa4-3986-4c44-a7c7-c28bc6a0c016 ] Request (ServerAddressesTestJSON:tearDownClass): 404 GET http://10.13.3.214:8774/v2.1/servers/609db2e7-3ac9-4b87-a17b-eb9184fa156e 0.038s[00m
2020-06-10 17:02:56.093 29226 INFO tempest.lib.common.rest_client [req-3ac535d1-7541-47a1-8dae-7f4929901289 ] Request (ServerAddressesTestJSON:tearDownClass): 204 DELETE http://10.13.3.220:9696/v2.0/subnets/8367d1c7-e6d4-4bcd-9c39-5f42f2cf8063 0.258s[00m
2020-06-10 17:02:56.524 29226 INFO tempest.lib.common.rest_client [req-6e30ffd2-201c-4068-a587-8a6dc7d29b06 ] Request (ServerAddressesTestJSON:tearDownClass): 204 DELETE http://10.13.3.220:9696/v2.0/networks/10b4b6df-d347-4844-85a2-a04b35434090 0.429s[00m
2020-06-10 17:02:56.606 29226 INFO tempest.lib.common.rest_client [req-c6e0e505-b45c-4474-9e6b-0daaa812c39a ] Request (ServerAddressesTestJSON:tearDownClass): 204 DELETE http://10.13.3.204:35357/v3/users/71db98095e79466eb5683c9d16452672 0.081s[00m
2020-06-10 17:02:56.610 29223 INFO tempest.lib.common.rest_client [req-d4cf25ac-9e30-4935-93a3-70d31f4f977e ] Request (TestNetworkBasicOps:_run_cleanups): 200 GET http://10.13.3.214:8774/v2.1/servers/c71834a1-8adc-4f5c-9c75-451ec5934959 0.199s[00m
2020-06-10 17:02:56.637 29226 INFO tempest.lib.common.rest_client [req-94eaeac3-8a5c-4460-b148-e739722e5310 ] Request (ServerAddressesTestJSON:tearDownClass): 200 GET http://10.13.3.220:9696/v2.0/security-groups?tenant_id=2779e9c0361d473db454a12001d8a512&name=default 0.029s[00m
2020-06-10 17:02:56.710 29226 INFO tempest.lib.common.rest_client [req-f77059a5-fc25-4a78-bf8d-b51513a87498 ] Request (ServerAddressesTestJSON:tearDownClass): 204 DELETE http://10.13.3.220:9696/v2.0/security-groups/27bdc432-23e1-45b5-ab67-87930f7a95e8 0.071s[00m
2020-06-10 17:02:56.797 29226 INFO tempest.lib.common.rest_client [req-cc3b0950-b646-4c50-8641-20cba2eb4e7d ] Request (ServerAddressesTestJSON:tearDownClass): 204 DELETE http://10.13.3.204:35357/v3/projects/2779e9c0361d473db454a12001d8a512 0.086s[00m
2020-06-10 17:02:57.070 29226 INFO tempest.lib.common.rest_client [req-6810dc30-c818-4dce-82fc-4af19f5f047c ] Request (CredentialsTestJSON:setUpClass): 201 POST http://10.13.3.204:5000/v3/auth/tokens 0.271s[00m
2020-06-10 17:02:57.326 29226 INFO tempest.lib.common.rest_client [req-253bd314-8c92-46fd-876c-c6d7aa300faf ] Request (CredentialsTestJSON:setUpClass): 201 POST http://10.13.3.204:5000/v3/auth/tokens 0.252s[00m
2020-06-10 17:02:57.347 29226 INFO tempest.lib.common.rest_client [req-7b38decf-e7ed-4af9-b2f3-ecb98cfc005e ] Request (CredentialsTestJSON:setUpClass): 200 GET http://10.13.3.204:35357/v3/domains?name=admin_domain 0.021s[00m
2020-06-10 17:02:57.374 29226 INFO tempest.lib.common.rest_client [req-c12652be-b70a-424f-a91a-1471ada318b0 ] Request (CredentialsTestJSON:setUpClass): 201 POST http://10.13.3.204:35357/v3/projects 0.026s[00m
2020-06-10 17:02:57.628 29226 INFO tempest.lib.common.rest_client [req-f37ebf01-c969-420c-b322-65562c124047 ] Request (CredentialsTestJSON:setUpClass): 201 POST http://10.13.3.204:35357/v3/users 0.254s[00m
2020-06-10 17:02:57.645 29226 INFO tempest.lib.common.rest_client [req-67128266-78db-4bc8-bd08-e209d3163d70 ] Request (CredentialsTestJSON:setUpClass): 200 GET http://10.13.3.204:35357/v3/roles 0.017s[00m
2020-06-10 17:02:57.659 29223 INFO tempest.lib.common.rest_client [req-e9b5ba8d-9697-4985-bb18-e8f0ca766f1c ] Request (TestNetworkBasicOps:_run_cleanups): 404 GET http://10.13.3.214:8774/v2.1/servers/c71834a1-8adc-4f5c-9c75-451ec5934959 0.042s[00m
2020-06-10 17:02:57.660 29226 INFO tempest.lib.common.rest_client [req-42cfc7fd-e2a2-4d3a-95e2-aae26557134a ] Request (CredentialsTestJSON:setUpClass): 200 GET http://10.13.3.204:35357/v3/roles 0.015s[00m
2020-06-10 17:02:57.689 29226 INFO tempest.lib.common.rest_client [req-77641026-d1f2-41e8-a046-f43a26e63dc8 ] Request (CredentialsTestJSON:setUpClass): 204 PUT http://10.13.3.204:35357/v3/projects/3c3aaf3196f64eaf957f4426f463ae54/users/10bd9cd53d26403e9f3446de7df26862/roles/ecaa49e353044f2295ed48eeb379e12b 0.028s[00m
2020-06-10 17:02:57.690 29226 INFO tempest.lib.common.dynamic_creds [-] Acquired dynamic creds:
 credentials: Credentials: {'domain_id': '558928869e1942d2bdab7441dc8cfc87', 'domain_name': 'admin_domain', 'username': 'tempest-CredentialsTestJSON-126645201', 'project_domain_id': '558928869e1942d2bdab7441dc8cfc87', 'project_domain_name': 'admin_domain', 'project_id': '3c3aaf3196f64eaf957f4426f463ae54', 'project_name': 'tempest-CredentialsTestJSON-126645201', 'tenant_id': '3c3aaf3196f64eaf957f4426f463ae54', 'tenant_name': 'tempest-CredentialsTestJSON-126645201', 'user_domain_id': '558928869e1942d2bdab7441dc8cfc87', 'user_domain_name': 'admin_domain', 'user_id': '10bd9cd53d26403e9f3446de7df26862'}, Network: None, Subnet: None, Router: None[00m
2020-06-10 17:02:57.690 29226 INFO tempest.lib.common.dynamic_creds [-] Created isolated network resources for:
 credentials: Credentials: {'domain_id': '558928869e1942d2bdab7441dc8cfc87', 'domain_name': 'admin_domain', 'username': 'tempest-CredentialsTestJSON-126645201', 'project_domain_id': '558928869e1942d2bdab7441dc8cfc87', 'project_domain_name': 'admin_domain', 'project_id': '3c3aaf3196f64eaf957f4426f463ae54', 'project_name': 'tempest-CredentialsTestJSON-126645201', 'tenant_id': '3c3aaf3196f64eaf957f4426f463ae54', 'tenant_name': 'tempest-CredentialsTestJSON-126645201', 'user_domain_id': '558928869e1942d2bdab7441dc8cfc87', 'user_domain_name': 'admin_domain', 'user_id': '10bd9cd53d26403e9f3446de7df26862'}, Network: None, Subnet: None, Router: None[00m
2020-06-10 17:02:57.748 29223 INFO tempest.lib.common.rest_client [req-b1c5bd29-da50-4b54-a3ff-1df4f951868b ] Request (TestNetworkBasicOps:_run_cleanups): 204 DELETE http://10.13.3.220:9696/v2.0/security-groups/f6a2a8eb-34af-49af-a8b2-8e06b17aab9e 0.087s[00m
2020-06-10 17:02:57.770 29223 INFO tempest.lib.common.rest_client [req-bede4429-4d14-4825-b2cd-70349c25d3eb ] Request (TestNetworkBasicOps:_run_cleanups): 202 DELETE http://10.13.3.214:8774/v2.1/os-keypairs/tempest-TestNetworkBasicOps-1544809567 0.021s[00m
2020-06-10 17:02:57.969 29226 INFO tempest.lib.common.rest_client [req-e9ef73b0-27d4-4438-86b1-b50fcdba7084 ] Request (CredentialsTestJSON:setUpClass): 201 POST http://10.13.3.204:5000/v3/auth/tokens 0.276s[00m
2020-06-10 17:02:58.016 29226 INFO tempest.lib.common.rest_client [req-dd3f4b66-7998-4038-8c68-8ae121cbb508 ] Request (CredentialsTestJSON:setUpClass): 201 POST http://10.13.3.204:35357/v3/projects 0.046s[00m
2020-06-10 17:02:58.266 29226 INFO tempest.lib.common.rest_client [req-dc5eea93-ae43-44e8-81b3-e210beec71b2 ] Request (CredentialsTestJSON:setUpClass): 201 POST http://10.13.3.204:35357/v3/users 0.249s[00m
2020-06-10 17:02:58.281 29226 INFO tempest.lib.common.rest_client [req-ccd66e60-ae6c-4113-9c77-f90a11f7bc5b ] Request (CredentialsTestJSON:setUpClass): 200 GET http://10.13.3.204:35357/v3/roles 0.015s[00m
2020-06-10 17:02:58.310 29226 INFO tempest.lib.common.rest_client [req-9d146cf4-ac91-48b6-ac7f-66bb33237617 ] Request (CredentialsTestJSON:setUpClass): 204 PUT http://10.13.3.204:35357/v3/projects/7cefb39ce474491ba96015d563f4ab13/users/ddf7fde656954f15ad0c3579b9917077/roles/fd9da3f6c40d40849c9a9f209d57ba4b 0.028s[00m
2020-06-10 17:02:58.340 29226 INFO tempest.lib.common.rest_client [req-6bdd5a4a-c71a-4d68-a07d-0a7f86061c7e ] Request (CredentialsTestJSON:setUpClass): 200 GET http://10.13.3.204:35357/v3/roles 0.030s[00m
2020-06-10 17:02:58.358 29226 INFO tempest.lib.common.rest_client [req-4e2b5cab-144e-45ae-884f-f0674cfa956d ] Request (CredentialsTestJSON:setUpClass): 204 PUT http://10.13.3.204:35357/v3/domains/558928869e1942d2bdab7441dc8cfc87/users/ddf7fde656954f15ad0c3579b9917077/roles/fd9da3f6c40d40849c9a9f209d57ba4b 0.017s[00m
2020-06-10 17:02:58.358 29226 INFO tempest.lib.common.dynamic_creds [-] Acquired dynamic creds:
 credentials: Credentials: {'domain_id': '558928869e1942d2bdab7441dc8cfc87', 'domain_name': 'admin_domain', 'username': 'tempest-CredentialsTestJSON-1591402759', 'project_domain_id': '558928869e1942d2bdab7441dc8cfc87', 'project_domain_name': 'admin_domain', 'project_id': '7cefb39ce474491ba96015d563f4ab13', 'project_name': 'tempest-CredentialsTestJSON-1591402759', 'tenant_id': '7cefb39ce474491ba96015d563f4ab13', 'tenant_name': 'tempest-CredentialsTestJSON-1591402759', 'user_domain_id': '558928869e1942d2bdab7441dc8cfc87', 'user_domain_name': 'admin_domain', 'user_id': 'ddf7fde656954f15ad0c3579b9917077'}, Network: None, Subnet: None, Router: None[00m
2020-06-10 17:02:58.358 29226 INFO tempest.lib.common.dynamic_creds [-] Created isolated network resources for:
 credentials: Credentials: {'domain_id': '558928869e1942d2bdab7441dc8cfc87', 'domain_name': 'admin_domain', 'username': 'tempest-CredentialsTestJSON-1591402759', 'project_domain_id': '558928869e1942d2bdab7441dc8cfc87', 'project_domain_name': 'admin_domain', 'project_id': '7cefb39ce474491ba96015d563f4ab13', 'project_name': 'tempest-CredentialsTestJSON-1591402759', 'tenant_id': '7cefb39ce474491ba96015d563f4ab13', 'tenant_name': 'tempest-CredentialsTestJSON-1591402759', 'user_domain_id': '558928869e1942d2bdab7441dc8cfc87', 'user_domain_name': 'admin_domain', 'user_id': 'ddf7fde656954f15ad0c3579b9917077'}, Network: None, Subnet: None, Router: None[00m
2020-06-10 17:02:58.638 29226 INFO tempest.lib.common.rest_client [req-b5ea4853-7d02-4168-9334-a00e7bc892bd ] Request (CredentialsTestJSON:setUpClass): 201 POST http://10.13.3.204:5000/v3/auth/tokens 0.276s[00m
2020-06-10 17:02:58.893 29226 INFO tempest.lib.common.rest_client [req-f5e41048-73fe-4b5d-b92c-259ed20481e6 ] Request (CredentialsTestJSON:setUpClass): 201 POST http://10.13.3.204:5000/v3/auth/tokens 0.254s[00m
2020-06-10 17:02:58.921 29226 INFO tempest.lib.common.rest_client [req-3eaefac8-a985-4bdd-9940-e677e02c6d11 ] Request (CredentialsTestJSON:setUpClass): 201 POST http://10.13.3.204:35357/v3/projects 0.028s[00m
2020-06-10 17:02:58.959 29226 INFO tempest.lib.common.rest_client [req-114c3f7a-4602-42e2-96e1-99d3a7b14d49 ] Request (CredentialsTestJSON:setUpClass): 201 POST http://10.13.3.204:35357/v3/projects 0.037s[00m
2020-06-10 17:02:58.986 29226 INFO tempest.lib.common.rest_client [req-24d3ac5e-d233-44bf-abad-b96e956350bd ] Request (CredentialsTestJSON:setUpClass): 200 GET http://10.13.3.204:35357/v3/users/10bd9cd53d26403e9f3446de7df26862 0.026s[00m
2020-06-10 17:02:59.007 29226 INFO tempest.lib.common.rest_client [req-9749d350-296c-4177-9d90-4968d12a8060 ] Request (CredentialsTestJSON:test_credentials_create_get_update_delete): 201 POST http://10.13.3.204:35357/v3/credentials 0.020s[00m
2020-06-10 17:02:59.025 29226 INFO tempest.lib.common.rest_client [req-7dd7b7ba-f3ca-45fc-b1c1-e067eaf28cf2 ] Request (CredentialsTestJSON:test_credentials_create_get_update_delete): 200 PATCH http://10.13.3.204:35357/v3/credentials/2230f1f6f70dc367eb964a170c952a21d5ab92ec8693520724d94d0f1bd099eb 0.017s[00m
2020-06-10 17:02:59.038 29226 INFO tempest.lib.common.rest_client [req-89992391-bedc-4513-95e5-d14f2bc536c8 ] Request (CredentialsTestJSON:test_credentials_create_get_update_delete): 200 GET http://10.13.3.204:35357/v3/credentials/2230f1f6f70dc367eb964a170c952a21d5ab92ec8693520724d94d0f1bd099eb 0.012s[00m
2020-06-10 17:02:59.060 29226 INFO tempest.lib.common.rest_client [req-ecdc7f92-4b33-4f53-ab1b-5dbc788707e5 ] Request (CredentialsTestJSON:_run_cleanups): 204 DELETE http://10.13.3.204:35357/v3/credentials/2230f1f6f70dc367eb964a170c952a21d5ab92ec8693520724d94d0f1bd099eb 0.020s[00m
{1} tempest.api.identity.admin.v3.test_credentials.CredentialsTestJSON.test_credentials_create_get_update_delete [0.074055s] ... ok
2020-06-10 17:02:59.061 29223 INFO tempest.lib.common.rest_client [req-2f783f28-2e88-4773-802f-d911bcbe3359 ] Request (TestNetworkBasicOps:_run_cleanups): 200 PUT http://10.13.3.220:9696/v2.0/routers/53c6aea5-5756-4f7c-b38b-39e2a2738f81/remove_router_interface 1.291s[00m
2020-06-10 17:02:59.116 29226 INFO tempest.lib.common.rest_client [req-7fc005a0-b836-4df5-9df6-f57c9202ecd6 ] Request (CredentialsTestJSON:tearDownClass): 204 DELETE http://10.13.3.204:35357/v3/projects/d67da96e30bb49ef8476596a34608bb9 0.055s[00m
2020-06-10 17:02:59.198 29226 INFO tempest.lib.common.rest_client [req-b80e27bc-1df0-4ffe-89df-a0e286132840 ] Request (CredentialsTestJSON:tearDownClass): 204 DELETE http://10.13.3.204:35357/v3/projects/a357b74c8819410da57e4f850df5af7f 0.081s[00m
2020-06-10 17:02:59.270 29226 INFO tempest.lib.common.rest_client [req-9f2934de-ae6b-440f-9d92-9f4e3b15cb6b ] Request (CredentialsTestJSON:tearDownClass): 204 DELETE http://10.13.3.204:35357/v3/users/10bd9cd53d26403e9f3446de7df26862 0.071s[00m
2020-06-10 17:02:59.438 29223 INFO tempest.lib.common.rest_client [req-069c3235-fa85-4d1c-b1d0-9ce937b058ee ] Request (TestNetworkBasicOps:_run_cleanups): 204 DELETE http://10.13.3.220:9696/v2.0/subnets/54f6ab52-7e95-4a8e-966a-b8474ab26d0a 0.376s[00m
2020-06-10 17:02:59.535 29226 INFO tempest.lib.common.rest_client [req-c64a85aa-1cc8-446f-a1fb-3ed6fbd7f48e ] Request (CredentialsTestJSON:tearDownClass): 201 POST http://10.13.3.204:5000/v3/auth/tokens 0.264s[00m
2020-06-10 17:02:59.674 29226 INFO tempest.lib.common.rest_client [req-538fc086-20ba-4ec3-a183-d28a8943aab6 ] Request (CredentialsTestJSON:tearDownClass): 200 GET http://10.13.3.220:9696/v2.0/security-groups?tenant_id=3c3aaf3196f64eaf957f4426f463ae54&name=default 0.138s[00m
2020-06-10 17:02:59.746 29226 INFO tempest.lib.common.rest_client [req-fecf9fbd-0b3a-4aef-aa52-99b184e314b7 ] Request (CredentialsTestJSON:tearDownClass): 204 DELETE http://10.13.3.220:9696/v2.0/security-groups/a493df57-0ac9-4697-951e-2031d7355342 0.071s[00m
2020-06-10 17:02:59.823 29226 INFO tempest.lib.common.rest_client [req-53f3a96c-7ce1-437a-8776-2db403c96ae9 ] Request (CredentialsTestJSON:tearDownClass): 204 DELETE http://10.13.3.204:35357/v3/projects/3c3aaf3196f64eaf957f4426f463ae54 0.076s[00m
2020-06-10 17:02:59.897 29226 INFO tempest.lib.common.rest_client [req-953daa9a-21ee-4ed3-8896-225dd21567e8 ] Request (CredentialsTestJSON:tearDownClass): 204 DELETE http://10.13.3.204:35357/v3/users/ddf7fde656954f15ad0c3579b9917077 0.074s[00m
2020-06-10 17:02:59.982 29226 INFO tempest.lib.common.rest_client [req-d8cea01e-827e-48b5-a853-1eea5b02684b ] Request (CredentialsTestJSON:tearDownClass): 200 GET http://10.13.3.220:9696/v2.0/security-groups?tenant_id=7cefb39ce474491ba96015d563f4ab13&name=default 0.084s[00m
2020-06-10 17:03:00.070 29226 INFO tempest.lib.common.rest_client [req-afa5281a-544d-4bd5-854f-8c29939da446 ] Request (CredentialsTestJSON:tearDownClass): 204 DELETE http://10.13.3.220:9696/v2.0/security-groups/2cc12f86-0d95-484d-a234-575e5705ad58 0.087s[00m
2020-06-10 17:03:00.148 29226 INFO tempest.lib.common.rest_client [req-d4377759-6e94-4576-b100-61f0f41057cb ] Request (CredentialsTestJSON:tearDownClass): 204 DELETE http://10.13.3.204:35357/v3/projects/7cefb39ce474491ba96015d563f4ab13 0.078s[00m
2020-06-10 17:03:00.221 29223 INFO tempest.lib.common.rest_client [req-94658634-758f-4087-92d8-1e81fba817f8 ] Request (TestNetworkBasicOps:_run_cleanups): 204 DELETE http://10.13.3.220:9696/v2.0/routers/53c6aea5-5756-4f7c-b38b-39e2a2738f81 0.783s[00m
2020-06-10 17:03:00.412 29226 INFO tempest.lib.common.rest_client [req-20b22b58-7239-463a-8bad-2636e83e5f03 ] Request (EndPointsTestJSON:setUpClass): 201 POST http://10.13.3.204:5000/v3/auth/tokens 0.263s[00m
2020-06-10 17:03:00.649 29223 INFO tempest.lib.common.rest_client [req-bad9fa9b-5f73-4834-9ba6-97cf8aa7fd1c ] Request (TestNetworkBasicOps:_run_cleanups): 204 DELETE http://10.13.3.220:9696/v2.0/networks/02ac800d-f300-4f36-9a6e-d83aa1a8656d 0.428s[00m
{0} tempest.scenario.test_network_basic_ops.TestNetworkBasicOps.test_network_basic_ops [80.481271s] ... ok
2020-06-10 17:03:00.669 29226 INFO tempest.lib.common.rest_client [req-d5565023-0e9d-4c5b-83aa-d44d73e4b464 ] Request (EndPointsTestJSON:setUpClass): 201 POST http://10.13.3.204:5000/v3/auth/tokens 0.253s[00m
2020-06-10 17:03:00.730 29223 INFO tempest.lib.common.rest_client [req-dc102fb0-53dc-43a9-963e-bb6657f50ca7 ] Request (TestNetworkBasicOps:tearDownClass): 204 DELETE http://10.13.3.204:35357/v3/users/015200d3fb314347a3542de60e7aa20e 0.079s[00m
2020-06-10 17:03:00.761 29226 INFO tempest.lib.common.rest_client [req-83da78c5-233c-4b01-903d-b16bb90991bb ] Request (EndPointsTestJSON:setUpClass): 200 GET http://10.13.3.204:35357/v3/domains?name=admin_domain 0.091s[00m
2020-06-10 17:03:00.787 29226 INFO tempest.lib.common.rest_client [req-d4289c1a-42fb-480f-a14a-aa1e22a38049 ] Request (EndPointsTestJSON:setUpClass): 201 POST http://10.13.3.204:35357/v3/projects 0.026s[00m
2020-06-10 17:03:00.997 29223 INFO tempest.lib.common.rest_client [req-2d080e4f-6188-4546-aa86-1e5c81116a03 ] Request (TestNetworkBasicOps:tearDownClass): 201 POST http://10.13.3.204:5000/v3/auth/tokens 0.266s[00m
2020-06-10 17:03:01.046 29226 INFO tempest.lib.common.rest_client [req-20fec2bf-664e-4211-9a8d-9ac5b97d7e2f ] Request (EndPointsTestJSON:setUpClass): 201 POST http://10.13.3.204:35357/v3/users 0.258s[00m
2020-06-10 17:03:01.114 29226 INFO tempest.lib.common.rest_client [req-01436c1b-db82-4576-9c20-7178d45ab74d ] Request (EndPointsTestJSON:setUpClass): 200 GET http://10.13.3.204:35357/v3/roles 0.066s[00m
2020-06-10 17:03:01.125 29223 INFO tempest.lib.common.rest_client [req-dc8e5252-d8aa-472f-8a9d-7942380e841d ] Request (TestNetworkBasicOps:tearDownClass): 200 GET http://10.13.3.220:9696/v2.0/security-groups?tenant_id=33b00014940047a59c859e3e784386c6&name=default 0.128s[00m
2020-06-10 17:03:01.131 29226 INFO tempest.lib.common.rest_client [req-d120aec7-b807-43fd-8b5f-806f34972b21 ] Request (EndPointsTestJSON:setUpClass): 200 GET http://10.13.3.204:35357/v3/roles 0.016s[00m
2020-06-10 17:03:01.164 29226 INFO tempest.lib.common.rest_client [req-f8225c84-b62c-47c9-bb57-1a3350911fe7 ] Request (EndPointsTestJSON:setUpClass): 204 PUT http://10.13.3.204:35357/v3/projects/451ffe2b9aa84ab1a4f290a9395c8ada/users/476a209ffd794d5eabf0a1969ce906ac/roles/ecaa49e353044f2295ed48eeb379e12b 0.032s[00m
2020-06-10 17:03:01.165 29226 INFO tempest.lib.common.dynamic_creds [-] Acquired dynamic creds:
 credentials: Credentials: {'domain_id': '558928869e1942d2bdab7441dc8cfc87', 'domain_name': 'admin_domain', 'username': 'tempest-EndPointsTestJSON-1106822249', 'project_domain_id': '558928869e1942d2bdab7441dc8cfc87', 'project_domain_name': 'admin_domain', 'project_id': '451ffe2b9aa84ab1a4f290a9395c8ada', 'project_name': 'tempest-EndPointsTestJSON-1106822249', 'tenant_id': '451ffe2b9aa84ab1a4f290a9395c8ada', 'tenant_name': 'tempest-EndPointsTestJSON-1106822249', 'user_domain_id': '558928869e1942d2bdab7441dc8cfc87', 'user_domain_name': 'admin_domain', 'user_id': '476a209ffd794d5eabf0a1969ce906ac'}, Network: None, Subnet: None, Router: None[00m
2020-06-10 17:03:01.166 29226 INFO tempest.lib.common.dynamic_creds [-] Created isolated network resources for:
