2018-06-13 01:12:46.755 24170 INFO tempest.lib.common.rest_client [req-7fce6939-1611-43e3-ab06-949e8e76f714 ] Request (DefaultDomainTestJSON:setUpClass): 201 POST http://10.13.3.249:5000/v3/auth/tokens
2018-06-13 01:12:46.913 24165 INFO tempest.lib.common.rest_client [req-e8d90ebe-21c1-41af-bb26-0b433ba0c371 ] Request (TestServerMultinode:tearDownClass): 200 PUT http://10.13.3.217:9696/v2.0/routers/21c2773f-bcd0-4601-9c4d-ee7c3c4323ec/remove_router_interface 1.260s
2018-06-13 01:12:47.029 24170 INFO tempest.lib.common.rest_client [req-d4d2666b-977c-4352-b0a2-44ad14eef396 ] Request (DefaultDomainTestJSON:test_default_domain_exists): 201 POST http://10.13.3.249:5000/v3/auth/tokens
2018-06-13 01:12:47.066 24170 INFO tempest.lib.common.rest_client [req-b06947da-ff61-4175-8e0c-a4da2a9fdd2a ] Request (DefaultDomainTestJSON:test_default_domain_exists): 200 GET http://10.13.3.249:35357/v3/domains/f9245e1bd6a343b58a5c99307ed2675d 0.031s
{19} tempest.api.identity.admin.v3.test_domains.DefaultDomainTestJSON.test_default_domain_exists [0.313058s] ... ok
2018-06-13 01:12:47.149 24170 INFO tempest.lib.common.rest_client [req-591551d5-c99d-43cc-8074-9130d756a96f ] Request (DefaultDomainTestJSON:tearDownClass): 204 DELETE http://10.13.3.249:35357/v3/users/14022e0eb61e443e8cee69b877b9cebb 0.078s
2018-06-13 01:12:47.423 24170 INFO tempest.lib.common.rest_client [req-a2d2e140-9264-4b20-89c0-91e4e1133ba0 ] Request (DefaultDomainTestJSON:tearDownClass): 201 POST http://10.13.3.249:5000/v3/auth/tokens
2018-06-13 01:12:47.655 24170 INFO tempest.lib.common.rest_client [req-a3477ceb-0056-4183-819e-14f7d0770701 ] Request (DefaultDomainTestJSON:tearDownClass): 200 GET http://10.13.3.217:9696/v2.0/security-groups?tenant_id=9d19bf4c8d1747f0bc144cbbc08c3b9c&name=default 0.231s
2018-06-13 01:12:47.748 24170 INFO tempest.lib.common.rest_client [req-31527c2e-bb8c-4320-9f2b-2e622866c404 ] Request (DefaultDomainTestJSON:tearDownClass): 204 DELETE http://10.13.3.217:9696/v2.0/security-groups/f8608745-d63e-4b49-b387-aabb8c72c70f 0.093s
2018-06-13 01:12:47.830 24170 INFO tempest.lib.common.rest_client [req-c2cd26b6-d219-4fe2-868e-15f1806ec7fa ] Request (DefaultDomainTestJSON:tearDownClass): 204 DELETE http://10.13.3.249:35357/v3/projects/9d19bf4c8d1747f0bc144cbbc08c3b9c 0.082s
2018-06-13 01:12:47.900 24170 INFO tempest.lib.common.rest_client [req-3dd4807b-5190-4f96-bb7f-428331bdbd09 ] Request (DefaultDomainTestJSON:tearDownClass): 204 DELETE http://10.13.3.249:35357/v3/users/11dfbbb00b474aa48eaa67b677ca9d7f 0.069s
2018-06-13 01:12:48.135 24165 INFO tempest.lib.common.rest_client [req-56ea5baa-d04a-431e-86f3-da249a751c7b ] Request (TestServerMultinode:tearDownClass): 204 DELETE http://10.13.3.217:9696/v2.0/routers/21c2773f-bcd0-4601-9c4d-ee7c3c4323ec 1.222s
2018-06-13 01:12:48.212 24170 INFO tempest.lib.common.rest_client [req-63bcbc91-6a0e-4322-b890-0edb9a28ef42 ] Request (DefaultDomainTestJSON:tearDownClass): 200 GET http://10.13.3.217:9696/v2.0/security-groups?tenant_id=818fa0428e5c46a980d667989f22e839&name=default 0.312s
2018-06-13 01:12:48.309 24170 INFO tempest.lib.common.rest_client [req-c9acc2a3-b5fa-4d0c-a2f8-6f86a073ade0 ] Request (DefaultDomainTestJSON:tearDownClass): 204 DELETE http://10.13.3.217:9696/v2.0/security-groups/b850f6a7-bd33-4fcc-9c4b-ca47d1beec11 0.096s
2018-06-13 01:12:48.404 24170 INFO tempest.lib.common.rest_client [req-2c667af3-dfd6-4a82-b43a-971f2a657c19 ] Request (DefaultDomainTestJSON:tearDownClass): 204 DELETE http://10.13.3.249:35357/v3/projects/818fa0428e5c46a980d667989f22e839 0.094s
2018-06-13 01:12:48.698 24170 INFO tempest.lib.common.rest_client [req-cc9c1285-a79c-4b6d-a694-7814adf47d88 ] Request (EndPointsTestJSON:setUpClass): 201 POST http://10.13.3.249:5000/v3/auth/tokens
2018-06-13 01:12:48.966 24170 INFO tempest.lib.common.rest_client [req-2af7ed2b-b655-456a-818b-0b67b7c52e30 ] Request (EndPointsTestJSON:setUpClass): 201 POST http://10.13.3.249:5000/v3/auth/tokens
2018-06-13 01:12:48.987 24170 INFO tempest.lib.common.rest_client [req-e5c60661-17b6-4d22-8f70-3deb1df36884 ] Request (EndPointsTestJSON:setUpClass): 200 GET http://10.13.3.249:35357/v3/domains?name=admin_domain 0.020s
2018-06-13 01:12:49.016 24170 INFO tempest.lib.common.rest_client [req-8cd34b8d-fd90-4a20-b5c4-5438e9f714bc ] Request (EndPointsTestJSON:setUpClass): 201 POST http://10.13.3.249:35357/v3/projects 0.027s
2018-06-13 01:12:49.088 24165 INFO tempest.lib.common.rest_client [req-d1c406f1-7fca-472b-bed8-d1e40c312707 ] Request (TestServerMultinode:tearDownClass): 204 DELETE http://10.13.3.217:9696/v2.0/subnets/4f581412-efc8-4c2c-86da-7fa246d27745 0.949s
2018-06-13 01:12:49.248 24131 INFO tempest.lib.common.rest_client [req-ca916b86-d14c-446e-9417-a77b73ce1ea9 ] Request (TestNetworkBasicOps:test_network_basic_ops): 200 PUT http://10.13.3.217:9696/v2.0/floatingips/0461cb06-46e2-459e-b10b-0cb307b73c35 0.560s
2018-06-13 01:12:49.262 24170 INFO tempest.lib.common.rest_client [req-3915c91a-766f-461b-8c1b-8787ed48a5dd ] Request (EndPointsTestJSON:setUpClass): 201 POST http://10.13.3.249:35357/v3/users 0.242s
2018-06-13 01:12:49.273 24131 INFO tempest.lib.common.rest_client [req-6b35ed15-ea6e-4042-a660-ed84a588c682 ] Request (TestNetworkBasicOps:test_network_basic_ops): 200 GET http://10.13.3.217:9696/v2.0/floatingips/0461cb06-46e2-459e-b10b-0cb307b73c35 0.024s
2018-06-13 01:12:49.277 24170 INFO tempest.lib.common.rest_client [req-d569fc6c-f694-4431-8df6-b720ce1797b5 ] Request (EndPointsTestJSON:setUpClass): 200 GET http://10.13.3.249:35357/v3/roles 0.014s
2018-06-13 01:12:49.291 24170 INFO tempest.lib.common.rest_client [req-236fc2ec-4ee6-41cf-ae10-b56031a63480 ] Request (EndPointsTestJSON:setUpClass): 200 GET http://10.13.3.249:35357/v3/roles 0.013s
2018-06-13 01:12:49.325 24170 INFO tempest.lib.common.rest_client [req-6291c2d0-3511-4f94-b683-ab2521ee91b2 ] Request (EndPointsTestJSON:setUpClass): 204 PUT http://10.13.3.249:35357/v3/projects/9c32ecd532b2402bb4151030d751f391/users/41071b7350904729b8de134f20430bab/roles/2b9fb9dd7ce3401f8fde1932a8d9e459 0.034s
2018-06-13 01:12:49.325 24170 INFO tempest.lib.common.dynamic_creds [-] Acquired dynamic creds:
 credentials: Credentials: {'project_id': '9c32ecd532b2402bb4151030d751f391', 'username': 'tempest-EndPointsTestJSON-1455784707', 'domain_id': '6d70ddef57f143c3b3c78b3576c4fbad', 'tenant_name': 'tempest-EndPointsTestJSON-1455784707', 'user_domain_id': '6d70ddef57f143c3b3c78b3576c4fbad', 'project_domain_id': '6d70ddef57f143c3b3c78b3576c4fbad', 'project_domain_name': 'admin_domain', 'domain_name': 'admin_domain', 'tenant_id': '9c32ecd532b2402bb4151030d751f391', 'user_domain_name': 'admin_domain', 'user_id': '41071b7350904729b8de134f20430bab', 'project_name': 'tempest-EndPointsTestJSON-1455784707'}, Network: None, Subnet: None, Router: None
2018-06-13 01:12:49.325 24170 INFO tempest.lib.common.dynamic_creds [-] Created isolated network resources for : 
 credentials: Credentials: {'project_id': '9c32ecd532b2402bb4151030d751f391', 'username': 'tempest-EndPointsTestJSON-1455784707', 'domain_id': '6d70ddef57f143c3b3c78b3576c4fbad', 'tenant_name': 'tempest-EndPointsTestJSON-1455784707', 'user_domain_id': '6d70ddef57f143c3b3c78b3576c4fbad', 'project_domain_id': '6d70ddef57f143c3b3c78b3576c4fbad', 'project_domain_name': 'admin_domain', 'domain_name': 'admin_domain', 'tenant_id': '9c32ecd532b2402bb4151030d751f391', 'user_domain_name': 'admin_domain', 'user_id': '41071b7350904729b8de134f20430bab', 'project_name': 'tempest-EndPointsTestJSON-1455784707'}, Network: None, Subnet: None, Router: None
2018-06-13 01:12:49.640 24170 INFO tempest.lib.common.rest_client [req-dc11ac52-691b-4c50-a978-a70b42ad6d49 ] Request (EndPointsTestJSON:setUpClass): 201 POST http://10.13.3.249:5000/v3/auth/tokens
2018-06-13 01:12:49.672 24170 INFO tempest.lib.common.rest_client [req-10f8f804-4c0a-42ef-916c-5321e9237de5 ] Request (EndPointsTestJSON:setUpClass): 201 POST http://10.13.3.249:35357/v3/projects 0.032s
2018-06-13 01:12:49.920 24170 INFO tempest.lib.common.rest_client [req-136ebe4e-478c-454c-931c-1460b39150c2 ] Request (EndPointsTestJSON:setUpClass): 201 POST http://10.13.3.249:35357/v3/users 0.248s
2018-06-13 01:12:49.938 24170 INFO tempest.lib.common.rest_client [req-249877dd-85c5-46a7-9cbd-349af02c033d ] Request (EndPointsTestJSON:setUpClass): 200 GET http://10.13.3.249:35357/v3/roles 0.017s
2018-06-13 01:12:49.978 24170 INFO tempest.lib.common.rest_client [req-41ccc88f-416d-4d7f-ad90-87935b6b3c99 ] Request (EndPointsTestJSON:setUpClass): 204 PUT http://10.13.3.249:35357/v3/projects/c0a18219274e4936bded1382eb5cebbf/users/e2dc9ca8ae924f83b9797d127e093869/roles/a583dd0b217f456582382cd0efa42d09 0.040s
2018-06-13 01:12:49.994 24170 INFO tempest.lib.common.rest_client [req-2e2b0947-3db3-4967-ac81-6ba6701b6661 ] Request (EndPointsTestJSON:setUpClass): 200 GET http://10.13.3.249:35357/v3/roles 0.015s
2018-06-13 01:12:50.024 24170 INFO tempest.lib.common.rest_client [req-79f7fde1-cc20-49d7-aeac-bd8aa42eaa45 ] Request (EndPointsTestJSON:setUpClass): 204 PUT http://10.13.3.249:35357/v3/domains/6d70ddef57f143c3b3c78b3576c4fbad/users/e2dc9ca8ae924f83b9797d127e093869/roles/a583dd0b217f456582382cd0efa42d09 0.027s
2018-06-13 01:12:50.026 24170 INFO tempest.lib.common.dynamic_creds [-] Acquired dynamic creds:
 credentials: Credentials: {'project_id': 'c0a18219274e4936bded1382eb5cebbf', 'username': 'tempest-EndPointsTestJSON-1666389629', 'domain_id': '6d70ddef57f143c3b3c78b3576c4fbad', 'tenant_name': 'tempest-EndPointsTestJSON-1666389629', 'user_domain_id': '6d70ddef57f143c3b3c78b3576c4fbad', 'project_domain_id': '6d70ddef57f143c3b3c78b3576c4fbad', 'project_domain_name': 'admin_domain', 'domain_name': 'admin_domain', 'tenant_id': 'c0a18219274e4936bded1382eb5cebbf', 'user_domain_name': 'admin_domain', 'user_id': 'e2dc9ca8ae924f83b9797d127e093869', 'project_name': 'tempest-EndPointsTestJSON-1666389629'}, Network: None, Subnet: None, Router: None
2018-06-13 01:12:50.028 24170 INFO tempest.lib.common.dynamic_creds [-] Created isolated network resources for : 
 credentials: Credentials: {'project_id': 'c0a18219274e4936bded1382eb5cebbf', 'username': 'tempest-EndPointsTestJSON-1666389629', 'domain_id': '6d70ddef57f143c3b3c78b3576c4fbad', 'tenant_name': 'tempest-EndPointsTestJSON-1666389629', 'user_domain_id': '6d70ddef57f143c3b3c78b3576c4fbad', 'project_domain_id': '6d70ddef57f143c3b3c78b3576c4fbad', 'project_domain_name': 'admin_domain', 'domain_name': 'admin_domain', 'tenant_id': 'c0a18219274e4936bded1382eb5cebbf', 'user_domain_name': 'admin_domain', 'user_id': 'e2dc9ca8ae924f83b9797d127e093869', 'project_name': 'tempest-EndPointsTestJSON-1666389629'}, Network: None, Subnet: None, Router: None
2018-06-13 01:12:50.112 24165 INFO tempest.lib.common.rest_client [req-bfb3efec-d828-4b31-9c02-db01c53205e3 ] Request (TestServerMultinode:tearDownClass): 204 DELETE http://10.13.3.217:9696/v2.0/networks/b5fbf0d8-e1c7-4732-96b5-7718302ed656 1.020s
2018-06-13 01:12:50.302 24131 INFO tempest.lib.common.rest_client [req-71451269-a326-49db-bb66-7153f604aa01 ] Request (TestNetworkBasicOps:test_network_basic_ops): 200 GET http://10.13.3.217:9696/v2.0/floatingips/0461cb06-46e2-459e-b10b-0cb307b73c35 0.028s
2018-06-13 01:12:50.416 24170 INFO tempest.lib.common.rest_client [req-9983fce6-d45a-4888-9e15-2795d9376960 ] Request (EndPointsTestJSON:setUpClass): 201 POST http://10.13.3.249:5000/v3/auth/tokens
2018-06-13 01:12:50.681 24170 INFO tempest.lib.common.rest_client [req-c792c392-eb73-43cb-a9ce-d88974687b4f ] Request (EndPointsTestJSON:setUpClass): 201 POST http://10.13.3.249:5000/v3/auth/tokens
2018-06-13 01:12:50.704 24170 INFO tempest.lib.common.rest_client [req-fbd5ba56-b246-4183-bf8a-0ad8a887892e ] Request (EndPointsTestJSON:setUpClass): 201 POST http://10.13.3.249:35357/v3/services 0.022s
2018-06-13 01:12:50.736 24170 INFO tempest.lib.common.rest_client [req-5d065e07-3444-4266-8ae5-51f48b5d64ce ] Request (EndPointsTestJSON:setUpClass): 201 POST http://10.13.3.249:35357/v3/endpoints 0.032s
2018-06-13 01:12:50.752 24170 INFO tempest.lib.common.rest_client [req-c61e1313-29b8-497c-82e8-478513213b13 ] Request (EndPointsTestJSON:setUpClass): 201 POST http://10.13.3.249:35357/v3/services 0.016s
2018-06-13 01:12:50.784 24170 INFO tempest.lib.common.rest_client [req-bd08e4c6-6a78-42e6-93fd-370d8fb95e1d ] Request (EndPointsTestJSON:setUpClass): 201 POST http://10.13.3.249:35357/v3/endpoints 0.031s
2018-06-13 01:12:50.801 24170 INFO tempest.lib.common.rest_client [req-a19b8fce-049f-498b-9358-150cb58e8632 ] Request (EndPointsTestJSON:test_update_endpoint): 201 POST http://10.13.3.249:35357/v3/services 0.017s
2018-06-13 01:12:50.830 24170 INFO tempest.lib.common.rest_client [req-757f82c1-c6f6-4fbd-83ff-377b886d5b04 ] Request (EndPointsTestJSON:test_update_endpoint): 201 POST http://10.13.3.249:35357/v3/endpoints 0.029s
2018-06-13 01:12:50.867 24170 INFO tempest.lib.common.rest_client [req-6fa4a7c5-53f4-40f5-bde8-3f99ddbe8962 ] Request (EndPointsTestJSON:test_update_endpoint): 200 PATCH http://10.13.3.249:35357/v3/endpoints/2b2f7874e9ba47dc862b024f58c07dba 0.036s
2018-06-13 01:12:50.890 24170 INFO tempest.lib.common.rest_client [req-888b4fc1-5def-4443-a5e3-dbe4ebd6fbf2 ] Request (EndPointsTestJSON:_run_cleanups): 204 DELETE http://10.13.3.249:35357/v3/endpoints/2b2f7874e9ba47dc862b024f58c07dba 0.023s
2018-06-13 01:12:50.915 24170 INFO tempest.lib.common.rest_client [req-21044466-9799-4a55-b1fa-471901c24b7f ] Request (EndPointsTestJSON:_run_cleanups): 204 DELETE http://10.13.3.249:35357/v3/services/302121f5c4fa42b09fb7ba157748d165 0.024s
{19} tempest.api.identity.admin.v3.test_endpoints.EndPointsTestJSON.test_update_endpoint [0.131393s] ... ok
2018-06-13 01:12:50.939 24170 INFO tempest.lib.common.rest_client [req-a4374023-8f93-42dd-bb64-dbb540041eb4 ] Request (EndPointsTestJSON:tearDownClass): 204 DELETE http://10.13.3.249:35357/v3/endpoints/496007efc83649ccbbe4be6ad6595f0b 0.024s
2018-06-13 01:12:50.964 24170 INFO tempest.lib.common.rest_client [req-e0fe16d4-2d78-4115-a1a8-67d8dfb53fcb ] Request (EndPointsTestJSON:tearDownClass): 204 DELETE http://10.13.3.249:35357/v3/services/f8eb88112cf0462e8dddb92cedd23e0f 0.024s
2018-06-13 01:12:50.988 24170 INFO tempest.lib.common.rest_client [req-fed04a4a-863c-4069-b56b-a7bfbbd9b270 ] Request (EndPointsTestJSON:tearDownClass): 204 DELETE http://10.13.3.249:35357/v3/endpoints/bd78f5e54b38422bb1d0ed5e5aded9dd 0.024s
2018-06-13 01:12:51.021 24170 INFO tempest.lib.common.rest_client [req-14cd85f0-37ff-4469-b144-031b473beb6e ] Request (EndPointsTestJSON:tearDownClass): 204 DELETE http://10.13.3.249:35357/v3/services/fb18d8eae4df482ca495923ec5f81860 0.031s
2018-06-13 01:12:51.097 24170 INFO tempest.lib.common.rest_client [req-4d14a751-64f1-4b19-961b-98d5cb5909cf ] Request (EndPointsTestJSON:tearDownClass): 204 DELETE http://10.13.3.249:35357/v3/users/e2dc9ca8ae924f83b9797d127e093869 0.073s
2018-06-13 01:12:51.352 24131 INFO tempest.lib.common.rest_client [req-a1fecae7-a1e3-4ed6-9030-6b70fdf0bcf8 ] Request (TestNetworkBasicOps:test_network_basic_ops): 200 GET http://10.13.3.217:9696/v2.0/floatingips/0461cb06-46e2-459e-b10b-0cb307b73c35 0.048s
2018-06-13 01:12:51.379 24170 INFO tempest.lib.common.rest_client [req-10a12508-9a9f-4cb2-b612-b2981c906f27 ] Request (EndPointsTestJSON:tearDownClass): 201 POST http://10.13.3.249:5000/v3/auth/tokens
2018-06-13 01:12:51.471 24165 INFO tempest.lib.common.rest_client [req-b9a99eca-a357-443f-8425-1dde4ee37945 ] Request (TestServerMultinode:tearDownClass): 200 PUT http://10.13.3.217:9696/v2.0/routers/34cf26c8-f363-4de0-b703-540a23fdae78/remove_router_interface 1.359s
2018-06-13 01:12:51.590 24170 INFO tempest.lib.common.rest_client [req-123b68f7-69ec-4d31-a0dd-f8b95ea14c8f ] Request (EndPointsTestJSON:tearDownClass): 200 GET http://10.13.3.217:9696/v2.0/security-groups?tenant_id=c0a18219274e4936bded1382eb5cebbf&name=default 0.211s
2018-06-13 01:12:51.687 24170 INFO tempest.lib.common.rest_client [req-f12e27ee-3ce3-46c5-b048-00844ea2b853 ] Request (EndPointsTestJSON:tearDownClass): 204 DELETE http://10.13.3.217:9696/v2.0/security-groups/80f71ae4-b44f-4aa9-ab89-0567d45ae810 0.097s
2018-06-13 01:12:51.772 24170 INFO tempest.lib.common.rest_client [req-6f21d4af-9f34-40f2-bef6-e1f749d5bf41 ] Request (EndPointsTestJSON:tearDownClass): 204 DELETE http://10.13.3.249:35357/v3/projects/c0a18219274e4936bded1382eb5cebbf 0.084s
2018-06-13 01:12:51.835 24170 INFO tempest.lib.common.rest_client [req-b730f035-08f9-4506-8a5b-8a99fbd5bcd9 ] Request (EndPointsTestJSON:tearDownClass): 204 DELETE http://10.13.3.249:35357/v3/users/41071b7350904729b8de134f20430bab 0.062s
2018-06-13 01:12:51.976 24170 INFO tempest.lib.common.rest_client [req-f210e281-776b-4eeb-977c-05e64389137b ] Request (EndPointsTestJSON:tearDownClass): 200 GET http://10.13.3.217:9696/v2.0/security-groups?tenant_id=9c32ecd532b2402bb4151030d751f391&name=default 0.141s
2018-06-13 01:12:52.093 24170 INFO tempest.lib.common.rest_client [req-34e0d913-980f-4044-be2a-554d1018f75f ] Request (EndPointsTestJSON:tearDownClass): 204 DELETE http://10.13.3.217:9696/v2.0/security-groups/b99a22b5-4e78-47c3-b532-4dd0ec2c4996 0.114s
2018-06-13 01:12:52.180 24170 INFO tempest.lib.common.rest_client [req-ecd533d9-281c-45cb-82b6-ee9bb70bce39 ] Request (EndPointsTestJSON:tearDownClass): 204 DELETE http://10.13.3.249:35357/v3/projects/9c32ecd532b2402bb4151030d751f391 0.084s
2018-06-13 01:12:52.379 24131 INFO tempest.lib.common.rest_client [req-ed96e977-e5d3-4d4b-9cc9-a1694998fae3 ] Request (TestNetworkBasicOps:test_network_basic_ops): 200 GET http://10.13.3.217:9696/v2.0/floatingips/0461cb06-46e2-459e-b10b-0cb307b73c35 0.026s
2018-06-13 01:12:52.380 24131 INFO tempest.scenario.manager [-] FloatingIP: {'project_id': '5bdcbd0feef6433db57453737ed234b7', 'updated_at': '2018-06-13T00:12:48Z', 'floating_ip_address': '10.13.3.131', 'id': '0461cb06-46e2-459e-b10b-0cb307b73c35', 'created_at': '2018-06-13T00:12:06Z', 'floating_network_id': '3d7b862c-53c2-41ac-ba8f-68a191e5f4dd', 'revision_number': 2, 'tags': [], 'tenant_id': '5bdcbd0feef6433db57453737ed234b7', 'fixed_ip_address': None, 'status': 'ACTIVE', 'description': '', 'port_id': None, 'router_id': None} is at status: DOWN
2018-06-13 01:12:52.438 24165 INFO tempest.lib.common.rest_client [req-30f34e7d-b01d-466a-8366-693dc3e6a2a5 ] Request (TestServerMultinode:tearDownClass): 204 DELETE http://10.13.3.217:9696/v2.0/routers/34cf26c8-f363-4de0-b703-540a23fdae78 0.966s
2018-06-13 01:12:52.453 24170 INFO tempest.lib.common.rest_client [req-38765f0d-6a87-4c63-b6f1-0c174488d858 ] Request (PoliciesTestJSON:setUpClass): 201 POST http://10.13.3.249:5000/v3/auth/tokens
2018-06-13 01:12:52.716 24170 INFO tempest.lib.common.rest_client [req-94ff10df-b3a9-442a-a806-7be3fdee2d4a ] Request (PoliciesTestJSON:setUpClass): 201 POST http://10.13.3.249:5000/v3/auth/tokens
2018-06-13 01:12:52.738 24170 INFO tempest.lib.common.rest_client [req-09e7bd93-57de-47df-8786-7c7bef44fd7d ] Request (PoliciesTestJSON:setUpClass): 200 GET http://10.13.3.249:35357/v3/domains?name=admin_domain 0.022s
2018-06-13 01:12:52.760 24170 INFO tempest.lib.common.rest_client [req-6b394616-ff9a-43ab-a8ef-a6503c79742c ] Request (PoliciesTestJSON:setUpClass): 201 POST http://10.13.3.249:35357/v3/projects 0.021s
2018-06-13 01:12:52.992 24170 INFO tempest.lib.common.rest_client [req-feb2acd4-aaa2-4f06-b0f0-0864be01c153 ] Request (PoliciesTestJSON:setUpClass): 201 POST http://10.13.3.249:35357/v3/users 0.232s
2018-06-13 01:12:53.011 24165 INFO tempest.lib.common.rest_client [req-0ab26159-3d5a-4eb5-a9cf-4d3d4ba0086d ] Request (TestServerMultinode:tearDownClass): 204 DELETE http://10.13.3.217:9696/v2.0/subnets/50e71dab-bf2a-42dd-a65b-85522d198f2a 0.573s
2018-06-13 01:12:53.015 24170 INFO tempest.lib.common.rest_client [req-01f1af73-4f58-4a52-95dd-cc4d089de345 ] Request (PoliciesTestJSON:setUpClass): 200 GET http://10.13.3.249:35357/v3/roles 0.021s
2018-06-13 01:12:53.049 24170 INFO tempest.lib.common.rest_client [req-903cee63-79b0-4aa6-a7eb-e45ee58c408b ] Request (PoliciesTestJSON:setUpClass): 200 GET http://10.13.3.249:35357/v3/roles 0.027s
2018-06-13 01:12:53.097 24170 INFO tempest.lib.common.rest_client [req-9e1c3b98-4a0a-43bf-88b1-67b9e0019888 ] Request (PoliciesTestJSON:setUpClass): 204 PUT http://10.13.3.249:35357/v3/projects/73865a14ab41431ba51ee4103aabbbdd/users/00856f1c171c4c58a89f05af39b18dac/roles/2b9fb9dd7ce3401f8fde1932a8d9e459 0.044s
2018-06-13 01:12:53.097 24170 INFO tempest.lib.common.dynamic_creds [-] Acquired dynamic creds:
 credentials: Credentials: {'project_id': '73865a14ab41431ba51ee4103aabbbdd', 'username': 'tempest-PoliciesTestJSON-1769200581', 'domain_id': '6d70ddef57f143c3b3c78b3576c4fbad', 'tenant_name': 'tempest-PoliciesTestJSON-1769200581', 'user_domain_id': '6d70ddef57f143c3b3c78b3576c4fbad', 'project_domain_id': '6d70ddef57f143c3b3c78b3576c4fbad', 'project_domain_name': 'admin_domain', 'domain_name': 'admin_domain', 'tenant_id': '73865a14ab41431ba51ee4103aabbbdd', 'user_domain_name': 'admin_domain', 'user_id': '00856f1c171c4c58a89f05af39b18dac', 'project_name': 'tempest-PoliciesTestJSON-1769200581'}, Network: None, Subnet: None, Router: None
2018-06-13 01:12:53.097 24170 INFO tempest.lib.common.dynamic_creds [-] Created isolated network resources for : 
 credentials: Credentials: {'project_id': '73865a14ab41431ba51ee4103aabbbdd', 'username': 'tempest-PoliciesTestJSON-1769200581', 'domain_id': '6d70ddef57f143c3b3c78b3576c4fbad', 'tenant_name': 'tempest-PoliciesTestJSON-1769200581', 'user_domain_id': '6d70ddef57f143c3b3c78b3576c4fbad', 'project_domain_id': '6d70ddef57f143c3b3c78b3576c4fbad', 'project_domain_name': 'admin_domain', 'domain_name': 'admin_domain', 'tenant_id': '73865a14ab41431ba51ee4103aabbbdd', 'user_domain_name': 'admin_domain', 'user_id': '00856f1c171c4c58a89f05af39b18dac', 'project_name': 'tempest-PoliciesTestJSON-1769200581'}, Network: None, Subnet: None, Router: None
2018-06-13 01:12:53.406 24170 INFO tempest.lib.common.rest_client [req-daef7069-d1f7-4054-8d30-cbe847361b76 ] Request (PoliciesTestJSON:setUpClass): 201 POST http://10.13.3.249:5000/v3/auth/tokens
2018-06-13 01:12:53.442 24170 INFO tempest.lib.common.rest_client [req-eec509bc-f315-4386-bfba-8945f93d3a2b ] Request (PoliciesTestJSON:setUpClass): 201 POST http://10.13.3.249:35357/v3/projects 0.035s
2018-06-13 01:12:53.550 24131 INFO tempest.lib.common.rest_client [req-8ac1fe00-1904-4122-8a4f-521969b12ebe ] Request (TestNetworkBasicOps:test_network_basic_ops): 200 POST http://10.13.3.202:8774/v2/5bdcbd0feef6433db57453737ed234b7/os-keypairs 0.161s
2018-06-13 01:12:53.690 24170 INFO tempest.lib.common.rest_client [req-dbe6ea7f-522c-40ca-8cf3-c6706d1e2ba3 ] Request (PoliciesTestJSON:setUpClass): 201 POST http://10.13.3.249:35357/v3/users 0.248s
2018-06-13 01:12:53.708 24170 INFO tempest.lib.common.rest_client [req-33f3b091-25be-4815-bcdb-646f6631b4a8 ] Request (PoliciesTestJSON:setUpClass): 200 GET http://10.13.3.249:35357/v3/roles 0.017s
2018-06-13 01:12:53.741 24131 INFO tempest.lib.common.rest_client [req-a1403478-77da-4eb5-84b8-19114ab48ef8 ] Request (TestNetworkBasicOps:test_network_basic_ops): 201 POST http://10.13.3.217:9696/v2.0/security-groups 0.188s
2018-06-13 01:12:53.749 24170 INFO tempest.lib.common.rest_client [req-251af548-9cfb-4f60-bb21-8a7496cb06e1 ] Request (PoliciesTestJSON:setUpClass): 204 PUT http://10.13.3.249:35357/v3/projects/e4efe83d9dcc4847a78317edf2c1aa2a/users/1b3db22bc6b94f8f9a965a6c5bcddac3/roles/a583dd0b217f456582382cd0efa42d09 0.041s
2018-06-13 01:12:53.767 24170 INFO tempest.lib.common.rest_client [req-ced12507-68e0-4c3a-8456-e5ebcd061f60 ] Request (PoliciesTestJSON:setUpClass): 200 GET http://10.13.3.249:35357/v3/roles 0.017s
2018-06-13 01:12:53.791 24170 INFO tempest.lib.common.rest_client [req-8c99c2e2-4cb8-45de-b899-c998ee3d5f21 ] Request (PoliciesTestJSON:setUpClass): 204 PUT http://10.13.3.249:35357/v3/domains/6d70ddef57f143c3b3c78b3576c4fbad/users/1b3db22bc6b94f8f9a965a6c5bcddac3/roles/a583dd0b217f456582382cd0efa42d09 0.024s
2018-06-13 01:12:53.791 24170 INFO tempest.lib.common.dynamic_creds [-] Acquired dynamic creds:
 credentials: Credentials: {'project_id': 'e4efe83d9dcc4847a78317edf2c1aa2a', 'username': 'tempest-PoliciesTestJSON-642437512', 'domain_id': '6d70ddef57f143c3b3c78b3576c4fbad', 'tenant_name': 'tempest-PoliciesTestJSON-642437512', 'user_domain_id': '6d70ddef57f143c3b3c78b3576c4fbad', 'project_domain_id': '6d70ddef57f143c3b3c78b3576c4fbad', 'project_domain_name': 'admin_domain', 'domain_name': 'admin_domain', 'tenant_id': 'e4efe83d9dcc4847a78317edf2c1aa2a', 'user_domain_name': 'admin_domain', 'user_id': '1b3db22bc6b94f8f9a965a6c5bcddac3', 'project_name': 'tempest-PoliciesTestJSON-642437512'}, Network: None, Subnet: None, Router: None
2018-06-13 01:12:53.791 24170 INFO tempest.lib.common.dynamic_creds [-] Created isolated network resources for : 
 credentials: Credentials: {'project_id': 'e4efe83d9dcc4847a78317edf2c1aa2a', 'username': 'tempest-PoliciesTestJSON-642437512', 'domain_id': '6d70ddef57f143c3b3c78b3576c4fbad', 'tenant_name': 'tempest-PoliciesTestJSON-642437512', 'user_domain_id': '6d70ddef57f143c3b3c78b3576c4fbad', 'project_domain_id': '6d70ddef57f143c3b3c78b3576c4fbad', 'project_domain_name': 'admin_domain', 'domain_name': 'admin_domain', 'tenant_id': 'e4efe83d9dcc4847a78317edf2c1aa2a', 'user_domain_name': 'admin_domain', 'user_id': '1b3db22bc6b94f8f9a965a6c5bcddac3', 'project_name': 'tempest-PoliciesTestJSON-642437512'}, Network: None, Subnet: None, Router: None
2018-06-13 01:12:53.870 24131 INFO tempest.lib.common.rest_client [req-8fe0f1b9-27c3-486a-b12c-0aea1bc0a3e5 ] Request (TestNetworkBasicOps:test_network_basic_ops): 201 POST http://10.13.3.217:9696/v2.0/security-group-rules 0.128s
2018-06-13 01:12:53.920 24165 INFO tempest.lib.common.rest_client [req-7d7abab6-da4b-4f79-934b-e17334d6e6ae ] Request (TestServerMultinode:tearDownClass): 204 DELETE http://10.13.3.217:9696/v2.0/networks/a92fd7d0-0cc9-4980-a261-fc039515a01e 0.908s
2018-06-13 01:12:53.989 24131 INFO tempest.lib.common.rest_client [req-d547e32d-c8c6-46c2-80ff-47fd669b1fb0 ] Request (TestNetworkBasicOps:test_network_basic_ops): 201 POST http://10.13.3.217:9696/v2.0/security-group-rules 0.118s
2018-06-13 01:12:54.046 24165 INFO tempest.lib.common.rest_client [req-81ea03a9-61ad-469f-b9f4-0357a1541e07 ] Request (TestServerMultinode:tearDownClass): 204 DELETE http://10.13.3.249:35357/v3/users/4d0cfd7562144d4bb95a003aaedd9561 0.123s
2018-06-13 01:12:54.103 24165 INFO tempest.lib.common.rest_client [req-f2a1ffa5-6fec-4c85-a16e-cd7f5ecd1372 ] Request (TestServerMultinode:tearDownClass): 200 GET http://10.13.3.217:9696/v2.0/security-groups?name=default&tenant_id=7586db5e59cb4e09b0d8e8db00f72a9c 0.054s
2018-06-13 01:12:54.107 24170 INFO tempest.lib.common.rest_client [req-230e7ec1-29ee-41c5-9c4f-5ccf19d829a4 ] Request (PoliciesTestJSON:setUpClass): 201 POST http://10.13.3.249:5000/v3/auth/tokens
2018-06-13 01:12:54.234 24165 INFO tempest.lib.common.rest_client [req-3c5d4b33-c4d7-4661-a576-be52b14ec5d3 ] Request (TestServerMultinode:tearDownClass): 204 DELETE http://10.13.3.217:9696/v2.0/security-groups/acd78868-5c5d-41d9-bf46-666c41cecf82 0.131s
2018-06-13 01:12:54.245 24131 INFO tempest.lib.common.rest_client [req-3bb52343-55ec-4cc9-b053-650e52b51ec6 ] Request (TestNetworkBasicOps:test_network_basic_ops): 201 POST http://10.13.3.217:9696/v2.0/security-group-rules 0.255s
2018-06-13 01:12:54.341 24131 INFO tempest.lib.common.rest_client [req-850810be-fe09-4883-b143-44abbdd82ec8 ] Request (TestNetworkBasicOps:test_network_basic_ops): 201 POST http://10.13.3.217:9696/v2.0/security-group-rules 0.095s
2018-06-13 01:12:54.355 24165 INFO tempest.lib.common.rest_client [req-9d0e3469-b3be-40a7-a56d-9c60d6e008ec ] Request (TestServerMultinode:tearDownClass): 204 DELETE http://10.13.3.249:35357/v3/projects/7586db5e59cb4e09b0d8e8db00f72a9c 0.121s
2018-06-13 01:12:54.386 24170 INFO tempest.lib.common.rest_client [req-4e7af21a-e94c-4a93-8304-772278f770d7 ] Request (PoliciesTestJSON:test_create_update_delete_policy): 201 POST http://10.13.3.249:5000/v3/auth/tokens
2018-06-13 01:12:54.426 24165 INFO tempest.lib.common.rest_client [req-8c2c709f-93eb-4c33-bc2a-b689e49251b2 ] Request (TestServerMultinode:tearDownClass): 204 DELETE http://10.13.3.249:35357/v3/users/ace76c9c1da34afe8e3da7597d476c0b 0.071s
2018-06-13 01:12:54.435 24131 INFO tempest.lib.common.rest_client [req-81bcfbf4-04ed-48b4-af47-6e3c6ec5be80 ] Request (TestNetworkBasicOps:test_network_basic_ops): 201 POST http://10.13.3.217:9696/v2.0/security-group-rules 0.094s
2018-06-13 01:12:54.466 24170 INFO tempest.lib.common.rest_client [req-fd8e5306-11e6-44b1-b538-36394d749956 ] Request (PoliciesTestJSON:test_create_update_delete_policy): 201 POST http://10.13.3.249:35357/v3/policies 0.079s
2018-06-13 01:12:54.469 24165 INFO tempest.lib.common.rest_client [req-dabdef83-c82e-4f25-aae1-3f1b64569e8e ] Request (TestServerMultinode:tearDownClass): 200 GET http://10.13.3.217:9696/v2.0/security-groups?name=default&tenant_id=52f3476f30cb4a8a85b5ea872d71ef50 0.042s
2018-06-13 01:12:54.486 24170 INFO tempest.lib.common.rest_client [req-872ba68b-4d63-48f9-bd28-3440c156418d ] Request (PoliciesTestJSON:test_create_update_delete_policy): 200 PATCH http://10.13.3.249:35357/v3/policies/181d122a976f40c6b2ee619875bb89e1 0.020s
2018-06-13 01:12:54.501 24170 INFO tempest.lib.common.rest_client [req-316d397f-ca42-44bf-86c5-b7c77f848040 ] Request (PoliciesTestJSON:test_create_update_delete_policy): 200 GET http://10.13.3.249:35357/v3/policies/181d122a976f40c6b2ee619875bb89e1 0.014s
2018-06-13 01:12:54.520 24170 INFO tempest.lib.common.rest_client [req-98f16ac0-1ba6-4077-b39b-cbb40e138098 ] Request (PoliciesTestJSON:_run_cleanups): 204 DELETE http://10.13.3.249:35357/v3/policies/181d122a976f40c6b2ee619875bb89e1 0.019s
{19} tempest.api.identity.admin.v3.test_policies.PoliciesTestJSON.test_create_update_delete_policy [0.412108s] ... ok
2018-06-13 01:12:54.564 24165 INFO tempest.lib.common.rest_client [req-6d8036d6-25f9-4a5d-8147-69402cc55dcf ] Request (TestServerMultinode:tearDownClass): 204 DELETE http://10.13.3.217:9696/v2.0/security-groups/84fe6ea2-2938-47d1-b6f8-c332256d9197 0.095s
2018-06-13 01:12:54.580 24131 INFO tempest.lib.common.rest_client [req-a279409f-754c-4c5a-a089-b3b1572019c4 ] Request (TestNetworkBasicOps:test_network_basic_ops): 201 POST http://10.13.3.217:9696/v2.0/security-group-rules 0.144s
2018-06-13 01:12:54.608 24170 INFO tempest.lib.common.rest_client [req-58092487-d4de-4d6c-b7ae-c830dde3cf71 ] Request (PoliciesTestJSON:tearDownClass): 204 DELETE http://10.13.3.249:35357/v3/users/1b3db22bc6b94f8f9a965a6c5bcddac3 0.088s
2018-06-13 01:12:54.690 24165 INFO tempest.lib.common.rest_client [req-0cf183fe-0a2a-447f-946f-7a2d8a1097e3 ] Request (TestServerMultinode:tearDownClass): 204 DELETE http://10.13.3.249:35357/v3/projects/52f3476f30cb4a8a85b5ea872d71ef50 0.125s
sys:1: ResourceWarning: unclosed file <_io.FileIO name=1 mode='wb' closefd=True>
2018-06-13 01:12:54.890 24131 INFO tempest.lib.common.rest_client [req-ad19298f-da91-4f49-ab35-08858f63940d ] Request (TestNetworkBasicOps:test_network_basic_ops): 201 POST http://10.13.3.249:5000/v3/auth/tokens
2018-06-13 01:12:54.890 24131 INFO tempest.lib.common.fixed_network [-] (TestNetworkBasicOps:test_network_basic_ops) Found network None available for tenant
2018-06-13 01:12:54.898 24170 INFO tempest.lib.common.rest_client [req-5a7836e9-7a89-468d-9b50-559c0140861b ] Request (PoliciesTestJSON:tearDownClass): 201 POST http://10.13.3.249:5000/v3/auth/tokens
2018-06-13 01:12:55.100 24170 INFO tempest.lib.common.rest_client [req-8bbf5fbe-8b2a-4ea2-a94d-b125eec3750f ] Request (PoliciesTestJSON:tearDownClass): 200 GET http://10.13.3.217:9696/v2.0/security-groups?tenant_id=e4efe83d9dcc4847a78317edf2c1aa2a&name=default 0.201s
2018-06-13 01:12:55.202 24170 INFO tempest.lib.common.rest_client [req-f718ac15-6ee6-483a-a9f8-33dae16a35e5 ] Request (PoliciesTestJSON:tearDownClass): 204 DELETE http://10.13.3.217:9696/v2.0/security-groups/7e14d676-2fb6-4887-bf58-94fa87291d15 0.102s
2018-06-13 01:12:55.258 24131 INFO tempest.lib.common.rest_client [req-2a872d28-e49a-4df9-b15b-2e9f9bea68d0 ] Request (TestNetworkBasicOps:test_network_basic_ops): 202 POST http://10.13.3.202:8774/v2/5bdcbd0feef6433db57453737ed234b7/servers 0.367s
2018-06-13 01:12:55.282 24170 INFO tempest.lib.common.rest_client [req-69895c45-a676-49c0-bdf8-2d80d89a65d4 ] Request (PoliciesTestJSON:tearDownClass): 204 DELETE http://10.13.3.249:35357/v3/projects/e4efe83d9dcc4847a78317edf2c1aa2a 0.079s
2018-06-13 01:12:55.312 24131 INFO tempest.lib.common.rest_client [req-b65d8015-e112-4d21-bf91-5c728a74df35 ] Request (TestNetworkBasicOps:test_network_basic_ops): 200 GET http://10.13.3.202:8774/v2/5bdcbd0feef6433db57453737ed234b7/servers/5ec9ab18-4314-4c64-b277-b55323bfc515 0.052s
2018-06-13 01:12:55.469 24170 INFO tempest.lib.common.rest_client [req-46d8f312-c6c1-4b80-9c2c-354d8749dd2c ] Request (PoliciesTestJSON:tearDownClass): 204 DELETE http://10.13.3.249:35357/v3/users/00856f1c171c4c58a89f05af39b18dac 0.187s
2018-06-13 01:12:55.586 24170 INFO tempest.lib.common.rest_client [req-9846dace-f8cf-4ee4-8abd-1fac326452b1 ] Request (PoliciesTestJSON:tearDownClass): 200 GET http://10.13.3.217:9696/v2.0/security-groups?tenant_id=73865a14ab41431ba51ee4103aabbbdd&name=default 0.116s
2018-06-13 01:12:55.667 24170 INFO tempest.lib.common.rest_client [req-c37c55fc-6cae-4379-a85c-f6b91468601b ] Request (PoliciesTestJSON:tearDownClass): 204 DELETE http://10.13.3.217:9696/v2.0/security-groups/3bbc8c5e-54f1-4f46-a2d3-a9c6745f675e 0.081s
2018-06-13 01:12:55.759 24170 INFO tempest.lib.common.rest_client [req-74e196b5-9118-4e21-98fc-4563fd0c3261 ] Request (PoliciesTestJSON:tearDownClass): 204 DELETE http://10.13.3.249:35357/v3/projects/73865a14ab41431ba51ee4103aabbbdd 0.091s
2018-06-13 01:12:56.059 24170 INFO tempest.lib.common.rest_client [req-584a18c6-776a-4afc-bea5-6a738a4b3cb2 ] Request (RolesV3TestJSON:setUpClass): 201 POST http://10.13.3.249:5000/v3/auth/tokens
2018-06-13 01:12:56.343 24170 INFO tempest.lib.common.rest_client [req-57e9b2af-ccea-495c-9d2c-a82882855716 ] Request (RolesV3TestJSON:setUpClass): 201 POST http://10.13.3.249:5000/v3/auth/tokens
2018-06-13 01:12:56.366 24170 INFO tempest.lib.common.rest_client [req-234962cf-4840-4177-a710-cc01ca666fa2 ] Request (RolesV3TestJSON:setUpClass): 200 GET http://10.13.3.249:35357/v3/domains?name=admin_domain 0.022s
2018-06-13 01:12:56.388 24170 INFO tempest.lib.common.rest_client [req-fe576b15-09bb-48fe-bcf3-d85dec3e3a80 ] Request (RolesV3TestJSON:setUpClass): 201 POST http://10.13.3.249:35357/v3/projects 0.022s
2018-06-13 01:12:56.566 24131 INFO tempest.lib.common.rest_client [req-264c92e9-9f72-47bc-89e1-c8ddaf855ba1 ] Request (TestNetworkBasicOps:test_network_basic_ops): 200 GET http://10.13.3.202:8774/v2/5bdcbd0feef6433db57453737ed234b7/servers/5ec9ab18-4314-4c64-b277-b55323bfc515 0.248s
2018-06-13 01:12:56.569 24131 INFO tempest.common.waiters [-] State transition "BUILD/scheduling" ==> "BUILD/spawning" after 1 second wait
2018-06-13 01:12:56.710 24170 INFO tempest.lib.common.rest_client [req-2ca1e8b3-97eb-41d0-8d57-798152290623 ] Request (RolesV3TestJSON:setUpClass): 201 POST http://10.13.3.249:35357/v3/users 0.321s
2018-06-13 01:12:56.791 24170 INFO tempest.lib.common.rest_client [req-0230201f-7d68-4dc9-9a63-49e6c97335cd ] Request (RolesV3TestJSON:setUpClass): 200 GET http://10.13.3.249:35357/v3/roles 0.080s
2018-06-13 01:12:56.805 24170 INFO tempest.lib.common.rest_client [req-00c9d541-e5a1-484b-b167-cbd0d7cb6d53 ] Request (RolesV3TestJSON:setUpClass): 200 GET http://10.13.3.249:35357/v3/roles 0.013s
2018-06-13 01:12:56.839 24170 INFO tempest.lib.common.rest_client [req-8d744c4c-9b99-48db-9144-611d0233eeaa ] Request (RolesV3TestJSON:setUpClass): 204 PUT http://10.13.3.249:35357/v3/projects/577d9bd81fcd4768a35c9b813e58b8af/users/b3032474c71947c7b78af893d725c1f6/roles/2b9fb9dd7ce3401f8fde1932a8d9e459 0.034s
2018-06-13 01:12:56.839 24170 INFO tempest.lib.common.dynamic_creds [-] Acquired dynamic creds:
 credentials: Credentials: {'project_id': '577d9bd81fcd4768a35c9b813e58b8af', 'username': 'tempest-RolesV3TestJSON-267194614', 'domain_id': '6d70ddef57f143c3b3c78b3576c4fbad', 'tenant_name': 'tempest-RolesV3TestJSON-267194614', 'user_domain_id': '6d70ddef57f143c3b3c78b3576c4fbad', 'project_domain_id': '6d70ddef57f143c3b3c78b3576c4fbad', 'project_domain_name': 'admin_domain', 'domain_name': 'admin_domain', 'tenant_id': '577d9bd81fcd4768a35c9b813e58b8af', 'user_domain_name': 'admin_domain', 'user_id': 'b3032474c71947c7b78af893d725c1f6', 'project_name': 'tempest-RolesV3TestJSON-267194614'}, Network: None, Subnet: None, Router: None
2018-06-13 01:12:56.839 24170 INFO tempest.lib.common.dynamic_creds [-] Created isolated network resources for : 
 credentials: Credentials: {'project_id': '577d9bd81fcd4768a35c9b813e58b8af', 'username': 'tempest-RolesV3TestJSON-267194614', 'domain_id': '6d70ddef57f143c3b3c78b3576c4fbad', 'tenant_name': 'tempest-RolesV3TestJSON-267194614', 'user_domain_id': '6d70ddef57f143c3b3c78b3576c4fbad', 'project_domain_id': '6d70ddef57f143c3b3c78b3576c4fbad', 'project_domain_name': 'admin_domain', 'domain_name': 'admin_domain', 'tenant_id': '577d9bd81fcd4768a35c9b813e58b8af', 'user_domain_name': 'admin_domain', 'user_id': 'b3032474c71947c7b78af893d725c1f6', 'project_name': 'tempest-RolesV3TestJSON-267194614'}, Network: None, Subnet: None, Router: None
2018-06-13 01:12:57.157 24170 INFO tempest.lib.common.rest_client [req-8dce1a2d-00b9-4145-87e2-96f375ddeebb ] Request (RolesV3TestJSON:setUpClass): 201 POST http://10.13.3.249:5000/v3/auth/tokens
2018-06-13 01:12:57.184 24170 INFO tempest.lib.common.rest_client [req-ad92da79-3195-4009-af04-3507483163ca ] Request (RolesV3TestJSON:setUpClass): 201 POST http://10.13.3.249:35357/v3/projects 0.026s
2018-06-13 01:12:57.422 24170 INFO tempest.lib.common.rest_client [req-283f924a-68a5-4ad0-8317-040ad796d27a ] Request (RolesV3TestJSON:setUpClass): 201 POST http://10.13.3.249:35357/v3/users 0.237s
2018-06-13 01:12:57.437 24170 INFO tempest.lib.common.rest_client [req-582a09c5-76b0-4993-94ef-5f31bb33483a ] Request (RolesV3TestJSON:setUpClass): 200 GET http://10.13.3.249:35357/v3/roles 0.015s
2018-06-13 01:12:57.470 24170 INFO tempest.lib.common.rest_client [req-6446068e-d87a-4412-9e57-0a6067e85a3e ] Request (RolesV3TestJSON:setUpClass): 204 PUT http://10.13.3.249:35357/v3/projects/37ed48f3a98c48a58fb0d337668d463b/users/1efe0a21b99945b2832f43b0d405ff50/roles/a583dd0b217f456582382cd0efa42d09 0.032s
2018-06-13 01:12:57.484 24170 INFO tempest.lib.common.rest_client [req-89b3b188-c0fc-4550-b6bf-8c9fc859448b ] Request (RolesV3TestJSON:setUpClass): 200 GET http://10.13.3.249:35357/v3/roles 0.014s
2018-06-13 01:12:57.504 24170 INFO tempest.lib.common.rest_client [req-fa0478b7-7b1a-4ad2-9cbb-6b903394003f ] Request (RolesV3TestJSON:setUpClass): 204 PUT http://10.13.3.249:35357/v3/domains/6d70ddef57f143c3b3c78b3576c4fbad/users/1efe0a21b99945b2832f43b0d405ff50/roles/a583dd0b217f456582382cd0efa42d09 0.020s
2018-06-13 01:12:57.504 24170 INFO tempest.lib.common.dynamic_creds [-] Acquired dynamic creds:
 credentials: Credentials: {'project_id': '37ed48f3a98c48a58fb0d337668d463b', 'username': 'tempest-RolesV3TestJSON-411377292', 'domain_id': '6d70ddef57f143c3b3c78b3576c4fbad', 'tenant_name': 'tempest-RolesV3TestJSON-411377292', 'user_domain_id': '6d70ddef57f143c3b3c78b3576c4fbad', 'project_domain_id': '6d70ddef57f143c3b3c78b3576c4fbad', 'project_domain_name': 'admin_domain', 'domain_name': 'admin_domain', 'tenant_id': '37ed48f3a98c48a58fb0d337668d463b', 'user_domain_name': 'admin_domain', 'user_id': '1efe0a21b99945b2832f43b0d405ff50', 'project_name': 'tempest-RolesV3TestJSON-411377292'}, Network: None, Subnet: None, Router: None
2018-06-13 01:12:57.504 24170 INFO tempest.lib.common.dynamic_creds [-] Created isolated network resources for : 
 credentials: Credentials: {'project_id': '37ed48f3a98c48a58fb0d337668d463b', 'username': 'tempest-RolesV3TestJSON-411377292', 'domain_id': '6d70ddef57f143c3b3c78b3576c4fbad', 'tenant_name': 'tempest-RolesV3TestJSON-411377292', 'user_domain_id': '6d70ddef57f143c3b3c78b3576c4fbad', 'project_domain_id': '6d70ddef57f143c3b3c78b3576c4fbad', 'project_domain_name': 'admin_domain', 'domain_name': 'admin_domain', 'tenant_id': '37ed48f3a98c48a58fb0d337668d463b', 'user_domain_name': 'admin_domain', 'user_id': '1efe0a21b99945b2832f43b0d405ff50', 'project_name': 'tempest-RolesV3TestJSON-411377292'}, Network: None, Subnet: None, Router: None
2018-06-13 01:12:57.749 24131 INFO tempest.lib.common.rest_client [req-ec63a9f6-bf06-4696-baa4-15bc31d66358 ] Request (TestNetworkBasicOps:test_network_basic_ops): 200 GET http://10.13.3.202:8774/v2/5bdcbd0feef6433db57453737ed234b7/servers/5ec9ab18-4314-4c64-b277-b55323bfc515 0.178s
2018-06-13 01:12:57.808 24170 INFO tempest.lib.common.rest_client [req-a0d043db-06d9-4ed3-af47-91c0cdd28c07 ] Request (RolesV3TestJSON:setUpClass): 201 POST http://10.13.3.249:5000/v3/auth/tokens
2018-06-13 01:12:58.094 24170 INFO tempest.lib.common.rest_client [req-03c5d5db-eab1-4903-90e0-02ade2714851 ] Request (RolesV3TestJSON:setUpClass): 201 POST http://10.13.3.249:5000/v3/auth/tokens
2018-06-13 01:12:58.120 24170 INFO tempest.lib.common.rest_client [req-1d724e0a-c8d0-489a-b53c-a1c996416963 ] Request (RolesV3TestJSON:setUpClass): 201 POST http://10.13.3.249:35357/v3/roles 0.025s
2018-06-13 01:12:58.142 24170 INFO tempest.lib.common.rest_client [req-fee3a387-8885-4b3e-8b7c-bff72cea43f5 ] Request (RolesV3TestJSON:setUpClass): 201 POST http://10.13.3.249:35357/v3/roles 0.021s
2018-06-13 01:12:58.162 24170 INFO tempest.lib.common.rest_client [req-e86c0d11-9cd6-48a0-bb7b-cc84a269bd29 ] Request (RolesV3TestJSON:setUpClass): 201 POST http://10.13.3.249:35357/v3/roles 0.020s
2018-06-13 01:12:58.187 24170 INFO tempest.lib.common.rest_client [req-b82f3aff-0190-44e6-a49f-421210515007 ] Request (RolesV3TestJSON:setUpClass): 201 POST http://10.13.3.249:35357/v3/domains 0.025s
2018-06-13 01:12:58.217 24170 INFO tempest.lib.common.rest_client [req-7b404fc4-a9b1-4a2d-8bcd-c00f17c9926f ] Request (RolesV3TestJSON:setUpClass): 201 POST http://10.13.3.249:35357/v3/projects 0.029s
2018-06-13 01:12:58.236 24170 INFO tempest.lib.common.rest_client [req-a247d888-de3b-4cb0-9de0-2e3f786dadaa ] Request (RolesV3TestJSON:setUpClass): 201 POST http://10.13.3.249:35357/v3/groups 0.019s
2018-06-13 01:12:58.472 24170 INFO tempest.lib.common.rest_client [req-aaefe468-35f0-4e32-94ae-afc15ff29498 ] Request (RolesV3TestJSON:setUpClass): 201 POST http://10.13.3.249:35357/v3/users 0.235s
2018-06-13 01:12:58.491 24170 INFO tempest.lib.common.rest_client [req-c1f6e58a-7742-41f0-8506-bad14f93a316 ] Request (RolesV3TestJSON:setUpClass): 201 POST http://10.13.3.249:35357/v3/roles 0.019s
2018-06-13 01:12:58.511 24170 INFO tempest.lib.common.rest_client [req-2b12d65a-7693-4cd0-94cd-26cbf3135753 ] Request (RolesV3TestJSON:test_role_create_update_show_list): 201 POST http://10.13.3.249:35357/v3/roles 0.019s
2018-06-13 01:12:58.534 24170 INFO tempest.lib.common.rest_client [req-dba9b6f6-680c-4c22-848c-0910730dee48 ] Request (RolesV3TestJSON:test_role_create_update_show_list): 200 PATCH http://10.13.3.249:35357/v3/roles/3b4fbe83c3d84fd0a762e45083eb37a3 0.022s
2018-06-13 01:12:58.549 24170 INFO tempest.lib.common.rest_client [req-504c4f33-c617-47f5-88cd-4b9cc1abd4cc ] Request (RolesV3TestJSON:test_role_create_update_show_list): 200 GET http://10.13.3.249:35357/v3/roles/3b4fbe83c3d84fd0a762e45083eb37a3 0.015s
2018-06-13 01:12:58.567 24170 INFO tempest.lib.common.rest_client [req-dd2c0a3c-764f-4c49-b356-efafdc5dc570 ] Request (RolesV3TestJSON:test_role_create_update_show_list): 200 GET http://10.13.3.249:35357/v3/roles 0.018s
2018-06-13 01:12:58.592 24170 INFO tempest.lib.common.rest_client [req-0cfbea6e-544b-40fa-83e3-d7ae3938f345 ] Request (RolesV3TestJSON:_run_cleanups): 204 DELETE http://10.13.3.249:35357/v3/roles/3b4fbe83c3d84fd0a762e45083eb37a3 0.024s
{19} tempest.api.identity.admin.v3.test_roles.RolesV3TestJSON.test_role_create_update_show_list [0.100212s] ... ok
2018-06-13 01:12:58.617 24170 INFO tempest.lib.common.rest_client [req-b01e5327-1842-4f83-9e21-4e1b60fd3f29 ] Request (RolesV3TestJSON:tearDownClass): 204 DELETE http://10.13.3.249:35357/v3/roles/f2dc9f2996874cb99fc8d154441a95b8 0.024s
2018-06-13 01:12:58.700 24170 INFO tempest.lib.common.rest_client [req-b8a1a9e7-6902-4ac1-abe6-bd5f82690792 ] Request (RolesV3TestJSON:tearDownClass): 204 DELETE http://10.13.3.249:35357/v3/users/1eaa37b9ab2245e0bcb12a4969989647 0.082s
2018-06-13 01:12:58.772 24170 INFO tempest.lib.common.rest_client [req-dddbf4eb-c99b-4f0b-a1b2-80f99ab0fcf5 ] Request (RolesV3TestJSON:tearDownClass): 204 DELETE http://10.13.3.249:35357/v3/groups/e15dc6b159fd410c919fedba34caa55a 0.072s
2018-06-13 01:12:58.835 24170 INFO tempest.lib.common.rest_client [req-ee184277-5610-4efb-b482-1ec285f60aa2 ] Request (RolesV3TestJSON:tearDownClass): 204 DELETE http://10.13.3.249:35357/v3/projects/43810289c0fa4a28af3fc55db221d1b5 0.063s
2018-06-13 01:12:58.888 24170 INFO tempest.lib.common.rest_client [req-c757235e-bdf7-4cd0-9bde-ae5fc9bdab5c ] Request (RolesV3TestJSON:tearDownClass): 200 PATCH http://10.13.3.249:35357/v3/domains/4be9c1cf98ee4ac797a662049d3f17e5 0.052s
2018-06-13 01:12:58.889 24131 INFO tempest.lib.common.rest_client [req-793b6c30-e270-4a21-b069-242ffce02e9a ] Request (TestNetworkBasicOps:test_network_basic_ops): 200 GET http://10.13.3.202:8774/v2/5bdcbd0feef6433db57453737ed234b7/servers/5ec9ab18-4314-4c64-b277-b55323bfc515 0.135s
2018-06-13 01:12:59.014 24170 INFO tempest.lib.common.rest_client [req-f9c786d3-63f1-41f6-9457-70594d4eb686 ] Request (RolesV3TestJSON:tearDownClass): 204 DELETE http://10.13.3.249:35357/v3/domains/4be9c1cf98ee4ac797a662049d3f17e5 0.124s
2018-06-13 01:12:59.079 24170 INFO tempest.lib.common.rest_client [req-ca03451f-68f3-40e4-bdc5-071c32158f79 ] Request (RolesV3TestJSON:tearDownClass): 204 DELETE http://10.13.3.249:35357/v3/roles/7fa3e84502b14e6db8a27341adc8db74 0.063s
2018-06-13 01:12:59.111 24170 INFO tempest.lib.common.rest_client [req-d39b8d7e-6930-44da-9ee0-b87f4619ee8d ] Request (RolesV3TestJSON:tearDownClass): 204 DELETE http://10.13.3.249:35357/v3/roles/b320de849cc24b95b321425cf36978e9 0.028s
2018-06-13 01:12:59.135 24170 INFO tempest.lib.common.rest_client [req-13bd97ec-8a21-4a6c-80f3-72a6be366f00 ] Request (RolesV3TestJSON:tearDownClass): 204 DELETE http://10.13.3.249:35357/v3/roles/ef50452191d34bafa4b795a100c01046 0.024s
2018-06-13 01:12:59.227 24170 INFO tempest.lib.common.rest_client [req-36e6482c-cb6d-449e-813b-f592584af5a0 ] Request (RolesV3TestJSON:tearDownClass): 204 DELETE http://10.13.3.249:35357/v3/users/1efe0a21b99945b2832f43b0d405ff50 0.091s
2018-06-13 01:12:59.511 24170 INFO tempest.lib.common.rest_client [req-7d92fc6f-f4de-4b0b-8c9e-d80d3604798c ] Request (RolesV3TestJSON:tearDownClass): 201 POST http://10.13.3.249:5000/v3/auth/tokens
2018-06-13 01:12:59.697 24170 INFO tempest.lib.common.rest_client [req-87dca6e6-05f4-4843-8e24-f2b3e456e6f4 ] Request (RolesV3TestJSON:tearDownClass): 200 GET http://10.13.3.217:9696/v2.0/security-groups?tenant_id=37ed48f3a98c48a58fb0d337668d463b&name=default 0.186s
2018-06-13 01:12:59.779 24170 INFO tempest.lib.common.rest_client [req-bb9e52ba-b492-4183-9f0f-258f24f705e3 ] Request (RolesV3TestJSON:tearDownClass): 204 DELETE http://10.13.3.217:9696/v2.0/security-groups/4a898aa2-da8f-4352-a617-d1dfbc0be13d 0.081s
2018-06-13 01:12:59.877 24170 INFO tempest.lib.common.rest_client [req-ac0b083a-db5d-400e-8e12-bfe5ab712634 ] Request (RolesV3TestJSON:tearDownClass): 204 DELETE http://10.13.3.249:35357/v3/projects/37ed48f3a98c48a58fb0d337668d463b 0.098s
2018-06-13 01:12:59.956 24170 INFO tempest.lib.common.rest_client [req-0c6ae692-a01e-431f-b3ff-7e89c81916b7 ] Request (RolesV3TestJSON:tearDownClass): 204 DELETE http://10.13.3.249:35357/v3/users/b3032474c71947c7b78af893d725c1f6 0.079s
2018-06-13 01:13:00.039 24131 INFO tempest.lib.common.rest_client [req-22f57edd-975e-4e5f-b252-90e90372927e ] Request (TestNetworkBasicOps:test_network_basic_ops): 200 GET http://10.13.3.202:8774/v2/5bdcbd0feef6433db57453737ed234b7/servers/5ec9ab18-4314-4c64-b277-b55323bfc515 0.142s
2018-06-13 01:13:00.104 24170 INFO tempest.lib.common.rest_client [req-e255bc5f-b293-41e6-b5f6-65e06dcf95d0 ] Request (RolesV3TestJSON:tearDownClass): 200 GET http://10.13.3.217:9696/v2.0/security-groups?tenant_id=577d9bd81fcd4768a35c9b813e58b8af&name=default 0.147s
2018-06-13 01:13:00.197 24170 INFO tempest.lib.common.rest_client [req-8657f064-336b-452f-b55b-802dc1dee263 ] Request (RolesV3TestJSON:tearDownClass): 204 DELETE http://10.13.3.217:9696/v2.0/security-groups/f1e9dfd0-4f42-4dfa-847a-4c07f19b5e92 0.092s
2018-06-13 01:13:00.289 24170 INFO tempest.lib.common.rest_client [req-488e19d9-6783-4c00-a995-68576da6b221 ] Request (RolesV3TestJSON:tearDownClass): 204 DELETE http://10.13.3.249:35357/v3/projects/577d9bd81fcd4768a35c9b813e58b8af 0.092s
2018-06-13 01:13:00.576 24170 INFO tempest.lib.common.rest_client [req-655f95a9-f5ba-464f-b76d-97ba94d6eed2 ] Request (ServicesTestJSON:setUpClass): 201 POST http://10.13.3.249:5000/v3/auth/tokens
2018-06-13 01:13:00.888 24170 INFO tempest.lib.common.rest_client [req-7dc82db2-0dfe-41bd-b80e-545139020392 ] Request (ServicesTestJSON:setUpClass): 201 POST http://10.13.3.249:5000/v3/auth/tokens
2018-06-13 01:13:00.937 24170 INFO tempest.lib.common.rest_client [req-6e4ef366-8860-4779-a663-2f98efaaaf7a ] Request (ServicesTestJSON:setUpClass): 200 GET http://10.13.3.249:35357/v3/domains?name=admin_domain 0.048s
2018-06-13 01:13:01.006 24170 INFO tempest.lib.common.rest_client [req-3ae37e45-c28c-417f-9578-8d49b4f6403b ] Request (ServicesTestJSON:setUpClass): 201 POST http://10.13.3.249:35357/v3/projects 0.069s
