2018-06-13 01:12:24.894 24133 INFO tempest.lib.common.rest_client [req-f0f5c962-3b25-4602-b851-6269c06a23d1 ] Request (RoutersTest:tearDownClass): 204 DELETE http://10.13.3.217:9696/v2.0/subnets/e2e10c95-b464-47bf-8eca-5714651783a9 0.940s
2018-06-13 01:12:24.900 24166 INFO tempest.lib.common.rest_client [tx0cb730b5f45640329b78f-005b206168 ] Request (AccountTest:setUpClass): 201 PUT http://10.13.3.245:8080/v1/AUTH_d450237c2ea54248a0b4be9ace90cc88/tempest-b'd'--634745209 0.018s
2018-06-13 01:12:24.919 24166 INFO tempest.lib.common.rest_client [tx723c1e25755e4026aea69-005b206168 ] Request (AccountTest:setUpClass): 201 PUT http://10.13.3.245:8080/v1/AUTH_d450237c2ea54248a0b4be9ace90cc88/tempest-b'e'--1449658212 0.019s
2018-06-13 01:12:24.943 24166 INFO tempest.lib.common.rest_client [tx5f818fa619a14c8eaf7b2-005b206168 ] Request (AccountTest:setUpClass): 201 PUT http://10.13.3.245:8080/v1/AUTH_d450237c2ea54248a0b4be9ace90cc88/tempest-b'f'--718416716 0.023s
2018-06-13 01:12:24.954 24166 INFO tempest.lib.common.rest_client [tx50997ca6978043a48e661-005b206168 ] Request (AccountTest:test_list_account_metadata): 204 POST http://10.13.3.245:8080/v1/AUTH_d450237c2ea54248a0b4be9ace90cc88 0.011s
2018-06-13 01:12:24.961 24166 INFO tempest.lib.common.rest_client [tx9aad699f41b0449a91278-005b206168 ] Request (AccountTest:test_list_account_metadata): 204 HEAD http://10.13.3.245:8080/v1/AUTH_d450237c2ea54248a0b4be9ace90cc88 0.006s
2018-06-13 01:12:24.971 24166 INFO tempest.lib.common.rest_client [txe11004ca6eec485fa3132-005b206168 ] Request (AccountTest:test_list_account_metadata): 204 POST http://10.13.3.245:8080/v1/AUTH_d450237c2ea54248a0b4be9ace90cc88 0.010s
{18} tempest.api.object_storage.test_account_services.AccountTest.test_list_account_metadata [0.028420s] ... ok
2018-06-13 01:12:24.979 24166 INFO tempest.lib.common.rest_client [tx6271a18cecad46caa67e9-005b206168 ] Request (AccountTest:test_list_containers): 200 GET http://10.13.3.245:8080/v1/AUTH_d450237c2ea54248a0b4be9ace90cc88 0.007s
{18} tempest.api.object_storage.test_account_services.AccountTest.test_list_containers [0.007509s] ... ok
2018-06-13 01:12:24.987 24166 INFO tempest.lib.common.rest_client [tx86958f94ccb14f7c9fbc1-005b206168 ] Request (AccountTest:tearDownClass): 200 GET http://10.13.3.245:8080/v1/AUTH_d450237c2ea54248a0b4be9ace90cc88/tempest-b'f'--718416716?&format=json&limit=9999 0.007s
2018-06-13 01:12:25.062 24165 INFO tempest.lib.common.rest_client [req-d626eed5-1c12-438d-a63a-1b116228e2ab ] Request (TestServerMultinode:test_schedule_to_all_nodes): 200 GET http://10.13.3.202:8774/v2/7586db5e59cb4e09b0d8e8db00f72a9c/servers/ca542d71-55d3-414e-b2b8-1d07051df8e5 0.220s
2018-06-13 01:12:26.063 24133 INFO tempest.lib.common.rest_client [req-8b06e5e2-1c39-4514-ab1b-ccd84f3621a6 ] Request (RoutersTest:tearDownClass): 204 DELETE http://10.13.3.217:9696/v2.0/networks/1127bf5f-d342-4635-9325-a585f67d0fcf 1.166s
2018-06-13 01:12:26.110 24133 INFO tempest.lib.common.rest_client [req-4b73a6b3-f561-4866-8ad4-bc4c44bbfaaa ] Request (RoutersTest:tearDownClass): 200 GET http://10.13.3.217:9696/v2.0/ports?device_id=606abb29-6bb4-457e-ba7e-d11689e36d94 0.043s
2018-06-13 01:12:26.143 24133 INFO tempest.lib.common.rest_client [req-c2e0d958-4681-4ef2-bb38-82f8fed940e1 ] Request (RoutersTest:tearDownClass): 404 DELETE http://10.13.3.217:9696/v2.0/routers/606abb29-6bb4-457e-ba7e-d11689e36d94 0.033s
2018-06-13 01:12:26.173 24170 INFO tempest.lib.common.rest_client [req-2f88a595-04de-47f8-90e6-b33c3dc6c7ed ] Request (ServersTestManualDisk:setUpClass): 202 POST http://10.13.3.202:8774/v2/81f43c0203b24023b931025dc1ce1325/servers 1.300s
2018-06-13 01:12:26.336 24165 INFO tempest.lib.common.rest_client [req-aca43ecc-df78-4d77-94f4-94016386b21e ] Request (TestServerMultinode:test_schedule_to_all_nodes): 200 GET http://10.13.3.202:8774/v2/7586db5e59cb4e09b0d8e8db00f72a9c/servers/ca542d71-55d3-414e-b2b8-1d07051df8e5 0.241s
2018-06-13 01:12:26.340 24165 INFO tempest.common.waiters [-] State transition "BUILD/spawning" ==> "ACTIVE/None" after 13 second wait
2018-06-13 01:12:26.397 24170 INFO tempest.lib.common.rest_client [req-9c1fb527-4dc5-4c53-b7ad-7b94c45019f2 ] Request (ServersTestManualDisk:setUpClass): 200 GET http://10.13.3.202:8774/v2/81f43c0203b24023b931025dc1ce1325/servers/64c32d27-d9f1-4a8b-b34e-ff178e9d116e 0.223s
2018-06-13 01:12:26.567 24165 INFO tempest.lib.common.rest_client [req-470b4177-363c-4ac4-a6b5-0fbccc903859 ] Request (TestServerMultinode:test_schedule_to_all_nodes): 200 GET http://10.13.3.202:8774/v2/7586db5e59cb4e09b0d8e8db00f72a9c/servers/ca542d71-55d3-414e-b2b8-1d07051df8e5 0.227s
2018-06-13 01:12:26.971 24165 INFO tempest.lib.common.rest_client [req-74767b97-e601-401f-b970-72cc0349ead2 ] Request (TestServerMultinode:test_schedule_to_all_nodes): 200 GET http://10.13.3.202:8774/v2/7586db5e59cb4e09b0d8e8db00f72a9c/servers/ca542d71-55d3-414e-b2b8-1d07051df8e5 0.401s
2018-06-13 01:12:27.013 24166 INFO tempest.lib.common.rest_client [tx3c90413e2b3f4f9593460-005b20616a ] Request (AccountTest:tearDownClass): 204 DELETE http://10.13.3.245:8080/v1/AUTH_d450237c2ea54248a0b4be9ace90cc88/tempest-b'f'--718416716 0.023s
2018-06-13 01:12:27.039 24166 INFO tempest.lib.common.rest_client [tx97975d9a90ed434e95b9f-005b20616b ] Request (AccountTest:tearDownClass): 200 GET http://10.13.3.245:8080/v1/AUTH_d450237c2ea54248a0b4be9ace90cc88/tempest-b'e'--1449658212?&format=json&limit=9999 0.021s
2018-06-13 01:12:27.272 24165 INFO tempest.lib.common.rest_client [req-2e288832-4c97-47e2-9278-c0e2fb0477a0 ] Request (TestServerMultinode:test_schedule_to_all_nodes): 201 POST http://10.13.3.249:5000/v3/auth/tokens
2018-06-13 01:12:27.272 24165 INFO tempest.lib.common.fixed_network [-] (TestServerMultinode:test_schedule_to_all_nodes) Found network {'tags': [], 'project_id': '52f3476f30cb4a8a85b5ea872d71ef50', 'availability_zone_hints': [], 'shared': False, 'provider:segmentation_id': 44, 'l2_adjacency': True, 'name': 'tempest-TestServerMultinode-654982302-network', 'provider:physical_network': None, 'provider:network_type': 'gre', 'tenant_id': '52f3476f30cb4a8a85b5ea872d71ef50', 'id': 'a92fd7d0-0cc9-4980-a261-fc039515a01e', 'subnets': [], 'description': '', 'mtu': 1458, 'is_default': False, 'revision_number': 2, 'availability_zones': [], 'created_at': '2018-06-13T00:11:15Z', 'updated_at': '2018-06-13T00:11:15Z', 'admin_state_up': True, 'ipv6_address_scope': None, 'status': 'ACTIVE', 'ipv4_address_scope': None, 'router:external': False} available for tenant
2018-06-13 01:12:27.477 24170 INFO tempest.lib.common.rest_client [req-a515a053-8012-489f-83fc-af32af1cb94f ] Request (ServersTestManualDisk:setUpClass): 200 GET http://10.13.3.202:8774/v2/81f43c0203b24023b931025dc1ce1325/servers/64c32d27-d9f1-4a8b-b34e-ff178e9d116e 0.075s
2018-06-13 01:12:27.481 24170 INFO tempest.common.waiters [-] State transition "BUILD/scheduling" ==> "BUILD/spawning" after 1 second wait
2018-06-13 01:12:27.912 24165 INFO tempest.lib.common.rest_client [req-2a8ccddb-a730-47a9-870d-e3012d019b1e ] Request (TestServerMultinode:test_schedule_to_all_nodes): 202 POST http://10.13.3.202:8774/v2/7586db5e59cb4e09b0d8e8db00f72a9c/servers 0.639s
2018-06-13 01:12:27.974 24165 INFO tempest.lib.common.rest_client [req-d405bd93-c3c5-4131-96bc-2d56811a8bda ] Request (TestServerMultinode:test_schedule_to_all_nodes): 200 GET http://10.13.3.202:8774/v2/7586db5e59cb4e09b0d8e8db00f72a9c/servers/eb389745-4f97-4c35-b39c-75d03de9a88f 0.061s
2018-06-13 01:12:27.998 24133 INFO tempest.lib.common.rest_client [req-7bf47902-7f8a-463a-ad57-38cb0ad338c2 ] Request (RoutersTest:tearDownClass): 204 DELETE http://10.13.3.217:9696/v2.0/subnets/03d989b4-dd75-40a9-9941-2d3996a4c543 1.855s
2018-06-13 01:12:28.115 24131 INFO tempest.lib.common.ssh [-] Creating ssh connection to '10.13.3.131:22' as 'root' with public key authentication
2018-06-13 01:12:28.123 24131 INFO paramiko.transport [-] Connected (version 2.0, client OpenSSH_7.2p2)
2018-06-13 01:12:28.208 24131 INFO paramiko.transport [-] Authentication (publickey) successful!
2018-06-13 01:12:28.209 24131 INFO tempest.lib.common.ssh [-] ssh connection to root@10.13.3.131 successfully created
2018-06-13 01:12:28.758 24170 INFO tempest.lib.common.rest_client [req-0802d211-5042-40dc-a4a8-1549722be49e ] Request (ServersTestManualDisk:setUpClass): 200 GET http://10.13.3.202:8774/v2/81f43c0203b24023b931025dc1ce1325/servers/64c32d27-d9f1-4a8b-b34e-ff178e9d116e 0.276s
2018-06-13 01:12:29.092 24166 INFO tempest.lib.common.rest_client [tx3095dc7ab2834e3a8732a-005b20616d ] Request (AccountTest:tearDownClass): 204 DELETE http://10.13.3.245:8080/v1/AUTH_d450237c2ea54248a0b4be9ace90cc88/tempest-b'e'--1449658212 0.047s
2018-06-13 01:12:29.103 24166 INFO tempest.lib.common.rest_client [tx9d0e8974308a42e791547-005b20616d ] Request (AccountTest:tearDownClass): 200 GET http://10.13.3.245:8080/v1/AUTH_d450237c2ea54248a0b4be9ace90cc88/tempest-b'd'--634745209?&format=json&limit=9999 0.008s
2018-06-13 01:12:29.131 24165 INFO tempest.lib.common.rest_client [req-113475e3-ab1b-454b-9993-9f9dbd2907ba ] Request (TestServerMultinode:test_schedule_to_all_nodes): 200 GET http://10.13.3.202:8774/v2/7586db5e59cb4e09b0d8e8db00f72a9c/servers/eb389745-4f97-4c35-b39c-75d03de9a88f 0.152s
2018-06-13 01:12:29.135 24165 INFO tempest.common.waiters [-] State transition "BUILD/scheduling" ==> "BUILD/spawning" after 2 second wait
2018-06-13 01:12:29.450 24133 INFO tempest.lib.common.rest_client [req-291a505c-f334-44d0-93a5-e6765fac7345 ] Request (RoutersTest:tearDownClass): 204 DELETE http://10.13.3.217:9696/v2.0/subnets/e931ab36-a803-492d-863b-77db7ae0d649 1.452s
2018-06-13 01:12:30.239 24170 INFO tempest.lib.common.rest_client [req-b72ec779-929e-40a4-9c08-4c88dcb9bb6b ] Request (ServersTestManualDisk:setUpClass): 200 GET http://10.13.3.202:8774/v2/81f43c0203b24023b931025dc1ce1325/servers/64c32d27-d9f1-4a8b-b34e-ff178e9d116e 0.476s
2018-06-13 01:12:30.323 24133 INFO tempest.lib.common.rest_client [req-2b83341a-08c1-4344-a516-8bb86baf17f0 ] Request (RoutersTest:tearDownClass): 204 DELETE http://10.13.3.217:9696/v2.0/networks/db2e954f-f383-451b-a158-fbc948d8e6a4 0.872s
2018-06-13 01:12:30.432 24165 INFO tempest.lib.common.rest_client [req-8ddc193e-573d-4796-80f2-70493c052014 ] Request (TestServerMultinode:test_schedule_to_all_nodes): 200 GET http://10.13.3.202:8774/v2/7586db5e59cb4e09b0d8e8db00f72a9c/servers/eb389745-4f97-4c35-b39c-75d03de9a88f 0.296s
2018-06-13 01:12:30.833 24133 INFO tempest.lib.common.rest_client [req-afd8187c-512f-4343-a4aa-0fa8c726de72 ] Request (RoutersTest:tearDownClass): 204 DELETE http://10.13.3.217:9696/v2.0/networks/2edaaa29-ea91-466e-9ab3-54dce75e6ea0 0.509s
2018-06-13 01:12:30.925 24133 INFO tempest.lib.common.rest_client [req-baf21c0c-b914-4277-a6ff-7f05c001b119 ] Request (RoutersTest:tearDownClass): 204 DELETE http://10.13.3.249:35357/v3/users/f638385c64694f8289eca006c2869cf8 0.091s
2018-06-13 01:12:31.125 24166 INFO tempest.lib.common.rest_client [tx8782a49946e84027bd5de-005b20616f ] Request (AccountTest:tearDownClass): 204 DELETE http://10.13.3.245:8080/v1/AUTH_d450237c2ea54248a0b4be9ace90cc88/tempest-b'd'--634745209 0.019s
2018-06-13 01:12:31.133 24166 INFO tempest.lib.common.rest_client [txb0f2f4ee2f0640b79bf63-005b20616f ] Request (AccountTest:tearDownClass): 200 GET http://10.13.3.245:8080/v1/AUTH_d450237c2ea54248a0b4be9ace90cc88/tempest-b'c'--2006374970?&format=json&limit=9999 0.007s
2018-06-13 01:12:31.214 24133 INFO tempest.lib.common.rest_client [req-bb2845d0-81bc-4a50-aa9b-7b67eaf56d67 ] Request (RoutersTest:tearDownClass): 201 POST http://10.13.3.249:5000/v3/auth/tokens
2018-06-13 01:12:31.359 24133 INFO tempest.lib.common.rest_client [req-2e91ec55-3a19-40ad-92c7-2468d7d767bd ] Request (RoutersTest:tearDownClass): 200 GET http://10.13.3.217:9696/v2.0/security-groups?tenant_id=c4776d5e19da4b3484518bbd36e4729e&name=default 0.144s
2018-06-13 01:12:31.442 24170 INFO tempest.lib.common.rest_client [req-53bcf4d6-c952-41de-9d8b-8e12d8e6a5ec ] Request (ServersTestManualDisk:setUpClass): 200 GET http://10.13.3.202:8774/v2/81f43c0203b24023b931025dc1ce1325/servers/64c32d27-d9f1-4a8b-b34e-ff178e9d116e 0.198s
2018-06-13 01:12:31.478 24133 INFO tempest.lib.common.rest_client [req-d70c759a-e40c-4162-9537-34340ae6ad28 ] Request (RoutersTest:tearDownClass): 204 DELETE http://10.13.3.217:9696/v2.0/security-groups/12ef5ca5-4dcf-4f19-a986-1c84d98a8465 0.119s
2018-06-13 01:12:31.580 24165 INFO tempest.lib.common.rest_client [req-0a7b053b-614c-4058-88ef-25044a11bb80 ] Request (TestServerMultinode:test_schedule_to_all_nodes): 200 GET http://10.13.3.202:8774/v2/7586db5e59cb4e09b0d8e8db00f72a9c/servers/eb389745-4f97-4c35-b39c-75d03de9a88f 0.143s
2018-06-13 01:12:31.585 24133 INFO tempest.lib.common.rest_client [req-c7eb55fe-3070-46ae-a75a-58f00a691cd0 ] Request (RoutersTest:tearDownClass): 204 DELETE http://10.13.3.249:35357/v3/projects/c4776d5e19da4b3484518bbd36e4729e 0.106s
sys:1: ResourceWarning: unclosed file <_io.FileIO name=1 mode='wb' closefd=True>
2018-06-13 01:12:32.624 24170 INFO tempest.lib.common.rest_client [req-f9710760-fe86-4473-a164-3422354e4f58 ] Request (ServersTestManualDisk:setUpClass): 200 GET http://10.13.3.202:8774/v2/81f43c0203b24023b931025dc1ce1325/servers/64c32d27-d9f1-4a8b-b34e-ff178e9d116e 0.177s
2018-06-13 01:12:32.723 24165 INFO tempest.lib.common.rest_client [req-5f6a5d45-38f3-4949-90bf-3519d72324e5 ] Request (TestServerMultinode:test_schedule_to_all_nodes): 200 GET http://10.13.3.202:8774/v2/7586db5e59cb4e09b0d8e8db00f72a9c/servers/eb389745-4f97-4c35-b39c-75d03de9a88f 0.138s
2018-06-13 01:12:33.154 24166 INFO tempest.lib.common.rest_client [tx0d5091019d494e87916ee-005b206171 ] Request (AccountTest:tearDownClass): 204 DELETE http://10.13.3.245:8080/v1/AUTH_d450237c2ea54248a0b4be9ace90cc88/tempest-b'c'--2006374970 0.019s
2018-06-13 01:12:33.161 24166 INFO tempest.lib.common.rest_client [txf9647c2500ea4f11ae35d-005b206171 ] Request (AccountTest:tearDownClass): 200 GET http://10.13.3.245:8080/v1/AUTH_d450237c2ea54248a0b4be9ace90cc88/tempest-b'b'--424460781?&format=json&limit=9999 0.006s
2018-06-13 01:12:33.782 24170 INFO tempest.lib.common.rest_client [req-53e04133-ecf4-48d7-8ca7-095a108b40e7 ] Request (ServersTestManualDisk:setUpClass): 200 GET http://10.13.3.202:8774/v2/81f43c0203b24023b931025dc1ce1325/servers/64c32d27-d9f1-4a8b-b34e-ff178e9d116e 0.153s
2018-06-13 01:12:33.862 24165 INFO tempest.lib.common.rest_client [req-5cf384da-0555-46c7-ac9e-0967bd99099a ] Request (TestServerMultinode:test_schedule_to_all_nodes): 200 GET http://10.13.3.202:8774/v2/7586db5e59cb4e09b0d8e8db00f72a9c/servers/eb389745-4f97-4c35-b39c-75d03de9a88f 0.134s
2018-06-13 01:12:34.925 24170 INFO tempest.lib.common.rest_client [req-ae3b69d0-74f6-4e5b-a266-7c513cd33499 ] Request (ServersTestManualDisk:setUpClass): 200 GET http://10.13.3.202:8774/v2/81f43c0203b24023b931025dc1ce1325/servers/64c32d27-d9f1-4a8b-b34e-ff178e9d116e 0.138s
2018-06-13 01:12:34.929 24170 INFO tempest.common.waiters [-] State transition "BUILD/spawning" ==> "ACTIVE/None" after 8 second wait
2018-06-13 01:12:35.072 24170 INFO tempest.lib.common.rest_client [req-4b572bc5-875b-4050-9cbc-91066cb2014a ] Request (ServersTestManualDisk:setUpClass): 200 GET http://10.13.3.202:8774/v2/81f43c0203b24023b931025dc1ce1325/servers/64c32d27-d9f1-4a8b-b34e-ff178e9d116e 0.141s
2018-06-13 01:12:35.132 24165 INFO tempest.lib.common.rest_client [req-5bc199e6-8154-45e5-9e44-890eca2e601c ] Request (TestServerMultinode:test_schedule_to_all_nodes): 200 GET http://10.13.3.202:8774/v2/7586db5e59cb4e09b0d8e8db00f72a9c/servers/eb389745-4f97-4c35-b39c-75d03de9a88f 0.266s
2018-06-13 01:12:35.145 24170 INFO tempest.lib.common.rest_client [req-1ab3872a-7c03-4407-9571-c7fec5a37019 ] Request (ServersTestManualDisk:test_list_servers): 200 GET http://10.13.3.202:8774/v2/81f43c0203b24023b931025dc1ce1325/servers 0.044s
{19} tempest.api.compute.servers.test_create_server.ServersTestManualDisk.test_list_servers [0.046404s] ... ok
{19} tempest.api.compute.servers.test_create_server.ServersTestManualDisk.test_verify_server_details [0.000262s] ... ok
2018-06-13 01:12:35.183 24166 INFO tempest.lib.common.rest_client [txe12878cd89a248fca5982-005b206173 ] Request (AccountTest:tearDownClass): 204 DELETE http://10.13.3.245:8080/v1/AUTH_d450237c2ea54248a0b4be9ace90cc88/tempest-b'b'--424460781 0.019s
2018-06-13 01:12:35.191 24166 INFO tempest.lib.common.rest_client [txd27af1076cbe4301a4f0a-005b206173 ] Request (AccountTest:tearDownClass): 200 GET http://10.13.3.245:8080/v1/AUTH_d450237c2ea54248a0b4be9ace90cc88/tempest-b'a'--501324639?&format=json&limit=9999 0.007s
2018-06-13 01:12:35.221 24170 INFO tempest.lib.common.rest_client [req-26bfca75-ee47-485e-9653-31b91a0990c9 ] Request (ServersTestManualDisk:tearDownClass): 204 DELETE http://10.13.3.202:8774/v2/81f43c0203b24023b931025dc1ce1325/servers/64c32d27-d9f1-4a8b-b34e-ff178e9d116e 0.073s
2018-06-13 01:12:35.384 24170 INFO tempest.lib.common.rest_client [req-8771be37-0db5-49ed-bb9f-a414b42177c4 ] Request (ServersTestManualDisk:tearDownClass): 200 GET http://10.13.3.202:8774/v2/81f43c0203b24023b931025dc1ce1325/servers/64c32d27-d9f1-4a8b-b34e-ff178e9d116e 0.163s
2018-06-13 01:12:36.522 24165 INFO tempest.lib.common.rest_client [req-4deec235-dfb9-48fe-8b18-3d2e85f83a19 ] Request (TestServerMultinode:test_schedule_to_all_nodes): 200 GET http://10.13.3.202:8774/v2/7586db5e59cb4e09b0d8e8db00f72a9c/servers/eb389745-4f97-4c35-b39c-75d03de9a88f 0.385s
2018-06-13 01:12:36.538 24170 INFO tempest.lib.common.rest_client [req-8fae3371-32b3-43a3-a0f8-e8df80876ba5 ] Request (ServersTestManualDisk:tearDownClass): 200 GET http://10.13.3.202:8774/v2/81f43c0203b24023b931025dc1ce1325/servers/64c32d27-d9f1-4a8b-b34e-ff178e9d116e 0.149s
2018-06-13 01:12:37.208 24166 INFO tempest.lib.common.rest_client [txe0277a3d661f47da90120-005b206175 ] Request (AccountTest:tearDownClass): 204 DELETE http://10.13.3.245:8080/v1/AUTH_d450237c2ea54248a0b4be9ace90cc88/tempest-b'a'--501324639 0.015s
2018-06-13 01:12:37.304 24166 INFO tempest.lib.common.rest_client [req-09c334e5-6b25-43c3-9190-2dc522606f50 ] Request (AccountTest:tearDownClass): 204 DELETE http://10.13.3.249:35357/v3/users/28f28fd66c3d473ca461fdd8578bd604 0.096s
2018-06-13 01:12:37.576 24170 INFO tempest.lib.common.rest_client [req-d3a8b6ab-31a2-41a3-984a-f16edde7629d ] Request (ServersTestManualDisk:tearDownClass): 404 GET http://10.13.3.202:8774/v2/81f43c0203b24023b931025dc1ce1325/servers/64c32d27-d9f1-4a8b-b34e-ff178e9d116e 0.034s
2018-06-13 01:12:37.586 24166 INFO tempest.lib.common.rest_client [req-b9c2740e-1cb9-4e37-834a-80f4c2d44a4b ] Request (AccountTest:tearDownClass): 201 POST http://10.13.3.249:5000/v3/auth/tokens
2018-06-13 01:12:37.720 24165 INFO tempest.lib.common.rest_client [req-7d498d63-df0a-464a-80bd-310eb4e5e432 ] Request (TestServerMultinode:test_schedule_to_all_nodes): 200 GET http://10.13.3.202:8774/v2/7586db5e59cb4e09b0d8e8db00f72a9c/servers/eb389745-4f97-4c35-b39c-75d03de9a88f 0.192s
2018-06-13 01:12:37.723 24165 INFO tempest.common.waiters [-] State transition "BUILD/spawning" ==> "ACTIVE/None" after 10 second wait
2018-06-13 01:12:37.792 24166 INFO tempest.lib.common.rest_client [req-92766f52-08af-449e-b766-275d32ae4431 ] Request (AccountTest:tearDownClass): 200 GET http://10.13.3.217:9696/v2.0/security-groups?tenant_id=83d46fd89624430294b0e548a84dcbb7&name=default 0.206s
2018-06-13 01:12:37.880 24165 INFO tempest.lib.common.rest_client [req-7e6c82f5-240d-45e2-a355-5089425e9ba2 ] Request (TestServerMultinode:test_schedule_to_all_nodes): 200 GET http://10.13.3.202:8774/v2/7586db5e59cb4e09b0d8e8db00f72a9c/servers/eb389745-4f97-4c35-b39c-75d03de9a88f 0.156s
2018-06-13 01:12:37.901 24166 INFO tempest.lib.common.rest_client [req-3092c418-12d1-4812-ab5e-8243490410d5 ] Request (AccountTest:tearDownClass): 204 DELETE http://10.13.3.217:9696/v2.0/security-groups/f7f6ea66-6c7c-4b92-8e61-7a7bcce07c95 0.108s
2018-06-13 01:12:37.980 24166 INFO tempest.lib.common.rest_client [req-8c72b990-1eda-434d-820a-9e5371ceb261 ] Request (AccountTest:tearDownClass): 204 DELETE http://10.13.3.249:35357/v3/projects/83d46fd89624430294b0e548a84dcbb7 0.079s
2018-06-13 01:12:38.044 24166 INFO tempest.lib.common.rest_client [req-85996aeb-8c31-4d4a-bcd5-f215631f0b79 ] Request (AccountTest:tearDownClass): 204 DELETE http://10.13.3.249:35357/v3/users/6c986081a45947a198953f8abca48fd0 0.063s
2018-06-13 01:12:38.051 24165 INFO tempest.lib.common.rest_client [req-4d0a62e8-a7c1-45ef-8d82-e0473e363cc6 ] Request (TestServerMultinode:test_schedule_to_all_nodes): 200 GET http://10.13.3.202:8774/v2/7586db5e59cb4e09b0d8e8db00f72a9c/servers/eb389745-4f97-4c35-b39c-75d03de9a88f 0.168s
2018-06-13 01:12:38.125 24165 INFO tempest.lib.common.rest_client [req-78f9ce20-f4d8-45c2-a456-3685e85a28e0 ] Request (TestServerMultinode:_run_cleanups): 204 DELETE http://10.13.3.202:8774/v2/7586db5e59cb4e09b0d8e8db00f72a9c/servers/eb389745-4f97-4c35-b39c-75d03de9a88f 0.070s
2018-06-13 01:12:38.373 24131 INFO tempest.lib.common.rest_client [req-0c2c4e1f-87c4-469e-b02f-cb2dd114edb9 ] Request (TestNetworkBasicOps:test_network_basic_ops): 200 GET http://10.13.3.217:9696/v2.0/subnets?network_id=3d7b862c-53c2-41ac-ba8f-68a191e5f4dd 0.046s
2018-06-13 01:12:38.373 24131 INFO tempest.lib.common.ssh [-] Creating ssh connection to '10.13.3.131:22' as 'root' with public key authentication
2018-06-13 01:12:38.381 24131 INFO paramiko.transport [-] Connected (version 2.0, client OpenSSH_7.2p2)
2018-06-13 01:12:38.408 24165 INFO tempest.lib.common.rest_client [req-e055f727-7725-4a85-bd9c-6e55780c46d7 ] Request (TestServerMultinode:_run_cleanups): 200 GET http://10.13.3.202:8774/v2/7586db5e59cb4e09b0d8e8db00f72a9c/servers/eb389745-4f97-4c35-b39c-75d03de9a88f 0.282s
2018-06-13 01:12:38.469 24131 INFO paramiko.transport [-] Authentication (publickey) successful!
2018-06-13 01:12:38.469 24131 INFO tempest.lib.common.ssh [-] ssh connection to root@10.13.3.131 successfully created
2018-06-13 01:12:38.469 24131 INFO tempest.lib.common.ssh [-] Creating ssh connection to '10.13.3.131:22' as 'root' with public key authentication
2018-06-13 01:12:38.491 24131 INFO paramiko.transport [-] Connected (version 2.0, client OpenSSH_7.2p2)
2018-06-13 01:12:38.496 24166 INFO tempest.lib.common.rest_client [req-a71b852c-bf86-4cec-92c1-c0b4eb09fed1 ] Request (AccountTest:tearDownClass): 200 GET http://10.13.3.217:9696/v2.0/security-groups?tenant_id=d450237c2ea54248a0b4be9ace90cc88&name=default 0.452s
2018-06-13 01:12:38.559 24131 INFO paramiko.transport [-] Authentication (publickey) successful!
2018-06-13 01:12:38.559 24131 INFO tempest.lib.common.ssh [-] ssh connection to root@10.13.3.131 successfully created
2018-06-13 01:12:38.591 24166 INFO tempest.lib.common.rest_client [req-c0e7f8d2-8eba-49bd-9102-d84577557c1d ] Request (AccountTest:tearDownClass): 204 DELETE http://10.13.3.217:9696/v2.0/security-groups/daaf5218-1763-4c5d-92e1-6fc21a35967e 0.094s
2018-06-13 01:12:38.680 24166 INFO tempest.lib.common.rest_client [req-334c031c-d255-46a1-b5e3-595731fd3bbd ] Request (AccountTest:tearDownClass): 204 DELETE http://10.13.3.249:35357/v3/projects/d450237c2ea54248a0b4be9ace90cc88 0.088s
2018-06-13 01:12:38.961 24166 INFO tempest.lib.common.rest_client [req-91f44d44-066b-476a-ba23-336e24f0ae0c ] Request (ObjectTest:setUpClass): 201 POST http://10.13.3.249:5000/v3/auth/tokens
2018-06-13 01:12:39.229 24166 INFO tempest.lib.common.rest_client [req-bd5497e7-2bb4-4ef2-8593-f85acfd55331 ] Request (ObjectTest:setUpClass): 201 POST http://10.13.3.249:5000/v3/auth/tokens
2018-06-13 01:12:39.253 24166 INFO tempest.lib.common.rest_client [req-92ead95f-cf7b-43c8-a14e-8e3e179e5bec ] Request (ObjectTest:setUpClass): 200 GET http://10.13.3.249:35357/v3/domains?name=admin_domain 0.023s
2018-06-13 01:12:39.373 24166 INFO tempest.lib.common.rest_client [req-169add45-fd64-4e0a-b85a-a72c9913c418 ] Request (ObjectTest:setUpClass): 201 POST http://10.13.3.249:35357/v3/projects 0.120s
2018-06-13 01:12:39.432 24170 INFO tempest.lib.common.rest_client [req-55f7c8dc-1b2b-4db8-9034-345134c7ba82 ] Request (ServersTestManualDisk:tearDownClass): 200 PUT http://10.13.3.217:9696/v2.0/routers/13ed9a30-bd7f-4745-8559-bb8af5c7a787/remove_router_interface 1.855s
2018-06-13 01:12:39.515 24165 INFO tempest.lib.common.rest_client [req-436b0759-f841-467b-9e17-ed55df5788c2 ] Request (TestServerMultinode:_run_cleanups): 200 GET http://10.13.3.202:8774/v2/7586db5e59cb4e09b0d8e8db00f72a9c/servers/eb389745-4f97-4c35-b39c-75d03de9a88f 0.102s
2018-06-13 01:12:39.612 24166 INFO tempest.lib.common.rest_client [req-680f6da2-0bf9-43a2-881b-188755329ee2 ] Request (ObjectTest:setUpClass): 201 POST http://10.13.3.249:35357/v3/users 0.238s
2018-06-13 01:12:39.632 24166 INFO tempest.lib.common.rest_client [req-8031e507-df80-4c67-930f-d9d1961e9c72 ] Request (ObjectTest:setUpClass): 200 GET http://10.13.3.249:35357/v3/roles 0.019s
2018-06-13 01:12:39.676 24166 INFO tempest.lib.common.rest_client [req-d3e14dd8-cf85-4f00-a4f9-611abe28083e ] Request (ObjectTest:setUpClass): 204 PUT http://10.13.3.249:35357/v3/projects/0dbfa7ef148f49d188df3daa21c779bd/users/7b6bcc7891d641538198a426ac1bdbc5/roles/2b9fb9dd7ce3401f8fde1932a8d9e459 0.044s
2018-06-13 01:12:39.677 24166 INFO tempest.lib.common.dynamic_creds [-] Acquired dynamic creds:
 credentials: Credentials: {'project_name': 'tempest-ObjectTest-1104386651', 'domain_id': '6d70ddef57f143c3b3c78b3576c4fbad', 'user_domain_name': 'admin_domain', 'domain_name': 'admin_domain', 'project_domain_id': '6d70ddef57f143c3b3c78b3576c4fbad', 'username': 'tempest-ObjectTest-1104386651', 'tenant_id': '0dbfa7ef148f49d188df3daa21c779bd', 'user_id': '7b6bcc7891d641538198a426ac1bdbc5', 'user_domain_id': '6d70ddef57f143c3b3c78b3576c4fbad', 'project_domain_name': 'admin_domain', 'project_id': '0dbfa7ef148f49d188df3daa21c779bd', 'tenant_name': 'tempest-ObjectTest-1104386651'}, Network: None, Subnet: None, Router: None
2018-06-13 01:12:39.677 24166 INFO tempest.lib.common.dynamic_creds [-] Created isolated network resources for : 
 credentials: Credentials: {'project_name': 'tempest-ObjectTest-1104386651', 'domain_id': '6d70ddef57f143c3b3c78b3576c4fbad', 'user_domain_name': 'admin_domain', 'domain_name': 'admin_domain', 'project_domain_id': '6d70ddef57f143c3b3c78b3576c4fbad', 'username': 'tempest-ObjectTest-1104386651', 'tenant_id': '0dbfa7ef148f49d188df3daa21c779bd', 'user_id': '7b6bcc7891d641538198a426ac1bdbc5', 'user_domain_id': '6d70ddef57f143c3b3c78b3576c4fbad', 'project_domain_name': 'admin_domain', 'project_id': '0dbfa7ef148f49d188df3daa21c779bd', 'tenant_name': 'tempest-ObjectTest-1104386651'}, Network: None, Subnet: None, Router: None
2018-06-13 01:12:39.985 24166 INFO tempest.lib.common.rest_client [req-3583936a-6b87-4722-a6be-a656ab4a1f92 ] Request (ObjectTest:setUpClass): 201 POST http://10.13.3.249:5000/v3/auth/tokens
2018-06-13 01:12:40.237 24166 INFO tempest.lib.common.rest_client [req-1c73e2a2-5e7c-4d32-8e87-4bd06b31a2e9 ] Request (ObjectTest:setUpClass): 201 POST http://10.13.3.249:5000/v3/auth/tokens
2018-06-13 01:12:40.371 24166 INFO tempest.lib.common.rest_client [tx65a474f6e7074c7099d69-005b206178 ] Request (ObjectTest:setUpClass): 200 GET http://10.13.3.245:8080/info 0.133s
2018-06-13 01:12:40.418 24166 INFO tempest.lib.common.rest_client [txb77e8dd6f3a3480bb2506-005b206178 ] Request (ObjectTest:setUpClass): 201 PUT http://10.13.3.245:8080/v1/AUTH_0dbfa7ef148f49d188df3daa21c779bd/tempest-TestContainer-1649960071 0.047s
2018-06-13 01:12:40.440 24166 INFO tempest.lib.common.rest_client [txfe423ecea1bf48d1a69d1-005b206178 ] Request (ObjectTest:test_create_object): 201 PUT http://10.13.3.245:8080/v1/AUTH_0dbfa7ef148f49d188df3daa21c779bd/tempest-TestContainer-1649960071/tempest-TestObject-881472622 0.019s
2018-06-13 01:12:40.474 24166 INFO tempest.lib.common.rest_client [tx425c49c51c014b44ad21f-005b206178 ] Request (ObjectTest:test_create_object): 201 PUT http://10.13.3.245:8080/v1/AUTH_0dbfa7ef148f49d188df3daa21c779bd/tempest-TestContainer-1649960071/tempest-TestObject-1407509824 0.033s
2018-06-13 01:12:40.477 24170 INFO tempest.lib.common.rest_client [req-8b03fe8e-a7a9-4444-add1-9184469e87a6 ] Request (ServersTestManualDisk:tearDownClass): 204 DELETE http://10.13.3.217:9696/v2.0/routers/13ed9a30-bd7f-4745-8559-bb8af5c7a787 1.044s
2018-06-13 01:12:40.481 24166 INFO tempest.lib.common.rest_client [tx64f759335d2c4d8bbaafc-005b206178 ] Request (ObjectTest:test_create_object): 200 GET http://10.13.3.245:8080/v1/AUTH_0dbfa7ef148f49d188df3daa21c779bd/tempest-TestContainer-1649960071/tempest-TestObject-1407509824 0.006s
{18} tempest.api.object_storage.test_object_services.ObjectTest.test_create_object [0.062918s] ... ok
2018-06-13 01:12:40.498 24166 INFO tempest.lib.common.rest_client [tx873c7c5dea694e938f03e-005b206178 ] Request (ObjectTest:test_get_object): 201 PUT http://10.13.3.245:8080/v1/AUTH_0dbfa7ef148f49d188df3daa21c779bd/tempest-TestContainer-1649960071/tempest-TestObject-189665873 0.014s
2018-06-13 01:12:40.506 24166 INFO tempest.lib.common.rest_client [tx2ebd165b7c3a4f72a9b71-005b206178 ] Request (ObjectTest:test_get_object): 200 GET http://10.13.3.245:8080/v1/AUTH_0dbfa7ef148f49d188df3daa21c779bd/tempest-TestContainer-1649960071/tempest-TestObject-189665873 0.007s
{18} tempest.api.object_storage.test_object_services.ObjectTest.test_get_object [0.024202s] ... ok
2018-06-13 01:12:40.523 24166 INFO tempest.lib.common.rest_client [txf659637cc3744283abd9e-005b206178 ] Request (ObjectTest:test_list_object_metadata): 201 PUT http://10.13.3.245:8080/v1/AUTH_0dbfa7ef148f49d188df3daa21c779bd/tempest-TestContainer-1649960071/tempest-TestObject-1703371144 0.016s
2018-06-13 01:12:40.530 24166 INFO tempest.lib.common.rest_client [tx5145a572c6d8446ab4c26-005b206178 ] Request (ObjectTest:test_list_object_metadata): 200 HEAD http://10.13.3.245:8080/v1/AUTH_0dbfa7ef148f49d188df3daa21c779bd/tempest-TestContainer-1649960071/tempest-TestObject-1703371144 0.006s
{18} tempest.api.object_storage.test_object_services.ObjectTest.test_list_object_metadata [0.024099s] ... ok
2018-06-13 01:12:40.547 24166 INFO tempest.lib.common.rest_client [tx4b58d379796f447294df5-005b206178 ] Request (ObjectTest:test_update_object_metadata): 201 PUT http://10.13.3.245:8080/v1/AUTH_0dbfa7ef148f49d188df3daa21c779bd/tempest-TestContainer-1649960071/tempest-TestObject-1633592349 0.014s
2018-06-13 01:12:40.555 24165 INFO tempest.lib.common.rest_client [req-a48e8c87-2638-487e-9acb-a7a444ab2889 ] Request (TestServerMultinode:_run_cleanups): 404 GET http://10.13.3.202:8774/v2/7586db5e59cb4e09b0d8e8db00f72a9c/servers/eb389745-4f97-4c35-b39c-75d03de9a88f 0.036s
2018-06-13 01:12:40.560 24166 INFO tempest.lib.common.rest_client [tx40379a4b5765424f916cc-005b206178 ] Request (ObjectTest:test_update_object_metadata): 202 POST http://10.13.3.245:8080/v1/AUTH_0dbfa7ef148f49d188df3daa21c779bd/tempest-TestContainer-1649960071/tempest-TestObject-1633592349 0.013s
2018-06-13 01:12:40.566 24166 INFO tempest.lib.common.rest_client [tx4768d364bbb64d84a3ee4-005b206178 ] Request (ObjectTest:test_update_object_metadata): 200 HEAD http://10.13.3.245:8080/v1/AUTH_0dbfa7ef148f49d188df3daa21c779bd/tempest-TestContainer-1649960071/tempest-TestObject-1633592349 0.006s
{18} tempest.api.object_storage.test_object_services.ObjectTest.test_update_object_metadata [0.036044s] ... ok
2018-06-13 01:12:40.578 24166 INFO tempest.lib.common.rest_client [txa95510a445ff4dc383076-005b206178 ] Request (ObjectTest:tearDownClass): 200 GET http://10.13.3.245:8080/v1/AUTH_0dbfa7ef148f49d188df3daa21c779bd/tempest-TestContainer-1649960071?&format=json&limit=9999 0.010s
2018-06-13 01:12:40.590 24166 INFO tempest.lib.common.rest_client [tx14db0d3a233b41f28ca40-005b206178 ] Request (ObjectTest:tearDownClass): 204 DELETE http://10.13.3.245:8080/v1/AUTH_0dbfa7ef148f49d188df3daa21c779bd/tempest-TestContainer-1649960071/tempest-TestObject-1407509824 0.012s
2018-06-13 01:12:40.601 24166 INFO tempest.lib.common.rest_client [tx9b6578a14fde42579a5d9-005b206178 ] Request (ObjectTest:tearDownClass): 204 DELETE http://10.13.3.245:8080/v1/AUTH_0dbfa7ef148f49d188df3daa21c779bd/tempest-TestContainer-1649960071/tempest-TestObject-1633592349 0.011s
2018-06-13 01:12:40.612 24166 INFO tempest.lib.common.rest_client [txf874f54699754d63b4491-005b206178 ] Request (ObjectTest:tearDownClass): 204 DELETE http://10.13.3.245:8080/v1/AUTH_0dbfa7ef148f49d188df3daa21c779bd/tempest-TestContainer-1649960071/tempest-TestObject-1703371144 0.011s
2018-06-13 01:12:40.623 24166 INFO tempest.lib.common.rest_client [tx6a3bb2bfcc3f44f1ba2da-005b206178 ] Request (ObjectTest:tearDownClass): 204 DELETE http://10.13.3.245:8080/v1/AUTH_0dbfa7ef148f49d188df3daa21c779bd/tempest-TestContainer-1649960071/tempest-TestObject-189665873 0.010s
2018-06-13 01:12:40.630 24165 INFO tempest.lib.common.rest_client [req-f547a18c-47c0-4632-9395-0e3032e84a32 ] Request (TestServerMultinode:_run_cleanups): 204 DELETE http://10.13.3.202:8774/v2/7586db5e59cb4e09b0d8e8db00f72a9c/servers/ca542d71-55d3-414e-b2b8-1d07051df8e5 0.074s
2018-06-13 01:12:40.633 24166 INFO tempest.lib.common.rest_client [tx239d1af24b214022aea99-005b206178 ] Request (ObjectTest:tearDownClass): 204 DELETE http://10.13.3.245:8080/v1/AUTH_0dbfa7ef148f49d188df3daa21c779bd/tempest-TestContainer-1649960071/tempest-TestObject-881472622 0.010s
2018-06-13 01:12:40.847 24165 INFO tempest.lib.common.rest_client [req-3b272779-bb00-49dd-8ac5-3c83fead7d68 ] Request (TestServerMultinode:_run_cleanups): 200 GET http://10.13.3.202:8774/v2/7586db5e59cb4e09b0d8e8db00f72a9c/servers/ca542d71-55d3-414e-b2b8-1d07051df8e5 0.216s
2018-06-13 01:12:41.209 24170 INFO tempest.lib.common.rest_client [req-3c688f26-b856-4fb2-b34e-ce8d04aa7a7c ] Request (ServersTestManualDisk:tearDownClass): 204 DELETE http://10.13.3.217:9696/v2.0/subnets/c0c66942-7d15-4ab9-a3de-1e684e5ba758 0.732s
2018-06-13 01:12:42.166 24165 INFO tempest.lib.common.rest_client [req-8cf17d8d-cdee-4c43-b36f-1c1b24d62e81 ] Request (TestServerMultinode:_run_cleanups): 200 GET http://10.13.3.202:8774/v2/7586db5e59cb4e09b0d8e8db00f72a9c/servers/ca542d71-55d3-414e-b2b8-1d07051df8e5 0.315s
2018-06-13 01:12:42.212 24170 INFO tempest.lib.common.rest_client [req-b9e4e48e-2560-4d02-8af5-ae6d2d2c8278 ] Request (ServersTestManualDisk:tearDownClass): 204 DELETE http://10.13.3.217:9696/v2.0/networks/1505b746-3d50-4665-be6f-63c6b0481b1e 1.002s
2018-06-13 01:12:42.302 24170 INFO tempest.lib.common.rest_client [req-64352375-17e1-4e7c-a2b4-1919907f7cdf ] Request (ServersTestManualDisk:tearDownClass): 204 DELETE http://10.13.3.249:35357/v3/users/12cfb50a884e486a812b1d4ae317c1b8 0.090s
2018-06-13 01:12:42.338 24170 INFO tempest.lib.common.rest_client [req-2bb2a4ca-f874-4048-8b19-2565e3cdb20d ] Request (ServersTestManualDisk:tearDownClass): 200 GET http://10.13.3.217:9696/v2.0/security-groups?tenant_id=81f43c0203b24023b931025dc1ce1325&name=default 0.035s
2018-06-13 01:12:42.449 24170 INFO tempest.lib.common.rest_client [req-653e0440-361c-49a5-8e09-a7d53a81746e ] Request (ServersTestManualDisk:tearDownClass): 204 DELETE http://10.13.3.217:9696/v2.0/security-groups/2877c33b-89e0-4146-bc57-f9bc16efa22b 0.111s
2018-06-13 01:12:42.537 24170 INFO tempest.lib.common.rest_client [req-38e8efb0-526b-493c-b358-f75d0cd3e93f ] Request (ServersTestManualDisk:tearDownClass): 204 DELETE http://10.13.3.249:35357/v3/projects/81f43c0203b24023b931025dc1ce1325 0.087s
2018-06-13 01:12:42.658 24166 INFO tempest.lib.common.rest_client [txe6fccce0c86b4575af5a9-005b20617a ] Request (ObjectTest:tearDownClass): 204 DELETE http://10.13.3.245:8080/v1/AUTH_0dbfa7ef148f49d188df3daa21c779bd/tempest-TestContainer-1649960071 0.023s
2018-06-13 01:12:42.785 24166 INFO tempest.lib.common.rest_client [req-34e66a6a-a4bf-4f7f-98ab-a73937037f94 ] Request (ObjectTest:tearDownClass): 204 DELETE http://10.13.3.249:35357/v3/users/7b6bcc7891d641538198a426ac1bdbc5 0.126s
2018-06-13 01:12:42.836 24170 INFO tempest.lib.common.rest_client [req-a95e02fb-4f83-4556-bbee-5735069b7d1a ] Request (TestVersions:setUpClass): 201 POST http://10.13.3.249:5000/v3/auth/tokens
2018-06-13 01:12:43.095 24166 INFO tempest.lib.common.rest_client [req-5fad23d4-4eab-4b11-90af-909d9db3a53d ] Request (ObjectTest:tearDownClass): 201 POST http://10.13.3.249:5000/v3/auth/tokens
2018-06-13 01:12:43.114 24170 INFO tempest.lib.common.rest_client [req-bf72dc6f-103e-448b-b6c1-d6873542bb5a ] Request (TestVersions:setUpClass): 201 POST http://10.13.3.249:5000/v3/auth/tokens
2018-06-13 01:12:43.193 24170 INFO tempest.lib.common.rest_client [req-1266438a-9dde-4c0a-83c1-9c4aad31f7d7 ] Request (TestVersions:setUpClass): 200 GET http://10.13.3.249:35357/v3/domains?name=admin_domain 0.079s
2018-06-13 01:12:43.206 24165 INFO tempest.lib.common.rest_client [req-f624975b-cc88-4935-8d12-ac14b8e48ae1 ] Request (TestServerMultinode:_run_cleanups): 404 GET http://10.13.3.202:8774/v2/7586db5e59cb4e09b0d8e8db00f72a9c/servers/ca542d71-55d3-414e-b2b8-1d07051df8e5 0.035s
2018-06-13 01:12:43.223 24170 INFO tempest.lib.common.rest_client [req-1bb629c1-1828-46e3-bd92-b5a48aec291a ] Request (TestVersions:setUpClass): 201 POST http://10.13.3.249:35357/v3/projects 0.029s
2018-06-13 01:12:43.276 24165 INFO tempest.lib.common.rest_client [req-0a00469a-6ad2-4fcc-a1fc-536f89b2ab4f ] Request (TestServerMultinode:_run_cleanups): 204 DELETE http://10.13.3.202:8774/v2/7586db5e59cb4e09b0d8e8db00f72a9c/servers/b0c957ee-6a71-415a-9fbc-8a627fa0638b 0.070s
2018-06-13 01:12:43.421 24166 INFO tempest.lib.common.rest_client [req-b43d0aa6-02d5-4bcb-9ec7-e12bf0116724 ] Request (ObjectTest:tearDownClass): 200 GET http://10.13.3.217:9696/v2.0/security-groups?tenant_id=0dbfa7ef148f49d188df3daa21c779bd&name=default 0.325s
2018-06-13 01:12:43.435 24165 INFO tempest.lib.common.rest_client [req-f7df6aca-b86d-4d6c-bf7d-5edf66132ea4 ] Request (TestServerMultinode:_run_cleanups): 200 GET http://10.13.3.202:8774/v2/7586db5e59cb4e09b0d8e8db00f72a9c/servers/b0c957ee-6a71-415a-9fbc-8a627fa0638b 0.159s
2018-06-13 01:12:43.469 24170 INFO tempest.lib.common.rest_client [req-845a1b64-1b4e-453c-b31f-b5f463b45592 ] Request (TestVersions:setUpClass): 201 POST http://10.13.3.249:35357/v3/users 0.245s
2018-06-13 01:12:43.490 24170 INFO tempest.lib.common.rest_client [req-19b1eb83-135a-4974-807b-588a5fffad7a ] Request (TestVersions:setUpClass): 200 GET http://10.13.3.249:35357/v3/roles 0.021s
2018-06-13 01:12:43.509 24170 INFO tempest.lib.common.rest_client [req-3a347add-78a2-4ddd-8fb5-22bf42e39241 ] Request (TestVersions:setUpClass): 200 GET http://10.13.3.249:35357/v3/roles 0.018s
2018-06-13 01:12:43.541 24166 INFO tempest.lib.common.rest_client [req-2cc4bebd-e7c7-4a5d-af5e-6e0fb6cc8920 ] Request (ObjectTest:tearDownClass): 204 DELETE http://10.13.3.217:9696/v2.0/security-groups/ecf992fa-00d9-42c9-a110-f1ed001c8cee 0.119s
2018-06-13 01:12:43.552 24170 INFO tempest.lib.common.rest_client [req-de36752a-800b-4cc7-bf92-6afe4ae5df05 ] Request (TestVersions:setUpClass): 204 PUT http://10.13.3.249:35357/v3/projects/f2bd57e9541047a388d10bdd970fa8e7/users/dc57aaa247254fe596dcc6d5cdb53425/roles/2b9fb9dd7ce3401f8fde1932a8d9e459 0.042s
2018-06-13 01:12:43.552 24170 INFO tempest.lib.common.dynamic_creds [-] Acquired dynamic creds:
 credentials: Credentials: {'project_id': 'f2bd57e9541047a388d10bdd970fa8e7', 'username': 'tempest-TestVersions-45772653', 'domain_id': '6d70ddef57f143c3b3c78b3576c4fbad', 'tenant_name': 'tempest-TestVersions-45772653', 'user_domain_id': '6d70ddef57f143c3b3c78b3576c4fbad', 'project_domain_id': '6d70ddef57f143c3b3c78b3576c4fbad', 'project_domain_name': 'admin_domain', 'domain_name': 'admin_domain', 'tenant_id': 'f2bd57e9541047a388d10bdd970fa8e7', 'user_domain_name': 'admin_domain', 'user_id': 'dc57aaa247254fe596dcc6d5cdb53425', 'project_name': 'tempest-TestVersions-45772653'}, Network: None, Subnet: None, Router: None
2018-06-13 01:12:43.552 24170 INFO tempest.lib.common.dynamic_creds [-] Created isolated network resources for : 
 credentials: Credentials: {'project_id': 'f2bd57e9541047a388d10bdd970fa8e7', 'username': 'tempest-TestVersions-45772653', 'domain_id': '6d70ddef57f143c3b3c78b3576c4fbad', 'tenant_name': 'tempest-TestVersions-45772653', 'user_domain_id': '6d70ddef57f143c3b3c78b3576c4fbad', 'project_domain_id': '6d70ddef57f143c3b3c78b3576c4fbad', 'project_domain_name': 'admin_domain', 'domain_name': 'admin_domain', 'tenant_id': 'f2bd57e9541047a388d10bdd970fa8e7', 'user_domain_name': 'admin_domain', 'user_id': 'dc57aaa247254fe596dcc6d5cdb53425', 'project_name': 'tempest-TestVersions-45772653'}, Network: None, Subnet: None, Router: None
2018-06-13 01:12:43.643 24166 INFO tempest.lib.common.rest_client [req-49a07761-f05d-464b-84ef-c8813b5e1360 ] Request (ObjectTest:tearDownClass): 204 DELETE http://10.13.3.249:35357/v3/projects/0dbfa7ef148f49d188df3daa21c779bd 0.101s
{18} setUpClass (tempest.api.volume.test_volumes_get.VolumesGetTest) ... SKIPPED: VolumesGetTest skipped as Cinder is not available
sys:1: ResourceWarning: unclosed file <_io.FileIO name=1 mode='wb' closefd=True>
2018-06-13 01:12:43.881 24170 INFO tempest.lib.common.rest_client [req-5eb6d594-7884-4511-8f56-ffefdcacef1f ] Request (TestVersions:setUpClass): 201 POST http://10.13.3.249:5000/v3/auth/tokens
2018-06-13 01:12:43.884 24170 INFO tempest.lib.common.rest_client [-] Request (TestVersions:test_get_version_details): 200 GET http://10.13.3.202:8774/ 0.003s
{19} tempest.api.compute.test_versions.TestVersions.test_get_version_details [0.100953s] ... ok
2018-06-13 01:12:43.984 24170 INFO tempest.lib.common.rest_client [-] Request (TestVersions:test_list_api_versions): 200 GET http://10.13.3.202:8774/ 0.002s
{19} tempest.api.compute.test_versions.TestVersions.test_list_api_versions [0.002971s] ... ok
2018-06-13 01:12:44.068 24170 INFO tempest.lib.common.rest_client [req-61f10c13-84a5-48bb-8349-90f7e55df03a ] Request (TestVersions:tearDownClass): 204 DELETE http://10.13.3.249:35357/v3/users/dc57aaa247254fe596dcc6d5cdb53425 0.079s
2018-06-13 01:12:44.360 24170 INFO tempest.lib.common.rest_client [req-8f3e9d39-1acf-4193-87d0-3d2833634368 ] Request (TestVersions:tearDownClass): 201 POST http://10.13.3.249:5000/v3/auth/tokens
2018-06-13 01:12:44.557 24170 INFO tempest.lib.common.rest_client [req-9b3f89da-8abe-40a5-9b04-bc3015e4b370 ] Request (TestVersions:tearDownClass): 200 GET http://10.13.3.217:9696/v2.0/security-groups?tenant_id=f2bd57e9541047a388d10bdd970fa8e7&name=default 0.196s
2018-06-13 01:12:44.608 24165 INFO tempest.lib.common.rest_client [req-b2a00b28-a15d-4ecd-8709-0d281d1c56e7 ] Request (TestServerMultinode:_run_cleanups): 200 GET http://10.13.3.202:8774/v2/7586db5e59cb4e09b0d8e8db00f72a9c/servers/b0c957ee-6a71-415a-9fbc-8a627fa0638b 0.167s
2018-06-13 01:12:44.659 24170 INFO tempest.lib.common.rest_client [req-7241d25a-3bc1-4fed-95fd-2d930fa7dea4 ] Request (TestVersions:tearDownClass): 204 DELETE http://10.13.3.217:9696/v2.0/security-groups/e5ef9c4f-6d84-4396-99ab-bed523f8f1cc 0.102s
2018-06-13 01:12:44.738 24170 INFO tempest.lib.common.rest_client [req-38cbe602-7b7d-4c00-be74-39ce156e960c ] Request (TestVersions:tearDownClass): 204 DELETE http://10.13.3.249:35357/v3/projects/f2bd57e9541047a388d10bdd970fa8e7 0.079s
2018-06-13 01:12:45.028 24170 INFO tempest.lib.common.rest_client [req-2ab5400d-e7c6-4882-a99e-b17e0fc28c34 ] Request (DefaultDomainTestJSON:setUpClass): 201 POST http://10.13.3.249:5000/v3/auth/tokens
2018-06-13 01:12:45.311 24170 INFO tempest.lib.common.rest_client [req-bf723e0e-bfad-4797-9734-fb522549b579 ] Request (DefaultDomainTestJSON:setUpClass): 201 POST http://10.13.3.249:5000/v3/auth/tokens
2018-06-13 01:12:45.333 24170 INFO tempest.lib.common.rest_client [req-9008eac9-4594-43e3-993c-fe1ff55c773c ] Request (DefaultDomainTestJSON:setUpClass): 200 GET http://10.13.3.249:35357/v3/domains?name=admin_domain 0.021s
2018-06-13 01:12:45.356 24170 INFO tempest.lib.common.rest_client [req-f39bc931-67a8-49ac-b378-20150da2b24c ] Request (DefaultDomainTestJSON:setUpClass): 201 POST http://10.13.3.249:35357/v3/projects 0.022s
2018-06-13 01:12:45.596 24170 INFO tempest.lib.common.rest_client [req-bb794974-3d30-4839-b83e-47c0541367f1 ] Request (DefaultDomainTestJSON:setUpClass): 201 POST http://10.13.3.249:35357/v3/users 0.240s
2018-06-13 01:12:45.615 24170 INFO tempest.lib.common.rest_client [req-a31806b4-5624-4953-900e-96746e1e4eda ] Request (DefaultDomainTestJSON:setUpClass): 200 GET http://10.13.3.249:35357/v3/roles 0.019s
2018-06-13 01:12:45.633 24170 INFO tempest.lib.common.rest_client [req-97498b63-2bfa-490c-9099-ac0b29f1b6d4 ] Request (DefaultDomainTestJSON:setUpClass): 200 GET http://10.13.3.249:35357/v3/roles 0.018s
2018-06-13 01:12:45.651 24165 INFO tempest.lib.common.rest_client [req-f2e18ad7-de00-4d27-9183-d8f27a72b079 ] Request (TestServerMultinode:_run_cleanups): 404 GET http://10.13.3.202:8774/v2/7586db5e59cb4e09b0d8e8db00f72a9c/servers/b0c957ee-6a71-415a-9fbc-8a627fa0638b 0.038s
{17} tempest.scenario.test_server_multinode.TestServerMultinode.test_schedule_to_all_nodes [45.419453s] ... ok
2018-06-13 01:12:45.677 24170 INFO tempest.lib.common.rest_client [req-e8d41797-b415-4bef-9892-b9c6e32894b4 ] Request (DefaultDomainTestJSON:setUpClass): 204 PUT http://10.13.3.249:35357/v3/projects/818fa0428e5c46a980d667989f22e839/users/11dfbbb00b474aa48eaa67b677ca9d7f/roles/2b9fb9dd7ce3401f8fde1932a8d9e459 0.043s
2018-06-13 01:12:45.677 24170 INFO tempest.lib.common.dynamic_creds [-] Acquired dynamic creds:
 credentials: Credentials: {'project_id': '818fa0428e5c46a980d667989f22e839', 'username': 'tempest-DefaultDomainTestJSON-44439158', 'domain_id': '6d70ddef57f143c3b3c78b3576c4fbad', 'tenant_name': 'tempest-DefaultDomainTestJSON-44439158', 'user_domain_id': '6d70ddef57f143c3b3c78b3576c4fbad', 'project_domain_id': '6d70ddef57f143c3b3c78b3576c4fbad', 'project_domain_name': 'admin_domain', 'domain_name': 'admin_domain', 'tenant_id': '818fa0428e5c46a980d667989f22e839', 'user_domain_name': 'admin_domain', 'user_id': '11dfbbb00b474aa48eaa67b677ca9d7f', 'project_name': 'tempest-DefaultDomainTestJSON-44439158'}, Network: None, Subnet: None, Router: None
2018-06-13 01:12:45.677 24170 INFO tempest.lib.common.dynamic_creds [-] Created isolated network resources for : 
 credentials: Credentials: {'project_id': '818fa0428e5c46a980d667989f22e839', 'username': 'tempest-DefaultDomainTestJSON-44439158', 'domain_id': '6d70ddef57f143c3b3c78b3576c4fbad', 'tenant_name': 'tempest-DefaultDomainTestJSON-44439158', 'user_domain_id': '6d70ddef57f143c3b3c78b3576c4fbad', 'project_domain_id': '6d70ddef57f143c3b3c78b3576c4fbad', 'project_domain_name': 'admin_domain', 'domain_name': 'admin_domain', 'tenant_id': '818fa0428e5c46a980d667989f22e839', 'user_domain_name': 'admin_domain', 'user_id': '11dfbbb00b474aa48eaa67b677ca9d7f', 'project_name': 'tempest-DefaultDomainTestJSON-44439158'}, Network: None, Subnet: None, Router: None
2018-06-13 01:12:46.079 24170 INFO tempest.lib.common.rest_client [req-30a65764-4bc9-45bf-8078-3f57fbf8b8d0 ] Request (DefaultDomainTestJSON:setUpClass): 201 POST http://10.13.3.249:5000/v3/auth/tokens
2018-06-13 01:12:46.120 24170 INFO tempest.lib.common.rest_client [req-81ad6a8c-4459-46aa-ab4a-326cb3e1cb38 ] Request (DefaultDomainTestJSON:setUpClass): 201 POST http://10.13.3.249:35357/v3/projects 0.035s
2018-06-13 01:12:46.361 24170 INFO tempest.lib.common.rest_client [req-4149c7ee-903b-4f8c-8cfc-12298b9615b3 ] Request (DefaultDomainTestJSON:setUpClass): 201 POST http://10.13.3.249:35357/v3/users 0.241s
2018-06-13 01:12:46.380 24170 INFO tempest.lib.common.rest_client [req-23c06df2-7189-477d-a346-2006c82b0715 ] Request (DefaultDomainTestJSON:setUpClass): 200 GET http://10.13.3.249:35357/v3/roles 0.019s
2018-06-13 01:12:46.420 24170 INFO tempest.lib.common.rest_client [req-9a904092-a9a4-499e-a7f8-fa717d66ddae ] Request (DefaultDomainTestJSON:setUpClass): 204 PUT http://10.13.3.249:35357/v3/projects/9d19bf4c8d1747f0bc144cbbc08c3b9c/users/14022e0eb61e443e8cee69b877b9cebb/roles/a583dd0b217f456582382cd0efa42d09 0.040s
2018-06-13 01:12:46.434 24170 INFO tempest.lib.common.rest_client [req-b46ebb82-8272-4a31-a454-cc747ba5bde9 ] Request (DefaultDomainTestJSON:setUpClass): 200 GET http://10.13.3.249:35357/v3/roles 0.013s
2018-06-13 01:12:46.453 24170 INFO tempest.lib.common.rest_client [req-db98e7c9-7734-482d-ab0d-18949ab2efa0 ] Request (DefaultDomainTestJSON:setUpClass): 204 PUT http://10.13.3.249:35357/v3/domains/6d70ddef57f143c3b3c78b3576c4fbad/users/14022e0eb61e443e8cee69b877b9cebb/roles/a583dd0b217f456582382cd0efa42d09 0.019s
2018-06-13 01:12:46.453 24170 INFO tempest.lib.common.dynamic_creds [-] Acquired dynamic creds:
 credentials: Credentials: {'project_id': '9d19bf4c8d1747f0bc144cbbc08c3b9c', 'username': 'tempest-DefaultDomainTestJSON-1144969956', 'domain_id': '6d70ddef57f143c3b3c78b3576c4fbad', 'tenant_name': 'tempest-DefaultDomainTestJSON-1144969956', 'user_domain_id': '6d70ddef57f143c3b3c78b3576c4fbad', 'project_domain_id': '6d70ddef57f143c3b3c78b3576c4fbad', 'project_domain_name': 'admin_domain', 'domain_name': 'admin_domain', 'tenant_id': '9d19bf4c8d1747f0bc144cbbc08c3b9c', 'user_domain_name': 'admin_domain', 'user_id': '14022e0eb61e443e8cee69b877b9cebb', 'project_name': 'tempest-DefaultDomainTestJSON-1144969956'}, Network: None, Subnet: None, Router: None
2018-06-13 01:12:46.453 24170 INFO tempest.lib.common.dynamic_creds [-] Created isolated network resources for : 
 credentials: Credentials: {'project_id': '9d19bf4c8d1747f0bc144cbbc08c3b9c', 'username': 'tempest-DefaultDomainTestJSON-1144969956', 'domain_id': '6d70ddef57f143c3b3c78b3576c4fbad', 'tenant_name': 'tempest-DefaultDomainTestJSON-1144969956', 'user_domain_id': '6d70ddef57f143c3b3c78b3576c4fbad', 'project_domain_id': '6d70ddef57f143c3b3c78b3576c4fbad', 'project_domain_name': 'admin_domain', 'domain_name': 'admin_domain', 'tenant_id': '9d19bf4c8d1747f0bc144cbbc08c3b9c', 'user_domain_name': 'admin_domain', 'user_id': '14022e0eb61e443e8cee69b877b9cebb', 'project_name': 'tempest-DefaultDomainTestJSON-1144969956'}, Network: None, Subnet: None, Router: None
