 credentials: Credentials: {'domain_id': '6d70ddef57f143c3b3c78b3576c4fbad', 'project_domain_id': '6d70ddef57f143c3b3c78b3576c4fbad', 'tenant_id': '72a19021e83148f2842f7612cc17b0c0', 'user_id': '0a4214e8aba14bb6924f4decac337c41', 'user_domain_id': '6d70ddef57f143c3b3c78b3576c4fbad', 'domain_name': 'admin_domain', 'user_domain_name': 'admin_domain', 'project_id': '72a19021e83148f2842f7612cc17b0c0', 'project_domain_name': 'admin_domain', 'username': 'tempest-BulkNetworkOpsTest-235297635', 'project_name': 'tempest-BulkNetworkOpsTest-235297635', 'tenant_name': 'tempest-BulkNetworkOpsTest-235297635'}, Network: None, Subnet: None, Router: None
2018-06-13 01:11:11.069 24170 INFO tempest.lib.common.rest_client [req-e513797f-0a9b-4970-b5e9-489ac674d018 ] Request (ServersTestJSON:setUpClass): 201 POST http://10.13.3.249:35357/v3/users 2.665s
2018-06-13 01:11:11.213 24141 INFO tempest.lib.common.rest_client [req-4338e79e-4886-48d5-a51a-ce9ec3cd2663 ] Request (BulkNetworkOpsTest:setUpClass): 201 POST http://10.13.3.249:5000/v3/auth/tokens
2018-06-13 01:11:11.295 24133 INFO tempest.lib.common.rest_client [req-51b35640-c4e1-4562-867e-3c98a87a35cc ] Request (RoutersTest:test_add_multiple_router_interfaces): 200 PUT http://10.13.3.217:9696/v2.0/routers/606abb29-6bb4-457e-ba7e-d11689e36d94/add_router_interface 1.460s
2018-06-13 01:11:11.302 24131 INFO tempest.lib.common.rest_client [req-468619d5-b5b6-40c2-a4cb-06ccba93fe58 ] Request (TestNetworkBasicOps:setUpClass): 201 POST http://10.13.3.249:35357/v3/users 2.884s
2018-06-13 01:11:11.315 24145 INFO tempest.lib.common.rest_client [req-f7f1a46f-7211-47df-8bee-8507807fe63e ] Request (FloatingIPTestJSON:setUpClass): 200 GET http://10.13.3.249:35357/v3/roles 2.809s
2018-06-13 01:11:11.327 24147 INFO tempest.lib.common.rest_client [req-fc19c52f-49cb-4abb-b931-8d1f6fa1b7de ] Request (SecGroupTest:setUpClass): 200 GET http://10.13.3.249:35357/v3/roles 2.591s
2018-06-13 01:11:11.339 24149 INFO tempest.lib.common.rest_client [req-ebb378e3-36ef-4d78-bac9-9d1c46ae6fde ] Request (SecurityGroupRulesTestJSON:setUpClass): 200 GET http://10.13.3.249:35357/v3/roles 2.591s
2018-06-13 01:11:11.352 24156 INFO tempest.lib.common.rest_client [req-2d0b7f4c-f1fa-472b-9e11-a5692babf021 ] Request (ContainerQuotasTest:setUpClass): 200 GET http://10.13.3.249:35357/v3/roles 2.374s
2018-06-13 01:11:11.364 24139 INFO tempest.lib.common.rest_client [req-b122de5a-272a-490e-9d4d-987bb3f290ad ] Request (AttachInterfacesTestJSON:setUpClass): 200 GET http://10.13.3.249:35357/v3/roles 2.154s
2018-06-13 01:11:11.375 24133 INFO tempest.lib.common.rest_client [req-ebddad66-902f-4f63-b50e-93a77634e490 ] Request (RoutersTest:test_add_multiple_router_interfaces): 200 GET http://10.13.3.217:9696/v2.0/ports/dc30073b-d601-4633-bad6-36b9f46e57d5 0.080s
2018-06-13 01:11:11.594 24168 INFO tempest.lib.common.rest_client [req-9ed5575e-5f14-45fa-b745-3bbb60846330 ] Request (SubnetPoolsTestJSON:setUpClass): 201 POST http://10.13.3.249:35357/v3/users 2.364s
2018-06-13 01:11:11.824 24165 INFO tempest.lib.common.rest_client [req-5f55cce8-f41b-4e95-acfd-ca7dcfd0653d ] Request (TestServerMultinode:setUpClass): 201 POST http://10.13.3.249:35357/v3/users 2.535s
2018-06-13 01:11:11.837 24160 INFO tempest.lib.common.rest_client [req-aa5ee7a1-266e-4a36-ac78-fbad5252b59b ] Request (TrustsV3TestJSON:setUpClass): 200 GET http://10.13.3.249:35357/v3/roles 2.305s
2018-06-13 01:11:11.941 24166 INFO tempest.lib.common.rest_client [req-d2c3f8a2-ffc0-426c-bcee-8bfc9044a750 ] Request (FlavorsV2TestJSON:setUpClass): 200 GET http://10.13.3.249:35357/v3/roles 2.176s
2018-06-13 01:11:11.953 24162 INFO tempest.lib.common.rest_client [req-4b86d51c-41c4-4bd5-ae1c-909174106b3b ] Request (GroupsV3TestJSON:setUpClass): 200 GET http://10.13.3.249:35357/v3/roles 1.907s
2018-06-13 01:11:12.027 24151 INFO tempest.lib.common.rest_client [req-1ba7358d-ff97-417f-ace4-858418e24573 ] Request (SecurityGroupsTestJSON:setUpClass): 200 GET http://10.13.3.249:35357/v3/roles 1.749s
2018-06-13 01:11:12.030 24153 INFO tempest.lib.common.rest_client [req-f0aeceec-c053-45a7-b615-5ba19db13bba ] Request (ServerActionsTestJSON:setUpClass): 200 GET http://10.13.3.249:35357/v3/roles 1.484s
2018-06-13 01:11:12.099 24158 INFO tempest.lib.common.rest_client [req-2a561e07-138d-4295-887d-4b39cca335d7 ] Request (ContainerTest:setUpClass): 200 GET http://10.13.3.249:35357/v3/roles 1.311s
2018-06-13 01:11:12.111 24170 INFO tempest.lib.common.rest_client [req-d8fad720-1950-47b2-b608-23ab37a00ed2 ] Request (ServersTestJSON:setUpClass): 200 GET http://10.13.3.249:35357/v3/roles 1.038s
2018-06-13 01:11:12.149 24131 INFO tempest.lib.common.rest_client [req-509adc5f-5100-4954-b466-227b641dd02f ] Request (TestNetworkBasicOps:setUpClass): 200 GET http://10.13.3.249:35357/v3/roles 0.846s
2018-06-13 01:11:12.181 24145 INFO tempest.lib.common.rest_client [req-09e3efb6-b15e-4ffe-8551-b58fb8e34962 ] Request (FloatingIPTestJSON:setUpClass): 204 PUT http://10.13.3.249:35357/v3/projects/a227146b569f4a4ca4995bb3364e42ed/users/d1f7d2294e014788b592fb5499ba20f5/roles/2b9fb9dd7ce3401f8fde1932a8d9e459 0.865s
2018-06-13 01:11:12.181 24145 INFO tempest.lib.common.dynamic_creds [-] Acquired dynamic creds:
 credentials: Credentials: {'user_id': 'd1f7d2294e014788b592fb5499ba20f5', 'project_id': 'a227146b569f4a4ca4995bb3364e42ed', 'project_domain_name': 'admin_domain', 'tenant_id': 'a227146b569f4a4ca4995bb3364e42ed', 'user_domain_id': '6d70ddef57f143c3b3c78b3576c4fbad', 'project_domain_id': '6d70ddef57f143c3b3c78b3576c4fbad', 'tenant_name': 'tempest-FloatingIPTestJSON-1166610162', 'project_name': 'tempest-FloatingIPTestJSON-1166610162', 'domain_id': '6d70ddef57f143c3b3c78b3576c4fbad', 'domain_name': 'admin_domain', 'user_domain_name': 'admin_domain', 'username': 'tempest-FloatingIPTestJSON-1166610162'}, Network: None, Subnet: None, Router: None
2018-06-13 01:11:12.181 24145 INFO tempest.lib.common.dynamic_creds [-] Created isolated network resources for : 
 credentials: Credentials: {'user_id': 'd1f7d2294e014788b592fb5499ba20f5', 'project_id': 'a227146b569f4a4ca4995bb3364e42ed', 'project_domain_name': 'admin_domain', 'tenant_id': 'a227146b569f4a4ca4995bb3364e42ed', 'user_domain_id': '6d70ddef57f143c3b3c78b3576c4fbad', 'project_domain_id': '6d70ddef57f143c3b3c78b3576c4fbad', 'tenant_name': 'tempest-FloatingIPTestJSON-1166610162', 'project_name': 'tempest-FloatingIPTestJSON-1166610162', 'domain_id': '6d70ddef57f143c3b3c78b3576c4fbad', 'domain_name': 'admin_domain', 'user_domain_name': 'admin_domain', 'username': 'tempest-FloatingIPTestJSON-1166610162'}, Network: None, Subnet: None, Router: None
2018-06-13 01:11:12.197 24147 INFO tempest.lib.common.rest_client [req-8bc01f66-2db2-44c7-b343-10ffd1da7adf ] Request (SecGroupTest:setUpClass): 200 GET http://10.13.3.249:35357/v3/roles 0.869s
2018-06-13 01:11:12.248 24149 INFO tempest.lib.common.rest_client [req-9a454994-3536-4edc-aeb2-ff5bffda853f ] Request (SecurityGroupRulesTestJSON:setUpClass): 204 PUT http://10.13.3.249:35357/v3/projects/8bb636bbea3c400dbce777b8eae08b4f/users/e90f0ae741a84d13b7d4982da3816df3/roles/2b9fb9dd7ce3401f8fde1932a8d9e459 0.908s
2018-06-13 01:11:12.248 24149 INFO tempest.lib.common.dynamic_creds [-] Acquired dynamic creds:
 credentials: Credentials: {'tenant_id': '8bb636bbea3c400dbce777b8eae08b4f', 'username': 'tempest-SecurityGroupRulesTestJSON-1371671024', 'project_id': '8bb636bbea3c400dbce777b8eae08b4f', 'user_domain_name': 'admin_domain', 'project_domain_id': '6d70ddef57f143c3b3c78b3576c4fbad', 'project_domain_name': 'admin_domain', 'user_domain_id': '6d70ddef57f143c3b3c78b3576c4fbad', 'user_id': 'e90f0ae741a84d13b7d4982da3816df3', 'project_name': 'tempest-SecurityGroupRulesTestJSON-1371671024', 'domain_name': 'admin_domain', 'domain_id': '6d70ddef57f143c3b3c78b3576c4fbad', 'tenant_name': 'tempest-SecurityGroupRulesTestJSON-1371671024'}, Network: None, Subnet: None, Router: None
2018-06-13 01:11:12.296 24156 INFO tempest.lib.common.rest_client [req-a06c7c3d-5792-4df2-804c-640462e5c9fe ] Request (ContainerQuotasTest:setUpClass): 204 PUT http://10.13.3.249:35357/v3/projects/216f02f43266431190234a3f50978a9a/users/fa755fe113954aedba7987f7b98a69ec/roles/2b9fb9dd7ce3401f8fde1932a8d9e459 0.944s
2018-06-13 01:11:12.296 24156 INFO tempest.lib.common.dynamic_creds [-] Acquired dynamic creds:
 credentials: Credentials: {'domain_id': '6d70ddef57f143c3b3c78b3576c4fbad', 'user_domain_name': 'admin_domain', 'username': 'tempest-ContainerQuotasTest-41078234', 'project_id': '216f02f43266431190234a3f50978a9a', 'project_name': 'tempest-ContainerQuotasTest-41078234', 'user_domain_id': '6d70ddef57f143c3b3c78b3576c4fbad', 'project_domain_name': 'admin_domain', 'project_domain_id': '6d70ddef57f143c3b3c78b3576c4fbad', 'tenant_name': 'tempest-ContainerQuotasTest-41078234', 'domain_name': 'admin_domain', 'user_id': 'fa755fe113954aedba7987f7b98a69ec', 'tenant_id': '216f02f43266431190234a3f50978a9a'}, Network: None, Subnet: None, Router: None
2018-06-13 01:11:12.297 24156 INFO tempest.lib.common.dynamic_creds [-] Created isolated network resources for : 
 credentials: Credentials: {'domain_id': '6d70ddef57f143c3b3c78b3576c4fbad', 'user_domain_name': 'admin_domain', 'username': 'tempest-ContainerQuotasTest-41078234', 'project_id': '216f02f43266431190234a3f50978a9a', 'project_name': 'tempest-ContainerQuotasTest-41078234', 'user_domain_id': '6d70ddef57f143c3b3c78b3576c4fbad', 'project_domain_name': 'admin_domain', 'project_domain_id': '6d70ddef57f143c3b3c78b3576c4fbad', 'tenant_name': 'tempest-ContainerQuotasTest-41078234', 'domain_name': 'admin_domain', 'user_id': 'fa755fe113954aedba7987f7b98a69ec', 'tenant_id': '216f02f43266431190234a3f50978a9a'}, Network: None, Subnet: None, Router: None
2018-06-13 01:11:12.314 24139 INFO tempest.lib.common.rest_client [req-95eea040-009f-4510-8b10-76ade410f542 ] Request (AttachInterfacesTestJSON:setUpClass): 200 GET http://10.13.3.249:35357/v3/roles 0.950s
2018-06-13 01:11:12.339 24168 INFO tempest.lib.common.rest_client [req-1cfdb362-6ce9-4fb4-982c-56c551c05a26 ] Request (SubnetPoolsTestJSON:setUpClass): 200 GET http://10.13.3.249:35357/v3/roles 0.744s
2018-06-13 01:11:12.363 24165 INFO tempest.lib.common.rest_client [req-812e536b-d63b-4765-ae82-3e0a22667617 ] Request (TestServerMultinode:setUpClass): 200 GET http://10.13.3.249:35357/v3/roles 0.538s
2018-06-13 01:11:12.387 24160 INFO tempest.lib.common.rest_client [req-b720e8e3-309d-4b0b-808f-fd2341066377 ] Request (TrustsV3TestJSON:setUpClass): 200 GET http://10.13.3.249:35357/v3/roles 0.550s
2018-06-13 01:11:12.407 24166 INFO tempest.lib.common.rest_client [req-b257d750-df77-409e-a669-5c43d4370b90 ] Request (FlavorsV2TestJSON:setUpClass): 200 GET http://10.13.3.249:35357/v3/roles 0.466s
2018-06-13 01:11:12.431 24162 INFO tempest.lib.common.rest_client [req-0e059fd3-f35b-4376-a9e5-b212c3c8ff0c ] Request (GroupsV3TestJSON:setUpClass): 200 GET http://10.13.3.249:35357/v3/roles 0.477s
2018-06-13 01:11:12.446 24153 INFO tempest.lib.common.rest_client [req-f1e70090-b190-4bbf-aea0-98ae947230d2 ] Request (ServerActionsTestJSON:setUpClass): 200 GET http://10.13.3.249:35357/v3/roles 0.415s
2018-06-13 01:11:12.468 24151 INFO tempest.lib.common.rest_client [req-6d462b2b-a33e-436b-9d7e-838de01d08c8 ] Request (SecurityGroupsTestJSON:setUpClass): 200 GET http://10.13.3.249:35357/v3/roles 0.438s
2018-06-13 01:11:12.510 24145 INFO tempest.lib.common.rest_client [req-2a644bba-e694-4f16-a1a4-31cde7045e51 ] Request (FloatingIPTestJSON:setUpClass): 201 POST http://10.13.3.249:5000/v3/auth/tokens
2018-06-13 01:11:12.513 24158 INFO tempest.lib.common.rest_client [req-d47f2fa9-7d01-4692-baa0-d133b23567bd ] Request (ContainerTest:setUpClass): 204 PUT http://10.13.3.249:35357/v3/projects/a9304bf4ea6b4d6fa5a5f8f0d424ff90/users/58469e9ca147487cb4f3e8e366c4dcbc/roles/2b9fb9dd7ce3401f8fde1932a8d9e459 0.414s
2018-06-13 01:11:12.514 24158 INFO tempest.lib.common.dynamic_creds [-] Acquired dynamic creds:
 credentials: Credentials: {'domain_id': '6d70ddef57f143c3b3c78b3576c4fbad', 'tenant_id': 'a9304bf4ea6b4d6fa5a5f8f0d424ff90', 'project_domain_id': '6d70ddef57f143c3b3c78b3576c4fbad', 'project_id': 'a9304bf4ea6b4d6fa5a5f8f0d424ff90', 'domain_name': 'admin_domain', 'project_domain_name': 'admin_domain', 'username': 'tempest-ContainerTest-1716205879', 'project_name': 'tempest-ContainerTest-1716205879', 'tenant_name': 'tempest-ContainerTest-1716205879', 'user_domain_id': '6d70ddef57f143c3b3c78b3576c4fbad', 'user_domain_name': 'admin_domain', 'user_id': '58469e9ca147487cb4f3e8e366c4dcbc'}, Network: None, Subnet: None, Router: None
2018-06-13 01:11:12.514 24158 INFO tempest.lib.common.dynamic_creds [-] Created isolated network resources for : 
 credentials: Credentials: {'domain_id': '6d70ddef57f143c3b3c78b3576c4fbad', 'tenant_id': 'a9304bf4ea6b4d6fa5a5f8f0d424ff90', 'project_domain_id': '6d70ddef57f143c3b3c78b3576c4fbad', 'project_id': 'a9304bf4ea6b4d6fa5a5f8f0d424ff90', 'domain_name': 'admin_domain', 'project_domain_name': 'admin_domain', 'username': 'tempest-ContainerTest-1716205879', 'project_name': 'tempest-ContainerTest-1716205879', 'tenant_name': 'tempest-ContainerTest-1716205879', 'user_domain_id': '6d70ddef57f143c3b3c78b3576c4fbad', 'user_domain_name': 'admin_domain', 'user_id': '58469e9ca147487cb4f3e8e366c4dcbc'}, Network: None, Subnet: None, Router: None
2018-06-13 01:11:12.532 24170 INFO tempest.lib.common.rest_client [req-e1bf40e5-35b3-49ef-ba7a-9f069b818423 ] Request (ServersTestJSON:setUpClass): 200 GET http://10.13.3.249:35357/v3/roles 0.420s
2018-06-13 01:11:12.548 24149 INFO tempest.lib.common.rest_client [req-44da6f9c-0646-411f-aec9-fca791d36433 ] Request (SecurityGroupRulesTestJSON:setUpClass): 201 POST http://10.13.3.249:5000/v3/auth/tokens
2018-06-13 01:11:12.577 24131 INFO tempest.lib.common.rest_client [req-01151c6f-84cc-4f3c-b452-1b0b55d8a409 ] Request (TestNetworkBasicOps:setUpClass): 204 PUT http://10.13.3.249:35357/v3/projects/e4944c31abd34f8aaf88e8591f4eba47/users/3bee752313a344609104e126e2e17107/roles/a583dd0b217f456582382cd0efa42d09 0.427s
2018-06-13 01:11:12.632 24147 INFO tempest.lib.common.rest_client [req-4f3af054-690b-4a83-8d12-4b7ce8f5fc2b ] Request (SecGroupTest:setUpClass): 204 PUT http://10.13.3.249:35357/v3/projects/70286368ad334b2688a722a963e5ad71/users/d0792acdfc1046d5a98795a7e98d7a3f/roles/2b9fb9dd7ce3401f8fde1932a8d9e459 0.435s
2018-06-13 01:11:12.633 24147 INFO tempest.lib.common.dynamic_creds [-] Acquired dynamic creds:
 credentials: Credentials: {'project_id': '70286368ad334b2688a722a963e5ad71', 'username': 'tempest-SecGroupTest-346172152', 'tenant_id': '70286368ad334b2688a722a963e5ad71', 'user_domain_id': '6d70ddef57f143c3b3c78b3576c4fbad', 'domain_id': '6d70ddef57f143c3b3c78b3576c4fbad', 'project_domain_name': 'admin_domain', 'domain_name': 'admin_domain', 'project_domain_id': '6d70ddef57f143c3b3c78b3576c4fbad', 'project_name': 'tempest-SecGroupTest-346172152', 'tenant_name': 'tempest-SecGroupTest-346172152', 'user_id': 'd0792acdfc1046d5a98795a7e98d7a3f', 'user_domain_name': 'admin_domain'}, Network: None, Subnet: None, Router: None
2018-06-13 01:11:12.633 24147 INFO tempest.lib.common.dynamic_creds [-] Created isolated network resources for : 
 credentials: Credentials: {'project_id': '70286368ad334b2688a722a963e5ad71', 'username': 'tempest-SecGroupTest-346172152', 'tenant_id': '70286368ad334b2688a722a963e5ad71', 'user_domain_id': '6d70ddef57f143c3b3c78b3576c4fbad', 'domain_id': '6d70ddef57f143c3b3c78b3576c4fbad', 'project_domain_name': 'admin_domain', 'domain_name': 'admin_domain', 'project_domain_id': '6d70ddef57f143c3b3c78b3576c4fbad', 'project_name': 'tempest-SecGroupTest-346172152', 'tenant_name': 'tempest-SecGroupTest-346172152', 'user_id': 'd0792acdfc1046d5a98795a7e98d7a3f', 'user_domain_name': 'admin_domain'}, Network: None, Subnet: None, Router: None
2018-06-13 01:11:12.666 24137 INFO tempest.lib.common.rest_client [req-cd7b922f-1555-4688-bf5a-ffbcd273f205 ] Request (TestServerBasicOps:setUpClass): 201 POST http://10.13.3.217:9696/v2.0/networks 3.112s
2018-06-13 01:11:12.685 24139 INFO tempest.lib.common.rest_client [req-374e0187-a0b5-4198-a5f2-6e6c0e931306 ] Request (AttachInterfacesTestJSON:setUpClass): 204 PUT http://10.13.3.249:35357/v3/projects/98ec693cf55843528d24b0f4ebe3497e/users/e537a82162194f4a87b483de3a87ddb2/roles/2b9fb9dd7ce3401f8fde1932a8d9e459 0.370s
2018-06-13 01:11:12.686 24139 INFO tempest.lib.common.dynamic_creds [-] Acquired dynamic creds:
 credentials: Credentials: {'project_domain_id': '6d70ddef57f143c3b3c78b3576c4fbad', 'user_id': 'e537a82162194f4a87b483de3a87ddb2', 'domain_id': '6d70ddef57f143c3b3c78b3576c4fbad', 'project_id': '98ec693cf55843528d24b0f4ebe3497e', 'project_name': 'tempest-AttachInterfacesTestJSON-1369380946', 'tenant_name': 'tempest-AttachInterfacesTestJSON-1369380946', 'domain_name': 'admin_domain', 'username': 'tempest-AttachInterfacesTestJSON-1369380946', 'project_domain_name': 'admin_domain', 'tenant_id': '98ec693cf55843528d24b0f4ebe3497e', 'user_domain_name': 'admin_domain', 'user_domain_id': '6d70ddef57f143c3b3c78b3576c4fbad'}, Network: None, Subnet: None, Router: None
2018-06-13 01:11:12.699 24168 INFO tempest.lib.common.rest_client [req-25082511-b166-441f-85ab-84ca19551869 ] Request (SubnetPoolsTestJSON:setUpClass): 200 GET http://10.13.3.249:35357/v3/roles 0.360s
2018-06-13 01:11:12.723 24165 INFO tempest.lib.common.rest_client [req-f4f12096-ad82-4c2b-87c5-3249ae016f27 ] Request (TestServerMultinode:setUpClass): 200 GET http://10.13.3.249:35357/v3/roles 0.360s
2018-06-13 01:11:12.773 24160 INFO tempest.lib.common.rest_client [req-7bee3546-5582-4fcf-a560-b54c68904fde ] Request (TrustsV3TestJSON:setUpClass): 204 PUT http://10.13.3.249:35357/v3/projects/648ab36735c14d409ab7963e649e7a42/users/6e8fc2f34bd1452b95ca51b199d6fb93/roles/2b9fb9dd7ce3401f8fde1932a8d9e459 0.386s
2018-06-13 01:11:12.774 24160 INFO tempest.lib.common.dynamic_creds [-] Acquired dynamic creds:
 credentials: Credentials: {'domain_name': 'admin_domain', 'project_id': '648ab36735c14d409ab7963e649e7a42', 'domain_id': '6d70ddef57f143c3b3c78b3576c4fbad', 'user_id': '6e8fc2f34bd1452b95ca51b199d6fb93', 'tenant_id': '648ab36735c14d409ab7963e649e7a42', 'project_name': 'tempest-TrustsV3TestJSON-1715752177', 'user_domain_id': '6d70ddef57f143c3b3c78b3576c4fbad', 'user_domain_name': 'admin_domain', 'project_domain_name': 'admin_domain', 'username': 'tempest-TrustsV3TestJSON-1715752177', 'tenant_name': 'tempest-TrustsV3TestJSON-1715752177', 'project_domain_id': '6d70ddef57f143c3b3c78b3576c4fbad'}, Network: None, Subnet: None, Router: None
2018-06-13 01:11:12.774 24160 INFO tempest.lib.common.dynamic_creds [-] Created isolated network resources for : 
 credentials: Credentials: {'domain_name': 'admin_domain', 'project_id': '648ab36735c14d409ab7963e649e7a42', 'domain_id': '6d70ddef57f143c3b3c78b3576c4fbad', 'user_id': '6e8fc2f34bd1452b95ca51b199d6fb93', 'tenant_id': '648ab36735c14d409ab7963e649e7a42', 'project_name': 'tempest-TrustsV3TestJSON-1715752177', 'user_domain_id': '6d70ddef57f143c3b3c78b3576c4fbad', 'user_domain_name': 'admin_domain', 'project_domain_name': 'admin_domain', 'username': 'tempest-TrustsV3TestJSON-1715752177', 'tenant_name': 'tempest-TrustsV3TestJSON-1715752177', 'project_domain_id': '6d70ddef57f143c3b3c78b3576c4fbad'}, Network: None, Subnet: None, Router: None
2018-06-13 01:11:12.816 24156 INFO tempest.lib.common.rest_client [req-d5cf98f9-9c79-49f3-abc5-ff10b4e15afa ] Request (ContainerQuotasTest:setUpClass): 201 POST http://10.13.3.249:5000/v3/auth/tokens
2018-06-13 01:11:12.815 24166 INFO tempest.lib.common.rest_client [req-bd6112b7-2b40-420e-9f3e-c20c85825827 ] Request (FlavorsV2TestJSON:setUpClass): 204 PUT http://10.13.3.249:35357/v3/projects/69aacc77e18742bba5a0c35b2102f8e4/users/2cc71286c36944578617fbc182e12338/roles/2b9fb9dd7ce3401f8fde1932a8d9e459 0.406s
2018-06-13 01:11:12.815 24166 INFO tempest.lib.common.dynamic_creds [-] Acquired dynamic creds:
 credentials: Credentials: {'project_name': 'tempest-FlavorsV2TestJSON-1375002339', 'domain_id': '6d70ddef57f143c3b3c78b3576c4fbad', 'user_domain_name': 'admin_domain', 'domain_name': 'admin_domain', 'project_domain_id': '6d70ddef57f143c3b3c78b3576c4fbad', 'username': 'tempest-FlavorsV2TestJSON-1375002339', 'tenant_id': '69aacc77e18742bba5a0c35b2102f8e4', 'user_id': '2cc71286c36944578617fbc182e12338', 'user_domain_id': '6d70ddef57f143c3b3c78b3576c4fbad', 'project_domain_name': 'admin_domain', 'project_id': '69aacc77e18742bba5a0c35b2102f8e4', 'tenant_name': 'tempest-FlavorsV2TestJSON-1375002339'}, Network: None, Subnet: None, Router: None
2018-06-13 01:11:12.815 24166 INFO tempest.lib.common.dynamic_creds [-] Created isolated network resources for : 
 credentials: Credentials: {'project_name': 'tempest-FlavorsV2TestJSON-1375002339', 'domain_id': '6d70ddef57f143c3b3c78b3576c4fbad', 'user_domain_name': 'admin_domain', 'domain_name': 'admin_domain', 'project_domain_id': '6d70ddef57f143c3b3c78b3576c4fbad', 'username': 'tempest-FlavorsV2TestJSON-1375002339', 'tenant_id': '69aacc77e18742bba5a0c35b2102f8e4', 'user_id': '2cc71286c36944578617fbc182e12338', 'user_domain_id': '6d70ddef57f143c3b3c78b3576c4fbad', 'project_domain_name': 'admin_domain', 'project_id': '69aacc77e18742bba5a0c35b2102f8e4', 'tenant_name': 'tempest-FlavorsV2TestJSON-1375002339'}, Network: None, Subnet: None, Router: None
2018-06-13 01:11:12.862 24158 INFO tempest.lib.common.rest_client [req-83955bc0-a896-4a6d-bbe4-8c7020713261 ] Request (ContainerTest:setUpClass): 201 POST http://10.13.3.249:5000/v3/auth/tokens
2018-06-13 01:11:12.858 24162 INFO tempest.lib.common.rest_client [req-ea0db491-2fa1-4e18-b2bd-6f99ea8e8dc9 ] Request (GroupsV3TestJSON:setUpClass): 204 PUT http://10.13.3.249:35357/v3/projects/7fb0ca8a844242e9a76bc9664e4311a5/users/d58fd738a6fb4f9d9eecbe70bb2e63b8/roles/2b9fb9dd7ce3401f8fde1932a8d9e459 0.427s
2018-06-13 01:11:12.859 24162 INFO tempest.lib.common.dynamic_creds [-] Acquired dynamic creds:
 credentials: Credentials: {'domain_id': '6d70ddef57f143c3b3c78b3576c4fbad', 'project_domain_id': '6d70ddef57f143c3b3c78b3576c4fbad', 'user_id': 'd58fd738a6fb4f9d9eecbe70bb2e63b8', 'domain_name': 'admin_domain', 'project_domain_name': 'admin_domain', 'project_name': 'tempest-GroupsV3TestJSON-1126869601', 'tenant_name': 'tempest-GroupsV3TestJSON-1126869601', 'project_id': '7fb0ca8a844242e9a76bc9664e4311a5', 'username': 'tempest-GroupsV3TestJSON-1126869601', 'tenant_id': '7fb0ca8a844242e9a76bc9664e4311a5', 'user_domain_name': 'admin_domain', 'user_domain_id': '6d70ddef57f143c3b3c78b3576c4fbad'}, Network: None, Subnet: None, Router: None
2018-06-13 01:11:12.859 24162 INFO tempest.lib.common.dynamic_creds [-] Created isolated network resources for : 
 credentials: Credentials: {'domain_id': '6d70ddef57f143c3b3c78b3576c4fbad', 'project_domain_id': '6d70ddef57f143c3b3c78b3576c4fbad', 'user_id': 'd58fd738a6fb4f9d9eecbe70bb2e63b8', 'domain_name': 'admin_domain', 'project_domain_name': 'admin_domain', 'project_name': 'tempest-GroupsV3TestJSON-1126869601', 'tenant_name': 'tempest-GroupsV3TestJSON-1126869601', 'project_id': '7fb0ca8a844242e9a76bc9664e4311a5', 'username': 'tempest-GroupsV3TestJSON-1126869601', 'tenant_id': '7fb0ca8a844242e9a76bc9664e4311a5', 'user_domain_name': 'admin_domain', 'user_domain_id': '6d70ddef57f143c3b3c78b3576c4fbad'}, Network: None, Subnet: None, Router: None
2018-06-13 01:11:12.893 24153 INFO tempest.lib.common.rest_client [req-a1668239-4ca2-4dd9-aeff-16e4b41a49a2 ] Request (ServerActionsTestJSON:setUpClass): 204 PUT http://10.13.3.249:35357/v3/projects/fd55135ba66c4eba8cf8b5802e3b6b83/users/4d18a10bbdad4ca7b79ef3de096ada08/roles/2b9fb9dd7ce3401f8fde1932a8d9e459 0.446s
2018-06-13 01:11:12.893 24153 INFO tempest.lib.common.dynamic_creds [-] Acquired dynamic creds:
 credentials: Credentials: {'domain_name': 'admin_domain', 'project_id': 'fd55135ba66c4eba8cf8b5802e3b6b83', 'user_domain_name': 'admin_domain', 'tenant_id': 'fd55135ba66c4eba8cf8b5802e3b6b83', 'project_name': 'tempest-ServerActionsTestJSON-1190070606', 'user_domain_id': '6d70ddef57f143c3b3c78b3576c4fbad', 'user_id': '4d18a10bbdad4ca7b79ef3de096ada08', 'domain_id': '6d70ddef57f143c3b3c78b3576c4fbad', 'project_domain_name': 'admin_domain', 'tenant_name': 'tempest-ServerActionsTestJSON-1190070606', 'project_domain_id': '6d70ddef57f143c3b3c78b3576c4fbad', 'username': 'tempest-ServerActionsTestJSON-1190070606'}, Network: None, Subnet: None, Router: None
2018-06-13 01:11:12.983 24151 INFO tempest.lib.common.rest_client [req-d0675df5-df9e-49ff-836c-e6996fb0047f ] Request (SecurityGroupsTestJSON:setUpClass): 204 PUT http://10.13.3.249:35357/v3/projects/22adf6f4a93643ab8fc6e51c1dbf09c0/users/9612f54129f84f2289782f8209f46921/roles/2b9fb9dd7ce3401f8fde1932a8d9e459 0.514s
2018-06-13 01:11:12.984 24151 INFO tempest.lib.common.dynamic_creds [-] Acquired dynamic creds:
 credentials: Credentials: {'domain_id': '6d70ddef57f143c3b3c78b3576c4fbad', 'user_domain_id': '6d70ddef57f143c3b3c78b3576c4fbad', 'domain_name': 'admin_domain', 'user_domain_name': 'admin_domain', 'project_domain_name': 'admin_domain', 'user_id': '9612f54129f84f2289782f8209f46921', 'username': 'tempest-SecurityGroupsTestJSON-1048215504', 'project_id': '22adf6f4a93643ab8fc6e51c1dbf09c0', 'project_name': 'tempest-SecurityGroupsTestJSON-1048215504', 'tenant_name': 'tempest-SecurityGroupsTestJSON-1048215504', 'project_domain_id': '6d70ddef57f143c3b3c78b3576c4fbad', 'tenant_id': '22adf6f4a93643ab8fc6e51c1dbf09c0'}, Network: None, Subnet: None, Router: None
2018-06-13 01:11:13.042 24143 INFO tempest.lib.common.rest_client [req-06f78ee0-1f6e-42d6-8f16-5d866a63e5ec ] Request (NetworksTest:setUpClass): 201 POST http://10.13.3.217:9696/v2.0/networks 2.905s
2018-06-13 01:11:13.144 24147 INFO tempest.lib.common.rest_client [req-a87dfcc1-c322-4c4c-8871-b7dd00d16448 ] Request (SecGroupTest:setUpClass): 201 POST http://10.13.3.249:5000/v3/auth/tokens
2018-06-13 01:11:13.147 24135 INFO tempest.lib.common.rest_client [req-f3e492c0-50c9-44e2-8f9f-bec5dd9c1a0b ] Request (PortsTestJSON:setUpClass): 201 POST http://10.13.3.217:9696/v2.0/networks 2.503s
2018-06-13 01:11:13.156 24170 INFO tempest.lib.common.rest_client [req-886f4c1a-caf8-45cd-8a68-963464d965ff ] Request (ServersTestJSON:setUpClass): 204 PUT http://10.13.3.249:35357/v3/projects/db4868b731c0457190a2fc375e3b6460/users/028fdf8ddc61419c869e48b72d2ff4f6/roles/2b9fb9dd7ce3401f8fde1932a8d9e459 0.623s
2018-06-13 01:11:13.156 24170 INFO tempest.lib.common.dynamic_creds [-] Acquired dynamic creds:
 credentials: Credentials: {'project_id': 'db4868b731c0457190a2fc375e3b6460', 'username': 'tempest-ServersTestJSON-1837106621', 'domain_id': '6d70ddef57f143c3b3c78b3576c4fbad', 'tenant_name': 'tempest-ServersTestJSON-1837106621', 'user_domain_id': '6d70ddef57f143c3b3c78b3576c4fbad', 'project_domain_id': '6d70ddef57f143c3b3c78b3576c4fbad', 'project_domain_name': 'admin_domain', 'domain_name': 'admin_domain', 'tenant_id': 'db4868b731c0457190a2fc375e3b6460', 'user_domain_name': 'admin_domain', 'user_id': '028fdf8ddc61419c869e48b72d2ff4f6', 'project_name': 'tempest-ServersTestJSON-1837106621'}, Network: None, Subnet: None, Router: None
2018-06-13 01:11:13.161 24139 INFO tempest.lib.common.rest_client [req-9d8e3540-4341-4bec-b184-c293b7dfd51f ] Request (AttachInterfacesTestJSON:setUpClass): 201 POST http://10.13.3.249:5000/v3/auth/tokens
2018-06-13 01:11:13.239 24131 INFO tempest.lib.common.rest_client [req-41213c83-9536-4cff-b423-242bb9e988db ] Request (TestNetworkBasicOps:setUpClass): 200 GET http://10.13.3.249:35357/v3/roles 0.662s
2018-06-13 01:11:13.277 24168 INFO tempest.lib.common.rest_client [req-a8302fe5-f3d8-41bd-a681-6f8e5ad48bb8 ] Request (SubnetPoolsTestJSON:setUpClass): 204 PUT http://10.13.3.249:35357/v3/projects/0a9e88147b8b4733917329f57539629e/users/25bff57f8f9f4b73bce0f83b15ed8315/roles/2b9fb9dd7ce3401f8fde1932a8d9e459 0.577s
2018-06-13 01:11:13.277 24168 INFO tempest.lib.common.dynamic_creds [-] Acquired dynamic creds:
 credentials: Credentials: {'project_name': 'tempest-SubnetPoolsTestJSON-272547195', 'tenant_id': '0a9e88147b8b4733917329f57539629e', 'domain_name': 'admin_domain', 'domain_id': '6d70ddef57f143c3b3c78b3576c4fbad', 'user_id': '25bff57f8f9f4b73bce0f83b15ed8315', 'username': 'tempest-SubnetPoolsTestJSON-272547195', 'user_domain_name': 'admin_domain', 'project_domain_id': '6d70ddef57f143c3b3c78b3576c4fbad', 'project_id': '0a9e88147b8b4733917329f57539629e', 'user_domain_id': '6d70ddef57f143c3b3c78b3576c4fbad', 'project_domain_name': 'admin_domain', 'tenant_name': 'tempest-SubnetPoolsTestJSON-272547195'}, Network: None, Subnet: None, Router: None
2018-06-13 01:11:13.278 24168 INFO tempest.lib.common.dynamic_creds [-] Created isolated network resources for : 
 credentials: Credentials: {'project_name': 'tempest-SubnetPoolsTestJSON-272547195', 'tenant_id': '0a9e88147b8b4733917329f57539629e', 'domain_name': 'admin_domain', 'domain_id': '6d70ddef57f143c3b3c78b3576c4fbad', 'user_id': '25bff57f8f9f4b73bce0f83b15ed8315', 'username': 'tempest-SubnetPoolsTestJSON-272547195', 'user_domain_name': 'admin_domain', 'project_domain_id': '6d70ddef57f143c3b3c78b3576c4fbad', 'project_id': '0a9e88147b8b4733917329f57539629e', 'user_domain_id': '6d70ddef57f143c3b3c78b3576c4fbad', 'project_domain_name': 'admin_domain', 'tenant_name': 'tempest-SubnetPoolsTestJSON-272547195'}, Network: None, Subnet: None, Router: None
2018-06-13 01:11:13.334 24165 INFO tempest.lib.common.rest_client [req-cca215dc-ffb4-4121-9b41-f144c482b48b ] Request (TestServerMultinode:setUpClass): 204 PUT http://10.13.3.249:35357/v3/projects/52f3476f30cb4a8a85b5ea872d71ef50/users/ace76c9c1da34afe8e3da7597d476c0b/roles/2b9fb9dd7ce3401f8fde1932a8d9e459 0.610s
2018-06-13 01:11:13.334 24165 INFO tempest.lib.common.dynamic_creds [-] Acquired dynamic creds:
 credentials: Credentials: {'project_id': '52f3476f30cb4a8a85b5ea872d71ef50', 'user_id': 'ace76c9c1da34afe8e3da7597d476c0b', 'tenant_name': 'tempest-TestServerMultinode-447821014', 'domain_name': 'admin_domain', 'user_domain_id': '6d70ddef57f143c3b3c78b3576c4fbad', 'user_domain_name': 'admin_domain', 'domain_id': '6d70ddef57f143c3b3c78b3576c4fbad', 'project_domain_name': 'admin_domain', 'username': 'tempest-TestServerMultinode-447821014', 'tenant_id': '52f3476f30cb4a8a85b5ea872d71ef50', 'project_name': 'tempest-TestServerMultinode-447821014', 'project_domain_id': '6d70ddef57f143c3b3c78b3576c4fbad'}, Network: None, Subnet: None, Router: None
2018-06-13 01:11:13.341 24133 INFO tempest.lib.common.rest_client [req-3fce5742-01e5-40e2-9588-78101fce576e ] Request (RoutersTest:test_add_multiple_router_interfaces): 200 PUT http://10.13.3.217:9696/v2.0/routers/606abb29-6bb4-457e-ba7e-d11689e36d94/add_router_interface 1.965s
2018-06-13 01:11:13.391 24141 INFO tempest.lib.common.rest_client [req-24a69cc4-0cd1-4edb-b189-12b601d7a2b0 ] Request (BulkNetworkOpsTest:test_bulk_create_delete_network): 201 POST http://10.13.3.217:9696/v2.0/networks 2.177s
2018-06-13 01:11:13.452 24156 INFO tempest.lib.common.rest_client [req-84c9d88d-e1f8-4f8f-8414-d8a161f01b03 ] Request (ContainerQuotasTest:setUpClass): 201 POST http://10.13.3.249:5000/v3/auth/tokens
2018-06-13 01:11:13.464 24160 INFO tempest.lib.common.rest_client [req-04e9aea1-b697-435b-90b1-c2b95e58617f ] Request (TrustsV3TestJSON:setUpClass): 201 POST http://10.13.3.249:5000/v3/auth/tokens
2018-06-13 01:11:13.529 24131 INFO tempest.lib.common.rest_client [req-3d902aca-e2b1-4b8a-b967-3427109ce095 ] Request (TestNetworkBasicOps:setUpClass): 204 PUT http://10.13.3.249:35357/v3/domains/6d70ddef57f143c3b3c78b3576c4fbad/users/3bee752313a344609104e126e2e17107/roles/a583dd0b217f456582382cd0efa42d09 0.290s
2018-06-13 01:11:13.529 24131 INFO tempest.lib.common.dynamic_creds [-] Acquired dynamic creds:
 credentials: Credentials: {'tenant_name': 'tempest-TestNetworkBasicOps-2019415526', 'domain_id': '6d70ddef57f143c3b3c78b3576c4fbad', 'username': 'tempest-TestNetworkBasicOps-2019415526', 'project_name': 'tempest-TestNetworkBasicOps-2019415526', 'user_id': '3bee752313a344609104e126e2e17107', 'tenant_id': 'e4944c31abd34f8aaf88e8591f4eba47', 'domain_name': 'admin_domain', 'user_domain_name': 'admin_domain', 'project_id': 'e4944c31abd34f8aaf88e8591f4eba47', 'project_domain_id': '6d70ddef57f143c3b3c78b3576c4fbad', 'project_domain_name': 'admin_domain', 'user_domain_id': '6d70ddef57f143c3b3c78b3576c4fbad'}, Network: None, Subnet: None, Router: None
2018-06-13 01:11:13.530 24131 INFO tempest.lib.common.dynamic_creds [-] Created isolated network resources for : 
 credentials: Credentials: {'tenant_name': 'tempest-TestNetworkBasicOps-2019415526', 'domain_id': '6d70ddef57f143c3b3c78b3576c4fbad', 'username': 'tempest-TestNetworkBasicOps-2019415526', 'project_name': 'tempest-TestNetworkBasicOps-2019415526', 'user_id': '3bee752313a344609104e126e2e17107', 'tenant_id': 'e4944c31abd34f8aaf88e8591f4eba47', 'domain_name': 'admin_domain', 'user_domain_name': 'admin_domain', 'project_id': 'e4944c31abd34f8aaf88e8591f4eba47', 'project_domain_id': '6d70ddef57f143c3b3c78b3576c4fbad', 'project_domain_name': 'admin_domain', 'user_domain_id': '6d70ddef57f143c3b3c78b3576c4fbad'}, Network: None, Subnet: None, Router: None
2018-06-13 01:11:13.611 24133 INFO tempest.lib.common.rest_client [req-3f685ca2-9386-4370-ac80-8a5f81812abd ] Request (RoutersTest:test_add_multiple_router_interfaces): 200 GET http://10.13.3.217:9696/v2.0/ports/609fa1b4-1230-42e4-93a2-f1e362226d93 0.270s
2018-06-13 01:11:13.658 24156 INFO tempest.lib.common.rest_client [txf3a5fbd8ee8943228146f-005b206121 ] Request (ContainerQuotasTest:setUpClass): 200 GET http://10.13.3.245:8080/info 0.205s
2018-06-13 01:11:13.686 24141 INFO tempest.lib.common.rest_client [req-5a42dcef-59bd-4933-86cf-280e7f6fb54f ] Request (BulkNetworkOpsTest:test_bulk_create_delete_network): 200 GET http://10.13.3.217:9696/v2.0/networks 0.294s
2018-06-13 01:11:13.689 24160 INFO tempest.lib.common.rest_client [req-cc1b1204-a0ac-490a-9c43-152291b83158 ] Request (TrustsV3TestJSON:setUpClass): 201 POST http://10.13.3.249:35357/v3/projects 0.225s
2018-06-13 01:11:13.716 24156 INFO tempest.lib.common.rest_client [txdc26047c5dcd4c6c9cf1c-005b206121 ] Request (ContainerQuotasTest:setUp): 201 PUT http://10.13.3.245:8080/v1/AUTH_216f02f43266431190234a3f50978a9a/tempest-TestContainer-1093047749 0.057s
2018-06-13 01:11:13.731 24156 INFO tempest.lib.common.rest_client [txd5158ae87613481b83626-005b206121 ] Request (ContainerQuotasTest:setUp): 204 POST http://10.13.3.245:8080/v1/AUTH_216f02f43266431190234a3f50978a9a/tempest-TestContainer-1093047749 0.014s
2018-06-13 01:11:13.739 24156 INFO tempest.lib.common.rest_client [tx99823dc9c73a4185823da-005b206121 ] Request (ContainerQuotasTest:test_upload_large_object): 204 HEAD http://10.13.3.245:8080/v1/AUTH_216f02f43266431190234a3f50978a9a/tempest-TestContainer-1093047749 0.008s
2018-06-13 01:11:13.744 24156 INFO tempest.lib.common.rest_client [tx04d7433bfd4244fd94c5f-005b206121 ] Request (ContainerQuotasTest:test_upload_large_object): 413 PUT http://10.13.3.245:8080/v1/AUTH_216f02f43266431190234a3f50978a9a/tempest-TestContainer-1093047749/tempest-TestObject-1173147943 0.005s
2018-06-13 01:11:13.752 24156 INFO tempest.lib.common.rest_client [tx9b312d70f71245a5bb792-005b206121 ] Request (ContainerQuotasTest:test_upload_large_object): 204 HEAD http://10.13.3.245:8080/v1/AUTH_216f02f43266431190234a3f50978a9a/tempest-TestContainer-1093047749 0.007s
2018-06-13 01:11:13.759 24156 INFO tempest.lib.common.rest_client [tx6c9466ce873b44d09a4eb-005b206121 ] Request (ContainerQuotasTest:tearDown): 200 GET http://10.13.3.245:8080/v1/AUTH_216f02f43266431190234a3f50978a9a/tempest-TestContainer-1093047749?&format=json&limit=9999 0.007s
2018-06-13 01:11:13.778 24166 INFO tempest.lib.common.rest_client [req-fb7d0c43-f5bc-47ee-81e2-f461c2ed958f ] Request (FlavorsV2TestJSON:setUpClass): 201 POST http://10.13.3.249:5000/v3/auth/tokens
2018-06-13 01:11:13.801 24162 INFO tempest.lib.common.rest_client [req-4265d5e1-b6a3-4acc-b806-a920f9a0bb01 ] Request (GroupsV3TestJSON:setUpClass): 201 POST http://10.13.3.249:5000/v3/auth/tokens
2018-06-13 01:11:13.827 24137 INFO tempest.lib.common.rest_client [req-8c686544-4658-4ff2-85c1-de3a075c0271 ] Request (TestServerBasicOps:setUpClass): 201 POST http://10.13.3.217:9696/v2.0/subnets 1.160s
2018-06-13 01:11:13.950 24160 INFO tempest.lib.common.rest_client [req-30f3600a-638e-4036-bdad-dbdc5a013c93 ] Request (TrustsV3TestJSON:setUpClass): 201 POST http://10.13.3.249:35357/v3/users 0.260s
2018-06-13 01:11:14.009 24166 INFO tempest.lib.common.rest_client [req-8c36559a-5013-4a26-ad80-31fc9be5cab0 ] Request (FlavorsV2TestJSON:test_get_flavor): 200 GET http://10.13.3.202:8774/v2/69aacc77e18742bba5a0c35b2102f8e4/flavors/9 0.229s
{18} tempest.api.compute.flavors.test_flavors.FlavorsV2TestJSON.test_get_flavor [0.232858s] ... ok
2018-06-13 01:11:14.027 24166 INFO tempest.lib.common.rest_client [req-168b576a-d850-4e03-9c18-c1ec5e96ef23 ] Request (FlavorsV2TestJSON:test_list_flavors): 200 GET http://10.13.3.202:8774/v2/69aacc77e18742bba5a0c35b2102f8e4/flavors 0.015s
2018-06-13 01:11:14.029 24162 INFO tempest.lib.common.rest_client [req-4febe391-c902-42d4-8d83-c17a8bc69cd6 ] Request (GroupsV3TestJSON:setUpClass): 201 POST http://10.13.3.249:35357/v3/projects 0.227s
2018-06-13 01:11:14.047 24166 INFO tempest.lib.common.rest_client [req-86cd4569-bce9-4447-b3a7-20482526e614 ] Request (FlavorsV2TestJSON:test_list_flavors): 200 GET http://10.13.3.202:8774/v2/69aacc77e18742bba5a0c35b2102f8e4/flavors/9 0.016s
2018-06-13 01:11:14.051 24160 INFO tempest.lib.common.rest_client [req-d5f043f8-1686-42b4-8573-5acc18be2f6e ] Request (TrustsV3TestJSON:setUpClass): 200 GET http://10.13.3.249:35357/v3/roles 0.101s
2018-06-13 01:11:14.055 24158 INFO tempest.lib.common.rest_client [req-f7b010d1-2b2d-4cf5-a3cd-2c3d801a38bb ] Request (ContainerTest:setUpClass): 201 POST http://10.13.3.249:5000/v3/auth/tokens
{18} tempest.api.compute.flavors.test_flavors.FlavorsV2TestJSON.test_list_flavors [0.049093s] ... ok
2018-06-13 01:11:14.166 24153 INFO tempest.lib.common.rest_client [req-fb715982-8e63-429f-8b4e-59cff693f340 ] Request (ServerActionsTestJSON:setUpClass): 201 POST http://10.13.3.249:5000/v3/auth/tokens
2018-06-13 01:11:14.297 24162 INFO tempest.lib.common.rest_client [req-e0dfd57c-fd59-49f9-9499-b4a6d60c9dd8 ] Request (GroupsV3TestJSON:setUpClass): 201 POST http://10.13.3.249:35357/v3/users 0.268s
2018-06-13 01:11:14.298 24151 INFO tempest.lib.common.rest_client [req-c00043bb-764b-401a-b6cc-b9abeccb86b9 ] Request (SecurityGroupsTestJSON:setUpClass): 201 POST http://10.13.3.249:5000/v3/auth/tokens
2018-06-13 01:11:14.332 24160 INFO tempest.lib.common.rest_client [req-a73e3da1-77fa-4532-b52e-7e9c2ddfb63c ] Request (TrustsV3TestJSON:setUpClass): 204 PUT http://10.13.3.249:35357/v3/projects/8bcbf9befc74463eb8b6e26cbfb8cf23/users/c8eeea6666ae476fb8293cb14b5afe01/roles/a583dd0b217f456582382cd0efa42d09 0.280s
2018-06-13 01:11:14.358 24145 INFO tempest.lib.common.rest_client [req-e24b6b83-f20c-4545-b86c-69a24a210ed7 ] Request (FloatingIPTestJSON:setUpClass): 201 POST http://10.13.3.217:9696/v2.0/networks 1.847s
2018-06-13 01:11:14.359 24149 INFO tempest.lib.common.rest_client [req-113f1e01-92f8-4675-97a4-3c68e3fdb9cf ] Request (SecurityGroupRulesTestJSON:setUpClass): 201 POST http://10.13.3.217:9696/v2.0/networks 1.811s
2018-06-13 01:11:14.444 24158 INFO tempest.lib.common.rest_client [tx427c8a23d24b420ba9560-005b206122 ] Request (ContainerTest:setUpClass): 200 GET http://10.13.3.245:8080/info 0.388s
2018-06-13 01:11:14.461 24170 INFO tempest.lib.common.rest_client [req-7ec0edbf-30a2-42b5-b0c6-0cd9e2a6bf32 ] Request (ServersTestJSON:setUpClass): 201 POST http://10.13.3.249:5000/v3/auth/tokens
2018-06-13 01:11:14.482 24158 INFO tempest.lib.common.rest_client [tx512a907e5bfc4d3fb73a7-005b206122 ] Request (ContainerTest:test_create_container): 201 PUT http://10.13.3.245:8080/v1/AUTH_a9304bf4ea6b4d6fa5a5f8f0d424ff90/tempest-TestContainer-190865039 0.037s
2018-06-13 01:11:14.491 24158 INFO tempest.lib.common.rest_client [tx9f8c932e0eea4a5bbb8b5-005b206122 ] Request (ContainerTest:tearDown): 200 GET http://10.13.3.245:8080/v1/AUTH_a9304bf4ea6b4d6fa5a5f8f0d424ff90/tempest-TestContainer-190865039?&format=json&limit=9999 0.008s
2018-06-13 01:11:14.532 24166 INFO tempest.lib.common.rest_client [req-9f15b079-5fe1-49f1-bbe8-12d14de611db ] Request (FlavorsV2TestJSON:tearDownClass): 204 DELETE http://10.13.3.249:35357/v3/users/2cc71286c36944578617fbc182e12338 0.468s
2018-06-13 01:11:14.561 24135 INFO tempest.lib.common.rest_client [req-5e9648a0-f72b-4947-958f-0276aa96f466 ] Request (PortsTestJSON:setUpClass): 201 POST http://10.13.3.217:9696/v2.0/ports 1.413s
2018-06-13 01:11:14.618 24168 INFO tempest.lib.common.rest_client [req-84c0a2f1-342e-4410-bb1b-e60a41d3f75d ] Request (SubnetPoolsTestJSON:setUpClass): 201 POST http://10.13.3.249:5000/v3/auth/tokens
2018-06-13 01:11:14.675 24162 INFO tempest.lib.common.rest_client [req-bc3b1acc-1fff-41cd-bb1e-326d2cc37c52 ] Request (GroupsV3TestJSON:setUpClass): 200 GET http://10.13.3.249:35357/v3/roles 0.377s
2018-06-13 01:11:14.698 24160 INFO tempest.lib.common.rest_client [req-0b699165-1577-4afd-9012-a9f9c9c438dd ] Request (TrustsV3TestJSON:setUpClass): 200 GET http://10.13.3.249:35357/v3/roles 0.365s
2018-06-13 01:11:14.715 24165 INFO tempest.lib.common.rest_client [req-beb8c065-3dc5-4ec3-b988-40c214a3e4fd ] Request (TestServerMultinode:setUpClass): 201 POST http://10.13.3.249:5000/v3/auth/tokens
2018-06-13 01:11:14.859 24162 INFO tempest.lib.common.rest_client [req-21b47587-4673-45a2-817a-d01e092327ee ] Request (GroupsV3TestJSON:setUpClass): 204 PUT http://10.13.3.249:35357/v3/projects/20f2a632e41648e296d80f166c472d3f/users/44fe0209461f4a13bf3c7b6577b6d188/roles/a583dd0b217f456582382cd0efa42d09 0.183s
2018-06-13 01:11:14.880 24160 INFO tempest.lib.common.rest_client [req-20e636bb-8385-401b-892f-30604d2bb1c2 ] Request (TrustsV3TestJSON:setUpClass): 204 PUT http://10.13.3.249:35357/v3/domains/6d70ddef57f143c3b3c78b3576c4fbad/users/c8eeea6666ae476fb8293cb14b5afe01/roles/a583dd0b217f456582382cd0efa42d09 0.182s
2018-06-13 01:11:14.880 24160 INFO tempest.lib.common.dynamic_creds [-] Acquired dynamic creds:
 credentials: Credentials: {'domain_name': 'admin_domain', 'project_id': '8bcbf9befc74463eb8b6e26cbfb8cf23', 'domain_id': '6d70ddef57f143c3b3c78b3576c4fbad', 'user_id': 'c8eeea6666ae476fb8293cb14b5afe01', 'tenant_id': '8bcbf9befc74463eb8b6e26cbfb8cf23', 'project_name': 'tempest-TrustsV3TestJSON-801944186', 'user_domain_id': '6d70ddef57f143c3b3c78b3576c4fbad', 'user_domain_name': 'admin_domain', 'project_domain_name': 'admin_domain', 'username': 'tempest-TrustsV3TestJSON-801944186', 'tenant_name': 'tempest-TrustsV3TestJSON-801944186', 'project_domain_id': '6d70ddef57f143c3b3c78b3576c4fbad'}, Network: None, Subnet: None, Router: None
2018-06-13 01:11:14.880 24160 INFO tempest.lib.common.dynamic_creds [-] Created isolated network resources for : 
 credentials: Credentials: {'domain_name': 'admin_domain', 'project_id': '8bcbf9befc74463eb8b6e26cbfb8cf23', 'domain_id': '6d70ddef57f143c3b3c78b3576c4fbad', 'user_id': 'c8eeea6666ae476fb8293cb14b5afe01', 'tenant_id': '8bcbf9befc74463eb8b6e26cbfb8cf23', 'project_name': 'tempest-TrustsV3TestJSON-801944186', 'user_domain_id': '6d70ddef57f143c3b3c78b3576c4fbad', 'user_domain_name': 'admin_domain', 'project_domain_name': 'admin_domain', 'username': 'tempest-TrustsV3TestJSON-801944186', 'tenant_name': 'tempest-TrustsV3TestJSON-801944186', 'project_domain_id': '6d70ddef57f143c3b3c78b3576c4fbad'}, Network: None, Subnet: None, Router: None
2018-06-13 01:11:14.930 24131 INFO tempest.lib.common.rest_client [req-ca9ab94e-f342-4dc4-bc3e-d47e9524a203 ] Request (TestNetworkBasicOps:setUpClass): 201 POST http://10.13.3.249:5000/v3/auth/tokens
2018-06-13 01:11:14.964 24166 INFO tempest.lib.common.rest_client [req-b597be4b-bdfa-4afc-85f2-59292a901b33 ] Request (FlavorsV2TestJSON:tearDownClass): 201 POST http://10.13.3.249:5000/v3/auth/tokens
2018-06-13 01:11:14.973 24162 INFO tempest.lib.common.rest_client [req-3dadca12-a55c-44bb-9f09-69539cae135c ] Request (GroupsV3TestJSON:setUpClass): 200 GET http://10.13.3.249:35357/v3/roles 0.114s
2018-06-13 01:11:15.052 24162 INFO tempest.lib.common.rest_client [req-e02f726c-33c7-456b-8c5f-77e1c88e0a9b ] Request (GroupsV3TestJSON:setUpClass): 204 PUT http://10.13.3.249:35357/v3/domains/6d70ddef57f143c3b3c78b3576c4fbad/users/44fe0209461f4a13bf3c7b6577b6d188/roles/a583dd0b217f456582382cd0efa42d09 0.076s
2018-06-13 01:11:15.055 24162 INFO tempest.lib.common.dynamic_creds [-] Acquired dynamic creds:
 credentials: Credentials: {'domain_id': '6d70ddef57f143c3b3c78b3576c4fbad', 'project_domain_id': '6d70ddef57f143c3b3c78b3576c4fbad', 'user_id': '44fe0209461f4a13bf3c7b6577b6d188', 'domain_name': 'admin_domain', 'project_domain_name': 'admin_domain', 'project_name': 'tempest-GroupsV3TestJSON-1649163027', 'tenant_name': 'tempest-GroupsV3TestJSON-1649163027', 'project_id': '20f2a632e41648e296d80f166c472d3f', 'username': 'tempest-GroupsV3TestJSON-1649163027', 'tenant_id': '20f2a632e41648e296d80f166c472d3f', 'user_domain_name': 'admin_domain', 'user_domain_id': '6d70ddef57f143c3b3c78b3576c4fbad'}, Network: None, Subnet: None, Router: None
2018-06-13 01:11:15.057 24162 INFO tempest.lib.common.dynamic_creds [-] Created isolated network resources for : 
 credentials: Credentials: {'domain_id': '6d70ddef57f143c3b3c78b3576c4fbad', 'project_domain_id': '6d70ddef57f143c3b3c78b3576c4fbad', 'user_id': '44fe0209461f4a13bf3c7b6577b6d188', 'domain_name': 'admin_domain', 'project_domain_name': 'admin_domain', 'project_name': 'tempest-GroupsV3TestJSON-1649163027', 'tenant_name': 'tempest-GroupsV3TestJSON-1649163027', 'project_id': '20f2a632e41648e296d80f166c472d3f', 'username': 'tempest-GroupsV3TestJSON-1649163027', 'tenant_id': '20f2a632e41648e296d80f166c472d3f', 'user_domain_name': 'admin_domain', 'user_domain_id': '6d70ddef57f143c3b3c78b3576c4fbad'}, Network: None, Subnet: None, Router: None
2018-06-13 01:11:15.247 24160 INFO tempest.lib.common.rest_client [req-a579fac9-9272-4fc9-98be-1678bf97246d ] Request (TrustsV3TestJSON:setUpClass): 201 POST http://10.13.3.249:5000/v3/auth/tokens
2018-06-13 01:11:15.351 24168 INFO tempest.lib.common.rest_client [req-9a95fc8e-c4c3-4a55-aeb9-0184abdfeae9 ] Request (SubnetPoolsTestJSON:test_create_list_show_update_delete_subnetpools): 201 POST http://10.13.3.217:9696/v2.0/subnetpools 0.731s
2018-06-13 01:11:15.384 24141 INFO tempest.lib.common.rest_client [req-81dcef98-6f33-4c07-8e5a-26d83dadedbe ] Request (BulkNetworkOpsTest:_run_cleanups): 204 DELETE http://10.13.3.217:9696/v2.0/networks/e1e106af-96f6-472e-9908-dcee72ef472b 1.698s
2018-06-13 01:11:15.410 24139 INFO tempest.lib.common.rest_client [req-d95701ce-d9e4-434f-abab-67b7f575a6ca ] Request (AttachInterfacesTestJSON:setUpClass): 201 POST http://10.13.3.217:9696/v2.0/networks 2.248s
2018-06-13 01:11:15.419 24162 INFO tempest.lib.common.rest_client [req-82d3c7bd-20ed-4d3e-aac9-28b1625ee508 ] Request (GroupsV3TestJSON:setUpClass): 201 POST http://10.13.3.249:5000/v3/auth/tokens
2018-06-13 01:11:15.435 24147 INFO tempest.lib.common.rest_client [req-22662357-5c5a-47c3-84e0-941d77c4699d ] Request (SecGroupTest:test_create_list_update_show_delete_security_group): 201 POST http://10.13.3.217:9696/v2.0/security-groups 2.289s
2018-06-13 01:11:15.469 24149 INFO tempest.lib.common.rest_client [req-e0931a4f-2e7f-431d-a00d-e70ef715a673 ] Request (SecurityGroupRulesTestJSON:setUpClass): 201 POST http://10.13.3.217:9696/v2.0/subnets 1.109s
2018-06-13 01:11:15.469 24149 INFO tempest.lib.common.dynamic_creds [-] Created isolated network resources for : 
 credentials: Credentials: {'tenant_id': '8bb636bbea3c400dbce777b8eae08b4f', 'username': 'tempest-SecurityGroupRulesTestJSON-1371671024', 'project_id': '8bb636bbea3c400dbce777b8eae08b4f', 'user_domain_name': 'admin_domain', 'project_domain_id': '6d70ddef57f143c3b3c78b3576c4fbad', 'project_domain_name': 'admin_domain', 'user_domain_id': '6d70ddef57f143c3b3c78b3576c4fbad', 'user_id': 'e90f0ae741a84d13b7d4982da3816df3', 'project_name': 'tempest-SecurityGroupRulesTestJSON-1371671024', 'domain_name': 'admin_domain', 'domain_id': '6d70ddef57f143c3b3c78b3576c4fbad', 'tenant_name': 'tempest-SecurityGroupRulesTestJSON-1371671024'}, Network: {'created_at': '2018-06-13T00:11:13Z', 'l2_adjacency': True, 'revision_number': 2, 'tags': [], 'subnets': [], 'admin_state_up': True, 'availability_zones': [], 'ipv6_address_scope': None, 'router:external': False, 'provider:physical_network': None, 'name': 'tempest-SecurityGroupRulesTestJSON-1772252985-network', 'shared': False, 'status': 'ACTIVE', 'provider:segmentation_id': 101, 'mtu': 1458, 'id': '5a80f8e0-62e4-474c-8845-d013153dd582', 'ipv4_address_scope': None, 'tenant_id': '8bb636bbea3c400dbce777b8eae08b4f', 'provider:network_type': 'gre', 'project_id': '8bb636bbea3c400dbce777b8eae08b4f', 'updated_at': '2018-06-13T00:11:14Z', 'description': '', 'availability_zone_hints': [], 'is_default': False}, Subnet: {'network_id': '5a80f8e0-62e4-474c-8845-d013153dd582', 'created_at': '2018-06-13T00:11:14Z', 'revision_number': 0, 'tags': [], 'gateway_ip': '172.16.0.1', 'dns_nameservers': [], 'ipv6_ra_mode': None, 'allocation_pools': [{'start': '172.16.0.2', 'end': '172.16.0.14'}], 'subnetpool_id': None, 'name': 'tempest-SecurityGroupRulesTestJSON-1772252985-subnet', 'enable_dhcp': False, 'ip_version': 4, 'ipv6_address_mode': None, 'id': 'c435d543-7d01-4f71-99bf-640957c5a87d', 'host_routes': [], 'tenant_id': '8bb636bbea3c400dbce777b8eae08b4f', 'segment_id': None, 'project_id': '8bb636bbea3c400dbce777b8eae08b4f', 'cidr': '172.16.0.0/28', 'updated_at': '2018-06-13T00:11:14Z', 'description': '', 'service_types': []}, Router: None
2018-06-13 01:11:15.546 24160 INFO tempest.lib.common.rest_client [req-e498d259-b904-4030-90f3-5ba28400ef43 ] Request (TrustsV3TestJSON:setUp): 201 POST http://10.13.3.249:5000/v3/auth/tokens
