2018-06-13 01:11:15.567 24143 INFO tempest.lib.common.rest_client [req-12a5aa69-73ee-411d-abb9-7d1803798f72 ] Request (NetworksTest:setUpClass): 201 POST http://10.13.3.217:9696/v2.0/subnets 1.529s
2018-06-13 01:11:15.577 24160 INFO tempest.lib.common.rest_client [req-085572c3-e006-43d1-8684-e2729605284b ] Request (TrustsV3TestJSON:setUp): 201 POST http://10.13.3.249:35357/v3/projects 0.031s
2018-06-13 01:11:15.590 24147 INFO tempest.lib.common.rest_client [req-5eada5ff-5bb2-4f42-b690-ac4389193111 ] Request (SecGroupTest:test_create_list_update_show_delete_security_group): 200 GET http://10.13.3.217:9696/v2.0/security-groups 0.155s
2018-06-13 01:11:15.649 24168 INFO tempest.lib.common.rest_client [req-d0bfdfe6-047f-426d-9847-04ae83a5a810 ] Request (SubnetPoolsTestJSON:test_create_list_show_update_delete_subnetpools): 200 GET http://10.13.3.217:9696/v2.0/subnetpools/ad6c0090-6868-433e-996d-a3c3932b8ce0 0.298s
2018-06-13 01:11:15.659 24153 INFO tempest.lib.common.rest_client [req-9d43ba28-8aad-4544-88f8-fb04841a4855 ] Request (ServerActionsTestJSON:setUpClass): 201 POST http://10.13.3.217:9696/v2.0/networks 1.492s
2018-06-13 01:11:15.729 24162 INFO tempest.lib.common.rest_client [req-2030db46-5eda-4705-be76-768d89cfde92 ] Request (GroupsV3TestJSON:setUpClass): 201 POST http://10.13.3.249:5000/v3/auth/tokens
2018-06-13 01:11:15.783 24156 INFO tempest.lib.common.rest_client [tx14bec936201d4d7998f3f-005b206123 ] Request (ContainerQuotasTest:tearDown): 204 DELETE http://10.13.3.245:8080/v1/AUTH_216f02f43266431190234a3f50978a9a/tempest-TestContainer-1093047749 0.021s
{12} tempest.api.object_storage.test_container_quotas.ContainerQuotasTest.test_upload_large_object [2.124592s] ... ok
2018-06-13 01:11:15.802 24156 INFO tempest.lib.common.rest_client [txb0f482b1b4254783ac80c-005b206123 ] Request (ContainerQuotasTest:setUp): 201 PUT http://10.13.3.245:8080/v1/AUTH_216f02f43266431190234a3f50978a9a/tempest-TestContainer-939543664 0.018s
2018-06-13 01:11:15.815 24156 INFO tempest.lib.common.rest_client [txeecccac50a814a1a89028-005b206123 ] Request (ContainerQuotasTest:setUp): 204 POST http://10.13.3.245:8080/v1/AUTH_216f02f43266431190234a3f50978a9a/tempest-TestContainer-939543664 0.013s
2018-06-13 01:11:15.833 24156 INFO tempest.lib.common.rest_client [tx484b09184bcf4a5ba61ea-005b206123 ] Request (ContainerQuotasTest:test_upload_too_many_objects): 201 PUT http://10.13.3.245:8080/v1/AUTH_216f02f43266431190234a3f50978a9a/tempest-TestContainer-939543664/tempest-TestObject-782542450 0.018s
2018-06-13 01:11:15.836 24160 INFO tempest.lib.common.rest_client [req-ce33edeb-de53-478c-872c-2c735e7e4b29 ] Request (TrustsV3TestJSON:setUp): 201 POST http://10.13.3.249:35357/v3/users 0.258s
2018-06-13 01:11:15.850 24156 INFO tempest.lib.common.rest_client [tx892005012a4944b68f4f1-005b206123 ] Request (ContainerQuotasTest:test_upload_too_many_objects): 201 PUT http://10.13.3.245:8080/v1/AUTH_216f02f43266431190234a3f50978a9a/tempest-TestContainer-939543664/tempest-TestObject-604301511 0.017s
2018-06-13 01:11:15.865 24162 INFO tempest.lib.common.rest_client [req-9425d5de-30d5-4395-840d-1e91ca0afbe2 ] Request (GroupsV3TestJSON:setUpClass): 201 POST http://10.13.3.249:35357/v3/domains 0.135s
2018-06-13 01:11:15.866 24156 INFO tempest.lib.common.rest_client [txef73575fee794e0aaa0bb-005b206123 ] Request (ContainerQuotasTest:test_upload_too_many_objects): 201 PUT http://10.13.3.245:8080/v1/AUTH_216f02f43266431190234a3f50978a9a/tempest-TestContainer-939543664/tempest-TestObject-831406599 0.016s
2018-06-13 01:11:15.867 24149 INFO tempest.lib.common.rest_client [req-d4913b49-688d-4c81-bdcd-af3ee4895b81 ] Request (SecurityGroupRulesTestJSON:setUpClass): 201 POST http://10.13.3.249:5000/v3/auth/tokens
2018-06-13 01:11:15.876 24156 INFO tempest.lib.common.rest_client [tx855140e8fa724c64a6a6a-005b206123 ] Request (ContainerQuotasTest:test_upload_too_many_objects): 204 HEAD http://10.13.3.245:8080/v1/AUTH_216f02f43266431190234a3f50978a9a/tempest-TestContainer-939543664 0.010s
2018-06-13 01:11:15.879 24156 INFO tempest.lib.common.rest_client [tx643ba90867504204b53d3-005b206123 ] Request (ContainerQuotasTest:test_upload_too_many_objects): 413 PUT http://10.13.3.245:8080/v1/AUTH_216f02f43266431190234a3f50978a9a/tempest-TestContainer-939543664/OverQuotaObject 0.003s
2018-06-13 01:11:15.888 24162 INFO tempest.lib.common.rest_client [req-91946308-4b56-430d-9aad-995cc0ec8222 ] Request (GroupsV3TestJSON:test_group_users_add_list_delete): 201 POST http://10.13.3.249:35357/v3/groups 0.022s
2018-06-13 01:11:15.890 24156 INFO tempest.lib.common.rest_client [txd189b3304fa14be4b1317-005b206123 ] Request (ContainerQuotasTest:test_upload_too_many_objects): 204 HEAD http://10.13.3.245:8080/v1/AUTH_216f02f43266431190234a3f50978a9a/tempest-TestContainer-939543664 0.011s
2018-06-13 01:11:15.905 24160 INFO tempest.lib.common.rest_client [req-9c880886-2f22-4b4d-a281-11efdefbbc18 ] Request (TrustsV3TestJSON:setUp): 201 POST http://10.13.3.249:35357/v3/roles 0.069s
2018-06-13 01:11:15.907 24156 INFO tempest.lib.common.rest_client [txf2daf39b02554ae7b7ba3-005b206123 ] Request (ContainerQuotasTest:tearDown): 404 GET http://10.13.3.245:8080/v1/AUTH_216f02f43266431190234a3f50978a9a/tempest-TestContainer-1093047749?&format=json&limit=9999 0.016s
2018-06-13 01:11:15.919 24156 INFO tempest.lib.common.rest_client [tx575aff659c944829b3e3f-005b206123 ] Request (ContainerQuotasTest:tearDown): 200 GET http://10.13.3.245:8080/v1/AUTH_216f02f43266431190234a3f50978a9a/tempest-TestContainer-939543664?&format=json&limit=9999 0.012s
2018-06-13 01:11:15.931 24156 INFO tempest.lib.common.rest_client [txbc1434973b0741f1ad5b6-005b206123 ] Request (ContainerQuotasTest:tearDown): 204 DELETE http://10.13.3.245:8080/v1/AUTH_216f02f43266431190234a3f50978a9a/tempest-TestContainer-939543664/tempest-TestObject-604301511 0.011s
2018-06-13 01:11:15.942 24156 INFO tempest.lib.common.rest_client [tx1790048c79c04134abde9-005b206123 ] Request (ContainerQuotasTest:tearDown): 204 DELETE http://10.13.3.245:8080/v1/AUTH_216f02f43266431190234a3f50978a9a/tempest-TestContainer-939543664/tempest-TestObject-782542450 0.010s
2018-06-13 01:11:15.952 24156 INFO tempest.lib.common.rest_client [txf54a988ca04e4d17a5a48-005b206123 ] Request (ContainerQuotasTest:tearDown): 204 DELETE http://10.13.3.245:8080/v1/AUTH_216f02f43266431190234a3f50978a9a/tempest-TestContainer-939543664/tempest-TestObject-831406599 0.010s
2018-06-13 01:11:15.984 24160 INFO tempest.lib.common.rest_client [req-b956fc59-d1c2-4de5-aecb-87c1e2511dc3 ] Request (TrustsV3TestJSON:setUp): 201 POST http://10.13.3.249:35357/v3/roles 0.079s
2018-06-13 01:11:16.062 24147 INFO tempest.lib.common.rest_client [req-6af3d61e-49c8-4b7d-8935-bd9f75c1a281 ] Request (SecGroupTest:test_create_list_update_show_delete_security_group): 200 PUT http://10.13.3.217:9696/v2.0/security-groups/ec4c49ac-15bd-42ef-9979-ccb77728809c 0.471s
2018-06-13 01:11:16.064 24145 INFO tempest.lib.common.rest_client [req-443cd82a-8ffc-45a9-93f7-d82c5a056a36 ] Request (FloatingIPTestJSON:setUpClass): 201 POST http://10.13.3.217:9696/v2.0/subnets 1.703s
2018-06-13 01:11:16.168 24168 INFO tempest.lib.common.rest_client [req-31f42f37-b079-456b-b8db-46656fd2e560 ] Request (SubnetPoolsTestJSON:test_create_list_show_update_delete_subnetpools): 200 PUT http://10.13.3.217:9696/v2.0/subnetpools/ad6c0090-6868-433e-996d-a3c3932b8ce0 0.518s
2018-06-13 01:11:16.206 24165 INFO tempest.lib.common.rest_client [req-7f7f3d09-61f8-4375-9ea5-aa9c6693a68b ] Request (TestServerMultinode:setUpClass): 201 POST http://10.13.3.217:9696/v2.0/networks 1.490s
2018-06-13 01:11:16.216 24162 INFO tempest.lib.common.rest_client [req-3f6d6071-fb28-4d6c-9685-073461b4b4ac ] Request (GroupsV3TestJSON:test_group_users_add_list_delete): 201 POST http://10.13.3.249:35357/v3/users 0.327s
2018-06-13 01:11:16.218 24147 INFO tempest.lib.common.rest_client [req-f8b790fa-b0b6-43ac-b351-c2bd07e2f50e ] Request (SecGroupTest:test_create_list_update_show_delete_security_group): 200 GET http://10.13.3.217:9696/v2.0/security-groups/ec4c49ac-15bd-42ef-9979-ccb77728809c 0.156s
2018-06-13 01:11:16.248 24160 INFO tempest.lib.common.rest_client [req-b815f96d-7d7e-4711-aed1-8eeca4185f20 ] Request (TrustsV3TestJSON:setUp): 204 PUT http://10.13.3.249:35357/v3/projects/b98fd27162d544f0832e0206612336d3/users/909e18b5a42749a0ae64af881adbb44a/roles/566ed34f0eae4545a7f3024692c0cce4 0.264s
2018-06-13 01:11:16.318 24162 INFO tempest.lib.common.rest_client [req-f72786a0-38c5-4402-9c7d-6c0f5c82ec10 ] Request (GroupsV3TestJSON:test_group_users_add_list_delete): 204 PUT http://10.13.3.249:35357/v3/groups/0149d9bdcf09428dac6108d27cc3d917/users/86a2a460d0d74b20bd64754b6b7413b6 0.101s
2018-06-13 01:11:16.334 24160 INFO tempest.lib.common.rest_client [req-8dbe95ed-54ab-4930-a735-f9faedc8a87c ] Request (TrustsV3TestJSON:setUp): 204 PUT http://10.13.3.249:35357/v3/projects/b98fd27162d544f0832e0206612336d3/users/909e18b5a42749a0ae64af881adbb44a/roles/66303e70565c45ccbd5078b8104e9429 0.085s
2018-06-13 01:11:16.385 24168 INFO tempest.lib.common.rest_client [req-7311984d-8c4c-40a0-b1aa-488e12705368 ] Request (SubnetPoolsTestJSON:test_create_list_show_update_delete_subnetpools): 204 DELETE http://10.13.3.217:9696/v2.0/subnetpools/ad6c0090-6868-433e-996d-a3c3932b8ce0 0.216s
2018-06-13 01:11:16.457 24143 INFO tempest.lib.common.rest_client [req-65d8a3ad-3c11-4d23-b176-7a99fe2e2d40 ] Request (NetworksTest:test_create_update_delete_network_subnet): 201 POST http://10.13.3.217:9696/v2.0/networks 0.889s
2018-06-13 01:11:16.512 24158 INFO tempest.lib.common.rest_client [tx96d8dc8c319d4939b4108-005b206124 ] Request (ContainerTest:tearDown): 204 DELETE http://10.13.3.245:8080/v1/AUTH_a9304bf4ea6b4d6fa5a5f8f0d424ff90/tempest-TestContainer-190865039 0.018s
{13} tempest.api.object_storage.test_container_services.ContainerTest.test_create_container [2.068151s] ... ok
2018-06-13 01:11:16.533 24158 INFO tempest.lib.common.rest_client [tx32af3ba1dffd4e1baa360-005b206124 ] Request (ContainerTest:test_list_container_contents): 201 PUT http://10.13.3.245:8080/v1/AUTH_a9304bf4ea6b4d6fa5a5f8f0d424ff90/tempest-TestContainer-685245758 0.019s
2018-06-13 01:11:16.552 24158 INFO tempest.lib.common.rest_client [tx44a29b8a86814fbdbd4e6-005b206124 ] Request (ContainerTest:test_list_container_contents): 201 PUT http://10.13.3.245:8080/v1/AUTH_a9304bf4ea6b4d6fa5a5f8f0d424ff90/tempest-TestContainer-685245758/tempest-TestObject-493660991 0.017s
2018-06-13 01:11:16.563 24158 INFO tempest.lib.common.rest_client [tx00900186c20d4dc99a40c-005b206124 ] Request (ContainerTest:test_list_container_contents): 200 GET http://10.13.3.245:8080/v1/AUTH_a9304bf4ea6b4d6fa5a5f8f0d424ff90/tempest-TestContainer-685245758 0.011s
2018-06-13 01:11:16.568 24162 INFO tempest.lib.common.rest_client [req-244f9ccb-1173-4c30-b99f-98d190d1ea1d ] Request (GroupsV3TestJSON:test_group_users_add_list_delete): 201 POST http://10.13.3.249:35357/v3/users 0.249s
2018-06-13 01:11:16.573 24135 INFO tempest.lib.common.rest_client [req-b98c292c-2e16-4955-b9be-fa9c1b6dfeb8 ] Request (PortsTestJSON:test_create_port_in_allowed_allocation_pools): 201 POST http://10.13.3.217:9696/v2.0/networks 2.011s
2018-06-13 01:11:16.580 24158 INFO tempest.lib.common.rest_client [txa37483502efb4d529c4f7-005b206124 ] Request (ContainerTest:tearDown): 404 GET http://10.13.3.245:8080/v1/AUTH_a9304bf4ea6b4d6fa5a5f8f0d424ff90/tempest-TestContainer-190865039?&format=json&limit=9999 0.017s
2018-06-13 01:11:16.591 24158 INFO tempest.lib.common.rest_client [tx92fa2ba21d974bf78a0ae-005b206124 ] Request (ContainerTest:tearDown): 200 GET http://10.13.3.245:8080/v1/AUTH_a9304bf4ea6b4d6fa5a5f8f0d424ff90/tempest-TestContainer-685245758?&format=json&limit=9999 0.010s
2018-06-13 01:11:16.604 24158 INFO tempest.lib.common.rest_client [txe2fcb08f68d3478882d28-005b206124 ] Request (ContainerTest:tearDown): 204 DELETE http://10.13.3.245:8080/v1/AUTH_a9304bf4ea6b4d6fa5a5f8f0d424ff90/tempest-TestContainer-685245758/tempest-TestObject-493660991 0.013s
2018-06-13 01:11:16.609 24160 INFO tempest.lib.common.rest_client [req-27f226e1-8691-4603-b6d8-9ba0ce68fd0a ] Request (TrustsV3TestJSON:setUp): 200 GET http://10.13.3.249:35357/v3/users 0.275s
2018-06-13 01:11:16.659 24168 INFO tempest.lib.common.rest_client [req-a27bd3d5-6bca-4a5a-9c06-a2af8af90ec6 ] Request (SubnetPoolsTestJSON:test_create_list_show_update_delete_subnetpools): 404 GET http://10.13.3.217:9696/v2.0/subnetpools/ad6c0090-6868-433e-996d-a3c3932b8ce0 0.273s
2018-06-13 01:11:16.673 24162 INFO tempest.lib.common.rest_client [req-4fc7ab88-4722-4468-a468-d20d6d4c3773 ] Request (GroupsV3TestJSON:test_group_users_add_list_delete): 204 PUT http://10.13.3.249:35357/v3/groups/0149d9bdcf09428dac6108d27cc3d917/users/c3916539008c4b36b6312fe536cb28bc 0.105s
2018-06-13 01:11:16.736 24166 INFO tempest.lib.common.rest_client [req-837585bf-c67d-4dbf-8e7b-d34439f4d670 ] Request (FlavorsV2TestJSON:tearDownClass): 200 GET http://10.13.3.217:9696/v2.0/security-groups?tenant_id=69aacc77e18742bba5a0c35b2102f8e4&name=default 1.772s
2018-06-13 01:11:16.765 24147 INFO tempest.lib.common.rest_client [req-6c929aac-e7cf-4c0f-824a-5810f17ec8ae ] Request (SecGroupTest:_run_cleanups): 204 DELETE http://10.13.3.217:9696/v2.0/security-groups/ec4c49ac-15bd-42ef-9979-ccb77728809c 0.546s
2018-06-13 01:11:16.769 24168 INFO tempest.lib.common.rest_client [req-fc4e1b3a-6cd9-48d6-9b20-8ede40edf897 ] Request (SubnetPoolsTestJSON:_run_cleanups): 404 DELETE http://10.13.3.217:9696/v2.0/subnetpools/ad6c0090-6868-433e-996d-a3c3932b8ce0 0.110s
{16} tempest.api.network.test_subnetpools_extensions.SubnetPoolsTestJSON.test_create_list_show_update_delete_subnetpools [2.150714s] ... ok
2018-06-13 01:11:16.925 24162 INFO tempest.lib.common.rest_client [req-ce3d1921-2aa6-42ce-9edc-10184c1d0f6c ] Request (GroupsV3TestJSON:test_group_users_add_list_delete): 201 POST http://10.13.3.249:35357/v3/users 0.252s
2018-06-13 01:11:16.957 24160 INFO tempest.lib.common.rest_client [req-74010671-2be2-40cc-8924-49a3f36d2f28 ] Request (TrustsV3TestJSON:setUp): 201 POST http://10.13.3.249:5000/v3/auth/tokens
2018-06-13 01:11:17.014 24139 INFO tempest.lib.common.rest_client [req-9701b0a7-4f1a-4740-b022-a405057b628d ] Request (AttachInterfacesTestJSON:setUpClass): 201 POST http://10.13.3.217:9696/v2.0/subnets 1.598s
2018-06-13 01:11:17.015 24139 INFO tempest.lib.common.dynamic_creds [-] Created isolated network resources for : 
 credentials: Credentials: {'project_domain_id': '6d70ddef57f143c3b3c78b3576c4fbad', 'user_id': 'e537a82162194f4a87b483de3a87ddb2', 'domain_id': '6d70ddef57f143c3b3c78b3576c4fbad', 'project_id': '98ec693cf55843528d24b0f4ebe3497e', 'project_name': 'tempest-AttachInterfacesTestJSON-1369380946', 'tenant_name': 'tempest-AttachInterfacesTestJSON-1369380946', 'domain_name': 'admin_domain', 'username': 'tempest-AttachInterfacesTestJSON-1369380946', 'project_domain_name': 'admin_domain', 'tenant_id': '98ec693cf55843528d24b0f4ebe3497e', 'user_domain_name': 'admin_domain', 'user_domain_id': '6d70ddef57f143c3b3c78b3576c4fbad'}, Network: {'id': '7d83004c-1e32-4b33-90d1-a89cda749cf1', 'description': '', 'created_at': '2018-06-13T00:11:14Z', 'admin_state_up': True, 'mtu': 1458, 'provider:segmentation_id': 11, 'provider:network_type': 'gre', 'ipv4_address_scope': None, 'tenant_id': '98ec693cf55843528d24b0f4ebe3497e', 'availability_zone_hints': [], 'router:external': False, 'revision_number': 2, 'updated_at': '2018-06-13T00:11:14Z', 'tags': [], 'subnets': [], 'status': 'ACTIVE', 'project_id': '98ec693cf55843528d24b0f4ebe3497e', 'is_default': False, 'name': 'tempest-AttachInterfacesTestJSON-263168268-network', 'ipv6_address_scope': None, 'shared': False, 'provider:physical_network': None, 'l2_adjacency': True, 'availability_zones': []}, Subnet: {'enable_dhcp': False, 'id': '5f5ec39c-c80a-48ba-ba01-23b907b9fe01', 'ipv6_address_mode': None, 'allocation_pools': [{'start': '172.16.0.2', 'end': '172.16.0.14'}], 'host_routes': [], 'description': '', 'service_types': [], 'cidr': '172.16.0.0/28', 'gateway_ip': '172.16.0.1', 'tenant_id': '98ec693cf55843528d24b0f4ebe3497e', 'ip_version': 4, 'segment_id': None, 'revision_number': 0, 'updated_at': '2018-06-13T00:11:15Z', 'tags': [], 'project_id': '98ec693cf55843528d24b0f4ebe3497e', 'name': 'tempest-AttachInterfacesTestJSON-263168268-subnet', 'dns_nameservers': [], 'created_at': '2018-06-13T00:11:15Z', 'ipv6_ra_mode': None, 'network_id': '7d83004c-1e32-4b33-90d1-a89cda749cf1', 'subnetpool_id': None}, Router: None
2018-06-13 01:11:17.044 24168 INFO tempest.lib.common.rest_client [req-e8221017-9512-4c76-85ee-d341639a7523 ] Request (SubnetPoolsTestJSON:tearDownClass): 204 DELETE http://10.13.3.249:35357/v3/users/25bff57f8f9f4b73bce0f83b15ed8315 0.271s
2018-06-13 01:11:17.045 24149 INFO tempest.lib.common.rest_client [req-c3747c1a-5bac-4f4c-85fc-7a71601f3c94 ] Request (SecurityGroupRulesTestJSON:test_security_group_rules_create): 200 POST http://10.13.3.202:8774/v2/8bb636bbea3c400dbce777b8eae08b4f/os-security-groups 1.176s
2018-06-13 01:11:17.061 24147 INFO tempest.lib.common.rest_client [req-7b661823-8833-4064-aa3b-e65c2effa4b3 ] Request (SecGroupTest:_run_cleanups): 200 GET http://10.13.3.217:9696/v2.0/security-groups 0.295s
{8} tempest.api.network.test_security_groups.SecGroupTest.test_create_list_update_show_delete_security_group [3.916339s] ... ok
2018-06-13 01:11:17.158 24162 INFO tempest.lib.common.rest_client [req-0221204a-d64f-4224-9ffd-c35b3d8bea32 ] Request (GroupsV3TestJSON:test_group_users_add_list_delete): 204 PUT http://10.13.3.249:35357/v3/groups/0149d9bdcf09428dac6108d27cc3d917/users/32bdb1935b86465c9488bc63dcb311f5 0.233s
2018-06-13 01:11:17.172 24143 INFO tempest.lib.common.rest_client [req-e2c4ff50-7caa-492c-b36e-58e8110eb32c ] Request (NetworksTest:test_create_update_delete_network_subnet): 200 PUT http://10.13.3.217:9696/v2.0/networks/98adc6bd-c5a8-4c5b-9d8f-a5e7c383b30a 0.714s
2018-06-13 01:11:17.180 24166 INFO tempest.lib.common.rest_client [req-7319d38f-31ff-43d5-a012-1a09217ad9d8 ] Request (FlavorsV2TestJSON:tearDownClass): 204 DELETE http://10.13.3.217:9696/v2.0/security-groups/749d03eb-d85e-415f-aa4d-9f6227cd5e89 0.443s
2018-06-13 01:11:17.206 24162 INFO tempest.lib.common.rest_client [req-59b9c82a-17f5-4e48-a6c1-6055a1d281f3 ] Request (GroupsV3TestJSON:test_group_users_add_list_delete): 200 GET http://10.13.3.249:35357/v3/groups/0149d9bdcf09428dac6108d27cc3d917/users 0.047s
2018-06-13 01:11:17.265 24160 INFO tempest.lib.common.rest_client [req-e3cbb7bd-5281-4fd4-bd5b-56252b72d0ce ] Request (TrustsV3TestJSON:test_get_trusts_all): 201 POST http://10.13.3.249:5000/v3/auth/tokens
2018-06-13 01:11:17.318 24166 INFO tempest.lib.common.rest_client [req-6a609963-24a2-4fc5-aa65-e3999048dcce ] Request (FlavorsV2TestJSON:tearDownClass): 204 DELETE http://10.13.3.249:35357/v3/projects/69aacc77e18742bba5a0c35b2102f8e4 0.137s
2018-06-13 01:11:17.350 24162 INFO tempest.lib.common.rest_client [req-d936722e-3c3c-44cd-b68a-124691dba524 ] Request (GroupsV3TestJSON:test_group_users_add_list_delete): 204 HEAD http://10.13.3.249:35357/v3/groups/0149d9bdcf09428dac6108d27cc3d917/users/86a2a460d0d74b20bd64754b6b7413b6 0.144s
2018-06-13 01:11:17.369 24139 INFO tempest.lib.common.rest_client [req-a889c3e1-3aa2-4b4d-b453-7aeb540fbc87 ] Request (AttachInterfacesTestJSON:setUpClass): 201 POST http://10.13.3.249:5000/v3/auth/tokens
2018-06-13 01:11:17.470 24160 INFO tempest.lib.common.rest_client [req-48fd82e3-411c-4269-a9c4-0f3867078e7c ] Request (TrustsV3TestJSON:test_get_trusts_all): 201 POST http://10.13.3.249:35357/v3/OS-TRUST/trusts 0.205s
2018-06-13 01:11:17.511 24162 INFO tempest.lib.common.rest_client [req-058befde-902b-434c-8653-9a21cbb237b9 ] Request (GroupsV3TestJSON:test_group_users_add_list_delete): 204 DELETE http://10.13.3.249:35357/v3/groups/0149d9bdcf09428dac6108d27cc3d917/users/86a2a460d0d74b20bd64754b6b7413b6 0.161s
2018-06-13 01:11:17.544 24168 INFO tempest.lib.common.rest_client [req-98c5662b-e811-48e8-86eb-7fba877cb01a ] Request (SubnetPoolsTestJSON:tearDownClass): 201 POST http://10.13.3.249:5000/v3/auth/tokens
2018-06-13 01:11:17.585 24162 INFO tempest.lib.common.rest_client [req-19c08ef1-1689-4ea1-9412-ca59d3324c53 ] Request (GroupsV3TestJSON:test_group_users_add_list_delete): 204 HEAD http://10.13.3.249:35357/v3/groups/0149d9bdcf09428dac6108d27cc3d917/users/c3916539008c4b36b6312fe536cb28bc 0.073s
2018-06-13 01:11:17.652 24166 INFO tempest.lib.common.rest_client [req-dc3afa3f-abe7-4a8c-8bcd-4d67f47f76ee ] Request (ServerAddressesTestJSON:setUpClass): 201 POST http://10.13.3.249:5000/v3/auth/tokens
2018-06-13 01:11:17.708 24162 INFO tempest.lib.common.rest_client [req-87e3cf72-9882-4bf4-b454-261bf523872a ] Request (GroupsV3TestJSON:test_group_users_add_list_delete): 204 DELETE http://10.13.3.249:35357/v3/groups/0149d9bdcf09428dac6108d27cc3d917/users/c3916539008c4b36b6312fe536cb28bc 0.123s
2018-06-13 01:11:17.743 24149 INFO tempest.lib.common.rest_client [req-08a0a97d-6a4c-47e8-9dae-8f29b0b7108b ] Request (SecurityGroupRulesTestJSON:test_security_group_rules_create): 200 POST http://10.13.3.202:8774/v2/8bb636bbea3c400dbce777b8eae08b4f/os-security-group-rules 0.696s
{9} tempest.api.compute.security_groups.test_security_group_rules.SecurityGroupRulesTestJSON.test_security_group_rules_create [1.876634s] ... ok
2018-06-13 01:11:17.751 24147 INFO tempest.lib.common.rest_client [req-f7fa9d18-c1b6-4991-9544-aa32031f50eb ] Request (SecGroupTest:test_create_show_delete_security_group_rule): 201 POST http://10.13.3.217:9696/v2.0/security-groups 0.689s
2018-06-13 01:11:17.784 24162 INFO tempest.lib.common.rest_client [req-f82e1217-e3b7-4bb1-84b6-da19de501cd0 ] Request (GroupsV3TestJSON:test_group_users_add_list_delete): 204 HEAD http://10.13.3.249:35357/v3/groups/0149d9bdcf09428dac6108d27cc3d917/users/32bdb1935b86465c9488bc63dcb311f5 0.075s
2018-06-13 01:11:17.820 24162 INFO tempest.lib.common.rest_client [req-7df1f353-a1ec-4cb1-9044-237c0d6903d6 ] Request (GroupsV3TestJSON:test_group_users_add_list_delete): 204 DELETE http://10.13.3.249:35357/v3/groups/0149d9bdcf09428dac6108d27cc3d917/users/32bdb1935b86465c9488bc63dcb311f5 0.036s
2018-06-13 01:11:17.829 24139 INFO tempest.lib.common.rest_client [req-66f3dc14-6494-4dfb-bf20-f95cf4330726 ] Request (AttachInterfacesTestJSON:test_add_remove_fixed_ip): 201 POST http://10.13.3.249:5000/v3/auth/tokens
2018-06-13 01:11:17.830 24139 INFO tempest.lib.common.fixed_network [-] (AttachInterfacesTestJSON:test_add_remove_fixed_ip) Found network {'id': '7d83004c-1e32-4b33-90d1-a89cda749cf1', 'description': '', 'created_at': '2018-06-13T00:11:14Z', 'admin_state_up': True, 'mtu': 1458, 'provider:segmentation_id': 11, 'provider:network_type': 'gre', 'ipv4_address_scope': None, 'tenant_id': '98ec693cf55843528d24b0f4ebe3497e', 'availability_zone_hints': [], 'router:external': False, 'revision_number': 2, 'updated_at': '2018-06-13T00:11:14Z', 'tags': [], 'subnets': [], 'status': 'ACTIVE', 'project_id': '98ec693cf55843528d24b0f4ebe3497e', 'is_default': False, 'name': 'tempest-AttachInterfacesTestJSON-263168268-network', 'ipv6_address_scope': None, 'shared': False, 'provider:physical_network': None, 'l2_adjacency': True, 'availability_zones': []} available for tenant
2018-06-13 01:11:17.880 24162 INFO tempest.lib.common.rest_client [req-c403c935-8a89-490e-8e6c-6275e6186eef ] Request (GroupsV3TestJSON:test_group_users_add_list_delete): 200 GET http://10.13.3.249:35357/v3/groups/0149d9bdcf09428dac6108d27cc3d917/users 0.060s
2018-06-13 01:11:17.952 24160 INFO tempest.lib.common.rest_client [req-0c5ee64c-ce1c-4f2e-ae60-aa0f3505daeb ] Request (TrustsV3TestJSON:test_get_trusts_all): 201 POST http://10.13.3.249:5000/v3/auth/tokens
2018-06-13 01:11:17.979 24156 INFO tempest.lib.common.rest_client [tx3cee272f9edc4177b2a3d-005b206125 ] Request (ContainerQuotasTest:tearDown): 204 DELETE http://10.13.3.245:8080/v1/AUTH_216f02f43266431190234a3f50978a9a/tempest-TestContainer-939543664 0.024s
{12} tempest.api.object_storage.test_container_quotas.ContainerQuotasTest.test_upload_too_many_objects [2.196367s] ... ok
2018-06-13 01:11:17.999 24156 INFO tempest.lib.common.rest_client [tx30ca9fdfad90444cbb18f-005b206125 ] Request (ContainerQuotasTest:setUp): 201 PUT http://10.13.3.245:8080/v1/AUTH_216f02f43266431190234a3f50978a9a/tempest-TestContainer-1458496896 0.019s
2018-06-13 01:11:18.021 24156 INFO tempest.lib.common.rest_client [txd0bb254143d34409adbea-005b206126 ] Request (ContainerQuotasTest:setUp): 204 POST http://10.13.3.245:8080/v1/AUTH_216f02f43266431190234a3f50978a9a/tempest-TestContainer-1458496896 0.020s
2018-06-13 01:11:18.051 24156 INFO tempest.lib.common.rest_client [txb22a893327954d2286a89-005b206126 ] Request (ContainerQuotasTest:test_upload_valid_object): 204 HEAD http://10.13.3.245:8080/v1/AUTH_216f02f43266431190234a3f50978a9a/tempest-TestContainer-1458496896 0.024s
2018-06-13 01:11:18.084 24156 INFO tempest.lib.common.rest_client [tx2d1fa7af8bc94909abdac-005b206126 ] Request (ContainerQuotasTest:test_upload_valid_object): 201 PUT http://10.13.3.245:8080/v1/AUTH_216f02f43266431190234a3f50978a9a/tempest-TestContainer-1458496896/tempest-TestObject-1496587136 0.028s
2018-06-13 01:11:18.116 24156 INFO tempest.lib.common.rest_client [tx8f6c50c120d349598854d-005b206126 ] Request (ContainerQuotasTest:test_upload_valid_object): 204 HEAD http://10.13.3.245:8080/v1/AUTH_216f02f43266431190234a3f50978a9a/tempest-TestContainer-1458496896 0.024s
2018-06-13 01:11:18.135 24156 INFO tempest.lib.common.rest_client [tx58db727dee664b0f8c932-005b206126 ] Request (ContainerQuotasTest:tearDown): 404 GET http://10.13.3.245:8080/v1/AUTH_216f02f43266431190234a3f50978a9a/tempest-TestContainer-1093047749?&format=json&limit=9999 0.019s
2018-06-13 01:11:18.154 24156 INFO tempest.lib.common.rest_client [tx64a011de359542dcab1b1-005b206126 ] Request (ContainerQuotasTest:tearDown): 404 GET http://10.13.3.245:8080/v1/AUTH_216f02f43266431190234a3f50978a9a/tempest-TestContainer-939543664?&format=json&limit=9999 0.019s
2018-06-13 01:11:18.159 24166 INFO tempest.lib.common.rest_client [req-fb372092-c51f-491a-89fb-22f053cd65cf ] Request (ServerAddressesTestJSON:setUpClass): 201 POST http://10.13.3.249:5000/v3/auth/tokens
2018-06-13 01:11:18.161 24156 INFO tempest.lib.common.rest_client [txe65142750ba64987b544f-005b206126 ] Request (ContainerQuotasTest:tearDown): 200 GET http://10.13.3.245:8080/v1/AUTH_216f02f43266431190234a3f50978a9a/tempest-TestContainer-1458496896?&format=json&limit=9999 0.007s
2018-06-13 01:11:18.176 24156 INFO tempest.lib.common.rest_client [tx669639fdc2984b8ca1898-005b206126 ] Request (ContainerQuotasTest:tearDown): 204 DELETE http://10.13.3.245:8080/v1/AUTH_216f02f43266431190234a3f50978a9a/tempest-TestContainer-1458496896/tempest-TestObject-1496587136 0.014s
2018-06-13 01:11:18.192 24162 INFO tempest.lib.common.rest_client [req-0fbfc858-69b6-43d6-b338-4c2aa69cfc5a ] Request (GroupsV3TestJSON:_run_cleanups): 204 DELETE http://10.13.3.249:35357/v3/users/32bdb1935b86465c9488bc63dcb311f5 0.312s
2018-06-13 01:11:18.215 24168 INFO tempest.lib.common.rest_client [req-e15d8dc7-555b-4a44-8cc1-feb9d5148393 ] Request (SubnetPoolsTestJSON:tearDownClass): 200 GET http://10.13.3.217:9696/v2.0/security-groups?name=default&tenant_id=0a9e88147b8b4733917329f57539629e 0.670s
2018-06-13 01:11:18.251 24160 INFO tempest.lib.common.rest_client [req-ce78da8a-4c6d-4187-bcb0-208582e1908e ] Request (TrustsV3TestJSON:test_get_trusts_all): 200 GET http://10.13.3.249:35357/v3/OS-TRUST/trusts/ 0.298s
2018-06-13 01:11:18.263 24151 INFO tempest.lib.common.rest_client [req-9158a0fd-d3cf-4ae8-9dd1-ebc4648a1917 ] Request (SecurityGroupsTestJSON:setUpClass): 201 POST http://10.13.3.217:9696/v2.0/networks 3.964s
2018-06-13 01:11:18.322 24170 INFO tempest.lib.common.rest_client [req-8e6cac47-01b5-4f28-b4f7-521be8e555eb ] Request (ServersTestJSON:setUpClass): 201 POST http://10.13.3.217:9696/v2.0/networks 3.861s
2018-06-13 01:11:18.336 24149 INFO tempest.lib.common.rest_client [req-cd8ed91f-6cd1-4c3c-b7f5-8df33fd9e231 ] Request (SecurityGroupRulesTestJSON:test_security_group_rules_list): 200 POST http://10.13.3.202:8774/v2/8bb636bbea3c400dbce777b8eae08b4f/os-security-groups 0.590s
2018-06-13 01:11:18.351 24147 INFO tempest.lib.common.rest_client [req-06fcac0a-9140-4c43-be38-bad7ef25e484 ] Request (SecGroupTest:test_create_show_delete_security_group_rule): 201 POST http://10.13.3.217:9696/v2.0/security-group-rules 0.599s
2018-06-13 01:11:18.355 24143 INFO tempest.lib.common.rest_client [req-66412566-71d4-4375-b2a3-a3c896482bd8 ] Request (NetworksTest:test_create_update_delete_network_subnet): 201 POST http://10.13.3.217:9696/v2.0/subnets 1.183s
2018-06-13 01:11:18.365 24141 INFO tempest.lib.common.rest_client [req-1ef26e62-1421-4077-87c1-bbcdf58c59e6 ] Request (BulkNetworkOpsTest:_run_cleanups): 204 DELETE http://10.13.3.217:9696/v2.0/networks/df5717c7-fdb1-44c6-93ea-af6b94915287 2.980s
2018-06-13 01:11:18.374 24131 INFO tempest.lib.common.rest_client [req-8224ca66-03dd-44f6-9a28-e7b089beff98 ] Request (TestNetworkBasicOps:test_network_basic_ops): 201 POST http://10.13.3.217:9696/v2.0/networks 3.442s
2018-06-13 01:11:18.424 24166 INFO tempest.lib.common.rest_client [req-feec63b2-4eb0-4151-a7b5-0ecce127acf4 ] Request (ServerAddressesTestJSON:setUpClass): 200 GET http://10.13.3.249:35357/v3/domains?name=admin_domain 0.265s
2018-06-13 01:11:18.483 24147 INFO tempest.lib.common.rest_client [req-d1e65869-adf2-472a-ad66-d472ef19bb6d ] Request (SecGroupTest:test_create_show_delete_security_group_rule): 200 GET http://10.13.3.217:9696/v2.0/security-group-rules/7cdf5894-fa36-484c-bcf2-cad7afe8570e 0.132s
2018-06-13 01:11:18.518 24162 INFO tempest.lib.common.rest_client [req-f9bbc9a2-7f37-4bb2-9ba8-07eef6b75200 ] Request (GroupsV3TestJSON:_run_cleanups): 204 DELETE http://10.13.3.249:35357/v3/users/c3916539008c4b36b6312fe536cb28bc 0.325s
2018-06-13 01:11:18.596 24160 INFO tempest.lib.common.rest_client [req-1e297d59-d49c-4850-9e81-71b34eed2835 ] Request (TrustsV3TestJSON:tearDown): 204 DELETE http://10.13.3.249:35357/v3/OS-TRUST/trusts/553f91e9efd2423b9a76fdd771b8988c 0.344s
2018-06-13 01:11:18.622 24158 INFO tempest.lib.common.rest_client [tx4cab9beb4f4042f2bc8b1-005b206126 ] Request (ContainerTest:tearDown): 204 DELETE http://10.13.3.245:8080/v1/AUTH_a9304bf4ea6b4d6fa5a5f8f0d424ff90/tempest-TestContainer-685245758 0.015s
{13} tempest.api.object_storage.test_container_services.ContainerTest.test_list_container_contents [2.109058s] ... ok
2018-06-13 01:11:18.641 24158 INFO tempest.lib.common.rest_client [txf16c378576d24ecb88e13-005b206126 ] Request (ContainerTest:test_list_container_metadata): 201 PUT http://10.13.3.245:8080/v1/AUTH_a9304bf4ea6b4d6fa5a5f8f0d424ff90/tempest-TestContainer-1047022508 0.018s
2018-06-13 01:11:18.648 24166 INFO tempest.lib.common.rest_client [req-3a30b7bc-a939-46b0-a52b-e0b54d3dac93 ] Request (ServerAddressesTestJSON:setUpClass): 201 POST http://10.13.3.249:35357/v3/projects 0.223s
2018-06-13 01:11:18.653 24158 INFO tempest.lib.common.rest_client [tx819879de098b4881914cc-005b206126 ] Request (ContainerTest:test_list_container_metadata): 204 POST http://10.13.3.245:8080/v1/AUTH_a9304bf4ea6b4d6fa5a5f8f0d424ff90/tempest-TestContainer-1047022508 0.012s
2018-06-13 01:11:18.660 24158 INFO tempest.lib.common.rest_client [tx8645670c70954e3390eff-005b206126 ] Request (ContainerTest:test_list_container_metadata): 204 HEAD http://10.13.3.245:8080/v1/AUTH_a9304bf4ea6b4d6fa5a5f8f0d424ff90/tempest-TestContainer-1047022508 0.007s
2018-06-13 01:11:18.676 24158 INFO tempest.lib.common.rest_client [tx865354c60c094e90911e8-005b206126 ] Request (ContainerTest:tearDown): 404 GET http://10.13.3.245:8080/v1/AUTH_a9304bf4ea6b4d6fa5a5f8f0d424ff90/tempest-TestContainer-190865039?&format=json&limit=9999 0.015s
2018-06-13 01:11:18.692 24158 INFO tempest.lib.common.rest_client [tx92645fdf0c5f45ea9eec2-005b206126 ] Request (ContainerTest:tearDown): 404 GET http://10.13.3.245:8080/v1/AUTH_a9304bf4ea6b4d6fa5a5f8f0d424ff90/tempest-TestContainer-685245758?&format=json&limit=9999 0.015s
2018-06-13 01:11:18.694 24141 INFO tempest.lib.common.rest_client [req-7b330267-d4e6-47c7-9612-161baf624b7c ] Request (BulkNetworkOpsTest:_run_cleanups): 200 GET http://10.13.3.217:9696/v2.0/networks 0.328s
{5} tempest.api.network.test_networks.BulkNetworkOpsTest.test_bulk_create_delete_network [7.480800s] ... ok
2018-06-13 01:11:18.699 24158 INFO tempest.lib.common.rest_client [tx9aef0ebf59464b869d776-005b206126 ] Request (ContainerTest:tearDown): 200 GET http://10.13.3.245:8080/v1/AUTH_a9304bf4ea6b4d6fa5a5f8f0d424ff90/tempest-TestContainer-1047022508?&format=json&limit=9999 0.007s
2018-06-13 01:11:18.815 24168 INFO tempest.lib.common.rest_client [req-4b2b8ca2-a4b0-460f-b8b7-62f2e445903b ] Request (SubnetPoolsTestJSON:tearDownClass): 204 DELETE http://10.13.3.217:9696/v2.0/security-groups/0bb172ba-f5ef-4040-9381-9a1d090bc90b 0.599s
2018-06-13 01:11:18.818 24162 INFO tempest.lib.common.rest_client [req-a2a52812-af9c-4a2d-a1ad-e9da5277f043 ] Request (GroupsV3TestJSON:_run_cleanups): 204 DELETE http://10.13.3.249:35357/v3/users/86a2a460d0d74b20bd64754b6b7413b6 0.299s
2018-06-13 01:11:18.858 24160 INFO tempest.lib.common.rest_client [req-ad914447-c7ac-4cc5-9bbc-e7039445b7df ] Request (TrustsV3TestJSON:tearDown): 404 GET http://10.13.3.249:35357/v3/OS-TRUST/trusts/553f91e9efd2423b9a76fdd771b8988c 0.262s
2018-06-13 01:11:19.124 24166 INFO tempest.lib.common.rest_client [req-6f12deac-d287-4870-a9d1-09ef5c56c515 ] Request (ServerAddressesTestJSON:setUpClass): 201 POST http://10.13.3.249:35357/v3/users 0.476s
2018-06-13 01:11:19.135 24160 INFO tempest.lib.common.rest_client [req-ef35f553-ee86-4fc8-837e-1cb9296f9a0c ] Request (TrustsV3TestJSON:_run_cleanups): 201 POST http://10.13.3.249:5000/v3/auth/tokens
2018-06-13 01:11:19.166 24147 INFO tempest.lib.common.rest_client [req-61ca3a5c-0808-45de-bfc8-dc5f92bf2149 ] Request (SecGroupTest:test_create_show_delete_security_group_rule): 200 GET http://10.13.3.217:9696/v2.0/security-group-rules 0.682s
2018-06-13 01:11:19.186 24168 INFO tempest.lib.common.rest_client [req-0d67f404-c763-44da-8e16-f01fad519760 ] Request (SubnetPoolsTestJSON:tearDownClass): 204 DELETE http://10.13.3.249:35357/v3/projects/0a9e88147b8b4733917329f57539629e 0.370s
2018-06-13 01:11:19.196 24149 INFO tempest.lib.common.rest_client [req-f281cb13-fafb-4588-9e8e-8f3dc14f9646 ] Request (SecurityGroupRulesTestJSON:test_security_group_rules_list): 200 POST http://10.13.3.202:8774/v2/8bb636bbea3c400dbce777b8eae08b4f/os-security-group-rules 0.858s
2018-06-13 01:11:19.196 24141 INFO tempest.lib.common.rest_client [req-a11f9b67-906b-4982-94bc-14f03f133429 ] Request (BulkNetworkOpsTest:test_bulk_create_delete_port): 201 POST http://10.13.3.217:9696/v2.0/networks 0.502s
sys:1: ResourceWarning: unclosed file <_io.FileIO name=1 mode='wb' closefd=True>
2018-06-13 01:11:19.309 24162 INFO tempest.lib.common.rest_client [req-ab7f7075-cbf1-4fc6-bf64-ee0728ddd113 ] Request (GroupsV3TestJSON:_run_cleanups): 204 DELETE http://10.13.3.249:35357/v3/groups/0149d9bdcf09428dac6108d27cc3d917 0.491s
{15} tempest.api.identity.admin.v3.test_groups.GroupsV3TestJSON.test_group_users_add_list_delete [3.444416s] ... ok
2018-06-13 01:11:19.319 24153 INFO tempest.lib.common.rest_client [req-d2e32eee-8c0f-4c4d-8e7a-54043b0019ad ] Request (ServerActionsTestJSON:setUpClass): 201 POST http://10.13.3.217:9696/v2.0/subnets 3.658s
2018-06-13 01:11:19.327 24166 INFO tempest.lib.common.rest_client [req-990abdac-6f22-4fad-898a-b31b8b41afa2 ] Request (ServerAddressesTestJSON:setUpClass): 200 GET http://10.13.3.249:35357/v3/roles 0.202s
2018-06-13 01:11:19.429 24160 INFO tempest.lib.common.rest_client [req-f9ca5e30-a830-42ef-91d4-310da1f972f5 ] Request (TrustsV3TestJSON:_run_cleanups): 204 DELETE http://10.13.3.249:35357/v3/users/909e18b5a42749a0ae64af881adbb44a 0.293s
2018-06-13 01:11:19.523 24162 INFO tempest.lib.common.rest_client [req-8b32b3f1-f471-49fd-a767-3c8ff22ead7b ] Request (GroupsV3TestJSON:tearDownClass): 200 PATCH http://10.13.3.249:35357/v3/domains/35877c2a1f0640d7b6397ee958fd2aff 0.208s
2018-06-13 01:11:19.567 24166 INFO tempest.lib.common.rest_client [req-9a33a398-13f8-44ad-aa9b-1e21af9dccd0 ] Request (ServerAddressesTestJSON:setUpClass): 200 GET http://10.13.3.249:35357/v3/roles 0.239s
2018-06-13 01:11:19.667 24160 INFO tempest.lib.common.rest_client [req-e6de0f4e-b0fc-4345-9490-4d1aa89163de ] Request (TrustsV3TestJSON:_run_cleanups): 204 DELETE http://10.13.3.249:35357/v3/projects/b98fd27162d544f0832e0206612336d3 0.238s
2018-06-13 01:11:19.668 24170 INFO tempest.lib.common.rest_client [req-568f9e15-2f8d-4965-b85a-b6a729861d87 ] Request (ServersTestJSON:setUpClass): 201 POST http://10.13.3.217:9696/v2.0/subnets 1.345s
2018-06-13 01:11:19.803 24162 INFO tempest.lib.common.rest_client [req-b09ec0cb-c822-4626-85b4-1d82fe5dd643 ] Request (GroupsV3TestJSON:tearDownClass): 204 DELETE http://10.13.3.249:35357/v3/domains/35877c2a1f0640d7b6397ee958fd2aff 0.280s
2018-06-13 01:11:19.865 24166 INFO tempest.lib.common.rest_client [req-f338c354-f64d-463d-8ea3-5d9d84af6d4a ] Request (ServerAddressesTestJSON:setUpClass): 204 PUT http://10.13.3.249:35357/v3/projects/30f90033f78b420cb3347f5d2b7f413d/users/d038ca2fc3be42eb91c3576c2433eda1/roles/2b9fb9dd7ce3401f8fde1932a8d9e459 0.298s
2018-06-13 01:11:19.865 24166 INFO tempest.lib.common.dynamic_creds [-] Acquired dynamic creds:
 credentials: Credentials: {'project_name': 'tempest-ServerAddressesTestJSON-1119958828', 'domain_id': '6d70ddef57f143c3b3c78b3576c4fbad', 'user_domain_name': 'admin_domain', 'domain_name': 'admin_domain', 'project_domain_id': '6d70ddef57f143c3b3c78b3576c4fbad', 'username': 'tempest-ServerAddressesTestJSON-1119958828', 'tenant_id': '30f90033f78b420cb3347f5d2b7f413d', 'user_id': 'd038ca2fc3be42eb91c3576c2433eda1', 'user_domain_id': '6d70ddef57f143c3b3c78b3576c4fbad', 'project_domain_name': 'admin_domain', 'project_id': '30f90033f78b420cb3347f5d2b7f413d', 'tenant_name': 'tempest-ServerAddressesTestJSON-1119958828'}, Network: None, Subnet: None, Router: None
2018-06-13 01:11:19.900 24141 INFO tempest.lib.common.rest_client [req-a6e5b31a-63a0-4283-8721-7f63b03ca379 ] Request (BulkNetworkOpsTest:test_bulk_create_delete_port): 201 POST http://10.13.3.217:9696/v2.0/networks 0.703s
2018-06-13 01:11:19.922 24160 INFO tempest.lib.common.rest_client [req-09032520-2124-4463-bfbb-31a8175ab1d2 ] Request (TrustsV3TestJSON:_run_cleanups): 204 DELETE http://10.13.3.249:35357/v3/roles/566ed34f0eae4545a7f3024692c0cce4 0.254s
2018-06-13 01:11:19.946 24149 INFO tempest.lib.common.rest_client [req-a44dd6fc-c64f-45fb-8882-b3bef3a461fb ] Request (SecurityGroupRulesTestJSON:test_security_group_rules_list): 200 POST http://10.13.3.202:8774/v2/8bb636bbea3c400dbce777b8eae08b4f/os-security-group-rules 0.748s
2018-06-13 01:11:19.949 24139 INFO tempest.lib.common.rest_client [req-8e1325ea-c557-4af1-948e-c05f5ee14fd4 ] Request (AttachInterfacesTestJSON:test_add_remove_fixed_ip): 202 POST http://10.13.3.202:8774/v2/98ec693cf55843528d24b0f4ebe3497e/servers 2.118s
2018-06-13 01:11:20.061 24162 INFO tempest.lib.common.rest_client [req-1e1ba765-b1de-433e-9c06-eb9799cfecb9 ] Request (GroupsV3TestJSON:tearDownClass): 204 DELETE http://10.13.3.249:35357/v3/users/d58fd738a6fb4f9d9eecbe70bb2e63b8 0.255s
2018-06-13 01:11:20.127 24160 INFO tempest.lib.common.rest_client [req-fd610c12-4874-4122-b237-32034ff82b68 ] Request (TrustsV3TestJSON:_run_cleanups): 204 DELETE http://10.13.3.249:35357/v3/roles/66303e70565c45ccbd5078b8104e9429 0.204s
{14} tempest.api.identity.admin.v3.test_trusts.TrustsV3TestJSON.test_get_trusts_all [4.880218s] ... ok
2018-06-13 01:11:20.149 24165 INFO tempest.lib.common.rest_client [req-735671b3-40ea-428c-bd8e-a93caf5a26db ] Request (TestServerMultinode:setUpClass): 201 POST http://10.13.3.217:9696/v2.0/subnets 3.943s
2018-06-13 01:11:20.198 24156 INFO tempest.lib.common.rest_client [tx4905777123b046d28cada-005b206128 ] Request (ContainerQuotasTest:tearDown): 204 DELETE http://10.13.3.245:8080/v1/AUTH_216f02f43266431190234a3f50978a9a/tempest-TestContainer-1458496896 0.020s
{12} tempest.api.object_storage.test_container_quotas.ContainerQuotasTest.test_upload_valid_object [2.218672s] ... ok
2018-06-13 01:11:20.202 24166 INFO tempest.lib.common.rest_client [req-05f34929-61d4-45c1-9974-577ac247fb0e ] Request (ServerAddressesTestJSON:setUpClass): 201 POST http://10.13.3.249:5000/v3/auth/tokens
2018-06-13 01:11:20.260 24139 INFO tempest.lib.common.rest_client [req-a467cbdd-2306-4082-a19f-85a8a233cbcd ] Request (AttachInterfacesTestJSON:test_add_remove_fixed_ip): 200 GET http://10.13.3.202:8774/v2/98ec693cf55843528d24b0f4ebe3497e/servers/72157a96-ab99-4d7d-b011-1d2a426a4faa 0.309s
2018-06-13 01:11:20.274 24160 INFO tempest.lib.common.rest_client [req-c90757db-c6d6-4857-933b-6bf223530c29 ] Request (TrustsV3TestJSON:tearDownClass): 204 DELETE http://10.13.3.249:35357/v3/users/6e8fc2f34bd1452b95ca51b199d6fb93 0.141s
2018-06-13 01:11:20.299 24149 INFO tempest.lib.common.rest_client [req-f8685ab9-ce2c-4b33-8489-ceeb7f4c3e55 ] Request (SecurityGroupRulesTestJSON:test_security_group_rules_list): 200 GET http://10.13.3.202:8774/v2/8bb636bbea3c400dbce777b8eae08b4f/os-security-groups/cb2fbc6a-b415-4af3-9341-eeaf95f6404c 0.351s
2018-06-13 01:11:20.378 24156 INFO tempest.lib.common.rest_client [req-199b3dd4-4b0a-4375-a4ad-cc74769e5711 ] Request (ContainerQuotasTest:tearDownClass): 204 DELETE http://10.13.3.249:35357/v3/users/fa755fe113954aedba7987f7b98a69ec 0.176s
2018-06-13 01:11:20.391 24162 INFO tempest.lib.common.rest_client [req-e6388f41-2e3a-4175-b030-141c7a9a0629 ] Request (GroupsV3TestJSON:tearDownClass): 201 POST http://10.13.3.249:5000/v3/auth/tokens
2018-06-13 01:11:20.541 24160 INFO tempest.lib.common.rest_client [req-ed9d5a09-24ae-43cb-bce5-24e5557f95b8 ] Request (TrustsV3TestJSON:tearDownClass): 201 POST http://10.13.3.249:5000/v3/auth/tokens
2018-06-13 01:11:20.652 24156 INFO tempest.lib.common.rest_client [req-4345c0c7-4ee5-4586-8c1d-b59dbafcb503 ] Request (ContainerQuotasTest:tearDownClass): 201 POST http://10.13.3.249:5000/v3/auth/tokens
2018-06-13 01:11:20.721 24158 INFO tempest.lib.common.rest_client [tx5ff19f239cf94fc1a358e-005b206128 ] Request (ContainerTest:tearDown): 204 DELETE http://10.13.3.245:8080/v1/AUTH_a9304bf4ea6b4d6fa5a5f8f0d424ff90/tempest-TestContainer-1047022508 0.020s
{13} tempest.api.object_storage.test_container_services.ContainerTest.test_list_container_metadata [2.099317s] ... ok
2018-06-13 01:11:20.725 24147 INFO tempest.lib.common.rest_client [req-881495d2-1592-4a6e-b75d-e287a5093461 ] Request (SecGroupTest:test_create_show_delete_security_group_rule): 201 POST http://10.13.3.217:9696/v2.0/security-group-rules 1.558s
2018-06-13 01:11:20.785 24135 INFO tempest.lib.common.rest_client [req-f9a37daa-576c-4360-9884-3e14b6574259 ] Request (PortsTestJSON:test_create_port_in_allowed_allocation_pools): 201 POST http://10.13.3.217:9696/v2.0/subnets 4.210s
2018-06-13 01:11:20.856 24158 INFO tempest.lib.common.rest_client [req-665301b3-f77e-4cbd-a8f2-75c48b1f2499 ] Request (ContainerTest:tearDownClass): 204 DELETE http://10.13.3.249:35357/v3/users/58469e9ca147487cb4f3e8e366c4dcbc 0.131s
2018-06-13 01:11:20.863 24147 INFO tempest.lib.common.rest_client [req-19d4b6c2-6ce9-48e2-adab-37d86312bf46 ] Request (SecGroupTest:test_create_show_delete_security_group_rule): 200 GET http://10.13.3.217:9696/v2.0/security-group-rules/9332f68c-7df4-4345-a47c-0d0e2d11130c 0.137s
2018-06-13 01:11:21.055 24143 INFO tempest.lib.common.rest_client [req-077e2682-8a6f-492c-918a-cf66297bc837 ] Request (NetworksTest:test_create_update_delete_network_subnet): 200 PUT http://10.13.3.217:9696/v2.0/subnets/0c1d08c6-d247-4851-aa1a-8ccfae43b921 2.697s
2018-06-13 01:11:21.142 24158 INFO tempest.lib.common.rest_client [req-0841b34d-94bf-43ab-8b5b-44800d8f9f90 ] Request (ContainerTest:tearDownClass): 201 POST http://10.13.3.249:5000/v3/auth/tokens
2018-06-13 01:11:21.441 24139 INFO tempest.lib.common.rest_client [req-121eaf9f-7eb9-43ea-8594-b931d072e32e ] Request (AttachInterfacesTestJSON:test_add_remove_fixed_ip): 200 GET http://10.13.3.202:8774/v2/98ec693cf55843528d24b0f4ebe3497e/servers/72157a96-ab99-4d7d-b011-1d2a426a4faa 0.176s
2018-06-13 01:11:21.444 24139 INFO tempest.common.waiters [-] State transition "BUILD/scheduling" ==> "BUILD/spawning" after 1 second wait
2018-06-13 01:11:21.517 24147 INFO tempest.lib.common.rest_client [req-28f44372-2e41-4031-b465-36ac9f84e391 ] Request (SecGroupTest:test_create_show_delete_security_group_rule): 200 GET http://10.13.3.217:9696/v2.0/security-group-rules 0.654s
2018-06-13 01:11:21.566 24151 INFO tempest.lib.common.rest_client [req-6c0a7835-79c4-43a5-b76b-7e43208f2b79 ] Request (SecurityGroupsTestJSON:setUpClass): 201 POST http://10.13.3.217:9696/v2.0/subnets 3.302s
2018-06-13 01:11:21.567 24151 INFO tempest.lib.common.dynamic_creds [-] Created isolated network resources for : 
 credentials: Credentials: {'domain_id': '6d70ddef57f143c3b3c78b3576c4fbad', 'user_domain_id': '6d70ddef57f143c3b3c78b3576c4fbad', 'domain_name': 'admin_domain', 'user_domain_name': 'admin_domain', 'project_domain_name': 'admin_domain', 'user_id': '9612f54129f84f2289782f8209f46921', 'username': 'tempest-SecurityGroupsTestJSON-1048215504', 'project_id': '22adf6f4a93643ab8fc6e51c1dbf09c0', 'project_name': 'tempest-SecurityGroupsTestJSON-1048215504', 'tenant_name': 'tempest-SecurityGroupsTestJSON-1048215504', 'project_domain_id': '6d70ddef57f143c3b3c78b3576c4fbad', 'tenant_id': '22adf6f4a93643ab8fc6e51c1dbf09c0'}, Network: {'ipv6_address_scope': None, 'id': '40144cd8-dc18-49ee-8bb3-53e1da1ea2cd', 'mtu': 1458, 'subnets': [], 'project_id': '22adf6f4a93643ab8fc6e51c1dbf09c0', 'availability_zones': [], 'provider:segmentation_id': 107, 'l2_adjacency': True, 'admin_state_up': True, 'created_at': '2018-06-13T00:11:16Z', 'tenant_id': '22adf6f4a93643ab8fc6e51c1dbf09c0', 'tags': [], 'description': '', 'revision_number': 2, 'name': 'tempest-SecurityGroupsTestJSON-500292339-network', 'is_default': False, 'router:external': False, 'status': 'ACTIVE', 'updated_at': '2018-06-13T00:11:16Z', 'provider:network_type': 'gre', 'provider:physical_network': None, 'availability_zone_hints': [], 'shared': False, 'ipv4_address_scope': None}, Subnet: {'subnetpool_id': None, 'ip_version': 4, 'ipv6_ra_mode': None, 'host_routes': [], 'project_id': '22adf6f4a93643ab8fc6e51c1dbf09c0', 'name': 'tempest-SecurityGroupsTestJSON-500292339-subnet', 'service_types': [], 'tenant_id': '22adf6f4a93643ab8fc6e51c1dbf09c0', 'cidr': '172.16.0.0/28', 'tags': [], 'description': '', 'created_at': '2018-06-13T00:11:19Z', 'id': 'deb1466f-e6e1-4ad5-9f9b-0cdb99f83903', 'dns_nameservers': [], 'network_id': '40144cd8-dc18-49ee-8bb3-53e1da1ea2cd', 'allocation_pools': [{'end': '172.16.0.14', 'start': '172.16.0.2'}], 'revision_number': 0, 'updated_at': '2018-06-13T00:11:19Z', 'ipv6_address_mode': None, 'gateway_ip': '172.16.0.1', 'enable_dhcp': False, 'segment_id': None}, Router: None
2018-06-13 01:11:21.633 24149 INFO tempest.lib.common.rest_client [req-05c1b2c7-fd18-431c-9fbb-5e4be4adba31 ] Request (SecurityGroupRulesTestJSON:_run_cleanups): 202 DELETE http://10.13.3.202:8774/v2/8bb636bbea3c400dbce777b8eae08b4f/os-security-group-rules/51263f84-ceb1-46ca-96a5-42d06f101e0a 1.333s
{9} tempest.api.compute.security_groups.test_security_group_rules.SecurityGroupRulesTestJSON.test_security_group_rules_list [3.888560s] ... ok
2018-06-13 01:11:21.870 24151 INFO tempest.lib.common.rest_client [req-51e0fa85-5d77-481c-a46e-2d7b3b29bb3d ] Request (SecurityGroupsTestJSON:setUpClass): 201 POST http://10.13.3.249:5000/v3/auth/tokens
2018-06-13 01:11:22.390 24162 INFO tempest.lib.common.rest_client [req-71dd5c63-3f1a-423d-be83-cf9d053025f4 ] Request (GroupsV3TestJSON:tearDownClass): 200 GET http://10.13.3.217:9696/v2.0/security-groups?tenant_id=7fb0ca8a844242e9a76bc9664e4311a5&name=default 1.998s
2018-06-13 01:11:22.443 24160 INFO tempest.lib.common.rest_client [req-a506e42e-0bbb-4932-8ea4-aa9e99d1e0ee ] Request (TrustsV3TestJSON:tearDownClass): 200 GET http://10.13.3.217:9696/v2.0/security-groups?tenant_id=648ab36735c14d409ab7963e649e7a42&name=default 1.902s
2018-06-13 01:11:22.599 24158 INFO tempest.lib.common.rest_client [req-07ac45ac-c31c-4b41-839a-11fff3dec43e ] Request (ContainerTest:tearDownClass): 200 GET http://10.13.3.217:9696/v2.0/security-groups?tenant_id=a9304bf4ea6b4d6fa5a5f8f0d424ff90&name=default 1.456s
2018-06-13 01:11:22.628 24133 INFO tempest.lib.common.rest_client [req-2112010e-917e-43f1-abe7-c021463211a6 ] Request (RoutersTest:_run_cleanups): 200 PUT http://10.13.3.217:9696/v2.0/routers/606abb29-6bb4-457e-ba7e-d11689e36d94/remove_router_interface 9.016s
2018-06-13 01:11:22.710 24156 INFO tempest.lib.common.rest_client [req-6533f782-48cb-4f82-a935-7b6ca2b35890 ] Request (ContainerQuotasTest:tearDownClass): 200 GET http://10.13.3.217:9696/v2.0/security-groups?tenant_id=216f02f43266431190234a3f50978a9a&name=default 2.057s
2018-06-13 01:11:22.738 24139 INFO tempest.lib.common.rest_client [req-c85da5ed-6449-43f5-8087-0e63887de797 ] Request (AttachInterfacesTestJSON:test_add_remove_fixed_ip): 200 GET http://10.13.3.202:8774/v2/98ec693cf55843528d24b0f4ebe3497e/servers/72157a96-ab99-4d7d-b011-1d2a426a4faa 0.292s
2018-06-13 01:11:23.096 24147 INFO tempest.lib.common.rest_client [req-eee4ba5f-1614-48a4-9f51-f58a91e46ad8 ] Request (SecGroupTest:test_create_show_delete_security_group_rule): 201 POST http://10.13.3.217:9696/v2.0/security-group-rules 1.577s
2018-06-13 01:11:23.441 24147 INFO tempest.lib.common.rest_client [req-2623ba86-ff65-4d3e-b9fe-8ddefed2a679 ] Request (SecGroupTest:test_create_show_delete_security_group_rule): 200 GET http://10.13.3.217:9696/v2.0/security-group-rules/b0007ccb-3a5d-4050-9f19-0ae5e1a7d990 0.342s
2018-06-13 01:11:23.457 24137 INFO tempest.lib.common.rest_client [req-5a1fe81f-3cfa-4f9d-a3d0-07c2eeec9dcc ] Request (TestServerBasicOps:setUpClass): 201 POST http://10.13.3.217:9696/v2.0/routers 9.629s
