 credentials: Credentials: {'domain_id': '2c685f1bdbd54ce9aa047dfa3f556f8e', 'domain_name': 'admin_domain', 'username': 'tempest-ServersTestJSON-1696929205', 'project_domain_id': '2c685f1bdbd54ce9aa047dfa3f556f8e', 'project_domain_name': 'admin_domain', 'project_id': 'a629d25ef8864ac59a7f52d58328e70b', 'project_name': 'tempest-ServersTestJSON-1696929205', 'tenant_id': 'a629d25ef8864ac59a7f52d58328e70b', 'tenant_name': 'tempest-ServersTestJSON-1696929205', 'user_domain_id': '2c685f1bdbd54ce9aa047dfa3f556f8e', 'user_domain_name': 'admin_domain', 'user_id': '681c52fcd3894ce4a8bfde01f93891e6'}, Network: {'id': 'd3023e7a-ee7a-4bc2-8a3a-5f6edcc5c9d4', 'name': 'tempest-ServersTestJSON-1956907637-network', 'tenant_id': 'a629d25ef8864ac59a7f52d58328e70b', 'admin_state_up': True, 'mtu': 1458, 'status': 'ACTIVE', 'subnets': [], 'shared': False, 'project_id': 'a629d25ef8864ac59a7f52d58328e70b', 'router:external': False, 'provider:network_type': 'gre', 'provider:physical_network': None, 'provider:segmentation_id': 1, 'availability_zone_hints': [], 'is_default': False, 'availability_zones': [], 'ipv4_address_scope': None, 'ipv6_address_scope': None, 'description': '', 'l2_adjacency': True, 'tags': [], 'created_at': '2020-10-28T13:44:29Z', 'updated_at': '2020-10-28T13:44:29Z', 'revision_number': 1}, Subnet: {'id': '9a03a581-209b-4635-861c-f7da94081865', 'name': 'tempest-ServersTestJSON-1956907637-subnet', 'tenant_id': 'a629d25ef8864ac59a7f52d58328e70b', 'network_id': 'd3023e7a-ee7a-4bc2-8a3a-5f6edcc5c9d4', 'ip_version': 4, 'subnetpool_id': None, 'enable_dhcp': True, 'ipv6_ra_mode': None, 'ipv6_address_mode': None, 'gateway_ip': '172.16.0.1', 'cidr': '172.16.0.0/28', 'allocation_pools': [{'start': '172.16.0.2', 'end': '172.16.0.14'}], 'host_routes': [], 'dns_nameservers': [], 'description': '', 'service_types': [], 'segment_id': None, 'tags': [], 'created_at': '2020-10-28T13:44:29Z', 'updated_at': '2020-10-28T13:44:29Z', 'revision_number': 0, 'project_id': 'a629d25ef8864ac59a7f52d58328e70b'}, Router: {'id': 'b34def8b-196e-409d-a0f0-3c89dcff0922', 'name': 'tempest-ServersTestJSON-1956907637-router', 'tenant_id': 'a629d25ef8864ac59a7f52d58328e70b', 'admin_state_up': True, 'status': 'ACTIVE', 'external_gateway_info': {'network_id': 'ce12e1ab-fe6d-481d-82aa-a065d6f2a7ff', 'external_fixed_ips': [{'subnet_id': '3b6c9c63-dee6-417a-ad94-8d371560e79d', 'ip_address': '10.13.3.139'}], 'enable_snat': True}, 'description': '', 'availability_zones': [], 'distributed': False, 'ha': False, 'availability_zone_hints': [], 'routes': [], 'flavor_id': None, 'tags': [], 'created_at': '2020-10-28T13:44:30Z', 'updated_at': '2020-10-28T13:44:30Z', 'revision_number': 3, 'project_id': 'a629d25ef8864ac59a7f52d58328e70b'}[00m
2020-10-28 13:44:32.458 4169 INFO tempest.lib.common.rest_client [req-c674ef3f-5278-499c-91bb-b0b9703e5ff4 ] Request (RoutersTest:tearDownClass): 200 GET http://10.13.3.192:9696/v2.0/security-groups?tenant_id=73eec6cef9194d6fb6c022e6467540a3&name=default 0.087s[00m
2020-10-28 13:44:32.582 4169 INFO tempest.lib.common.rest_client [req-e172de2a-d398-4ccd-b2be-dd2e58fdb6c8 ] Request (RoutersTest:tearDownClass): 204 DELETE http://10.13.3.192:9696/v2.0/security-groups/77e8a0e0-77a7-4371-ab23-61c218cca077 0.123s[00m
2020-10-28 13:44:32.648 4171 INFO tempest.lib.common.rest_client [req-f3c0df23-ea8f-413a-9850-eb322ded3b21 ] Request (ServersTestJSON:setUpClass): 201 POST http://10.13.3.250:5000/v3/auth/tokens 0.282s[00m
2020-10-28 13:44:32.665 4169 INFO tempest.lib.common.rest_client [req-8110dc4e-3e0c-4237-93c2-d614c38a3e6f ] Request (RoutersTest:tearDownClass): 204 DELETE http://10.13.3.250:35357/v3/projects/73eec6cef9194d6fb6c022e6467540a3 0.083s[00m
2020-10-28 13:44:32.667 4169 INFO tempest.test [-] <class 'unittest.case.SkipTest'> raised in SecGroupIPv6Test.setUpClass. Invoking tearDownClass.[00m
{0} setUpClass (tempest.api.network.test_security_groups.SecGroupIPv6Test) ... SKIPPED: IPv6 Tests are disabled.
2020-10-28 13:44:32.942 4169 INFO tempest.lib.common.rest_client [req-3afaea88-7922-41cd-ba5a-ea0b62fe6f96 ] Request (SecGroupTest:setUpClass): 201 POST http://10.13.3.250:5000/v3/auth/tokens 0.273s[00m
2020-10-28 13:44:33.073 4171 INFO tempest.lib.common.rest_client [req-eb02e160-b000-4ccd-bbc1-18e01542aa0f ] Request (ServersTestJSON:setUpClass): 200 POST http://10.13.3.195:8774/v2.1/os-keypairs 0.424s[00m
2020-10-28 13:44:33.211 4169 INFO tempest.lib.common.rest_client [req-bcf56132-377c-421b-a7a7-29af8d056804 ] Request (SecGroupTest:setUpClass): 201 POST http://10.13.3.250:5000/v3/auth/tokens 0.265s[00m
2020-10-28 13:44:33.214 4171 INFO tempest.lib.common.rest_client [req-715f36f9-03be-43af-8c32-68c0c96c745b ] Request (ServersTestJSON:setUpClass): 201 POST http://10.13.3.192:9696/v2.0/security-groups 0.139s[00m
2020-10-28 13:44:33.236 4169 INFO tempest.lib.common.rest_client [req-ef97bee8-7566-408a-97b6-f91d5a6ff440 ] Request (SecGroupTest:setUpClass): 200 GET http://10.13.3.250:35357/v3/domains?name=admin_domain 0.023s[00m
2020-10-28 13:44:33.267 4169 INFO tempest.lib.common.rest_client [req-fa9bb825-621d-468f-a672-78c8eb732c1e ] Request (SecGroupTest:setUpClass): 201 POST http://10.13.3.250:35357/v3/projects 0.030s[00m
2020-10-28 13:44:33.281 4171 INFO tempest.lib.common.rest_client [req-efe68a1b-158b-45a0-9c0e-c3788e321840 ] Request (ServersTestJSON:setUpClass): 201 POST http://10.13.3.192:9696/v2.0/security-group-rules 0.066s[00m
2020-10-28 13:44:33.344 4171 INFO tempest.lib.common.rest_client [req-61957767-340f-4bb8-8b75-d2c3342606fc ] Request (ServersTestJSON:setUpClass): 201 POST http://10.13.3.192:9696/v2.0/security-group-rules 0.061s[00m
2020-10-28 13:44:33.519 4169 INFO tempest.lib.common.rest_client [req-2606ce30-dd9b-41c0-bb18-be28947bd61d ] Request (SecGroupTest:setUpClass): 201 POST http://10.13.3.250:35357/v3/users 0.250s[00m
2020-10-28 13:44:33.539 4169 INFO tempest.lib.common.rest_client [req-f59c0116-6fa1-4c34-9084-72af167720ab ] Request (SecGroupTest:setUpClass): 200 GET http://10.13.3.250:35357/v3/roles 0.020s[00m
2020-10-28 13:44:33.557 4169 INFO tempest.lib.common.rest_client [req-0bfb56d3-7d78-4a55-b66b-ba0d53a4a6f8 ] Request (SecGroupTest:setUpClass): 200 GET http://10.13.3.250:35357/v3/roles 0.017s[00m
2020-10-28 13:44:33.589 4169 INFO tempest.lib.common.rest_client [req-6ce70cc1-1214-4df2-bde5-bbf9cb7612eb ] Request (SecGroupTest:setUpClass): 204 PUT http://10.13.3.250:35357/v3/projects/ce91867cadc041bb98311dd83c4c683a/users/248c95f5328f4ecab3856e98f23bddab/roles/639bc00bafb04403aa590b2815c71db4 0.031s[00m
2020-10-28 13:44:33.589 4169 INFO tempest.lib.common.dynamic_creds [-] Acquired dynamic creds:
 credentials: Credentials: {'domain_id': '2c685f1bdbd54ce9aa047dfa3f556f8e', 'domain_name': 'admin_domain', 'username': 'tempest-SecGroupTest-115469576', 'project_domain_id': '2c685f1bdbd54ce9aa047dfa3f556f8e', 'project_domain_name': 'admin_domain', 'project_id': 'ce91867cadc041bb98311dd83c4c683a', 'project_name': 'tempest-SecGroupTest-115469576', 'tenant_id': 'ce91867cadc041bb98311dd83c4c683a', 'tenant_name': 'tempest-SecGroupTest-115469576', 'user_domain_id': '2c685f1bdbd54ce9aa047dfa3f556f8e', 'user_domain_name': 'admin_domain', 'user_id': '248c95f5328f4ecab3856e98f23bddab'}, Network: None, Subnet: None, Router: None[00m
2020-10-28 13:44:33.590 4169 INFO tempest.lib.common.dynamic_creds [-] Created isolated network resources for:
 credentials: Credentials: {'domain_id': '2c685f1bdbd54ce9aa047dfa3f556f8e', 'domain_name': 'admin_domain', 'username': 'tempest-SecGroupTest-115469576', 'project_domain_id': '2c685f1bdbd54ce9aa047dfa3f556f8e', 'project_domain_name': 'admin_domain', 'project_id': 'ce91867cadc041bb98311dd83c4c683a', 'project_name': 'tempest-SecGroupTest-115469576', 'tenant_id': 'ce91867cadc041bb98311dd83c4c683a', 'tenant_name': 'tempest-SecGroupTest-115469576', 'user_domain_id': '2c685f1bdbd54ce9aa047dfa3f556f8e', 'user_domain_name': 'admin_domain', 'user_id': '248c95f5328f4ecab3856e98f23bddab'}, Network: None, Subnet: None, Router: None[00m
2020-10-28 13:44:33.908 4169 INFO tempest.lib.common.rest_client [req-69c9c6a4-2cd8-453f-9d16-2f45916ca170 ] Request (SecGroupTest:setUpClass): 201 POST http://10.13.3.250:5000/v3/auth/tokens 0.314s[00m
2020-10-28 13:44:33.997 4171 INFO tempest.lib.common.rest_client [req-64f362c2-582d-4cad-bdbb-f0a53690cf15 ] Request (ServersTestJSON:setUpClass): 201 POST http://10.13.3.192:9696/v2.0/floatingips 0.652s[00m
2020-10-28 13:44:34.100 4169 INFO tempest.lib.common.rest_client [req-c5215d83-b4ee-4905-a90b-7662ac1011ef ] Request (SecGroupTest:test_create_list_update_show_delete_security_group): 201 POST http://10.13.3.192:9696/v2.0/security-groups 0.189s[00m
2020-10-28 13:44:34.140 4169 INFO tempest.lib.common.rest_client [req-d3627e82-b089-48f8-97c8-feddd4052a7f ] Request (SecGroupTest:test_create_list_update_show_delete_security_group): 200 GET http://10.13.3.192:9696/v2.0/security-groups 0.039s[00m
2020-10-28 13:44:34.189 4169 INFO tempest.lib.common.rest_client [req-2aa56553-9d47-4778-8ccb-b610b5c41007 ] Request (SecGroupTest:test_create_list_update_show_delete_security_group): 200 PUT http://10.13.3.192:9696/v2.0/security-groups/03309b2c-c2b2-4706-ba1c-fd8bdea2b5c7 0.046s[00m
2020-10-28 13:44:34.216 4169 INFO tempest.lib.common.rest_client [req-2e07ad15-2c9b-48ff-ad76-94ccc979e512 ] Request (SecGroupTest:test_create_list_update_show_delete_security_group): 200 GET http://10.13.3.192:9696/v2.0/security-groups/03309b2c-c2b2-4706-ba1c-fd8bdea2b5c7 0.026s[00m
2020-10-28 13:44:34.259 4171 INFO tempest.lib.common.rest_client [req-8be75e81-bf7e-486b-9714-859248c72c02 ] Request (ServersTestJSON:setUpClass): 201 POST http://10.13.3.250:5000/v3/auth/tokens 0.254s[00m
2020-10-28 13:44:34.259 4171 INFO tempest.lib.common.fixed_network [-] (ServersTestJSON:setUpClass) Found network {'id': 'd3023e7a-ee7a-4bc2-8a3a-5f6edcc5c9d4', 'name': 'tempest-ServersTestJSON-1956907637-network', 'tenant_id': 'a629d25ef8864ac59a7f52d58328e70b', 'admin_state_up': True, 'mtu': 1458, 'status': 'ACTIVE', 'subnets': [], 'shared': False, 'project_id': 'a629d25ef8864ac59a7f52d58328e70b', 'router:external': False, 'provider:network_type': 'gre', 'provider:physical_network': None, 'provider:segmentation_id': 1, 'availability_zone_hints': [], 'is_default': False, 'availability_zones': [], 'ipv4_address_scope': None, 'ipv6_address_scope': None, 'description': '', 'l2_adjacency': True, 'tags': [], 'created_at': '2020-10-28T13:44:29Z', 'updated_at': '2020-10-28T13:44:29Z', 'revision_number': 1} available for tenant[00m
2020-10-28 13:44:34.288 4169 INFO tempest.lib.common.rest_client [req-42120e61-1c9e-4d53-850b-e1ed5403fcac ] Request (SecGroupTest:test_create_list_update_show_delete_security_group): 204 DELETE http://10.13.3.192:9696/v2.0/security-groups/03309b2c-c2b2-4706-ba1c-fd8bdea2b5c7 0.071s[00m
2020-10-28 13:44:34.325 4169 INFO tempest.lib.common.rest_client [req-0c1fe2f1-c34d-49a0-857a-f0368b4e24e0 ] Request (SecGroupTest:test_create_list_update_show_delete_security_group): 200 GET http://10.13.3.192:9696/v2.0/security-groups 0.036s[00m
2020-10-28 13:44:34.339 4169 INFO tempest.lib.common.rest_client [req-34125ee0-4ada-4751-bce5-e048dd99d664 ] Request (SecGroupTest:_run_cleanups): 404 DELETE http://10.13.3.192:9696/v2.0/security-groups/03309b2c-c2b2-4706-ba1c-fd8bdea2b5c7 0.013s[00m
{0} tempest.api.network.test_security_groups.SecGroupTest.test_create_list_update_show_delete_security_group [0.429923s] ... ok
2020-10-28 13:44:34.489 4169 INFO tempest.lib.common.rest_client [req-9fff4b97-56dc-48ea-974e-8445592193a3 ] Request (SecGroupTest:test_create_show_delete_security_group_rule): 201 POST http://10.13.3.192:9696/v2.0/security-groups 0.146s[00m
2020-10-28 13:44:34.555 4169 INFO tempest.lib.common.rest_client [req-8f84ba98-3766-4ed3-9462-cd2364939572 ] Request (SecGroupTest:test_create_show_delete_security_group_rule): 201 POST http://10.13.3.192:9696/v2.0/security-group-rules 0.065s[00m
2020-10-28 13:44:34.570 4169 INFO tempest.lib.common.rest_client [req-97797d98-85f6-4d38-96fe-fba239a6400a ] Request (SecGroupTest:test_create_show_delete_security_group_rule): 200 GET http://10.13.3.192:9696/v2.0/security-group-rules/a442d749-8e14-4397-8233-44478073a879 0.014s[00m
2020-10-28 13:44:34.602 4169 INFO tempest.lib.common.rest_client [req-fb2adec6-c064-454f-868e-514b813d3b8d ] Request (SecGroupTest:test_create_show_delete_security_group_rule): 200 GET http://10.13.3.192:9696/v2.0/security-group-rules 0.032s[00m
2020-10-28 13:44:34.648 4169 INFO tempest.lib.common.rest_client [req-ad47c453-c9b4-463e-9456-ceca11f178b5 ] Request (SecGroupTest:test_create_show_delete_security_group_rule): 204 DELETE http://10.13.3.192:9696/v2.0/security-group-rules/a442d749-8e14-4397-8233-44478073a879 0.045s[00m
2020-10-28 13:44:34.671 4171 INFO tempest.lib.common.rest_client [req-ca9c6844-a3b8-4211-ada2-3ce17fa9f46f ] Request (ServersTestJSON:setUpClass): 202 POST http://10.13.3.195:8774/v2.1/servers 0.410s[00m
2020-10-28 13:44:34.680 4169 INFO tempest.lib.common.rest_client [req-ccbfa438-c483-42ab-a1fe-23df4428c77d ] Request (SecGroupTest:test_create_show_delete_security_group_rule): 200 GET http://10.13.3.192:9696/v2.0/security-group-rules 0.031s[00m
2020-10-28 13:44:34.737 4171 INFO tempest.lib.common.rest_client [req-48a7d94f-931f-4452-8456-38898b7bbe44 ] Request (ServersTestJSON:setUpClass): 200 GET http://10.13.3.195:8774/v2.1/servers/074d8e02-f2e9-4e44-bd23-bf3c2ef0096a 0.064s[00m
2020-10-28 13:44:34.756 4169 INFO tempest.lib.common.rest_client [req-fe369fb8-e908-4bfc-9af5-bba72fa26726 ] Request (SecGroupTest:test_create_show_delete_security_group_rule): 201 POST http://10.13.3.192:9696/v2.0/security-group-rules 0.074s[00m
2020-10-28 13:44:34.768 4169 INFO tempest.lib.common.rest_client [req-54d463c5-b387-44f0-b6ed-8c05c50e1194 ] Request (SecGroupTest:test_create_show_delete_security_group_rule): 200 GET http://10.13.3.192:9696/v2.0/security-group-rules/99707d53-bf00-4633-afe0-18e60444a22d 0.012s[00m
2020-10-28 13:44:34.802 4169 INFO tempest.lib.common.rest_client [req-a16e346a-6009-47ad-b7b5-677f7d987e3d ] Request (SecGroupTest:test_create_show_delete_security_group_rule): 200 GET http://10.13.3.192:9696/v2.0/security-group-rules 0.033s[00m
2020-10-28 13:44:34.846 4169 INFO tempest.lib.common.rest_client [req-f600586c-af6c-479f-bb5a-181ebc88ed6c ] Request (SecGroupTest:test_create_show_delete_security_group_rule): 204 DELETE http://10.13.3.192:9696/v2.0/security-group-rules/99707d53-bf00-4633-afe0-18e60444a22d 0.044s[00m
2020-10-28 13:44:34.880 4169 INFO tempest.lib.common.rest_client [req-907cf26e-13c1-4d55-a8ee-e1ca5b31e0b0 ] Request (SecGroupTest:test_create_show_delete_security_group_rule): 200 GET http://10.13.3.192:9696/v2.0/security-group-rules 0.033s[00m
2020-10-28 13:44:34.945 4169 INFO tempest.lib.common.rest_client [req-a4286b40-c801-4ba3-9a16-97fcb18808c5 ] Request (SecGroupTest:test_create_show_delete_security_group_rule): 201 POST http://10.13.3.192:9696/v2.0/security-group-rules 0.064s[00m
2020-10-28 13:44:34.967 4169 INFO tempest.lib.common.rest_client [req-fa5bf878-2be2-433b-9adf-b8c911e01e66 ] Request (SecGroupTest:test_create_show_delete_security_group_rule): 200 GET http://10.13.3.192:9696/v2.0/security-group-rules/70ca4437-2d02-4465-b08b-03b5c2f178e9 0.021s[00m
2020-10-28 13:44:35.011 4169 INFO tempest.lib.common.rest_client [req-16e7bda5-2614-4a64-9739-54ab1fe7cf00 ] Request (SecGroupTest:test_create_show_delete_security_group_rule): 200 GET http://10.13.3.192:9696/v2.0/security-group-rules 0.043s[00m
2020-10-28 13:44:35.063 4169 INFO tempest.lib.common.rest_client [req-c221ccf9-321c-4da7-bedb-5f7fdbda64a0 ] Request (SecGroupTest:test_create_show_delete_security_group_rule): 204 DELETE http://10.13.3.192:9696/v2.0/security-group-rules/70ca4437-2d02-4465-b08b-03b5c2f178e9 0.052s[00m
2020-10-28 13:44:35.105 4169 INFO tempest.lib.common.rest_client [req-483b75a0-7fd1-4eb1-974e-d599ed0b69f0 ] Request (SecGroupTest:test_create_show_delete_security_group_rule): 200 GET http://10.13.3.192:9696/v2.0/security-group-rules 0.041s[00m
2020-10-28 13:44:35.256 4169 INFO tempest.lib.common.rest_client [req-ab6cbc8f-0df1-493c-b475-72f63d56e444 ] Request (SecGroupTest:_run_cleanups): 204 DELETE http://10.13.3.192:9696/v2.0/security-groups/08776edd-b3dc-4bec-b0e7-7e4f7e241aaa 0.150s[00m
2020-10-28 13:44:35.290 4169 INFO tempest.lib.common.rest_client [req-e21f128f-2569-4de9-a8a8-9f4b5817c710 ] Request (SecGroupTest:_run_cleanups): 200 GET http://10.13.3.192:9696/v2.0/security-groups 0.033s[00m
{0} tempest.api.network.test_security_groups.SecGroupTest.test_create_show_delete_security_group_rule [0.949851s] ... ok
2020-10-28 13:44:35.320 4169 INFO tempest.lib.common.rest_client [req-d88dedca-8350-4182-a730-76d8d18a434f ] Request (SecGroupTest:test_list_security_groups): 200 GET http://10.13.3.192:9696/v2.0/security-groups 0.027s[00m
{0} tempest.api.network.test_security_groups.SecGroupTest.test_list_security_groups [0.029627s] ... ok
2020-10-28 13:44:35.395 4169 INFO tempest.lib.common.rest_client [req-9cfe643b-1bd8-4339-9b25-8b4be7f0de32 ] Request (SecGroupTest:tearDownClass): 204 DELETE http://10.13.3.250:35357/v3/users/248c95f5328f4ecab3856e98f23bddab 0.073s[00m
2020-10-28 13:44:35.657 4169 INFO tempest.lib.common.rest_client [req-b0d74414-a6f9-42ad-a301-62e27a919a44 ] Request (SecGroupTest:tearDownClass): 201 POST http://10.13.3.250:5000/v3/auth/tokens 0.261s[00m
2020-10-28 13:44:35.752 4169 INFO tempest.lib.common.rest_client [req-569d3300-ca55-45be-9b4f-a0c52463406f ] Request (SecGroupTest:tearDownClass): 200 GET http://10.13.3.192:9696/v2.0/security-groups?tenant_id=ce91867cadc041bb98311dd83c4c683a&name=default 0.093s[00m
2020-10-28 13:44:35.882 4171 INFO tempest.lib.common.rest_client [req-5734792c-1fc7-4c57-9383-71d2adfa9ea1 ] Request (ServersTestJSON:setUpClass): 200 GET http://10.13.3.195:8774/v2.1/servers/074d8e02-f2e9-4e44-bd23-bf3c2ef0096a 0.139s[00m
2020-10-28 13:44:35.887 4171 INFO tempest.common.waiters [-] State transition "BUILD/scheduling" ==> "BUILD/spawning" after 1 second wait[00m
2020-10-28 13:44:35.900 4169 INFO tempest.lib.common.rest_client [req-9e6c9a2d-3299-4926-90eb-47b498e899cf ] Request (SecGroupTest:tearDownClass): 204 DELETE http://10.13.3.192:9696/v2.0/security-groups/27012a5c-ace4-4efd-8d49-e05c256e28e9 0.146s[00m
2020-10-28 13:44:35.975 4169 INFO tempest.lib.common.rest_client [req-46833f21-4375-421c-9473-9ea6824df42c ] Request (SecGroupTest:tearDownClass): 204 DELETE http://10.13.3.250:35357/v3/projects/ce91867cadc041bb98311dd83c4c683a 0.074s[00m
2020-10-28 13:44:36.236 4169 INFO tempest.lib.common.rest_client [req-2c4c7777-b2f6-40e0-94b4-29b78de06dbf ] Request (NetworksApiDiscovery:setUpClass): 201 POST http://10.13.3.250:5000/v3/auth/tokens 0.260s[00m
2020-10-28 13:44:36.492 4169 INFO tempest.lib.common.rest_client [req-bdbb2854-1b5d-4248-8c7f-339078fd7cb3 ] Request (NetworksApiDiscovery:setUpClass): 201 POST http://10.13.3.250:5000/v3/auth/tokens 0.251s[00m
2020-10-28 13:44:36.523 4169 INFO tempest.lib.common.rest_client [req-30d7873a-552f-4a81-b4c7-a523487cdcee ] Request (NetworksApiDiscovery:setUpClass): 200 GET http://10.13.3.250:35357/v3/domains?name=admin_domain 0.029s[00m
2020-10-28 13:44:36.584 4169 INFO tempest.lib.common.rest_client [req-f8c6c7ba-2ff7-4c00-b94c-8b4b5b0b60a9 ] Request (NetworksApiDiscovery:setUpClass): 201 POST http://10.13.3.250:35357/v3/projects 0.060s[00m
2020-10-28 13:44:36.837 4169 INFO tempest.lib.common.rest_client [req-a3f8cd4a-6003-4588-a080-a31b9077bbc3 ] Request (NetworksApiDiscovery:setUpClass): 201 POST http://10.13.3.250:35357/v3/users 0.253s[00m
2020-10-28 13:44:36.855 4169 INFO tempest.lib.common.rest_client [req-16e94537-f7c9-4545-a660-788a2162bb87 ] Request (NetworksApiDiscovery:setUpClass): 200 GET http://10.13.3.250:35357/v3/roles 0.017s[00m
2020-10-28 13:44:36.872 4169 INFO tempest.lib.common.rest_client [req-37ca220d-a14c-4a41-9c0c-8864106f11c7 ] Request (NetworksApiDiscovery:setUpClass): 200 GET http://10.13.3.250:35357/v3/roles 0.017s[00m
2020-10-28 13:44:36.903 4169 INFO tempest.lib.common.rest_client [req-3c173c53-6c07-44f3-bb24-09f687576455 ] Request (NetworksApiDiscovery:setUpClass): 204 PUT http://10.13.3.250:35357/v3/projects/473c493159e74177b405c2cb546b5cd6/users/2e1e88492c694ddabc206fcc47ca69e2/roles/639bc00bafb04403aa590b2815c71db4 0.030s[00m
2020-10-28 13:44:36.903 4169 INFO tempest.lib.common.dynamic_creds [-] Acquired dynamic creds:
 credentials: Credentials: {'domain_id': '2c685f1bdbd54ce9aa047dfa3f556f8e', 'domain_name': 'admin_domain', 'username': 'tempest-NetworksApiDiscovery-945331121', 'project_domain_id': '2c685f1bdbd54ce9aa047dfa3f556f8e', 'project_domain_name': 'admin_domain', 'project_id': '473c493159e74177b405c2cb546b5cd6', 'project_name': 'tempest-NetworksApiDiscovery-945331121', 'tenant_id': '473c493159e74177b405c2cb546b5cd6', 'tenant_name': 'tempest-NetworksApiDiscovery-945331121', 'user_domain_id': '2c685f1bdbd54ce9aa047dfa3f556f8e', 'user_domain_name': 'admin_domain', 'user_id': '2e1e88492c694ddabc206fcc47ca69e2'}, Network: None, Subnet: None, Router: None[00m
2020-10-28 13:44:36.903 4169 INFO tempest.lib.common.dynamic_creds [-] Created isolated network resources for:
 credentials: Credentials: {'domain_id': '2c685f1bdbd54ce9aa047dfa3f556f8e', 'domain_name': 'admin_domain', 'username': 'tempest-NetworksApiDiscovery-945331121', 'project_domain_id': '2c685f1bdbd54ce9aa047dfa3f556f8e', 'project_domain_name': 'admin_domain', 'project_id': '473c493159e74177b405c2cb546b5cd6', 'project_name': 'tempest-NetworksApiDiscovery-945331121', 'tenant_id': '473c493159e74177b405c2cb546b5cd6', 'tenant_name': 'tempest-NetworksApiDiscovery-945331121', 'user_domain_id': '2c685f1bdbd54ce9aa047dfa3f556f8e', 'user_domain_name': 'admin_domain', 'user_id': '2e1e88492c694ddabc206fcc47ca69e2'}, Network: None, Subnet: None, Router: None[00m
2020-10-28 13:44:36.997 4171 INFO tempest.lib.common.rest_client [req-94918831-3fb4-40c1-8d55-34c2c6663301 ] Request (ServersTestJSON:setUpClass): 200 GET http://10.13.3.195:8774/v2.1/servers/074d8e02-f2e9-4e44-bd23-bf3c2ef0096a 0.108s[00m
2020-10-28 13:44:37.181 4169 INFO tempest.lib.common.rest_client [req-b82cb906-5dba-46e2-ad7d-e5b604ea5b4d ] Request (NetworksApiDiscovery:setUpClass): 201 POST http://10.13.3.250:5000/v3/auth/tokens 0.272s[00m
2020-10-28 13:44:37.189 4169 INFO tempest.lib.common.rest_client [-] Request (NetworksApiDiscovery:test_api_version_resources): 200 GET http://10.13.3.192:9696/ 0.007s[00m
{0} tempest.api.network.test_versions.NetworksApiDiscovery.test_api_version_resources [0.008293s] ... ok
2020-10-28 13:44:37.281 4169 INFO tempest.lib.common.rest_client [req-072eaa3f-4f56-435d-9c6b-b2de44c913d6 ] Request (NetworksApiDiscovery:test_show_api_v2_details): 200 GET http://10.13.3.192:9696/v2.0/ 0.090s[00m
{0} tempest.api.network.test_versions.NetworksApiDiscovery.test_show_api_v2_details [0.090912s] ... ok
2020-10-28 13:44:37.353 4169 INFO tempest.lib.common.rest_client [req-aa978cc7-5d32-40e6-baf6-a8bb1dbae99b ] Request (NetworksApiDiscovery:tearDownClass): 204 DELETE http://10.13.3.250:35357/v3/users/2e1e88492c694ddabc206fcc47ca69e2 0.071s[00m
2020-10-28 13:44:37.615 4169 INFO tempest.lib.common.rest_client [req-43ca4a21-cfbc-4ce4-be46-d1092aa68893 ] Request (NetworksApiDiscovery:tearDownClass): 201 POST http://10.13.3.250:5000/v3/auth/tokens 0.258s[00m
2020-10-28 13:44:37.779 4169 INFO tempest.lib.common.rest_client [req-0678c12f-3c18-43fc-9d20-06619f23a1a7 ] Request (NetworksApiDiscovery:tearDownClass): 200 GET http://10.13.3.192:9696/v2.0/security-groups?tenant_id=473c493159e74177b405c2cb546b5cd6&name=default 0.163s[00m
2020-10-28 13:44:37.850 4169 INFO tempest.lib.common.rest_client [req-eb1f3ab3-ffda-46a7-b100-fcf0f3e926d8 ] Request (NetworksApiDiscovery:tearDownClass): 204 DELETE http://10.13.3.192:9696/v2.0/security-groups/12a9c86e-8dc5-422a-b91b-df2d03b99721 0.070s[00m
2020-10-28 13:44:37.926 4169 INFO tempest.lib.common.rest_client [req-ab590ff5-db31-4748-8eca-c7bcf3c8429e ] Request (NetworksApiDiscovery:tearDownClass): 204 DELETE http://10.13.3.250:35357/v3/projects/473c493159e74177b405c2cb546b5cd6 0.075s[00m
2020-10-28 13:44:37.927 4169 INFO tempest.test [-] <class 'unittest.case.SkipTest'> raised in AccountQuotasTest.setUpClass. Invoking tearDownClass.[00m
{0} setUpClass (tempest.api.object_storage.test_account_quotas.AccountQuotasTest) ... SKIPPED: AccountQuotasTest skipped as swift is not available
2020-10-28 13:44:37.929 4169 INFO tempest.test [-] <class 'unittest.case.SkipTest'> raised in ContainerQuotasTest.setUpClass. Invoking tearDownClass.[00m
{0} setUpClass (tempest.api.object_storage.test_container_quotas.ContainerQuotasTest) ... SKIPPED: ContainerQuotasTest skipped as swift is not available
2020-10-28 13:44:37.930 4169 INFO tempest.test [-] <class 'unittest.case.SkipTest'> raised in ContainerTest.setUpClass. Invoking tearDownClass.[00m
{0} setUpClass (tempest.api.object_storage.test_container_services.ContainerTest) ... SKIPPED: ContainerTest skipped as swift is not available
2020-10-28 13:44:37.933 4169 INFO tempest.test [-] <class 'unittest.case.SkipTest'> raised in ObjectTest.setUpClass. Invoking tearDownClass.[00m
{0} setUpClass (tempest.api.object_storage.test_object_services.ObjectTest) ... SKIPPED: ObjectTest skipped as swift is not available
2020-10-28 13:44:38.157 4171 INFO tempest.lib.common.rest_client [req-63d647b6-b737-4bb5-b26f-b9d7ff515042 ] Request (ServersTestJSON:setUpClass): 200 GET http://10.13.3.195:8774/v2.1/servers/074d8e02-f2e9-4e44-bd23-bf3c2ef0096a 0.154s[00m
2020-10-28 13:44:38.212 4169 INFO tempest.lib.common.rest_client [req-7271f2a9-dacc-453d-9480-e94d9f6f90ba ] Request (VersionsTest:setUpClass): 201 POST http://10.13.3.250:5000/v3/auth/tokens 0.276s[00m
2020-10-28 13:44:38.470 4169 INFO tempest.lib.common.rest_client [req-248360a2-e416-4486-b345-385dd2076c16 ] Request (VersionsTest:setUpClass): 201 POST http://10.13.3.250:5000/v3/auth/tokens 0.253s[00m
2020-10-28 13:44:38.502 4169 INFO tempest.lib.common.rest_client [req-f8796fb6-99e5-4892-9f39-06506fd2e49c ] Request (VersionsTest:setUpClass): 200 GET http://10.13.3.250:35357/v3/domains?name=admin_domain 0.030s[00m
2020-10-28 13:44:38.544 4169 INFO tempest.lib.common.rest_client [req-01cdb550-6c3a-4b99-b413-c46d1c671221 ] Request (VersionsTest:setUpClass): 201 POST http://10.13.3.250:35357/v3/projects 0.039s[00m
2020-10-28 13:44:38.807 4169 INFO tempest.lib.common.rest_client [req-171c9eac-bf7f-4af4-a227-15582e133591 ] Request (VersionsTest:setUpClass): 201 POST http://10.13.3.250:35357/v3/users 0.261s[00m
2020-10-28 13:44:38.842 4169 INFO tempest.lib.common.rest_client [req-7f764ad3-8ba9-4d58-b012-a9425c908b3e ] Request (VersionsTest:setUpClass): 200 GET http://10.13.3.250:35357/v3/roles 0.033s[00m
2020-10-28 13:44:38.884 4169 INFO tempest.lib.common.rest_client [req-1d9b0dba-31e0-4e1d-b0bc-1e12feb1db78 ] Request (VersionsTest:setUpClass): 200 GET http://10.13.3.250:35357/v3/roles 0.040s[00m
2020-10-28 13:44:38.935 4169 INFO tempest.lib.common.rest_client [req-98a43400-357d-45ae-b449-bb09e85bfc61 ] Request (VersionsTest:setUpClass): 204 PUT http://10.13.3.250:35357/v3/projects/212077f1527f4968a5d7d5e6a39aab11/users/9a7550c1412f4f9689ce1cf097da0175/roles/639bc00bafb04403aa590b2815c71db4 0.050s[00m
2020-10-28 13:44:38.936 4169 INFO tempest.lib.common.dynamic_creds [-] Acquired dynamic creds:
 credentials: Credentials: {'domain_id': '2c685f1bdbd54ce9aa047dfa3f556f8e', 'domain_name': 'admin_domain', 'username': 'tempest-VersionsTest-1606070455', 'project_domain_id': '2c685f1bdbd54ce9aa047dfa3f556f8e', 'project_domain_name': 'admin_domain', 'project_id': '212077f1527f4968a5d7d5e6a39aab11', 'project_name': 'tempest-VersionsTest-1606070455', 'tenant_id': '212077f1527f4968a5d7d5e6a39aab11', 'tenant_name': 'tempest-VersionsTest-1606070455', 'user_domain_id': '2c685f1bdbd54ce9aa047dfa3f556f8e', 'user_domain_name': 'admin_domain', 'user_id': '9a7550c1412f4f9689ce1cf097da0175'}, Network: None, Subnet: None, Router: None[00m
2020-10-28 13:44:38.936 4169 INFO tempest.lib.common.dynamic_creds [-] Created isolated network resources for:
 credentials: Credentials: {'domain_id': '2c685f1bdbd54ce9aa047dfa3f556f8e', 'domain_name': 'admin_domain', 'username': 'tempest-VersionsTest-1606070455', 'project_domain_id': '2c685f1bdbd54ce9aa047dfa3f556f8e', 'project_domain_name': 'admin_domain', 'project_id': '212077f1527f4968a5d7d5e6a39aab11', 'project_name': 'tempest-VersionsTest-1606070455', 'tenant_id': '212077f1527f4968a5d7d5e6a39aab11', 'tenant_name': 'tempest-VersionsTest-1606070455', 'user_domain_id': '2c685f1bdbd54ce9aa047dfa3f556f8e', 'user_domain_name': 'admin_domain', 'user_id': '9a7550c1412f4f9689ce1cf097da0175'}, Network: None, Subnet: None, Router: None[00m
2020-10-28 13:44:39.231 4169 INFO tempest.lib.common.rest_client [req-bfee727a-661c-4615-b960-842d00e7b9b8 ] Request (VersionsTest:setUpClass): 201 POST http://10.13.3.250:5000/v3/auth/tokens 0.291s[00m
2020-10-28 13:44:39.280 4169 INFO tempest.lib.common.rest_client [-] Request (VersionsTest:test_list_versions): 300 GET http://10.13.3.215:8776/ 0.048s[00m
{0} tempest.api.volume.test_versions.VersionsTest.test_list_versions [0.051274s] ... ok
2020-10-28 13:44:39.290 4171 INFO tempest.lib.common.rest_client [req-92e5b5d2-028b-49bc-87cb-31413a48abc7 ] Request (ServersTestJSON:setUpClass): 200 GET http://10.13.3.195:8774/v2.1/servers/074d8e02-f2e9-4e44-bd23-bf3c2ef0096a 0.126s[00m
2020-10-28 13:44:39.299 4171 INFO tempest.common.waiters [-] State transition "BUILD/spawning" ==> "ACTIVE/None" after 5 second wait[00m
2020-10-28 13:44:39.379 4169 INFO tempest.lib.common.rest_client [req-acb7cf29-9fc5-4dc1-ab64-eee88e0a4f9d ] Request (VersionsTest:tearDownClass): 204 DELETE http://10.13.3.250:35357/v3/users/9a7550c1412f4f9689ce1cf097da0175 0.095s[00m
2020-10-28 13:44:39.402 4171 INFO tempest.lib.common.rest_client [req-20f8d384-8989-470b-8ada-0b077ddc50f7 ] Request (ServersTestJSON:setUpClass): 200 GET http://10.13.3.195:8774/v2.1/servers/074d8e02-f2e9-4e44-bd23-bf3c2ef0096a/os-interface 0.102s[00m
2020-10-28 13:44:39.641 4169 INFO tempest.lib.common.rest_client [req-cacbfe89-5dba-418a-a8f8-37adeb62fe2c ] Request (VersionsTest:tearDownClass): 201 POST http://10.13.3.250:5000/v3/auth/tokens 0.261s[00m
2020-10-28 13:44:39.867 4169 INFO tempest.lib.common.rest_client [req-9c5ef9ac-16f6-4033-bd7d-7bbb4cdb8f02 ] Request (VersionsTest:tearDownClass): 200 GET http://10.13.3.192:9696/v2.0/security-groups?tenant_id=212077f1527f4968a5d7d5e6a39aab11&name=default 0.226s[00m
2020-10-28 13:44:39.961 4169 INFO tempest.lib.common.rest_client [req-816d7a1d-4488-4bee-badb-e0474195780b ] Request (VersionsTest:tearDownClass): 204 DELETE http://10.13.3.192:9696/v2.0/security-groups/821904e4-f776-44b3-8284-3273680ab2d6 0.093s[00m
2020-10-28 13:44:40.061 4169 INFO tempest.lib.common.rest_client [req-3ee2fb14-25da-4eb3-aca8-882064a8b2ed ] Request (VersionsTest:tearDownClass): 204 DELETE http://10.13.3.250:35357/v3/projects/212077f1527f4968a5d7d5e6a39aab11 0.099s[00m
2020-10-28 13:44:40.204 4171 INFO tempest.lib.common.rest_client [req-26ceb273-37c3-41ee-a923-fcd153742ecb ] Request (ServersTestJSON:setUpClass): 200 PUT http://10.13.3.192:9696/v2.0/floatingips/e13d0be4-087a-4c5b-8806-73670fc2766b 0.798s[00m
2020-10-28 13:44:40.330 4171 INFO tempest.lib.common.rest_client [req-ee9409d3-23a7-49e0-b941-f0ab3359437e ] Request (ServersTestJSON:setUpClass): 200 GET http://10.13.3.195:8774/v2.1/servers/074d8e02-f2e9-4e44-bd23-bf3c2ef0096a 0.124s[00m
2020-10-28 13:44:40.344 4169 INFO tempest.lib.common.rest_client [req-9cd2490d-b61b-4d86-98bc-d347cd4401c7 ] Request (VolumesGetTest:setUpClass): 201 POST http://10.13.3.250:5000/v3/auth/tokens 0.281s[00m
2020-10-28 13:44:40.451 4171 INFO tempest.lib.common.rest_client [req-e4d308d3-74cb-4bd8-9969-e212cf2b6299 ] Request (ServersTestJSON:test_list_servers): 200 GET http://10.13.3.195:8774/v2.1/servers 0.114s[00m
{1} tempest.api.compute.servers.test_create_server.ServersTestJSON.test_list_servers [0.118827s] ... ok
{1} tempest.api.compute.servers.test_create_server.ServersTestJSON.test_verify_server_details [0.000698s] ... ok
2020-10-28 13:44:40.569 4171 INFO tempest.lib.common.rest_client [req-025a9a8e-a832-4b5c-af14-39375e9ee09e ] Request (ServersTestJSON:tearDownClass): 204 DELETE http://10.13.3.195:8774/v2.1/servers/074d8e02-f2e9-4e44-bd23-bf3c2ef0096a 0.110s[00m
2020-10-28 13:44:40.608 4169 INFO tempest.lib.common.rest_client [req-509a5bbc-9a1d-4c75-b444-03dca76e1eb4 ] Request (VolumesGetTest:setUpClass): 201 POST http://10.13.3.250:5000/v3/auth/tokens 0.259s[00m
2020-10-28 13:44:40.644 4169 INFO tempest.lib.common.rest_client [req-77b17355-b864-488c-a89d-7a34745df29c ] Request (VolumesGetTest:setUpClass): 200 GET http://10.13.3.250:35357/v3/domains?name=admin_domain 0.035s[00m
2020-10-28 13:44:40.679 4169 INFO tempest.lib.common.rest_client [req-da0d7409-7a64-4d79-9b13-ab3fd6890430 ] Request (VolumesGetTest:setUpClass): 201 POST http://10.13.3.250:35357/v3/projects 0.035s[00m
2020-10-28 13:44:40.686 4171 INFO tempest.lib.common.rest_client [req-b6b4e481-8a8a-4b26-86d2-bb360966a5aa ] Request (ServersTestJSON:tearDownClass): 200 GET http://10.13.3.195:8774/v2.1/servers/074d8e02-f2e9-4e44-bd23-bf3c2ef0096a 0.115s[00m
2020-10-28 13:44:40.946 4169 INFO tempest.lib.common.rest_client [req-6273c0ab-b698-468c-a23e-587b59ad9ed4 ] Request (VolumesGetTest:setUpClass): 201 POST http://10.13.3.250:35357/v3/users 0.266s[00m
2020-10-28 13:44:40.965 4169 INFO tempest.lib.common.rest_client [req-59b07721-11dd-42e6-90b1-27966e9b6429 ] Request (VolumesGetTest:setUpClass): 200 GET http://10.13.3.250:35357/v3/roles 0.018s[00m
2020-10-28 13:44:40.987 4169 INFO tempest.lib.common.rest_client [req-2e6a28bb-4b83-486d-92bf-1307f283e36f ] Request (VolumesGetTest:setUpClass): 200 GET http://10.13.3.250:35357/v3/roles 0.022s[00m
2020-10-28 13:44:41.018 4169 INFO tempest.lib.common.rest_client [req-967055da-e181-4c72-b2ce-30bcf6baf88c ] Request (VolumesGetTest:setUpClass): 204 PUT http://10.13.3.250:35357/v3/projects/c83318dae1c94a2a83f08c768ea17e74/users/a51d684f352b4e0493d69f00bed50e48/roles/639bc00bafb04403aa590b2815c71db4 0.029s[00m
2020-10-28 13:44:41.018 4169 INFO tempest.lib.common.dynamic_creds [-] Acquired dynamic creds:
 credentials: Credentials: {'domain_id': '2c685f1bdbd54ce9aa047dfa3f556f8e', 'domain_name': 'admin_domain', 'username': 'tempest-VolumesGetTest-395430295', 'project_domain_id': '2c685f1bdbd54ce9aa047dfa3f556f8e', 'project_domain_name': 'admin_domain', 'project_id': 'c83318dae1c94a2a83f08c768ea17e74', 'project_name': 'tempest-VolumesGetTest-395430295', 'tenant_id': 'c83318dae1c94a2a83f08c768ea17e74', 'tenant_name': 'tempest-VolumesGetTest-395430295', 'user_domain_id': '2c685f1bdbd54ce9aa047dfa3f556f8e', 'user_domain_name': 'admin_domain', 'user_id': 'a51d684f352b4e0493d69f00bed50e48'}, Network: None, Subnet: None, Router: None[00m
2020-10-28 13:44:41.018 4169 INFO tempest.lib.common.dynamic_creds [-] Created isolated network resources for:
 credentials: Credentials: {'domain_id': '2c685f1bdbd54ce9aa047dfa3f556f8e', 'domain_name': 'admin_domain', 'username': 'tempest-VolumesGetTest-395430295', 'project_domain_id': '2c685f1bdbd54ce9aa047dfa3f556f8e', 'project_domain_name': 'admin_domain', 'project_id': 'c83318dae1c94a2a83f08c768ea17e74', 'project_name': 'tempest-VolumesGetTest-395430295', 'tenant_id': 'c83318dae1c94a2a83f08c768ea17e74', 'tenant_name': 'tempest-VolumesGetTest-395430295', 'user_domain_id': '2c685f1bdbd54ce9aa047dfa3f556f8e', 'user_domain_name': 'admin_domain', 'user_id': 'a51d684f352b4e0493d69f00bed50e48'}, Network: None, Subnet: None, Router: None[00m
2020-10-28 13:44:41.297 4169 INFO tempest.lib.common.rest_client [req-43fb1b4d-e51d-4100-8a5a-cde663184719 ] Request (VolumesGetTest:setUpClass): 201 POST http://10.13.3.250:5000/v3/auth/tokens 0.274s[00m
2020-10-28 13:44:41.596 4169 INFO tempest.lib.common.rest_client [req-cc279798-476e-4f48-aa4b-b1a2dd7d7ba5 ] Request (VolumesGetTest:test_volume_create_get_update_delete): 202 POST http://10.13.3.215:8776/v3/c83318dae1c94a2a83f08c768ea17e74/volumes 0.298s[00m
2020-10-28 13:44:41.645 4169 INFO tempest.lib.common.rest_client [req-5549e44d-c997-4f9a-ab10-84b431244acb ] Request (VolumesGetTest:test_volume_create_get_update_delete): 200 GET http://10.13.3.215:8776/v3/c83318dae1c94a2a83f08c768ea17e74/volumes/6ff1a4a6-e8d4-48c9-9596-c4b760de0ec3 0.044s[00m
2020-10-28 13:44:41.808 4171 INFO tempest.lib.common.rest_client [req-a06986b5-f79d-44e9-8683-d159530a0dee ] Request (ServersTestJSON:tearDownClass): 200 GET http://10.13.3.195:8774/v2.1/servers/074d8e02-f2e9-4e44-bd23-bf3c2ef0096a 0.111s[00m
2020-10-28 13:44:42.694 4169 INFO tempest.lib.common.rest_client [req-1097d6ed-3b94-4bf5-9fc2-fa525b8076cb ] Request (VolumesGetTest:test_volume_create_get_update_delete): 200 GET http://10.13.3.215:8776/v3/c83318dae1c94a2a83f08c768ea17e74/volumes/6ff1a4a6-e8d4-48c9-9596-c4b760de0ec3 0.043s[00m
2020-10-28 13:44:42.699 4169 INFO tempest.common.waiters [-] volume 6ff1a4a6-e8d4-48c9-9596-c4b760de0ec3 reached available after waiting for 1.699449 seconds[00m
2020-10-28 13:44:42.744 4169 INFO tempest.lib.common.rest_client [req-41f76bea-1118-4778-870f-2e279e0584d1 ] Request (VolumesGetTest:test_volume_create_get_update_delete): 200 GET http://10.13.3.215:8776/v3/c83318dae1c94a2a83f08c768ea17e74/volumes/6ff1a4a6-e8d4-48c9-9596-c4b760de0ec3 0.045s[00m
2020-10-28 13:44:42.812 4169 INFO tempest.lib.common.rest_client [req-0a2e0f6a-44df-4f8c-9e8d-b96dd7616bf1 ] Request (VolumesGetTest:test_volume_create_get_update_delete): 200 PUT http://10.13.3.215:8776/v3/c83318dae1c94a2a83f08c768ea17e74/volumes/6ff1a4a6-e8d4-48c9-9596-c4b760de0ec3 0.063s[00m
2020-10-28 13:44:42.861 4171 INFO tempest.lib.common.rest_client [req-66c4e26f-5c56-46b7-9518-5459ab2d1219 ] Request (ServersTestJSON:tearDownClass): 404 GET http://10.13.3.195:8774/v2.1/servers/074d8e02-f2e9-4e44-bd23-bf3c2ef0096a 0.046s[00m
2020-10-28 13:44:42.886 4171 INFO tempest.lib.common.rest_client [req-9345ecd7-4ac8-4692-b3b9-9672fda975df ] Request (ServersTestJSON:tearDownClass): 202 DELETE http://10.13.3.195:8774/v2.1/os-keypairs/tempest-keypair-1158038776 0.024s[00m
2020-10-28 13:44:42.886 4169 INFO tempest.lib.common.rest_client [req-b1cc002f-7af7-4e28-a80e-e071f6cd35e8 ] Request (VolumesGetTest:test_volume_create_get_update_delete): 200 PUT http://10.13.3.215:8776/v3/c83318dae1c94a2a83f08c768ea17e74/volumes/6ff1a4a6-e8d4-48c9-9596-c4b760de0ec3 0.066s[00m
2020-10-28 13:44:42.934 4169 INFO tempest.lib.common.rest_client [req-4de9d242-3f35-49e1-bf97-43086370ae83 ] Request (VolumesGetTest:test_volume_create_get_update_delete): 200 GET http://10.13.3.215:8776/v3/c83318dae1c94a2a83f08c768ea17e74/volumes/6ff1a4a6-e8d4-48c9-9596-c4b760de0ec3 0.041s[00m
2020-10-28 13:44:42.974 4171 INFO tempest.lib.common.rest_client [req-b1887e61-84e2-44ee-b001-91071732e89a ] Request (ServersTestJSON:tearDownClass): 204 DELETE http://10.13.3.192:9696/v2.0/security-groups/ce155e8b-2ad5-429b-a10a-fc7ecb351659 0.087s[00m
2020-10-28 13:44:42.988 4171 INFO tempest.lib.common.rest_client [req-20bac81a-c0a8-4179-b113-38b34fbaf395 ] Request (ServersTestJSON:tearDownClass): 404 GET http://10.13.3.192:9696/v2.0/security-groups/ce155e8b-2ad5-429b-a10a-fc7ecb351659 0.013s[00m
2020-10-28 13:44:43.110 4169 INFO tempest.lib.common.rest_client [req-fdc64df0-0b09-4780-90de-95dfdeba6405 ] Request (VolumesGetTest:test_volume_create_get_update_delete): 202 POST http://10.13.3.215:8776/v3/c83318dae1c94a2a83f08c768ea17e74/volumes 0.165s[00m
2020-10-28 13:44:43.158 4169 INFO tempest.lib.common.rest_client [req-1c702aaa-9ffc-40b3-829e-e55b63898600 ] Request (VolumesGetTest:test_volume_create_get_update_delete): 200 GET http://10.13.3.215:8776/v3/c83318dae1c94a2a83f08c768ea17e74/volumes/31696696-7604-4ead-8980-cd2e1af5ae57 0.042s[00m
2020-10-28 13:44:43.408 4171 INFO tempest.lib.common.rest_client [req-a8618b07-995e-483b-ae28-aa8a6f6d5091 ] Request (ServersTestJSON:tearDownClass): 204 DELETE http://10.13.3.192:9696/v2.0/floatingips/e13d0be4-087a-4c5b-8806-73670fc2766b 0.416s[00m
2020-10-28 13:44:44.214 4169 INFO tempest.lib.common.rest_client [req-b280449f-3ff5-46d9-a66c-4e9eb95b519a ] Request (VolumesGetTest:test_volume_create_get_update_delete): 200 GET http://10.13.3.215:8776/v3/c83318dae1c94a2a83f08c768ea17e74/volumes/31696696-7604-4ead-8980-cd2e1af5ae57 0.049s[00m
2020-10-28 13:44:44.220 4169 INFO tempest.common.waiters [-] volume 31696696-7604-4ead-8980-cd2e1af5ae57 reached available after waiting for 1.220659 seconds[00m
2020-10-28 13:44:44.288 4169 INFO tempest.lib.common.rest_client [req-c87cd180-da9f-4826-8eab-3456235f48fb ] Request (VolumesGetTest:test_volume_create_get_update_delete): 200 PUT http://10.13.3.215:8776/v3/c83318dae1c94a2a83f08c768ea17e74/volumes/31696696-7604-4ead-8980-cd2e1af5ae57 0.066s[00m
2020-10-28 13:44:44.339 4169 INFO tempest.lib.common.rest_client [req-c81521ed-7cce-4a1b-a681-949d644b5d5f ] Request (VolumesGetTest:_run_cleanups): 202 DELETE http://10.13.3.215:8776/v3/c83318dae1c94a2a83f08c768ea17e74/volumes/31696696-7604-4ead-8980-cd2e1af5ae57 0.044s[00m
2020-10-28 13:44:44.383 4169 INFO tempest.lib.common.rest_client [req-ec98ff6c-077d-4c26-983f-fcaf78e95799 ] Request (VolumesGetTest:_run_cleanups): 200 GET http://10.13.3.215:8776/v3/c83318dae1c94a2a83f08c768ea17e74/volumes/31696696-7604-4ead-8980-cd2e1af5ae57 0.041s[00m
2020-10-28 13:44:44.609 4171 INFO tempest.lib.common.rest_client [req-009ccbd9-ef26-456c-8d4d-7e3e66647aa4 ] Request (ServersTestJSON:tearDownClass): 200 PUT http://10.13.3.192:9696/v2.0/routers/b34def8b-196e-409d-a0f0-3c89dcff0922/remove_router_interface 1.199s[00m
2020-10-28 13:44:45.255 4171 INFO tempest.lib.common.rest_client [req-7b657a86-daad-4fd9-9c1d-728d845f9c04 ] Request (ServersTestJSON:tearDownClass): 204 DELETE http://10.13.3.192:9696/v2.0/routers/b34def8b-196e-409d-a0f0-3c89dcff0922 0.643s[00m
2020-10-28 13:44:45.420 4169 INFO tempest.lib.common.rest_client [req-ea7c7ef9-eb30-42d3-9ad4-725ff790540d ] Request (VolumesGetTest:_run_cleanups): 404 GET http://10.13.3.215:8776/v3/c83318dae1c94a2a83f08c768ea17e74/volumes/31696696-7604-4ead-8980-cd2e1af5ae57 0.030s[00m
2020-10-28 13:44:45.470 4169 INFO tempest.lib.common.rest_client [req-0718ea87-b4c8-4d2e-8fd4-151bae642c3f ] Request (VolumesGetTest:_run_cleanups): 202 DELETE http://10.13.3.215:8776/v3/c83318dae1c94a2a83f08c768ea17e74/volumes/6ff1a4a6-e8d4-48c9-9596-c4b760de0ec3 0.047s[00m
2020-10-28 13:44:45.517 4169 INFO tempest.lib.common.rest_client [req-22bd8502-1675-4cef-8f7f-7d9d02043ecb ] Request (VolumesGetTest:_run_cleanups): 200 GET http://10.13.3.215:8776/v3/c83318dae1c94a2a83f08c768ea17e74/volumes/6ff1a4a6-e8d4-48c9-9596-c4b760de0ec3 0.044s[00m
2020-10-28 13:44:45.525 4171 INFO tempest.lib.common.rest_client [req-abd6dc2d-6d0a-4f4e-bd5f-64daa87c20ce ] Request (ServersTestJSON:tearDownClass): 204 DELETE http://10.13.3.192:9696/v2.0/subnets/9a03a581-209b-4635-861c-f7da94081865 0.268s[00m
2020-10-28 13:44:46.126 4171 INFO tempest.lib.common.rest_client [req-0b006d76-4fb2-4674-b393-09738d4ca601 ] Request (ServersTestJSON:tearDownClass): 204 DELETE http://10.13.3.192:9696/v2.0/networks/d3023e7a-ee7a-4bc2-8a3a-5f6edcc5c9d4 0.599s[00m
2020-10-28 13:44:46.203 4171 INFO tempest.lib.common.rest_client [req-e18cd42d-a9ee-48e1-8c0b-2c93ccd57498 ] Request (ServersTestJSON:tearDownClass): 204 DELETE http://10.13.3.250:35357/v3/users/681c52fcd3894ce4a8bfde01f93891e6 0.075s[00m
2020-10-28 13:44:46.233 4171 INFO tempest.lib.common.rest_client [req-3d8030cd-e62d-4754-a5c3-92062c1eb186 ] Request (ServersTestJSON:tearDownClass): 200 GET http://10.13.3.192:9696/v2.0/security-groups?tenant_id=a629d25ef8864ac59a7f52d58328e70b&name=default 0.028s[00m
2020-10-28 13:44:46.351 4171 INFO tempest.lib.common.rest_client [req-e238c93d-f059-4230-98c2-7540da7787fb ] Request (ServersTestJSON:tearDownClass): 204 DELETE http://10.13.3.192:9696/v2.0/security-groups/8e532096-a19f-4507-978f-0b4cedbb697d 0.114s[00m
2020-10-28 13:44:46.422 4171 INFO tempest.lib.common.rest_client [req-7aed6532-50ff-4c3c-b420-c460a290bf67 ] Request (ServersTestJSON:tearDownClass): 204 DELETE http://10.13.3.250:35357/v3/projects/a629d25ef8864ac59a7f52d58328e70b 0.070s[00m
2020-10-28 13:44:46.556 4169 INFO tempest.lib.common.rest_client [req-08e642a3-f38c-4665-b335-fd166e035f23 ] Request (VolumesGetTest:_run_cleanups): 404 GET http://10.13.3.215:8776/v3/c83318dae1c94a2a83f08c768ea17e74/volumes/6ff1a4a6-e8d4-48c9-9596-c4b760de0ec3 0.029s[00m
{0} tempest.api.volume.test_volumes_get.VolumesGetTest.test_volume_create_get_update_delete [5.261317s] ... ok
2020-10-28 13:44:46.686 4171 INFO tempest.lib.common.rest_client [req-18144f99-daf2-4205-b0a5-83f0b4932cda ] Request (ServerActionsTestJSON:setUpClass): 201 POST http://10.13.3.250:5000/v3/auth/tokens 0.261s[00m
2020-10-28 13:44:46.686 4169 INFO tempest.lib.common.rest_client [req-03c47585-385c-48fa-ba87-7f6b0c1104d9 ] Request (VolumesGetTest:test_volume_create_get_update_delete_from_image): 200 GET http://10.13.3.245:9292/v2/images/e5a67b80-cc7c-4ade-a029-ffc397230c1e 0.124s[00m
2020-10-28 13:44:46.943 4171 INFO tempest.lib.common.rest_client [req-7004514a-7f25-4cf0-aa99-8e3d563991fb ] Request (ServerActionsTestJSON:setUpClass): 201 POST http://10.13.3.250:5000/v3/auth/tokens 0.246s[00m
2020-10-28 13:44:46.966 4171 INFO tempest.lib.common.rest_client [req-fea19748-1c60-4554-a583-cf802611fa79 ] Request (ServerActionsTestJSON:setUpClass): 200 GET http://10.13.3.250:35357/v3/domains?name=admin_domain 0.021s[00m
2020-10-28 13:44:46.973 4169 INFO tempest.lib.common.rest_client [req-c3f64c90-6109-442e-95ab-f75be0569e1f ] Request (VolumesGetTest:test_volume_create_get_update_delete_from_image): 202 POST http://10.13.3.215:8776/v3/c83318dae1c94a2a83f08c768ea17e74/volumes 0.282s[00m
2020-10-28 13:44:46.993 4171 INFO tempest.lib.common.rest_client [req-aadfd0a1-4865-493c-99d9-dc861150669a ] Request (ServerActionsTestJSON:setUpClass): 201 POST http://10.13.3.250:35357/v3/projects 0.025s[00m
2020-10-28 13:44:47.022 4169 INFO tempest.lib.common.rest_client [req-2dfecd7d-78a4-40d9-8d15-cb868cb31656 ] Request (VolumesGetTest:test_volume_create_get_update_delete_from_image): 200 GET http://10.13.3.215:8776/v3/c83318dae1c94a2a83f08c768ea17e74/volumes/10b9fc2b-deac-41b4-897b-5fc6c5f0c4bb 0.043s[00m
2020-10-28 13:44:47.248 4171 INFO tempest.lib.common.rest_client [req-59a4b9f5-35ef-4984-8357-404cea8037a5 ] Request (ServerActionsTestJSON:setUpClass): 201 POST http://10.13.3.250:35357/v3/users 0.252s[00m
2020-10-28 13:44:47.268 4171 INFO tempest.lib.common.rest_client [req-29e7634b-9aea-4572-8339-c12f2282ae93 ] Request (ServerActionsTestJSON:setUpClass): 200 GET http://10.13.3.250:35357/v3/roles 0.018s[00m
2020-10-28 13:44:47.290 4171 INFO tempest.lib.common.rest_client [req-d92db511-b907-43c0-ac42-84b7fc14dd9c ] Request (ServerActionsTestJSON:setUpClass): 200 GET http://10.13.3.250:35357/v3/roles 0.019s[00m
2020-10-28 13:44:47.327 4171 INFO tempest.lib.common.rest_client [req-01d37865-540b-4945-b917-d3c471c340a3 ] Request (ServerActionsTestJSON:setUpClass): 204 PUT http://10.13.3.250:35357/v3/projects/eb41b51649414a0697597c5a4a795b9a/users/af0f20a281c1491ebd1c44cec00f666e/roles/639bc00bafb04403aa590b2815c71db4 0.036s[00m
2020-10-28 13:44:47.327 4171 INFO tempest.lib.common.dynamic_creds [-] Acquired dynamic creds:
 credentials: Credentials: {'domain_id': '2c685f1bdbd54ce9aa047dfa3f556f8e', 'domain_name': 'admin_domain', 'username': 'tempest-ServerActionsTestJSON-773973334', 'project_domain_id': '2c685f1bdbd54ce9aa047dfa3f556f8e', 'project_domain_name': 'admin_domain', 'project_id': 'eb41b51649414a0697597c5a4a795b9a', 'project_name': 'tempest-ServerActionsTestJSON-773973334', 'tenant_id': 'eb41b51649414a0697597c5a4a795b9a', 'tenant_name': 'tempest-ServerActionsTestJSON-773973334', 'user_domain_id': '2c685f1bdbd54ce9aa047dfa3f556f8e', 'user_domain_name': 'admin_domain', 'user_id': 'af0f20a281c1491ebd1c44cec00f666e'}, Network: None, Subnet: None, Router: None[00m
2020-10-28 13:44:47.595 4171 INFO tempest.lib.common.rest_client [req-3508c3e8-e369-4621-9834-883dda159971 ] Request (ServerActionsTestJSON:setUpClass): 201 POST http://10.13.3.250:5000/v3/auth/tokens 0.267s[00m
2020-10-28 13:44:47.867 4171 INFO tempest.lib.common.rest_client [req-b88b7467-b9c4-4ea6-b8f4-7d85a4752e9a ] Request (ServerActionsTestJSON:setUpClass): 201 POST http://10.13.3.192:9696/v2.0/networks 0.272s[00m
2020-10-28 13:44:48.082 4169 INFO tempest.lib.common.rest_client [req-70c7b5e9-f9e6-46e2-9c7c-39b3bbec3d14 ] Request (VolumesGetTest:test_volume_create_get_update_delete_from_image): 200 GET http://10.13.3.215:8776/v3/c83318dae1c94a2a83f08c768ea17e74/volumes/10b9fc2b-deac-41b4-897b-5fc6c5f0c4bb 0.053s[00m
2020-10-28 13:44:48.426 4171 INFO tempest.lib.common.rest_client [req-3088eda1-6b5f-45d1-913d-28bea222ad37 ] Request (ServerActionsTestJSON:setUpClass): 201 POST http://10.13.3.192:9696/v2.0/subnets 0.557s[00m
2020-10-28 13:44:49.140 4169 INFO tempest.lib.common.rest_client [req-71259fd1-f869-4d1a-a886-719c44638347 ] Request (VolumesGetTest:test_volume_create_get_update_delete_from_image): 200 GET http://10.13.3.215:8776/v3/c83318dae1c94a2a83f08c768ea17e74/volumes/10b9fc2b-deac-41b4-897b-5fc6c5f0c4bb 0.049s[00m
2020-10-28 13:44:49.314 4171 INFO tempest.lib.common.rest_client [req-7f15d9b4-c6f1-4947-93ee-19520a29cd4c ] Request (ServerActionsTestJSON:setUpClass): 201 POST http://10.13.3.192:9696/v2.0/routers 0.887s[00m
2020-10-28 13:44:50.242 4169 INFO tempest.lib.common.rest_client [req-6af69869-b074-452c-8e66-187946bcce03 ] Request (VolumesGetTest:test_volume_create_get_update_delete_from_image): 200 GET http://10.13.3.215:8776/v3/c83318dae1c94a2a83f08c768ea17e74/volumes/10b9fc2b-deac-41b4-897b-5fc6c5f0c4bb 0.095s[00m
