2020-10-28 13:25:10.126 3175 INFO tempest.lib.common.rest_client [req-05e69a5b-bf0a-42e4-b31f-0ff21068a77d ] Request (PoliciesTestJSON:test_create_update_delete_policy): 201 POST http://10.13.3.250:5000/v3/auth/tokens 0.258s[00m
2020-10-28 13:25:10.299 3178 INFO tempest.lib.common.rest_client [req-0428b12a-9074-49b6-838e-1b84ac46a019 ] Request (FloatingIPTestJSON:setUpClass): 201 POST http://10.13.3.250:35357/v3/users 0.256s[00m
2020-10-28 13:25:10.315 3175 INFO tempest.lib.common.rest_client [req-f6cf9607-ac4d-4b2c-8196-1065934968fc ] Request (PoliciesTestJSON:test_create_update_delete_policy): 201 POST http://10.13.3.250:35357/v3/policies 0.189s[00m
2020-10-28 13:25:10.328 3178 INFO tempest.lib.common.rest_client [req-a081fa3a-c179-4ff1-9926-d90e3b1d2fc4 ] Request (FloatingIPTestJSON:setUpClass): 200 GET http://10.13.3.250:35357/v3/roles 0.027s[00m
2020-10-28 13:25:10.343 3175 INFO tempest.lib.common.rest_client [req-52d155f2-c0de-4991-b4d1-fbed67418e4d ] Request (PoliciesTestJSON:test_create_update_delete_policy): 200 PATCH http://10.13.3.250:35357/v3/policies/b169673cbfe242a3b081f23fb1ad976f 0.023s[00m
2020-10-28 13:25:10.355 3178 INFO tempest.lib.common.rest_client [req-cf0c62df-5d27-430c-9abf-3bdcf3d637b4 ] Request (FloatingIPTestJSON:setUpClass): 200 GET http://10.13.3.250:35357/v3/roles 0.024s[00m
2020-10-28 13:25:10.366 3175 INFO tempest.lib.common.rest_client [req-8f88ee3f-dc40-4be3-a002-c7aa1d767d1a ] Request (PoliciesTestJSON:test_create_update_delete_policy): 200 GET http://10.13.3.250:35357/v3/policies/b169673cbfe242a3b081f23fb1ad976f 0.021s[00m
2020-10-28 13:25:10.393 3178 INFO tempest.lib.common.rest_client [req-13440f3c-dc00-412c-88d0-c36eb178ad18 ] Request (FloatingIPTestJSON:setUpClass): 204 PUT http://10.13.3.250:35357/v3/projects/86d6883f7ac94a7fa6f6d432bdacd743/users/3c59520b7b5e4b40b75cc7bfb915bd66/roles/639bc00bafb04403aa590b2815c71db4 0.036s[00m
2020-10-28 13:25:10.395 3178 INFO tempest.lib.common.dynamic_creds [-] Acquired dynamic creds:
 credentials: Credentials: {'domain_id': '2c685f1bdbd54ce9aa047dfa3f556f8e', 'domain_name': 'admin_domain', 'username': 'tempest-FloatingIPTestJSON-2043602373', 'project_domain_id': '2c685f1bdbd54ce9aa047dfa3f556f8e', 'project_domain_name': 'admin_domain', 'project_id': '86d6883f7ac94a7fa6f6d432bdacd743', 'project_name': 'tempest-FloatingIPTestJSON-2043602373', 'tenant_id': '86d6883f7ac94a7fa6f6d432bdacd743', 'tenant_name': 'tempest-FloatingIPTestJSON-2043602373', 'user_domain_id': '2c685f1bdbd54ce9aa047dfa3f556f8e', 'user_domain_name': 'admin_domain', 'user_id': '3c59520b7b5e4b40b75cc7bfb915bd66'}, Network: None, Subnet: None, Router: None[00m
2020-10-28 13:25:10.402 3178 INFO tempest.lib.common.dynamic_creds [-] Created isolated network resources for:
 credentials: Credentials: {'domain_id': '2c685f1bdbd54ce9aa047dfa3f556f8e', 'domain_name': 'admin_domain', 'username': 'tempest-FloatingIPTestJSON-2043602373', 'project_domain_id': '2c685f1bdbd54ce9aa047dfa3f556f8e', 'project_domain_name': 'admin_domain', 'project_id': '86d6883f7ac94a7fa6f6d432bdacd743', 'project_name': 'tempest-FloatingIPTestJSON-2043602373', 'tenant_id': '86d6883f7ac94a7fa6f6d432bdacd743', 'tenant_name': 'tempest-FloatingIPTestJSON-2043602373', 'user_domain_id': '2c685f1bdbd54ce9aa047dfa3f556f8e', 'user_domain_name': 'admin_domain', 'user_id': '3c59520b7b5e4b40b75cc7bfb915bd66'}, Network: None, Subnet: None, Router: None[00m
2020-10-28 13:25:10.419 3175 INFO tempest.lib.common.rest_client [req-a11d27a9-600b-4e02-b6fe-184e212b41e2 ] Request (PoliciesTestJSON:_run_cleanups): 204 DELETE http://10.13.3.250:35357/v3/policies/b169673cbfe242a3b081f23fb1ad976f 0.051s[00m
{0} tempest.api.identity.admin.v3.test_policies.PoliciesTestJSON.test_create_update_delete_policy [0.552159s] ... ok
2020-10-28 13:25:10.507 3175 INFO tempest.lib.common.rest_client [req-36bb9f9e-0a4c-4db7-95c9-15722e469548 ] Request (PoliciesTestJSON:tearDownClass): 204 DELETE http://10.13.3.250:35357/v3/users/c37b93b080ba4329bc66141014359787 0.086s[00m
2020-10-28 13:25:10.733 3178 INFO tempest.lib.common.rest_client [req-5235ffc8-d5ca-4e2d-a70c-20393c961a5b ] Request (FloatingIPTestJSON:setUpClass): 201 POST http://10.13.3.250:5000/v3/auth/tokens 0.326s[00m
2020-10-28 13:25:10.772 3175 INFO tempest.lib.common.rest_client [req-71db3623-bbf9-4a02-807a-1c11afdcd867 ] Request (PoliciesTestJSON:tearDownClass): 201 POST http://10.13.3.250:5000/v3/auth/tokens 0.263s[00m
2020-10-28 13:25:10.893 3175 INFO tempest.lib.common.rest_client [req-5efefa9b-9aeb-47e5-99b2-c786d749d4f1 ] Request (PoliciesTestJSON:tearDownClass): 200 GET http://10.13.3.192:9696/v2.0/security-groups?tenant_id=8d8625752dda4fbfbbec97a4ba3e09f8&name=default 0.115s[00m
2020-10-28 13:25:10.967 3178 INFO tempest.lib.common.rest_client [req-46f98c3f-b4e8-47f4-b1ad-20bbb013a13e ] Request (FloatingIPTestJSON:setUpClass): 201 POST http://10.13.3.192:9696/v2.0/networks 0.232s[00m
2020-10-28 13:25:11.025 3175 INFO tempest.lib.common.rest_client [req-f9436c50-4fc4-45c4-bc4d-66f0291d3146 ] Request (PoliciesTestJSON:tearDownClass): 204 DELETE http://10.13.3.192:9696/v2.0/security-groups/481c403d-29c3-4e36-b84e-15d4c87b4b9c 0.126s[00m
2020-10-28 13:25:11.108 3175 INFO tempest.lib.common.rest_client [req-3168a310-86f1-40b7-8c1e-a01a19b389c7 ] Request (PoliciesTestJSON:tearDownClass): 204 DELETE http://10.13.3.250:35357/v3/projects/8d8625752dda4fbfbbec97a4ba3e09f8 0.078s[00m
2020-10-28 13:25:11.179 3175 INFO tempest.lib.common.rest_client [req-e0382b5f-f8e8-4a3b-aa2a-0751aa2d8b0f ] Request (PoliciesTestJSON:tearDownClass): 204 DELETE http://10.13.3.250:35357/v3/users/24d2a08a8ad0431eb488279c8b977f33 0.071s[00m
2020-10-28 13:25:11.258 3175 INFO tempest.lib.common.rest_client [req-6f7b07b7-28fc-4f98-bf50-ede0077b0795 ] Request (PoliciesTestJSON:tearDownClass): 200 GET http://10.13.3.192:9696/v2.0/security-groups?tenant_id=0bc051e855884296add25135c639c251&name=default 0.078s[00m
2020-10-28 13:25:11.339 3175 INFO tempest.lib.common.rest_client [req-96f7a2e1-7647-4c8a-a07b-14456502f3f0 ] Request (PoliciesTestJSON:tearDownClass): 204 DELETE http://10.13.3.192:9696/v2.0/security-groups/f584e63d-6029-419a-9150-470088fc25f2 0.081s[00m
2020-10-28 13:25:11.377 3178 INFO tempest.lib.common.rest_client [req-9f2fdabd-29a4-45aa-891b-c9839681e0ed ] Request (FloatingIPTestJSON:setUpClass): 201 POST http://10.13.3.192:9696/v2.0/subnets 0.406s[00m
2020-10-28 13:25:11.412 3175 INFO tempest.lib.common.rest_client [req-41092e30-3026-4334-bfd0-a6ab7d3b1b02 ] Request (PoliciesTestJSON:tearDownClass): 204 DELETE http://10.13.3.250:35357/v3/projects/0bc051e855884296add25135c639c251 0.070s[00m
2020-10-28 13:25:11.679 3175 INFO tempest.lib.common.rest_client [req-4107721f-79e6-437a-a0f8-354f47f4ae04 ] Request (RolesV3TestJSON:setUpClass): 201 POST http://10.13.3.250:5000/v3/auth/tokens 0.264s[00m
2020-10-28 13:25:11.937 3175 INFO tempest.lib.common.rest_client [req-cc8c654b-32ae-4a8b-b60a-8f71f1772f28 ] Request (RolesV3TestJSON:setUpClass): 201 POST http://10.13.3.250:5000/v3/auth/tokens 0.252s[00m
2020-10-28 13:25:11.965 3175 INFO tempest.lib.common.rest_client [req-cbb0150a-402b-4b93-b34a-53886c0f4cd8 ] Request (RolesV3TestJSON:setUpClass): 200 GET http://10.13.3.250:35357/v3/domains?name=admin_domain 0.026s[00m
2020-10-28 13:25:11.999 3175 INFO tempest.lib.common.rest_client [req-d3eec3a4-a449-40b2-8140-0ed07948d126 ] Request (RolesV3TestJSON:setUpClass): 201 POST http://10.13.3.250:35357/v3/projects 0.032s[00m
2020-10-28 13:25:12.091 3178 INFO tempest.lib.common.rest_client [req-957cdcf0-8256-4b97-bf45-0c2da1b998fb ] Request (FloatingIPTestJSON:setUpClass): 201 POST http://10.13.3.192:9696/v2.0/routers 0.713s[00m
2020-10-28 13:25:12.249 3175 INFO tempest.lib.common.rest_client [req-46fcf33a-a527-489a-ae44-1a4d12270465 ] Request (RolesV3TestJSON:setUpClass): 201 POST http://10.13.3.250:35357/v3/users 0.247s[00m
2020-10-28 13:25:12.267 3175 INFO tempest.lib.common.rest_client [req-aed84aeb-adca-45c8-9d29-59471abc3ffe ] Request (RolesV3TestJSON:setUpClass): 200 GET http://10.13.3.250:35357/v3/roles 0.017s[00m
2020-10-28 13:25:12.285 3175 INFO tempest.lib.common.rest_client [req-068df93c-086e-41ea-a9e9-470279015b9d ] Request (RolesV3TestJSON:setUpClass): 200 GET http://10.13.3.250:35357/v3/roles 0.017s[00m
2020-10-28 13:25:12.320 3175 INFO tempest.lib.common.rest_client [req-b2a76807-1ed3-471f-807a-4a8aca854359 ] Request (RolesV3TestJSON:setUpClass): 204 PUT http://10.13.3.250:35357/v3/projects/afa8832d36194ed89c7db7e99de4097f/users/17df2620a9fe41aaa0153838c26af4fb/roles/639bc00bafb04403aa590b2815c71db4 0.034s[00m
2020-10-28 13:25:12.321 3175 INFO tempest.lib.common.dynamic_creds [-] Acquired dynamic creds:
 credentials: Credentials: {'domain_id': '2c685f1bdbd54ce9aa047dfa3f556f8e', 'domain_name': 'admin_domain', 'username': 'tempest-RolesV3TestJSON-1442254849', 'project_domain_id': '2c685f1bdbd54ce9aa047dfa3f556f8e', 'project_domain_name': 'admin_domain', 'project_id': 'afa8832d36194ed89c7db7e99de4097f', 'project_name': 'tempest-RolesV3TestJSON-1442254849', 'tenant_id': 'afa8832d36194ed89c7db7e99de4097f', 'tenant_name': 'tempest-RolesV3TestJSON-1442254849', 'user_domain_id': '2c685f1bdbd54ce9aa047dfa3f556f8e', 'user_domain_name': 'admin_domain', 'user_id': '17df2620a9fe41aaa0153838c26af4fb'}, Network: None, Subnet: None, Router: None[00m
2020-10-28 13:25:12.321 3175 INFO tempest.lib.common.dynamic_creds [-] Created isolated network resources for:
 credentials: Credentials: {'domain_id': '2c685f1bdbd54ce9aa047dfa3f556f8e', 'domain_name': 'admin_domain', 'username': 'tempest-RolesV3TestJSON-1442254849', 'project_domain_id': '2c685f1bdbd54ce9aa047dfa3f556f8e', 'project_domain_name': 'admin_domain', 'project_id': 'afa8832d36194ed89c7db7e99de4097f', 'project_name': 'tempest-RolesV3TestJSON-1442254849', 'tenant_id': 'afa8832d36194ed89c7db7e99de4097f', 'tenant_name': 'tempest-RolesV3TestJSON-1442254849', 'user_domain_id': '2c685f1bdbd54ce9aa047dfa3f556f8e', 'user_domain_name': 'admin_domain', 'user_id': '17df2620a9fe41aaa0153838c26af4fb'}, Network: None, Subnet: None, Router: None[00m
2020-10-28 13:25:12.597 3175 INFO tempest.lib.common.rest_client [req-e5d79cac-3fe2-4069-98de-cd8fc4e9eca4 ] Request (RolesV3TestJSON:setUpClass): 201 POST http://10.13.3.250:5000/v3/auth/tokens 0.270s[00m
2020-10-28 13:25:12.639 3175 INFO tempest.lib.common.rest_client [req-352daf16-738e-4a99-8a31-14e953a1c78f ] Request (RolesV3TestJSON:setUpClass): 201 POST http://10.13.3.250:35357/v3/projects 0.041s[00m
2020-10-28 13:25:12.890 3175 INFO tempest.lib.common.rest_client [req-6341c4d0-4029-4708-8a19-d55c49418ad5 ] Request (RolesV3TestJSON:setUpClass): 201 POST http://10.13.3.250:35357/v3/users 0.250s[00m
2020-10-28 13:25:12.908 3175 INFO tempest.lib.common.rest_client [req-7f89d4b5-61c2-42b1-b781-d99e3cc4a5a6 ] Request (RolesV3TestJSON:setUpClass): 200 GET http://10.13.3.250:35357/v3/roles 0.018s[00m
2020-10-28 13:25:12.939 3175 INFO tempest.lib.common.rest_client [req-347e976c-59c3-4da0-983f-8d2741aec195 ] Request (RolesV3TestJSON:setUpClass): 204 PUT http://10.13.3.250:35357/v3/projects/caf714164bfd403792ab97cd9fdcdb68/users/418c441f707349ec9ba985f91089e143/roles/3576053d19e24a6abe03bcbd1449a01f 0.030s[00m
2020-10-28 13:25:12.971 3175 INFO tempest.lib.common.rest_client [req-774ec8b5-c73d-48e1-9603-0760aa720607 ] Request (RolesV3TestJSON:setUpClass): 200 GET http://10.13.3.250:35357/v3/roles 0.031s[00m
2020-10-28 13:25:12.992 3175 INFO tempest.lib.common.rest_client [req-b9503ef9-6982-41af-adf6-ea26c22a2ddf ] Request (RolesV3TestJSON:setUpClass): 204 PUT http://10.13.3.250:35357/v3/domains/2c685f1bdbd54ce9aa047dfa3f556f8e/users/418c441f707349ec9ba985f91089e143/roles/3576053d19e24a6abe03bcbd1449a01f 0.020s[00m
2020-10-28 13:25:12.992 3175 INFO tempest.lib.common.dynamic_creds [-] Acquired dynamic creds:
 credentials: Credentials: {'domain_id': '2c685f1bdbd54ce9aa047dfa3f556f8e', 'domain_name': 'admin_domain', 'username': 'tempest-RolesV3TestJSON-143287601', 'project_domain_id': '2c685f1bdbd54ce9aa047dfa3f556f8e', 'project_domain_name': 'admin_domain', 'project_id': 'caf714164bfd403792ab97cd9fdcdb68', 'project_name': 'tempest-RolesV3TestJSON-143287601', 'tenant_id': 'caf714164bfd403792ab97cd9fdcdb68', 'tenant_name': 'tempest-RolesV3TestJSON-143287601', 'user_domain_id': '2c685f1bdbd54ce9aa047dfa3f556f8e', 'user_domain_name': 'admin_domain', 'user_id': '418c441f707349ec9ba985f91089e143'}, Network: None, Subnet: None, Router: None[00m
2020-10-28 13:25:12.992 3175 INFO tempest.lib.common.dynamic_creds [-] Created isolated network resources for:
 credentials: Credentials: {'domain_id': '2c685f1bdbd54ce9aa047dfa3f556f8e', 'domain_name': 'admin_domain', 'username': 'tempest-RolesV3TestJSON-143287601', 'project_domain_id': '2c685f1bdbd54ce9aa047dfa3f556f8e', 'project_domain_name': 'admin_domain', 'project_id': 'caf714164bfd403792ab97cd9fdcdb68', 'project_name': 'tempest-RolesV3TestJSON-143287601', 'tenant_id': 'caf714164bfd403792ab97cd9fdcdb68', 'tenant_name': 'tempest-RolesV3TestJSON-143287601', 'user_domain_id': '2c685f1bdbd54ce9aa047dfa3f556f8e', 'user_domain_name': 'admin_domain', 'user_id': '418c441f707349ec9ba985f91089e143'}, Network: None, Subnet: None, Router: None[00m
2020-10-28 13:25:13.278 3175 INFO tempest.lib.common.rest_client [req-09465337-3224-428b-ac81-eaf2cc41623c ] Request (RolesV3TestJSON:setUpClass): 201 POST http://10.13.3.250:5000/v3/auth/tokens 0.279s[00m
2020-10-28 13:25:13.318 3178 INFO tempest.lib.common.rest_client [req-378e5460-c04b-499e-a44c-9aba600791ab ] Request (FloatingIPTestJSON:setUpClass): 200 PUT http://10.13.3.192:9696/v2.0/routers/b20f8182-5042-4e64-9d48-aaff31b17dda/add_router_interface 1.226s[00m
2020-10-28 13:25:13.527 3175 INFO tempest.lib.common.rest_client [req-d1ada6ca-7c3b-4340-abe8-6e443dc1a79b ] Request (RolesV3TestJSON:setUpClass): 201 POST http://10.13.3.250:5000/v3/auth/tokens 0.248s[00m
2020-10-28 13:25:13.552 3175 INFO tempest.lib.common.rest_client [req-ddef8756-c8cd-4b83-84d0-5a384dfb222f ] Request (RolesV3TestJSON:setUpClass): 201 POST http://10.13.3.250:35357/v3/roles 0.024s[00m
2020-10-28 13:25:13.572 3175 INFO tempest.lib.common.rest_client [req-a22b1528-9e51-4d68-aabb-0bbd36ebd774 ] Request (RolesV3TestJSON:setUpClass): 201 POST http://10.13.3.250:35357/v3/roles 0.019s[00m
2020-10-28 13:25:13.596 3175 INFO tempest.lib.common.rest_client [req-423bb324-85d5-43e6-8066-424d045c5db1 ] Request (RolesV3TestJSON:setUpClass): 201 POST http://10.13.3.250:35357/v3/roles 0.019s[00m
2020-10-28 13:25:13.617 3175 INFO tempest.lib.common.rest_client [req-2ba36bcf-a2c9-467d-9316-0c1d050cb15f ] Request (RolesV3TestJSON:setUpClass): 201 POST http://10.13.3.250:35357/v3/domains 0.021s[00m
2020-10-28 13:25:13.664 3175 INFO tempest.lib.common.rest_client [req-94460dd6-f492-4ab0-b8df-d668f6a9f3d7 ] Request (RolesV3TestJSON:setUpClass): 201 POST http://10.13.3.250:35357/v3/projects 0.046s[00m
2020-10-28 13:25:13.701 3175 INFO tempest.lib.common.rest_client [req-f46d1fd0-bf7d-417e-8e1e-49bb5bd07241 ] Request (RolesV3TestJSON:setUpClass): 201 POST http://10.13.3.250:35357/v3/groups 0.036s[00m
2020-10-28 13:25:13.738 3178 INFO tempest.lib.common.rest_client [req-4ea88c93-3112-4258-9e90-8ab4bc5bb709 ] Request (FloatingIPTestJSON:setUpClass): 201 POST http://10.13.3.192:9696/v2.0/ports 0.420s[00m
2020-10-28 13:25:13.736 3175 INFO tempest.lib.common.rest_client [req-a924483f-cdce-49fe-9244-5f3d89aaeb58 ] Request (RolesV3TestJSON:setUpClass): 201 POST http://10.13.3.250:35357/v3/roles 0.023s[00m
2020-10-28 13:25:13.972 3175 INFO tempest.lib.common.rest_client [req-8911219c-346d-4243-ab03-5671522cb031 ] Request (RolesV3TestJSON:setUpClass): 201 POST http://10.13.3.250:35357/v3/users 0.236s[00m
2020-10-28 13:25:13.995 3175 INFO tempest.lib.common.rest_client [req-05b14778-c87e-48d6-baa5-24be87df6632 ] Request (RolesV3TestJSON:test_role_create_update_show_list): 201 POST http://10.13.3.250:35357/v3/roles 0.021s[00m
2020-10-28 13:25:14.023 3175 INFO tempest.lib.common.rest_client [req-82f06732-ac09-4e68-aa4d-cfdde98190f8 ] Request (RolesV3TestJSON:test_role_create_update_show_list): 200 PATCH http://10.13.3.250:35357/v3/roles/f476d49e98f440818f1dd57f126c0108 0.027s[00m
2020-10-28 13:25:14.049 3175 INFO tempest.lib.common.rest_client [req-d05731c4-db74-4918-b143-4f926b2da0d6 ] Request (RolesV3TestJSON:test_role_create_update_show_list): 200 GET http://10.13.3.250:35357/v3/roles/f476d49e98f440818f1dd57f126c0108 0.020s[00m
2020-10-28 13:25:14.072 3175 INFO tempest.lib.common.rest_client [req-f12b7fc9-7868-4dd3-99ac-9d1bd7bbb2d9 ] Request (RolesV3TestJSON:test_role_create_update_show_list): 200 GET http://10.13.3.250:35357/v3/roles 0.021s[00m
2020-10-28 13:25:14.108 3175 INFO tempest.lib.common.rest_client [req-5cbfffb0-8041-4b3d-95ed-9e88206214ad ] Request (RolesV3TestJSON:_run_cleanups): 204 DELETE http://10.13.3.250:35357/v3/roles/f476d49e98f440818f1dd57f126c0108 0.032s[00m
{0} tempest.api.identity.admin.v3.test_roles.RolesV3TestJSON.test_role_create_update_show_list [0.136863s] ... ok
2020-10-28 13:25:14.150 3178 INFO tempest.lib.common.rest_client [req-c4a45aee-9b95-4a9b-90b6-c5fcc9b3ff19 ] Request (FloatingIPTestJSON:setUpClass): 201 POST http://10.13.3.192:9696/v2.0/ports 0.411s[00m
2020-10-28 13:25:14.190 3175 INFO tempest.lib.common.rest_client [req-927d4abf-d09b-4376-b049-b80d3e1496fa ] Request (RolesV3TestJSON:tearDownClass): 204 DELETE http://10.13.3.250:35357/v3/users/e4e3139e0743481c9f00d35be9e8943c 0.079s[00m
2020-10-28 13:25:14.245 3175 INFO tempest.lib.common.rest_client [req-edf5c1f5-6464-4c72-80e1-09d2b0e50f6f ] Request (RolesV3TestJSON:tearDownClass): 204 DELETE http://10.13.3.250:35357/v3/roles/3bb7a177b08f4848991809d33d75c24c 0.053s[00m
2020-10-28 13:25:14.308 3175 INFO tempest.lib.common.rest_client [req-5c968fb2-f68d-4f00-8ff0-2c0f5774154f ] Request (RolesV3TestJSON:tearDownClass): 204 DELETE http://10.13.3.250:35357/v3/groups/e967a7bd41a14c0284dce8baf79bc318 0.059s[00m
2020-10-28 13:25:14.381 3175 INFO tempest.lib.common.rest_client [req-f14ceb5d-3ed0-410e-9280-171ab69f6a52 ] Request (RolesV3TestJSON:tearDownClass): 204 DELETE http://10.13.3.250:35357/v3/projects/9256543dc611417095eacf1418ad7f5c 0.072s[00m
2020-10-28 13:25:14.436 3175 INFO tempest.lib.common.rest_client [req-fbcf60e0-22c2-4439-955b-4eaaa307ebc6 ] Request (RolesV3TestJSON:tearDownClass): 200 PATCH http://10.13.3.250:35357/v3/domains/f136651eaacc41be9976c010dea2a005 0.052s[00m
2020-10-28 13:25:14.533 3175 INFO tempest.lib.common.rest_client [req-e542c2b5-5317-439d-a6aa-7390c655e8a8 ] Request (RolesV3TestJSON:tearDownClass): 204 DELETE http://10.13.3.250:35357/v3/domains/f136651eaacc41be9976c010dea2a005 0.095s[00m
2020-10-28 13:25:14.579 3175 INFO tempest.lib.common.rest_client [req-8fdf8163-3e5f-4a2d-9724-cb39d6ce7232 ] Request (RolesV3TestJSON:tearDownClass): 204 DELETE http://10.13.3.250:35357/v3/roles/94405dc4ae894014b471c697a402c4b8 0.044s[00m
2020-10-28 13:25:14.626 3175 INFO tempest.lib.common.rest_client [req-4bb496cd-8d7b-444a-abb8-08a01a7342c5 ] Request (RolesV3TestJSON:tearDownClass): 204 DELETE http://10.13.3.250:35357/v3/roles/3be78a04fb094baab82ddd6e638385e5 0.045s[00m
2020-10-28 13:25:14.670 3175 INFO tempest.lib.common.rest_client [req-53bcbd9c-ea4d-4b90-8764-9d0403d2fe58 ] Request (RolesV3TestJSON:tearDownClass): 204 DELETE http://10.13.3.250:35357/v3/roles/7233718a36cf47338c18699deb4ccb6a 0.043s[00m
2020-10-28 13:25:14.742 3175 INFO tempest.lib.common.rest_client [req-0460824c-5165-4309-9e38-b2cd4e100c0e ] Request (RolesV3TestJSON:tearDownClass): 204 DELETE http://10.13.3.250:35357/v3/users/17df2620a9fe41aaa0153838c26af4fb 0.069s[00m
2020-10-28 13:25:15.008 3175 INFO tempest.lib.common.rest_client [req-e15cd743-06fc-4469-ad37-eb2a7eb8c704 ] Request (RolesV3TestJSON:tearDownClass): 201 POST http://10.13.3.250:5000/v3/auth/tokens 0.261s[00m
2020-10-28 13:25:15.203 3175 INFO tempest.lib.common.rest_client [req-01ecd7a7-c353-44a2-8a0f-e12ad56b3796 ] Request (RolesV3TestJSON:tearDownClass): 200 GET http://10.13.3.192:9696/v2.0/security-groups?tenant_id=afa8832d36194ed89c7db7e99de4097f&name=default 0.192s[00m
2020-10-28 13:25:15.365 3175 INFO tempest.lib.common.rest_client [req-3df88531-4c1b-4d7e-b077-144162eaef30 ] Request (RolesV3TestJSON:tearDownClass): 204 DELETE http://10.13.3.192:9696/v2.0/security-groups/5c4b5bca-0e1a-460b-b110-94ab1b4866ec 0.159s[00m
2020-10-28 13:25:15.409 3178 INFO tempest.lib.common.rest_client [req-778983d8-d411-4637-929a-f4f63df956eb ] Request (FloatingIPTestJSON:test_create_floating_ip_specifying_a_fixed_ip_address): 201 POST http://10.13.3.192:9696/v2.0/floatingips 1.257s[00m
2020-10-28 13:25:15.434 3175 INFO tempest.lib.common.rest_client [req-1f75deec-e6fe-4fee-98be-f2d07ea2573e ] Request (RolesV3TestJSON:tearDownClass): 204 DELETE http://10.13.3.250:35357/v3/projects/afa8832d36194ed89c7db7e99de4097f 0.067s[00m
2020-10-28 13:25:15.506 3175 INFO tempest.lib.common.rest_client [req-79fe2b29-cb28-4ca4-914a-a3c55d18efad ] Request (RolesV3TestJSON:tearDownClass): 204 DELETE http://10.13.3.250:35357/v3/users/418c441f707349ec9ba985f91089e143 0.070s[00m
2020-10-28 13:25:15.585 3175 INFO tempest.lib.common.rest_client [req-c66f640e-5863-4f49-8ef7-34af5f7a92ec ] Request (RolesV3TestJSON:tearDownClass): 200 GET http://10.13.3.192:9696/v2.0/security-groups?tenant_id=caf714164bfd403792ab97cd9fdcdb68&name=default 0.077s[00m
2020-10-28 13:25:15.660 3175 INFO tempest.lib.common.rest_client [req-753a0204-65b5-498d-8def-974540ffb989 ] Request (RolesV3TestJSON:tearDownClass): 204 DELETE http://10.13.3.192:9696/v2.0/security-groups/0146a228-1827-4435-9948-82f115e5563c 0.072s[00m
2020-10-28 13:25:15.730 3175 INFO tempest.lib.common.rest_client [req-1f5344e7-7079-4526-8520-1387ced509cf ] Request (RolesV3TestJSON:tearDownClass): 204 DELETE http://10.13.3.250:35357/v3/projects/caf714164bfd403792ab97cd9fdcdb68 0.068s[00m
2020-10-28 13:25:15.809 3178 INFO tempest.lib.common.rest_client [req-3a53287d-4955-444c-80e5-9416e0dd838d ] Request (FloatingIPTestJSON:test_create_floating_ip_specifying_a_fixed_ip_address): 200 PUT http://10.13.3.192:9696/v2.0/floatingips/91c82dac-0f05-4774-b8b2-79cfcca9dfd3 0.398s[00m
2020-10-28 13:25:15.990 3175 INFO tempest.lib.common.rest_client [req-f1885c3f-b67f-42df-a702-59c735be26b1 ] Request (TrustsV3TestJSON:setUpClass): 201 POST http://10.13.3.250:5000/v3/auth/tokens 0.257s[00m
2020-10-28 13:25:16.156 3178 INFO tempest.lib.common.rest_client [req-c8206170-7ce3-4ea6-8854-b74e1d2c9346 ] Request (FloatingIPTestJSON:_run_cleanups): 204 DELETE http://10.13.3.192:9696/v2.0/floatingips/91c82dac-0f05-4774-b8b2-79cfcca9dfd3 0.346s[00m
{1} tempest.api.network.test_floating_ips.FloatingIPTestJSON.test_create_floating_ip_specifying_a_fixed_ip_address [2.005318s] ... ok
2020-10-28 13:25:16.241 3175 INFO tempest.lib.common.rest_client [req-e0eb766f-b146-455b-a517-775dab11c89f ] Request (TrustsV3TestJSON:setUpClass): 201 POST http://10.13.3.250:5000/v3/auth/tokens 0.245s[00m
2020-10-28 13:25:16.262 3175 INFO tempest.lib.common.rest_client [req-19058dfa-c6d9-4bcd-8dc1-11ecab39a633 ] Request (TrustsV3TestJSON:setUpClass): 200 GET http://10.13.3.250:35357/v3/domains?name=admin_domain 0.019s[00m
2020-10-28 13:25:16.296 3175 INFO tempest.lib.common.rest_client [req-5e3968ed-d0ea-47ae-975a-38486af256b4 ] Request (TrustsV3TestJSON:setUpClass): 201 POST http://10.13.3.250:35357/v3/projects 0.031s[00m
2020-10-28 13:25:16.548 3175 INFO tempest.lib.common.rest_client [req-e068f50c-7ea7-44cc-bcad-7b875d0faa2b ] Request (TrustsV3TestJSON:setUpClass): 201 POST http://10.13.3.250:35357/v3/users 0.249s[00m
2020-10-28 13:25:16.569 3175 INFO tempest.lib.common.rest_client [req-dd14f1e6-da43-418e-93bc-1430ee90c52e ] Request (TrustsV3TestJSON:setUpClass): 200 GET http://10.13.3.250:35357/v3/roles 0.019s[00m
2020-10-28 13:25:16.588 3175 INFO tempest.lib.common.rest_client [req-4e09ff09-4a0c-40c7-ad13-1d6aa00ccfeb ] Request (TrustsV3TestJSON:setUpClass): 200 GET http://10.13.3.250:35357/v3/roles 0.017s[00m
2020-10-28 13:25:16.621 3175 INFO tempest.lib.common.rest_client [req-6afa2dc4-4f66-4aaf-838e-b02701520598 ] Request (TrustsV3TestJSON:setUpClass): 204 PUT http://10.13.3.250:35357/v3/projects/f95cd6ec428947d6b29c1a0b8712d586/users/965e627ded4e49bd8d528d168efecf7d/roles/639bc00bafb04403aa590b2815c71db4 0.031s[00m
2020-10-28 13:25:16.623 3175 INFO tempest.lib.common.dynamic_creds [-] Acquired dynamic creds:
 credentials: Credentials: {'domain_id': '2c685f1bdbd54ce9aa047dfa3f556f8e', 'domain_name': 'admin_domain', 'username': 'tempest-TrustsV3TestJSON-1638427576', 'project_domain_id': '2c685f1bdbd54ce9aa047dfa3f556f8e', 'project_domain_name': 'admin_domain', 'project_id': 'f95cd6ec428947d6b29c1a0b8712d586', 'project_name': 'tempest-TrustsV3TestJSON-1638427576', 'tenant_id': 'f95cd6ec428947d6b29c1a0b8712d586', 'tenant_name': 'tempest-TrustsV3TestJSON-1638427576', 'user_domain_id': '2c685f1bdbd54ce9aa047dfa3f556f8e', 'user_domain_name': 'admin_domain', 'user_id': '965e627ded4e49bd8d528d168efecf7d'}, Network: None, Subnet: None, Router: None[00m
2020-10-28 13:25:16.627 3175 INFO tempest.lib.common.dynamic_creds [-] Created isolated network resources for:
 credentials: Credentials: {'domain_id': '2c685f1bdbd54ce9aa047dfa3f556f8e', 'domain_name': 'admin_domain', 'username': 'tempest-TrustsV3TestJSON-1638427576', 'project_domain_id': '2c685f1bdbd54ce9aa047dfa3f556f8e', 'project_domain_name': 'admin_domain', 'project_id': 'f95cd6ec428947d6b29c1a0b8712d586', 'project_name': 'tempest-TrustsV3TestJSON-1638427576', 'tenant_id': 'f95cd6ec428947d6b29c1a0b8712d586', 'tenant_name': 'tempest-TrustsV3TestJSON-1638427576', 'user_domain_id': '2c685f1bdbd54ce9aa047dfa3f556f8e', 'user_domain_name': 'admin_domain', 'user_id': '965e627ded4e49bd8d528d168efecf7d'}, Network: None, Subnet: None, Router: None[00m
2020-10-28 13:25:16.899 3175 INFO tempest.lib.common.rest_client [req-043513de-3c2e-4bfa-9fc1-db2ea14ed516 ] Request (TrustsV3TestJSON:setUpClass): 201 POST http://10.13.3.250:5000/v3/auth/tokens 0.269s[00m
2020-10-28 13:25:16.941 3175 INFO tempest.lib.common.rest_client [req-589b4b09-73ce-41cb-869d-5e604c51aebe ] Request (TrustsV3TestJSON:setUpClass): 201 POST http://10.13.3.250:35357/v3/projects 0.041s[00m
2020-10-28 13:25:17.189 3175 INFO tempest.lib.common.rest_client [req-e4384f5b-767b-4eae-8de2-b3cfc0b7b5b3 ] Request (TrustsV3TestJSON:setUpClass): 201 POST http://10.13.3.250:35357/v3/users 0.247s[00m
2020-10-28 13:25:17.207 3175 INFO tempest.lib.common.rest_client [req-89dd473e-946e-436b-8920-49ad0cf1b24e ] Request (TrustsV3TestJSON:setUpClass): 200 GET http://10.13.3.250:35357/v3/roles 0.017s[00m
2020-10-28 13:25:17.237 3175 INFO tempest.lib.common.rest_client [req-d9687827-b1d2-45fb-922a-10abba5b1e4a ] Request (TrustsV3TestJSON:setUpClass): 204 PUT http://10.13.3.250:35357/v3/projects/108e26e7f3004207bf460cb53b262370/users/d7c64855fa72490094afbd5d996ebe7e/roles/3576053d19e24a6abe03bcbd1449a01f 0.029s[00m
2020-10-28 13:25:17.270 3175 INFO tempest.lib.common.rest_client [req-87e29d0d-69c1-487b-be29-f217e4dccb3e ] Request (TrustsV3TestJSON:setUpClass): 200 GET http://10.13.3.250:35357/v3/roles 0.032s[00m
2020-10-28 13:25:17.296 3175 INFO tempest.lib.common.rest_client [req-31446598-2ff0-4b84-8474-7718d6017716 ] Request (TrustsV3TestJSON:setUpClass): 204 PUT http://10.13.3.250:35357/v3/domains/2c685f1bdbd54ce9aa047dfa3f556f8e/users/d7c64855fa72490094afbd5d996ebe7e/roles/3576053d19e24a6abe03bcbd1449a01f 0.025s[00m
2020-10-28 13:25:17.296 3175 INFO tempest.lib.common.dynamic_creds [-] Acquired dynamic creds:
 credentials: Credentials: {'domain_id': '2c685f1bdbd54ce9aa047dfa3f556f8e', 'domain_name': 'admin_domain', 'username': 'tempest-TrustsV3TestJSON-1027654390', 'project_domain_id': '2c685f1bdbd54ce9aa047dfa3f556f8e', 'project_domain_name': 'admin_domain', 'project_id': '108e26e7f3004207bf460cb53b262370', 'project_name': 'tempest-TrustsV3TestJSON-1027654390', 'tenant_id': '108e26e7f3004207bf460cb53b262370', 'tenant_name': 'tempest-TrustsV3TestJSON-1027654390', 'user_domain_id': '2c685f1bdbd54ce9aa047dfa3f556f8e', 'user_domain_name': 'admin_domain', 'user_id': 'd7c64855fa72490094afbd5d996ebe7e'}, Network: None, Subnet: None, Router: None[00m
2020-10-28 13:25:17.297 3175 INFO tempest.lib.common.dynamic_creds [-] Created isolated network resources for:
 credentials: Credentials: {'domain_id': '2c685f1bdbd54ce9aa047dfa3f556f8e', 'domain_name': 'admin_domain', 'username': 'tempest-TrustsV3TestJSON-1027654390', 'project_domain_id': '2c685f1bdbd54ce9aa047dfa3f556f8e', 'project_domain_name': 'admin_domain', 'project_id': '108e26e7f3004207bf460cb53b262370', 'project_name': 'tempest-TrustsV3TestJSON-1027654390', 'tenant_id': '108e26e7f3004207bf460cb53b262370', 'tenant_name': 'tempest-TrustsV3TestJSON-1027654390', 'user_domain_id': '2c685f1bdbd54ce9aa047dfa3f556f8e', 'user_domain_name': 'admin_domain', 'user_id': 'd7c64855fa72490094afbd5d996ebe7e'}, Network: None, Subnet: None, Router: None[00m
2020-10-28 13:25:17.378 3178 INFO tempest.lib.common.rest_client [req-25fe5a8d-3ed4-4edf-838c-256612ba2b88 ] Request (FloatingIPTestJSON:test_create_list_show_update_delete_floating_ip): 201 POST http://10.13.3.192:9696/v2.0/floatingips 1.220s[00m
2020-10-28 13:25:17.427 3178 INFO tempest.lib.common.rest_client [req-05c0d48c-9994-40d9-9696-f49aee98fec0 ] Request (FloatingIPTestJSON:test_create_list_show_update_delete_floating_ip): 200 GET http://10.13.3.192:9696/v2.0/floatingips/3d371a3f-4327-4a3c-95b3-7c34cafc3191 0.049s[00m
2020-10-28 13:25:17.497 3178 INFO tempest.lib.common.rest_client [req-da21b388-fc16-4e36-9b2b-698caedef4a7 ] Request (FloatingIPTestJSON:test_create_list_show_update_delete_floating_ip): 200 GET http://10.13.3.192:9696/v2.0/floatingips 0.064s[00m
2020-10-28 13:25:17.649 3175 INFO tempest.lib.common.rest_client [req-a38794e9-284c-4c5a-ae1e-e6f5fde82f57 ] Request (TrustsV3TestJSON:setUpClass): 201 POST http://10.13.3.250:5000/v3/auth/tokens 0.279s[00m
2020-10-28 13:25:17.906 3175 INFO tempest.lib.common.rest_client [req-0ba994dc-a313-46f4-be1e-534f73987840 ] Request (TrustsV3TestJSON:setUp): 201 POST http://10.13.3.250:5000/v3/auth/tokens 0.255s[00m
2020-10-28 13:25:17.944 3175 INFO tempest.lib.common.rest_client [req-783506da-9d55-46a7-a844-2fd877dc14d0 ] Request (TrustsV3TestJSON:setUp): 201 POST http://10.13.3.250:35357/v3/projects 0.037s[00m
2020-10-28 13:25:18.199 3175 INFO tempest.lib.common.rest_client [req-ce1d1231-e284-4d57-969c-1025680dbfee ] Request (TrustsV3TestJSON:setUp): 201 POST http://10.13.3.250:35357/v3/users 0.255s[00m
2020-10-28 13:25:18.222 3175 INFO tempest.lib.common.rest_client [req-d4ffc90c-6b92-49a5-8bd9-b0a820e9437c ] Request (TrustsV3TestJSON:setUp): 201 POST http://10.13.3.250:35357/v3/roles 0.022s[00m
2020-10-28 13:25:18.247 3175 INFO tempest.lib.common.rest_client [req-e430fcc8-5af3-4818-87bd-1ca291c8efd7 ] Request (TrustsV3TestJSON:setUp): 201 POST http://10.13.3.250:35357/v3/roles 0.019s[00m
2020-10-28 13:25:18.277 3175 INFO tempest.lib.common.rest_client [req-02554cbb-be55-4268-b467-0f79b0972b34 ] Request (TrustsV3TestJSON:setUp): 204 PUT http://10.13.3.250:35357/v3/projects/ac8300f64ac9498294236b8f8e0d5c74/users/e3699d9cde204795bc37167fb57fec40/roles/76a5f67d8ea845ef87897b256751d6a1 0.029s[00m
2020-10-28 13:25:18.318 3175 INFO tempest.lib.common.rest_client [req-f367222c-88b9-44e5-b0a9-88d2f03b98e2 ] Request (TrustsV3TestJSON:setUp): 204 PUT http://10.13.3.250:35357/v3/projects/ac8300f64ac9498294236b8f8e0d5c74/users/e3699d9cde204795bc37167fb57fec40/roles/54afb7a40d8344fc8620b548a728b412 0.039s[00m
2020-10-28 13:25:18.355 3175 INFO tempest.lib.common.rest_client [req-00c58397-4d3a-43e2-8733-1774aa723533 ] Request (TrustsV3TestJSON:setUp): 200 GET http://10.13.3.250:35357/v3/users 0.037s[00m
2020-10-28 13:25:18.474 3178 INFO tempest.lib.common.rest_client [req-202104f0-009b-427f-860d-77fc1d3c1b04 ] Request (FloatingIPTestJSON:test_create_list_show_update_delete_floating_ip): 200 PUT http://10.13.3.192:9696/v2.0/floatingips/3d371a3f-4327-4a3c-95b3-7c34cafc3191 0.976s[00m
2020-10-28 13:25:18.630 3175 INFO tempest.lib.common.rest_client [req-f2fd469e-646a-4f01-9f2f-22924523b34b ] Request (TrustsV3TestJSON:setUp): 201 POST http://10.13.3.250:5000/v3/auth/tokens 0.275s[00m
2020-10-28 13:25:18.870 3175 INFO tempest.lib.common.rest_client [req-c0352c2a-fcf7-40ab-b652-69e02bce3f3d ] Request (TrustsV3TestJSON:test_get_trusts_all): 201 POST http://10.13.3.250:5000/v3/auth/tokens 0.235s[00m
2020-10-28 13:25:18.874 3178 INFO tempest.lib.common.rest_client [req-26aa7774-54d2-4e4f-9b4d-54887bf3fe33 ] Request (FloatingIPTestJSON:test_create_list_show_update_delete_floating_ip): 200 PUT http://10.13.3.192:9696/v2.0/floatingips/3d371a3f-4327-4a3c-95b3-7c34cafc3191 0.400s[00m
2020-10-28 13:25:18.925 3175 INFO tempest.lib.common.rest_client [req-d11e1b1d-b520-48bb-97e8-6d2b9a62da35 ] Request (TrustsV3TestJSON:test_get_trusts_all): 201 POST http://10.13.3.250:35357/v3/OS-TRUST/trusts 0.054s[00m
2020-10-28 13:25:19.185 3175 INFO tempest.lib.common.rest_client [req-c4efb073-bbd1-4856-8d42-af54dc3ee151 ] Request (TrustsV3TestJSON:test_get_trusts_all): 201 POST http://10.13.3.250:5000/v3/auth/tokens 0.259s[00m
2020-10-28 13:25:19.203 3175 INFO tempest.lib.common.rest_client [req-b02ad69b-b4df-474d-8cb8-f045ceb8aaf0 ] Request (TrustsV3TestJSON:test_get_trusts_all): 200 GET http://10.13.3.250:35357/v3/OS-TRUST/trusts/ 0.017s[00m
2020-10-28 13:25:19.238 3175 INFO tempest.lib.common.rest_client [req-e44b4b97-31a4-4e90-b564-d3bec32ac7f7 ] Request (TrustsV3TestJSON:tearDown): 204 DELETE http://10.13.3.250:35357/v3/OS-TRUST/trusts/91bdd2bc087c4b15a3be01f1355767dc 0.034s[00m
2020-10-28 13:25:19.250 3178 INFO tempest.lib.common.rest_client [req-0d5a1cd8-f482-4e88-92ce-e457db9c2c9f ] Request (FloatingIPTestJSON:test_create_list_show_update_delete_floating_ip): 204 DELETE http://10.13.3.192:9696/v2.0/floatingips/3d371a3f-4327-4a3c-95b3-7c34cafc3191 0.375s[00m
2020-10-28 13:25:19.258 3175 INFO tempest.lib.common.rest_client [req-85ba391c-e76a-443d-a4b8-8e24d1f7b4b5 ] Request (TrustsV3TestJSON:tearDown): 404 GET http://10.13.3.250:35357/v3/OS-TRUST/trusts/91bdd2bc087c4b15a3be01f1355767dc 0.019s[00m
2020-10-28 13:25:19.282 3178 INFO tempest.lib.common.rest_client [req-807a31ed-4888-4e84-b738-8271d5c2140a ] Request (FloatingIPTestJSON:_run_cleanups): 404 DELETE http://10.13.3.192:9696/v2.0/floatingips/3d371a3f-4327-4a3c-95b3-7c34cafc3191 0.032s[00m
{1} tempest.api.network.test_floating_ips.FloatingIPTestJSON.test_create_list_show_update_delete_floating_ip [3.126496s] ... ok
2020-10-28 13:25:19.493 3175 INFO tempest.lib.common.rest_client [req-b8396df2-9df2-4bd5-b9ad-88fdcd726209 ] Request (TrustsV3TestJSON:_run_cleanups): 201 POST http://10.13.3.250:5000/v3/auth/tokens 0.233s[00m
2020-10-28 13:25:19.531 3175 INFO tempest.lib.common.rest_client [req-5c2c5b0d-c415-48f0-a785-8c02e17a8b03 ] Request (TrustsV3TestJSON:_run_cleanups): 204 DELETE http://10.13.3.250:35357/v3/roles/54afb7a40d8344fc8620b548a728b412 0.034s[00m
2020-10-28 13:25:19.583 3175 INFO tempest.lib.common.rest_client [req-67c13c7d-ede3-470d-b10e-565cf102d46b ] Request (TrustsV3TestJSON:_run_cleanups): 204 DELETE http://10.13.3.250:35357/v3/roles/76a5f67d8ea845ef87897b256751d6a1 0.050s[00m
2020-10-28 13:25:19.650 3178 INFO tempest.lib.common.rest_client [req-a2cded97-dba3-4fcd-833f-6bd8c9e7c03e ] Request (FloatingIPTestJSON:tearDownClass): 204 DELETE http://10.13.3.192:9696/v2.0/ports/1f9c5f74-4032-4ec5-af5d-7c6c11d2c6bd 0.366s[00m
2020-10-28 13:25:19.653 3175 INFO tempest.lib.common.rest_client [req-1c0dd8b8-f98d-4742-9bf8-202422a0bae9 ] Request (TrustsV3TestJSON:_run_cleanups): 204 DELETE http://10.13.3.250:35357/v3/users/e3699d9cde204795bc37167fb57fec40 0.068s[00m
2020-10-28 13:25:19.726 3175 INFO tempest.lib.common.rest_client [req-9cf4efe9-6202-4b44-8c05-a73e215a5642 ] Request (TrustsV3TestJSON:_run_cleanups): 204 DELETE http://10.13.3.250:35357/v3/projects/ac8300f64ac9498294236b8f8e0d5c74 0.070s[00m
{0} tempest.api.identity.admin.v3.test_trusts.TrustsV3TestJSON.test_get_trusts_all [2.078165s] ... ok
2020-10-28 13:25:19.800 3175 INFO tempest.lib.common.rest_client [req-128ff2a1-9f01-4a0d-bea3-ef1f1dd5b441 ] Request (TrustsV3TestJSON:tearDownClass): 204 DELETE http://10.13.3.250:35357/v3/users/965e627ded4e49bd8d528d168efecf7d 0.071s[00m
2020-10-28 13:25:19.993 3178 INFO tempest.lib.common.rest_client [req-133abf6a-404c-4708-a659-ec195444b18b ] Request (FloatingIPTestJSON:tearDownClass): 204 DELETE http://10.13.3.192:9696/v2.0/ports/985e3f55-b48b-422c-8352-388ced72288d 0.342s[00m
2020-10-28 13:25:20.064 3178 INFO tempest.lib.common.rest_client [req-dada6241-5fe3-4ac8-8d88-37131270349e ] Request (FloatingIPTestJSON:tearDownClass): 200 GET http://10.13.3.192:9696/v2.0/ports?device_id=b20f8182-5042-4e64-9d48-aaff31b17dda 0.069s[00m
2020-10-28 13:25:20.076 3175 INFO tempest.lib.common.rest_client [req-679b1fc3-1ebb-417b-8cfc-14df8aa3ff8e ] Request (TrustsV3TestJSON:tearDownClass): 201 POST http://10.13.3.250:5000/v3/auth/tokens 0.273s[00m
2020-10-28 13:25:20.275 3175 INFO tempest.lib.common.rest_client [req-8132b2b8-f4bf-435b-a4ab-87c1cedfda49 ] Request (TrustsV3TestJSON:tearDownClass): 200 GET http://10.13.3.192:9696/v2.0/security-groups?tenant_id=f95cd6ec428947d6b29c1a0b8712d586&name=default 0.198s[00m
2020-10-28 13:25:20.359 3175 INFO tempest.lib.common.rest_client [req-091d60c0-ab68-4247-a4e9-42e62f8bc76d ] Request (TrustsV3TestJSON:tearDownClass): 204 DELETE http://10.13.3.192:9696/v2.0/security-groups/a7b82200-5dde-457f-9df2-f8aee9279098 0.081s[00m
2020-10-28 13:25:20.435 3175 INFO tempest.lib.common.rest_client [req-47633f0e-8a8c-43f0-8c7c-402b900fd184 ] Request (TrustsV3TestJSON:tearDownClass): 204 DELETE http://10.13.3.250:35357/v3/projects/f95cd6ec428947d6b29c1a0b8712d586 0.074s[00m
2020-10-28 13:25:20.515 3175 INFO tempest.lib.common.rest_client [req-399e6b77-9b95-4cc5-9ee7-cb854adb6e00 ] Request (TrustsV3TestJSON:tearDownClass): 204 DELETE http://10.13.3.250:35357/v3/users/d7c64855fa72490094afbd5d996ebe7e 0.075s[00m
2020-10-28 13:25:20.600 3175 INFO tempest.lib.common.rest_client [req-1b1dc4be-09ea-46a5-b484-249a56826fdd ] Request (TrustsV3TestJSON:tearDownClass): 200 GET http://10.13.3.192:9696/v2.0/security-groups?tenant_id=108e26e7f3004207bf460cb53b262370&name=default 0.083s[00m
2020-10-28 13:25:20.675 3175 INFO tempest.lib.common.rest_client [req-ed9f0ca2-70b8-4eb1-ad02-7e31061a5f66 ] Request (TrustsV3TestJSON:tearDownClass): 204 DELETE http://10.13.3.192:9696/v2.0/security-groups/8a992951-f822-4802-8efa-f1f6ea38e60c 0.072s[00m
2020-10-28 13:25:20.747 3175 INFO tempest.lib.common.rest_client [req-2723e58b-318c-46cd-9431-bb37dc5e0740 ] Request (TrustsV3TestJSON:tearDownClass): 204 DELETE http://10.13.3.250:35357/v3/projects/108e26e7f3004207bf460cb53b262370 0.070s[00m
2020-10-28 13:25:21.023 3175 INFO tempest.lib.common.rest_client [req-aef8a851-269f-4922-87eb-f3df822bb243 ] Request (TestApiDiscovery:setUpClass): 201 POST http://10.13.3.250:5000/v3/auth/tokens 0.270s[00m
2020-10-28 13:25:21.277 3175 INFO tempest.lib.common.rest_client [req-ac0fc574-d3a3-4e92-bf01-23c929f4c082 ] Request (TestApiDiscovery:setUpClass): 201 POST http://10.13.3.250:5000/v3/auth/tokens 0.251s[00m
2020-10-28 13:25:21.307 3175 INFO tempest.lib.common.rest_client [req-92f6083c-122a-4c33-8038-85b475f4cec5 ] Request (TestApiDiscovery:setUpClass): 200 GET http://10.13.3.250:35357/v3/domains?name=admin_domain 0.029s[00m
2020-10-28 13:25:21.309 3178 INFO tempest.lib.common.rest_client [req-7d3d3717-6469-4794-9fc3-aaa24389b2e1 ] Request (FloatingIPTestJSON:tearDownClass): 200 PUT http://10.13.3.192:9696/v2.0/routers/b20f8182-5042-4e64-9d48-aaff31b17dda/remove_router_interface 1.245s[00m
2020-10-28 13:25:21.336 3175 INFO tempest.lib.common.rest_client [req-9622933c-7d5c-4e92-b01a-f9447e33dc48 ] Request (TestApiDiscovery:setUpClass): 201 POST http://10.13.3.250:35357/v3/projects 0.029s[00m
2020-10-28 13:25:21.587 3175 INFO tempest.lib.common.rest_client [req-6730e856-e624-40eb-80ed-104b0a078782 ] Request (TestApiDiscovery:setUpClass): 201 POST http://10.13.3.250:35357/v3/users 0.249s[00m
2020-10-28 13:25:21.607 3175 INFO tempest.lib.common.rest_client [req-e6052aa1-c0d7-4517-9c81-950d4f23d5ce ] Request (TestApiDiscovery:setUpClass): 200 GET http://10.13.3.250:35357/v3/roles 0.018s[00m
2020-10-28 13:25:21.637 3175 INFO tempest.lib.common.rest_client [req-7a00a562-ba85-4ed3-bfd9-38853707ac18 ] Request (TestApiDiscovery:setUpClass): 200 GET http://10.13.3.250:35357/v3/roles 0.017s[00m
2020-10-28 13:25:21.675 3175 INFO tempest.lib.common.rest_client [req-95c4bc34-bec4-468e-bee9-46e915d415aa ] Request (TestApiDiscovery:setUpClass): 204 PUT http://10.13.3.250:35357/v3/projects/cf67a8a2f75e4cf8bbb1ee36f8403e96/users/cb112564030f4100b1005b08dd4ccf8b/roles/639bc00bafb04403aa590b2815c71db4 0.033s[00m
2020-10-28 13:25:21.675 3175 INFO tempest.lib.common.dynamic_creds [-] Acquired dynamic creds:
 credentials: Credentials: {'domain_id': '2c685f1bdbd54ce9aa047dfa3f556f8e', 'domain_name': 'admin_domain', 'username': 'tempest-TestApiDiscovery-1269095238', 'project_domain_id': '2c685f1bdbd54ce9aa047dfa3f556f8e', 'project_domain_name': 'admin_domain', 'project_id': 'cf67a8a2f75e4cf8bbb1ee36f8403e96', 'project_name': 'tempest-TestApiDiscovery-1269095238', 'tenant_id': 'cf67a8a2f75e4cf8bbb1ee36f8403e96', 'tenant_name': 'tempest-TestApiDiscovery-1269095238', 'user_domain_id': '2c685f1bdbd54ce9aa047dfa3f556f8e', 'user_domain_name': 'admin_domain', 'user_id': 'cb112564030f4100b1005b08dd4ccf8b'}, Network: None, Subnet: None, Router: None[00m
2020-10-28 13:25:21.675 3175 INFO tempest.lib.common.dynamic_creds [-] Created isolated network resources for:
 credentials: Credentials: {'domain_id': '2c685f1bdbd54ce9aa047dfa3f556f8e', 'domain_name': 'admin_domain', 'username': 'tempest-TestApiDiscovery-1269095238', 'project_domain_id': '2c685f1bdbd54ce9aa047dfa3f556f8e', 'project_domain_name': 'admin_domain', 'project_id': 'cf67a8a2f75e4cf8bbb1ee36f8403e96', 'project_name': 'tempest-TestApiDiscovery-1269095238', 'tenant_id': 'cf67a8a2f75e4cf8bbb1ee36f8403e96', 'tenant_name': 'tempest-TestApiDiscovery-1269095238', 'user_domain_id': '2c685f1bdbd54ce9aa047dfa3f556f8e', 'user_domain_name': 'admin_domain', 'user_id': 'cb112564030f4100b1005b08dd4ccf8b'}, Network: None, Subnet: None, Router: None[00m
2020-10-28 13:25:21.950 3175 INFO tempest.lib.common.rest_client [req-cfcdfade-000b-42e1-b49d-323491af51fe ] Request (TestApiDiscovery:setUpClass): 201 POST http://10.13.3.250:5000/v3/auth/tokens 0.269s[00m
2020-10-28 13:25:21.966 3175 INFO tempest.lib.common.rest_client [req-7b127f47-6cfd-4fd0-9148-7b2d66c3102b ] Request (TestApiDiscovery:test_api_media_types): 200 GET http://10.13.3.250:35357/v3 0.015s[00m
{0} tempest.api.identity.v3.test_api_discovery.TestApiDiscovery.test_api_media_types [0.016341s] ... ok
2020-10-28 13:25:21.975 3178 INFO tempest.lib.common.rest_client [req-a7242eb9-c8d3-439e-ac11-646016495249 ] Request (FloatingIPTestJSON:tearDownClass): 204 DELETE http://10.13.3.192:9696/v2.0/routers/b20f8182-5042-4e64-9d48-aaff31b17dda 0.666s[00m
2020-10-28 13:25:21.981 3175 INFO tempest.lib.common.rest_client [req-7e1b8ef6-7fc3-4e43-9457-f12823d87089 ] Request (TestApiDiscovery:test_api_version_resources): 200 GET http://10.13.3.250:35357/v3 0.013s[00m
{0} tempest.api.identity.v3.test_api_discovery.TestApiDiscovery.test_api_version_resources [0.014322s] ... ok
2020-10-28 13:25:21.996 3175 INFO tempest.lib.common.rest_client [req-18641fdc-3a49-406d-85b2-9c4c3d0369cd ] Request (TestApiDiscovery:test_api_version_statuses): 200 GET http://10.13.3.250:35357/v3 0.013s[00m
{0} tempest.api.identity.v3.test_api_discovery.TestApiDiscovery.test_api_version_statuses [0.014431s] ... ok
2020-10-28 13:25:22.010 3175 INFO tempest.lib.common.rest_client [req-222ee667-6856-4f52-bb74-9dcc7b1668fb ] Request (TestApiDiscovery:test_list_api_versions): 300 GET http://10.13.3.250:35357/ 0.012s[00m
{0} tempest.api.identity.v3.test_api_discovery.TestApiDiscovery.test_list_api_versions [0.013468s] ... ok
2020-10-28 13:25:22.084 3175 INFO tempest.lib.common.rest_client [req-e4937992-22e8-4f7a-9309-865f49ab2a2d ] Request (TestApiDiscovery:tearDownClass): 204 DELETE http://10.13.3.250:35357/v3/users/cb112564030f4100b1005b08dd4ccf8b 0.072s[00m
2020-10-28 13:25:22.271 3178 INFO tempest.lib.common.rest_client [req-cffed9e2-6d95-47a7-8ed8-176915feb4af ] Request (FloatingIPTestJSON:tearDownClass): 204 DELETE http://10.13.3.192:9696/v2.0/subnets/5899bd47-7124-427f-880a-1dc898442f96 0.295s[00m
2020-10-28 13:25:22.344 3175 INFO tempest.lib.common.rest_client [req-37d1cb19-485c-4b46-b49a-78f6b9523fba ] Request (TestApiDiscovery:tearDownClass): 201 POST http://10.13.3.250:5000/v3/auth/tokens 0.259s[00m
2020-10-28 13:25:22.506 3175 INFO tempest.lib.common.rest_client [req-9d83e042-c54a-4673-82c7-cf30be31a892 ] Request (TestApiDiscovery:tearDownClass): 200 GET http://10.13.3.192:9696/v2.0/security-groups?tenant_id=cf67a8a2f75e4cf8bbb1ee36f8403e96&name=default 0.161s[00m
2020-10-28 13:25:22.583 3175 INFO tempest.lib.common.rest_client [req-f96a773b-6f75-4bc8-a281-695022a965e3 ] Request (TestApiDiscovery:tearDownClass): 204 DELETE http://10.13.3.192:9696/v2.0/security-groups/76c2381e-3f6a-4296-a4dd-100bf4875ad1 0.076s[00m
2020-10-28 13:25:22.661 3175 INFO tempest.lib.common.rest_client [req-bd2a775b-7c45-4191-b157-5583c8dee460 ] Request (TestApiDiscovery:tearDownClass): 204 DELETE http://10.13.3.250:35357/v3/projects/cf67a8a2f75e4cf8bbb1ee36f8403e96 0.077s[00m
2020-10-28 13:25:22.680 3178 INFO tempest.lib.common.rest_client [req-4b55c164-e214-42a3-9355-69bb4fb84d0b ] Request (FloatingIPTestJSON:tearDownClass): 204 DELETE http://10.13.3.192:9696/v2.0/networks/1559b54d-3e34-4edd-8283-8ec1e13d0921 0.408s[00m
2020-10-28 13:25:22.755 3178 INFO tempest.lib.common.rest_client [req-fe773ab9-8e56-485d-9352-e48e579e1641 ] Request (FloatingIPTestJSON:tearDownClass): 204 DELETE http://10.13.3.250:35357/v3/users/3c59520b7b5e4b40b75cc7bfb915bd66 0.074s[00m
2020-10-28 13:25:22.944 3175 INFO tempest.lib.common.rest_client [req-f27178fc-cf27-4e37-a8fc-5696b12f3332 ] Request (ExtensionsTestJSON:setUpClass): 201 POST http://10.13.3.250:5000/v3/auth/tokens 0.279s[00m
2020-10-28 13:25:23.007 3178 INFO tempest.lib.common.rest_client [req-4bb263ac-1a85-42b4-99a3-e3310e7f8f4b ] Request (FloatingIPTestJSON:tearDownClass): 201 POST http://10.13.3.250:5000/v3/auth/tokens 0.252s[00m
2020-10-28 13:25:23.105 3178 INFO tempest.lib.common.rest_client [req-88cb201d-a015-482f-9a85-fb09d0af0bd9 ] Request (FloatingIPTestJSON:tearDownClass): 200 GET http://10.13.3.192:9696/v2.0/security-groups?tenant_id=86d6883f7ac94a7fa6f6d432bdacd743&name=default 0.097s[00m
2020-10-28 13:25:23.180 3178 INFO tempest.lib.common.rest_client [req-78f232eb-c410-413d-9da0-e50555f658d1 ] Request (FloatingIPTestJSON:tearDownClass): 204 DELETE http://10.13.3.192:9696/v2.0/security-groups/b6147c70-425f-4d0b-a92a-65f02bd4c9c4 0.074s[00m
2020-10-28 13:25:23.201 3175 INFO tempest.lib.common.rest_client [req-b3488a05-4adb-4fc1-8246-73307494f5ce ] Request (ExtensionsTestJSON:setUpClass): 201 POST http://10.13.3.250:5000/v3/auth/tokens 0.254s[00m
2020-10-28 13:25:23.257 3178 INFO tempest.lib.common.rest_client [req-dba80635-dd7d-4187-9109-0f38ea866931 ] Request (FloatingIPTestJSON:tearDownClass): 204 DELETE http://10.13.3.250:35357/v3/projects/86d6883f7ac94a7fa6f6d432bdacd743 0.077s[00m
2020-10-28 13:25:23.259 3178 INFO tempest.test [-] <class 'unittest.case.SkipTest'> raised in NetworksIpV6Test.setUpClass. Invoking tearDownClass.[00m
{1} setUpClass (tempest.api.network.test_networks.NetworksIpV6Test) ... SKIPPED: IPv6 Tests are disabled.
2020-10-28 13:25:23.284 3175 INFO tempest.lib.common.rest_client [req-fa0124b9-150c-45aa-994c-55b1df36fcf2 ] Request (ExtensionsTestJSON:setUpClass): 200 GET http://10.13.3.250:35357/v3/domains?name=admin_domain 0.083s[00m
2020-10-28 13:25:23.312 3175 INFO tempest.lib.common.rest_client [req-b9641098-0ea9-4de3-a319-bb9e5c48380c ] Request (ExtensionsTestJSON:setUpClass): 201 POST http://10.13.3.250:35357/v3/projects 0.027s[00m
2020-10-28 13:25:23.577 3178 INFO tempest.lib.common.rest_client [req-72cfaa93-fdce-4f6b-adc5-3f35e89bc750 ] Request (NetworksTest:setUpClass): 201 POST http://10.13.3.250:5000/v3/auth/tokens 0.313s[00m
2020-10-28 13:25:23.582 3175 INFO tempest.lib.common.rest_client [req-9d8d389c-40b3-460c-b76d-0f1b29c172be ] Request (ExtensionsTestJSON:setUpClass): 201 POST http://10.13.3.250:35357/v3/users 0.270s[00m
2020-10-28 13:25:23.603 3175 INFO tempest.lib.common.rest_client [req-f1270e10-9e32-42f6-af0a-9768c5ac5873 ] Request (ExtensionsTestJSON:setUpClass): 200 GET http://10.13.3.250:35357/v3/roles 0.020s[00m
2020-10-28 13:25:23.637 3175 INFO tempest.lib.common.rest_client [req-a467cffa-f57b-4672-aaec-4e8d09bf2ec4 ] Request (ExtensionsTestJSON:setUpClass): 200 GET http://10.13.3.250:35357/v3/roles 0.033s[00m
2020-10-28 13:25:23.696 3175 INFO tempest.lib.common.rest_client [req-d64a9a04-773a-4940-b83d-a0c216a59f55 ] Request (ExtensionsTestJSON:setUpClass): 204 PUT http://10.13.3.250:35357/v3/projects/6c0bd2f590594b479fdf4486a60ee082/users/d0081a86a9bb481fa07b33e6fe88d301/roles/639bc00bafb04403aa590b2815c71db4 0.058s[00m
2020-10-28 13:25:23.696 3175 INFO tempest.lib.common.dynamic_creds [-] Acquired dynamic creds:
