2020-10-28 13:44:50.699 4171 INFO tempest.lib.common.rest_client [req-bbdca2e3-f609-431e-beaa-2a4d7005dbec ] Request (ServerActionsTestJSON:setUpClass): 200 PUT http://10.13.3.192:9696/v2.0/routers/ce0b7192-0cb5-4886-a682-b373e6afbe69/add_router_interface 1.384s[00m
2020-10-28 13:44:50.699 4171 INFO tempest.lib.common.dynamic_creds [-] Created isolated network resources for:
 credentials: Credentials: {'domain_id': '2c685f1bdbd54ce9aa047dfa3f556f8e', 'domain_name': 'admin_domain', 'username': 'tempest-ServerActionsTestJSON-773973334', 'project_domain_id': '2c685f1bdbd54ce9aa047dfa3f556f8e', 'project_domain_name': 'admin_domain', 'project_id': 'eb41b51649414a0697597c5a4a795b9a', 'project_name': 'tempest-ServerActionsTestJSON-773973334', 'tenant_id': 'eb41b51649414a0697597c5a4a795b9a', 'tenant_name': 'tempest-ServerActionsTestJSON-773973334', 'user_domain_id': '2c685f1bdbd54ce9aa047dfa3f556f8e', 'user_domain_name': 'admin_domain', 'user_id': 'af0f20a281c1491ebd1c44cec00f666e'}, Network: {'id': '037c2335-477b-4afa-b8d2-a58b92b9708e', 'name': 'tempest-ServerActionsTestJSON-115060365-network', 'tenant_id': 'eb41b51649414a0697597c5a4a795b9a', 'admin_state_up': True, 'mtu': 1458, 'status': 'ACTIVE', 'subnets': [], 'shared': False, 'project_id': 'eb41b51649414a0697597c5a4a795b9a', 'router:external': False, 'provider:network_type': 'gre', 'provider:physical_network': None, 'provider:segmentation_id': 1, 'availability_zone_hints': [], 'is_default': False, 'availability_zones': [], 'ipv4_address_scope': None, 'ipv6_address_scope': None, 'description': '', 'l2_adjacency': True, 'tags': [], 'created_at': '2020-10-28T13:44:47Z', 'updated_at': '2020-10-28T13:44:47Z', 'revision_number': 1}, Subnet: {'id': '97cb887c-5707-4913-a4cf-d51f5562f069', 'name': 'tempest-ServerActionsTestJSON-115060365-subnet', 'tenant_id': 'eb41b51649414a0697597c5a4a795b9a', 'network_id': '037c2335-477b-4afa-b8d2-a58b92b9708e', 'ip_version': 4, 'subnetpool_id': None, 'enable_dhcp': True, 'ipv6_ra_mode': None, 'ipv6_address_mode': None, 'gateway_ip': '172.16.0.1', 'cidr': '172.16.0.0/28', 'allocation_pools': [{'start': '172.16.0.2', 'end': '172.16.0.14'}], 'host_routes': [], 'dns_nameservers': [], 'description': '', 'service_types': [], 'segment_id': None, 'tags': [], 'created_at': '2020-10-28T13:44:48Z', 'updated_at': '2020-10-28T13:44:48Z', 'revision_number': 0, 'project_id': 'eb41b51649414a0697597c5a4a795b9a'}, Router: {'id': 'ce0b7192-0cb5-4886-a682-b373e6afbe69', 'name': 'tempest-ServerActionsTestJSON-115060365-router', 'tenant_id': 'eb41b51649414a0697597c5a4a795b9a', 'admin_state_up': True, 'status': 'ACTIVE', 'external_gateway_info': {'network_id': 'ce12e1ab-fe6d-481d-82aa-a065d6f2a7ff', 'external_fixed_ips': [{'subnet_id': '3b6c9c63-dee6-417a-ad94-8d371560e79d', 'ip_address': '10.13.3.146'}], 'enable_snat': True}, 'description': '', 'availability_zones': [], 'distributed': False, 'ha': False, 'availability_zone_hints': [], 'routes': [], 'flavor_id': None, 'tags': [], 'created_at': '2020-10-28T13:44:48Z', 'updated_at': '2020-10-28T13:44:49Z', 'revision_number': 3, 'project_id': 'eb41b51649414a0697597c5a4a795b9a'}[00m
2020-10-28 13:44:50.983 4171 INFO tempest.lib.common.rest_client [req-70c10195-1d3c-41d1-a284-5290ffa75ded ] Request (ServerActionsTestJSON:setUpClass): 201 POST http://10.13.3.250:5000/v3/auth/tokens 0.279s[00m
2020-10-28 13:44:51.120 4171 INFO tempest.lib.common.rest_client [req-411457ed-9553-4664-9984-73f7031847a5 ] Request (ServerActionsTestJSON:setUpClass): 200 POST http://10.13.3.195:8774/v2.1/os-keypairs 0.136s[00m
2020-10-28 13:44:51.247 4171 INFO tempest.lib.common.rest_client [req-229ae19d-b8dc-4e94-a10b-a832dfce4d0f ] Request (ServerActionsTestJSON:setUpClass): 201 POST http://10.13.3.192:9696/v2.0/security-groups 0.124s[00m
2020-10-28 13:44:51.299 4169 INFO tempest.lib.common.rest_client [req-03baf16f-d6f4-4303-bd07-1e9ab6c1e582 ] Request (VolumesGetTest:test_volume_create_get_update_delete_from_image): 200 GET http://10.13.3.215:8776/v3/c83318dae1c94a2a83f08c768ea17e74/volumes/10b9fc2b-deac-41b4-897b-5fc6c5f0c4bb 0.050s[00m
2020-10-28 13:44:51.323 4171 INFO tempest.lib.common.rest_client [req-9cbdb936-4bb3-4bb2-990a-7d47a5910da6 ] Request (ServerActionsTestJSON:setUpClass): 201 POST http://10.13.3.192:9696/v2.0/security-group-rules 0.075s[00m
2020-10-28 13:44:51.404 4171 INFO tempest.lib.common.rest_client [req-5d5374be-3786-431e-a83c-d49eb6dbc3cf ] Request (ServerActionsTestJSON:setUpClass): 201 POST http://10.13.3.192:9696/v2.0/security-group-rules 0.080s[00m
2020-10-28 13:44:52.389 4169 INFO tempest.lib.common.rest_client [req-4ec8f378-e661-4aec-bee1-4550133c7464 ] Request (VolumesGetTest:test_volume_create_get_update_delete_from_image): 200 GET http://10.13.3.215:8776/v3/c83318dae1c94a2a83f08c768ea17e74/volumes/10b9fc2b-deac-41b4-897b-5fc6c5f0c4bb 0.083s[00m
2020-10-28 13:44:52.502 4171 INFO tempest.lib.common.rest_client [req-452b21f3-2d1d-46db-9409-b160c28bef39 ] Request (ServerActionsTestJSON:setUpClass): 201 POST http://10.13.3.192:9696/v2.0/floatingips 1.097s[00m
2020-10-28 13:44:52.757 4171 INFO tempest.lib.common.rest_client [req-8f0f5b49-a26c-4340-bf50-04b1956802b7 ] Request (ServerActionsTestJSON:setUpClass): 201 POST http://10.13.3.250:5000/v3/auth/tokens 0.250s[00m
2020-10-28 13:44:52.758 4171 INFO tempest.lib.common.fixed_network [-] (ServerActionsTestJSON:setUpClass) Found network {'id': '037c2335-477b-4afa-b8d2-a58b92b9708e', 'name': 'tempest-ServerActionsTestJSON-115060365-network', 'tenant_id': 'eb41b51649414a0697597c5a4a795b9a', 'admin_state_up': True, 'mtu': 1458, 'status': 'ACTIVE', 'subnets': [], 'shared': False, 'project_id': 'eb41b51649414a0697597c5a4a795b9a', 'router:external': False, 'provider:network_type': 'gre', 'provider:physical_network': None, 'provider:segmentation_id': 1, 'availability_zone_hints': [], 'is_default': False, 'availability_zones': [], 'ipv4_address_scope': None, 'ipv6_address_scope': None, 'description': '', 'l2_adjacency': True, 'tags': [], 'created_at': '2020-10-28T13:44:47Z', 'updated_at': '2020-10-28T13:44:47Z', 'revision_number': 1} available for tenant[00m
2020-10-28 13:44:53.511 4169 INFO tempest.lib.common.rest_client [req-4b26eafb-cd22-4da4-935a-f1540745593a ] Request (VolumesGetTest:test_volume_create_get_update_delete_from_image): 200 GET http://10.13.3.215:8776/v3/c83318dae1c94a2a83f08c768ea17e74/volumes/10b9fc2b-deac-41b4-897b-5fc6c5f0c4bb 0.114s[00m
2020-10-28 13:44:53.815 4171 INFO tempest.lib.common.rest_client [req-9adc270e-35e8-44be-a54b-12e30aa1d171 ] Request (ServerActionsTestJSON:setUpClass): 202 POST http://10.13.3.195:8774/v2.1/servers 1.057s[00m
2020-10-28 13:44:53.928 4171 INFO tempest.lib.common.rest_client [req-223a7732-eac0-4abd-9f24-6297cd757541 ] Request (ServerActionsTestJSON:setUpClass): 200 GET http://10.13.3.195:8774/v2.1/servers/6e87f089-2c75-4721-b4ac-ab03d54232e9 0.110s[00m
2020-10-28 13:44:54.609 4169 INFO tempest.lib.common.rest_client [req-806343da-8968-49ab-903c-72ae311f5ff5 ] Request (VolumesGetTest:test_volume_create_get_update_delete_from_image): 200 GET http://10.13.3.215:8776/v3/c83318dae1c94a2a83f08c768ea17e74/volumes/10b9fc2b-deac-41b4-897b-5fc6c5f0c4bb 0.091s[00m
2020-10-28 13:44:55.071 4171 INFO tempest.lib.common.rest_client [req-d845277c-5e8c-4564-812d-96895ccbbd53 ] Request (ServerActionsTestJSON:setUpClass): 200 GET http://10.13.3.195:8774/v2.1/servers/6e87f089-2c75-4721-b4ac-ab03d54232e9 0.134s[00m
2020-10-28 13:44:55.078 4171 INFO tempest.common.waiters [-] State transition "BUILD/scheduling" ==> "BUILD/spawning" after 2 second wait[00m
2020-10-28 13:44:55.680 4169 INFO tempest.lib.common.rest_client [req-2d2858ff-8af1-4cc5-b88e-6216ac7ea42f ] Request (VolumesGetTest:test_volume_create_get_update_delete_from_image): 200 GET http://10.13.3.215:8776/v3/c83318dae1c94a2a83f08c768ea17e74/volumes/10b9fc2b-deac-41b4-897b-5fc6c5f0c4bb 0.064s[00m
2020-10-28 13:44:56.593 4171 INFO tempest.lib.common.rest_client [req-fd5ad5f7-5c3c-47dd-a953-93827ca21e41 ] Request (ServerActionsTestJSON:setUpClass): 200 GET http://10.13.3.195:8774/v2.1/servers/6e87f089-2c75-4721-b4ac-ab03d54232e9 0.513s[00m
2020-10-28 13:44:56.755 4169 INFO tempest.lib.common.rest_client [req-4b5450a1-c115-473d-8f78-aae0211b9a31 ] Request (VolumesGetTest:test_volume_create_get_update_delete_from_image): 200 GET http://10.13.3.215:8776/v3/c83318dae1c94a2a83f08c768ea17e74/volumes/10b9fc2b-deac-41b4-897b-5fc6c5f0c4bb 0.068s[00m
2020-10-28 13:44:57.754 4171 INFO tempest.lib.common.rest_client [req-00b46209-5eab-4e5e-9c65-17eac885e39b ] Request (ServerActionsTestJSON:setUpClass): 200 GET http://10.13.3.195:8774/v2.1/servers/6e87f089-2c75-4721-b4ac-ab03d54232e9 0.151s[00m
2020-10-28 13:44:57.815 4169 INFO tempest.lib.common.rest_client [req-809bfc5a-494c-421f-89ee-247297d6ea97 ] Request (VolumesGetTest:test_volume_create_get_update_delete_from_image): 200 GET http://10.13.3.215:8776/v3/c83318dae1c94a2a83f08c768ea17e74/volumes/10b9fc2b-deac-41b4-897b-5fc6c5f0c4bb 0.053s[00m
2020-10-28 13:44:58.873 4169 INFO tempest.lib.common.rest_client [req-b99a72fd-282e-417f-97da-f429d2c2fc95 ] Request (VolumesGetTest:test_volume_create_get_update_delete_from_image): 200 GET http://10.13.3.215:8776/v3/c83318dae1c94a2a83f08c768ea17e74/volumes/10b9fc2b-deac-41b4-897b-5fc6c5f0c4bb 0.053s[00m
2020-10-28 13:44:58.940 4171 INFO tempest.lib.common.rest_client [req-ddc28cc7-94b5-4f8f-9295-22540eeff5fc ] Request (ServerActionsTestJSON:setUpClass): 200 GET http://10.13.3.195:8774/v2.1/servers/6e87f089-2c75-4721-b4ac-ab03d54232e9 0.177s[00m
2020-10-28 13:44:59.979 4169 INFO tempest.lib.common.rest_client [req-5733f0a1-d112-46c3-918b-e6fadae07658 ] Request (VolumesGetTest:test_volume_create_get_update_delete_from_image): 200 GET http://10.13.3.215:8776/v3/c83318dae1c94a2a83f08c768ea17e74/volumes/10b9fc2b-deac-41b4-897b-5fc6c5f0c4bb 0.100s[00m
2020-10-28 13:45:00.125 4171 INFO tempest.lib.common.rest_client [req-99af8c6c-740d-4a84-98c5-682c9c877e01 ] Request (ServerActionsTestJSON:setUpClass): 200 GET http://10.13.3.195:8774/v2.1/servers/6e87f089-2c75-4721-b4ac-ab03d54232e9 0.179s[00m
2020-10-28 13:45:00.131 4171 INFO tempest.common.waiters [-] State transition "BUILD/spawning" ==> "ACTIVE/None" after 7 second wait[00m
2020-10-28 13:45:00.269 4171 INFO tempest.lib.common.rest_client [req-6f78b96b-ac1f-424e-b470-419bb366e832 ] Request (ServerActionsTestJSON:setUpClass): 200 GET http://10.13.3.195:8774/v2.1/servers/6e87f089-2c75-4721-b4ac-ab03d54232e9/os-interface 0.136s[00m
2020-10-28 13:45:01.087 4169 INFO tempest.lib.common.rest_client [req-0d90e9ec-1888-4938-ab48-88f548ac3e8e ] Request (VolumesGetTest:test_volume_create_get_update_delete_from_image): 200 GET http://10.13.3.215:8776/v3/c83318dae1c94a2a83f08c768ea17e74/volumes/10b9fc2b-deac-41b4-897b-5fc6c5f0c4bb 0.102s[00m
2020-10-28 13:45:01.642 4171 INFO tempest.lib.common.rest_client [req-7588161d-393e-4e50-a1fb-a0615212b2a4 ] Request (ServerActionsTestJSON:setUpClass): 200 PUT http://10.13.3.192:9696/v2.0/floatingips/a8746821-fe9a-43c8-90e2-bbbd9dd805df 1.369s[00m
2020-10-28 13:45:01.783 4171 INFO tempest.lib.common.rest_client [req-d55e191c-6a15-4cca-8f99-edf05a2600ad ] Request (ServerActionsTestJSON:setUp): 200 GET http://10.13.3.195:8774/v2.1/servers/6e87f089-2c75-4721-b4ac-ab03d54232e9 0.138s[00m
2020-10-28 13:45:02.001 4171 INFO tempest.lib.common.rest_client [req-44faca23-6861-4868-98c2-99fcfd8c31c1 ] Request (ServerActionsTestJSON:test_reboot_server_hard): 200 GET http://10.13.3.195:8774/v2.1/servers/6e87f089-2c75-4721-b4ac-ab03d54232e9 0.211s[00m
2020-10-28 13:45:02.023 4171 INFO tempest.lib.common.ssh [-] Creating ssh connection to '10.13.3.135:22' as 'ubuntu' with public key authentication[00m
2020-10-28 13:45:02.152 4169 INFO tempest.lib.common.rest_client [req-f82f0932-558f-4af8-88a5-883a32ac7c84 ] Request (VolumesGetTest:test_volume_create_get_update_delete_from_image): 200 GET http://10.13.3.215:8776/v3/c83318dae1c94a2a83f08c768ea17e74/volumes/10b9fc2b-deac-41b4-897b-5fc6c5f0c4bb 0.057s[00m
2020-10-28 13:45:03.210 4169 INFO tempest.lib.common.rest_client [req-3203028e-683e-46b3-bd8a-ffe1008c659b ] Request (VolumesGetTest:test_volume_create_get_update_delete_from_image): 200 GET http://10.13.3.215:8776/v3/c83318dae1c94a2a83f08c768ea17e74/volumes/10b9fc2b-deac-41b4-897b-5fc6c5f0c4bb 0.045s[00m
2020-10-28 13:45:03.691 4171 WARNING tempest.lib.common.ssh [-] Failed to establish authenticated ssh connection to ubuntu@10.13.3.135 ([Errno None] Unable to connect to port 22 on 10.13.3.135). Number attempts: 1. Retry after 2 seconds.: paramiko.ssh_exception.NoValidConnectionsError: [Errno None] Unable to connect to port 22 on 10.13.3.135[00m
2020-10-28 13:45:04.268 4169 INFO tempest.lib.common.rest_client [req-923eef39-1c15-4035-834e-c98e7a35fcce ] Request (VolumesGetTest:test_volume_create_get_update_delete_from_image): 200 GET http://10.13.3.215:8776/v3/c83318dae1c94a2a83f08c768ea17e74/volumes/10b9fc2b-deac-41b4-897b-5fc6c5f0c4bb 0.049s[00m
2020-10-28 13:45:04.274 4169 INFO tempest.common.waiters [-] volume 10b9fc2b-deac-41b4-897b-5fc6c5f0c4bb reached available after waiting for 17.274039 seconds[00m
2020-10-28 13:45:04.321 4169 INFO tempest.lib.common.rest_client [req-279ce6cf-d682-48f8-a792-8f6cee7e2514 ] Request (VolumesGetTest:test_volume_create_get_update_delete_from_image): 200 GET http://10.13.3.215:8776/v3/c83318dae1c94a2a83f08c768ea17e74/volumes/10b9fc2b-deac-41b4-897b-5fc6c5f0c4bb 0.046s[00m
2020-10-28 13:45:04.411 4169 INFO tempest.lib.common.rest_client [req-4450f5aa-4ac5-4e9d-a244-770fecfe9640 ] Request (VolumesGetTest:test_volume_create_get_update_delete_from_image): 200 PUT http://10.13.3.215:8776/v3/c83318dae1c94a2a83f08c768ea17e74/volumes/10b9fc2b-deac-41b4-897b-5fc6c5f0c4bb 0.083s[00m
2020-10-28 13:45:04.479 4169 INFO tempest.lib.common.rest_client [req-4206b13a-6711-453e-8670-daa879360678 ] Request (VolumesGetTest:test_volume_create_get_update_delete_from_image): 200 PUT http://10.13.3.215:8776/v3/c83318dae1c94a2a83f08c768ea17e74/volumes/10b9fc2b-deac-41b4-897b-5fc6c5f0c4bb 0.064s[00m
2020-10-28 13:45:04.531 4169 INFO tempest.lib.common.rest_client [req-d7054adf-5b18-4069-a1af-9ad0e8518085 ] Request (VolumesGetTest:test_volume_create_get_update_delete_from_image): 200 GET http://10.13.3.215:8776/v3/c83318dae1c94a2a83f08c768ea17e74/volumes/10b9fc2b-deac-41b4-897b-5fc6c5f0c4bb 0.048s[00m
2020-10-28 13:45:04.695 4169 INFO tempest.lib.common.rest_client [req-81ccc95b-12c8-4158-a2c9-dc0a94c5fbab ] Request (VolumesGetTest:test_volume_create_get_update_delete_from_image): 202 POST http://10.13.3.215:8776/v3/c83318dae1c94a2a83f08c768ea17e74/volumes 0.159s[00m
2020-10-28 13:45:04.759 4169 INFO tempest.lib.common.rest_client [req-dce083d3-4bbb-46e6-9a24-b6dc9f74493b ] Request (VolumesGetTest:test_volume_create_get_update_delete_from_image): 200 GET http://10.13.3.215:8776/v3/c83318dae1c94a2a83f08c768ea17e74/volumes/bffb1c8e-18ac-4297-af24-5595119b102c 0.056s[00m
2020-10-28 13:45:05.810 4169 INFO tempest.lib.common.rest_client [req-2e72b447-5bec-4e86-8181-a52daf749f37 ] Request (VolumesGetTest:test_volume_create_get_update_delete_from_image): 200 GET http://10.13.3.215:8776/v3/c83318dae1c94a2a83f08c768ea17e74/volumes/bffb1c8e-18ac-4297-af24-5595119b102c 0.045s[00m
2020-10-28 13:45:05.814 4169 INFO tempest.common.waiters [-] volume bffb1c8e-18ac-4297-af24-5595119b102c reached available after waiting for 1.814785 seconds[00m
2020-10-28 13:45:05.878 4169 INFO tempest.lib.common.rest_client [req-7a559b43-736b-4b28-9011-e3bae8f9f047 ] Request (VolumesGetTest:test_volume_create_get_update_delete_from_image): 200 PUT http://10.13.3.215:8776/v3/c83318dae1c94a2a83f08c768ea17e74/volumes/bffb1c8e-18ac-4297-af24-5595119b102c 0.063s[00m
2020-10-28 13:45:05.925 4169 INFO tempest.lib.common.rest_client [req-b5f418ff-3dba-4294-8e60-6bfb58ea0d09 ] Request (VolumesGetTest:_run_cleanups): 202 DELETE http://10.13.3.215:8776/v3/c83318dae1c94a2a83f08c768ea17e74/volumes/bffb1c8e-18ac-4297-af24-5595119b102c 0.043s[00m
2020-10-28 13:45:05.967 4169 INFO tempest.lib.common.rest_client [req-41f2d6f5-6751-4ae5-b6e6-79a359bc991c ] Request (VolumesGetTest:_run_cleanups): 200 GET http://10.13.3.215:8776/v3/c83318dae1c94a2a83f08c768ea17e74/volumes/bffb1c8e-18ac-4297-af24-5595119b102c 0.041s[00m
2020-10-28 13:45:06.198 4171 WARNING tempest.lib.common.ssh [-] Failed to establish authenticated ssh connection to ubuntu@10.13.3.135 ([Errno None] Unable to connect to port 22 on 10.13.3.135). Number attempts: 2. Retry after 3 seconds.: paramiko.ssh_exception.NoValidConnectionsError: [Errno None] Unable to connect to port 22 on 10.13.3.135[00m
2020-10-28 13:45:07.020 4169 INFO tempest.lib.common.rest_client [req-d236cf38-442b-433f-ad67-35f42399ce69 ] Request (VolumesGetTest:_run_cleanups): 404 GET http://10.13.3.215:8776/v3/c83318dae1c94a2a83f08c768ea17e74/volumes/bffb1c8e-18ac-4297-af24-5595119b102c 0.046s[00m
2020-10-28 13:45:07.100 4169 INFO tempest.lib.common.rest_client [req-df4785e5-11d6-4cae-8bf5-f0bd1865c069 ] Request (VolumesGetTest:_run_cleanups): 202 DELETE http://10.13.3.215:8776/v3/c83318dae1c94a2a83f08c768ea17e74/volumes/10b9fc2b-deac-41b4-897b-5fc6c5f0c4bb 0.079s[00m
2020-10-28 13:45:07.182 4169 INFO tempest.lib.common.rest_client [req-ad84925a-d69b-4ddd-b436-e0b1c1e90a9d ] Request (VolumesGetTest:_run_cleanups): 200 GET http://10.13.3.215:8776/v3/c83318dae1c94a2a83f08c768ea17e74/volumes/10b9fc2b-deac-41b4-897b-5fc6c5f0c4bb 0.081s[00m
2020-10-28 13:45:08.218 4169 INFO tempest.lib.common.rest_client [req-1c2f5db9-e676-46aa-84d8-977e5b49d7fa ] Request (VolumesGetTest:_run_cleanups): 404 GET http://10.13.3.215:8776/v3/c83318dae1c94a2a83f08c768ea17e74/volumes/10b9fc2b-deac-41b4-897b-5fc6c5f0c4bb 0.029s[00m
{0} tempest.api.volume.test_volumes_get.VolumesGetTest.test_volume_create_get_update_delete_from_image [21.657743s] ... ok
2020-10-28 13:45:08.296 4169 INFO tempest.lib.common.rest_client [req-886eac3b-11b3-4b23-b442-1bc936ca14ec ] Request (VolumesGetTest:tearDownClass): 204 DELETE http://10.13.3.250:35357/v3/users/a51d684f352b4e0493d69f00bed50e48 0.076s[00m
2020-10-28 13:45:08.562 4169 INFO tempest.lib.common.rest_client [req-307d20e3-46c0-4cef-8b4b-7f45ba36380d ] Request (VolumesGetTest:tearDownClass): 201 POST http://10.13.3.250:5000/v3/auth/tokens 0.266s[00m
2020-10-28 13:45:08.693 4169 INFO tempest.lib.common.rest_client [req-6b125de5-cd31-4bb4-8c35-60f457ca57bc ] Request (VolumesGetTest:tearDownClass): 200 GET http://10.13.3.192:9696/v2.0/security-groups?tenant_id=c83318dae1c94a2a83f08c768ea17e74&name=default 0.129s[00m
2020-10-28 13:45:08.776 4169 INFO tempest.lib.common.rest_client [req-12cd6871-0815-411f-b848-6056e6cb8633 ] Request (VolumesGetTest:tearDownClass): 204 DELETE http://10.13.3.192:9696/v2.0/security-groups/58abc91b-049b-48a0-aa9d-21e708e22efd 0.081s[00m
2020-10-28 13:45:08.851 4169 INFO tempest.lib.common.rest_client [req-870f906b-44ce-4ea8-aced-351239bde849 ] Request (VolumesGetTest:tearDownClass): 204 DELETE http://10.13.3.250:35357/v3/projects/c83318dae1c94a2a83f08c768ea17e74 0.073s[00m
2020-10-28 13:45:09.115 4169 INFO tempest.lib.common.rest_client [req-bd66e9bc-5bdb-4ab9-8d6b-5314a91a2d9c ] Request (VolumesListTestJSON:setUpClass): 201 POST http://10.13.3.250:5000/v3/auth/tokens 0.261s[00m
2020-10-28 13:45:09.370 4169 INFO tempest.lib.common.rest_client [req-e940d91f-53e4-4dc8-ba74-2a089a61681e ] Request (VolumesListTestJSON:setUpClass): 201 POST http://10.13.3.250:5000/v3/auth/tokens 0.251s[00m
2020-10-28 13:45:09.398 4169 INFO tempest.lib.common.rest_client [req-53520938-fb59-443a-adcb-230cb229b3ed ] Request (VolumesListTestJSON:setUpClass): 200 GET http://10.13.3.250:35357/v3/domains?name=admin_domain 0.026s[00m
2020-10-28 13:45:09.426 4169 INFO tempest.lib.common.rest_client [req-685f02b8-b903-48ca-a8bc-65a248e33bd0 ] Request (VolumesListTestJSON:setUpClass): 201 POST http://10.13.3.250:35357/v3/projects 0.027s[00m
2020-10-28 13:45:09.678 4169 INFO tempest.lib.common.rest_client [req-29e9d795-4339-4c72-be54-14e3e0748dc0 ] Request (VolumesListTestJSON:setUpClass): 201 POST http://10.13.3.250:35357/v3/users 0.252s[00m
2020-10-28 13:45:09.701 4169 INFO tempest.lib.common.rest_client [req-a44bd9ae-4360-42c0-9eae-26322b1500f0 ] Request (VolumesListTestJSON:setUpClass): 200 GET http://10.13.3.250:35357/v3/roles 0.018s[00m
2020-10-28 13:45:09.708 4171 WARNING tempest.lib.common.ssh [-] Failed to establish authenticated ssh connection to ubuntu@10.13.3.135 ([Errno None] Unable to connect to port 22 on 10.13.3.135). Number attempts: 3. Retry after 4 seconds.: paramiko.ssh_exception.NoValidConnectionsError: [Errno None] Unable to connect to port 22 on 10.13.3.135[00m
2020-10-28 13:45:09.727 4169 INFO tempest.lib.common.rest_client [req-26446f1f-c4a9-4dae-91a3-800097c2f1a1 ] Request (VolumesListTestJSON:setUpClass): 200 GET http://10.13.3.250:35357/v3/roles 0.018s[00m
2020-10-28 13:45:09.759 4169 INFO tempest.lib.common.rest_client [req-70b06b40-20c6-4550-a371-18df093eae4f ] Request (VolumesListTestJSON:setUpClass): 204 PUT http://10.13.3.250:35357/v3/projects/41de25541bc849efa26d415be2c09867/users/bdff346b77894fcb89c1b2d73348e28c/roles/639bc00bafb04403aa590b2815c71db4 0.030s[00m
2020-10-28 13:45:09.764 4169 INFO tempest.lib.common.dynamic_creds [-] Acquired dynamic creds:
 credentials: Credentials: {'domain_id': '2c685f1bdbd54ce9aa047dfa3f556f8e', 'domain_name': 'admin_domain', 'username': 'tempest-VolumesListTestJSON-1144567456', 'project_domain_id': '2c685f1bdbd54ce9aa047dfa3f556f8e', 'project_domain_name': 'admin_domain', 'project_id': '41de25541bc849efa26d415be2c09867', 'project_name': 'tempest-VolumesListTestJSON-1144567456', 'tenant_id': '41de25541bc849efa26d415be2c09867', 'tenant_name': 'tempest-VolumesListTestJSON-1144567456', 'user_domain_id': '2c685f1bdbd54ce9aa047dfa3f556f8e', 'user_domain_name': 'admin_domain', 'user_id': 'bdff346b77894fcb89c1b2d73348e28c'}, Network: None, Subnet: None, Router: None[00m
2020-10-28 13:45:09.770 4169 INFO tempest.lib.common.dynamic_creds [-] Created isolated network resources for:
 credentials: Credentials: {'domain_id': '2c685f1bdbd54ce9aa047dfa3f556f8e', 'domain_name': 'admin_domain', 'username': 'tempest-VolumesListTestJSON-1144567456', 'project_domain_id': '2c685f1bdbd54ce9aa047dfa3f556f8e', 'project_domain_name': 'admin_domain', 'project_id': '41de25541bc849efa26d415be2c09867', 'project_name': 'tempest-VolumesListTestJSON-1144567456', 'tenant_id': '41de25541bc849efa26d415be2c09867', 'tenant_name': 'tempest-VolumesListTestJSON-1144567456', 'user_domain_id': '2c685f1bdbd54ce9aa047dfa3f556f8e', 'user_domain_name': 'admin_domain', 'user_id': 'bdff346b77894fcb89c1b2d73348e28c'}, Network: None, Subnet: None, Router: None[00m
2020-10-28 13:45:10.073 4169 INFO tempest.lib.common.rest_client [req-a8a33b77-6af2-4895-b40a-e44070736a34 ] Request (VolumesListTestJSON:setUpClass): 201 POST http://10.13.3.250:5000/v3/auth/tokens 0.279s[00m
2020-10-28 13:45:10.196 4169 INFO tempest.lib.common.rest_client [req-2c204488-7f16-49da-879f-913110f04320 ] Request (VolumesListTestJSON:setUpClass): 200 GET http://10.13.3.215:8776/v3/41de25541bc849efa26d415be2c09867/volumes 0.122s[00m
2020-10-28 13:45:10.360 4169 INFO tempest.lib.common.rest_client [req-6987dc32-e974-4240-be23-873bd5e8ce37 ] Request (VolumesListTestJSON:setUpClass): 202 POST http://10.13.3.215:8776/v3/41de25541bc849efa26d415be2c09867/volumes 0.161s[00m
2020-10-28 13:45:10.405 4169 INFO tempest.lib.common.rest_client [req-8e7ea442-a61a-4f6e-ba39-519348b2f7af ] Request (VolumesListTestJSON:setUpClass): 200 GET http://10.13.3.215:8776/v3/41de25541bc849efa26d415be2c09867/volumes/98752530-eec4-484a-b915-652a107e41aa 0.041s[00m
2020-10-28 13:45:11.454 4169 INFO tempest.lib.common.rest_client [req-7c9be24f-9378-4891-aa27-908f77ae711a ] Request (VolumesListTestJSON:setUpClass): 200 GET http://10.13.3.215:8776/v3/41de25541bc849efa26d415be2c09867/volumes/98752530-eec4-484a-b915-652a107e41aa 0.042s[00m
2020-10-28 13:45:11.458 4169 INFO tempest.common.waiters [-] volume 98752530-eec4-484a-b915-652a107e41aa reached available after waiting for 1.458477 seconds[00m
2020-10-28 13:45:11.501 4169 INFO tempest.lib.common.rest_client [req-1fc9913a-dc34-42da-882a-3b582545ff21 ] Request (VolumesListTestJSON:setUpClass): 200 GET http://10.13.3.215:8776/v3/41de25541bc849efa26d415be2c09867/volumes/98752530-eec4-484a-b915-652a107e41aa 0.042s[00m
2020-10-28 13:45:11.663 4169 INFO tempest.lib.common.rest_client [req-bb9806b0-56f9-42eb-82ce-ed7c22b0a094 ] Request (VolumesListTestJSON:setUpClass): 202 POST http://10.13.3.215:8776/v3/41de25541bc849efa26d415be2c09867/volumes 0.158s[00m
2020-10-28 13:45:11.711 4169 INFO tempest.lib.common.rest_client [req-751cfcd3-4758-4505-9f95-4910ad62a339 ] Request (VolumesListTestJSON:setUpClass): 200 GET http://10.13.3.215:8776/v3/41de25541bc849efa26d415be2c09867/volumes/b30cded7-64b8-4683-bb52-62d9857d98b5 0.043s[00m
2020-10-28 13:45:12.760 4169 INFO tempest.lib.common.rest_client [req-b45b48a9-1501-446c-b03c-e7d07bc650b8 ] Request (VolumesListTestJSON:setUpClass): 200 GET http://10.13.3.215:8776/v3/41de25541bc849efa26d415be2c09867/volumes/b30cded7-64b8-4683-bb52-62d9857d98b5 0.043s[00m
2020-10-28 13:45:12.764 4169 INFO tempest.common.waiters [-] volume b30cded7-64b8-4683-bb52-62d9857d98b5 reached available after waiting for 1.764397 seconds[00m
2020-10-28 13:45:12.807 4169 INFO tempest.lib.common.rest_client [req-37b908c0-e765-45c2-bca0-090c86c80ded ] Request (VolumesListTestJSON:setUpClass): 200 GET http://10.13.3.215:8776/v3/41de25541bc849efa26d415be2c09867/volumes/b30cded7-64b8-4683-bb52-62d9857d98b5 0.042s[00m
2020-10-28 13:45:12.962 4169 INFO tempest.lib.common.rest_client [req-c3fd9a69-3f49-4695-8037-3ff6823d8bc6 ] Request (VolumesListTestJSON:setUpClass): 202 POST http://10.13.3.215:8776/v3/41de25541bc849efa26d415be2c09867/volumes 0.151s[00m
2020-10-28 13:45:13.015 4169 INFO tempest.lib.common.rest_client [req-8b12d32f-3c14-413a-b919-98c11ae4d784 ] Request (VolumesListTestJSON:setUpClass): 200 GET http://10.13.3.215:8776/v3/41de25541bc849efa26d415be2c09867/volumes/a51df5ef-d9e8-4f2f-9489-df1afa528c8e 0.048s[00m
2020-10-28 13:45:14.062 4169 INFO tempest.lib.common.rest_client [req-796b314c-18c3-47dc-9f29-5b87fea45797 ] Request (VolumesListTestJSON:setUpClass): 200 GET http://10.13.3.215:8776/v3/41de25541bc849efa26d415be2c09867/volumes/a51df5ef-d9e8-4f2f-9489-df1afa528c8e 0.042s[00m
2020-10-28 13:45:14.067 4169 INFO tempest.common.waiters [-] volume a51df5ef-d9e8-4f2f-9489-df1afa528c8e reached available after waiting for 1.067021 seconds[00m
2020-10-28 13:45:14.109 4169 INFO tempest.lib.common.rest_client [req-5f9c25e1-48d4-4fb6-9525-5f1abf38a05d ] Request (VolumesListTestJSON:setUpClass): 200 GET http://10.13.3.215:8776/v3/41de25541bc849efa26d415be2c09867/volumes/a51df5ef-d9e8-4f2f-9489-df1afa528c8e 0.042s[00m
2020-10-28 13:45:14.146 4169 INFO tempest.lib.common.rest_client [req-0d575da5-5454-4e30-a66d-83231dcffaf9 ] Request (VolumesListTestJSON:test_volume_list): 200 GET http://10.13.3.215:8776/v3/41de25541bc849efa26d415be2c09867/volumes 0.031s[00m
{0} tempest.api.volume.test_volumes_list.VolumesListTestJSON.test_volume_list [0.034404s] ... ok
2020-10-28 13:45:14.197 4169 INFO tempest.lib.common.rest_client [req-9a8feb72-0975-4078-93a3-75828937a5f8 ] Request (VolumesListTestJSON:tearDownClass): 202 DELETE http://10.13.3.215:8776/v3/41de25541bc849efa26d415be2c09867/volumes/a51df5ef-d9e8-4f2f-9489-df1afa528c8e 0.047s[00m
2020-10-28 13:45:14.217 4171 WARNING tempest.lib.common.ssh [-] Failed to establish authenticated ssh connection to ubuntu@10.13.3.135 ([Errno None] Unable to connect to port 22 on 10.13.3.135). Number attempts: 4. Retry after 5 seconds.: paramiko.ssh_exception.NoValidConnectionsError: [Errno None] Unable to connect to port 22 on 10.13.3.135[00m
2020-10-28 13:45:14.240 4169 INFO tempest.lib.common.rest_client [req-2c0636eb-4c85-43af-a6eb-987cccc96ff6 ] Request (VolumesListTestJSON:tearDownClass): 200 GET http://10.13.3.215:8776/v3/41de25541bc849efa26d415be2c09867/volumes/a51df5ef-d9e8-4f2f-9489-df1afa528c8e 0.043s[00m
2020-10-28 13:45:15.279 4169 INFO tempest.lib.common.rest_client [req-19119df1-63f2-408e-a8f1-3835d4729a61 ] Request (VolumesListTestJSON:tearDownClass): 404 GET http://10.13.3.215:8776/v3/41de25541bc849efa26d415be2c09867/volumes/a51df5ef-d9e8-4f2f-9489-df1afa528c8e 0.032s[00m
2020-10-28 13:45:15.326 4169 INFO tempest.lib.common.rest_client [req-a7473dfd-c1bd-4968-b722-d66360163a7c ] Request (VolumesListTestJSON:tearDownClass): 202 DELETE http://10.13.3.215:8776/v3/41de25541bc849efa26d415be2c09867/volumes/b30cded7-64b8-4683-bb52-62d9857d98b5 0.046s[00m
2020-10-28 13:45:15.380 4169 INFO tempest.lib.common.rest_client [req-c22553f4-82fd-4cf0-8c73-01489dd25edc ] Request (VolumesListTestJSON:tearDownClass): 200 GET http://10.13.3.215:8776/v3/41de25541bc849efa26d415be2c09867/volumes/b30cded7-64b8-4683-bb52-62d9857d98b5 0.053s[00m
2020-10-28 13:45:16.416 4169 INFO tempest.lib.common.rest_client [req-cdce78de-f30d-4fee-809d-91977c09c0d8 ] Request (VolumesListTestJSON:tearDownClass): 404 GET http://10.13.3.215:8776/v3/41de25541bc849efa26d415be2c09867/volumes/b30cded7-64b8-4683-bb52-62d9857d98b5 0.029s[00m
2020-10-28 13:45:16.463 4169 INFO tempest.lib.common.rest_client [req-7af4b79c-4315-404e-ad5b-ebee921ff6b3 ] Request (VolumesListTestJSON:tearDownClass): 202 DELETE http://10.13.3.215:8776/v3/41de25541bc849efa26d415be2c09867/volumes/98752530-eec4-484a-b915-652a107e41aa 0.046s[00m
2020-10-28 13:45:16.507 4169 INFO tempest.lib.common.rest_client [req-97b17035-ef86-4f63-bbff-9edb88a2ebf4 ] Request (VolumesListTestJSON:tearDownClass): 200 GET http://10.13.3.215:8776/v3/41de25541bc849efa26d415be2c09867/volumes/98752530-eec4-484a-b915-652a107e41aa 0.043s[00m
2020-10-28 13:45:17.545 4169 INFO tempest.lib.common.rest_client [req-9d7a2d0f-93be-4323-9a50-cd6ef37b7ea4 ] Request (VolumesListTestJSON:tearDownClass): 404 GET http://10.13.3.215:8776/v3/41de25541bc849efa26d415be2c09867/volumes/98752530-eec4-484a-b915-652a107e41aa 0.031s[00m
2020-10-28 13:45:17.623 4169 INFO tempest.lib.common.rest_client [req-169fc065-60dc-41a7-b2ec-b93e9b582a95 ] Request (VolumesListTestJSON:tearDownClass): 204 DELETE http://10.13.3.250:35357/v3/users/bdff346b77894fcb89c1b2d73348e28c 0.077s[00m
2020-10-28 13:45:17.891 4169 INFO tempest.lib.common.rest_client [req-61f093fd-13b9-4d30-9708-ba69697a974f ] Request (VolumesListTestJSON:tearDownClass): 201 POST http://10.13.3.250:5000/v3/auth/tokens 0.266s[00m
2020-10-28 13:45:18.055 4169 INFO tempest.lib.common.rest_client [req-8516f696-684d-4887-b30a-624d062178e3 ] Request (VolumesListTestJSON:tearDownClass): 200 GET http://10.13.3.192:9696/v2.0/security-groups?tenant_id=41de25541bc849efa26d415be2c09867&name=default 0.164s[00m
2020-10-28 13:45:18.128 4169 INFO tempest.lib.common.rest_client [req-b91a01d8-3ca6-40fc-ab18-8feefa8854b8 ] Request (VolumesListTestJSON:tearDownClass): 204 DELETE http://10.13.3.192:9696/v2.0/security-groups/3b245c13-feea-41e3-949e-34e0cc1c06b1 0.072s[00m
2020-10-28 13:45:18.200 4169 INFO tempest.lib.common.rest_client [req-5a5b015b-3a02-4288-a0f4-abad460923a3 ] Request (VolumesListTestJSON:tearDownClass): 204 DELETE http://10.13.3.250:35357/v3/projects/41de25541bc849efa26d415be2c09867 0.071s[00m
2020-10-28 13:45:18.461 4169 INFO tempest.lib.common.rest_client [req-6e601101-dec4-4d54-a301-1f42da7eab44 ] Request (TestServerBasicOps:setUpClass): 201 POST http://10.13.3.250:5000/v3/auth/tokens 0.259s[00m
2020-10-28 13:45:18.710 4169 INFO tempest.lib.common.rest_client [req-14a49264-8444-4728-9a77-c0dc8e6ab99d ] Request (TestServerBasicOps:setUpClass): 201 POST http://10.13.3.250:5000/v3/auth/tokens 0.245s[00m
2020-10-28 13:45:18.729 4169 INFO tempest.lib.common.rest_client [req-919f2de2-3f16-4a45-8481-9dd364f6687c ] Request (TestServerBasicOps:setUpClass): 200 GET http://10.13.3.250:35357/v3/domains?name=admin_domain 0.019s[00m
2020-10-28 13:45:18.755 4169 INFO tempest.lib.common.rest_client [req-48790749-4205-4bcb-a89d-af728a37d328 ] Request (TestServerBasicOps:setUpClass): 201 POST http://10.13.3.250:35357/v3/projects 0.025s[00m
2020-10-28 13:45:19.004 4169 INFO tempest.lib.common.rest_client [req-589656ab-10d6-4736-a3a6-e95164fb82f2 ] Request (TestServerBasicOps:setUpClass): 201 POST http://10.13.3.250:35357/v3/users 0.248s[00m
2020-10-28 13:45:19.021 4169 INFO tempest.lib.common.rest_client [req-eaca5cb0-f98e-4360-95c9-c9302e354b45 ] Request (TestServerBasicOps:setUpClass): 200 GET http://10.13.3.250:35357/v3/roles 0.017s[00m
2020-10-28 13:45:19.039 4169 INFO tempest.lib.common.rest_client [req-9e8f4da4-baad-4399-b38c-7afc21f1ce82 ] Request (TestServerBasicOps:setUpClass): 200 GET http://10.13.3.250:35357/v3/roles 0.016s[00m
2020-10-28 13:45:19.068 4169 INFO tempest.lib.common.rest_client [req-5cbe5b5d-b04f-4bdb-bc09-d80357b5b343 ] Request (TestServerBasicOps:setUpClass): 204 PUT http://10.13.3.250:35357/v3/projects/32f9c97373d24ef3a32b5d7b3736bd38/users/8acccd9193174aa9a14635df3d89e197/roles/639bc00bafb04403aa590b2815c71db4 0.029s[00m
2020-10-28 13:45:19.069 4169 INFO tempest.lib.common.dynamic_creds [-] Acquired dynamic creds:
 credentials: Credentials: {'domain_id': '2c685f1bdbd54ce9aa047dfa3f556f8e', 'domain_name': 'admin_domain', 'username': 'tempest-TestServerBasicOps-1755399497', 'project_domain_id': '2c685f1bdbd54ce9aa047dfa3f556f8e', 'project_domain_name': 'admin_domain', 'project_id': '32f9c97373d24ef3a32b5d7b3736bd38', 'project_name': 'tempest-TestServerBasicOps-1755399497', 'tenant_id': '32f9c97373d24ef3a32b5d7b3736bd38', 'tenant_name': 'tempest-TestServerBasicOps-1755399497', 'user_domain_id': '2c685f1bdbd54ce9aa047dfa3f556f8e', 'user_domain_name': 'admin_domain', 'user_id': '8acccd9193174aa9a14635df3d89e197'}, Network: None, Subnet: None, Router: None[00m
2020-10-28 13:45:19.327 4169 INFO tempest.lib.common.rest_client [req-68ce365e-2919-4272-ae98-08fdbed7470a ] Request (TestServerBasicOps:setUpClass): 201 POST http://10.13.3.250:5000/v3/auth/tokens 0.257s[00m
2020-10-28 13:45:19.559 4169 INFO tempest.lib.common.rest_client [req-f809df78-e3e4-41a3-8932-e99bec2c7216 ] Request (TestServerBasicOps:setUpClass): 201 POST http://10.13.3.192:9696/v2.0/networks 0.231s[00m
2020-10-28 13:45:19.733 4171 WARNING tempest.lib.common.ssh [-] Failed to establish authenticated ssh connection to ubuntu@10.13.3.135 ([Errno None] Unable to connect to port 22 on 10.13.3.135). Number attempts: 5. Retry after 6 seconds.: paramiko.ssh_exception.NoValidConnectionsError: [Errno None] Unable to connect to port 22 on 10.13.3.135[00m
2020-10-28 13:45:19.849 4169 INFO tempest.lib.common.rest_client [req-cc035e48-cd6c-4c10-bec4-2b90f9d5bad8 ] Request (TestServerBasicOps:setUpClass): 201 POST http://10.13.3.192:9696/v2.0/subnets 0.289s[00m
2020-10-28 13:45:20.611 4169 INFO tempest.lib.common.rest_client [req-6944e3ab-fbe4-4156-9663-c7b895797113 ] Request (TestServerBasicOps:setUpClass): 201 POST http://10.13.3.192:9696/v2.0/routers 0.762s[00m
2020-10-28 13:45:21.720 4169 INFO tempest.lib.common.rest_client [req-dd787c97-ed09-4c9f-9a2f-5649bad11dd3 ] Request (TestServerBasicOps:setUpClass): 200 PUT http://10.13.3.192:9696/v2.0/routers/46884e46-4ae5-4979-a963-a7a57e0ec6b7/add_router_interface 1.108s[00m
2020-10-28 13:45:21.720 4169 INFO tempest.lib.common.dynamic_creds [-] Created isolated network resources for:
 credentials: Credentials: {'domain_id': '2c685f1bdbd54ce9aa047dfa3f556f8e', 'domain_name': 'admin_domain', 'username': 'tempest-TestServerBasicOps-1755399497', 'project_domain_id': '2c685f1bdbd54ce9aa047dfa3f556f8e', 'project_domain_name': 'admin_domain', 'project_id': '32f9c97373d24ef3a32b5d7b3736bd38', 'project_name': 'tempest-TestServerBasicOps-1755399497', 'tenant_id': '32f9c97373d24ef3a32b5d7b3736bd38', 'tenant_name': 'tempest-TestServerBasicOps-1755399497', 'user_domain_id': '2c685f1bdbd54ce9aa047dfa3f556f8e', 'user_domain_name': 'admin_domain', 'user_id': '8acccd9193174aa9a14635df3d89e197'}, Network: {'id': '9278058e-4619-4a5a-aa6d-05740ca24271', 'name': 'tempest-TestServerBasicOps-1631463753-network', 'tenant_id': '32f9c97373d24ef3a32b5d7b3736bd38', 'admin_state_up': True, 'mtu': 1458, 'status': 'ACTIVE', 'subnets': [], 'shared': False, 'project_id': '32f9c97373d24ef3a32b5d7b3736bd38', 'router:external': False, 'provider:network_type': 'gre', 'provider:physical_network': None, 'provider:segmentation_id': 2, 'availability_zone_hints': [], 'is_default': False, 'availability_zones': [], 'ipv4_address_scope': None, 'ipv6_address_scope': None, 'description': '', 'l2_adjacency': True, 'tags': [], 'created_at': '2020-10-28T13:45:19Z', 'updated_at': '2020-10-28T13:45:19Z', 'revision_number': 1}, Subnet: {'id': '70b7cb38-743e-4f1b-8c07-76a8d8a9653f', 'name': 'tempest-TestServerBasicOps-1631463753-subnet', 'tenant_id': '32f9c97373d24ef3a32b5d7b3736bd38', 'network_id': '9278058e-4619-4a5a-aa6d-05740ca24271', 'ip_version': 4, 'subnetpool_id': None, 'enable_dhcp': True, 'ipv6_ra_mode': None, 'ipv6_address_mode': None, 'gateway_ip': '172.16.0.1', 'cidr': '172.16.0.0/28', 'allocation_pools': [{'start': '172.16.0.2', 'end': '172.16.0.14'}], 'host_routes': [], 'dns_nameservers': [], 'description': '', 'service_types': [], 'segment_id': None, 'tags': [], 'created_at': '2020-10-28T13:45:19Z', 'updated_at': '2020-10-28T13:45:19Z', 'revision_number': 0, 'project_id': '32f9c97373d24ef3a32b5d7b3736bd38'}, Router: {'id': '46884e46-4ae5-4979-a963-a7a57e0ec6b7', 'name': 'tempest-TestServerBasicOps-1631463753-router', 'tenant_id': '32f9c97373d24ef3a32b5d7b3736bd38', 'admin_state_up': True, 'status': 'ACTIVE', 'external_gateway_info': {'network_id': 'ce12e1ab-fe6d-481d-82aa-a065d6f2a7ff', 'external_fixed_ips': [{'subnet_id': '3b6c9c63-dee6-417a-ad94-8d371560e79d', 'ip_address': '10.13.3.166'}], 'enable_snat': True}, 'description': '', 'availability_zones': [], 'distributed': False, 'ha': False, 'availability_zone_hints': [], 'routes': [], 'flavor_id': None, 'tags': [], 'created_at': '2020-10-28T13:45:19Z', 'updated_at': '2020-10-28T13:45:20Z', 'revision_number': 3, 'project_id': '32f9c97373d24ef3a32b5d7b3736bd38'}[00m
2020-10-28 13:45:22.003 4169 INFO tempest.lib.common.rest_client [req-1d7ffb4f-7208-4b50-a7e2-3d95aedf3d52 ] Request (TestServerBasicOps:setUpClass): 201 POST http://10.13.3.250:5000/v3/auth/tokens 0.274s[00m
2020-10-28 13:45:22.361 4169 INFO tempest.lib.common.rest_client [req-4b3c1761-67ee-4c19-9d26-327b90ff5290 ] Request (TestServerBasicOps:test_server_basic_ops): 200 POST http://10.13.3.195:8774/v2.1/os-keypairs 0.356s[00m
2020-10-28 13:45:22.485 4169 INFO tempest.lib.common.rest_client [req-eea5020d-05d5-4165-a1f4-4cb0aa02d972 ] Request (TestServerBasicOps:test_server_basic_ops): 200 POST http://10.13.3.195:8774/v2.1/os-security-groups 0.122s[00m
2020-10-28 13:45:22.591 4169 INFO tempest.lib.common.rest_client [req-c5c4d75e-0a2a-4d6d-946a-d5ad062e5bf6 ] Request (TestServerBasicOps:test_server_basic_ops): 200 POST http://10.13.3.195:8774/v2.1/os-security-group-rules 0.096s[00m
2020-10-28 13:45:22.691 4169 INFO tempest.lib.common.rest_client [req-cbfbf803-52d0-41af-b498-c5299dd501a3 ] Request (TestServerBasicOps:test_server_basic_ops): 200 POST http://10.13.3.195:8774/v2.1/os-security-group-rules 0.098s[00m
2020-10-28 13:45:22.934 4169 INFO tempest.lib.common.rest_client [req-cb725231-3fed-4850-a5ab-b4e3ce2f9bc1 ] Request (TestServerBasicOps:test_server_basic_ops): 201 POST http://10.13.3.250:5000/v3/auth/tokens 0.235s[00m
2020-10-28 13:45:22.936 4169 INFO tempest.lib.common.fixed_network [-] (TestServerBasicOps:test_server_basic_ops) Found network {'id': '9278058e-4619-4a5a-aa6d-05740ca24271', 'name': 'tempest-TestServerBasicOps-1631463753-network', 'tenant_id': '32f9c97373d24ef3a32b5d7b3736bd38', 'admin_state_up': True, 'mtu': 1458, 'status': 'ACTIVE', 'subnets': [], 'shared': False, 'project_id': '32f9c97373d24ef3a32b5d7b3736bd38', 'router:external': False, 'provider:network_type': 'gre', 'provider:physical_network': None, 'provider:segmentation_id': 2, 'availability_zone_hints': [], 'is_default': False, 'availability_zones': [], 'ipv4_address_scope': None, 'ipv6_address_scope': None, 'description': '', 'l2_adjacency': True, 'tags': [], 'created_at': '2020-10-28T13:45:19Z', 'updated_at': '2020-10-28T13:45:19Z', 'revision_number': 1} available for tenant[00m
2020-10-28 13:45:23.377 4169 INFO tempest.lib.common.rest_client [req-779673f2-6b25-4a0e-b95f-352974b51f72 ] Request (TestServerBasicOps:test_server_basic_ops): 202 POST http://10.13.3.195:8774/v2.1/servers 0.439s[00m
2020-10-28 13:45:23.429 4169 INFO tempest.lib.common.rest_client [req-0bbda331-68e5-4108-9238-f73bf8accbb5 ] Request (TestServerBasicOps:test_server_basic_ops): 200 GET http://10.13.3.195:8774/v2.1/servers/e551a110-0ae0-4afd-9364-9d0bd936c15c 0.050s[00m
2020-10-28 13:45:24.625 4169 INFO tempest.lib.common.rest_client [req-b324b866-e714-4640-bc6e-33fabf9e6bff ] Request (TestServerBasicOps:test_server_basic_ops): 200 GET http://10.13.3.195:8774/v2.1/servers/e551a110-0ae0-4afd-9364-9d0bd936c15c 0.187s[00m
2020-10-28 13:45:24.629 4169 INFO tempest.common.waiters [-] State transition "BUILD/scheduling" ==> "BUILD/spawning" after 1 second wait[00m
2020-10-28 13:45:25.739 4169 INFO tempest.lib.common.rest_client [req-87d9a255-ba03-4008-8a4d-c49977878747 ] Request (TestServerBasicOps:test_server_basic_ops): 200 GET http://10.13.3.195:8774/v2.1/servers/e551a110-0ae0-4afd-9364-9d0bd936c15c 0.108s[00m
2020-10-28 13:45:26.256 4171 INFO paramiko.transport [-] Connected (version 2.0, client OpenSSH_7.6p1)[00m
2020-10-28 13:45:26.385 4171 INFO paramiko.transport [-] Authentication (publickey) successful![00m
2020-10-28 13:45:26.387 4171 INFO tempest.lib.common.ssh [-] ssh connection to ubuntu@10.13.3.135 successfully created[00m
2020-10-28 13:45:26.880 4169 INFO tempest.lib.common.rest_client [req-43bb2a11-5198-4564-815e-7d82638159b1 ] Request (TestServerBasicOps:test_server_basic_ops): 200 GET http://10.13.3.195:8774/v2.1/servers/e551a110-0ae0-4afd-9364-9d0bd936c15c 0.135s[00m
2020-10-28 13:45:27.333 4171 INFO tempest.lib.common.ssh [-] Creating ssh connection to '10.13.3.135:22' as 'ubuntu' with public key authentication[00m
2020-10-28 13:45:27.355 4171 INFO paramiko.transport [-] Connected (version 2.0, client OpenSSH_7.6p1)[00m
2020-10-28 13:45:27.483 4171 INFO paramiko.transport [-] Authentication (publickey) successful![00m
2020-10-28 13:45:27.485 4171 INFO tempest.lib.common.ssh [-] ssh connection to ubuntu@10.13.3.135 successfully created[00m
2020-10-28 13:45:27.997 4169 INFO tempest.lib.common.rest_client [req-c8223562-9395-458c-8058-1c1855b640e4 ] Request (TestServerBasicOps:test_server_basic_ops): 200 GET http://10.13.3.195:8774/v2.1/servers/e551a110-0ae0-4afd-9364-9d0bd936c15c 0.111s[00m
2020-10-28 13:45:28.006 4169 INFO tempest.common.waiters [-] State transition "BUILD/spawning" ==> "ACTIVE/None" after 5 second wait[00m
2020-10-28 13:45:28.115 4169 INFO tempest.lib.common.rest_client [req-b23890d3-b1e6-481c-bdd1-50879535ddfd ] Request (TestServerBasicOps:test_server_basic_ops): 200 GET http://10.13.3.195:8774/v2.1/servers/e551a110-0ae0-4afd-9364-9d0bd936c15c 0.108s[00m
2020-10-28 13:45:28.741 4171 INFO tempest.lib.common.rest_client [req-b92d2cc4-9745-44c1-9a58-0baad6b2f0dc ] Request (ServerActionsTestJSON:test_reboot_server_hard): 202 POST http://10.13.3.195:8774/v2.1/servers/6e87f089-2c75-4721-b4ac-ab03d54232e9/action 0.084s[00m
2020-10-28 13:45:28.859 4171 INFO tempest.lib.common.rest_client [req-4bbf9b85-8625-409d-9dbd-d30d015800c1 ] Request (ServerActionsTestJSON:test_reboot_server_hard): 200 GET http://10.13.3.195:8774/v2.1/servers/6e87f089-2c75-4721-b4ac-ab03d54232e9 0.116s[00m
2020-10-28 13:45:29.153 4169 INFO tempest.lib.common.rest_client [req-847120f6-5233-456d-8ead-e3cdf5c7edbc ] Request (TestServerBasicOps:test_server_basic_ops): 200 POST http://10.13.3.195:8774/v2.1/os-floating-ips 1.033s[00m
2020-10-28 13:45:29.994 4171 INFO tempest.lib.common.rest_client [req-59c95738-04ab-4102-80c3-9f65fdfd205d ] Request (ServerActionsTestJSON:test_reboot_server_hard): 200 GET http://10.13.3.195:8774/v2.1/servers/6e87f089-2c75-4721-b4ac-ab03d54232e9 0.122s[00m
2020-10-28 13:45:30.002 4171 INFO tempest.common.waiters [-] State transition "HARD_REBOOT/rebooting_hard" ==> "HARD_REBOOT/reboot_started_hard" after 2 second wait[00m
2020-10-28 13:45:30.678 4169 INFO tempest.lib.common.rest_client [req-37d65d61-2fb4-4287-8f99-cb11015bd25f ] Request (TestServerBasicOps:test_server_basic_ops): 202 POST http://10.13.3.195:8774/v2.1/servers/e551a110-0ae0-4afd-9364-9d0bd936c15c/action 1.522s[00m
2020-10-28 13:45:30.685 4169 INFO tempest.lib.common.ssh [-] Creating ssh connection to '10.13.3.183:22' as 'ubuntu' with public key authentication[00m
2020-10-28 13:45:31.116 4171 INFO tempest.lib.common.rest_client [req-eef7224f-3437-49a9-bd88-6c08a4461abc ] Request (ServerActionsTestJSON:test_reboot_server_hard): 200 GET http://10.13.3.195:8774/v2.1/servers/6e87f089-2c75-4721-b4ac-ab03d54232e9 0.112s[00m
2020-10-28 13:45:32.231 4171 INFO tempest.lib.common.rest_client [req-98a8809d-3057-4f8d-bd1e-3fd2a872590f ] Request (ServerActionsTestJSON:test_reboot_server_hard): 200 GET http://10.13.3.195:8774/v2.1/servers/6e87f089-2c75-4721-b4ac-ab03d54232e9 0.108s[00m
2020-10-28 13:45:32.303 4169 WARNING tempest.lib.common.ssh [-] Failed to establish authenticated ssh connection to ubuntu@10.13.3.183 ([Errno None] Unable to connect to port 22 on 10.13.3.183). Number attempts: 1. Retry after 2 seconds.: paramiko.ssh_exception.NoValidConnectionsError: [Errno None] Unable to connect to port 22 on 10.13.3.183[00m
2020-10-28 13:45:33.346 4171 INFO tempest.lib.common.rest_client [req-ffd0d2c8-ca14-4c02-807e-debde7242c7d ] Request (ServerActionsTestJSON:test_reboot_server_hard): 200 GET http://10.13.3.195:8774/v2.1/servers/6e87f089-2c75-4721-b4ac-ab03d54232e9 0.107s[00m
2020-10-28 13:45:33.352 4171 INFO tempest.common.waiters [-] State transition "HARD_REBOOT/reboot_started_hard" ==> "ACTIVE/None" after 5 second wait[00m
2020-10-28 13:45:33.359 4171 INFO tempest.lib.common.ssh [-] Creating ssh connection to '10.13.3.135:22' as 'ubuntu' with public key authentication[00m
2020-10-28 13:45:34.809 4169 WARNING tempest.lib.common.ssh [-] Failed to establish authenticated ssh connection to ubuntu@10.13.3.183 ([Errno None] Unable to connect to port 22 on 10.13.3.183). Number attempts: 2. Retry after 3 seconds.: paramiko.ssh_exception.NoValidConnectionsError: [Errno None] Unable to connect to port 22 on 10.13.3.183[00m
2020-10-28 13:45:36.417 4171 WARNING tempest.lib.common.ssh [-] Failed to establish authenticated ssh connection to ubuntu@10.13.3.135 ([Errno None] Unable to connect to port 22 on 10.13.3.135). Number attempts: 1. Retry after 2 seconds.: paramiko.ssh_exception.NoValidConnectionsError: [Errno None] Unable to connect to port 22 on 10.13.3.135[00m
2020-10-28 13:45:38.316 4169 WARNING tempest.lib.common.ssh [-] Failed to establish authenticated ssh connection to ubuntu@10.13.3.183 ([Errno None] Unable to connect to port 22 on 10.13.3.183). Number attempts: 3. Retry after 4 seconds.: paramiko.ssh_exception.NoValidConnectionsError: [Errno None] Unable to connect to port 22 on 10.13.3.183[00m
2020-10-28 13:45:38.925 4171 WARNING tempest.lib.common.ssh [-] Failed to establish authenticated ssh connection to ubuntu@10.13.3.135 ([Errno None] Unable to connect to port 22 on 10.13.3.135). Number attempts: 2. Retry after 3 seconds.: paramiko.ssh_exception.NoValidConnectionsError: [Errno None] Unable to connect to port 22 on 10.13.3.135[00m
2020-10-28 13:45:42.434 4171 WARNING tempest.lib.common.ssh [-] Failed to establish authenticated ssh connection to ubuntu@10.13.3.135 ([Errno None] Unable to connect to port 22 on 10.13.3.135). Number attempts: 3. Retry after 4 seconds.: paramiko.ssh_exception.NoValidConnectionsError: [Errno None] Unable to connect to port 22 on 10.13.3.135[00m
2020-10-28 13:45:42.824 4169 WARNING tempest.lib.common.ssh [-] Failed to establish authenticated ssh connection to ubuntu@10.13.3.183 ([Errno None] Unable to connect to port 22 on 10.13.3.183). Number attempts: 4. Retry after 5 seconds.: paramiko.ssh_exception.NoValidConnectionsError: [Errno None] Unable to connect to port 22 on 10.13.3.183[00m
2020-10-28 13:45:46.944 4171 WARNING tempest.lib.common.ssh [-] Failed to establish authenticated ssh connection to ubuntu@10.13.3.135 ([Errno None] Unable to connect to port 22 on 10.13.3.135). Number attempts: 4. Retry after 5 seconds.: paramiko.ssh_exception.NoValidConnectionsError: [Errno None] Unable to connect to port 22 on 10.13.3.135[00m
2020-10-28 13:45:48.339 4169 INFO paramiko.transport [-] Connected (version 2.0, client OpenSSH_7.6p1)[00m
2020-10-28 13:45:48.461 4169 INFO paramiko.transport [-] Authentication (publickey) successful![00m
2020-10-28 13:45:48.462 4169 INFO tempest.lib.common.ssh [-] ssh connection to ubuntu@10.13.3.183 successfully created[00m
2020-10-28 13:45:48.462 4169 INFO tempest.lib.common.ssh [-] Creating ssh connection to '10.13.3.183:22' as 'ubuntu' with public key authentication[00m
2020-10-28 13:45:48.502 4169 INFO paramiko.transport [-] Connected (version 2.0, client OpenSSH_7.6p1)[00m
2020-10-28 13:45:48.579 4169 INFO paramiko.transport [-] Authentication (publickey) successful![00m
2020-10-28 13:45:48.581 4169 INFO tempest.lib.common.ssh [-] ssh connection to ubuntu@10.13.3.183 successfully created[00m
2020-10-28 13:45:50.324 4169 INFO tempest.lib.common.ssh [-] Creating ssh connection to '10.13.3.183:22' as 'ubuntu' with public key authentication[00m
2020-10-28 13:45:50.339 4169 INFO paramiko.transport [-] Connected (version 2.0, client OpenSSH_7.6p1)[00m
2020-10-28 13:45:50.481 4169 INFO paramiko.transport [-] Authentication (publickey) successful![00m
