2020-10-28 13:23:18.825 3178 INFO tempest.lib.common.rest_client [req-fdd58e71-9836-499a-8c56-44dca7466099 ] Request (ServersTestManualDisk:setUpClass): 201 POST http://10.13.3.250:5000/v3/auth/tokens 0.233s[00m
2020-10-28 13:23:18.827 3178 INFO tempest.lib.common.fixed_network [-] (ServersTestManualDisk:setUpClass) Found network {'id': '01b817c5-9bf1-4eed-a078-b9643a056315', 'name': 'tempest-ServersTestManualDisk-1726731994-network', 'tenant_id': '3322dda83541491885a99b096b31942d', 'admin_state_up': True, 'mtu': 1458, 'status': 'ACTIVE', 'subnets': [], 'shared': False, 'project_id': '3322dda83541491885a99b096b31942d', 'router:external': False, 'provider:network_type': 'gre', 'provider:physical_network': None, 'provider:segmentation_id': 2, 'availability_zone_hints': [], 'is_default': False, 'availability_zones': [], 'ipv4_address_scope': None, 'ipv6_address_scope': None, 'description': '', 'l2_adjacency': True, 'tags': [], 'created_at': '2020-10-28T13:23:14Z', 'updated_at': '2020-10-28T13:23:14Z', 'revision_number': 1} available for tenant[00m
2020-10-28 13:23:19.403 3178 INFO tempest.lib.common.rest_client [req-7af19bf5-51bd-413b-a6b3-3fc467c2eb16 ] Request (ServersTestManualDisk:setUpClass): 202 POST http://10.13.3.195:8774/v2.1/servers 0.571s[00m
2020-10-28 13:23:19.461 3178 INFO tempest.lib.common.rest_client [req-5998c747-01a3-4f53-9e09-d24bf58fe91a ] Request (ServersTestManualDisk:setUpClass): 200 GET http://10.13.3.195:8774/v2.1/servers/25c9b960-910b-4d89-b5a6-106006dbe78d 0.055s[00m
2020-10-28 13:23:19.541 3175 INFO tempest.lib.common.rest_client [req-6e25c0ff-50bc-4265-bf76-0b8d370eedc9 ] Request (AttachInterfacesUnderV243Test:test_add_remove_fixed_ip): 200 GET http://10.13.3.195:8774/v2.1/servers/e9155aa6-2312-4740-9c86-eb1fa49345be 0.113s[00m
2020-10-28 13:23:20.680 3178 INFO tempest.lib.common.rest_client [req-6a10c24a-0f93-48f5-ad69-831070f34a03 ] Request (ServersTestManualDisk:setUpClass): 200 GET http://10.13.3.195:8774/v2.1/servers/25c9b960-910b-4d89-b5a6-106006dbe78d 0.211s[00m
2020-10-28 13:23:20.686 3178 INFO tempest.common.waiters [-] State transition "BUILD/scheduling" ==> "BUILD/spawning" after 1 second wait[00m
2020-10-28 13:23:20.760 3175 INFO tempest.lib.common.rest_client [req-26ddc3e1-5686-4e3d-b420-fbdb999cdace ] Request (AttachInterfacesUnderV243Test:test_add_remove_fixed_ip): 200 GET http://10.13.3.195:8774/v2.1/servers/e9155aa6-2312-4740-9c86-eb1fa49345be 0.213s[00m
2020-10-28 13:23:21.795 3178 INFO tempest.lib.common.rest_client [req-2676154f-7a92-43ef-abeb-59825e87612e ] Request (ServersTestManualDisk:setUpClass): 200 GET http://10.13.3.195:8774/v2.1/servers/25c9b960-910b-4d89-b5a6-106006dbe78d 0.107s[00m
2020-10-28 13:23:21.876 3175 INFO tempest.lib.common.rest_client [req-72554c15-9409-45a3-841f-956ff5537525 ] Request (AttachInterfacesUnderV243Test:test_add_remove_fixed_ip): 200 GET http://10.13.3.195:8774/v2.1/servers/e9155aa6-2312-4740-9c86-eb1fa49345be 0.110s[00m
2020-10-28 13:23:21.881 3175 INFO tempest.common.waiters [-] State transition "BUILD/spawning" ==> "ACTIVE/None" after 4 second wait[00m
2020-10-28 13:23:21.957 3175 INFO tempest.lib.common.rest_client [req-3755fe8a-2bcf-43d5-8303-58edf1552da4 ] Request (AttachInterfacesUnderV243Test:test_add_remove_fixed_ip): 200 GET http://10.13.3.195:8774/v2.1/servers/e9155aa6-2312-4740-9c86-eb1fa49345be/os-interface 0.074s[00m
2020-10-28 13:23:22.814 3175 INFO tempest.lib.common.rest_client [req-15cd200b-edc0-4e1c-87fc-c5d8a24d3426 ] Request (AttachInterfacesUnderV243Test:test_add_remove_fixed_ip): 200 PUT http://10.13.3.192:9696/v2.0/floatingips/cfa84e76-15f8-4da2-b201-af5c1328c1b0 0.853s[00m
2020-10-28 13:23:23.095 3178 INFO tempest.lib.common.rest_client [req-6bea00a8-7954-4cf2-9624-4ff616aab95a ] Request (ServersTestManualDisk:setUpClass): 200 GET http://10.13.3.195:8774/v2.1/servers/25c9b960-910b-4d89-b5a6-106006dbe78d 0.294s[00m
2020-10-28 13:23:23.102 3175 INFO tempest.lib.common.rest_client [req-26546003-8ae3-449d-b22b-8ba2b5c7b329 ] Request (AttachInterfacesUnderV243Test:test_add_remove_fixed_ip): 200 GET http://10.13.3.195:8774/v2.1/servers/e9155aa6-2312-4740-9c86-eb1fa49345be 0.286s[00m
2020-10-28 13:23:23.114 3175 INFO tempest.lib.common.ssh [-] Creating ssh connection to '10.13.3.139:22' as 'ubuntu' with public key authentication[00m
2020-10-28 13:23:24.214 3178 INFO tempest.lib.common.rest_client [req-4390d2fc-f6fc-450d-bbd2-e3b154d8a140 ] Request (ServersTestManualDisk:setUpClass): 200 GET http://10.13.3.195:8774/v2.1/servers/25c9b960-910b-4d89-b5a6-106006dbe78d 0.111s[00m
2020-10-28 13:23:24.220 3178 INFO tempest.common.waiters [-] State transition "BUILD/spawning" ==> "ACTIVE/None" after 5 second wait[00m
2020-10-28 13:23:24.295 3178 INFO tempest.lib.common.rest_client [req-2d402aed-3175-4b38-8d98-620a60ff78bf ] Request (ServersTestManualDisk:setUpClass): 200 GET http://10.13.3.195:8774/v2.1/servers/25c9b960-910b-4d89-b5a6-106006dbe78d/os-interface 0.074s[00m
2020-10-28 13:23:24.670 3175 WARNING tempest.lib.common.ssh [-] Failed to establish authenticated ssh connection to ubuntu@10.13.3.139 ([Errno None] Unable to connect to port 22 on 10.13.3.139). Number attempts: 1. Retry after 2 seconds.: paramiko.ssh_exception.NoValidConnectionsError: [Errno None] Unable to connect to port 22 on 10.13.3.139[00m
2020-10-28 13:23:25.014 3178 INFO tempest.lib.common.rest_client [req-32d822b3-ed86-46f8-805c-82dccb837010 ] Request (ServersTestManualDisk:setUpClass): 200 PUT http://10.13.3.192:9696/v2.0/floatingips/edaad8fd-a0db-447e-af40-778133d20754 0.715s[00m
2020-10-28 13:23:25.202 3178 INFO tempest.lib.common.rest_client [req-4582f868-964f-4fb0-b881-b456c6c620cd ] Request (ServersTestManualDisk:setUpClass): 200 GET http://10.13.3.195:8774/v2.1/servers/25c9b960-910b-4d89-b5a6-106006dbe78d 0.187s[00m
2020-10-28 13:23:25.307 3178 INFO tempest.lib.common.rest_client [req-a7b9ace2-8072-47fe-93c4-c8405d8c4a4a ] Request (ServersTestManualDisk:test_list_servers): 200 GET http://10.13.3.195:8774/v2.1/servers 0.098s[00m
{1} tempest.api.compute.servers.test_create_server.ServersTestManualDisk.test_list_servers [0.102176s] ... ok
{1} tempest.api.compute.servers.test_create_server.ServersTestManualDisk.test_verify_server_details [0.000471s] ... ok
2020-10-28 13:23:25.409 3178 INFO tempest.lib.common.rest_client [req-d78df9ca-888c-4389-95a6-fbe1f7d9fa64 ] Request (ServersTestManualDisk:tearDownClass): 204 DELETE http://10.13.3.195:8774/v2.1/servers/25c9b960-910b-4d89-b5a6-106006dbe78d 0.097s[00m
2020-10-28 13:23:25.530 3178 INFO tempest.lib.common.rest_client [req-f6c847e3-5b91-4872-8c20-73b65d9e6167 ] Request (ServersTestManualDisk:tearDownClass): 200 GET http://10.13.3.195:8774/v2.1/servers/25c9b960-910b-4d89-b5a6-106006dbe78d 0.119s[00m
2020-10-28 13:23:26.722 3178 INFO tempest.lib.common.rest_client [req-8240b50d-5f57-4fc1-ab6c-1e0bfe9d5ed4 ] Request (ServersTestManualDisk:tearDownClass): 200 GET http://10.13.3.195:8774/v2.1/servers/25c9b960-910b-4d89-b5a6-106006dbe78d 0.184s[00m
2020-10-28 13:23:27.177 3175 WARNING tempest.lib.common.ssh [-] Failed to establish authenticated ssh connection to ubuntu@10.13.3.139 ([Errno None] Unable to connect to port 22 on 10.13.3.139). Number attempts: 2. Retry after 3 seconds.: paramiko.ssh_exception.NoValidConnectionsError: [Errno None] Unable to connect to port 22 on 10.13.3.139[00m
2020-10-28 13:23:27.770 3178 INFO tempest.lib.common.rest_client [req-5b4999ae-97c1-4c1b-b0eb-38d892240953 ] Request (ServersTestManualDisk:tearDownClass): 404 GET http://10.13.3.195:8774/v2.1/servers/25c9b960-910b-4d89-b5a6-106006dbe78d 0.041s[00m
2020-10-28 13:23:27.796 3178 INFO tempest.lib.common.rest_client [req-fc902c2c-e671-48f6-a4fc-375977d731bf ] Request (ServersTestManualDisk:tearDownClass): 202 DELETE http://10.13.3.195:8774/v2.1/os-keypairs/tempest-keypair-629475615 0.023s[00m
2020-10-28 13:23:27.886 3178 INFO tempest.lib.common.rest_client [req-c1ec3723-dc6e-4979-9921-41b34edfc11f ] Request (ServersTestManualDisk:tearDownClass): 204 DELETE http://10.13.3.192:9696/v2.0/security-groups/b120b2b5-d3ad-4c54-9ed7-f661f97e88ae 0.088s[00m
2020-10-28 13:23:27.900 3178 INFO tempest.lib.common.rest_client [req-b6bb61b1-e693-4873-9247-d504f84afa92 ] Request (ServersTestManualDisk:tearDownClass): 404 GET http://10.13.3.192:9696/v2.0/security-groups/b120b2b5-d3ad-4c54-9ed7-f661f97e88ae 0.013s[00m
2020-10-28 13:23:28.231 3178 INFO tempest.lib.common.rest_client [req-ef4c3bc2-f9e7-448b-902a-a6e6394e5ddc ] Request (ServersTestManualDisk:tearDownClass): 204 DELETE http://10.13.3.192:9696/v2.0/floatingips/edaad8fd-a0db-447e-af40-778133d20754 0.329s[00m
2020-10-28 13:23:29.519 3178 INFO tempest.lib.common.rest_client [req-0f74eb69-bc5c-4357-9d1b-1aede773f5ee ] Request (ServersTestManualDisk:tearDownClass): 200 PUT http://10.13.3.192:9696/v2.0/routers/9463c331-ce46-4aa3-99c9-cc27663f3106/remove_router_interface 1.286s[00m
2020-10-28 13:23:30.233 3178 INFO tempest.lib.common.rest_client [req-e4424727-4936-423f-a055-d88fcbdabfa6 ] Request (ServersTestManualDisk:tearDownClass): 204 DELETE http://10.13.3.192:9696/v2.0/routers/9463c331-ce46-4aa3-99c9-cc27663f3106 0.712s[00m
2020-10-28 13:23:30.521 3178 INFO tempest.lib.common.rest_client [req-1fdd5ee0-0427-4505-bd79-f8fc9a95ad1f ] Request (ServersTestManualDisk:tearDownClass): 204 DELETE http://10.13.3.192:9696/v2.0/subnets/ab80e00e-4f4d-4b21-a0c2-8116cb9af086 0.286s[00m
2020-10-28 13:23:30.680 3175 WARNING tempest.lib.common.ssh [-] Failed to establish authenticated ssh connection to ubuntu@10.13.3.139 ([Errno None] Unable to connect to port 22 on 10.13.3.139). Number attempts: 3. Retry after 4 seconds.: paramiko.ssh_exception.NoValidConnectionsError: [Errno None] Unable to connect to port 22 on 10.13.3.139[00m
2020-10-28 13:23:31.127 3178 INFO tempest.lib.common.rest_client [req-d3a03382-5370-4f2d-ad30-bff83262b1e1 ] Request (ServersTestManualDisk:tearDownClass): 204 DELETE http://10.13.3.192:9696/v2.0/networks/01b817c5-9bf1-4eed-a078-b9643a056315 0.604s[00m
2020-10-28 13:23:31.208 3178 INFO tempest.lib.common.rest_client [req-7051b788-a006-4427-9e35-0c418fc309bc ] Request (ServersTestManualDisk:tearDownClass): 204 DELETE http://10.13.3.250:35357/v3/users/151e9f37b03942efb6f018419e131cf6 0.078s[00m
2020-10-28 13:23:31.236 3178 INFO tempest.lib.common.rest_client [req-748a6dfd-befa-4845-8352-2e26c0c5584e ] Request (ServersTestManualDisk:tearDownClass): 200 GET http://10.13.3.192:9696/v2.0/security-groups?tenant_id=3322dda83541491885a99b096b31942d&name=default 0.027s[00m
2020-10-28 13:23:31.309 3178 INFO tempest.lib.common.rest_client [req-049deb38-290c-41d4-a5c1-837d5f4f2587 ] Request (ServersTestManualDisk:tearDownClass): 204 DELETE http://10.13.3.192:9696/v2.0/security-groups/6c14a8b7-b3f5-4d0d-83be-0b1ca5132b88 0.071s[00m
2020-10-28 13:23:31.381 3178 INFO tempest.lib.common.rest_client [req-700c4e98-3034-4f0c-aa8e-205e9e672073 ] Request (ServersTestManualDisk:tearDownClass): 204 DELETE http://10.13.3.250:35357/v3/projects/3322dda83541491885a99b096b31942d 0.072s[00m
2020-10-28 13:23:31.643 3178 INFO tempest.lib.common.rest_client [req-42f121bd-a2e7-45d7-91f8-7554a1c42703 ] Request (ServerActionsTestJSON:setUpClass): 201 POST http://10.13.3.250:5000/v3/auth/tokens 0.260s[00m
2020-10-28 13:23:31.894 3178 INFO tempest.lib.common.rest_client [req-83f03640-441e-48a6-8452-e33ec3492c46 ] Request (ServerActionsTestJSON:setUpClass): 201 POST http://10.13.3.250:5000/v3/auth/tokens 0.248s[00m
2020-10-28 13:23:31.914 3178 INFO tempest.lib.common.rest_client [req-160964c4-0f63-4f2e-a693-ad2353079019 ] Request (ServerActionsTestJSON:setUpClass): 200 GET http://10.13.3.250:35357/v3/domains?name=admin_domain 0.019s[00m
2020-10-28 13:23:31.940 3178 INFO tempest.lib.common.rest_client [req-ffe35d72-834a-4636-964b-4557bb100e26 ] Request (ServerActionsTestJSON:setUpClass): 201 POST http://10.13.3.250:35357/v3/projects 0.026s[00m
2020-10-28 13:23:32.189 3178 INFO tempest.lib.common.rest_client [req-4f325fdc-7dc5-4d12-9928-a308939ccde9 ] Request (ServerActionsTestJSON:setUpClass): 201 POST http://10.13.3.250:35357/v3/users 0.248s[00m
2020-10-28 13:23:32.206 3178 INFO tempest.lib.common.rest_client [req-8647d1cf-633d-4c1e-99d0-6624554f5c09 ] Request (ServerActionsTestJSON:setUpClass): 200 GET http://10.13.3.250:35357/v3/roles 0.017s[00m
2020-10-28 13:23:32.223 3178 INFO tempest.lib.common.rest_client [req-1bed743f-8c7e-4578-887b-333cc02fdc1a ] Request (ServerActionsTestJSON:setUpClass): 200 GET http://10.13.3.250:35357/v3/roles 0.016s[00m
2020-10-28 13:23:32.253 3178 INFO tempest.lib.common.rest_client [req-da4db62c-ec0b-4026-88b1-4235fec0464b ] Request (ServerActionsTestJSON:setUpClass): 204 PUT http://10.13.3.250:35357/v3/projects/ef5d98f00b6c4b8b9cd78805f51c572c/users/203b021cfdbd4dd68115f28fa4341656/roles/639bc00bafb04403aa590b2815c71db4 0.029s[00m
2020-10-28 13:23:32.254 3178 INFO tempest.lib.common.dynamic_creds [-] Acquired dynamic creds:
 credentials: Credentials: {'domain_id': '2c685f1bdbd54ce9aa047dfa3f556f8e', 'domain_name': 'admin_domain', 'username': 'tempest-ServerActionsTestJSON-1017680869', 'project_domain_id': '2c685f1bdbd54ce9aa047dfa3f556f8e', 'project_domain_name': 'admin_domain', 'project_id': 'ef5d98f00b6c4b8b9cd78805f51c572c', 'project_name': 'tempest-ServerActionsTestJSON-1017680869', 'tenant_id': 'ef5d98f00b6c4b8b9cd78805f51c572c', 'tenant_name': 'tempest-ServerActionsTestJSON-1017680869', 'user_domain_id': '2c685f1bdbd54ce9aa047dfa3f556f8e', 'user_domain_name': 'admin_domain', 'user_id': '203b021cfdbd4dd68115f28fa4341656'}, Network: None, Subnet: None, Router: None[00m
2020-10-28 13:23:32.514 3178 INFO tempest.lib.common.rest_client [req-ddbf3391-0e1b-45bf-bbd0-dd6556f54216 ] Request (ServerActionsTestJSON:setUpClass): 201 POST http://10.13.3.250:5000/v3/auth/tokens 0.260s[00m
2020-10-28 13:23:32.748 3178 INFO tempest.lib.common.rest_client [req-281a5bc6-63ec-4793-ac0c-11a773a5fe19 ] Request (ServerActionsTestJSON:setUpClass): 201 POST http://10.13.3.192:9696/v2.0/networks 0.233s[00m
2020-10-28 13:23:33.035 3178 INFO tempest.lib.common.rest_client [req-c73a8026-99b6-44a7-9da6-74af65d24af8 ] Request (ServerActionsTestJSON:setUpClass): 201 POST http://10.13.3.192:9696/v2.0/subnets 0.287s[00m
2020-10-28 13:23:33.756 3178 INFO tempest.lib.common.rest_client [req-13ff597a-b472-4eca-9f58-a227bd89245f ] Request (ServerActionsTestJSON:setUpClass): 201 POST http://10.13.3.192:9696/v2.0/routers 0.720s[00m
2020-10-28 13:23:34.859 3178 INFO tempest.lib.common.rest_client [req-bf2749ad-3135-4877-a420-57213e2f8d7f ] Request (ServerActionsTestJSON:setUpClass): 200 PUT http://10.13.3.192:9696/v2.0/routers/d71fb908-3ff7-45f8-a1b9-37d1ec328dc2/add_router_interface 1.102s[00m
2020-10-28 13:23:34.859 3178 INFO tempest.lib.common.dynamic_creds [-] Created isolated network resources for:
 credentials: Credentials: {'domain_id': '2c685f1bdbd54ce9aa047dfa3f556f8e', 'domain_name': 'admin_domain', 'username': 'tempest-ServerActionsTestJSON-1017680869', 'project_domain_id': '2c685f1bdbd54ce9aa047dfa3f556f8e', 'project_domain_name': 'admin_domain', 'project_id': 'ef5d98f00b6c4b8b9cd78805f51c572c', 'project_name': 'tempest-ServerActionsTestJSON-1017680869', 'tenant_id': 'ef5d98f00b6c4b8b9cd78805f51c572c', 'tenant_name': 'tempest-ServerActionsTestJSON-1017680869', 'user_domain_id': '2c685f1bdbd54ce9aa047dfa3f556f8e', 'user_domain_name': 'admin_domain', 'user_id': '203b021cfdbd4dd68115f28fa4341656'}, Network: {'id': '91401d49-2d9b-423f-ac1a-1f488ef59a1c', 'name': 'tempest-ServerActionsTestJSON-995640882-network', 'tenant_id': 'ef5d98f00b6c4b8b9cd78805f51c572c', 'admin_state_up': True, 'mtu': 1458, 'status': 'ACTIVE', 'subnets': [], 'shared': False, 'project_id': 'ef5d98f00b6c4b8b9cd78805f51c572c', 'router:external': False, 'provider:network_type': 'gre', 'provider:physical_network': None, 'provider:segmentation_id': 2, 'availability_zone_hints': [], 'is_default': False, 'availability_zones': [], 'ipv4_address_scope': None, 'ipv6_address_scope': None, 'description': '', 'l2_adjacency': True, 'tags': [], 'created_at': '2020-10-28T13:23:32Z', 'updated_at': '2020-10-28T13:23:32Z', 'revision_number': 1}, Subnet: {'id': '91abb278-db9d-42cd-8453-cbae558c7452', 'name': 'tempest-ServerActionsTestJSON-995640882-subnet', 'tenant_id': 'ef5d98f00b6c4b8b9cd78805f51c572c', 'network_id': '91401d49-2d9b-423f-ac1a-1f488ef59a1c', 'ip_version': 4, 'subnetpool_id': None, 'enable_dhcp': True, 'ipv6_ra_mode': None, 'ipv6_address_mode': None, 'gateway_ip': '172.16.0.1', 'cidr': '172.16.0.0/28', 'allocation_pools': [{'start': '172.16.0.2', 'end': '172.16.0.14'}], 'host_routes': [], 'dns_nameservers': [], 'description': '', 'service_types': [], 'segment_id': None, 'tags': [], 'created_at': '2020-10-28T13:23:32Z', 'updated_at': '2020-10-28T13:23:32Z', 'revision_number': 0, 'project_id': 'ef5d98f00b6c4b8b9cd78805f51c572c'}, Router: {'id': 'd71fb908-3ff7-45f8-a1b9-37d1ec328dc2', 'name': 'tempest-ServerActionsTestJSON-995640882-router', 'tenant_id': 'ef5d98f00b6c4b8b9cd78805f51c572c', 'admin_state_up': True, 'status': 'ACTIVE', 'external_gateway_info': {'network_id': 'ce12e1ab-fe6d-481d-82aa-a065d6f2a7ff', 'external_fixed_ips': [{'subnet_id': '3b6c9c63-dee6-417a-ad94-8d371560e79d', 'ip_address': '10.13.3.140'}], 'enable_snat': True}, 'description': '', 'availability_zones': [], 'distributed': False, 'ha': False, 'availability_zone_hints': [], 'routes': [], 'flavor_id': None, 'tags': [], 'created_at': '2020-10-28T13:23:33Z', 'updated_at': '2020-10-28T13:23:33Z', 'revision_number': 3, 'project_id': 'ef5d98f00b6c4b8b9cd78805f51c572c'}[00m
2020-10-28 13:23:35.138 3178 INFO tempest.lib.common.rest_client [req-46ba9eb5-c9c1-4a60-b40c-863063fbe86e ] Request (ServerActionsTestJSON:setUpClass): 201 POST http://10.13.3.250:5000/v3/auth/tokens 0.274s[00m
2020-10-28 13:23:35.184 3175 WARNING tempest.lib.common.ssh [-] Failed to establish authenticated ssh connection to ubuntu@10.13.3.139 ([Errno None] Unable to connect to port 22 on 10.13.3.139). Number attempts: 4. Retry after 5 seconds.: paramiko.ssh_exception.NoValidConnectionsError: [Errno None] Unable to connect to port 22 on 10.13.3.139[00m
2020-10-28 13:23:35.451 3178 INFO tempest.lib.common.rest_client [req-26f95678-80b1-4097-9ef5-734bbca09d6c ] Request (ServerActionsTestJSON:setUpClass): 200 POST http://10.13.3.195:8774/v2.1/os-keypairs 0.312s[00m
2020-10-28 13:23:35.553 3178 INFO tempest.lib.common.rest_client [req-935bafae-2dc8-4d6c-affb-a8c51d05b87d ] Request (ServerActionsTestJSON:setUpClass): 201 POST http://10.13.3.192:9696/v2.0/security-groups 0.100s[00m
2020-10-28 13:23:35.621 3178 INFO tempest.lib.common.rest_client [req-1c21077b-3388-42d2-a7ac-1433c8f1d676 ] Request (ServerActionsTestJSON:setUpClass): 201 POST http://10.13.3.192:9696/v2.0/security-group-rules 0.067s[00m
2020-10-28 13:23:35.687 3178 INFO tempest.lib.common.rest_client [req-bafdcec0-2c73-4369-b812-476888344ddf ] Request (ServerActionsTestJSON:setUpClass): 201 POST http://10.13.3.192:9696/v2.0/security-group-rules 0.065s[00m
2020-10-28 13:23:36.346 3178 INFO tempest.lib.common.rest_client [req-e4f4e3ab-21d6-4154-8053-8e3170967793 ] Request (ServerActionsTestJSON:setUpClass): 201 POST http://10.13.3.192:9696/v2.0/floatingips 0.658s[00m
2020-10-28 13:23:36.581 3178 INFO tempest.lib.common.rest_client [req-50fcfaae-0f5a-472b-b023-eacf59b86aec ] Request (ServerActionsTestJSON:setUpClass): 201 POST http://10.13.3.250:5000/v3/auth/tokens 0.231s[00m
2020-10-28 13:23:36.581 3178 INFO tempest.lib.common.fixed_network [-] (ServerActionsTestJSON:setUpClass) Found network {'id': '91401d49-2d9b-423f-ac1a-1f488ef59a1c', 'name': 'tempest-ServerActionsTestJSON-995640882-network', 'tenant_id': 'ef5d98f00b6c4b8b9cd78805f51c572c', 'admin_state_up': True, 'mtu': 1458, 'status': 'ACTIVE', 'subnets': [], 'shared': False, 'project_id': 'ef5d98f00b6c4b8b9cd78805f51c572c', 'router:external': False, 'provider:network_type': 'gre', 'provider:physical_network': None, 'provider:segmentation_id': 2, 'availability_zone_hints': [], 'is_default': False, 'availability_zones': [], 'ipv4_address_scope': None, 'ipv6_address_scope': None, 'description': '', 'l2_adjacency': True, 'tags': [], 'created_at': '2020-10-28T13:23:32Z', 'updated_at': '2020-10-28T13:23:32Z', 'revision_number': 1} available for tenant[00m
2020-10-28 13:23:37.002 3178 INFO tempest.lib.common.rest_client [req-061f614f-83ef-4175-8d1d-39e6217aa4e5 ] Request (ServerActionsTestJSON:setUpClass): 202 POST http://10.13.3.195:8774/v2.1/servers 0.419s[00m
2020-10-28 13:23:37.056 3178 INFO tempest.lib.common.rest_client [req-5e64b005-c541-4149-a799-cbcb8481a2ec ] Request (ServerActionsTestJSON:setUpClass): 200 GET http://10.13.3.195:8774/v2.1/servers/8184c20d-7554-4050-ad37-12697b7ad47e 0.052s[00m
2020-10-28 13:23:38.236 3178 INFO tempest.lib.common.rest_client [req-5444e9a2-e68e-42b2-a3d0-c49c147ed15a ] Request (ServerActionsTestJSON:setUpClass): 200 GET http://10.13.3.195:8774/v2.1/servers/8184c20d-7554-4050-ad37-12697b7ad47e 0.174s[00m
2020-10-28 13:23:38.240 3178 INFO tempest.common.waiters [-] State transition "BUILD/scheduling" ==> "BUILD/spawning" after 1 second wait[00m
2020-10-28 13:23:39.355 3178 INFO tempest.lib.common.rest_client [req-51a87f14-a5f9-4719-a7fa-2677dc16d934 ] Request (ServerActionsTestJSON:setUpClass): 200 GET http://10.13.3.195:8774/v2.1/servers/8184c20d-7554-4050-ad37-12697b7ad47e 0.113s[00m
2020-10-28 13:23:40.494 3178 INFO tempest.lib.common.rest_client [req-edc5d615-bba4-471d-b2e4-0c0de2cdb7b4 ] Request (ServerActionsTestJSON:setUpClass): 200 GET http://10.13.3.195:8774/v2.1/servers/8184c20d-7554-4050-ad37-12697b7ad47e 0.133s[00m
2020-10-28 13:23:40.693 3175 WARNING tempest.lib.common.ssh [-] Failed to establish authenticated ssh connection to ubuntu@10.13.3.139 ([Errno None] Unable to connect to port 22 on 10.13.3.139). Number attempts: 5. Retry after 6 seconds.: paramiko.ssh_exception.NoValidConnectionsError: [Errno None] Unable to connect to port 22 on 10.13.3.139[00m
2020-10-28 13:23:41.608 3178 INFO tempest.lib.common.rest_client [req-0851cdc4-6f0c-40c5-9cad-525981aade9e ] Request (ServerActionsTestJSON:setUpClass): 200 GET http://10.13.3.195:8774/v2.1/servers/8184c20d-7554-4050-ad37-12697b7ad47e 0.106s[00m
2020-10-28 13:23:41.614 3178 INFO tempest.common.waiters [-] State transition "BUILD/spawning" ==> "ACTIVE/None" after 4 second wait[00m
2020-10-28 13:23:41.691 3178 INFO tempest.lib.common.rest_client [req-d6e4b84f-9911-409c-b479-7806da6f678e ] Request (ServerActionsTestJSON:setUpClass): 200 GET http://10.13.3.195:8774/v2.1/servers/8184c20d-7554-4050-ad37-12697b7ad47e/os-interface 0.076s[00m
2020-10-28 13:23:42.423 3178 INFO tempest.lib.common.rest_client [req-bb4cb97d-a901-4d7c-8162-c79181e36f2e ] Request (ServerActionsTestJSON:setUpClass): 200 PUT http://10.13.3.192:9696/v2.0/floatingips/ff7346af-b53d-4ec9-968a-732149981d49 0.728s[00m
2020-10-28 13:23:42.570 3178 INFO tempest.lib.common.rest_client [req-89da37bd-60c8-4450-a374-29cf57c4cc2e ] Request (ServerActionsTestJSON:setUp): 200 GET http://10.13.3.195:8774/v2.1/servers/8184c20d-7554-4050-ad37-12697b7ad47e 0.144s[00m
2020-10-28 13:23:42.728 3178 INFO tempest.lib.common.rest_client [req-897ebc5d-2023-413d-80ed-0f413c8175e5 ] Request (ServerActionsTestJSON:test_reboot_server_hard): 200 GET http://10.13.3.195:8774/v2.1/servers/8184c20d-7554-4050-ad37-12697b7ad47e 0.151s[00m
2020-10-28 13:23:42.740 3178 INFO tempest.lib.common.ssh [-] Creating ssh connection to '10.13.3.168:22' as 'ubuntu' with public key authentication[00m
2020-10-28 13:23:44.510 3178 WARNING tempest.lib.common.ssh [-] Failed to establish authenticated ssh connection to ubuntu@10.13.3.168 ([Errno None] Unable to connect to port 22 on 10.13.3.168). Number attempts: 1. Retry after 2 seconds.: paramiko.ssh_exception.NoValidConnectionsError: [Errno None] Unable to connect to port 22 on 10.13.3.168[00m
2020-10-28 13:23:47.017 3178 WARNING tempest.lib.common.ssh [-] Failed to establish authenticated ssh connection to ubuntu@10.13.3.168 ([Errno None] Unable to connect to port 22 on 10.13.3.168). Number attempts: 2. Retry after 3 seconds.: paramiko.ssh_exception.NoValidConnectionsError: [Errno None] Unable to connect to port 22 on 10.13.3.168[00m
2020-10-28 13:23:47.210 3175 INFO paramiko.transport [-] Connected (version 2.0, client OpenSSH_7.6p1)[00m
2020-10-28 13:23:47.338 3175 INFO paramiko.transport [-] Authentication (publickey) successful![00m
2020-10-28 13:23:47.340 3175 INFO tempest.lib.common.ssh [-] ssh connection to ubuntu@10.13.3.139 successfully created[00m
2020-10-28 13:23:47.421 3175 INFO tempest.lib.common.rest_client [req-272cbd96-a82f-496a-8a47-5b9475c44e52 ] Request (AttachInterfacesUnderV243Test:test_add_remove_fixed_ip): 200 GET http://10.13.3.195:8774/v2.1/servers/e9155aa6-2312-4740-9c86-eb1fa49345be/os-interface 0.081s[00m
2020-10-28 13:23:47.495 3175 INFO tempest.lib.common.rest_client [req-34d2e218-130d-4b6e-bdbd-ff20cd3de55a ] Request (AttachInterfacesUnderV243Test:test_add_remove_fixed_ip): 200 GET http://10.13.3.195:8774/v2.1/servers/e9155aa6-2312-4740-9c86-eb1fa49345be/os-interface/bab9cb95-0616-49ec-8ac7-b2b364613e81 0.072s[00m
2020-10-28 13:23:47.541 3175 INFO tempest.lib.common.rest_client [req-8441400c-7e57-43c1-8850-300d5f0d2f74 ] Request (AttachInterfacesUnderV243Test:test_add_remove_fixed_ip): 200 GET http://10.13.3.195:8774/v2.1/servers/e9155aa6-2312-4740-9c86-eb1fa49345be/ips 0.041s[00m
2020-10-28 13:23:47.586 3175 INFO tempest.lib.common.rest_client [req-d35f9cb4-1699-45ef-8565-c9c9aaca3dce ] Request (AttachInterfacesUnderV243Test:test_add_remove_fixed_ip): 202 POST http://10.13.3.195:8774/v2.1/servers/e9155aa6-2312-4740-9c86-eb1fa49345be/action 0.041s[00m
2020-10-28 13:23:47.627 3175 INFO tempest.lib.common.rest_client [req-ce09de06-edcf-4021-8486-466054956e33 ] Request (AttachInterfacesUnderV243Test:test_add_remove_fixed_ip): 200 GET http://10.13.3.195:8774/v2.1/servers/e9155aa6-2312-4740-9c86-eb1fa49345be/ips 0.040s[00m
2020-10-28 13:23:48.678 3175 INFO tempest.lib.common.rest_client [req-af995b65-d98a-4833-af75-74efb9558c86 ] Request (AttachInterfacesUnderV243Test:test_add_remove_fixed_ip): 200 GET http://10.13.3.195:8774/v2.1/servers/e9155aa6-2312-4740-9c86-eb1fa49345be/ips 0.045s[00m
2020-10-28 13:23:48.786 3175 INFO tempest.lib.common.rest_client [req-5ff5f03d-0b4c-4e7a-b00e-ef35e2dbc0f1 ] Request (AttachInterfacesUnderV243Test:test_add_remove_fixed_ip): 200 GET http://10.13.3.195:8774/v2.1/servers/e9155aa6-2312-4740-9c86-eb1fa49345be 0.105s[00m
2020-10-28 13:23:48.836 3175 INFO tempest.lib.common.rest_client [req-41e07ae9-7ec0-4f9b-b1cb-15a303009eec ] Request (AttachInterfacesUnderV243Test:test_add_remove_fixed_ip): 202 POST http://10.13.3.195:8774/v2.1/servers/e9155aa6-2312-4740-9c86-eb1fa49345be/action 0.044s[00m
2020-10-28 13:23:48.880 3175 INFO tempest.lib.common.rest_client [req-8a5e283d-e0b5-4f0c-a434-e2e476d07524 ] Request (AttachInterfacesUnderV243Test:test_add_remove_fixed_ip): 200 GET http://10.13.3.195:8774/v2.1/servers/e9155aa6-2312-4740-9c86-eb1fa49345be/ips 0.042s[00m
2020-10-28 13:23:49.928 3175 INFO tempest.lib.common.rest_client [req-278f3b08-d1b7-4fe0-b3e1-ced084837046 ] Request (AttachInterfacesUnderV243Test:test_add_remove_fixed_ip): 200 GET http://10.13.3.195:8774/v2.1/servers/e9155aa6-2312-4740-9c86-eb1fa49345be/ips 0.044s[00m
2020-10-28 13:23:50.036 3175 INFO tempest.lib.common.rest_client [req-87ebd37c-3c5d-4376-92f5-a6e5b80023ba ] Request (AttachInterfacesUnderV243Test:_run_cleanups): 204 DELETE http://10.13.3.195:8774/v2.1/servers/e9155aa6-2312-4740-9c86-eb1fa49345be 0.106s[00m
2020-10-28 13:23:50.204 3175 INFO tempest.lib.common.rest_client [req-bca072df-4257-4b52-ad6d-db0299ba837d ] Request (AttachInterfacesUnderV243Test:_run_cleanups): 200 GET http://10.13.3.195:8774/v2.1/servers/e9155aa6-2312-4740-9c86-eb1fa49345be 0.167s[00m
2020-10-28 13:23:50.526 3178 WARNING tempest.lib.common.ssh [-] Failed to establish authenticated ssh connection to ubuntu@10.13.3.168 ([Errno None] Unable to connect to port 22 on 10.13.3.168). Number attempts: 3. Retry after 4 seconds.: paramiko.ssh_exception.NoValidConnectionsError: [Errno None] Unable to connect to port 22 on 10.13.3.168[00m
2020-10-28 13:23:51.319 3175 INFO tempest.lib.common.rest_client [req-5896cfbd-d15f-4187-99be-6e1d0731a29e ] Request (AttachInterfacesUnderV243Test:_run_cleanups): 200 GET http://10.13.3.195:8774/v2.1/servers/e9155aa6-2312-4740-9c86-eb1fa49345be 0.108s[00m
2020-10-28 13:23:52.367 3175 INFO tempest.lib.common.rest_client [req-2d3c704d-d4f0-496f-9082-4fcddc20d0bd ] Request (AttachInterfacesUnderV243Test:_run_cleanups): 404 GET http://10.13.3.195:8774/v2.1/servers/e9155aa6-2312-4740-9c86-eb1fa49345be 0.041s[00m
2020-10-28 13:23:52.403 3175 INFO tempest.lib.common.rest_client [req-60c1ec9e-8165-4561-b1f0-fd476210b563 ] Request (AttachInterfacesUnderV243Test:_run_cleanups): 202 DELETE http://10.13.3.195:8774/v2.1/os-keypairs/tempest-keypair-481732887 0.035s[00m
2020-10-28 13:23:52.481 3175 INFO tempest.lib.common.rest_client [req-d296a8c2-823c-4881-a917-e50c47a19bca ] Request (AttachInterfacesUnderV243Test:_run_cleanups): 204 DELETE http://10.13.3.192:9696/v2.0/security-groups/8717f48a-6065-4d4e-9d57-a9d7c4ffa18d 0.077s[00m
2020-10-28 13:23:52.494 3175 INFO tempest.lib.common.rest_client [req-3ddc1dbf-bc51-4fc5-81ea-bef6b70cb88f ] Request (AttachInterfacesUnderV243Test:_run_cleanups): 404 GET http://10.13.3.192:9696/v2.0/security-groups/8717f48a-6065-4d4e-9d57-a9d7c4ffa18d 0.013s[00m
2020-10-28 13:23:52.854 3175 INFO tempest.lib.common.rest_client [req-a1fe663d-8140-43f7-9deb-66e2feda8015 ] Request (AttachInterfacesUnderV243Test:_run_cleanups): 204 DELETE http://10.13.3.192:9696/v2.0/floatingips/cfa84e76-15f8-4da2-b201-af5c1328c1b0 0.359s[00m
{0} tempest.api.compute.servers.test_attach_interfaces.AttachInterfacesUnderV243Test.test_add_remove_fixed_ip [37.799747s] ... ok
2020-10-28 13:23:52.897 3175 INFO tempest.lib.common.rest_client [req-351cbbc6-05d8-484e-8ea7-af30fc91a312 ] Request (AttachInterfacesUnderV243Test:tearDownClass): 404 DELETE http://10.13.3.195:8774/v2.1/servers/e9155aa6-2312-4740-9c86-eb1fa49345be 0.041s[00m
2020-10-28 13:23:52.940 3175 INFO tempest.lib.common.rest_client [req-34288d4f-4c0c-44e4-92c8-fac187abcacd ] Request (AttachInterfacesUnderV243Test:tearDownClass): 404 GET http://10.13.3.195:8774/v2.1/servers/e9155aa6-2312-4740-9c86-eb1fa49345be 0.042s[00m
2020-10-28 13:23:54.094 3175 INFO tempest.lib.common.rest_client [req-b82fab25-5950-4474-a6c7-cc47726f35c3 ] Request (AttachInterfacesUnderV243Test:tearDownClass): 200 PUT http://10.13.3.192:9696/v2.0/routers/0afb8544-f52d-4c9d-98c7-b7af13f3f460/remove_router_interface 1.153s[00m
2020-10-28 13:23:54.725 3175 INFO tempest.lib.common.rest_client [req-6ec86f1e-1bad-4b2b-9ec8-fc93077d7c1c ] Request (AttachInterfacesUnderV243Test:tearDownClass): 204 DELETE http://10.13.3.192:9696/v2.0/routers/0afb8544-f52d-4c9d-98c7-b7af13f3f460 0.630s[00m
2020-10-28 13:23:55.002 3175 INFO tempest.lib.common.rest_client [req-ad3b3bdc-30c6-4d1f-8344-c8444e1f216d ] Request (AttachInterfacesUnderV243Test:tearDownClass): 204 DELETE http://10.13.3.192:9696/v2.0/subnets/19f2dbfd-dade-4009-9887-45cfebb078b8 0.276s[00m
2020-10-28 13:23:55.034 3178 WARNING tempest.lib.common.ssh [-] Failed to establish authenticated ssh connection to ubuntu@10.13.3.168 ([Errno None] Unable to connect to port 22 on 10.13.3.168). Number attempts: 4. Retry after 5 seconds.: paramiko.ssh_exception.NoValidConnectionsError: [Errno None] Unable to connect to port 22 on 10.13.3.168[00m
2020-10-28 13:23:55.582 3175 INFO tempest.lib.common.rest_client [req-0fd22bdb-a4f1-4343-91d0-8dcc8f490038 ] Request (AttachInterfacesUnderV243Test:tearDownClass): 204 DELETE http://10.13.3.192:9696/v2.0/networks/76372094-4787-4c5b-a0bf-451cd2b5a26e 0.579s[00m
2020-10-28 13:23:55.660 3175 INFO tempest.lib.common.rest_client [req-81313532-fdad-4ac3-8e03-a160571639a3 ] Request (AttachInterfacesUnderV243Test:tearDownClass): 204 DELETE http://10.13.3.250:35357/v3/users/e92d1acd1aa14322b31a071cd3516f8b 0.078s[00m
2020-10-28 13:23:55.688 3175 INFO tempest.lib.common.rest_client [req-ac740d57-f55d-4265-a42c-3cd6cf751a26 ] Request (AttachInterfacesUnderV243Test:tearDownClass): 200 GET http://10.13.3.192:9696/v2.0/security-groups?tenant_id=6eb47292fc404c2b99604b22ee54df02&name=default 0.026s[00m
2020-10-28 13:23:55.767 3175 INFO tempest.lib.common.rest_client [req-34a64c09-a205-4bb2-b594-f816e27557a2 ] Request (AttachInterfacesUnderV243Test:tearDownClass): 204 DELETE http://10.13.3.192:9696/v2.0/security-groups/2716290d-1191-4b43-9ca0-38e9f586aa4c 0.079s[00m
2020-10-28 13:23:55.838 3175 INFO tempest.lib.common.rest_client [req-ce4dec69-8011-4878-974b-fc420070fe9d ] Request (AttachInterfacesUnderV243Test:tearDownClass): 204 DELETE http://10.13.3.250:35357/v3/projects/6eb47292fc404c2b99604b22ee54df02 0.070s[00m
2020-10-28 13:23:56.100 3175 INFO tempest.lib.common.rest_client [req-c89bf8c9-3cd6-48b2-af03-60b502a23eae ] Request (ServersTestBootFromVolume:setUpClass): 201 POST http://10.13.3.250:5000/v3/auth/tokens 0.261s[00m
2020-10-28 13:23:56.352 3175 INFO tempest.lib.common.rest_client [req-6c323980-0e80-4e8a-94b0-501a617a5b18 ] Request (ServersTestBootFromVolume:setUpClass): 201 POST http://10.13.3.250:5000/v3/auth/tokens 0.248s[00m
2020-10-28 13:23:56.372 3175 INFO tempest.lib.common.rest_client [req-0ab4db16-3dd3-4859-b71e-2be4cb456fa8 ] Request (ServersTestBootFromVolume:setUpClass): 200 GET http://10.13.3.250:35357/v3/domains?name=admin_domain 0.020s[00m
2020-10-28 13:23:56.446 3175 INFO tempest.lib.common.rest_client [req-003ccd83-6129-4f54-ac37-afcc2673f525 ] Request (ServersTestBootFromVolume:setUpClass): 201 POST http://10.13.3.250:35357/v3/projects 0.073s[00m
2020-10-28 13:23:56.694 3175 INFO tempest.lib.common.rest_client [req-6ed3becd-b71e-4669-9669-eae1f6dd0fab ] Request (ServersTestBootFromVolume:setUpClass): 201 POST http://10.13.3.250:35357/v3/users 0.248s[00m
2020-10-28 13:23:56.713 3175 INFO tempest.lib.common.rest_client [req-9239a8a8-9827-4b0a-a483-b8aa8d2242a9 ] Request (ServersTestBootFromVolume:setUpClass): 200 GET http://10.13.3.250:35357/v3/roles 0.018s[00m
2020-10-28 13:23:56.731 3175 INFO tempest.lib.common.rest_client [req-b65a1b7b-d0e9-4390-accc-59be2252a75e ] Request (ServersTestBootFromVolume:setUpClass): 200 GET http://10.13.3.250:35357/v3/roles 0.017s[00m
2020-10-28 13:23:56.760 3175 INFO tempest.lib.common.rest_client [req-a0854d31-a7af-49ce-ab0c-6a3769df8621 ] Request (ServersTestBootFromVolume:setUpClass): 204 PUT http://10.13.3.250:35357/v3/projects/1646a8cbc5b84cbbb83f666c16eda46a/users/ec3a3388f6e44c008b10dc975b5eb02c/roles/639bc00bafb04403aa590b2815c71db4 0.029s[00m
2020-10-28 13:23:56.761 3175 INFO tempest.lib.common.dynamic_creds [-] Acquired dynamic creds:
 credentials: Credentials: {'domain_id': '2c685f1bdbd54ce9aa047dfa3f556f8e', 'domain_name': 'admin_domain', 'username': 'tempest-ServersTestBootFromVolume-867273490', 'project_domain_id': '2c685f1bdbd54ce9aa047dfa3f556f8e', 'project_domain_name': 'admin_domain', 'project_id': '1646a8cbc5b84cbbb83f666c16eda46a', 'project_name': 'tempest-ServersTestBootFromVolume-867273490', 'tenant_id': '1646a8cbc5b84cbbb83f666c16eda46a', 'tenant_name': 'tempest-ServersTestBootFromVolume-867273490', 'user_domain_id': '2c685f1bdbd54ce9aa047dfa3f556f8e', 'user_domain_name': 'admin_domain', 'user_id': 'ec3a3388f6e44c008b10dc975b5eb02c'}, Network: None, Subnet: None, Router: None[00m
2020-10-28 13:23:57.021 3175 INFO tempest.lib.common.rest_client [req-c5380833-67d6-4447-b914-d0cc3dd4991e ] Request (ServersTestBootFromVolume:setUpClass): 201 POST http://10.13.3.250:5000/v3/auth/tokens 0.259s[00m
2020-10-28 13:23:57.252 3175 INFO tempest.lib.common.rest_client [req-ddf00a07-3ff8-4878-b287-e4b2f4fb3d88 ] Request (ServersTestBootFromVolume:setUpClass): 201 POST http://10.13.3.192:9696/v2.0/networks 0.230s[00m
2020-10-28 13:23:57.550 3175 INFO tempest.lib.common.rest_client [req-e7baa759-d25d-4bf8-9c86-779fbf9a0381 ] Request (ServersTestBootFromVolume:setUpClass): 201 POST http://10.13.3.192:9696/v2.0/subnets 0.297s[00m
2020-10-28 13:23:58.254 3175 INFO tempest.lib.common.rest_client [req-b88007a3-cfbd-4fc9-8238-568a6d19d26b ] Request (ServersTestBootFromVolume:setUpClass): 201 POST http://10.13.3.192:9696/v2.0/routers 0.704s[00m
2020-10-28 13:23:59.359 3175 INFO tempest.lib.common.rest_client [req-6cb8e405-040c-4cd8-adb8-2690a55ee49e ] Request (ServersTestBootFromVolume:setUpClass): 200 PUT http://10.13.3.192:9696/v2.0/routers/b7827615-e6ca-4794-85ba-b8fba24b7258/add_router_interface 1.105s[00m
2020-10-28 13:23:59.360 3175 INFO tempest.lib.common.dynamic_creds [-] Created isolated network resources for:
 credentials: Credentials: {'domain_id': '2c685f1bdbd54ce9aa047dfa3f556f8e', 'domain_name': 'admin_domain', 'username': 'tempest-ServersTestBootFromVolume-867273490', 'project_domain_id': '2c685f1bdbd54ce9aa047dfa3f556f8e', 'project_domain_name': 'admin_domain', 'project_id': '1646a8cbc5b84cbbb83f666c16eda46a', 'project_name': 'tempest-ServersTestBootFromVolume-867273490', 'tenant_id': '1646a8cbc5b84cbbb83f666c16eda46a', 'tenant_name': 'tempest-ServersTestBootFromVolume-867273490', 'user_domain_id': '2c685f1bdbd54ce9aa047dfa3f556f8e', 'user_domain_name': 'admin_domain', 'user_id': 'ec3a3388f6e44c008b10dc975b5eb02c'}, Network: {'id': '2b1da124-4bb5-44d8-871c-c8bd8ab7b431', 'name': 'tempest-ServersTestBootFromVolume-92529388-network', 'tenant_id': '1646a8cbc5b84cbbb83f666c16eda46a', 'admin_state_up': True, 'mtu': 1458, 'status': 'ACTIVE', 'subnets': [], 'shared': False, 'project_id': '1646a8cbc5b84cbbb83f666c16eda46a', 'router:external': False, 'provider:network_type': 'gre', 'provider:physical_network': None, 'provider:segmentation_id': 1, 'availability_zone_hints': [], 'is_default': False, 'availability_zones': [], 'ipv4_address_scope': None, 'ipv6_address_scope': None, 'description': '', 'l2_adjacency': True, 'tags': [], 'created_at': '2020-10-28T13:23:57Z', 'updated_at': '2020-10-28T13:23:57Z', 'revision_number': 1}, Subnet: {'id': 'f385e566-1fc6-49cf-bcc8-5a685086f71a', 'name': 'tempest-ServersTestBootFromVolume-92529388-subnet', 'tenant_id': '1646a8cbc5b84cbbb83f666c16eda46a', 'network_id': '2b1da124-4bb5-44d8-871c-c8bd8ab7b431', 'ip_version': 4, 'subnetpool_id': None, 'enable_dhcp': True, 'ipv6_ra_mode': None, 'ipv6_address_mode': None, 'gateway_ip': '172.16.0.1', 'cidr': '172.16.0.0/28', 'allocation_pools': [{'start': '172.16.0.2', 'end': '172.16.0.14'}], 'host_routes': [], 'dns_nameservers': [], 'description': '', 'service_types': [], 'segment_id': None, 'tags': [], 'created_at': '2020-10-28T13:23:57Z', 'updated_at': '2020-10-28T13:23:57Z', 'revision_number': 0, 'project_id': '1646a8cbc5b84cbbb83f666c16eda46a'}, Router: {'id': 'b7827615-e6ca-4794-85ba-b8fba24b7258', 'name': 'tempest-ServersTestBootFromVolume-92529388-router', 'tenant_id': '1646a8cbc5b84cbbb83f666c16eda46a', 'admin_state_up': True, 'status': 'ACTIVE', 'external_gateway_info': {'network_id': 'ce12e1ab-fe6d-481d-82aa-a065d6f2a7ff', 'external_fixed_ips': [{'subnet_id': '3b6c9c63-dee6-417a-ad94-8d371560e79d', 'ip_address': '10.13.3.179'}], 'enable_snat': True}, 'description': '', 'availability_zones': [], 'distributed': False, 'ha': False, 'availability_zone_hints': [], 'routes': [], 'flavor_id': None, 'tags': [], 'created_at': '2020-10-28T13:23:57Z', 'updated_at': '2020-10-28T13:23:58Z', 'revision_number': 3, 'project_id': '1646a8cbc5b84cbbb83f666c16eda46a'}[00m
2020-10-28 13:23:59.636 3175 INFO tempest.lib.common.rest_client [req-b1fc7b0c-92e3-4d1a-b93c-7390c98da28d ] Request (ServersTestBootFromVolume:setUpClass): 201 POST http://10.13.3.250:5000/v3/auth/tokens 0.272s[00m
2020-10-28 13:23:59.817 3175 INFO tempest.lib.common.rest_client [req-af94d0fc-f0c4-418b-a25c-7eb2ee4a73e0 ] Request (ServersTestBootFromVolume:setUpClass): 200 POST http://10.13.3.195:8774/v2.1/os-keypairs 0.180s[00m
2020-10-28 13:23:59.926 3175 INFO tempest.lib.common.rest_client [req-15612c3e-eeef-4b67-b2d7-2b1b499e0ec7 ] Request (ServersTestBootFromVolume:setUpClass): 201 POST http://10.13.3.192:9696/v2.0/security-groups 0.107s[00m
2020-10-28 13:23:59.998 3175 INFO tempest.lib.common.rest_client [req-94b22246-1d36-46d2-b59e-03b929662b5e ] Request (ServersTestBootFromVolume:setUpClass): 201 POST http://10.13.3.192:9696/v2.0/security-group-rules 0.071s[00m
2020-10-28 13:24:00.083 3175 INFO tempest.lib.common.rest_client [req-5ba06549-3d7b-475d-b942-796ef232e6ff ] Request (ServersTestBootFromVolume:setUpClass): 201 POST http://10.13.3.192:9696/v2.0/security-group-rules 0.084s[00m
2020-10-28 13:24:00.544 3178 WARNING tempest.lib.common.ssh [-] Failed to establish authenticated ssh connection to ubuntu@10.13.3.168 ([Errno None] Unable to connect to port 22 on 10.13.3.168). Number attempts: 5. Retry after 6 seconds.: paramiko.ssh_exception.NoValidConnectionsError: [Errno None] Unable to connect to port 22 on 10.13.3.168[00m
2020-10-28 13:24:00.949 3175 INFO tempest.lib.common.rest_client [req-b0e3af26-9069-4f98-b86f-1ad4d0e7deba ] Request (ServersTestBootFromVolume:setUpClass): 201 POST http://10.13.3.192:9696/v2.0/floatingips 0.865s[00m
2020-10-28 13:24:01.188 3175 INFO tempest.lib.common.rest_client [req-2c0a8a8e-47db-43d5-aac4-bc11edd09915 ] Request (ServersTestBootFromVolume:setUpClass): 201 POST http://10.13.3.250:5000/v3/auth/tokens 0.234s[00m
2020-10-28 13:24:01.190 3175 INFO tempest.lib.common.fixed_network [-] (ServersTestBootFromVolume:setUpClass) Found network {'id': '2b1da124-4bb5-44d8-871c-c8bd8ab7b431', 'name': 'tempest-ServersTestBootFromVolume-92529388-network', 'tenant_id': '1646a8cbc5b84cbbb83f666c16eda46a', 'admin_state_up': True, 'mtu': 1458, 'status': 'ACTIVE', 'subnets': [], 'shared': False, 'project_id': '1646a8cbc5b84cbbb83f666c16eda46a', 'router:external': False, 'provider:network_type': 'gre', 'provider:physical_network': None, 'provider:segmentation_id': 1, 'availability_zone_hints': [], 'is_default': False, 'availability_zones': [], 'ipv4_address_scope': None, 'ipv6_address_scope': None, 'description': '', 'l2_adjacency': True, 'tags': [], 'created_at': '2020-10-28T13:23:57Z', 'updated_at': '2020-10-28T13:23:57Z', 'revision_number': 1} available for tenant[00m
2020-10-28 13:24:01.559 3175 INFO tempest.lib.common.rest_client [req-1786b2aa-78fd-4e46-abc3-b1e5d6c14ded ] Request (ServersTestBootFromVolume:setUpClass): 202 POST http://10.13.3.215:8776/v3/1646a8cbc5b84cbbb83f666c16eda46a/volumes 0.364s[00m
2020-10-28 13:24:01.615 3175 INFO tempest.lib.common.rest_client [req-1154a8fa-bcd1-491f-87fe-a9755249e2ba ] Request (ServersTestBootFromVolume:setUpClass): 200 GET http://10.13.3.215:8776/v3/1646a8cbc5b84cbbb83f666c16eda46a/volumes/bcac4822-a87b-41bf-afad-beb74b82320f 0.049s[00m
2020-10-28 13:24:02.673 3175 INFO tempest.lib.common.rest_client [req-b52cf3af-dc2b-4cdb-b71d-31436370c206 ] Request (ServersTestBootFromVolume:setUpClass): 200 GET http://10.13.3.215:8776/v3/1646a8cbc5b84cbbb83f666c16eda46a/volumes/bcac4822-a87b-41bf-afad-beb74b82320f 0.050s[00m
2020-10-28 13:24:03.732 3175 INFO tempest.lib.common.rest_client [req-c70938ff-e3aa-426d-a328-7921b6fb9931 ] Request (ServersTestBootFromVolume:setUpClass): 200 GET http://10.13.3.215:8776/v3/1646a8cbc5b84cbbb83f666c16eda46a/volumes/bcac4822-a87b-41bf-afad-beb74b82320f 0.052s[00m
2020-10-28 13:24:04.792 3175 INFO tempest.lib.common.rest_client [req-afb8ebf0-4142-4a44-8a6f-4ba461f93624 ] Request (ServersTestBootFromVolume:setUpClass): 200 GET http://10.13.3.215:8776/v3/1646a8cbc5b84cbbb83f666c16eda46a/volumes/bcac4822-a87b-41bf-afad-beb74b82320f 0.049s[00m
2020-10-28 13:24:05.854 3175 INFO tempest.lib.common.rest_client [req-2662c775-9e1c-416b-89ea-cdc01f406d7d ] Request (ServersTestBootFromVolume:setUpClass): 200 GET http://10.13.3.215:8776/v3/1646a8cbc5b84cbbb83f666c16eda46a/volumes/bcac4822-a87b-41bf-afad-beb74b82320f 0.054s[00m
2020-10-28 13:24:06.983 3175 INFO tempest.lib.common.rest_client [req-a14e62be-0900-4425-a18f-a5c8c6c4e1ff ] Request (ServersTestBootFromVolume:setUpClass): 200 GET http://10.13.3.215:8776/v3/1646a8cbc5b84cbbb83f666c16eda46a/volumes/bcac4822-a87b-41bf-afad-beb74b82320f 0.121s[00m
2020-10-28 13:24:07.067 3178 INFO paramiko.transport [-] Connected (version 2.0, client OpenSSH_7.6p1)[00m
2020-10-28 13:24:07.437 3178 INFO paramiko.transport [-] Authentication (publickey) successful![00m
2020-10-28 13:24:07.438 3178 INFO tempest.lib.common.ssh [-] ssh connection to ubuntu@10.13.3.168 successfully created[00m
2020-10-28 13:24:08.066 3175 INFO tempest.lib.common.rest_client [req-db283207-c5f6-48a1-a774-e03fa814b264 ] Request (ServersTestBootFromVolume:setUpClass): 200 GET http://10.13.3.215:8776/v3/1646a8cbc5b84cbbb83f666c16eda46a/volumes/bcac4822-a87b-41bf-afad-beb74b82320f 0.075s[00m
2020-10-28 13:24:08.503 3178 INFO tempest.lib.common.ssh [-] Creating ssh connection to '10.13.3.168:22' as 'ubuntu' with public key authentication[00m
2020-10-28 13:24:08.518 3178 INFO paramiko.transport [-] Connected (version 2.0, client OpenSSH_7.6p1)[00m
2020-10-28 13:24:08.681 3178 INFO paramiko.transport [-] Authentication (publickey) successful![00m
2020-10-28 13:24:08.682 3178 INFO tempest.lib.common.ssh [-] ssh connection to ubuntu@10.13.3.168 successfully created[00m
2020-10-28 13:24:09.138 3175 INFO tempest.lib.common.rest_client [req-6de42792-aa47-4850-96c7-7e4519fb1e7b ] Request (ServersTestBootFromVolume:setUpClass): 200 GET http://10.13.3.215:8776/v3/1646a8cbc5b84cbbb83f666c16eda46a/volumes/bcac4822-a87b-41bf-afad-beb74b82320f 0.065s[00m
2020-10-28 13:24:10.096 3178 INFO tempest.lib.common.rest_client [req-2e89614e-ce5a-4284-a991-212fc5a0a431 ] Request (ServerActionsTestJSON:test_reboot_server_hard): 202 POST http://10.13.3.195:8774/v2.1/servers/8184c20d-7554-4050-ad37-12697b7ad47e/action 0.176s[00m
2020-10-28 13:24:10.223 3175 INFO tempest.lib.common.rest_client [req-8fac33bb-d981-457c-b346-1e626b288296 ] Request (ServersTestBootFromVolume:setUpClass): 200 GET http://10.13.3.215:8776/v3/1646a8cbc5b84cbbb83f666c16eda46a/volumes/bcac4822-a87b-41bf-afad-beb74b82320f 0.077s[00m
2020-10-28 13:24:10.775 3178 INFO tempest.lib.common.rest_client [req-d4886c94-c72d-44d4-b6d5-59ef39a1ab99 ] Request (ServerActionsTestJSON:test_reboot_server_hard): 200 GET http://10.13.3.195:8774/v2.1/servers/8184c20d-7554-4050-ad37-12697b7ad47e 0.677s[00m
2020-10-28 13:24:11.303 3175 INFO tempest.lib.common.rest_client [req-3cafefed-8609-4080-b236-67ee3452f6f5 ] Request (ServersTestBootFromVolume:setUpClass): 200 GET http://10.13.3.215:8776/v3/1646a8cbc5b84cbbb83f666c16eda46a/volumes/bcac4822-a87b-41bf-afad-beb74b82320f 0.072s[00m
2020-10-28 13:24:12.014 3178 INFO tempest.lib.common.rest_client [req-c7ea8e7d-d32b-487b-9181-05c855698d4d ] Request (ServerActionsTestJSON:test_reboot_server_hard): 200 GET http://10.13.3.195:8774/v2.1/servers/8184c20d-7554-4050-ad37-12697b7ad47e 0.230s[00m
2020-10-28 13:24:12.020 3178 INFO tempest.common.waiters [-] State transition "HARD_REBOOT/rebooting_hard" ==> "HARD_REBOOT/reboot_started_hard" after 2 second wait[00m
2020-10-28 13:24:12.496 3175 INFO tempest.lib.common.rest_client [req-14ccddde-cf78-4b24-bdeb-a7cff973326f ] Request (ServersTestBootFromVolume:setUpClass): 200 GET http://10.13.3.215:8776/v3/1646a8cbc5b84cbbb83f666c16eda46a/volumes/bcac4822-a87b-41bf-afad-beb74b82320f 0.186s[00m
2020-10-28 13:24:13.180 3178 INFO tempest.lib.common.rest_client [req-496546ed-8751-467d-9a2e-c6e9f891912b ] Request (ServerActionsTestJSON:test_reboot_server_hard): 200 GET http://10.13.3.195:8774/v2.1/servers/8184c20d-7554-4050-ad37-12697b7ad47e 0.159s[00m
2020-10-28 13:24:13.551 3175 INFO tempest.lib.common.rest_client [req-63e61783-4c18-411c-9dfb-e2141dcfea3e ] Request (ServersTestBootFromVolume:setUpClass): 200 GET http://10.13.3.215:8776/v3/1646a8cbc5b84cbbb83f666c16eda46a/volumes/bcac4822-a87b-41bf-afad-beb74b82320f 0.047s[00m
2020-10-28 13:24:14.449 3178 INFO tempest.lib.common.rest_client [req-b61e9546-bf9d-4853-8bbe-d801cf064260 ] Request (ServerActionsTestJSON:test_reboot_server_hard): 200 GET http://10.13.3.195:8774/v2.1/servers/8184c20d-7554-4050-ad37-12697b7ad47e 0.262s[00m
2020-10-28 13:24:14.631 3175 INFO tempest.lib.common.rest_client [req-2f72927b-b8ae-49da-a610-7f3c66971d46 ] Request (ServersTestBootFromVolume:setUpClass): 200 GET http://10.13.3.215:8776/v3/1646a8cbc5b84cbbb83f666c16eda46a/volumes/bcac4822-a87b-41bf-afad-beb74b82320f 0.073s[00m
2020-10-28 13:24:15.933 3178 INFO tempest.lib.common.rest_client [req-fbcf9205-ae56-4d1b-b098-15867e61a410 ] Request (ServerActionsTestJSON:test_reboot_server_hard): 200 GET http://10.13.3.195:8774/v2.1/servers/8184c20d-7554-4050-ad37-12697b7ad47e 0.478s[00m
2020-10-28 13:24:15.939 3178 INFO tempest.common.waiters [-] State transition "HARD_REBOOT/reboot_started_hard" ==> "ACTIVE/None" after 5 second wait[00m
2020-10-28 13:24:15.940 3175 INFO tempest.lib.common.rest_client [req-c237ba81-93a6-49ce-b1d6-b8ecfcc87e1a ] Request (ServersTestBootFromVolume:setUpClass): 200 GET http://10.13.3.215:8776/v3/1646a8cbc5b84cbbb83f666c16eda46a/volumes/bcac4822-a87b-41bf-afad-beb74b82320f 0.301s[00m
2020-10-28 13:24:15.945 3178 INFO tempest.lib.common.ssh [-] Creating ssh connection to '10.13.3.168:22' as 'ubuntu' with public key authentication[00m
2020-10-28 13:24:16.995 3175 INFO tempest.lib.common.rest_client [req-5450e748-c9f9-4e9f-8386-755167e6ea40 ] Request (ServersTestBootFromVolume:setUpClass): 200 GET http://10.13.3.215:8776/v3/1646a8cbc5b84cbbb83f666c16eda46a/volumes/bcac4822-a87b-41bf-afad-beb74b82320f 0.048s[00m
2020-10-28 13:24:18.072 3175 INFO tempest.lib.common.rest_client [req-b4e47b40-89c4-4912-86d4-da9f4a0f4c1c ] Request (ServersTestBootFromVolume:setUpClass): 200 GET http://10.13.3.215:8776/v3/1646a8cbc5b84cbbb83f666c16eda46a/volumes/bcac4822-a87b-41bf-afad-beb74b82320f 0.069s[00m
