2020-10-28 13:43:37.166 4169 INFO tempest.lib.common.rest_client [req-634b142a-1ccd-4338-ae56-fe7ca3a83626 ] Request (EndPointsTestJSON:test_update_endpoint): 201 POST http://10.13.3.250:35357/v3/endpoints 0.037s[00m
2020-10-28 13:43:37.186 4169 INFO tempest.lib.common.rest_client [req-890c691e-25ff-4d4c-955f-0f4442bf67d7 ] Request (EndPointsTestJSON:test_update_endpoint): 200 GET http://10.13.3.250:35357/v3/regions/tempest-region-1833819618 0.018s[00m
2020-10-28 13:43:37.222 4169 INFO tempest.lib.common.rest_client [req-cd746d62-8557-4c33-838e-9e4ed0b35522 ] Request (EndPointsTestJSON:test_update_endpoint): 200 PATCH http://10.13.3.250:35357/v3/endpoints/55c8716ef2934838b29168057287dabe 0.036s[00m
2020-10-28 13:43:37.240 4169 INFO tempest.lib.common.rest_client [req-fb064145-8fb1-4aed-a2dd-27940db561ea ] Request (EndPointsTestJSON:test_update_endpoint): 200 GET http://10.13.3.250:35357/v3/regions/tempest-region-69436570 0.017s[00m
2020-10-28 13:43:37.265 4169 INFO tempest.lib.common.rest_client [req-5d8599ad-1196-4014-970f-a6cc613d9189 ] Request (EndPointsTestJSON:_run_cleanups): 204 DELETE http://10.13.3.250:35357/v3/endpoints/55c8716ef2934838b29168057287dabe 0.023s[00m
2020-10-28 13:43:37.292 4169 INFO tempest.lib.common.rest_client [req-0a15bdd9-af5f-4fc8-bd14-08556b651f48 ] Request (EndPointsTestJSON:_run_cleanups): 204 DELETE http://10.13.3.250:35357/v3/regions/tempest-region-69436570 0.026s[00m
2020-10-28 13:43:37.318 4169 INFO tempest.lib.common.rest_client [req-6efcba16-ea1a-47f5-9d26-20211b7f55d6 ] Request (EndPointsTestJSON:_run_cleanups): 204 DELETE http://10.13.3.250:35357/v3/regions/tempest-region-1833819618 0.026s[00m
2020-10-28 13:43:37.347 4169 INFO tempest.lib.common.rest_client [req-ccd9daed-ceea-4ee8-8e86-3398e7eebc01 ] Request (EndPointsTestJSON:_run_cleanups): 204 DELETE http://10.13.3.250:35357/v3/services/71797d18b9be44c0a32216fa43780def 0.028s[00m
{0} tempest.api.identity.admin.v3.test_endpoints.EndPointsTestJSON.test_update_endpoint [0.239991s] ... ok
2020-10-28 13:43:37.377 4169 INFO tempest.lib.common.rest_client [req-f0765b04-cc4b-405a-af44-288da2ec3646 ] Request (EndPointsTestJSON:tearDownClass): 204 DELETE http://10.13.3.250:35357/v3/endpoints/e8853533baee4442b8d67704c74105a8 0.028s[00m
2020-10-28 13:43:37.403 4169 INFO tempest.lib.common.rest_client [req-0b33de51-4482-4db0-9636-ae78c1b5f343 ] Request (EndPointsTestJSON:tearDownClass): 204 DELETE http://10.13.3.250:35357/v3/regions/tempest-region-1642685438 0.026s[00m
2020-10-28 13:43:37.432 4169 INFO tempest.lib.common.rest_client [req-e864dd45-23b5-404e-aa78-2b593509c574 ] Request (EndPointsTestJSON:tearDownClass): 204 DELETE http://10.13.3.250:35357/v3/services/ecd433259804426894799e4a9e88d54c 0.028s[00m
2020-10-28 13:43:37.460 4169 INFO tempest.lib.common.rest_client [req-3c61428b-7e85-4302-9c77-6c3cb8699686 ] Request (EndPointsTestJSON:tearDownClass): 204 DELETE http://10.13.3.250:35357/v3/endpoints/a7e9de03c67e4965ad52685632e60e80 0.028s[00m
2020-10-28 13:43:37.489 4169 INFO tempest.lib.common.rest_client [req-f7200b97-137b-4f87-9a69-ecc3b02b0771 ] Request (EndPointsTestJSON:tearDownClass): 204 DELETE http://10.13.3.250:35357/v3/regions/tempest-region-633683379 0.028s[00m
2020-10-28 13:43:37.518 4169 INFO tempest.lib.common.rest_client [req-bc1358f1-7123-41f4-b1d6-5bf5d457aeab ] Request (EndPointsTestJSON:tearDownClass): 204 DELETE http://10.13.3.250:35357/v3/services/7cdb9af74478450cb9902701c61bdd59 0.028s[00m
2020-10-28 13:43:37.593 4169 INFO tempest.lib.common.rest_client [req-e61937a3-95f2-4cdf-b9b5-124fc1a0e1af ] Request (EndPointsTestJSON:tearDownClass): 204 DELETE http://10.13.3.250:35357/v3/users/2dc4458cde244b0ba80bca5f6d3f80d8 0.073s[00m
2020-10-28 13:43:37.860 4169 INFO tempest.lib.common.rest_client [req-69d7bc9f-d808-4aa6-beda-e57a44a0eb72 ] Request (EndPointsTestJSON:tearDownClass): 201 POST http://10.13.3.250:5000/v3/auth/tokens 0.265s[00m
2020-10-28 13:43:38.023 4169 INFO tempest.lib.common.rest_client [req-e63e4228-d36a-4bea-b213-bab3b8f90b8f ] Request (EndPointsTestJSON:tearDownClass): 200 GET http://10.13.3.192:9696/v2.0/security-groups?tenant_id=8159c3e9fb3a43829cfcf8210b92401a&name=default 0.160s[00m
2020-10-28 13:43:38.097 4169 INFO tempest.lib.common.rest_client [req-680be36c-3b64-4bd2-9d96-0a2f5228122d ] Request (EndPointsTestJSON:tearDownClass): 204 DELETE http://10.13.3.192:9696/v2.0/security-groups/59e0f826-e2d8-49f8-bb6d-fb373377bace 0.071s[00m
2020-10-28 13:43:38.166 4169 INFO tempest.lib.common.rest_client [req-2fedfa28-59a8-4c86-b28b-f4b7c002d728 ] Request (EndPointsTestJSON:tearDownClass): 204 DELETE http://10.13.3.250:35357/v3/projects/8159c3e9fb3a43829cfcf8210b92401a 0.067s[00m
2020-10-28 13:43:38.238 4169 INFO tempest.lib.common.rest_client [req-9db81dbf-c551-473e-a59f-109804caea9f ] Request (EndPointsTestJSON:tearDownClass): 204 DELETE http://10.13.3.250:35357/v3/users/4b020ea731cb40338d117b168434b633 0.070s[00m
2020-10-28 13:43:38.318 4169 INFO tempest.lib.common.rest_client [req-11f4a077-207f-49a9-bbf5-0bd92a1d0cbb ] Request (EndPointsTestJSON:tearDownClass): 200 GET http://10.13.3.192:9696/v2.0/security-groups?tenant_id=7df7658e6dcc4b44804b95c13a6bbbab&name=default 0.077s[00m
2020-10-28 13:43:38.388 4169 INFO tempest.lib.common.rest_client [req-25f3e0df-b31d-4a87-b874-4495cf80f02b ] Request (EndPointsTestJSON:tearDownClass): 204 DELETE http://10.13.3.192:9696/v2.0/security-groups/c1396258-2a4a-4532-8c19-3c918f9af5ba 0.068s[00m
2020-10-28 13:43:38.460 4169 INFO tempest.lib.common.rest_client [req-7cefae15-ba9c-4bb8-8078-81c7e2ebef31 ] Request (EndPointsTestJSON:tearDownClass): 204 DELETE http://10.13.3.250:35357/v3/projects/7df7658e6dcc4b44804b95c13a6bbbab 0.069s[00m
2020-10-28 13:43:38.723 4169 INFO tempest.lib.common.rest_client [req-fcfa7d9f-a40e-4522-8f7e-942bfd4def02 ] Request (PoliciesTestJSON:setUpClass): 201 POST http://10.13.3.250:5000/v3/auth/tokens 0.260s[00m
2020-10-28 13:43:38.976 4169 INFO tempest.lib.common.rest_client [req-240c35bd-13f4-4346-b110-0cca7b1986a8 ] Request (PoliciesTestJSON:setUpClass): 201 POST http://10.13.3.250:5000/v3/auth/tokens 0.248s[00m
2020-10-28 13:43:39.004 4169 INFO tempest.lib.common.rest_client [req-8f3a3d7d-12c7-43b3-a26c-9bcc47960b22 ] Request (PoliciesTestJSON:setUpClass): 200 GET http://10.13.3.250:35357/v3/domains?name=admin_domain 0.027s[00m
2020-10-28 13:43:39.035 4169 INFO tempest.lib.common.rest_client [req-cef8c8a4-c0e1-4232-8c17-1cc0ad2cad30 ] Request (PoliciesTestJSON:setUpClass): 201 POST http://10.13.3.250:35357/v3/projects 0.029s[00m
2020-10-28 13:43:39.288 4169 INFO tempest.lib.common.rest_client [req-71fb23e2-474e-4f39-83af-353abb465622 ] Request (PoliciesTestJSON:setUpClass): 201 POST http://10.13.3.250:35357/v3/users 0.251s[00m
2020-10-28 13:43:39.307 4169 INFO tempest.lib.common.rest_client [req-eb21033a-a35f-4cbf-b0df-ef20bcbac672 ] Request (PoliciesTestJSON:setUpClass): 200 GET http://10.13.3.250:35357/v3/roles 0.017s[00m
2020-10-28 13:43:39.325 4169 INFO tempest.lib.common.rest_client [req-977a16e0-3422-498c-b776-9c9b00a4119c ] Request (PoliciesTestJSON:setUpClass): 200 GET http://10.13.3.250:35357/v3/roles 0.016s[00m
2020-10-28 13:43:39.355 4169 INFO tempest.lib.common.rest_client [req-f9ab9d2e-cfcd-47ed-97c0-383289b9a51f ] Request (PoliciesTestJSON:setUpClass): 204 PUT http://10.13.3.250:35357/v3/projects/d26453ada24d42daa6de8db1052cc183/users/ae8fcde0363e451d81e8838c5182c0cd/roles/639bc00bafb04403aa590b2815c71db4 0.029s[00m
2020-10-28 13:43:39.357 4169 INFO tempest.lib.common.dynamic_creds [-] Acquired dynamic creds:
 credentials: Credentials: {'domain_id': '2c685f1bdbd54ce9aa047dfa3f556f8e', 'domain_name': 'admin_domain', 'username': 'tempest-PoliciesTestJSON-2088313056', 'project_domain_id': '2c685f1bdbd54ce9aa047dfa3f556f8e', 'project_domain_name': 'admin_domain', 'project_id': 'd26453ada24d42daa6de8db1052cc183', 'project_name': 'tempest-PoliciesTestJSON-2088313056', 'tenant_id': 'd26453ada24d42daa6de8db1052cc183', 'tenant_name': 'tempest-PoliciesTestJSON-2088313056', 'user_domain_id': '2c685f1bdbd54ce9aa047dfa3f556f8e', 'user_domain_name': 'admin_domain', 'user_id': 'ae8fcde0363e451d81e8838c5182c0cd'}, Network: None, Subnet: None, Router: None[00m
2020-10-28 13:43:39.361 4169 INFO tempest.lib.common.dynamic_creds [-] Created isolated network resources for:
 credentials: Credentials: {'domain_id': '2c685f1bdbd54ce9aa047dfa3f556f8e', 'domain_name': 'admin_domain', 'username': 'tempest-PoliciesTestJSON-2088313056', 'project_domain_id': '2c685f1bdbd54ce9aa047dfa3f556f8e', 'project_domain_name': 'admin_domain', 'project_id': 'd26453ada24d42daa6de8db1052cc183', 'project_name': 'tempest-PoliciesTestJSON-2088313056', 'tenant_id': 'd26453ada24d42daa6de8db1052cc183', 'tenant_name': 'tempest-PoliciesTestJSON-2088313056', 'user_domain_id': '2c685f1bdbd54ce9aa047dfa3f556f8e', 'user_domain_name': 'admin_domain', 'user_id': 'ae8fcde0363e451d81e8838c5182c0cd'}, Network: None, Subnet: None, Router: None[00m
2020-10-28 13:43:39.635 4169 INFO tempest.lib.common.rest_client [req-75c66f6c-5e5e-43ff-85a9-d9087fd581d4 ] Request (PoliciesTestJSON:setUpClass): 201 POST http://10.13.3.250:5000/v3/auth/tokens 0.270s[00m
2020-10-28 13:43:39.675 4169 INFO tempest.lib.common.rest_client [req-a60609f0-e81a-4fbd-abea-0c0bda0e636d ] Request (PoliciesTestJSON:setUpClass): 201 POST http://10.13.3.250:35357/v3/projects 0.039s[00m
2020-10-28 13:43:39.922 4169 INFO tempest.lib.common.rest_client [req-73390b18-6e7b-4558-81c3-5c4baf782e11 ] Request (PoliciesTestJSON:setUpClass): 201 POST http://10.13.3.250:35357/v3/users 0.247s[00m
2020-10-28 13:43:39.941 4169 INFO tempest.lib.common.rest_client [req-01d19972-8863-4e61-93a1-976ab2e73f34 ] Request (PoliciesTestJSON:setUpClass): 200 GET http://10.13.3.250:35357/v3/roles 0.018s[00m
2020-10-28 13:43:39.973 4169 INFO tempest.lib.common.rest_client [req-f23c92ad-a3ca-4e2f-b5df-405201ad6661 ] Request (PoliciesTestJSON:setUpClass): 204 PUT http://10.13.3.250:35357/v3/projects/4e4b8e05027f4a79a9bdc2b387d139e9/users/c1ebe1991d1843d88f234465eb409a4f/roles/3576053d19e24a6abe03bcbd1449a01f 0.031s[00m
2020-10-28 13:43:40.019 4169 INFO tempest.lib.common.rest_client [req-f23f7c35-cc65-435e-abcd-09d9537824cb ] Request (PoliciesTestJSON:setUpClass): 200 GET http://10.13.3.250:35357/v3/roles 0.045s[00m
2020-10-28 13:43:40.041 4169 INFO tempest.lib.common.rest_client [req-6adba014-6f8d-4897-a507-47e16f4cbbb8 ] Request (PoliciesTestJSON:setUpClass): 204 PUT http://10.13.3.250:35357/v3/domains/2c685f1bdbd54ce9aa047dfa3f556f8e/users/c1ebe1991d1843d88f234465eb409a4f/roles/3576053d19e24a6abe03bcbd1449a01f 0.022s[00m
2020-10-28 13:43:40.042 4169 INFO tempest.lib.common.dynamic_creds [-] Acquired dynamic creds:
 credentials: Credentials: {'domain_id': '2c685f1bdbd54ce9aa047dfa3f556f8e', 'domain_name': 'admin_domain', 'username': 'tempest-PoliciesTestJSON-1885936188', 'project_domain_id': '2c685f1bdbd54ce9aa047dfa3f556f8e', 'project_domain_name': 'admin_domain', 'project_id': '4e4b8e05027f4a79a9bdc2b387d139e9', 'project_name': 'tempest-PoliciesTestJSON-1885936188', 'tenant_id': '4e4b8e05027f4a79a9bdc2b387d139e9', 'tenant_name': 'tempest-PoliciesTestJSON-1885936188', 'user_domain_id': '2c685f1bdbd54ce9aa047dfa3f556f8e', 'user_domain_name': 'admin_domain', 'user_id': 'c1ebe1991d1843d88f234465eb409a4f'}, Network: None, Subnet: None, Router: None[00m
2020-10-28 13:43:40.042 4169 INFO tempest.lib.common.dynamic_creds [-] Created isolated network resources for:
 credentials: Credentials: {'domain_id': '2c685f1bdbd54ce9aa047dfa3f556f8e', 'domain_name': 'admin_domain', 'username': 'tempest-PoliciesTestJSON-1885936188', 'project_domain_id': '2c685f1bdbd54ce9aa047dfa3f556f8e', 'project_domain_name': 'admin_domain', 'project_id': '4e4b8e05027f4a79a9bdc2b387d139e9', 'project_name': 'tempest-PoliciesTestJSON-1885936188', 'tenant_id': '4e4b8e05027f4a79a9bdc2b387d139e9', 'tenant_name': 'tempest-PoliciesTestJSON-1885936188', 'user_domain_id': '2c685f1bdbd54ce9aa047dfa3f556f8e', 'user_domain_name': 'admin_domain', 'user_id': 'c1ebe1991d1843d88f234465eb409a4f'}, Network: None, Subnet: None, Router: None[00m
2020-10-28 13:43:40.322 4169 INFO tempest.lib.common.rest_client [req-da30e81c-b7ff-407b-87ff-14fc3cca0117 ] Request (PoliciesTestJSON:setUpClass): 201 POST http://10.13.3.250:5000/v3/auth/tokens 0.275s[00m
2020-10-28 13:43:40.573 4169 INFO tempest.lib.common.rest_client [req-f00b8373-6ec0-4a0c-84aa-5c7d8944bec7 ] Request (PoliciesTestJSON:test_create_update_delete_policy): 201 POST http://10.13.3.250:5000/v3/auth/tokens 0.250s[00m
2020-10-28 13:43:40.598 4169 INFO tempest.lib.common.rest_client [req-4b01d329-ce60-4391-8977-ba3c2a2f40f9 ] Request (PoliciesTestJSON:test_create_update_delete_policy): 201 POST http://10.13.3.250:35357/v3/policies 0.024s[00m
2020-10-28 13:43:40.621 4169 INFO tempest.lib.common.rest_client [req-f64c00ba-ab8f-4767-9ac3-821d44b68b85 ] Request (PoliciesTestJSON:test_create_update_delete_policy): 200 PATCH http://10.13.3.250:35357/v3/policies/15d3f0fb5bad4413b71a6dd656c4a6b8 0.022s[00m
2020-10-28 13:43:40.638 4169 INFO tempest.lib.common.rest_client [req-46a946cf-504f-4cbb-b827-7221b824279a ] Request (PoliciesTestJSON:test_create_update_delete_policy): 200 GET http://10.13.3.250:35357/v3/policies/15d3f0fb5bad4413b71a6dd656c4a6b8 0.017s[00m
2020-10-28 13:43:40.661 4169 INFO tempest.lib.common.rest_client [req-b9a3ea44-fc22-4cb4-ba07-56e406619c5e ] Request (PoliciesTestJSON:_run_cleanups): 204 DELETE http://10.13.3.250:35357/v3/policies/15d3f0fb5bad4413b71a6dd656c4a6b8 0.022s[00m
{0} tempest.api.identity.admin.v3.test_policies.PoliciesTestJSON.test_create_update_delete_policy [0.338379s] ... ok
2020-10-28 13:43:40.732 4169 INFO tempest.lib.common.rest_client [req-986fc630-ed79-4a9a-974d-e54322d2f489 ] Request (PoliciesTestJSON:tearDownClass): 204 DELETE http://10.13.3.250:35357/v3/users/ae8fcde0363e451d81e8838c5182c0cd 0.070s[00m
2020-10-28 13:43:40.990 4169 INFO tempest.lib.common.rest_client [req-9c6dffce-8da0-46b3-8702-170dc3eaf8c6 ] Request (PoliciesTestJSON:tearDownClass): 201 POST http://10.13.3.250:5000/v3/auth/tokens 0.258s[00m
2020-10-28 13:43:41.145 4169 INFO tempest.lib.common.rest_client [req-a3fb2d01-dc5f-40e2-997b-904fafa1be85 ] Request (PoliciesTestJSON:tearDownClass): 200 GET http://10.13.3.192:9696/v2.0/security-groups?tenant_id=d26453ada24d42daa6de8db1052cc183&name=default 0.154s[00m
2020-10-28 13:43:41.219 4169 INFO tempest.lib.common.rest_client [req-3588a427-5d37-488e-9378-e906e8961dc6 ] Request (PoliciesTestJSON:tearDownClass): 204 DELETE http://10.13.3.192:9696/v2.0/security-groups/e35d4b54-d229-488f-886e-2aef191eecd4 0.073s[00m
2020-10-28 13:43:41.289 4169 INFO tempest.lib.common.rest_client [req-33e61817-d80b-42b6-8e8c-98ee5f3b7b62 ] Request (PoliciesTestJSON:tearDownClass): 204 DELETE http://10.13.3.250:35357/v3/projects/d26453ada24d42daa6de8db1052cc183 0.069s[00m
2020-10-28 13:43:41.359 4169 INFO tempest.lib.common.rest_client [req-62c1c10a-5616-46ce-9a12-fc92121421be ] Request (PoliciesTestJSON:tearDownClass): 204 DELETE http://10.13.3.250:35357/v3/users/c1ebe1991d1843d88f234465eb409a4f 0.069s[00m
2020-10-28 13:43:41.438 4169 INFO tempest.lib.common.rest_client [req-f0500a7a-6319-42d5-93cd-77a4de2b9df4 ] Request (PoliciesTestJSON:tearDownClass): 200 GET http://10.13.3.192:9696/v2.0/security-groups?tenant_id=4e4b8e05027f4a79a9bdc2b387d139e9&name=default 0.078s[00m
2020-10-28 13:43:41.512 4169 INFO tempest.lib.common.rest_client [req-99632ab0-15fb-4737-bc07-939280ddd747 ] Request (PoliciesTestJSON:tearDownClass): 204 DELETE http://10.13.3.192:9696/v2.0/security-groups/120c4a7e-7c6b-4768-bf8d-f2de00b400df 0.074s[00m
2020-10-28 13:43:41.579 4169 INFO tempest.lib.common.rest_client [req-59157f95-eaba-41a8-b3c1-3684b4050724 ] Request (PoliciesTestJSON:tearDownClass): 204 DELETE http://10.13.3.250:35357/v3/projects/4e4b8e05027f4a79a9bdc2b387d139e9 0.066s[00m
2020-10-28 13:43:41.825 4171 INFO paramiko.transport [-] Connected (version 2.0, client OpenSSH_7.6p1)[00m
2020-10-28 13:43:41.840 4169 INFO tempest.lib.common.rest_client [req-d1d6d010-4c9e-4c9f-bf19-3439d278e510 ] Request (TrustsV3TestJSON:setUpClass): 201 POST http://10.13.3.250:5000/v3/auth/tokens 0.259s[00m
2020-10-28 13:43:41.976 4171 INFO paramiko.transport [-] Authentication (publickey) successful![00m
2020-10-28 13:43:41.977 4171 INFO tempest.lib.common.ssh [-] ssh connection to ubuntu@10.13.3.150 successfully created[00m
2020-10-28 13:43:42.063 4171 INFO tempest.lib.common.rest_client [req-15c4fcc1-1a95-47c2-8924-bf47b0ed5920 ] Request (AttachInterfacesUnderV243Test:test_add_remove_fixed_ip): 200 GET http://10.13.3.195:8774/v2.1/servers/ae77cead-be4f-4bad-be51-725fd9083cfd/os-interface 0.085s[00m
2020-10-28 13:43:42.091 4169 INFO tempest.lib.common.rest_client [req-550815a7-30fb-4502-9dbb-33e10da73779 ] Request (TrustsV3TestJSON:setUpClass): 201 POST http://10.13.3.250:5000/v3/auth/tokens 0.247s[00m
2020-10-28 13:43:42.120 4169 INFO tempest.lib.common.rest_client [req-e843cdbb-d263-4e84-9448-e80bba5b91f7 ] Request (TrustsV3TestJSON:setUpClass): 200 GET http://10.13.3.250:35357/v3/domains?name=admin_domain 0.029s[00m
2020-10-28 13:43:42.156 4169 INFO tempest.lib.common.rest_client [req-b007ea9c-3a3b-4629-8ce1-83cdc370fec5 ] Request (TrustsV3TestJSON:setUpClass): 201 POST http://10.13.3.250:35357/v3/projects 0.035s[00m
2020-10-28 13:43:42.153 4171 INFO tempest.lib.common.rest_client [req-198fc2a2-f7d1-487c-8815-80fa642788d7 ] Request (AttachInterfacesUnderV243Test:test_add_remove_fixed_ip): 200 GET http://10.13.3.195:8774/v2.1/servers/ae77cead-be4f-4bad-be51-725fd9083cfd/os-interface/0f98cf36-4de1-4a89-9760-60a338352525 0.084s[00m
2020-10-28 13:43:42.226 4171 INFO tempest.lib.common.rest_client [req-8b7f9480-8924-4f28-ba2d-1ae7b3832b0e ] Request (AttachInterfacesUnderV243Test:test_add_remove_fixed_ip): 200 GET http://10.13.3.195:8774/v2.1/servers/ae77cead-be4f-4bad-be51-725fd9083cfd/ips 0.039s[00m
2020-10-28 13:43:42.271 4171 INFO tempest.lib.common.rest_client [req-1903a722-0b8a-40bf-a58c-607be1efcd82 ] Request (AttachInterfacesUnderV243Test:test_add_remove_fixed_ip): 202 POST http://10.13.3.195:8774/v2.1/servers/ae77cead-be4f-4bad-be51-725fd9083cfd/action 0.042s[00m
2020-10-28 13:43:42.315 4171 INFO tempest.lib.common.rest_client [req-3a68e8fb-2198-491f-a850-063c86ac8b01 ] Request (AttachInterfacesUnderV243Test:test_add_remove_fixed_ip): 200 GET http://10.13.3.195:8774/v2.1/servers/ae77cead-be4f-4bad-be51-725fd9083cfd/ips 0.043s[00m
2020-10-28 13:43:42.416 4169 INFO tempest.lib.common.rest_client [req-f57a3475-03c4-4fc8-a789-abf0772d77fb ] Request (TrustsV3TestJSON:setUpClass): 201 POST http://10.13.3.250:35357/v3/users 0.253s[00m
2020-10-28 13:43:42.434 4169 INFO tempest.lib.common.rest_client [req-c7a39e9b-9ebb-4282-a8b6-9ba1ac013e26 ] Request (TrustsV3TestJSON:setUpClass): 200 GET http://10.13.3.250:35357/v3/roles 0.017s[00m
2020-10-28 13:43:42.451 4169 INFO tempest.lib.common.rest_client [req-67d4b7aa-0aeb-4250-af4c-cb20ac7561fd ] Request (TrustsV3TestJSON:setUpClass): 200 GET http://10.13.3.250:35357/v3/roles 0.017s[00m
2020-10-28 13:43:42.482 4169 INFO tempest.lib.common.rest_client [req-57792eed-f653-4277-bbd1-fd4e3e91fdd7 ] Request (TrustsV3TestJSON:setUpClass): 204 PUT http://10.13.3.250:35357/v3/projects/a53c8ac920bf4402a68188be9ef761b4/users/26e93795d96d4da1a41d2b1974642015/roles/639bc00bafb04403aa590b2815c71db4 0.030s[00m
2020-10-28 13:43:42.482 4169 INFO tempest.lib.common.dynamic_creds [-] Acquired dynamic creds:
 credentials: Credentials: {'domain_id': '2c685f1bdbd54ce9aa047dfa3f556f8e', 'domain_name': 'admin_domain', 'username': 'tempest-TrustsV3TestJSON-1369981473', 'project_domain_id': '2c685f1bdbd54ce9aa047dfa3f556f8e', 'project_domain_name': 'admin_domain', 'project_id': 'a53c8ac920bf4402a68188be9ef761b4', 'project_name': 'tempest-TrustsV3TestJSON-1369981473', 'tenant_id': 'a53c8ac920bf4402a68188be9ef761b4', 'tenant_name': 'tempest-TrustsV3TestJSON-1369981473', 'user_domain_id': '2c685f1bdbd54ce9aa047dfa3f556f8e', 'user_domain_name': 'admin_domain', 'user_id': '26e93795d96d4da1a41d2b1974642015'}, Network: None, Subnet: None, Router: None[00m
2020-10-28 13:43:42.482 4169 INFO tempest.lib.common.dynamic_creds [-] Created isolated network resources for:
 credentials: Credentials: {'domain_id': '2c685f1bdbd54ce9aa047dfa3f556f8e', 'domain_name': 'admin_domain', 'username': 'tempest-TrustsV3TestJSON-1369981473', 'project_domain_id': '2c685f1bdbd54ce9aa047dfa3f556f8e', 'project_domain_name': 'admin_domain', 'project_id': 'a53c8ac920bf4402a68188be9ef761b4', 'project_name': 'tempest-TrustsV3TestJSON-1369981473', 'tenant_id': 'a53c8ac920bf4402a68188be9ef761b4', 'tenant_name': 'tempest-TrustsV3TestJSON-1369981473', 'user_domain_id': '2c685f1bdbd54ce9aa047dfa3f556f8e', 'user_domain_name': 'admin_domain', 'user_id': '26e93795d96d4da1a41d2b1974642015'}, Network: None, Subnet: None, Router: None[00m
2020-10-28 13:43:42.757 4169 INFO tempest.lib.common.rest_client [req-f033a6eb-b798-4c27-97ea-6752d9364afa ] Request (TrustsV3TestJSON:setUpClass): 201 POST http://10.13.3.250:5000/v3/auth/tokens 0.271s[00m
2020-10-28 13:43:42.799 4169 INFO tempest.lib.common.rest_client [req-413f7fa0-448b-45e7-9267-7cf284c54a7b ] Request (TrustsV3TestJSON:setUpClass): 201 POST http://10.13.3.250:35357/v3/projects 0.041s[00m
2020-10-28 13:43:43.048 4169 INFO tempest.lib.common.rest_client [req-6020a6b2-8c97-46c2-b352-97a753773dda ] Request (TrustsV3TestJSON:setUpClass): 201 POST http://10.13.3.250:35357/v3/users 0.248s[00m
2020-10-28 13:43:43.066 4169 INFO tempest.lib.common.rest_client [req-72734fb9-1272-4bbd-80cc-b8a0a2328ce3 ] Request (TrustsV3TestJSON:setUpClass): 200 GET http://10.13.3.250:35357/v3/roles 0.017s[00m
2020-10-28 13:43:43.096 4169 INFO tempest.lib.common.rest_client [req-2f8de14e-ea0f-4ef6-b13b-93a1379a7b3a ] Request (TrustsV3TestJSON:setUpClass): 204 PUT http://10.13.3.250:35357/v3/projects/d0c87aa657024c57b896584b1c8adca7/users/60a6239f7f824ce78483a0f262b39f04/roles/3576053d19e24a6abe03bcbd1449a01f 0.030s[00m
2020-10-28 13:43:43.130 4169 INFO tempest.lib.common.rest_client [req-dfaeb70b-ca34-4965-b19e-52644e0647dd ] Request (TrustsV3TestJSON:setUpClass): 200 GET http://10.13.3.250:35357/v3/roles 0.033s[00m
2020-10-28 13:43:43.150 4169 INFO tempest.lib.common.rest_client [req-77edcb27-a4b3-4c58-a7e5-e98b2fb6d060 ] Request (TrustsV3TestJSON:setUpClass): 204 PUT http://10.13.3.250:35357/v3/domains/2c685f1bdbd54ce9aa047dfa3f556f8e/users/60a6239f7f824ce78483a0f262b39f04/roles/3576053d19e24a6abe03bcbd1449a01f 0.019s[00m
2020-10-28 13:43:43.150 4169 INFO tempest.lib.common.dynamic_creds [-] Acquired dynamic creds:
 credentials: Credentials: {'domain_id': '2c685f1bdbd54ce9aa047dfa3f556f8e', 'domain_name': 'admin_domain', 'username': 'tempest-TrustsV3TestJSON-1352866456', 'project_domain_id': '2c685f1bdbd54ce9aa047dfa3f556f8e', 'project_domain_name': 'admin_domain', 'project_id': 'd0c87aa657024c57b896584b1c8adca7', 'project_name': 'tempest-TrustsV3TestJSON-1352866456', 'tenant_id': 'd0c87aa657024c57b896584b1c8adca7', 'tenant_name': 'tempest-TrustsV3TestJSON-1352866456', 'user_domain_id': '2c685f1bdbd54ce9aa047dfa3f556f8e', 'user_domain_name': 'admin_domain', 'user_id': '60a6239f7f824ce78483a0f262b39f04'}, Network: None, Subnet: None, Router: None[00m
2020-10-28 13:43:43.151 4169 INFO tempest.lib.common.dynamic_creds [-] Created isolated network resources for:
 credentials: Credentials: {'domain_id': '2c685f1bdbd54ce9aa047dfa3f556f8e', 'domain_name': 'admin_domain', 'username': 'tempest-TrustsV3TestJSON-1352866456', 'project_domain_id': '2c685f1bdbd54ce9aa047dfa3f556f8e', 'project_domain_name': 'admin_domain', 'project_id': 'd0c87aa657024c57b896584b1c8adca7', 'project_name': 'tempest-TrustsV3TestJSON-1352866456', 'tenant_id': 'd0c87aa657024c57b896584b1c8adca7', 'tenant_name': 'tempest-TrustsV3TestJSON-1352866456', 'user_domain_id': '2c685f1bdbd54ce9aa047dfa3f556f8e', 'user_domain_name': 'admin_domain', 'user_id': '60a6239f7f824ce78483a0f262b39f04'}, Network: None, Subnet: None, Router: None[00m
2020-10-28 13:43:43.365 4171 INFO tempest.lib.common.rest_client [req-901ffb8d-6f72-434f-9c4d-9b93b0aa1f59 ] Request (AttachInterfacesUnderV243Test:test_add_remove_fixed_ip): 200 GET http://10.13.3.195:8774/v2.1/servers/ae77cead-be4f-4bad-be51-725fd9083cfd/ips 0.046s[00m
2020-10-28 13:43:43.427 4169 INFO tempest.lib.common.rest_client [req-51344401-9e0e-4211-91e3-6243018940d3 ] Request (TrustsV3TestJSON:setUpClass): 201 POST http://10.13.3.250:5000/v3/auth/tokens 0.273s[00m
2020-10-28 13:43:43.477 4171 INFO tempest.lib.common.rest_client [req-37a7b882-f6a0-4be6-adbb-9fd197128d25 ] Request (AttachInterfacesUnderV243Test:test_add_remove_fixed_ip): 200 GET http://10.13.3.195:8774/v2.1/servers/ae77cead-be4f-4bad-be51-725fd9083cfd 0.110s[00m
2020-10-28 13:43:43.537 4171 INFO tempest.lib.common.rest_client [req-c7d5d41b-9430-42e4-80c8-5904c4b7f88b ] Request (AttachInterfacesUnderV243Test:test_add_remove_fixed_ip): 202 POST http://10.13.3.195:8774/v2.1/servers/ae77cead-be4f-4bad-be51-725fd9083cfd/action 0.047s[00m
2020-10-28 13:43:43.579 4171 INFO tempest.lib.common.rest_client [req-23f33742-c2b9-459b-88d9-c995ff3b14a9 ] Request (AttachInterfacesUnderV243Test:test_add_remove_fixed_ip): 200 GET http://10.13.3.195:8774/v2.1/servers/ae77cead-be4f-4bad-be51-725fd9083cfd/ips 0.041s[00m
2020-10-28 13:43:43.679 4169 INFO tempest.lib.common.rest_client [req-5605b772-1d37-4c0b-8dae-a9c0c75183c7 ] Request (TrustsV3TestJSON:setUp): 201 POST http://10.13.3.250:5000/v3/auth/tokens 0.250s[00m
2020-10-28 13:43:43.707 4169 INFO tempest.lib.common.rest_client [req-d9f1ef54-d157-41ab-9a30-47fb7012751a ] Request (TrustsV3TestJSON:setUp): 201 POST http://10.13.3.250:35357/v3/projects 0.027s[00m
2020-10-28 13:43:43.955 4169 INFO tempest.lib.common.rest_client [req-4a14f294-18cf-4e27-aa3a-d833169c9228 ] Request (TrustsV3TestJSON:setUp): 201 POST http://10.13.3.250:35357/v3/users 0.248s[00m
2020-10-28 13:43:43.975 4169 INFO tempest.lib.common.rest_client [req-bd4f3a18-552d-4b60-9d08-d6ce685e4ed3 ] Request (TrustsV3TestJSON:setUp): 201 POST http://10.13.3.250:35357/v3/roles 0.019s[00m
2020-10-28 13:43:43.995 4169 INFO tempest.lib.common.rest_client [req-256e0f1a-3483-4fb4-b345-667218ee0d82 ] Request (TrustsV3TestJSON:setUp): 201 POST http://10.13.3.250:35357/v3/roles 0.019s[00m
2020-10-28 13:43:44.026 4169 INFO tempest.lib.common.rest_client [req-abbb11c6-6ab8-4180-bc89-d11a75dc173c ] Request (TrustsV3TestJSON:setUp): 204 PUT http://10.13.3.250:35357/v3/projects/bf437bf4c1a8456fb04d702e22127da2/users/ec8a055d819341bd96d0296a35848654/roles/845532ac985845eb84d2a7e738342189 0.031s[00m
2020-10-28 13:43:44.062 4169 INFO tempest.lib.common.rest_client [req-4b16edb9-84e4-4923-99a3-5326e24611ce ] Request (TrustsV3TestJSON:setUp): 204 PUT http://10.13.3.250:35357/v3/projects/bf437bf4c1a8456fb04d702e22127da2/users/ec8a055d819341bd96d0296a35848654/roles/b58b0c87766a4a6d98313cc1f060d745 0.035s[00m
2020-10-28 13:43:44.100 4169 INFO tempest.lib.common.rest_client [req-dc6028e6-55f1-427f-84a7-8ecbae3f7cdc ] Request (TrustsV3TestJSON:setUp): 200 GET http://10.13.3.250:35357/v3/users 0.037s[00m
2020-10-28 13:43:44.375 4169 INFO tempest.lib.common.rest_client [req-2928129b-2f19-45b9-9aad-a0b48dbab495 ] Request (TrustsV3TestJSON:setUp): 201 POST http://10.13.3.250:5000/v3/auth/tokens 0.274s[00m
2020-10-28 13:43:44.610 4169 INFO tempest.lib.common.rest_client [req-f6d071cd-afbf-41ef-bb37-5c6aa72572b9 ] Request (TrustsV3TestJSON:test_get_trusts_all): 201 POST http://10.13.3.250:5000/v3/auth/tokens 0.230s[00m
2020-10-28 13:43:44.625 4171 INFO tempest.lib.common.rest_client [req-24271023-cef6-40d2-ab15-cbd444d5307e ] Request (AttachInterfacesUnderV243Test:test_add_remove_fixed_ip): 200 GET http://10.13.3.195:8774/v2.1/servers/ae77cead-be4f-4bad-be51-725fd9083cfd/ips 0.042s[00m
2020-10-28 13:43:44.660 4169 INFO tempest.lib.common.rest_client [req-6d7fc3cf-fa79-4db8-adcc-7489ec7d89d9 ] Request (TrustsV3TestJSON:test_get_trusts_all): 201 POST http://10.13.3.250:35357/v3/OS-TRUST/trusts 0.049s[00m
2020-10-28 13:43:44.726 4171 INFO tempest.lib.common.rest_client [req-5a213dd1-bbb2-4b47-bf36-ae8be39c0de7 ] Request (AttachInterfacesUnderV243Test:_run_cleanups): 204 DELETE http://10.13.3.195:8774/v2.1/servers/ae77cead-be4f-4bad-be51-725fd9083cfd 0.099s[00m
2020-10-28 13:43:44.844 4171 INFO tempest.lib.common.rest_client [req-c759f6d7-9c2f-497a-91b6-4acea4de4bd9 ] Request (AttachInterfacesUnderV243Test:_run_cleanups): 200 GET http://10.13.3.195:8774/v2.1/servers/ae77cead-be4f-4bad-be51-725fd9083cfd 0.117s[00m
2020-10-28 13:43:44.920 4169 INFO tempest.lib.common.rest_client [req-1ef049a4-73d2-4653-acb3-da09b8e93be3 ] Request (TrustsV3TestJSON:test_get_trusts_all): 201 POST http://10.13.3.250:5000/v3/auth/tokens 0.259s[00m
2020-10-28 13:43:44.938 4169 INFO tempest.lib.common.rest_client [req-7fd27825-aefc-4a57-be42-d1af4dada343 ] Request (TrustsV3TestJSON:test_get_trusts_all): 200 GET http://10.13.3.250:35357/v3/OS-TRUST/trusts/ 0.017s[00m
2020-10-28 13:43:44.973 4169 INFO tempest.lib.common.rest_client [req-e199f817-3f9e-4c4c-89ca-bca69a6bbfe4 ] Request (TrustsV3TestJSON:tearDown): 204 DELETE http://10.13.3.250:35357/v3/OS-TRUST/trusts/0f6423664e814c389af03184056396f2 0.034s[00m
2020-10-28 13:43:44.993 4169 INFO tempest.lib.common.rest_client [req-238819af-9b93-4953-aac2-af7cfd02783a ] Request (TrustsV3TestJSON:tearDown): 404 GET http://10.13.3.250:35357/v3/OS-TRUST/trusts/0f6423664e814c389af03184056396f2 0.018s[00m
2020-10-28 13:43:45.223 4169 INFO tempest.lib.common.rest_client [req-403d31d6-3493-4a03-984f-0682450e08c1 ] Request (TrustsV3TestJSON:_run_cleanups): 201 POST http://10.13.3.250:5000/v3/auth/tokens 0.230s[00m
2020-10-28 13:43:45.257 4169 INFO tempest.lib.common.rest_client [req-91d3e559-8485-4fad-a2e3-00833a75d82b ] Request (TrustsV3TestJSON:_run_cleanups): 204 DELETE http://10.13.3.250:35357/v3/roles/b58b0c87766a4a6d98313cc1f060d745 0.033s[00m
2020-10-28 13:43:45.308 4169 INFO tempest.lib.common.rest_client [req-eef320f2-9461-4ac1-99a7-1c8b62ab7e63 ] Request (TrustsV3TestJSON:_run_cleanups): 204 DELETE http://10.13.3.250:35357/v3/roles/845532ac985845eb84d2a7e738342189 0.050s[00m
2020-10-28 13:43:45.379 4169 INFO tempest.lib.common.rest_client [req-cec690f6-b250-4679-a71f-952075fdaf6e ] Request (TrustsV3TestJSON:_run_cleanups): 204 DELETE http://10.13.3.250:35357/v3/users/ec8a055d819341bd96d0296a35848654 0.070s[00m
2020-10-28 13:43:45.448 4169 INFO tempest.lib.common.rest_client [req-3e165d84-0933-487c-96b3-150506816f05 ] Request (TrustsV3TestJSON:_run_cleanups): 204 DELETE http://10.13.3.250:35357/v3/projects/bf437bf4c1a8456fb04d702e22127da2 0.068s[00m
{0} tempest.api.identity.admin.v3.test_trusts.TrustsV3TestJSON.test_get_trusts_all [2.020820s] ... ok
2020-10-28 13:43:45.519 4169 INFO tempest.lib.common.rest_client [req-41d4c8bd-6a98-4477-abc8-ba4dac79dfd8 ] Request (TrustsV3TestJSON:tearDownClass): 204 DELETE http://10.13.3.250:35357/v3/users/26e93795d96d4da1a41d2b1974642015 0.069s[00m
2020-10-28 13:43:45.778 4169 INFO tempest.lib.common.rest_client [req-e027c17f-3b10-49a6-b53b-504672df2371 ] Request (TrustsV3TestJSON:tearDownClass): 201 POST http://10.13.3.250:5000/v3/auth/tokens 0.258s[00m
2020-10-28 13:43:45.942 4169 INFO tempest.lib.common.rest_client [req-37558c31-717a-459c-a690-39602ac2e9a2 ] Request (TrustsV3TestJSON:tearDownClass): 200 GET http://10.13.3.192:9696/v2.0/security-groups?tenant_id=a53c8ac920bf4402a68188be9ef761b4&name=default 0.163s[00m
2020-10-28 13:43:45.964 4171 INFO tempest.lib.common.rest_client [req-efdf7047-b4ec-4ca0-b946-379a65c6e575 ] Request (AttachInterfacesUnderV243Test:_run_cleanups): 200 GET http://10.13.3.195:8774/v2.1/servers/ae77cead-be4f-4bad-be51-725fd9083cfd 0.114s[00m
2020-10-28 13:43:46.057 4169 INFO tempest.lib.common.rest_client [req-b1463ef8-c920-4990-b1df-9039b4ebf609 ] Request (TrustsV3TestJSON:tearDownClass): 204 DELETE http://10.13.3.192:9696/v2.0/security-groups/690d458f-6ff9-4c90-9d96-550045ceb5c8 0.114s[00m
2020-10-28 13:43:46.131 4169 INFO tempest.lib.common.rest_client [req-c81b452b-d82c-4f10-8dc9-5da1d55405c3 ] Request (TrustsV3TestJSON:tearDownClass): 204 DELETE http://10.13.3.250:35357/v3/projects/a53c8ac920bf4402a68188be9ef761b4 0.073s[00m
2020-10-28 13:43:46.204 4169 INFO tempest.lib.common.rest_client [req-4ade87e3-c2ca-423b-8984-843041195c49 ] Request (TrustsV3TestJSON:tearDownClass): 204 DELETE http://10.13.3.250:35357/v3/users/60a6239f7f824ce78483a0f262b39f04 0.072s[00m
2020-10-28 13:43:46.301 4169 INFO tempest.lib.common.rest_client [req-5504f1a6-b2ee-4136-8b6b-950cda99d7f8 ] Request (TrustsV3TestJSON:tearDownClass): 200 GET http://10.13.3.192:9696/v2.0/security-groups?tenant_id=d0c87aa657024c57b896584b1c8adca7&name=default 0.097s[00m
2020-10-28 13:43:46.390 4169 INFO tempest.lib.common.rest_client [req-c02199bd-9c33-493f-9503-4b500fb9e1e7 ] Request (TrustsV3TestJSON:tearDownClass): 204 DELETE http://10.13.3.192:9696/v2.0/security-groups/eeff46ed-5a5b-40ee-aec2-01034d8a6ea9 0.088s[00m
2020-10-28 13:43:46.460 4169 INFO tempest.lib.common.rest_client [req-70bbb6d4-31f9-49d6-bfe0-d01f0bd558d6 ] Request (TrustsV3TestJSON:tearDownClass): 204 DELETE http://10.13.3.250:35357/v3/projects/d0c87aa657024c57b896584b1c8adca7 0.069s[00m
2020-10-28 13:43:46.461 4169 INFO tempest.test [-] <class 'unittest.case.SkipTest'> raised in TestApiDiscovery.setUpClass. Invoking tearDownClass.[00m
{0} setUpClass (tempest.api.identity.v2.test_api_discovery.TestApiDiscovery) ... SKIPPED: Identity api v2 is not enabled
2020-10-28 13:43:46.725 4169 INFO tempest.lib.common.rest_client [req-c7277238-bcb5-4faa-aa6e-47aa1a84527e ] Request (VersionsTest:setUpClass): 201 POST http://10.13.3.250:5000/v3/auth/tokens 0.261s[00m
2020-10-28 13:43:46.978 4169 INFO tempest.lib.common.rest_client [req-0ff23375-1890-438e-a77b-00e567bdf894 ] Request (VersionsTest:setUpClass): 201 POST http://10.13.3.250:5000/v3/auth/tokens 0.250s[00m
2020-10-28 13:43:46.997 4169 INFO tempest.lib.common.rest_client [req-985c3b41-0eac-4bb1-957d-c2b0b00a97db ] Request (VersionsTest:setUpClass): 200 GET http://10.13.3.250:35357/v3/domains?name=admin_domain 0.018s[00m
2020-10-28 13:43:47.015 4171 INFO tempest.lib.common.rest_client [req-d2b63af0-27f0-4574-ad27-ac83e77f7fc7 ] Request (AttachInterfacesUnderV243Test:_run_cleanups): 404 GET http://10.13.3.195:8774/v2.1/servers/ae77cead-be4f-4bad-be51-725fd9083cfd 0.044s[00m
2020-10-28 13:43:47.027 4169 INFO tempest.lib.common.rest_client [req-f27f9f02-aa20-4f6d-b262-1478d098ce1d ] Request (VersionsTest:setUpClass): 201 POST http://10.13.3.250:35357/v3/projects 0.029s[00m
2020-10-28 13:43:47.042 4171 INFO tempest.lib.common.rest_client [req-5fc3304f-082e-400d-a9ce-b972aaadf945 ] Request (AttachInterfacesUnderV243Test:_run_cleanups): 202 DELETE http://10.13.3.195:8774/v2.1/os-keypairs/tempest-keypair-914726442 0.025s[00m
2020-10-28 13:43:47.179 4171 INFO tempest.lib.common.rest_client [req-014aaf4a-d1b5-478c-800b-06730b601a1c ] Request (AttachInterfacesUnderV243Test:_run_cleanups): 204 DELETE http://10.13.3.192:9696/v2.0/security-groups/6dc31b81-a889-46c0-86f4-354945304c73 0.134s[00m
2020-10-28 13:43:47.192 4171 INFO tempest.lib.common.rest_client [req-a3cee1e3-3642-4059-88d6-f88017775152 ] Request (AttachInterfacesUnderV243Test:_run_cleanups): 404 GET http://10.13.3.192:9696/v2.0/security-groups/6dc31b81-a889-46c0-86f4-354945304c73 0.012s[00m
2020-10-28 13:43:47.276 4169 INFO tempest.lib.common.rest_client [req-6fab12a8-f635-4355-9043-a856d0f880a9 ] Request (VersionsTest:setUpClass): 201 POST http://10.13.3.250:35357/v3/users 0.249s[00m
2020-10-28 13:43:47.295 4169 INFO tempest.lib.common.rest_client [req-20330bd3-782a-4e95-8ba9-039c00698c4f ] Request (VersionsTest:setUpClass): 200 GET http://10.13.3.250:35357/v3/roles 0.018s[00m
2020-10-28 13:43:47.315 4169 INFO tempest.lib.common.rest_client [req-209cc908-928e-4b61-8bef-7ed06c16c3ad ] Request (VersionsTest:setUpClass): 200 GET http://10.13.3.250:35357/v3/roles 0.020s[00m
2020-10-28 13:43:47.347 4169 INFO tempest.lib.common.rest_client [req-f4514c98-2bcc-4454-98bd-e77d939d34ca ] Request (VersionsTest:setUpClass): 204 PUT http://10.13.3.250:35357/v3/projects/b9a482bee077411b96e21245899dd71e/users/32b9876bf96b4be9a1d06da1f4d934d3/roles/639bc00bafb04403aa590b2815c71db4 0.031s[00m
2020-10-28 13:43:47.347 4169 INFO tempest.lib.common.dynamic_creds [-] Acquired dynamic creds:
 credentials: Credentials: {'domain_id': '2c685f1bdbd54ce9aa047dfa3f556f8e', 'domain_name': 'admin_domain', 'username': 'tempest-VersionsTest-1009947974', 'project_domain_id': '2c685f1bdbd54ce9aa047dfa3f556f8e', 'project_domain_name': 'admin_domain', 'project_id': 'b9a482bee077411b96e21245899dd71e', 'project_name': 'tempest-VersionsTest-1009947974', 'tenant_id': 'b9a482bee077411b96e21245899dd71e', 'tenant_name': 'tempest-VersionsTest-1009947974', 'user_domain_id': '2c685f1bdbd54ce9aa047dfa3f556f8e', 'user_domain_name': 'admin_domain', 'user_id': '32b9876bf96b4be9a1d06da1f4d934d3'}, Network: None, Subnet: None, Router: None[00m
2020-10-28 13:43:47.347 4169 INFO tempest.lib.common.dynamic_creds [-] Created isolated network resources for:
 credentials: Credentials: {'domain_id': '2c685f1bdbd54ce9aa047dfa3f556f8e', 'domain_name': 'admin_domain', 'username': 'tempest-VersionsTest-1009947974', 'project_domain_id': '2c685f1bdbd54ce9aa047dfa3f556f8e', 'project_domain_name': 'admin_domain', 'project_id': 'b9a482bee077411b96e21245899dd71e', 'project_name': 'tempest-VersionsTest-1009947974', 'tenant_id': 'b9a482bee077411b96e21245899dd71e', 'tenant_name': 'tempest-VersionsTest-1009947974', 'user_domain_id': '2c685f1bdbd54ce9aa047dfa3f556f8e', 'user_domain_name': 'admin_domain', 'user_id': '32b9876bf96b4be9a1d06da1f4d934d3'}, Network: None, Subnet: None, Router: None[00m
2020-10-28 13:43:47.540 4171 INFO tempest.lib.common.rest_client [req-0e12b169-df28-40eb-b506-d1ebbd7515dd ] Request (AttachInterfacesUnderV243Test:_run_cleanups): 204 DELETE http://10.13.3.192:9696/v2.0/floatingips/00ef2a4a-366c-4ca0-9c81-3706d02befdf 0.347s[00m
{1} tempest.api.compute.servers.test_attach_interfaces.AttachInterfacesUnderV243Test.test_add_remove_fixed_ip [39.213737s] ... ok
2020-10-28 13:43:47.580 4171 INFO tempest.lib.common.rest_client [req-2b108500-e99e-4bbc-83d0-28c9fcd2948f ] Request (AttachInterfacesUnderV243Test:tearDownClass): 404 DELETE http://10.13.3.195:8774/v2.1/servers/ae77cead-be4f-4bad-be51-725fd9083cfd 0.039s[00m
2020-10-28 13:43:47.624 4169 INFO tempest.lib.common.rest_client [req-02dac428-0dbc-48e7-a73e-605190eb6abb ] Request (VersionsTest:setUpClass): 201 POST http://10.13.3.250:5000/v3/auth/tokens 0.271s[00m
2020-10-28 13:43:47.621 4171 INFO tempest.lib.common.rest_client [req-78720ea3-9117-493b-83ba-47da3c69b855 ] Request (AttachInterfacesUnderV243Test:tearDownClass): 404 GET http://10.13.3.195:8774/v2.1/servers/ae77cead-be4f-4bad-be51-725fd9083cfd 0.040s[00m
2020-10-28 13:43:47.632 4169 INFO tempest.lib.common.rest_client [-] Request (VersionsTest:test_list_versions): 300 GET http://10.13.3.245:9292/ 0.007s[00m
{0} tempest.api.image.v2.test_versions.VersionsTest.test_list_versions [0.008333s] ... ok
2020-10-28 13:43:47.711 4169 INFO tempest.lib.common.rest_client [req-e16162b3-11e7-4e51-8f57-e7363b1dc957 ] Request (VersionsTest:tearDownClass): 204 DELETE http://10.13.3.250:35357/v3/users/32b9876bf96b4be9a1d06da1f4d934d3 0.077s[00m
2020-10-28 13:43:47.972 4169 INFO tempest.lib.common.rest_client [req-31222c72-dacb-493e-bddc-3d399db655b3 ] Request (VersionsTest:tearDownClass): 201 POST http://10.13.3.250:5000/v3/auth/tokens 0.261s[00m
2020-10-28 13:43:48.246 4169 INFO tempest.lib.common.rest_client [req-a23635b7-6971-430f-80c6-6ec68f11b93e ] Request (VersionsTest:tearDownClass): 200 GET http://10.13.3.192:9696/v2.0/security-groups?tenant_id=b9a482bee077411b96e21245899dd71e&name=default 0.273s[00m
2020-10-28 13:43:48.331 4169 INFO tempest.lib.common.rest_client [req-9f97872f-b475-49cc-9a6e-a6fff42c9d31 ] Request (VersionsTest:tearDownClass): 204 DELETE http://10.13.3.192:9696/v2.0/security-groups/a4db8867-3f6f-4320-a4ee-06849963af14 0.084s[00m
2020-10-28 13:43:48.403 4169 INFO tempest.lib.common.rest_client [req-82840eca-e7c0-40a4-bef6-4191adc64f4c ] Request (VersionsTest:tearDownClass): 204 DELETE http://10.13.3.250:35357/v3/projects/b9a482bee077411b96e21245899dd71e 0.072s[00m
2020-10-28 13:43:48.666 4169 INFO tempest.lib.common.rest_client [req-9e497e2c-49ac-4bae-8a54-3e5a30a686bf ] Request (FloatingIPTestJSON:setUpClass): 201 POST http://10.13.3.250:5000/v3/auth/tokens 0.261s[00m
2020-10-28 13:43:48.867 4171 INFO tempest.lib.common.rest_client [req-880b7af9-56d4-4aec-b5c2-a545848d554e ] Request (AttachInterfacesUnderV243Test:tearDownClass): 200 PUT http://10.13.3.192:9696/v2.0/routers/2b9007a8-97dd-4f21-83bb-daace1dea796/remove_router_interface 1.245s[00m
2020-10-28 13:43:48.917 4169 INFO tempest.lib.common.rest_client [req-3b01040a-9f99-47f4-a29e-481cc0d0a4f3 ] Request (FloatingIPTestJSON:setUpClass): 201 POST http://10.13.3.250:5000/v3/auth/tokens 0.246s[00m
2020-10-28 13:43:48.938 4169 INFO tempest.lib.common.rest_client [req-dac13da8-b087-4d50-b258-fce7d9609128 ] Request (FloatingIPTestJSON:setUpClass): 200 GET http://10.13.3.250:35357/v3/domains?name=admin_domain 0.020s[00m
2020-10-28 13:43:48.963 4169 INFO tempest.lib.common.rest_client [req-e72ef26a-edb8-407b-8848-b938fbd86111 ] Request (FloatingIPTestJSON:setUpClass): 201 POST http://10.13.3.250:35357/v3/projects 0.025s[00m
2020-10-28 13:43:49.212 4169 INFO tempest.lib.common.rest_client [req-47c6db98-20d6-41be-a028-776d10adf850 ] Request (FloatingIPTestJSON:setUpClass): 201 POST http://10.13.3.250:35357/v3/users 0.248s[00m
2020-10-28 13:43:49.232 4169 INFO tempest.lib.common.rest_client [req-a6c9a887-216b-4a77-904f-f4db266dd36e ] Request (FloatingIPTestJSON:setUpClass): 200 GET http://10.13.3.250:35357/v3/roles 0.017s[00m
2020-10-28 13:43:49.250 4169 INFO tempest.lib.common.rest_client [req-40d09f0d-28b8-470a-96d1-731d21d0ea50 ] Request (FloatingIPTestJSON:setUpClass): 200 GET http://10.13.3.250:35357/v3/roles 0.016s[00m
2020-10-28 13:43:49.282 4169 INFO tempest.lib.common.rest_client [req-78a10520-6712-4f6b-94ea-139181dc36da ] Request (FloatingIPTestJSON:setUpClass): 204 PUT http://10.13.3.250:35357/v3/projects/328ab7e4ba4749968e2a295198c4ee70/users/7ec6fdb8b26d49de992e57b339ee00a9/roles/639bc00bafb04403aa590b2815c71db4 0.030s[00m
2020-10-28 13:43:49.284 4169 INFO tempest.lib.common.dynamic_creds [-] Acquired dynamic creds:
 credentials: Credentials: {'domain_id': '2c685f1bdbd54ce9aa047dfa3f556f8e', 'domain_name': 'admin_domain', 'username': 'tempest-FloatingIPTestJSON-788154378', 'project_domain_id': '2c685f1bdbd54ce9aa047dfa3f556f8e', 'project_domain_name': 'admin_domain', 'project_id': '328ab7e4ba4749968e2a295198c4ee70', 'project_name': 'tempest-FloatingIPTestJSON-788154378', 'tenant_id': '328ab7e4ba4749968e2a295198c4ee70', 'tenant_name': 'tempest-FloatingIPTestJSON-788154378', 'user_domain_id': '2c685f1bdbd54ce9aa047dfa3f556f8e', 'user_domain_name': 'admin_domain', 'user_id': '7ec6fdb8b26d49de992e57b339ee00a9'}, Network: None, Subnet: None, Router: None[00m
2020-10-28 13:43:49.287 4169 INFO tempest.lib.common.dynamic_creds [-] Created isolated network resources for:
 credentials: Credentials: {'domain_id': '2c685f1bdbd54ce9aa047dfa3f556f8e', 'domain_name': 'admin_domain', 'username': 'tempest-FloatingIPTestJSON-788154378', 'project_domain_id': '2c685f1bdbd54ce9aa047dfa3f556f8e', 'project_domain_name': 'admin_domain', 'project_id': '328ab7e4ba4749968e2a295198c4ee70', 'project_name': 'tempest-FloatingIPTestJSON-788154378', 'tenant_id': '328ab7e4ba4749968e2a295198c4ee70', 'tenant_name': 'tempest-FloatingIPTestJSON-788154378', 'user_domain_id': '2c685f1bdbd54ce9aa047dfa3f556f8e', 'user_domain_name': 'admin_domain', 'user_id': '7ec6fdb8b26d49de992e57b339ee00a9'}, Network: None, Subnet: None, Router: None[00m
2020-10-28 13:43:49.505 4171 INFO tempest.lib.common.rest_client [req-1a85c2bc-8d44-4efa-beb7-916b2e468b50 ] Request (AttachInterfacesUnderV243Test:tearDownClass): 204 DELETE http://10.13.3.192:9696/v2.0/routers/2b9007a8-97dd-4f21-83bb-daace1dea796 0.637s[00m
2020-10-28 13:43:49.566 4169 INFO tempest.lib.common.rest_client [req-dad7fac9-cf28-4393-9494-3cd0024e5526 ] Request (FloatingIPTestJSON:setUpClass): 201 POST http://10.13.3.250:5000/v3/auth/tokens 0.271s[00m
2020-10-28 13:43:49.792 4171 INFO tempest.lib.common.rest_client [req-6fb31b0e-1f49-4204-99a8-5592988c3be1 ] Request (AttachInterfacesUnderV243Test:tearDownClass): 204 DELETE http://10.13.3.192:9696/v2.0/subnets/9bfc1934-8ea4-4a87-b46e-790aa37d8da5 0.286s[00m
2020-10-28 13:43:49.803 4169 INFO tempest.lib.common.rest_client [req-70f34e54-c538-4ee9-a2b5-9b3e00a2fe17 ] Request (FloatingIPTestJSON:setUpClass): 201 POST http://10.13.3.192:9696/v2.0/networks 0.236s[00m
2020-10-28 13:43:50.254 4169 INFO tempest.lib.common.rest_client [req-bcfd0d54-9f72-4b7b-8608-8bb37c2522c7 ] Request (FloatingIPTestJSON:setUpClass): 201 POST http://10.13.3.192:9696/v2.0/subnets 0.449s[00m
2020-10-28 13:43:50.514 4171 INFO tempest.lib.common.rest_client [req-7aef2500-f524-4066-b3e3-8f2153eb44ba ] Request (AttachInterfacesUnderV243Test:tearDownClass): 204 DELETE http://10.13.3.192:9696/v2.0/networks/99efce7b-0805-4b89-9b92-799295165ee3 0.721s[00m
2020-10-28 13:43:50.602 4171 INFO tempest.lib.common.rest_client [req-ac3aa6c2-c3b7-4a4f-916e-a16bf70a4e0f ] Request (AttachInterfacesUnderV243Test:tearDownClass): 204 DELETE http://10.13.3.250:35357/v3/users/b3aad1af2435425a88ef30e814f03d39 0.087s[00m
2020-10-28 13:43:50.637 4171 INFO tempest.lib.common.rest_client [req-506dcd16-b4cd-4221-bfa2-4546e4d1a774 ] Request (AttachInterfacesUnderV243Test:tearDownClass): 200 GET http://10.13.3.192:9696/v2.0/security-groups?tenant_id=da2984e494234dbba1a87765eee05e72&name=default 0.034s[00m
2020-10-28 13:43:50.717 4171 INFO tempest.lib.common.rest_client [req-db7bc099-8c07-4e1a-84cd-ff18a73ef89c ] Request (AttachInterfacesUnderV243Test:tearDownClass): 204 DELETE http://10.13.3.192:9696/v2.0/security-groups/f296c2b0-6f8b-4e8d-b01d-f50a6d214568 0.079s[00m
2020-10-28 13:43:50.798 4171 INFO tempest.lib.common.rest_client [req-0952044f-a4bb-4565-895b-6e9cf07985af ] Request (AttachInterfacesUnderV243Test:tearDownClass): 204 DELETE http://10.13.3.250:35357/v3/projects/da2984e494234dbba1a87765eee05e72 0.080s[00m
2020-10-28 13:43:51.070 4171 INFO tempest.lib.common.rest_client [req-4c021337-0a1a-4705-ab95-bc071b67f290 ] Request (ServersTestBootFromVolume:setUpClass): 201 POST http://10.13.3.250:5000/v3/auth/tokens 0.270s[00m
2020-10-28 13:43:51.182 4169 INFO tempest.lib.common.rest_client [req-5b1f53a3-eae2-41d4-9c71-c6338cca7d08 ] Request (FloatingIPTestJSON:setUpClass): 201 POST http://10.13.3.192:9696/v2.0/routers 0.927s[00m
2020-10-28 13:43:51.334 4171 INFO tempest.lib.common.rest_client [req-c35e1bb9-9b72-43dd-9c9e-31e736507df2 ] Request (ServersTestBootFromVolume:setUpClass): 201 POST http://10.13.3.250:5000/v3/auth/tokens 0.259s[00m
2020-10-28 13:43:51.367 4171 INFO tempest.lib.common.rest_client [req-6af3347d-8228-4672-b1b2-aa6d533be4c8 ] Request (ServersTestBootFromVolume:setUpClass): 200 GET http://10.13.3.250:35357/v3/domains?name=admin_domain 0.033s[00m
2020-10-28 13:43:51.401 4171 INFO tempest.lib.common.rest_client [req-0054e10c-a51d-4ce0-808a-9a89c8d7e923 ] Request (ServersTestBootFromVolume:setUpClass): 201 POST http://10.13.3.250:35357/v3/projects 0.032s[00m
2020-10-28 13:43:51.655 4171 INFO tempest.lib.common.rest_client [req-f3a626e9-567b-4391-9bb1-58d611d930ef ] Request (ServersTestBootFromVolume:setUpClass): 201 POST http://10.13.3.250:35357/v3/users 0.254s[00m
2020-10-28 13:43:51.680 4171 INFO tempest.lib.common.rest_client [req-bf7bce93-95db-4488-8864-851f2d0fa7fd ] Request (ServersTestBootFromVolume:setUpClass): 200 GET http://10.13.3.250:35357/v3/roles 0.021s[00m
2020-10-28 13:43:51.697 4171 INFO tempest.lib.common.rest_client [req-cff68387-d80b-4e7d-a63d-2305227f9488 ] Request (ServersTestBootFromVolume:setUpClass): 200 GET http://10.13.3.250:35357/v3/roles 0.016s[00m
2020-10-28 13:43:51.728 4171 INFO tempest.lib.common.rest_client [req-ee141fa1-1235-4ae9-9d33-81ed656eedce ] Request (ServersTestBootFromVolume:setUpClass): 204 PUT http://10.13.3.250:35357/v3/projects/3794fd92e7fa41a6aa71c7270548f1b5/users/1f07c9c3506a483fa7f04b89bf304703/roles/639bc00bafb04403aa590b2815c71db4 0.029s[00m
2020-10-28 13:43:51.728 4171 INFO tempest.lib.common.dynamic_creds [-] Acquired dynamic creds:
 credentials: Credentials: {'domain_id': '2c685f1bdbd54ce9aa047dfa3f556f8e', 'domain_name': 'admin_domain', 'username': 'tempest-ServersTestBootFromVolume-1368812355', 'project_domain_id': '2c685f1bdbd54ce9aa047dfa3f556f8e', 'project_domain_name': 'admin_domain', 'project_id': '3794fd92e7fa41a6aa71c7270548f1b5', 'project_name': 'tempest-ServersTestBootFromVolume-1368812355', 'tenant_id': '3794fd92e7fa41a6aa71c7270548f1b5', 'tenant_name': 'tempest-ServersTestBootFromVolume-1368812355', 'user_domain_id': '2c685f1bdbd54ce9aa047dfa3f556f8e', 'user_domain_name': 'admin_domain', 'user_id': '1f07c9c3506a483fa7f04b89bf304703'}, Network: None, Subnet: None, Router: None[00m
2020-10-28 13:43:51.987 4171 INFO tempest.lib.common.rest_client [req-c493b5e6-a570-443c-905e-ab7d339fb46f ] Request (ServersTestBootFromVolume:setUpClass): 201 POST http://10.13.3.250:5000/v3/auth/tokens 0.259s[00m
2020-10-28 13:43:52.223 4171 INFO tempest.lib.common.rest_client [req-56b2e0b1-d317-4016-9186-1823f506b76e ] Request (ServersTestBootFromVolume:setUpClass): 201 POST http://10.13.3.192:9696/v2.0/networks 0.235s[00m
2020-10-28 13:43:52.503 4171 INFO tempest.lib.common.rest_client [req-bdf3d127-6b59-4332-bdbe-6748432d0d5c ] Request (ServersTestBootFromVolume:setUpClass): 201 POST http://10.13.3.192:9696/v2.0/subnets 0.278s[00m
