 credentials: Credentials: {'domain_id': '2c685f1bdbd54ce9aa047dfa3f556f8e', 'domain_name': 'admin_domain', 'username': 'tempest-ExtensionsTestJSON-1131028305', 'project_domain_id': '2c685f1bdbd54ce9aa047dfa3f556f8e', 'project_domain_name': 'admin_domain', 'project_id': '6c0bd2f590594b479fdf4486a60ee082', 'project_name': 'tempest-ExtensionsTestJSON-1131028305', 'tenant_id': '6c0bd2f590594b479fdf4486a60ee082', 'tenant_name': 'tempest-ExtensionsTestJSON-1131028305', 'user_domain_id': '2c685f1bdbd54ce9aa047dfa3f556f8e', 'user_domain_name': 'admin_domain', 'user_id': 'd0081a86a9bb481fa07b33e6fe88d301'}, Network: None, Subnet: None, Router: None[00m
2020-10-28 13:25:23.696 3175 INFO tempest.lib.common.dynamic_creds [-] Created isolated network resources for:
 credentials: Credentials: {'domain_id': '2c685f1bdbd54ce9aa047dfa3f556f8e', 'domain_name': 'admin_domain', 'username': 'tempest-ExtensionsTestJSON-1131028305', 'project_domain_id': '2c685f1bdbd54ce9aa047dfa3f556f8e', 'project_domain_name': 'admin_domain', 'project_id': '6c0bd2f590594b479fdf4486a60ee082', 'project_name': 'tempest-ExtensionsTestJSON-1131028305', 'tenant_id': '6c0bd2f590594b479fdf4486a60ee082', 'tenant_name': 'tempest-ExtensionsTestJSON-1131028305', 'user_domain_id': '2c685f1bdbd54ce9aa047dfa3f556f8e', 'user_domain_name': 'admin_domain', 'user_id': 'd0081a86a9bb481fa07b33e6fe88d301'}, Network: None, Subnet: None, Router: None[00m
2020-10-28 13:25:23.834 3178 INFO tempest.lib.common.rest_client [req-e0be78f0-26a6-4a1d-a896-eba48a65a6ad ] Request (NetworksTest:setUpClass): 201 POST http://10.13.3.250:5000/v3/auth/tokens 0.249s[00m
2020-10-28 13:25:23.863 3178 INFO tempest.lib.common.rest_client [req-a9fbcee3-12aa-414b-8832-99fe12439f79 ] Request (NetworksTest:setUpClass): 200 GET http://10.13.3.250:35357/v3/domains?name=admin_domain 0.028s[00m
2020-10-28 13:25:23.915 3178 INFO tempest.lib.common.rest_client [req-59d5fd69-246b-459d-9396-0afb2311df9f ] Request (NetworksTest:setUpClass): 201 POST http://10.13.3.250:35357/v3/projects 0.051s[00m
2020-10-28 13:25:23.991 3175 INFO tempest.lib.common.rest_client [req-ff28b1de-1ed0-4a00-8baf-344dcf7a315b ] Request (ExtensionsTestJSON:setUpClass): 201 POST http://10.13.3.250:5000/v3/auth/tokens 0.290s[00m
2020-10-28 13:25:24.079 3175 INFO tempest.lib.common.rest_client [req-035ac552-c884-42f5-9cca-8e648a9c3b9b ] Request (ExtensionsTestJSON:test_list_show_extensions): 200 GET http://10.13.3.192:9696/v2.0/extensions 0.087s[00m
2020-10-28 13:25:24.088 3175 INFO tempest.lib.common.rest_client [req-f3051bc6-3202-44a1-ae6e-c7be824deea9 ] Request (ExtensionsTestJSON:test_list_show_extensions): 200 GET http://10.13.3.192:9696/v2.0/extensions/address-group 0.008s[00m
2020-10-28 13:25:24.097 3175 INFO tempest.lib.common.rest_client [req-48663d77-1694-449c-9634-4ea0858bc758 ] Request (ExtensionsTestJSON:test_list_show_extensions): 200 GET http://10.13.3.192:9696/v2.0/extensions/address-scope 0.008s[00m
2020-10-28 13:25:24.113 3175 INFO tempest.lib.common.rest_client [req-8a065d9f-62bc-422f-a893-b5ba807d8292 ] Request (ExtensionsTestJSON:test_list_show_extensions): 200 GET http://10.13.3.192:9696/v2.0/extensions/router-admin-state-down-before-update 0.015s[00m
2020-10-28 13:25:24.121 3175 INFO tempest.lib.common.rest_client [req-ce619958-bcf4-4404-b631-5c7e5aefdfbb ] Request (ExtensionsTestJSON:test_list_show_extensions): 200 GET http://10.13.3.192:9696/v2.0/extensions/agent 0.007s[00m
2020-10-28 13:25:24.131 3175 INFO tempest.lib.common.rest_client [req-77a3dd6e-faf5-4c2a-b94e-17e0699e1840 ] Request (ExtensionsTestJSON:test_list_show_extensions): 200 GET http://10.13.3.192:9696/v2.0/extensions/agent-resources-synced 0.007s[00m
2020-10-28 13:25:24.139 3175 INFO tempest.lib.common.rest_client [req-3c0dba41-b7d2-4142-b800-ffdbaf23b180 ] Request (ExtensionsTestJSON:test_list_show_extensions): 200 GET http://10.13.3.192:9696/v2.0/extensions/allowed-address-pairs 0.006s[00m
2020-10-28 13:25:24.146 3175 INFO tempest.lib.common.rest_client [req-52759b49-f782-4757-be7f-3ad33e60a3e2 ] Request (ExtensionsTestJSON:test_list_show_extensions): 200 GET http://10.13.3.192:9696/v2.0/extensions/auto-allocated-topology 0.006s[00m
2020-10-28 13:25:24.153 3175 INFO tempest.lib.common.rest_client [req-f16ac952-a888-4949-acf7-3d21e1bf6a85 ] Request (ExtensionsTestJSON:test_list_show_extensions): 200 GET http://10.13.3.192:9696/v2.0/extensions/availability_zone 0.007s[00m
2020-10-28 13:25:24.161 3175 INFO tempest.lib.common.rest_client [req-36bb5686-cdc5-4eae-91f5-2797ba01c01e ] Request (ExtensionsTestJSON:test_list_show_extensions): 200 GET http://10.13.3.192:9696/v2.0/extensions/availability_zone_filter 0.007s[00m
2020-10-28 13:25:24.168 3175 INFO tempest.lib.common.rest_client [req-1d4b41e9-e2c5-4f5e-95c8-3070948a95c8 ] Request (ExtensionsTestJSON:test_list_show_extensions): 200 GET http://10.13.3.192:9696/v2.0/extensions/default-subnetpools 0.007s[00m
2020-10-28 13:25:24.172 3178 INFO tempest.lib.common.rest_client [req-5dce69a2-0fa6-41d5-9353-abcd17b833f1 ] Request (NetworksTest:setUpClass): 201 POST http://10.13.3.250:35357/v3/users 0.256s[00m
2020-10-28 13:25:24.178 3175 INFO tempest.lib.common.rest_client [req-bb60e5e2-d13e-4ccd-8c12-4a20bb34e99c ] Request (ExtensionsTestJSON:test_list_show_extensions): 200 GET http://10.13.3.192:9696/v2.0/extensions/dhcp_agent_scheduler 0.009s[00m
2020-10-28 13:25:24.186 3175 INFO tempest.lib.common.rest_client [req-3f3445aa-f833-4dd0-a8c1-486bc889fb8a ] Request (ExtensionsTestJSON:test_list_show_extensions): 200 GET http://10.13.3.192:9696/v2.0/extensions/dvr 0.007s[00m
2020-10-28 13:25:24.190 3178 INFO tempest.lib.common.rest_client [req-23b41f9b-a3f6-4e82-b084-7acb6f8d0c1e ] Request (NetworksTest:setUpClass): 200 GET http://10.13.3.250:35357/v3/roles 0.018s[00m
2020-10-28 13:25:24.196 3175 INFO tempest.lib.common.rest_client [req-4a6843a6-2d4c-49de-a571-97091200ed44 ] Request (ExtensionsTestJSON:test_list_show_extensions): 200 GET http://10.13.3.192:9696/v2.0/extensions/empty-string-filtering 0.009s[00m
2020-10-28 13:25:24.203 3175 INFO tempest.lib.common.rest_client [req-fe376624-eafb-47d7-bd5b-ade5021ab9b3 ] Request (ExtensionsTestJSON:test_list_show_extensions): 200 GET http://10.13.3.192:9696/v2.0/extensions/external-net 0.007s[00m
2020-10-28 13:25:24.210 3175 INFO tempest.lib.common.rest_client [req-dec51227-30e0-49f4-9511-5fb882ccf2a6 ] Request (ExtensionsTestJSON:test_list_show_extensions): 200 GET http://10.13.3.192:9696/v2.0/extensions/extra_dhcp_opt 0.006s[00m
2020-10-28 13:25:24.217 3175 INFO tempest.lib.common.rest_client [req-15a1d356-2899-4d24-9067-11697d055b33 ] Request (ExtensionsTestJSON:test_list_show_extensions): 200 GET http://10.13.3.192:9696/v2.0/extensions/extraroute 0.006s[00m
2020-10-28 13:25:24.222 3178 INFO tempest.lib.common.rest_client [req-ec0c9606-248b-4826-a44c-9c29d1fef672 ] Request (NetworksTest:setUpClass): 200 GET http://10.13.3.250:35357/v3/roles 0.031s[00m
2020-10-28 13:25:24.224 3175 INFO tempest.lib.common.rest_client [req-afd33d3c-1409-49c7-841d-601841ade5ee ] Request (ExtensionsTestJSON:test_list_show_extensions): 200 GET http://10.13.3.192:9696/v2.0/extensions/extraroute-atomic 0.006s[00m
2020-10-28 13:25:24.231 3175 INFO tempest.lib.common.rest_client [req-77659611-95ef-434a-b6af-964d5e8ad262 ] Request (ExtensionsTestJSON:test_list_show_extensions): 200 GET http://10.13.3.192:9696/v2.0/extensions/fip-port-details 0.007s[00m
2020-10-28 13:25:24.239 3175 INFO tempest.lib.common.rest_client [req-9d9943f1-67a8-4ddb-8225-45f2c411126d ] Request (ExtensionsTestJSON:test_list_show_extensions): 200 GET http://10.13.3.192:9696/v2.0/extensions/flavors 0.007s[00m
2020-10-28 13:25:24.246 3175 INFO tempest.lib.common.rest_client [req-c1b59f0b-7683-4c5d-bc34-4ac609401957 ] Request (ExtensionsTestJSON:test_list_show_extensions): 200 GET http://10.13.3.192:9696/v2.0/extensions/floatingip-pools 0.006s[00m
2020-10-28 13:25:24.252 3178 INFO tempest.lib.common.rest_client [req-5260fe63-60c9-42b4-9a16-9a8a02df4b6e ] Request (NetworksTest:setUpClass): 204 PUT http://10.13.3.250:35357/v3/projects/7396c373b140414f8acbe10751b86948/users/33d3a9730ae74ec0a6dc5c9eaf5ed8c3/roles/639bc00bafb04403aa590b2815c71db4 0.029s[00m
2020-10-28 13:25:24.253 3178 INFO tempest.lib.common.dynamic_creds [-] Acquired dynamic creds:
 credentials: Credentials: {'domain_id': '2c685f1bdbd54ce9aa047dfa3f556f8e', 'domain_name': 'admin_domain', 'username': 'tempest-NetworksTest-568316568', 'project_domain_id': '2c685f1bdbd54ce9aa047dfa3f556f8e', 'project_domain_name': 'admin_domain', 'project_id': '7396c373b140414f8acbe10751b86948', 'project_name': 'tempest-NetworksTest-568316568', 'tenant_id': '7396c373b140414f8acbe10751b86948', 'tenant_name': 'tempest-NetworksTest-568316568', 'user_domain_id': '2c685f1bdbd54ce9aa047dfa3f556f8e', 'user_domain_name': 'admin_domain', 'user_id': '33d3a9730ae74ec0a6dc5c9eaf5ed8c3'}, Network: None, Subnet: None, Router: None[00m
2020-10-28 13:25:24.253 3178 INFO tempest.lib.common.dynamic_creds [-] Created isolated network resources for:
 credentials: Credentials: {'domain_id': '2c685f1bdbd54ce9aa047dfa3f556f8e', 'domain_name': 'admin_domain', 'username': 'tempest-NetworksTest-568316568', 'project_domain_id': '2c685f1bdbd54ce9aa047dfa3f556f8e', 'project_domain_name': 'admin_domain', 'project_id': '7396c373b140414f8acbe10751b86948', 'project_name': 'tempest-NetworksTest-568316568', 'tenant_id': '7396c373b140414f8acbe10751b86948', 'tenant_name': 'tempest-NetworksTest-568316568', 'user_domain_id': '2c685f1bdbd54ce9aa047dfa3f556f8e', 'user_domain_name': 'admin_domain', 'user_id': '33d3a9730ae74ec0a6dc5c9eaf5ed8c3'}, Network: None, Subnet: None, Router: None[00m
2020-10-28 13:25:24.258 3175 INFO tempest.lib.common.rest_client [req-4dbd4d5d-6192-4128-ac14-daec1be2f337 ] Request (ExtensionsTestJSON:test_list_show_extensions): 200 GET http://10.13.3.192:9696/v2.0/extensions/ip_allocation 0.012s[00m
2020-10-28 13:25:24.266 3175 INFO tempest.lib.common.rest_client [req-cf4ad655-974c-418a-a70d-94de1977d9d4 ] Request (ExtensionsTestJSON:test_list_show_extensions): 200 GET http://10.13.3.192:9696/v2.0/extensions/ip-substring-filtering 0.007s[00m
2020-10-28 13:25:24.273 3175 INFO tempest.lib.common.rest_client [req-18da160f-b4c9-4511-bd07-5bedfe03416a ] Request (ExtensionsTestJSON:test_list_show_extensions): 200 GET http://10.13.3.192:9696/v2.0/extensions/l2_adjacency 0.006s[00m
2020-10-28 13:25:24.280 3175 INFO tempest.lib.common.rest_client [req-b2299624-2529-4642-b14c-bf227315bf47 ] Request (ExtensionsTestJSON:test_list_show_extensions): 200 GET http://10.13.3.192:9696/v2.0/extensions/router 0.007s[00m
2020-10-28 13:25:24.287 3175 INFO tempest.lib.common.rest_client [req-c114970b-c0dd-4474-a1f0-3c5df113c44c ] Request (ExtensionsTestJSON:test_list_show_extensions): 200 GET http://10.13.3.192:9696/v2.0/extensions/ext-gw-mode 0.007s[00m
2020-10-28 13:25:24.294 3175 INFO tempest.lib.common.rest_client [req-27ebe22b-1b55-4056-b18c-31f1a4f773b6 ] Request (ExtensionsTestJSON:test_list_show_extensions): 200 GET http://10.13.3.192:9696/v2.0/extensions/l3-ha 0.007s[00m
2020-10-28 13:25:24.301 3175 INFO tempest.lib.common.rest_client [req-83354129-322e-4df6-a871-cfe351a5c423 ] Request (ExtensionsTestJSON:test_list_show_extensions): 200 GET http://10.13.3.192:9696/v2.0/extensions/l3-flavors 0.006s[00m
2020-10-28 13:25:24.308 3175 INFO tempest.lib.common.rest_client [req-565f0212-fc84-49ad-a812-fed6df267384 ] Request (ExtensionsTestJSON:test_list_show_extensions): 200 GET http://10.13.3.192:9696/v2.0/extensions/l3-port-ip-change-not-allowed 0.006s[00m
2020-10-28 13:25:24.314 3175 INFO tempest.lib.common.rest_client [req-f6ae3817-978b-4c11-921f-8eda8c3d4049 ] Request (ExtensionsTestJSON:test_list_show_extensions): 200 GET http://10.13.3.192:9696/v2.0/extensions/l3_agent_scheduler 0.006s[00m
2020-10-28 13:25:24.321 3175 INFO tempest.lib.common.rest_client [req-10a178e2-5332-4e05-a63f-57a25c2891c1 ] Request (ExtensionsTestJSON:test_list_show_extensions): 200 GET http://10.13.3.192:9696/v2.0/extensions/metering 0.006s[00m
2020-10-28 13:25:24.328 3175 INFO tempest.lib.common.rest_client [req-aeffd536-5ed2-4743-875a-00a795ecba33 ] Request (ExtensionsTestJSON:test_list_show_extensions): 200 GET http://10.13.3.192:9696/v2.0/extensions/metering_source_and_destination_fields 0.006s[00m
2020-10-28 13:25:24.335 3175 INFO tempest.lib.common.rest_client [req-d56808af-bcc6-4ecd-8941-d5b911f7e312 ] Request (ExtensionsTestJSON:test_list_show_extensions): 200 GET http://10.13.3.192:9696/v2.0/extensions/multi-provider 0.006s[00m
2020-10-28 13:25:24.342 3175 INFO tempest.lib.common.rest_client [req-15137da3-1a31-4a03-a623-0200119ac5e8 ] Request (ExtensionsTestJSON:test_list_show_extensions): 200 GET http://10.13.3.192:9696/v2.0/extensions/net-mtu 0.007s[00m
2020-10-28 13:25:24.349 3175 INFO tempest.lib.common.rest_client [req-c8bbb195-48c6-4263-9e6b-b5e9d2c66950 ] Request (ExtensionsTestJSON:test_list_show_extensions): 200 GET http://10.13.3.192:9696/v2.0/extensions/net-mtu-writable 0.006s[00m
2020-10-28 13:25:24.355 3175 INFO tempest.lib.common.rest_client [req-6ad75811-d39d-4355-85d3-3fb4e29ac627 ] Request (ExtensionsTestJSON:test_list_show_extensions): 200 GET http://10.13.3.192:9696/v2.0/extensions/network_availability_zone 0.006s[00m
2020-10-28 13:25:24.362 3175 INFO tempest.lib.common.rest_client [req-8cd2bb79-3e55-4dcb-8d0c-1a2ee22a8127 ] Request (ExtensionsTestJSON:test_list_show_extensions): 200 GET http://10.13.3.192:9696/v2.0/extensions/network-ip-availability 0.006s[00m
2020-10-28 13:25:24.368 3175 INFO tempest.lib.common.rest_client [req-74fe6933-6c65-42fd-9d89-611f429551c3 ] Request (ExtensionsTestJSON:test_list_show_extensions): 200 GET http://10.13.3.192:9696/v2.0/extensions/pagination 0.006s[00m
2020-10-28 13:25:24.375 3175 INFO tempest.lib.common.rest_client [req-4210676f-7d0f-4904-acae-068021e20e23 ] Request (ExtensionsTestJSON:test_list_show_extensions): 200 GET http://10.13.3.192:9696/v2.0/extensions/port-mac-address-regenerate 0.006s[00m
2020-10-28 13:25:24.382 3175 INFO tempest.lib.common.rest_client [req-7d0abeac-b93b-4f47-8e30-17de8fab722a ] Request (ExtensionsTestJSON:test_list_show_extensions): 200 GET http://10.13.3.192:9696/v2.0/extensions/binding 0.007s[00m
2020-10-28 13:25:24.391 3175 INFO tempest.lib.common.rest_client [req-575d92e7-5212-4f36-a0bd-fbc83f33f2c4 ] Request (ExtensionsTestJSON:test_list_show_extensions): 200 GET http://10.13.3.192:9696/v2.0/extensions/binding-extended 0.007s[00m
2020-10-28 13:25:24.398 3175 INFO tempest.lib.common.rest_client [req-86a8570f-ada1-48a8-8307-161e3686bbd2 ] Request (ExtensionsTestJSON:test_list_show_extensions): 200 GET http://10.13.3.192:9696/v2.0/extensions/project-id 0.007s[00m
2020-10-28 13:25:24.405 3175 INFO tempest.lib.common.rest_client [req-e7d23b78-61c4-4aee-b78b-7d061d597774 ] Request (ExtensionsTestJSON:test_list_show_extensions): 200 GET http://10.13.3.192:9696/v2.0/extensions/provider 0.007s[00m
2020-10-28 13:25:24.412 3175 INFO tempest.lib.common.rest_client [req-e3197a21-c309-4897-8b0b-064bfa78fd4a ] Request (ExtensionsTestJSON:test_list_show_extensions): 200 GET http://10.13.3.192:9696/v2.0/extensions/quotas 0.006s[00m
2020-10-28 13:25:24.419 3175 INFO tempest.lib.common.rest_client [req-b6b63d65-c398-43f1-8bb6-3cad80d98912 ] Request (ExtensionsTestJSON:test_list_show_extensions): 200 GET http://10.13.3.192:9696/v2.0/extensions/quota_details 0.006s[00m
2020-10-28 13:25:24.426 3175 INFO tempest.lib.common.rest_client [req-a02282fa-5232-47d7-bce8-a8ff5a4ae3eb ] Request (ExtensionsTestJSON:test_list_show_extensions): 200 GET http://10.13.3.192:9696/v2.0/extensions/rbac-policies 0.006s[00m
2020-10-28 13:25:24.435 3175 INFO tempest.lib.common.rest_client [req-23e6366d-b0c0-425d-b916-5361f415efb3 ] Request (ExtensionsTestJSON:test_list_show_extensions): 200 GET http://10.13.3.192:9696/v2.0/extensions/rbac-address-scope 0.008s[00m
2020-10-28 13:25:24.445 3175 INFO tempest.lib.common.rest_client [req-998d54f8-e79e-4295-afc7-ec7ff1337870 ] Request (ExtensionsTestJSON:test_list_show_extensions): 200 GET http://10.13.3.192:9696/v2.0/extensions/rbac-security-groups 0.009s[00m
2020-10-28 13:25:24.454 3175 INFO tempest.lib.common.rest_client [req-3183ecb2-f5f0-44dd-b56b-b0eb38d0a03d ] Request (ExtensionsTestJSON:test_list_show_extensions): 200 GET http://10.13.3.192:9696/v2.0/extensions/rbac-subnetpool 0.007s[00m
2020-10-28 13:25:24.461 3175 INFO tempest.lib.common.rest_client [req-d2859fb9-c60d-4763-bfb8-a3d5b382c405 ] Request (ExtensionsTestJSON:test_list_show_extensions): 200 GET http://10.13.3.192:9696/v2.0/extensions/revision-if-match 0.007s[00m
2020-10-28 13:25:24.471 3175 INFO tempest.lib.common.rest_client [req-08d31094-7cc2-458c-91d6-af52a46a2660 ] Request (ExtensionsTestJSON:test_list_show_extensions): 200 GET http://10.13.3.192:9696/v2.0/extensions/standard-attr-revisions 0.009s[00m
2020-10-28 13:25:24.484 3175 INFO tempest.lib.common.rest_client [req-ce52522e-97ef-492a-a92a-c6c059a6daec ] Request (ExtensionsTestJSON:test_list_show_extensions): 200 GET http://10.13.3.192:9696/v2.0/extensions/router_availability_zone 0.009s[00m
2020-10-28 13:25:24.492 3175 INFO tempest.lib.common.rest_client [req-0f735523-f7e0-450a-b2c8-85ba84104d2d ] Request (ExtensionsTestJSON:test_list_show_extensions): 200 GET http://10.13.3.192:9696/v2.0/extensions/port-security-groups-filtering 0.008s[00m
2020-10-28 13:25:24.501 3175 INFO tempest.lib.common.rest_client [req-3d10ce2f-c530-4f47-b644-bf83dae89953 ] Request (ExtensionsTestJSON:test_list_show_extensions): 200 GET http://10.13.3.192:9696/v2.0/extensions/security-group 0.007s[00m
2020-10-28 13:25:24.513 3175 INFO tempest.lib.common.rest_client [req-ad72f52f-bfb9-49d6-8549-837eab36594a ] Request (ExtensionsTestJSON:test_list_show_extensions): 200 GET http://10.13.3.192:9696/v2.0/extensions/segment 0.012s[00m
2020-10-28 13:25:24.528 3178 INFO tempest.lib.common.rest_client [req-d277082c-6073-4f92-a015-ea9d30750d9b ] Request (NetworksTest:setUpClass): 201 POST http://10.13.3.250:5000/v3/auth/tokens 0.270s[00m
2020-10-28 13:25:24.527 3175 INFO tempest.lib.common.rest_client [req-7c791f30-7558-4187-ac9d-e18a87744b0b ] Request (ExtensionsTestJSON:test_list_show_extensions): 200 GET http://10.13.3.192:9696/v2.0/extensions/segments-peer-subnet-host-routes 0.011s[00m
2020-10-28 13:25:24.538 3175 INFO tempest.lib.common.rest_client [req-315d74d4-19e5-4e07-84a5-b6bd11c2dd9a ] Request (ExtensionsTestJSON:test_list_show_extensions): 200 GET http://10.13.3.192:9696/v2.0/extensions/service-type 0.011s[00m
2020-10-28 13:25:24.547 3175 INFO tempest.lib.common.rest_client [req-39e4c795-6b2d-4a2d-b2fc-b65d036a57a2 ] Request (ExtensionsTestJSON:test_list_show_extensions): 200 GET http://10.13.3.192:9696/v2.0/extensions/sorting 0.008s[00m
2020-10-28 13:25:24.569 3175 INFO tempest.lib.common.rest_client [req-3f85ac76-2c96-42b4-928e-e2642c8afd2e ] Request (ExtensionsTestJSON:test_list_show_extensions): 200 GET http://10.13.3.192:9696/v2.0/extensions/standard-attr-segment 0.019s[00m
2020-10-28 13:25:24.591 3175 INFO tempest.lib.common.rest_client [req-327427ed-b1b5-4dc6-af76-eac5c0272e33 ] Request (ExtensionsTestJSON:test_list_show_extensions): 200 GET http://10.13.3.192:9696/v2.0/extensions/standard-attr-description 0.018s[00m
2020-10-28 13:25:24.608 3175 INFO tempest.lib.common.rest_client [req-90ca9624-34c1-4c3b-adf6-ed7d2c6bfc90 ] Request (ExtensionsTestJSON:test_list_show_extensions): 200 GET http://10.13.3.192:9696/v2.0/extensions/stateful-security-group 0.011s[00m
2020-10-28 13:25:24.621 3175 INFO tempest.lib.common.rest_client [req-511edd49-398a-4e49-940a-c9d90c369f21 ] Request (ExtensionsTestJSON:test_list_show_extensions): 200 GET http://10.13.3.192:9696/v2.0/extensions/subnet_onboard 0.011s[00m
2020-10-28 13:25:24.631 3175 INFO tempest.lib.common.rest_client [req-f00bb25b-bb1b-49b9-9178-e62ea22eb6e5 ] Request (ExtensionsTestJSON:test_list_show_extensions): 200 GET http://10.13.3.192:9696/v2.0/extensions/subnet-segmentid-writable 0.007s[00m
2020-10-28 13:25:24.645 3175 INFO tempest.lib.common.rest_client [req-df19679b-26a3-4c19-89be-0dfba7ecabb9 ] Request (ExtensionsTestJSON:test_list_show_extensions): 200 GET http://10.13.3.192:9696/v2.0/extensions/subnet-service-types 0.012s[00m
2020-10-28 13:25:24.660 3175 INFO tempest.lib.common.rest_client [req-25c7d40c-d1db-4fb2-b97c-13981e3e9e8a ] Request (ExtensionsTestJSON:test_list_show_extensions): 200 GET http://10.13.3.192:9696/v2.0/extensions/subnet_allocation 0.008s[00m
2020-10-28 13:25:24.670 3175 INFO tempest.lib.common.rest_client [req-900db7dc-f41b-4f51-87da-bc7e5cebfd5a ] Request (ExtensionsTestJSON:test_list_show_extensions): 200 GET http://10.13.3.192:9696/v2.0/extensions/subnetpool-prefix-ops 0.008s[00m
2020-10-28 13:25:24.681 3175 INFO tempest.lib.common.rest_client [req-53981b4a-e094-4e6d-a1d0-c1d9cafd82ed ] Request (ExtensionsTestJSON:test_list_show_extensions): 200 GET http://10.13.3.192:9696/v2.0/extensions/standard-attr-tag 0.008s[00m
2020-10-28 13:25:24.693 3175 INFO tempest.lib.common.rest_client [req-e1c1534c-a3f1-4f7f-b0d7-6d467af82a2a ] Request (ExtensionsTestJSON:test_list_show_extensions): 200 GET http://10.13.3.192:9696/v2.0/extensions/standard-attr-timestamp 0.010s[00m
2020-10-28 13:25:24.721 3175 INFO tempest.lib.common.rest_client [req-60873372-a89c-4902-8548-ccad22ac5b58 ] Request (ExtensionsTestJSON:test_list_show_extensions): 200 GET http://10.13.3.192:9696/v2.0/extensions/fwaas_v2 0.024s[00m
2020-10-28 13:25:24.729 3175 INFO tempest.lib.common.rest_client [req-d78bb09f-f61d-46aa-87a6-8fc934a24d4b ] Request (ExtensionsTestJSON:test_list_show_extensions): 200 GET http://10.13.3.192:9696/v2.0/extensions/bgp 0.006s[00m
2020-10-28 13:25:24.744 3175 INFO tempest.lib.common.rest_client [req-b6a4da25-3474-469d-a2d7-8d2a00856345 ] Request (ExtensionsTestJSON:test_list_show_extensions): 200 GET http://10.13.3.192:9696/v2.0/extensions/bgp_4byte_asn 0.013s[00m
2020-10-28 13:25:24.752 3175 INFO tempest.lib.common.rest_client [req-63f2ebd2-77d3-4ffa-b5a7-01ee1a1a2249 ] Request (ExtensionsTestJSON:test_list_show_extensions): 200 GET http://10.13.3.192:9696/v2.0/extensions/bgp_dragent_scheduler 0.006s[00m
{0} tempest.api.network.test_extensions.ExtensionsTestJSON.test_list_show_extensions [0.763010s] ... ok
2020-10-28 13:25:24.761 3178 INFO tempest.lib.common.rest_client [req-cdfb4724-2d75-41ae-b15e-f865358552b3 ] Request (NetworksTest:setUpClass): 201 POST http://10.13.3.192:9696/v2.0/networks 0.233s[00m
2020-10-28 13:25:24.827 3175 INFO tempest.lib.common.rest_client [req-e953a3ed-97d7-428a-a710-40d74747c241 ] Request (ExtensionsTestJSON:tearDownClass): 204 DELETE http://10.13.3.250:35357/v3/users/d0081a86a9bb481fa07b33e6fe88d301 0.070s[00m
2020-10-28 13:25:25.085 3175 INFO tempest.lib.common.rest_client [req-b69924fa-fc9e-46ad-8073-a8e2efad76d8 ] Request (ExtensionsTestJSON:tearDownClass): 201 POST http://10.13.3.250:5000/v3/auth/tokens 0.257s[00m
2020-10-28 13:25:25.210 3175 INFO tempest.lib.common.rest_client [req-18fd9e0c-ea2b-40de-a522-f5ab3b432e2b ] Request (ExtensionsTestJSON:tearDownClass): 200 GET http://10.13.3.192:9696/v2.0/security-groups?tenant_id=6c0bd2f590594b479fdf4486a60ee082&name=default 0.124s[00m
2020-10-28 13:25:25.280 3175 INFO tempest.lib.common.rest_client [req-b3fe6508-da77-4486-88c0-32176b1d4bcb ] Request (ExtensionsTestJSON:tearDownClass): 204 DELETE http://10.13.3.192:9696/v2.0/security-groups/17fe38a3-57bc-4cc6-bda1-4f324e1c2867 0.070s[00m
2020-10-28 13:25:25.358 3175 INFO tempest.lib.common.rest_client [req-bf6f1c28-8346-48a4-9606-f67e85edd5bc ] Request (ExtensionsTestJSON:tearDownClass): 204 DELETE http://10.13.3.250:35357/v3/projects/6c0bd2f590594b479fdf4486a60ee082 0.077s[00m
2020-10-28 13:25:25.359 3175 INFO tempest.test [-] <class 'unittest.case.SkipTest'> raised in BulkNetworkOpsIpV6Test.setUpClass. Invoking tearDownClass.[00m
{0} setUpClass (tempest.api.network.test_networks.BulkNetworkOpsIpV6Test) ... SKIPPED: IPv6 Tests are disabled.
2020-10-28 13:25:25.619 3175 INFO tempest.lib.common.rest_client [req-8a5ec966-35de-4aa6-b0c0-402357bec114 ] Request (BulkNetworkOpsTest:setUpClass): 201 POST http://10.13.3.250:5000/v3/auth/tokens 0.256s[00m
2020-10-28 13:25:25.869 3175 INFO tempest.lib.common.rest_client [req-9727d472-33f9-4aa8-9a0d-ec2b1bb806fa ] Request (BulkNetworkOpsTest:setUpClass): 201 POST http://10.13.3.250:5000/v3/auth/tokens 0.247s[00m
2020-10-28 13:25:25.891 3175 INFO tempest.lib.common.rest_client [req-17b3a6d3-4ad3-4e32-abfa-b83cf433990f ] Request (BulkNetworkOpsTest:setUpClass): 200 GET http://10.13.3.250:35357/v3/domains?name=admin_domain 0.021s[00m
2020-10-28 13:25:25.918 3175 INFO tempest.lib.common.rest_client [req-89c04f62-f923-4e40-893f-a1b6c5bec9d6 ] Request (BulkNetworkOpsTest:setUpClass): 201 POST http://10.13.3.250:35357/v3/projects 0.025s[00m
2020-10-28 13:25:26.138 3178 INFO tempest.lib.common.rest_client [req-2b06627d-a980-4cfe-a3f4-ba52f2ab7f3d ] Request (NetworksTest:setUpClass): 201 POST http://10.13.3.192:9696/v2.0/subnets 0.403s[00m
2020-10-28 13:25:26.181 3175 INFO tempest.lib.common.rest_client [req-1b6183ed-8cbe-4405-a6af-8a8480b728da ] Request (BulkNetworkOpsTest:setUpClass): 201 POST http://10.13.3.250:35357/v3/users 0.261s[00m
2020-10-28 13:25:26.213 3175 INFO tempest.lib.common.rest_client [req-230b055e-3713-430c-99af-ae4b5dad2451 ] Request (BulkNetworkOpsTest:setUpClass): 200 GET http://10.13.3.250:35357/v3/roles 0.030s[00m
2020-10-28 13:25:26.245 3175 INFO tempest.lib.common.rest_client [req-5055e010-5b1c-4530-a0b9-05cfa9dc16bc ] Request (BulkNetworkOpsTest:setUpClass): 200 GET http://10.13.3.250:35357/v3/roles 0.030s[00m
2020-10-28 13:25:26.260 3178 INFO tempest.lib.common.rest_client [req-bffac4b0-94c8-409b-912a-f3558586ac63 ] Request (NetworksTest:test_create_update_delete_network_subnet): 201 POST http://10.13.3.192:9696/v2.0/networks 0.119s[00m
2020-10-28 13:25:26.279 3175 INFO tempest.lib.common.rest_client [req-f0f711b1-6838-4b2f-89c0-c4d1a5b3f708 ] Request (BulkNetworkOpsTest:setUpClass): 204 PUT http://10.13.3.250:35357/v3/projects/e137d34ec21741409f785b9620da74d9/users/f9c67e7f603e40bab84cba16465af2a5/roles/639bc00bafb04403aa590b2815c71db4 0.033s[00m
2020-10-28 13:25:26.282 3175 INFO tempest.lib.common.dynamic_creds [-] Acquired dynamic creds:
 credentials: Credentials: {'domain_id': '2c685f1bdbd54ce9aa047dfa3f556f8e', 'domain_name': 'admin_domain', 'username': 'tempest-BulkNetworkOpsTest-275775442', 'project_domain_id': '2c685f1bdbd54ce9aa047dfa3f556f8e', 'project_domain_name': 'admin_domain', 'project_id': 'e137d34ec21741409f785b9620da74d9', 'project_name': 'tempest-BulkNetworkOpsTest-275775442', 'tenant_id': 'e137d34ec21741409f785b9620da74d9', 'tenant_name': 'tempest-BulkNetworkOpsTest-275775442', 'user_domain_id': '2c685f1bdbd54ce9aa047dfa3f556f8e', 'user_domain_name': 'admin_domain', 'user_id': 'f9c67e7f603e40bab84cba16465af2a5'}, Network: None, Subnet: None, Router: None[00m
2020-10-28 13:25:26.289 3175 INFO tempest.lib.common.dynamic_creds [-] Created isolated network resources for:
 credentials: Credentials: {'domain_id': '2c685f1bdbd54ce9aa047dfa3f556f8e', 'domain_name': 'admin_domain', 'username': 'tempest-BulkNetworkOpsTest-275775442', 'project_domain_id': '2c685f1bdbd54ce9aa047dfa3f556f8e', 'project_domain_name': 'admin_domain', 'project_id': 'e137d34ec21741409f785b9620da74d9', 'project_name': 'tempest-BulkNetworkOpsTest-275775442', 'tenant_id': 'e137d34ec21741409f785b9620da74d9', 'tenant_name': 'tempest-BulkNetworkOpsTest-275775442', 'user_domain_id': '2c685f1bdbd54ce9aa047dfa3f556f8e', 'user_domain_name': 'admin_domain', 'user_id': 'f9c67e7f603e40bab84cba16465af2a5'}, Network: None, Subnet: None, Router: None[00m
2020-10-28 13:25:26.477 3178 INFO tempest.lib.common.rest_client [req-700994aa-6f30-4831-ae33-e287c694ba1e ] Request (NetworksTest:test_create_update_delete_network_subnet): 200 PUT http://10.13.3.192:9696/v2.0/networks/1de656a9-06df-430b-9551-613e6ef2311f 0.214s[00m
2020-10-28 13:25:26.586 3175 INFO tempest.lib.common.rest_client [req-d5a1b3a1-bdc9-4948-a7fe-aafa50c35e80 ] Request (BulkNetworkOpsTest:setUpClass): 201 POST http://10.13.3.250:5000/v3/auth/tokens 0.284s[00m
2020-10-28 13:25:26.887 3175 INFO tempest.lib.common.rest_client [req-ebb1ee96-274e-4ea7-8bce-6bcf93ff7bc8 ] Request (BulkNetworkOpsTest:test_bulk_create_delete_network): 201 POST http://10.13.3.192:9696/v2.0/networks 0.298s[00m
2020-10-28 13:25:26.937 3178 INFO tempest.lib.common.rest_client [req-bdbfc9d3-edb8-45af-9000-991272920117 ] Request (NetworksTest:test_create_update_delete_network_subnet): 201 POST http://10.13.3.192:9696/v2.0/subnets 0.460s[00m
2020-10-28 13:25:26.964 3175 INFO tempest.lib.common.rest_client [req-dc6226c0-f22f-4e5f-a571-008fd022f9e7 ] Request (BulkNetworkOpsTest:test_bulk_create_delete_network): 200 GET http://10.13.3.192:9696/v2.0/networks 0.077s[00m
2020-10-28 13:25:27.278 3178 INFO tempest.lib.common.rest_client [req-8ad97e4a-f7ac-4d47-b110-69f715b890de ] Request (NetworksTest:test_create_update_delete_network_subnet): 200 PUT http://10.13.3.192:9696/v2.0/subnets/ded35ace-1d0c-4bdc-b396-8ccd1cf06fd2 0.340s[00m
2020-10-28 13:25:27.369 3175 INFO tempest.lib.common.rest_client [req-46c541d9-591a-4803-ab67-f1fd46c3b40f ] Request (BulkNetworkOpsTest:_run_cleanups): 204 DELETE http://10.13.3.192:9696/v2.0/networks/34750813-6f92-479b-b927-d73b26f6820e 0.403s[00m
2020-10-28 13:25:27.729 3175 INFO tempest.lib.common.rest_client [req-ed9a79ba-d6af-4934-8ec3-44a08d15894a ] Request (BulkNetworkOpsTest:_run_cleanups): 204 DELETE http://10.13.3.192:9696/v2.0/networks/500e9070-cd9c-4a3e-92e1-46f380178501 0.359s[00m
2020-10-28 13:25:27.841 3175 INFO tempest.lib.common.rest_client [req-be2c66df-3b94-4ed0-b048-75ce8811800a ] Request (BulkNetworkOpsTest:_run_cleanups): 200 GET http://10.13.3.192:9696/v2.0/networks 0.109s[00m
{0} tempest.api.network.test_networks.BulkNetworkOpsTest.test_bulk_create_delete_network [1.254624s] ... ok
2020-10-28 13:25:27.957 3175 INFO tempest.lib.common.rest_client [req-d4f97b50-82c1-4081-8a4e-5da4cae27114 ] Request (BulkNetworkOpsTest:test_bulk_create_delete_port): 201 POST http://10.13.3.192:9696/v2.0/networks 0.114s[00m
2020-10-28 13:25:28.062 3175 INFO tempest.lib.common.rest_client [req-5196ab12-5139-4fd8-b582-eab092449ea2 ] Request (BulkNetworkOpsTest:test_bulk_create_delete_port): 201 POST http://10.13.3.192:9696/v2.0/networks 0.104s[00m
2020-10-28 13:25:28.694 3175 INFO tempest.lib.common.rest_client [req-00d4d8e0-cd68-445c-94df-173aca0fa355 ] Request (BulkNetworkOpsTest:test_bulk_create_delete_port): 201 POST http://10.13.3.192:9696/v2.0/ports 0.631s[00m
2020-10-28 13:25:28.757 3175 INFO tempest.lib.common.rest_client [req-22ab09be-8426-47d4-8545-f3e29891350f ] Request (BulkNetworkOpsTest:test_bulk_create_delete_port): 200 GET http://10.13.3.192:9696/v2.0/ports 0.063s[00m
2020-10-28 13:25:29.061 3175 INFO tempest.lib.common.rest_client [req-76549527-6285-41f9-8a78-e1daaa1e34ba ] Request (BulkNetworkOpsTest:_run_cleanups): 204 DELETE http://10.13.3.192:9696/v2.0/ports/0e059131-2e0b-4cc0-8bf1-6e993f63ecbf 0.302s[00m
2020-10-28 13:25:29.070 3178 INFO tempest.lib.common.rest_client [req-63bdb278-7996-46fe-8a4b-91e9814370c7 ] Request (NetworksTest:test_create_update_delete_network_subnet): 204 DELETE http://10.13.3.192:9696/v2.0/networks/1de656a9-06df-430b-9551-613e6ef2311f 1.792s[00m
2020-10-28 13:25:29.089 3178 INFO tempest.lib.common.rest_client [req-9b7f3b2e-0c6c-41f8-ad06-05e134e3d8ac ] Request (NetworksTest:_run_cleanups): 404 DELETE http://10.13.3.192:9696/v2.0/networks/1de656a9-06df-430b-9551-613e6ef2311f 0.018s[00m
{1} tempest.api.network.test_networks.NetworksTest.test_create_update_delete_network_subnet [2.949153s] ... ok
2020-10-28 13:25:29.167 3178 INFO tempest.lib.common.rest_client [req-b2d71baa-9577-495f-b381-afb22708504f ] Request (NetworksTest:test_external_network_visibility): 200 GET http://10.13.3.192:9696/v2.0/networks?router%3Aexternal=True 0.077s[00m
2020-10-28 13:25:29.197 3178 INFO tempest.lib.common.rest_client [req-f6d02433-8cbb-4821-a613-2a331a10f1b9 ] Request (NetworksTest:test_external_network_visibility): 200 GET http://10.13.3.192:9696/v2.0/subnets?network_id=ce12e1ab-fe6d-481d-82aa-a065d6f2a7ff 0.029s[00m
{1} tempest.api.network.test_networks.NetworksTest.test_external_network_visibility [0.107594s] ... ok
2020-10-28 13:25:29.296 3178 INFO tempest.lib.common.rest_client [req-123e6cac-0b6a-474b-a3a0-43647d7bd647 ] Request (NetworksTest:test_list_networks): 200 GET http://10.13.3.192:9696/v2.0/networks 0.097s[00m
{1} tempest.api.network.test_networks.NetworksTest.test_list_networks [0.098290s] ... ok
2020-10-28 13:25:29.326 3178 INFO tempest.lib.common.rest_client [req-b189d36e-8ebb-49d4-8c86-95682888d70f ] Request (NetworksTest:test_list_subnets): 200 GET http://10.13.3.192:9696/v2.0/subnets 0.029s[00m
{1} tempest.api.network.test_networks.NetworksTest.test_list_subnets [0.030088s] ... ok
2020-10-28 13:25:29.363 3175 INFO tempest.lib.common.rest_client [req-f4a4e82f-4e01-475d-aa88-e32f055d86c7 ] Request (BulkNetworkOpsTest:_run_cleanups): 204 DELETE http://10.13.3.192:9696/v2.0/ports/2d181e1c-c365-4eec-b524-5e8e58cabaf6 0.302s[00m
2020-10-28 13:25:29.390 3175 INFO tempest.lib.common.rest_client [req-7d4c2f52-094d-42f2-8d2e-be557e3072e0 ] Request (BulkNetworkOpsTest:_run_cleanups): 200 GET http://10.13.3.192:9696/v2.0/ports 0.026s[00m
{0} tempest.api.network.test_networks.BulkNetworkOpsTest.test_bulk_create_delete_port [1.547877s] ... ok
2020-10-28 13:25:29.403 3178 INFO tempest.lib.common.rest_client [req-7864126b-c10d-4ca5-8eff-1a6fd6555fe8 ] Request (NetworksTest:test_show_network): 200 GET http://10.13.3.192:9696/v2.0/networks/6b803c20-fce8-493f-bb6c-abf59ea66403 0.076s[00m
{1} tempest.api.network.test_networks.NetworksTest.test_show_network [0.076671s] ... ok
2020-10-28 13:25:29.444 3178 INFO tempest.lib.common.rest_client [req-6ffa6d6d-df93-453f-a439-bd1dce271949 ] Request (NetworksTest:test_show_subnet): 200 GET http://10.13.3.192:9696/v2.0/subnets/9348885c-6549-47d6-a5e0-a0ab1be44598 0.040s[00m
{1} tempest.api.network.test_networks.NetworksTest.test_show_subnet [0.041155s] ... ok
2020-10-28 13:25:29.477 3178 INFO tempest.lib.common.rest_client [req-6ec050d0-fe02-4431-80cd-0c7843a9fcc6 ] Request (NetworksTest:tearDownClass): 404 DELETE http://10.13.3.192:9696/v2.0/subnets/ded35ace-1d0c-4bdc-b396-8ccd1cf06fd2 0.031s[00m
2020-10-28 13:25:29.505 3178 INFO tempest.lib.common.rest_client [req-eaaaf749-ebe4-4ca9-8204-7bfcd1384ca9 ] Request (NetworksTest:tearDownClass): 404 DELETE http://10.13.3.192:9696/v2.0/networks/1de656a9-06df-430b-9551-613e6ef2311f 0.027s[00m
2020-10-28 13:25:29.535 3175 INFO tempest.lib.common.rest_client [req-0dfb9b77-425d-4e4c-b74d-e587ad6e50e5 ] Request (BulkNetworkOpsTest:test_bulk_create_delete_subnet): 201 POST http://10.13.3.192:9696/v2.0/networks 0.144s[00m
2020-10-28 13:25:29.646 3175 INFO tempest.lib.common.rest_client [req-7b865b3b-ca7a-4f8c-87be-d9cfd6a9a837 ] Request (BulkNetworkOpsTest:test_bulk_create_delete_subnet): 201 POST http://10.13.3.192:9696/v2.0/networks 0.110s[00m
2020-10-28 13:25:29.833 3178 INFO tempest.lib.common.rest_client [req-46e29e78-d507-45e4-b632-b52883443e29 ] Request (NetworksTest:tearDownClass): 204 DELETE http://10.13.3.192:9696/v2.0/subnets/9348885c-6549-47d6-a5e0-a0ab1be44598 0.326s[00m
2020-10-28 13:25:30.510 3178 INFO tempest.lib.common.rest_client [req-a2b9d9b1-c409-4977-99d2-e9ff82c64b1e ] Request (NetworksTest:tearDownClass): 204 DELETE http://10.13.3.192:9696/v2.0/networks/6b803c20-fce8-493f-bb6c-abf59ea66403 0.676s[00m
2020-10-28 13:25:30.587 3178 INFO tempest.lib.common.rest_client [req-9cbc0d40-903e-4307-b230-0772a74e376b ] Request (NetworksTest:tearDownClass): 204 DELETE http://10.13.3.250:35357/v3/users/33d3a9730ae74ec0a6dc5c9eaf5ed8c3 0.076s[00m
2020-10-28 13:25:30.848 3178 INFO tempest.lib.common.rest_client [req-5e8a1c2f-a2e4-4fb4-bc2b-a54cf4d20bb9 ] Request (NetworksTest:tearDownClass): 201 POST http://10.13.3.250:5000/v3/auth/tokens 0.260s[00m
2020-10-28 13:25:30.931 3178 INFO tempest.lib.common.rest_client [req-33b7dfa5-161f-4655-916c-be439dc94f0a ] Request (NetworksTest:tearDownClass): 200 GET http://10.13.3.192:9696/v2.0/security-groups?tenant_id=7396c373b140414f8acbe10751b86948&name=default 0.081s[00m
2020-10-28 13:25:31.004 3178 INFO tempest.lib.common.rest_client [req-94b72472-1ad1-4168-9db6-194ad8952a07 ] Request (NetworksTest:tearDownClass): 204 DELETE http://10.13.3.192:9696/v2.0/security-groups/a7203bc7-04f0-4738-a3df-d85f89dd8af3 0.070s[00m
2020-10-28 13:25:31.074 3178 INFO tempest.lib.common.rest_client [req-3114e656-ba56-4a5b-b525-c3d7e9a44b48 ] Request (NetworksTest:tearDownClass): 204 DELETE http://10.13.3.250:35357/v3/projects/7396c373b140414f8acbe10751b86948 0.068s[00m
2020-10-28 13:25:31.076 3178 INFO tempest.test [-] <class 'unittest.case.SkipTest'> raised in SecGroupIPv6Test.setUpClass. Invoking tearDownClass.[00m
{1} setUpClass (tempest.api.network.test_security_groups.SecGroupIPv6Test) ... SKIPPED: IPv6 Tests are disabled.
2020-10-28 13:25:31.343 3178 INFO tempest.lib.common.rest_client [req-9d4041b0-fcea-44c2-8a81-b9fd2b1cfc15 ] Request (SubnetPoolsTestJSON:setUpClass): 201 POST http://10.13.3.250:5000/v3/auth/tokens 0.263s[00m
2020-10-28 13:25:31.457 3175 INFO tempest.lib.common.rest_client [req-ae6be187-4d4d-41b9-a3fb-9e8d7f424f6e ] Request (BulkNetworkOpsTest:test_bulk_create_delete_subnet): 201 POST http://10.13.3.192:9696/v2.0/subnets 0.761s[00m
2020-10-28 13:25:31.494 3175 INFO tempest.lib.common.rest_client [req-420f862b-806f-4256-84f2-8626fd108df6 ] Request (BulkNetworkOpsTest:test_bulk_create_delete_subnet): 200 GET http://10.13.3.192:9696/v2.0/subnets 0.036s[00m
2020-10-28 13:25:31.596 3178 INFO tempest.lib.common.rest_client [req-49bbadb1-1389-4884-9709-9ac5a90467a4 ] Request (SubnetPoolsTestJSON:setUpClass): 201 POST http://10.13.3.250:5000/v3/auth/tokens 0.250s[00m
2020-10-28 13:25:31.622 3178 INFO tempest.lib.common.rest_client [req-25247b66-6b1f-44a4-9ad7-dc1759a0c088 ] Request (SubnetPoolsTestJSON:setUpClass): 200 GET http://10.13.3.250:35357/v3/domains?name=admin_domain 0.025s[00m
2020-10-28 13:25:31.649 3178 INFO tempest.lib.common.rest_client [req-fbeb1261-9b9a-471b-a5ad-d9ab282ee7d0 ] Request (SubnetPoolsTestJSON:setUpClass): 201 POST http://10.13.3.250:35357/v3/projects 0.026s[00m
2020-10-28 13:25:31.880 3175 INFO tempest.lib.common.rest_client [req-1a2baf76-270e-4591-b9f7-f324e9e1b649 ] Request (BulkNetworkOpsTest:_run_cleanups): 204 DELETE http://10.13.3.192:9696/v2.0/subnets/130f00e2-e3fb-4673-8565-d606cc750535 0.376s[00m
2020-10-28 13:25:31.904 3178 INFO tempest.lib.common.rest_client [req-6b270ebb-84b5-44cf-bb27-0a4678857124 ] Request (SubnetPoolsTestJSON:setUpClass): 201 POST http://10.13.3.250:35357/v3/users 0.254s[00m
2020-10-28 13:25:31.928 3178 INFO tempest.lib.common.rest_client [req-63dc1daf-6633-4ecb-a246-0eadb7ded4b7 ] Request (SubnetPoolsTestJSON:setUpClass): 200 GET http://10.13.3.250:35357/v3/roles 0.023s[00m
2020-10-28 13:25:31.948 3178 INFO tempest.lib.common.rest_client [req-2cfc3801-2b17-4430-a871-153d33ff37b6 ] Request (SubnetPoolsTestJSON:setUpClass): 200 GET http://10.13.3.250:35357/v3/roles 0.019s[00m
2020-10-28 13:25:31.982 3178 INFO tempest.lib.common.rest_client [req-8a009f03-b3f4-4755-927e-58312d669ff4 ] Request (SubnetPoolsTestJSON:setUpClass): 204 PUT http://10.13.3.250:35357/v3/projects/923cf4dce47a4345ab471c4e88c6ce56/users/da2fb884772f46698671661d3059704f/roles/639bc00bafb04403aa590b2815c71db4 0.033s[00m
2020-10-28 13:25:31.983 3178 INFO tempest.lib.common.dynamic_creds [-] Acquired dynamic creds:
 credentials: Credentials: {'domain_id': '2c685f1bdbd54ce9aa047dfa3f556f8e', 'domain_name': 'admin_domain', 'username': 'tempest-SubnetPoolsTestJSON-2073084837', 'project_domain_id': '2c685f1bdbd54ce9aa047dfa3f556f8e', 'project_domain_name': 'admin_domain', 'project_id': '923cf4dce47a4345ab471c4e88c6ce56', 'project_name': 'tempest-SubnetPoolsTestJSON-2073084837', 'tenant_id': '923cf4dce47a4345ab471c4e88c6ce56', 'tenant_name': 'tempest-SubnetPoolsTestJSON-2073084837', 'user_domain_id': '2c685f1bdbd54ce9aa047dfa3f556f8e', 'user_domain_name': 'admin_domain', 'user_id': 'da2fb884772f46698671661d3059704f'}, Network: None, Subnet: None, Router: None[00m
2020-10-28 13:25:31.985 3178 INFO tempest.lib.common.dynamic_creds [-] Created isolated network resources for:
 credentials: Credentials: {'domain_id': '2c685f1bdbd54ce9aa047dfa3f556f8e', 'domain_name': 'admin_domain', 'username': 'tempest-SubnetPoolsTestJSON-2073084837', 'project_domain_id': '2c685f1bdbd54ce9aa047dfa3f556f8e', 'project_domain_name': 'admin_domain', 'project_id': '923cf4dce47a4345ab471c4e88c6ce56', 'project_name': 'tempest-SubnetPoolsTestJSON-2073084837', 'tenant_id': '923cf4dce47a4345ab471c4e88c6ce56', 'tenant_name': 'tempest-SubnetPoolsTestJSON-2073084837', 'user_domain_id': '2c685f1bdbd54ce9aa047dfa3f556f8e', 'user_domain_name': 'admin_domain', 'user_id': 'da2fb884772f46698671661d3059704f'}, Network: None, Subnet: None, Router: None[00m
2020-10-28 13:25:32.194 3175 INFO tempest.lib.common.rest_client [req-bb504aa6-6eab-4624-b671-fa0733c2600e ] Request (BulkNetworkOpsTest:_run_cleanups): 204 DELETE http://10.13.3.192:9696/v2.0/subnets/61c4f5ca-bc65-4908-a3ed-c772276d10a9 0.312s[00m
2020-10-28 13:25:32.223 3175 INFO tempest.lib.common.rest_client [req-3761904e-137e-4d6a-b3b3-d55aa0dec795 ] Request (BulkNetworkOpsTest:_run_cleanups): 200 GET http://10.13.3.192:9696/v2.0/subnets 0.028s[00m
{0} tempest.api.network.test_networks.BulkNetworkOpsTest.test_bulk_create_delete_subnet [2.833098s] ... ok
2020-10-28 13:25:32.340 3178 INFO tempest.lib.common.rest_client [req-d54610c0-4021-4b0e-9ace-3c9910345fe7 ] Request (SubnetPoolsTestJSON:setUpClass): 201 POST http://10.13.3.250:5000/v3/auth/tokens 0.277s[00m
2020-10-28 13:25:32.478 3178 INFO tempest.lib.common.rest_client [req-b1d71292-d8f7-4e14-aa31-b8a428e44166 ] Request (SubnetPoolsTestJSON:test_create_list_show_update_delete_subnetpools): 201 POST http://10.13.3.192:9696/v2.0/subnetpools 0.135s[00m
2020-10-28 13:25:32.499 3178 INFO tempest.lib.common.rest_client [req-b77b6d13-bffd-406d-ba04-9f4e36ab62f6 ] Request (SubnetPoolsTestJSON:test_create_list_show_update_delete_subnetpools): 200 GET http://10.13.3.192:9696/v2.0/subnetpools/ccd01f75-fd2c-4a55-849e-a430ea35c084 0.019s[00m
2020-10-28 13:25:32.546 3178 INFO tempest.lib.common.rest_client [req-a1da37f1-3072-4a23-8cf9-a6c4a6cd916d ] Request (SubnetPoolsTestJSON:test_create_list_show_update_delete_subnetpools): 200 PUT http://10.13.3.192:9696/v2.0/subnetpools/ccd01f75-fd2c-4a55-849e-a430ea35c084 0.045s[00m
2020-10-28 13:25:32.593 3178 INFO tempest.lib.common.rest_client [req-22bb8a40-4b11-4ef8-8089-dd8f58c3766b ] Request (SubnetPoolsTestJSON:test_create_list_show_update_delete_subnetpools): 204 DELETE http://10.13.3.192:9696/v2.0/subnetpools/ccd01f75-fd2c-4a55-849e-a430ea35c084 0.044s[00m
2020-10-28 13:25:32.611 3178 INFO tempest.lib.common.rest_client [req-686a4fea-6ce6-4c1b-a5ed-d12d9eec2849 ] Request (SubnetPoolsTestJSON:test_create_list_show_update_delete_subnetpools): 404 GET http://10.13.3.192:9696/v2.0/subnetpools/ccd01f75-fd2c-4a55-849e-a430ea35c084 0.017s[00m
2020-10-28 13:25:32.628 3178 INFO tempest.lib.common.rest_client [req-075f9dd2-375a-410c-b4d1-de1a7972b633 ] Request (SubnetPoolsTestJSON:_run_cleanups): 404 DELETE http://10.13.3.192:9696/v2.0/subnetpools/ccd01f75-fd2c-4a55-849e-a430ea35c084 0.016s[00m
{1} tempest.api.network.test_subnetpools_extensions.SubnetPoolsTestJSON.test_create_list_show_update_delete_subnetpools [0.286153s] ... ok
2020-10-28 13:25:32.705 3178 INFO tempest.lib.common.rest_client [req-772d3081-84c1-48bc-a6bb-c67d591c56f5 ] Request (SubnetPoolsTestJSON:tearDownClass): 204 DELETE http://10.13.3.250:35357/v3/users/da2fb884772f46698671661d3059704f 0.076s[00m
2020-10-28 13:25:32.828 3175 INFO tempest.lib.common.rest_client [req-5368ac3b-265f-419f-ab16-4e59e9c29883 ] Request (BulkNetworkOpsTest:tearDownClass): 204 DELETE http://10.13.3.192:9696/v2.0/networks/6da347c8-0146-4640-959e-9f7a4327bbab 0.603s[00m
2020-10-28 13:25:32.973 3178 INFO tempest.lib.common.rest_client [req-49488efa-c484-4fd8-b19a-4482381707e8 ] Request (SubnetPoolsTestJSON:tearDownClass): 201 POST http://10.13.3.250:5000/v3/auth/tokens 0.268s[00m
2020-10-28 13:25:33.108 3178 INFO tempest.lib.common.rest_client [req-4aab7a6c-18a9-45ec-a773-2f7a30230bda ] Request (SubnetPoolsTestJSON:tearDownClass): 200 GET http://10.13.3.192:9696/v2.0/security-groups?tenant_id=923cf4dce47a4345ab471c4e88c6ce56&name=default 0.132s[00m
2020-10-28 13:25:33.207 3178 INFO tempest.lib.common.rest_client [req-dbb1ba47-881f-4446-b5ee-34325406576f ] Request (SubnetPoolsTestJSON:tearDownClass): 204 DELETE http://10.13.3.192:9696/v2.0/security-groups/ff44cc90-8a31-4a4e-a1d6-82c500cc80cd 0.098s[00m
2020-10-28 13:25:33.287 3178 INFO tempest.lib.common.rest_client [req-c6c2ea54-9956-4707-bdea-dcef5b54e0a1 ] Request (SubnetPoolsTestJSON:tearDownClass): 204 DELETE http://10.13.3.250:35357/v3/projects/923cf4dce47a4345ab471c4e88c6ce56 0.079s[00m
2020-10-28 13:25:33.456 3175 INFO tempest.lib.common.rest_client [req-7d9a9283-0dcf-4316-8bbc-510d684866b6 ] Request (BulkNetworkOpsTest:tearDownClass): 204 DELETE http://10.13.3.192:9696/v2.0/networks/6785c6cb-818c-427d-b301-51d5683e8a49 0.627s[00m
2020-10-28 13:25:33.571 3178 INFO tempest.lib.common.rest_client [req-7e98bcfa-7e38-486a-ab93-33e655a09579 ] Request (NetworksApiDiscovery:setUpClass): 201 POST http://10.13.3.250:5000/v3/auth/tokens 0.283s[00m
2020-10-28 13:25:33.824 3178 INFO tempest.lib.common.rest_client [req-621cdf6c-aea2-42e9-9ddb-990d061886e7 ] Request (NetworksApiDiscovery:setUpClass): 201 POST http://10.13.3.250:5000/v3/auth/tokens 0.249s[00m
2020-10-28 13:25:33.850 3175 INFO tempest.lib.common.rest_client [req-bf1f1ec1-765f-431d-82d9-31eb705442cd ] Request (BulkNetworkOpsTest:tearDownClass): 204 DELETE http://10.13.3.192:9696/v2.0/networks/f6828258-fd51-4ccc-91a6-ae76588b6eb8 0.394s[00m
2020-10-28 13:25:33.853 3178 INFO tempest.lib.common.rest_client [req-5e538f8d-5eeb-4ec2-8cb1-f288d7656d3a ] Request (NetworksApiDiscovery:setUpClass): 200 GET http://10.13.3.250:35357/v3/domains?name=admin_domain 0.028s[00m
2020-10-28 13:25:33.887 3178 INFO tempest.lib.common.rest_client [req-fae52383-40f4-4e77-8285-6caff01eaee3 ] Request (NetworksApiDiscovery:setUpClass): 201 POST http://10.13.3.250:35357/v3/projects 0.033s[00m
2020-10-28 13:25:34.140 3178 INFO tempest.lib.common.rest_client [req-5f28ebd4-c45f-425b-a958-c853e63427da ] Request (NetworksApiDiscovery:setUpClass): 201 POST http://10.13.3.250:35357/v3/users 0.251s[00m
2020-10-28 13:25:34.163 3178 INFO tempest.lib.common.rest_client [req-20c24e93-c93f-429b-b9d6-29f32d09abf1 ] Request (NetworksApiDiscovery:setUpClass): 200 GET http://10.13.3.250:35357/v3/roles 0.021s[00m
2020-10-28 13:25:34.185 3178 INFO tempest.lib.common.rest_client [req-1133f96b-9121-49a2-995c-7922bbbcdcb2 ] Request (NetworksApiDiscovery:setUpClass): 200 GET http://10.13.3.250:35357/v3/roles 0.020s[00m
2020-10-28 13:25:34.219 3178 INFO tempest.lib.common.rest_client [req-1c2bfd6c-4de8-49a8-bdac-874758ecebba ] Request (NetworksApiDiscovery:setUpClass): 204 PUT http://10.13.3.250:35357/v3/projects/8fb48b8770544959b959a984cbe7dc0d/users/5b9c2694b1834ec2843eddc9d7963030/roles/639bc00bafb04403aa590b2815c71db4 0.032s[00m
2020-10-28 13:25:34.221 3178 INFO tempest.lib.common.dynamic_creds [-] Acquired dynamic creds:
 credentials: Credentials: {'domain_id': '2c685f1bdbd54ce9aa047dfa3f556f8e', 'domain_name': 'admin_domain', 'username': 'tempest-NetworksApiDiscovery-1413394490', 'project_domain_id': '2c685f1bdbd54ce9aa047dfa3f556f8e', 'project_domain_name': 'admin_domain', 'project_id': '8fb48b8770544959b959a984cbe7dc0d', 'project_name': 'tempest-NetworksApiDiscovery-1413394490', 'tenant_id': '8fb48b8770544959b959a984cbe7dc0d', 'tenant_name': 'tempest-NetworksApiDiscovery-1413394490', 'user_domain_id': '2c685f1bdbd54ce9aa047dfa3f556f8e', 'user_domain_name': 'admin_domain', 'user_id': '5b9c2694b1834ec2843eddc9d7963030'}, Network: None, Subnet: None, Router: None[00m
2020-10-28 13:25:34.224 3178 INFO tempest.lib.common.dynamic_creds [-] Created isolated network resources for:
 credentials: Credentials: {'domain_id': '2c685f1bdbd54ce9aa047dfa3f556f8e', 'domain_name': 'admin_domain', 'username': 'tempest-NetworksApiDiscovery-1413394490', 'project_domain_id': '2c685f1bdbd54ce9aa047dfa3f556f8e', 'project_domain_name': 'admin_domain', 'project_id': '8fb48b8770544959b959a984cbe7dc0d', 'project_name': 'tempest-NetworksApiDiscovery-1413394490', 'tenant_id': '8fb48b8770544959b959a984cbe7dc0d', 'tenant_name': 'tempest-NetworksApiDiscovery-1413394490', 'user_domain_id': '2c685f1bdbd54ce9aa047dfa3f556f8e', 'user_domain_name': 'admin_domain', 'user_id': '5b9c2694b1834ec2843eddc9d7963030'}, Network: None, Subnet: None, Router: None[00m
2020-10-28 13:25:34.253 3175 INFO tempest.lib.common.rest_client [req-ae589edf-ce97-457e-98c2-897f829c7f4d ] Request (BulkNetworkOpsTest:tearDownClass): 204 DELETE http://10.13.3.192:9696/v2.0/networks/a81b6330-eff4-4410-930a-e739de965c76 0.403s[00m
2020-10-28 13:25:34.347 3175 INFO tempest.lib.common.rest_client [req-ea92e74d-9eeb-4f2e-ba0b-370d2d2658f7 ] Request (BulkNetworkOpsTest:tearDownClass): 204 DELETE http://10.13.3.250:35357/v3/users/f9c67e7f603e40bab84cba16465af2a5 0.093s[00m
2020-10-28 13:25:34.504 3178 INFO tempest.lib.common.rest_client [req-54143c30-7680-4599-baa9-52649ad241c8 ] Request (NetworksApiDiscovery:setUpClass): 201 POST http://10.13.3.250:5000/v3/auth/tokens 0.276s[00m
2020-10-28 13:25:34.513 3178 INFO tempest.lib.common.rest_client [-] Request (NetworksApiDiscovery:test_api_version_resources): 200 GET http://10.13.3.192:9696/ 0.007s[00m
