2020-10-28 13:43:52.512 4169 INFO tempest.lib.common.rest_client [req-c4fa0e62-b271-47ac-ab6f-f100e7da402a ] Request (FloatingIPTestJSON:setUpClass): 200 PUT http://10.13.3.192:9696/v2.0/routers/3206d076-5625-4128-bad7-f7e884a08d02/add_router_interface 1.327s[00m
2020-10-28 13:43:53.191 4169 INFO tempest.lib.common.rest_client [req-f921c470-4d6a-4fc4-88d8-adb1dc631f57 ] Request (FloatingIPTestJSON:setUpClass): 201 POST http://10.13.3.192:9696/v2.0/ports 0.678s[00m
2020-10-28 13:43:53.535 4171 INFO tempest.lib.common.rest_client [req-ab1ab86a-befb-41e6-b3f8-d69ed99134f8 ] Request (ServersTestBootFromVolume:setUpClass): 201 POST http://10.13.3.192:9696/v2.0/routers 1.031s[00m
2020-10-28 13:43:53.598 4169 INFO tempest.lib.common.rest_client [req-a3907020-2277-4c24-97c3-01cd2950f813 ] Request (FloatingIPTestJSON:setUpClass): 201 POST http://10.13.3.192:9696/v2.0/ports 0.406s[00m
2020-10-28 13:43:54.683 4171 INFO tempest.lib.common.rest_client [req-e45446bb-a96e-464d-988c-0a6bf2edcb01 ] Request (ServersTestBootFromVolume:setUpClass): 200 PUT http://10.13.3.192:9696/v2.0/routers/1b8c0aeb-ee84-4227-aeaf-f888cfcbd572/add_router_interface 1.147s[00m
2020-10-28 13:43:54.683 4171 INFO tempest.lib.common.dynamic_creds [-] Created isolated network resources for:
 credentials: Credentials: {'domain_id': '2c685f1bdbd54ce9aa047dfa3f556f8e', 'domain_name': 'admin_domain', 'username': 'tempest-ServersTestBootFromVolume-1368812355', 'project_domain_id': '2c685f1bdbd54ce9aa047dfa3f556f8e', 'project_domain_name': 'admin_domain', 'project_id': '3794fd92e7fa41a6aa71c7270548f1b5', 'project_name': 'tempest-ServersTestBootFromVolume-1368812355', 'tenant_id': '3794fd92e7fa41a6aa71c7270548f1b5', 'tenant_name': 'tempest-ServersTestBootFromVolume-1368812355', 'user_domain_id': '2c685f1bdbd54ce9aa047dfa3f556f8e', 'user_domain_name': 'admin_domain', 'user_id': '1f07c9c3506a483fa7f04b89bf304703'}, Network: {'id': '35e24607-e7b6-462c-86e6-67b64ef9cc5a', 'name': 'tempest-ServersTestBootFromVolume-1018819407-network', 'tenant_id': '3794fd92e7fa41a6aa71c7270548f1b5', 'admin_state_up': True, 'mtu': 1458, 'status': 'ACTIVE', 'subnets': [], 'shared': False, 'project_id': '3794fd92e7fa41a6aa71c7270548f1b5', 'router:external': False, 'provider:network_type': 'gre', 'provider:physical_network': None, 'provider:segmentation_id': 1, 'availability_zone_hints': [], 'is_default': False, 'availability_zones': [], 'ipv4_address_scope': None, 'ipv6_address_scope': None, 'description': '', 'l2_adjacency': True, 'tags': [], 'created_at': '2020-10-28T13:43:52Z', 'updated_at': '2020-10-28T13:43:52Z', 'revision_number': 1}, Subnet: {'id': '381e265f-3924-4949-85a4-5e96425246c3', 'name': 'tempest-ServersTestBootFromVolume-1018819407-subnet', 'tenant_id': '3794fd92e7fa41a6aa71c7270548f1b5', 'network_id': '35e24607-e7b6-462c-86e6-67b64ef9cc5a', 'ip_version': 4, 'subnetpool_id': None, 'enable_dhcp': True, 'ipv6_ra_mode': None, 'ipv6_address_mode': None, 'gateway_ip': '172.16.0.1', 'cidr': '172.16.0.0/28', 'allocation_pools': [{'start': '172.16.0.2', 'end': '172.16.0.14'}], 'host_routes': [], 'dns_nameservers': [], 'description': '', 'service_types': [], 'segment_id': None, 'tags': [], 'created_at': '2020-10-28T13:43:52Z', 'updated_at': '2020-10-28T13:43:52Z', 'revision_number': 0, 'project_id': '3794fd92e7fa41a6aa71c7270548f1b5'}, Router: {'id': '1b8c0aeb-ee84-4227-aeaf-f888cfcbd572', 'name': 'tempest-ServersTestBootFromVolume-1018819407-router', 'tenant_id': '3794fd92e7fa41a6aa71c7270548f1b5', 'admin_state_up': True, 'status': 'ACTIVE', 'external_gateway_info': {'network_id': 'ce12e1ab-fe6d-481d-82aa-a065d6f2a7ff', 'external_fixed_ips': [{'subnet_id': '3b6c9c63-dee6-417a-ad94-8d371560e79d', 'ip_address': '10.13.3.187'}], 'enable_snat': True}, 'description': '', 'availability_zones': [], 'distributed': False, 'ha': False, 'availability_zone_hints': [], 'routes': [], 'flavor_id': None, 'tags': [], 'created_at': '2020-10-28T13:43:52Z', 'updated_at': '2020-10-28T13:43:53Z', 'revision_number': 3, 'project_id': '3794fd92e7fa41a6aa71c7270548f1b5'}[00m
2020-10-28 13:43:54.871 4169 INFO tempest.lib.common.rest_client [req-db75838a-14b9-430d-a876-4d6171c4555b ] Request (FloatingIPTestJSON:test_create_floating_ip_specifying_a_fixed_ip_address): 201 POST http://10.13.3.192:9696/v2.0/floatingips 1.271s[00m
2020-10-28 13:43:54.961 4171 INFO tempest.lib.common.rest_client [req-105ed1a2-9e71-431e-b4dc-ef588f6de5fc ] Request (ServersTestBootFromVolume:setUpClass): 201 POST http://10.13.3.250:5000/v3/auth/tokens 0.273s[00m
2020-10-28 13:43:55.253 4171 INFO tempest.lib.common.rest_client [req-e7319aaa-f8d9-4020-be34-9b430b7d748a ] Request (ServersTestBootFromVolume:setUpClass): 200 POST http://10.13.3.195:8774/v2.1/os-keypairs 0.291s[00m
2020-10-28 13:43:55.327 4169 INFO tempest.lib.common.rest_client [req-3f728fec-4fb9-4a2a-9a7c-04ae226a400b ] Request (FloatingIPTestJSON:test_create_floating_ip_specifying_a_fixed_ip_address): 200 PUT http://10.13.3.192:9696/v2.0/floatingips/3a5b2b20-08c2-4ca6-8085-a501510f556a 0.455s[00m
2020-10-28 13:43:55.425 4171 INFO tempest.lib.common.rest_client [req-59f02244-5145-480f-8590-3becb5253cb4 ] Request (ServersTestBootFromVolume:setUpClass): 201 POST http://10.13.3.192:9696/v2.0/security-groups 0.168s[00m
2020-10-28 13:43:55.494 4171 INFO tempest.lib.common.rest_client [req-0073cbbc-1f0c-420b-8d30-d2583102ec20 ] Request (ServersTestBootFromVolume:setUpClass): 201 POST http://10.13.3.192:9696/v2.0/security-group-rules 0.068s[00m
2020-10-28 13:43:55.561 4171 INFO tempest.lib.common.rest_client [req-cd6023f6-6325-45d7-998d-55b048c6fdd7 ] Request (ServersTestBootFromVolume:setUpClass): 201 POST http://10.13.3.192:9696/v2.0/security-group-rules 0.066s[00m
2020-10-28 13:43:55.725 4169 INFO tempest.lib.common.rest_client [req-aa9c5e24-6809-4045-aa4b-44ad43a2808d ] Request (FloatingIPTestJSON:_run_cleanups): 204 DELETE http://10.13.3.192:9696/v2.0/floatingips/3a5b2b20-08c2-4ca6-8085-a501510f556a 0.397s[00m
{0} tempest.api.network.test_floating_ips.FloatingIPTestJSON.test_create_floating_ip_specifying_a_fixed_ip_address [2.126121s] ... ok
2020-10-28 13:43:56.249 4171 INFO tempest.lib.common.rest_client [req-cfe0df8a-e89d-44da-8797-2a35405225cd ] Request (ServersTestBootFromVolume:setUpClass): 201 POST http://10.13.3.192:9696/v2.0/floatingips 0.687s[00m
2020-10-28 13:43:56.496 4171 INFO tempest.lib.common.rest_client [req-eb41da74-6ef3-48eb-8078-5ef980b06844 ] Request (ServersTestBootFromVolume:setUpClass): 201 POST http://10.13.3.250:5000/v3/auth/tokens 0.243s[00m
2020-10-28 13:43:56.496 4171 INFO tempest.lib.common.fixed_network [-] (ServersTestBootFromVolume:setUpClass) Found network {'id': '35e24607-e7b6-462c-86e6-67b64ef9cc5a', 'name': 'tempest-ServersTestBootFromVolume-1018819407-network', 'tenant_id': '3794fd92e7fa41a6aa71c7270548f1b5', 'admin_state_up': True, 'mtu': 1458, 'status': 'ACTIVE', 'subnets': [], 'shared': False, 'project_id': '3794fd92e7fa41a6aa71c7270548f1b5', 'router:external': False, 'provider:network_type': 'gre', 'provider:physical_network': None, 'provider:segmentation_id': 1, 'availability_zone_hints': [], 'is_default': False, 'availability_zones': [], 'ipv4_address_scope': None, 'ipv6_address_scope': None, 'description': '', 'l2_adjacency': True, 'tags': [], 'created_at': '2020-10-28T13:43:52Z', 'updated_at': '2020-10-28T13:43:52Z', 'revision_number': 1} available for tenant[00m
2020-10-28 13:43:56.845 4171 INFO tempest.lib.common.rest_client [req-7ebdda04-5c4d-4e71-8541-9760b8389582 ] Request (ServersTestBootFromVolume:setUpClass): 202 POST http://10.13.3.215:8776/v3/3794fd92e7fa41a6aa71c7270548f1b5/volumes 0.347s[00m
2020-10-28 13:43:56.908 4171 INFO tempest.lib.common.rest_client [req-2acb9b31-d376-4a15-9748-4ffb2a28d89d ] Request (ServersTestBootFromVolume:setUpClass): 200 GET http://10.13.3.215:8776/v3/3794fd92e7fa41a6aa71c7270548f1b5/volumes/39b66d15-0e89-40e4-b5d9-5585dadb1757 0.058s[00m
2020-10-28 13:43:57.058 4169 INFO tempest.lib.common.rest_client [req-e77bd22c-aedb-4b21-8ae8-592c26aa7f43 ] Request (FloatingIPTestJSON:test_create_list_show_update_delete_floating_ip): 201 POST http://10.13.3.192:9696/v2.0/floatingips 1.332s[00m
2020-10-28 13:43:57.106 4169 INFO tempest.lib.common.rest_client [req-61f2d8bd-3cfc-4003-8c6d-e9951d4ca5fa ] Request (FloatingIPTestJSON:test_create_list_show_update_delete_floating_ip): 200 GET http://10.13.3.192:9696/v2.0/floatingips/369b0bc5-0810-4b37-bfcf-ef8e5acd58c2 0.047s[00m
2020-10-28 13:43:57.164 4169 INFO tempest.lib.common.rest_client [req-19570c7d-4833-48ae-ad3b-d6773801c828 ] Request (FloatingIPTestJSON:test_create_list_show_update_delete_floating_ip): 200 GET http://10.13.3.192:9696/v2.0/floatingips 0.057s[00m
2020-10-28 13:43:57.987 4171 INFO tempest.lib.common.rest_client [req-e0f58096-6e0a-45c7-b553-a6707d1d32a6 ] Request (ServersTestBootFromVolume:setUpClass): 200 GET http://10.13.3.215:8776/v3/3794fd92e7fa41a6aa71c7270548f1b5/volumes/39b66d15-0e89-40e4-b5d9-5585dadb1757 0.073s[00m
2020-10-28 13:43:58.331 4169 INFO tempest.lib.common.rest_client [req-4cbc9622-eea8-4fa3-9787-acdb9aba201d ] Request (FloatingIPTestJSON:test_create_list_show_update_delete_floating_ip): 200 PUT http://10.13.3.192:9696/v2.0/floatingips/369b0bc5-0810-4b37-bfcf-ef8e5acd58c2 1.166s[00m
2020-10-28 13:43:58.886 4169 INFO tempest.lib.common.rest_client [req-1a59d544-6840-4b47-9492-861bd48319b1 ] Request (FloatingIPTestJSON:test_create_list_show_update_delete_floating_ip): 200 PUT http://10.13.3.192:9696/v2.0/floatingips/369b0bc5-0810-4b37-bfcf-ef8e5acd58c2 0.554s[00m
2020-10-28 13:43:59.054 4171 INFO tempest.lib.common.rest_client [req-22220ffe-9568-4eaa-9b5e-e111db2bedcc ] Request (ServersTestBootFromVolume:setUpClass): 200 GET http://10.13.3.215:8776/v3/3794fd92e7fa41a6aa71c7270548f1b5/volumes/39b66d15-0e89-40e4-b5d9-5585dadb1757 0.062s[00m
2020-10-28 13:43:59.303 4169 INFO tempest.lib.common.rest_client [req-922acd1b-d729-474a-9b1f-59ea2816da1c ] Request (FloatingIPTestJSON:test_create_list_show_update_delete_floating_ip): 204 DELETE http://10.13.3.192:9696/v2.0/floatingips/369b0bc5-0810-4b37-bfcf-ef8e5acd58c2 0.417s[00m
2020-10-28 13:43:59.338 4169 INFO tempest.lib.common.rest_client [req-d6daca72-8c56-46a5-8b99-68d768f82e13 ] Request (FloatingIPTestJSON:_run_cleanups): 404 DELETE http://10.13.3.192:9696/v2.0/floatingips/369b0bc5-0810-4b37-bfcf-ef8e5acd58c2 0.033s[00m
{0} tempest.api.network.test_floating_ips.FloatingIPTestJSON.test_create_list_show_update_delete_floating_ip [3.612527s] ... ok
2020-10-28 13:43:59.716 4169 INFO tempest.lib.common.rest_client [req-8dd99d89-f7cb-4052-97fa-c65f4bc63352 ] Request (FloatingIPTestJSON:tearDownClass): 204 DELETE http://10.13.3.192:9696/v2.0/ports/74c75644-51e0-46b0-9b37-aed17ff8acd1 0.377s[00m
2020-10-28 13:44:00.120 4169 INFO tempest.lib.common.rest_client [req-a0294980-8113-428d-8542-e6ebb1189de9 ] Request (FloatingIPTestJSON:tearDownClass): 204 DELETE http://10.13.3.192:9696/v2.0/ports/7f6b1218-9385-4fc5-9259-f4ed4eaafa65 0.402s[00m
2020-10-28 13:44:00.165 4171 INFO tempest.lib.common.rest_client [req-d686e5d3-d519-489d-9af2-7b5eee96e2be ] Request (ServersTestBootFromVolume:setUpClass): 200 GET http://10.13.3.215:8776/v3/3794fd92e7fa41a6aa71c7270548f1b5/volumes/39b66d15-0e89-40e4-b5d9-5585dadb1757 0.103s[00m
2020-10-28 13:44:00.226 4169 INFO tempest.lib.common.rest_client [req-4de57a86-6bc6-4595-a034-5b133adaaf2f ] Request (FloatingIPTestJSON:tearDownClass): 200 GET http://10.13.3.192:9696/v2.0/ports?device_id=3206d076-5625-4128-bad7-f7e884a08d02 0.098s[00m
2020-10-28 13:44:01.252 4171 INFO tempest.lib.common.rest_client [req-f926599c-ef54-4a00-b239-edd31ad6460d ] Request (ServersTestBootFromVolume:setUpClass): 200 GET http://10.13.3.215:8776/v3/3794fd92e7fa41a6aa71c7270548f1b5/volumes/39b66d15-0e89-40e4-b5d9-5585dadb1757 0.082s[00m
2020-10-28 13:44:01.739 4169 INFO tempest.lib.common.rest_client [req-bf3633f5-a921-4a3d-af4d-4577830acaa7 ] Request (FloatingIPTestJSON:tearDownClass): 200 PUT http://10.13.3.192:9696/v2.0/routers/3206d076-5625-4128-bad7-f7e884a08d02/remove_router_interface 1.511s[00m
2020-10-28 13:44:02.333 4171 INFO tempest.lib.common.rest_client [req-bde98921-340b-4c3c-a91d-32aa05e89fa9 ] Request (ServersTestBootFromVolume:setUpClass): 200 GET http://10.13.3.215:8776/v3/3794fd92e7fa41a6aa71c7270548f1b5/volumes/39b66d15-0e89-40e4-b5d9-5585dadb1757 0.074s[00m
2020-10-28 13:44:03.400 4171 INFO tempest.lib.common.rest_client [req-9327504a-06b2-4f5f-a14f-2312a5e1bd57 ] Request (ServersTestBootFromVolume:setUpClass): 200 GET http://10.13.3.215:8776/v3/3794fd92e7fa41a6aa71c7270548f1b5/volumes/39b66d15-0e89-40e4-b5d9-5585dadb1757 0.060s[00m
2020-10-28 13:44:03.468 4169 INFO tempest.lib.common.rest_client [req-bf72acb8-0fb2-4316-a355-3bf898c0426f ] Request (FloatingIPTestJSON:tearDownClass): 204 DELETE http://10.13.3.192:9696/v2.0/routers/3206d076-5625-4128-bad7-f7e884a08d02 1.729s[00m
2020-10-28 13:44:04.455 4169 INFO tempest.lib.common.rest_client [req-ad08166c-4fdf-4d11-bdd5-0ad888866e5f ] Request (FloatingIPTestJSON:tearDownClass): 204 DELETE http://10.13.3.192:9696/v2.0/subnets/0dd6acc3-c5af-480c-adb5-3143eb1559e5 0.986s[00m
2020-10-28 13:44:04.468 4171 INFO tempest.lib.common.rest_client [req-a9bd480b-8913-48fa-97f2-93c8096dfc5b ] Request (ServersTestBootFromVolume:setUpClass): 200 GET http://10.13.3.215:8776/v3/3794fd92e7fa41a6aa71c7270548f1b5/volumes/39b66d15-0e89-40e4-b5d9-5585dadb1757 0.063s[00m
2020-10-28 13:44:05.198 4169 INFO tempest.lib.common.rest_client [req-9f348edb-e1a4-4b1b-9277-fc79908828c6 ] Request (FloatingIPTestJSON:tearDownClass): 204 DELETE http://10.13.3.192:9696/v2.0/networks/87f8be61-e26d-47a8-b56e-a6893f7b6081 0.740s[00m
2020-10-28 13:44:05.367 4169 INFO tempest.lib.common.rest_client [req-065291e2-8084-49f1-b4e5-52ad46648556 ] Request (FloatingIPTestJSON:tearDownClass): 204 DELETE http://10.13.3.250:35357/v3/users/7ec6fdb8b26d49de992e57b339ee00a9 0.167s[00m
2020-10-28 13:44:05.528 4171 INFO tempest.lib.common.rest_client [req-e1328318-ccdb-400f-8811-b84918cf8f92 ] Request (ServersTestBootFromVolume:setUpClass): 200 GET http://10.13.3.215:8776/v3/3794fd92e7fa41a6aa71c7270548f1b5/volumes/39b66d15-0e89-40e4-b5d9-5585dadb1757 0.053s[00m
2020-10-28 13:44:05.690 4169 INFO tempest.lib.common.rest_client [req-fef8f3c8-db6e-49ba-a4b4-e13e6151a2b6 ] Request (FloatingIPTestJSON:tearDownClass): 201 POST http://10.13.3.250:5000/v3/auth/tokens 0.321s[00m
2020-10-28 13:44:05.803 4169 INFO tempest.lib.common.rest_client [req-a21ebbec-4f47-471e-b8ab-4c4d29ecf5d8 ] Request (FloatingIPTestJSON:tearDownClass): 200 GET http://10.13.3.192:9696/v2.0/security-groups?tenant_id=328ab7e4ba4749968e2a295198c4ee70&name=default 0.110s[00m
2020-10-28 13:44:05.917 4169 INFO tempest.lib.common.rest_client [req-4316d4fb-72ad-47cc-9fd7-5d8026842335 ] Request (FloatingIPTestJSON:tearDownClass): 204 DELETE http://10.13.3.192:9696/v2.0/security-groups/c92e6383-ebc5-4c39-8306-dc86409de6a8 0.111s[00m
2020-10-28 13:44:05.990 4169 INFO tempest.lib.common.rest_client [req-a71f1ca0-535a-4a4a-911c-c88605085572 ] Request (FloatingIPTestJSON:tearDownClass): 204 DELETE http://10.13.3.250:35357/v3/projects/328ab7e4ba4749968e2a295198c4ee70 0.072s[00m
2020-10-28 13:44:05.992 4169 INFO tempest.test [-] <class 'unittest.case.SkipTest'> raised in NetworksIpV6Test.setUpClass. Invoking tearDownClass.[00m
{0} setUpClass (tempest.api.network.test_networks.NetworksIpV6Test) ... SKIPPED: IPv6 Tests are disabled.
2020-10-28 13:44:06.562 4169 INFO tempest.lib.common.rest_client [req-0dc3b2e2-4c8b-4289-b3ff-db764614bcc2 ] Request (RoutersTest:setUpClass): 201 POST http://10.13.3.250:5000/v3/auth/tokens 0.569s[00m
2020-10-28 13:44:06.625 4171 INFO tempest.lib.common.rest_client [req-03630271-21bc-43f8-a38c-919d8e378f07 ] Request (ServersTestBootFromVolume:setUpClass): 200 GET http://10.13.3.215:8776/v3/3794fd92e7fa41a6aa71c7270548f1b5/volumes/39b66d15-0e89-40e4-b5d9-5585dadb1757 0.089s[00m
2020-10-28 13:44:07.012 4169 INFO tempest.lib.common.rest_client [req-e9219ed0-d002-476c-bca9-0b4a7128244f ] Request (RoutersTest:setUpClass): 201 POST http://10.13.3.250:5000/v3/auth/tokens 0.382s[00m
2020-10-28 13:44:07.066 4169 INFO tempest.lib.common.rest_client [req-8cd2f19c-add2-46a4-9a8a-cb0191ab4f2f ] Request (RoutersTest:setUpClass): 200 GET http://10.13.3.250:35357/v3/domains?name=admin_domain 0.052s[00m
2020-10-28 13:44:07.108 4169 INFO tempest.lib.common.rest_client [req-096a8e55-7833-46db-ad37-709e442062bf ] Request (RoutersTest:setUpClass): 201 POST http://10.13.3.250:35357/v3/projects 0.040s[00m
2020-10-28 13:44:07.407 4169 INFO tempest.lib.common.rest_client [req-7d2db53a-93c2-43e3-8285-4f8d06299837 ] Request (RoutersTest:setUpClass): 201 POST http://10.13.3.250:35357/v3/users 0.297s[00m
2020-10-28 13:44:07.668 4169 INFO tempest.lib.common.rest_client [req-2ba1f5a0-1997-41bf-b272-0f26e98047ea ] Request (RoutersTest:setUpClass): 200 GET http://10.13.3.250:35357/v3/roles 0.260s[00m
2020-10-28 13:44:07.692 4169 INFO tempest.lib.common.rest_client [req-0aa382c6-7633-433b-a677-44df162faebd ] Request (RoutersTest:setUpClass): 200 GET http://10.13.3.250:35357/v3/roles 0.023s[00m
2020-10-28 13:44:07.694 4171 INFO tempest.lib.common.rest_client [req-f82f63af-bdef-4aa3-b1ea-2e1de76f1264 ] Request (ServersTestBootFromVolume:setUpClass): 200 GET http://10.13.3.215:8776/v3/3794fd92e7fa41a6aa71c7270548f1b5/volumes/39b66d15-0e89-40e4-b5d9-5585dadb1757 0.062s[00m
2020-10-28 13:44:07.740 4169 INFO tempest.lib.common.rest_client [req-f6be348a-dc0d-4d9c-8da9-5cd85840d043 ] Request (RoutersTest:setUpClass): 204 PUT http://10.13.3.250:35357/v3/projects/73eec6cef9194d6fb6c022e6467540a3/users/40a4019da7f44f95908581d1a43bf32a/roles/639bc00bafb04403aa590b2815c71db4 0.047s[00m
2020-10-28 13:44:07.742 4169 INFO tempest.lib.common.dynamic_creds [-] Acquired dynamic creds:
 credentials: Credentials: {'domain_id': '2c685f1bdbd54ce9aa047dfa3f556f8e', 'domain_name': 'admin_domain', 'username': 'tempest-RoutersTest-606840092', 'project_domain_id': '2c685f1bdbd54ce9aa047dfa3f556f8e', 'project_domain_name': 'admin_domain', 'project_id': '73eec6cef9194d6fb6c022e6467540a3', 'project_name': 'tempest-RoutersTest-606840092', 'tenant_id': '73eec6cef9194d6fb6c022e6467540a3', 'tenant_name': 'tempest-RoutersTest-606840092', 'user_domain_id': '2c685f1bdbd54ce9aa047dfa3f556f8e', 'user_domain_name': 'admin_domain', 'user_id': '40a4019da7f44f95908581d1a43bf32a'}, Network: None, Subnet: None, Router: None[00m
2020-10-28 13:44:07.742 4169 INFO tempest.lib.common.dynamic_creds [-] Created isolated network resources for:
 credentials: Credentials: {'domain_id': '2c685f1bdbd54ce9aa047dfa3f556f8e', 'domain_name': 'admin_domain', 'username': 'tempest-RoutersTest-606840092', 'project_domain_id': '2c685f1bdbd54ce9aa047dfa3f556f8e', 'project_domain_name': 'admin_domain', 'project_id': '73eec6cef9194d6fb6c022e6467540a3', 'project_name': 'tempest-RoutersTest-606840092', 'tenant_id': '73eec6cef9194d6fb6c022e6467540a3', 'tenant_name': 'tempest-RoutersTest-606840092', 'user_domain_id': '2c685f1bdbd54ce9aa047dfa3f556f8e', 'user_domain_name': 'admin_domain', 'user_id': '40a4019da7f44f95908581d1a43bf32a'}, Network: None, Subnet: None, Router: None[00m
2020-10-28 13:44:08.152 4169 INFO tempest.lib.common.rest_client [req-5629dcd4-425d-4a33-8227-8e4887c1a3ee ] Request (RoutersTest:setUpClass): 201 POST http://10.13.3.250:5000/v3/auth/tokens 0.406s[00m
2020-10-28 13:44:08.790 4171 INFO tempest.lib.common.rest_client [req-c4c84215-6e4f-4f7a-80ab-8b7b1a72cf32 ] Request (ServersTestBootFromVolume:setUpClass): 200 GET http://10.13.3.215:8776/v3/3794fd92e7fa41a6aa71c7270548f1b5/volumes/39b66d15-0e89-40e4-b5d9-5585dadb1757 0.086s[00m
2020-10-28 13:44:09.040 4169 INFO tempest.lib.common.rest_client [req-dce44e78-f492-4ca9-9fb5-2913e2f5c7b5 ] Request (RoutersTest:test_add_multiple_router_interfaces): 201 POST http://10.13.3.192:9696/v2.0/networks 0.887s[00m
2020-10-28 13:44:09.190 4169 INFO tempest.lib.common.rest_client [req-5c1d3c99-44b4-4ff6-94aa-74d4892057a9 ] Request (RoutersTest:test_add_multiple_router_interfaces): 201 POST http://10.13.3.192:9696/v2.0/networks 0.148s[00m
2020-10-28 13:44:09.883 4171 INFO tempest.lib.common.rest_client [req-fe01233d-207d-453a-9aeb-6bcc88e4e43c ] Request (ServersTestBootFromVolume:setUpClass): 200 GET http://10.13.3.215:8776/v3/3794fd92e7fa41a6aa71c7270548f1b5/volumes/39b66d15-0e89-40e4-b5d9-5585dadb1757 0.088s[00m
2020-10-28 13:44:10.082 4169 INFO tempest.lib.common.rest_client [req-db3fb3de-4b1c-4e96-bd76-be01229ec403 ] Request (RoutersTest:test_add_multiple_router_interfaces): 201 POST http://10.13.3.192:9696/v2.0/subnets 0.891s[00m
2020-10-28 13:44:10.943 4171 INFO tempest.lib.common.rest_client [req-5237fb4b-f585-4a30-91fd-ee72ec52b4a6 ] Request (ServersTestBootFromVolume:setUpClass): 200 GET http://10.13.3.215:8776/v3/3794fd92e7fa41a6aa71c7270548f1b5/volumes/39b66d15-0e89-40e4-b5d9-5585dadb1757 0.052s[00m
2020-10-28 13:44:10.968 4169 INFO tempest.lib.common.rest_client [req-2b241566-823d-411f-92c3-244a5c96cdfa ] Request (RoutersTest:test_add_multiple_router_interfaces): 201 POST http://10.13.3.192:9696/v2.0/subnets 0.885s[00m
2020-10-28 13:44:11.016 4169 INFO tempest.lib.common.rest_client [req-fb1c2230-1fc2-454a-905d-3a469f67c4ee ] Request (RoutersTest:test_add_multiple_router_interfaces): 201 POST http://10.13.3.192:9696/v2.0/routers 0.046s[00m
2020-10-28 13:44:12.006 4171 INFO tempest.lib.common.rest_client [req-78af11fd-78ef-4ab8-b086-e00fad7b28fe ] Request (ServersTestBootFromVolume:setUpClass): 200 GET http://10.13.3.215:8776/v3/3794fd92e7fa41a6aa71c7270548f1b5/volumes/39b66d15-0e89-40e4-b5d9-5585dadb1757 0.056s[00m
2020-10-28 13:44:12.695 4169 INFO tempest.lib.common.rest_client [req-e7c23af1-108a-4f1c-bf3c-a486712ea018 ] Request (RoutersTest:test_add_multiple_router_interfaces): 200 PUT http://10.13.3.192:9696/v2.0/routers/1863fb5c-0268-4165-8d0a-d1845ae10d63/add_router_interface 1.678s[00m
2020-10-28 13:44:12.987 4169 INFO tempest.lib.common.rest_client [req-fda78cef-6c6b-4442-8647-a45d10f1841c ] Request (RoutersTest:test_add_multiple_router_interfaces): 200 GET http://10.13.3.192:9696/v2.0/ports/91a368c5-1744-442b-be79-44178811b998 0.291s[00m
2020-10-28 13:44:13.099 4171 INFO tempest.lib.common.rest_client [req-75be2f31-86d3-4d6b-833a-a706da67bad9 ] Request (ServersTestBootFromVolume:setUpClass): 200 GET http://10.13.3.215:8776/v3/3794fd92e7fa41a6aa71c7270548f1b5/volumes/39b66d15-0e89-40e4-b5d9-5585dadb1757 0.079s[00m
2020-10-28 13:44:14.159 4171 INFO tempest.lib.common.rest_client [req-82bf7103-b3d9-4b7f-9e17-455ad54aea45 ] Request (ServersTestBootFromVolume:setUpClass): 200 GET http://10.13.3.215:8776/v3/3794fd92e7fa41a6aa71c7270548f1b5/volumes/39b66d15-0e89-40e4-b5d9-5585dadb1757 0.053s[00m
2020-10-28 13:44:14.164 4171 INFO tempest.common.waiters [-] volume 39b66d15-0e89-40e4-b5d9-5585dadb1757 reached available after waiting for 18.164400 seconds[00m
2020-10-28 13:44:14.416 4169 INFO tempest.lib.common.rest_client [req-e5bf5614-bd20-46a4-8bae-57cc7099e655 ] Request (RoutersTest:test_add_multiple_router_interfaces): 200 PUT http://10.13.3.192:9696/v2.0/routers/1863fb5c-0268-4165-8d0a-d1845ae10d63/add_router_interface 1.428s[00m
2020-10-28 13:44:14.464 4169 INFO tempest.lib.common.rest_client [req-b5fd103f-427a-4269-b156-18f349e9a600 ] Request (RoutersTest:test_add_multiple_router_interfaces): 200 GET http://10.13.3.192:9696/v2.0/ports/9c0f25a0-e21d-4f91-90bf-a9c3f43c9251 0.048s[00m
2020-10-28 13:44:14.773 4171 INFO tempest.lib.common.rest_client [req-1489c6c8-81a2-4d0a-9a36-4bcdecc37223 ] Request (ServersTestBootFromVolume:setUpClass): 202 POST http://10.13.3.195:8774/v2.1/servers 0.607s[00m
2020-10-28 13:44:14.830 4171 INFO tempest.lib.common.rest_client [req-5c3fc546-7e6a-4d45-9ce3-b9af4c90c40e ] Request (ServersTestBootFromVolume:setUpClass): 200 GET http://10.13.3.195:8774/v2.1/servers/53ecbaac-6fd6-47db-85d8-14b4c3e87769 0.054s[00m
2020-10-28 13:44:15.953 4171 INFO tempest.lib.common.rest_client [req-b5ddb5a6-9bce-40e5-a7c1-71dde1e2beec ] Request (ServersTestBootFromVolume:setUpClass): 200 GET http://10.13.3.195:8774/v2.1/servers/53ecbaac-6fd6-47db-85d8-14b4c3e87769 0.114s[00m
2020-10-28 13:44:15.956 4169 INFO tempest.lib.common.rest_client [req-bb17ce7c-1684-4a56-a352-4a996bd14eba ] Request (RoutersTest:_run_cleanups): 200 PUT http://10.13.3.192:9696/v2.0/routers/1863fb5c-0268-4165-8d0a-d1845ae10d63/remove_router_interface 1.491s[00m
2020-10-28 13:44:15.959 4171 INFO tempest.common.waiters [-] State transition "BUILD/scheduling" ==> "BUILD/spawning" after 1 second wait[00m
2020-10-28 13:44:17.069 4169 INFO tempest.lib.common.rest_client [req-38cbe85d-7de6-4c69-b258-d2cc8dada649 ] Request (RoutersTest:_run_cleanups): 200 PUT http://10.13.3.192:9696/v2.0/routers/1863fb5c-0268-4165-8d0a-d1845ae10d63/remove_router_interface 1.113s[00m
2020-10-28 13:44:17.111 4171 INFO tempest.lib.common.rest_client [req-ea9a568f-6fe4-42ba-8c95-85e1a604890c ] Request (ServersTestBootFromVolume:setUpClass): 200 GET http://10.13.3.195:8774/v2.1/servers/53ecbaac-6fd6-47db-85d8-14b4c3e87769 0.149s[00m
2020-10-28 13:44:17.120 4169 INFO tempest.lib.common.rest_client [req-65186144-facd-4763-ac75-817bed1317bb ] Request (RoutersTest:_run_cleanups): 200 GET http://10.13.3.192:9696/v2.0/ports?device_id=1863fb5c-0268-4165-8d0a-d1845ae10d63 0.050s[00m
2020-10-28 13:44:17.371 4169 INFO tempest.lib.common.rest_client [req-c9a6700d-4077-4a22-a89b-286a00f2e56c ] Request (RoutersTest:_run_cleanups): 204 DELETE http://10.13.3.192:9696/v2.0/routers/1863fb5c-0268-4165-8d0a-d1845ae10d63 0.249s[00m
2020-10-28 13:44:17.678 4169 INFO tempest.lib.common.rest_client [req-29aa284b-b47a-48fb-a8e2-e3bee9b217bf ] Request (RoutersTest:_run_cleanups): 204 DELETE http://10.13.3.192:9696/v2.0/subnets/c484def9-d17f-4c46-9378-c98698e46379 0.305s[00m
2020-10-28 13:44:18.046 4169 INFO tempest.lib.common.rest_client [req-895afe5f-af9c-4ece-af9c-97d798db0d55 ] Request (RoutersTest:_run_cleanups): 204 DELETE http://10.13.3.192:9696/v2.0/subnets/2a6040a5-0c7b-49fc-92b8-741a860451d8 0.367s[00m
2020-10-28 13:44:18.245 4171 INFO tempest.lib.common.rest_client [req-81695c84-e12d-41b5-89f4-726096b4416e ] Request (ServersTestBootFromVolume:setUpClass): 200 GET http://10.13.3.195:8774/v2.1/servers/53ecbaac-6fd6-47db-85d8-14b4c3e87769 0.124s[00m
2020-10-28 13:44:18.478 4169 INFO tempest.lib.common.rest_client [req-e26dcfd1-a70e-4d74-84b4-86d97bbec450 ] Request (RoutersTest:_run_cleanups): 204 DELETE http://10.13.3.192:9696/v2.0/networks/117a92e6-1761-49c3-874b-cc52fa98c093 0.430s[00m
2020-10-28 13:44:19.386 4171 INFO tempest.lib.common.rest_client [req-c19d8bbf-7d37-480d-b1c3-76c729bd8a8c ] Request (ServersTestBootFromVolume:setUpClass): 200 GET http://10.13.3.195:8774/v2.1/servers/53ecbaac-6fd6-47db-85d8-14b4c3e87769 0.131s[00m
2020-10-28 13:44:19.565 4169 INFO tempest.lib.common.rest_client [req-44705949-61ea-4481-bbc2-220c81c959c5 ] Request (RoutersTest:_run_cleanups): 204 DELETE http://10.13.3.192:9696/v2.0/networks/78043aa0-2a72-49b3-9536-ee49577b8f4f 1.085s[00m
{0} tempest.api.network.test_routers.RoutersTest.test_add_multiple_router_interfaces [11.414270s] ... ok
2020-10-28 13:44:19.663 4169 INFO tempest.lib.common.rest_client [req-33543aaf-bd5e-472d-a3c2-46dacd181cba ] Request (RoutersTest:test_add_remove_router_interface_with_port_id): 201 POST http://10.13.3.192:9696/v2.0/networks 0.095s[00m
2020-10-28 13:44:20.044 4169 INFO tempest.lib.common.rest_client [req-48b27d52-04af-4fae-9885-719939e22272 ] Request (RoutersTest:test_add_remove_router_interface_with_port_id): 201 POST http://10.13.3.192:9696/v2.0/subnets 0.378s[00m
2020-10-28 13:44:20.101 4169 INFO tempest.lib.common.rest_client [req-d25740c1-cc95-4131-ad9a-0cc6259645cb ] Request (RoutersTest:test_add_remove_router_interface_with_port_id): 201 POST http://10.13.3.192:9696/v2.0/routers 0.055s[00m
2020-10-28 13:44:20.573 4171 INFO tempest.lib.common.rest_client [req-8f8e53b6-794f-4adf-9fa2-fe80c647f7cd ] Request (ServersTestBootFromVolume:setUpClass): 200 GET http://10.13.3.195:8774/v2.1/servers/53ecbaac-6fd6-47db-85d8-14b4c3e87769 0.180s[00m
2020-10-28 13:44:20.580 4171 INFO tempest.common.waiters [-] State transition "BUILD/spawning" ==> "ACTIVE/None" after 6 second wait[00m
2020-10-28 13:44:20.638 4169 INFO tempest.lib.common.rest_client [req-f9206084-3b60-412b-acd3-1919599bdddb ] Request (RoutersTest:test_add_remove_router_interface_with_port_id): 201 POST http://10.13.3.192:9696/v2.0/ports 0.533s[00m
2020-10-28 13:44:20.702 4171 INFO tempest.lib.common.rest_client [req-63b75136-c945-422d-933c-eff8420e5b24 ] Request (ServersTestBootFromVolume:setUpClass): 200 GET http://10.13.3.195:8774/v2.1/servers/53ecbaac-6fd6-47db-85d8-14b4c3e87769/os-interface 0.120s[00m
2020-10-28 13:44:21.441 4171 INFO tempest.lib.common.rest_client [req-65915cae-97a2-4486-bf99-129eb3090555 ] Request (ServersTestBootFromVolume:setUpClass): 200 PUT http://10.13.3.192:9696/v2.0/floatingips/ec8c8e90-1f71-4749-9598-619a9fd36e69 0.735s[00m
2020-10-28 13:44:21.678 4171 INFO tempest.lib.common.rest_client [req-29df9865-4416-4938-835a-49d06264fae8 ] Request (ServersTestBootFromVolume:setUpClass): 200 GET http://10.13.3.195:8774/v2.1/servers/53ecbaac-6fd6-47db-85d8-14b4c3e87769 0.234s[00m
2020-10-28 13:44:21.791 4171 INFO tempest.lib.common.rest_client [req-1c153ad6-7fae-4608-82e9-c64c5d7671a2 ] Request (ServersTestBootFromVolume:test_list_servers): 200 GET http://10.13.3.195:8774/v2.1/servers 0.103s[00m
{1} tempest.api.compute.servers.test_create_server.ServersTestBootFromVolume.test_list_servers [0.107957s] ... ok
{1} tempest.api.compute.servers.test_create_server.ServersTestBootFromVolume.test_verify_server_details [0.000709s] ... ok
2020-10-28 13:44:21.902 4171 INFO tempest.lib.common.rest_client [req-7231e350-4cbd-4f42-b65d-bd72001ccca6 ] Request (ServersTestBootFromVolume:tearDownClass): 204 DELETE http://10.13.3.195:8774/v2.1/servers/53ecbaac-6fd6-47db-85d8-14b4c3e87769 0.104s[00m
2020-10-28 13:44:22.007 4171 INFO tempest.lib.common.rest_client [req-2010edc4-f03d-4ff0-a4af-9e7f10aae2f4 ] Request (ServersTestBootFromVolume:tearDownClass): 200 GET http://10.13.3.195:8774/v2.1/servers/53ecbaac-6fd6-47db-85d8-14b4c3e87769 0.103s[00m
2020-10-28 13:44:22.070 4169 INFO tempest.lib.common.rest_client [req-c41614bc-989f-4b3b-a21b-0802fe78fef8 ] Request (RoutersTest:test_add_remove_router_interface_with_port_id): 200 PUT http://10.13.3.192:9696/v2.0/routers/f57ec807-3cac-48b0-a1a9-91217de988ec/add_router_interface 1.431s[00m
2020-10-28 13:44:22.123 4169 INFO tempest.lib.common.rest_client [req-6c91c6d6-e30a-4dee-8162-5a5fd4fbda3e ] Request (RoutersTest:test_add_remove_router_interface_with_port_id): 200 GET http://10.13.3.192:9696/v2.0/ports/69f1f3e9-0c24-4058-af8e-1618eaa052ee 0.051s[00m
2020-10-28 13:44:23.270 4171 INFO tempest.lib.common.rest_client [req-9aa2930c-5037-4377-8f7f-cf8a25504fea ] Request (ServersTestBootFromVolume:tearDownClass): 200 GET http://10.13.3.195:8774/v2.1/servers/53ecbaac-6fd6-47db-85d8-14b4c3e87769 0.255s[00m
2020-10-28 13:44:23.305 4169 INFO tempest.lib.common.rest_client [req-3ea95496-0f96-4207-aaad-c4529c0a2817 ] Request (RoutersTest:test_add_remove_router_interface_with_port_id): 200 PUT http://10.13.3.192:9696/v2.0/routers/f57ec807-3cac-48b0-a1a9-91217de988ec/remove_router_interface 1.178s[00m
2020-10-28 13:44:23.485 4169 INFO tempest.lib.common.rest_client [req-7030a710-79e5-4d06-ba70-65315575de03 ] Request (RoutersTest:_run_cleanups): 404 PUT http://10.13.3.192:9696/v2.0/routers/f57ec807-3cac-48b0-a1a9-91217de988ec/remove_router_interface 0.178s[00m
2020-10-28 13:44:23.515 4169 INFO tempest.lib.common.rest_client [req-a9d8a057-08b1-4f4c-a5bd-a596845ab64e ] Request (RoutersTest:_run_cleanups): 200 GET http://10.13.3.192:9696/v2.0/ports?device_id=f57ec807-3cac-48b0-a1a9-91217de988ec 0.028s[00m
2020-10-28 13:44:23.732 4169 INFO tempest.lib.common.rest_client [req-78292bbf-6e51-40ba-8f47-fd07fae48fb6 ] Request (RoutersTest:_run_cleanups): 204 DELETE http://10.13.3.192:9696/v2.0/routers/f57ec807-3cac-48b0-a1a9-91217de988ec 0.215s[00m
2020-10-28 13:44:24.082 4169 INFO tempest.lib.common.rest_client [req-e9c2737c-1c6d-457f-9d91-f65cef83353a ] Request (RoutersTest:_run_cleanups): 204 DELETE http://10.13.3.192:9696/v2.0/subnets/a26b946c-e3b9-4051-8636-e25933a6d998 0.348s[00m
2020-10-28 13:44:24.323 4171 INFO tempest.lib.common.rest_client [req-ac7e18b2-4c99-453f-b569-33453f4f4b2f ] Request (ServersTestBootFromVolume:tearDownClass): 404 GET http://10.13.3.195:8774/v2.1/servers/53ecbaac-6fd6-47db-85d8-14b4c3e87769 0.046s[00m
2020-10-28 13:44:24.351 4171 INFO tempest.lib.common.rest_client [req-52943e4b-dc18-40df-a686-e43771f2d0cc ] Request (ServersTestBootFromVolume:tearDownClass): 202 DELETE http://10.13.3.195:8774/v2.1/os-keypairs/tempest-keypair-517032085 0.025s[00m
2020-10-28 13:44:24.455 4171 INFO tempest.lib.common.rest_client [req-aa4c0af2-1eb8-449e-a3bd-d0cef0316e36 ] Request (ServersTestBootFromVolume:tearDownClass): 204 DELETE http://10.13.3.192:9696/v2.0/security-groups/fc00f71d-b137-434e-bf55-9a741a5fc0ac 0.102s[00m
2020-10-28 13:44:24.474 4171 INFO tempest.lib.common.rest_client [req-c7de46aa-7cff-4a2c-984e-6cd236579274 ] Request (ServersTestBootFromVolume:tearDownClass): 404 GET http://10.13.3.192:9696/v2.0/security-groups/fc00f71d-b137-434e-bf55-9a741a5fc0ac 0.016s[00m
2020-10-28 13:44:24.740 4169 INFO tempest.lib.common.rest_client [req-c814859b-9ac8-4077-8c99-5bb3ecd25dc9 ] Request (RoutersTest:_run_cleanups): 204 DELETE http://10.13.3.192:9696/v2.0/networks/8e0e5cde-42b6-4e0e-b3ba-7d24f6f3a5c8 0.657s[00m
{0} tempest.api.network.test_routers.RoutersTest.test_add_remove_router_interface_with_port_id [5.173157s] ... ok
2020-10-28 13:44:24.817 4171 INFO tempest.lib.common.rest_client [req-9230cc4c-3b11-483d-a943-60f2aa63dfa3 ] Request (ServersTestBootFromVolume:tearDownClass): 204 DELETE http://10.13.3.192:9696/v2.0/floatingips/ec8c8e90-1f71-4749-9598-619a9fd36e69 0.341s[00m
2020-10-28 13:44:24.841 4169 INFO tempest.lib.common.rest_client [req-c8402691-0f5c-4df8-954b-37732a392f79 ] Request (RoutersTest:test_add_remove_router_interface_with_subnet_id): 201 POST http://10.13.3.192:9696/v2.0/networks 0.097s[00m
2020-10-28 13:44:25.421 4169 INFO tempest.lib.common.rest_client [req-fb0c438f-73a9-44f5-af86-6533d18927ed ] Request (RoutersTest:test_add_remove_router_interface_with_subnet_id): 201 POST http://10.13.3.192:9696/v2.0/subnets 0.579s[00m
2020-10-28 13:44:25.546 4169 INFO tempest.lib.common.rest_client [req-21d16c00-2a44-466c-9871-452210dae64a ] Request (RoutersTest:test_add_remove_router_interface_with_subnet_id): 201 POST http://10.13.3.192:9696/v2.0/routers 0.125s[00m
2020-10-28 13:44:26.675 4171 INFO tempest.lib.common.rest_client [req-24da8272-46ab-4f5b-bc80-733d45d33574 ] Request (ServersTestBootFromVolume:tearDownClass): 200 PUT http://10.13.3.192:9696/v2.0/routers/1b8c0aeb-ee84-4227-aeaf-f888cfcbd572/remove_router_interface 1.855s[00m
2020-10-28 13:44:27.037 4169 INFO tempest.lib.common.rest_client [req-412ed289-80f9-4652-881c-ab676f4a497c ] Request (RoutersTest:test_add_remove_router_interface_with_subnet_id): 200 PUT http://10.13.3.192:9696/v2.0/routers/40b85308-801d-4b67-8124-541a8172a379/add_router_interface 1.491s[00m
2020-10-28 13:44:27.089 4169 INFO tempest.lib.common.rest_client [req-1c0dbe15-a1be-4a39-9b11-2fc9f9be0e41 ] Request (RoutersTest:test_add_remove_router_interface_with_subnet_id): 200 GET http://10.13.3.192:9696/v2.0/ports/88a880c2-72c2-4e1a-ae9e-e6cee934817c 0.051s[00m
2020-10-28 13:44:27.352 4171 INFO tempest.lib.common.rest_client [req-c5b075e1-3feb-4380-9bc3-9d719a15c0e4 ] Request (ServersTestBootFromVolume:tearDownClass): 204 DELETE http://10.13.3.192:9696/v2.0/routers/1b8c0aeb-ee84-4227-aeaf-f888cfcbd572 0.675s[00m
2020-10-28 13:44:27.634 4171 INFO tempest.lib.common.rest_client [req-8ad94038-9dc9-4a81-befc-da775a13d483 ] Request (ServersTestBootFromVolume:tearDownClass): 204 DELETE http://10.13.3.192:9696/v2.0/subnets/381e265f-3924-4949-85a4-5e96425246c3 0.279s[00m
2020-10-28 13:44:28.115 4169 INFO tempest.lib.common.rest_client [req-f9075dd1-f853-49c0-98c5-fece28b441ad ] Request (RoutersTest:_run_cleanups): 200 PUT http://10.13.3.192:9696/v2.0/routers/40b85308-801d-4b67-8124-541a8172a379/remove_router_interface 1.025s[00m
2020-10-28 13:44:28.146 4169 INFO tempest.lib.common.rest_client [req-2765bebc-f636-442f-83ba-b0f417bfc27f ] Request (RoutersTest:_run_cleanups): 200 GET http://10.13.3.192:9696/v2.0/ports?device_id=40b85308-801d-4b67-8124-541a8172a379 0.030s[00m
2020-10-28 13:44:28.223 4171 INFO tempest.lib.common.rest_client [req-90e0e731-5780-41af-9e60-e9b15802ce9c ] Request (ServersTestBootFromVolume:tearDownClass): 204 DELETE http://10.13.3.192:9696/v2.0/networks/35e24607-e7b6-462c-86e6-67b64ef9cc5a 0.587s[00m
2020-10-28 13:44:28.305 4171 INFO tempest.lib.common.rest_client [req-b432af84-b066-422a-8c7e-be0d037cb192 ] Request (ServersTestBootFromVolume:tearDownClass): 204 DELETE http://10.13.3.250:35357/v3/users/1f07c9c3506a483fa7f04b89bf304703 0.079s[00m
2020-10-28 13:44:28.339 4171 INFO tempest.lib.common.rest_client [req-50e0a950-cdab-4059-9b79-029f118a896d ] Request (ServersTestBootFromVolume:tearDownClass): 200 GET http://10.13.3.192:9696/v2.0/security-groups?tenant_id=3794fd92e7fa41a6aa71c7270548f1b5&name=default 0.033s[00m
2020-10-28 13:44:28.400 4169 INFO tempest.lib.common.rest_client [req-1aa0ce89-4361-4459-abe7-0f3e1c69c278 ] Request (RoutersTest:_run_cleanups): 204 DELETE http://10.13.3.192:9696/v2.0/routers/40b85308-801d-4b67-8124-541a8172a379 0.254s[00m
2020-10-28 13:44:28.437 4171 INFO tempest.lib.common.rest_client [req-ac7ab01e-250e-47ef-864d-c1eb9306a41e ] Request (ServersTestBootFromVolume:tearDownClass): 204 DELETE http://10.13.3.192:9696/v2.0/security-groups/5d33648e-787c-4031-ab55-4f18e153bcf7 0.097s[00m
2020-10-28 13:44:28.510 4171 INFO tempest.lib.common.rest_client [req-68519f58-c4d9-48c3-9d62-ac26012517a1 ] Request (ServersTestBootFromVolume:tearDownClass): 204 DELETE http://10.13.3.250:35357/v3/projects/3794fd92e7fa41a6aa71c7270548f1b5 0.072s[00m
2020-10-28 13:44:28.676 4169 INFO tempest.lib.common.rest_client [req-e3ce1d5f-c591-4a48-97c8-73a23d314e6e ] Request (RoutersTest:_run_cleanups): 204 DELETE http://10.13.3.192:9696/v2.0/subnets/46f7a872-e1a4-4a3d-b863-4b4c91d2c864 0.275s[00m
2020-10-28 13:44:28.774 4171 INFO tempest.lib.common.rest_client [req-74002927-6f34-4acd-949c-9905b038bae8 ] Request (ServersTestJSON:setUpClass): 201 POST http://10.13.3.250:5000/v3/auth/tokens 0.262s[00m
2020-10-28 13:44:29.028 4171 INFO tempest.lib.common.rest_client [req-c9535483-2884-4941-be5a-24a6e1be2e5e ] Request (ServersTestJSON:setUpClass): 201 POST http://10.13.3.250:5000/v3/auth/tokens 0.249s[00m
2020-10-28 13:44:29.052 4171 INFO tempest.lib.common.rest_client [req-2fbb78e4-512f-4a0d-a3dc-4fe91d187dee ] Request (ServersTestJSON:setUpClass): 200 GET http://10.13.3.250:35357/v3/domains?name=admin_domain 0.022s[00m
2020-10-28 13:44:29.079 4171 INFO tempest.lib.common.rest_client [req-c7a0d801-fdc3-4693-88d7-4db8f17e60f0 ] Request (ServersTestJSON:setUpClass): 201 POST http://10.13.3.250:35357/v3/projects 0.026s[00m
2020-10-28 13:44:29.277 4169 INFO tempest.lib.common.rest_client [req-1cdf5ac1-b8ca-486c-afea-ad09ceb06235 ] Request (RoutersTest:_run_cleanups): 204 DELETE http://10.13.3.192:9696/v2.0/networks/64625410-315f-44d0-ab69-ccf3377fda04 0.600s[00m
{0} tempest.api.network.test_routers.RoutersTest.test_add_remove_router_interface_with_subnet_id [4.536046s] ... ok
2020-10-28 13:44:29.331 4171 INFO tempest.lib.common.rest_client [req-083b67f1-6c9b-4e7d-b079-30b91de8c5a1 ] Request (ServersTestJSON:setUpClass): 201 POST http://10.13.3.250:35357/v3/users 0.251s[00m
2020-10-28 13:44:29.349 4171 INFO tempest.lib.common.rest_client [req-9b367075-06b0-46c8-872e-62f54a6796c8 ] Request (ServersTestJSON:setUpClass): 200 GET http://10.13.3.250:35357/v3/roles 0.017s[00m
2020-10-28 13:44:29.369 4171 INFO tempest.lib.common.rest_client [req-6227de2e-aec0-43f0-8d2a-9e064724b7a4 ] Request (ServersTestJSON:setUpClass): 200 GET http://10.13.3.250:35357/v3/roles 0.020s[00m
2020-10-28 13:44:29.410 4171 INFO tempest.lib.common.rest_client [req-c397a433-1c47-49f4-ab4e-8842a75129b5 ] Request (ServersTestJSON:setUpClass): 204 PUT http://10.13.3.250:35357/v3/projects/a629d25ef8864ac59a7f52d58328e70b/users/681c52fcd3894ce4a8bfde01f93891e6/roles/639bc00bafb04403aa590b2815c71db4 0.040s[00m
2020-10-28 13:44:29.411 4171 INFO tempest.lib.common.dynamic_creds [-] Acquired dynamic creds:
 credentials: Credentials: {'domain_id': '2c685f1bdbd54ce9aa047dfa3f556f8e', 'domain_name': 'admin_domain', 'username': 'tempest-ServersTestJSON-1696929205', 'project_domain_id': '2c685f1bdbd54ce9aa047dfa3f556f8e', 'project_domain_name': 'admin_domain', 'project_id': 'a629d25ef8864ac59a7f52d58328e70b', 'project_name': 'tempest-ServersTestJSON-1696929205', 'tenant_id': 'a629d25ef8864ac59a7f52d58328e70b', 'tenant_name': 'tempest-ServersTestJSON-1696929205', 'user_domain_id': '2c685f1bdbd54ce9aa047dfa3f556f8e', 'user_domain_name': 'admin_domain', 'user_id': '681c52fcd3894ce4a8bfde01f93891e6'}, Network: None, Subnet: None, Router: None[00m
2020-10-28 13:44:29.693 4171 INFO tempest.lib.common.rest_client [req-b4f160d6-7071-437e-bff6-4973ad62a894 ] Request (ServersTestJSON:setUpClass): 201 POST http://10.13.3.250:5000/v3/auth/tokens 0.282s[00m
2020-10-28 13:44:29.932 4171 INFO tempest.lib.common.rest_client [req-8a1f1f94-e60f-4b35-800c-08213540c392 ] Request (ServersTestJSON:setUpClass): 201 POST http://10.13.3.192:9696/v2.0/networks 0.238s[00m
2020-10-28 13:44:30.018 4169 INFO tempest.lib.common.rest_client [req-52b23f7a-bc2f-4e4a-8b99-5899b7f9e32e ] Request (RoutersTest:test_create_show_list_update_delete_router): 201 POST http://10.13.3.192:9696/v2.0/routers 0.740s[00m
2020-10-28 13:44:30.168 4169 INFO tempest.lib.common.rest_client [req-ccd55bcb-2106-4b6c-aa5b-4bc7eaf986ee ] Request (RoutersTest:test_create_show_list_update_delete_router): 200 GET http://10.13.3.192:9696/v2.0/routers/c963bcc7-5498-43c8-9c53-b3dbbe21e97b 0.149s[00m
2020-10-28 13:44:30.320 4169 INFO tempest.lib.common.rest_client [req-14ad0cc8-1378-4c0a-a02a-b10827aff844 ] Request (RoutersTest:test_create_show_list_update_delete_router): 200 GET http://10.13.3.192:9696/v2.0/routers 0.151s[00m
2020-10-28 13:44:30.366 4171 INFO tempest.lib.common.rest_client [req-aa98fc38-06a1-4998-80b1-2e8c09b07ce5 ] Request (ServersTestJSON:setUpClass): 201 POST http://10.13.3.192:9696/v2.0/subnets 0.432s[00m
2020-10-28 13:44:30.824 4169 INFO tempest.lib.common.rest_client [req-ab922b69-f26e-4c5d-b89b-e50ce7f3578d ] Request (RoutersTest:test_create_show_list_update_delete_router): 200 PUT http://10.13.3.192:9696/v2.0/routers/c963bcc7-5498-43c8-9c53-b3dbbe21e97b 0.503s[00m
2020-10-28 13:44:30.912 4169 INFO tempest.lib.common.rest_client [req-f158da9a-2af7-430e-8145-055ace32d5e2 ] Request (RoutersTest:test_create_show_list_update_delete_router): 200 GET http://10.13.3.192:9696/v2.0/routers/c963bcc7-5498-43c8-9c53-b3dbbe21e97b 0.087s[00m
2020-10-28 13:44:30.942 4169 INFO tempest.lib.common.rest_client [req-603b2a36-e63f-4942-97a3-c237f82b3bec ] Request (RoutersTest:_run_cleanups): 200 GET http://10.13.3.192:9696/v2.0/ports?device_id=c963bcc7-5498-43c8-9c53-b3dbbe21e97b 0.030s[00m
2020-10-28 13:44:31.173 4171 INFO tempest.lib.common.rest_client [req-3ae6c0be-0771-4714-a160-d5ac312f879f ] Request (ServersTestJSON:setUpClass): 201 POST http://10.13.3.192:9696/v2.0/routers 0.807s[00m
2020-10-28 13:44:31.657 4169 INFO tempest.lib.common.rest_client [req-88f241a9-bc36-497e-8c13-1bc1cd2f33e7 ] Request (RoutersTest:_run_cleanups): 204 DELETE http://10.13.3.192:9696/v2.0/routers/c963bcc7-5498-43c8-9c53-b3dbbe21e97b 0.714s[00m
{0} tempest.api.network.test_routers.RoutersTest.test_create_show_list_update_delete_router [2.380043s] ... ok
2020-10-28 13:44:31.683 4169 INFO tempest.lib.common.rest_client [req-b966bc54-f55d-4b53-9b17-eac00c861ad6 ] Request (RoutersTest:tearDownClass): 200 GET http://10.13.3.192:9696/v2.0/ports?device_id=c963bcc7-5498-43c8-9c53-b3dbbe21e97b 0.025s[00m
2020-10-28 13:44:31.718 4169 INFO tempest.lib.common.rest_client [req-2fcdc20d-dacc-4fd5-8505-b0baccd08438 ] Request (RoutersTest:tearDownClass): 404 DELETE http://10.13.3.192:9696/v2.0/routers/c963bcc7-5498-43c8-9c53-b3dbbe21e97b 0.034s[00m
2020-10-28 13:44:31.740 4169 INFO tempest.lib.common.rest_client [req-50153ac1-b16c-4ef7-a40b-81482c466516 ] Request (RoutersTest:tearDownClass): 200 GET http://10.13.3.192:9696/v2.0/ports?device_id=40b85308-801d-4b67-8124-541a8172a379 0.021s[00m
2020-10-28 13:44:31.773 4169 INFO tempest.lib.common.rest_client [req-cccc93f6-179c-4370-9d2c-649977f13bec ] Request (RoutersTest:tearDownClass): 404 DELETE http://10.13.3.192:9696/v2.0/routers/40b85308-801d-4b67-8124-541a8172a379 0.033s[00m
2020-10-28 13:44:31.796 4169 INFO tempest.lib.common.rest_client [req-02a9b5b7-2907-4f34-a1fb-815f24fcefd1 ] Request (RoutersTest:tearDownClass): 404 DELETE http://10.13.3.192:9696/v2.0/subnets/46f7a872-e1a4-4a3d-b863-4b4c91d2c864 0.021s[00m
2020-10-28 13:44:31.821 4169 INFO tempest.lib.common.rest_client [req-6c26859e-10ee-4b6e-b8f5-022939dba633 ] Request (RoutersTest:tearDownClass): 200 GET http://10.13.3.192:9696/v2.0/ports?device_id=f57ec807-3cac-48b0-a1a9-91217de988ec 0.023s[00m
2020-10-28 13:44:31.853 4169 INFO tempest.lib.common.rest_client [req-e5017dc4-094a-4e07-9090-7e8a21b7b1de ] Request (RoutersTest:tearDownClass): 404 DELETE http://10.13.3.192:9696/v2.0/routers/f57ec807-3cac-48b0-a1a9-91217de988ec 0.029s[00m
2020-10-28 13:44:31.900 4169 INFO tempest.lib.common.rest_client [req-bb3c8bc4-6e32-4384-8a69-3943f2830856 ] Request (RoutersTest:tearDownClass): 404 DELETE http://10.13.3.192:9696/v2.0/subnets/a26b946c-e3b9-4051-8636-e25933a6d998 0.045s[00m
2020-10-28 13:44:31.925 4169 INFO tempest.lib.common.rest_client [req-da59307f-ab00-49b1-bcb0-11322c5c217b ] Request (RoutersTest:tearDownClass): 200 GET http://10.13.3.192:9696/v2.0/ports?device_id=1863fb5c-0268-4165-8d0a-d1845ae10d63 0.023s[00m
2020-10-28 13:44:31.959 4169 INFO tempest.lib.common.rest_client [req-b99dd52d-d021-451b-934a-604fcc1c3957 ] Request (RoutersTest:tearDownClass): 404 DELETE http://10.13.3.192:9696/v2.0/routers/1863fb5c-0268-4165-8d0a-d1845ae10d63 0.032s[00m
2020-10-28 13:44:31.982 4169 INFO tempest.lib.common.rest_client [req-3bbfa3ed-94e5-44ae-a2bd-f8635e2196f7 ] Request (RoutersTest:tearDownClass): 404 DELETE http://10.13.3.192:9696/v2.0/subnets/c484def9-d17f-4c46-9378-c98698e46379 0.022s[00m
2020-10-28 13:44:32.007 4169 INFO tempest.lib.common.rest_client [req-7ab84e3d-fb77-4901-b31d-c128a6d45548 ] Request (RoutersTest:tearDownClass): 404 DELETE http://10.13.3.192:9696/v2.0/subnets/2a6040a5-0c7b-49fc-92b8-741a860451d8 0.023s[00m
2020-10-28 13:44:32.088 4169 INFO tempest.lib.common.rest_client [req-469b25be-cab3-44ad-b583-1b6ece6f35ca ] Request (RoutersTest:tearDownClass): 204 DELETE http://10.13.3.250:35357/v3/users/40a4019da7f44f95908581d1a43bf32a 0.079s[00m
2020-10-28 13:44:32.354 4171 INFO tempest.lib.common.rest_client [req-c88167c1-7b20-41d4-9dfb-d020ad52098f ] Request (ServersTestJSON:setUpClass): 200 PUT http://10.13.3.192:9696/v2.0/routers/b34def8b-196e-409d-a0f0-3c89dcff0922/add_router_interface 1.180s[00m
2020-10-28 13:44:32.370 4169 INFO tempest.lib.common.rest_client [req-b6cb1e0d-22c7-4334-ae78-85afb36a6d21 ] Request (RoutersTest:tearDownClass): 201 POST http://10.13.3.250:5000/v3/auth/tokens 0.281s[00m
2020-10-28 13:44:32.356 4171 INFO tempest.lib.common.dynamic_creds [-] Created isolated network resources for:
