2020-10-28 13:24:18.988 3178 WARNING tempest.lib.common.ssh [-] Failed to establish authenticated ssh connection to ubuntu@10.13.3.168 ([Errno None] Unable to connect to port 22 on 10.13.3.168). Number attempts: 1. Retry after 2 seconds.: paramiko.ssh_exception.NoValidConnectionsError: [Errno None] Unable to connect to port 22 on 10.13.3.168[00m
2020-10-28 13:24:19.127 3175 INFO tempest.lib.common.rest_client [req-5826f136-eb8a-40ae-8b41-67cf0ab86b62 ] Request (ServersTestBootFromVolume:setUpClass): 200 GET http://10.13.3.215:8776/v3/1646a8cbc5b84cbbb83f666c16eda46a/volumes/bcac4822-a87b-41bf-afad-beb74b82320f 0.048s[00m
2020-10-28 13:24:19.131 3175 INFO tempest.common.waiters [-] volume bcac4822-a87b-41bf-afad-beb74b82320f reached available after waiting for 18.131505 seconds[00m
2020-10-28 13:24:19.621 3175 INFO tempest.lib.common.rest_client [req-a921495a-92cf-4089-846a-c133b6a31b7b ] Request (ServersTestBootFromVolume:setUpClass): 202 POST http://10.13.3.195:8774/v2.1/servers 0.490s[00m
2020-10-28 13:24:19.710 3175 INFO tempest.lib.common.rest_client [req-acd7d0d1-68cd-4df9-bda4-6a327cc0a56c ] Request (ServersTestBootFromVolume:setUpClass): 200 GET http://10.13.3.195:8774/v2.1/servers/fb703934-7fdb-496f-9470-545ea31923bf 0.087s[00m
2020-10-28 13:24:20.959 3175 INFO tempest.lib.common.rest_client [req-49f7a9bf-fac3-460b-8194-a8fca1fa84ac ] Request (ServersTestBootFromVolume:setUpClass): 200 GET http://10.13.3.195:8774/v2.1/servers/fb703934-7fdb-496f-9470-545ea31923bf 0.243s[00m
2020-10-28 13:24:20.964 3175 INFO tempest.common.waiters [-] State transition "BUILD/scheduling" ==> "BUILD/spawning" after 1 second wait[00m
2020-10-28 13:24:21.495 3178 WARNING tempest.lib.common.ssh [-] Failed to establish authenticated ssh connection to ubuntu@10.13.3.168 ([Errno None] Unable to connect to port 22 on 10.13.3.168). Number attempts: 2. Retry after 3 seconds.: paramiko.ssh_exception.NoValidConnectionsError: [Errno None] Unable to connect to port 22 on 10.13.3.168[00m
2020-10-28 13:24:22.072 3175 INFO tempest.lib.common.rest_client [req-dbd37059-1a58-4f46-a1db-9beda8732fb8 ] Request (ServersTestBootFromVolume:setUpClass): 200 GET http://10.13.3.195:8774/v2.1/servers/fb703934-7fdb-496f-9470-545ea31923bf 0.107s[00m
2020-10-28 13:24:23.204 3175 INFO tempest.lib.common.rest_client [req-72203e4b-181c-4a0a-8762-be1fdc4d6906 ] Request (ServersTestBootFromVolume:setUpClass): 200 GET http://10.13.3.195:8774/v2.1/servers/fb703934-7fdb-496f-9470-545ea31923bf 0.125s[00m
2020-10-28 13:24:24.317 3175 INFO tempest.lib.common.rest_client [req-9b7324a6-6a88-47d9-b9b8-6971aa96cb2b ] Request (ServersTestBootFromVolume:setUpClass): 200 GET http://10.13.3.195:8774/v2.1/servers/fb703934-7fdb-496f-9470-545ea31923bf 0.106s[00m
2020-10-28 13:24:24.325 3175 INFO tempest.common.waiters [-] State transition "BUILD/spawning" ==> "ACTIVE/None" after 5 second wait[00m
2020-10-28 13:24:24.403 3175 INFO tempest.lib.common.rest_client [req-654c5415-b73e-4100-8031-d1244cdd9d9a ] Request (ServersTestBootFromVolume:setUpClass): 200 GET http://10.13.3.195:8774/v2.1/servers/fb703934-7fdb-496f-9470-545ea31923bf/os-interface 0.077s[00m
2020-10-28 13:24:25.008 3178 WARNING tempest.lib.common.ssh [-] Failed to establish authenticated ssh connection to ubuntu@10.13.3.168 ([Errno None] Unable to connect to port 22 on 10.13.3.168). Number attempts: 3. Retry after 4 seconds.: paramiko.ssh_exception.NoValidConnectionsError: [Errno None] Unable to connect to port 22 on 10.13.3.168[00m
2020-10-28 13:24:25.099 3175 INFO tempest.lib.common.rest_client [req-0960b882-acb3-4d1e-8907-3d1e4d9dde0e ] Request (ServersTestBootFromVolume:setUpClass): 200 PUT http://10.13.3.192:9696/v2.0/floatingips/c8c3c982-f4e9-44ec-9d61-c43a47a05016 0.693s[00m
2020-10-28 13:24:25.274 3175 INFO tempest.lib.common.rest_client [req-1cc417db-5d31-4e8f-8724-00d8265d62fd ] Request (ServersTestBootFromVolume:setUpClass): 200 GET http://10.13.3.195:8774/v2.1/servers/fb703934-7fdb-496f-9470-545ea31923bf 0.174s[00m
2020-10-28 13:24:25.386 3175 INFO tempest.lib.common.rest_client [req-ff842ac9-24c2-4733-9906-be4b41a4e015 ] Request (ServersTestBootFromVolume:test_list_servers): 200 GET http://10.13.3.195:8774/v2.1/servers 0.098s[00m
{0} tempest.api.compute.servers.test_create_server.ServersTestBootFromVolume.test_list_servers [0.101700s] ... ok
{0} tempest.api.compute.servers.test_create_server.ServersTestBootFromVolume.test_verify_server_details [0.002182s] ... ok
2020-10-28 13:24:25.487 3175 INFO tempest.lib.common.rest_client [req-2fadd6a7-da6d-46fc-bdb3-8bcfc2f3b11a ] Request (ServersTestBootFromVolume:tearDownClass): 204 DELETE http://10.13.3.195:8774/v2.1/servers/fb703934-7fdb-496f-9470-545ea31923bf 0.095s[00m
2020-10-28 13:24:25.589 3175 INFO tempest.lib.common.rest_client [req-0693a765-4dbe-434e-8620-7c475ce9a8ba ] Request (ServersTestBootFromVolume:tearDownClass): 200 GET http://10.13.3.195:8774/v2.1/servers/fb703934-7fdb-496f-9470-545ea31923bf 0.099s[00m
2020-10-28 13:24:26.786 3175 INFO tempest.lib.common.rest_client [req-ca133155-e962-4509-a30a-5a1231624c1e ] Request (ServersTestBootFromVolume:tearDownClass): 200 GET http://10.13.3.195:8774/v2.1/servers/fb703934-7fdb-496f-9470-545ea31923bf 0.189s[00m
2020-10-28 13:24:27.833 3175 INFO tempest.lib.common.rest_client [req-c5ab16f4-14c0-4652-b89e-30d6043e7c41 ] Request (ServersTestBootFromVolume:tearDownClass): 404 GET http://10.13.3.195:8774/v2.1/servers/fb703934-7fdb-496f-9470-545ea31923bf 0.040s[00m
2020-10-28 13:24:27.857 3175 INFO tempest.lib.common.rest_client [req-6e1a28af-ecfd-4b6f-8c64-930ef87d36d7 ] Request (ServersTestBootFromVolume:tearDownClass): 202 DELETE http://10.13.3.195:8774/v2.1/os-keypairs/tempest-keypair-158164767 0.022s[00m
2020-10-28 13:24:27.940 3175 INFO tempest.lib.common.rest_client [req-004dc67d-132b-4c14-88ad-ab9279c0345b ] Request (ServersTestBootFromVolume:tearDownClass): 204 DELETE http://10.13.3.192:9696/v2.0/security-groups/9d4643e2-7e2f-439e-b1e0-54516ba6208d 0.081s[00m
2020-10-28 13:24:27.955 3175 INFO tempest.lib.common.rest_client [req-039355ec-9ee4-4d34-9f6e-23953d1be6c8 ] Request (ServersTestBootFromVolume:tearDownClass): 404 GET http://10.13.3.192:9696/v2.0/security-groups/9d4643e2-7e2f-439e-b1e0-54516ba6208d 0.013s[00m
2020-10-28 13:24:28.333 3175 INFO tempest.lib.common.rest_client [req-6fd9fb57-783b-4dec-aff2-d0953c47bac5 ] Request (ServersTestBootFromVolume:tearDownClass): 204 DELETE http://10.13.3.192:9696/v2.0/floatingips/c8c3c982-f4e9-44ec-9d61-c43a47a05016 0.377s[00m
2020-10-28 13:24:29.484 3175 INFO tempest.lib.common.rest_client [req-e7f463d0-0a38-4594-8ae6-d1d2c1b184d1 ] Request (ServersTestBootFromVolume:tearDownClass): 200 PUT http://10.13.3.192:9696/v2.0/routers/b7827615-e6ca-4794-85ba-b8fba24b7258/remove_router_interface 1.150s[00m
2020-10-28 13:24:29.516 3178 WARNING tempest.lib.common.ssh [-] Failed to establish authenticated ssh connection to ubuntu@10.13.3.168 ([Errno None] Unable to connect to port 22 on 10.13.3.168). Number attempts: 4. Retry after 5 seconds.: paramiko.ssh_exception.NoValidConnectionsError: [Errno None] Unable to connect to port 22 on 10.13.3.168[00m
2020-10-28 13:24:30.149 3175 INFO tempest.lib.common.rest_client [req-842dea47-bbf3-4cc3-bc05-28064d02487c ] Request (ServersTestBootFromVolume:tearDownClass): 204 DELETE http://10.13.3.192:9696/v2.0/routers/b7827615-e6ca-4794-85ba-b8fba24b7258 0.665s[00m
2020-10-28 13:24:30.408 3175 INFO tempest.lib.common.rest_client [req-5eb64612-e4a8-4ce5-b45b-331e8d085fe5 ] Request (ServersTestBootFromVolume:tearDownClass): 204 DELETE http://10.13.3.192:9696/v2.0/subnets/f385e566-1fc6-49cf-bcc8-5a685086f71a 0.258s[00m
2020-10-28 13:24:30.997 3175 INFO tempest.lib.common.rest_client [req-db95692d-401c-42d6-b538-1f361d2e07f4 ] Request (ServersTestBootFromVolume:tearDownClass): 204 DELETE http://10.13.3.192:9696/v2.0/networks/2b1da124-4bb5-44d8-871c-c8bd8ab7b431 0.587s[00m
2020-10-28 13:24:31.076 3175 INFO tempest.lib.common.rest_client [req-a83e40eb-3920-4e67-8552-6f723e1e3796 ] Request (ServersTestBootFromVolume:tearDownClass): 204 DELETE http://10.13.3.250:35357/v3/users/ec3a3388f6e44c008b10dc975b5eb02c 0.078s[00m
2020-10-28 13:24:31.112 3175 INFO tempest.lib.common.rest_client [req-888877c1-49eb-4f85-8164-b07f8d3fe7fe ] Request (ServersTestBootFromVolume:tearDownClass): 200 GET http://10.13.3.192:9696/v2.0/security-groups?tenant_id=1646a8cbc5b84cbbb83f666c16eda46a&name=default 0.034s[00m
2020-10-28 13:24:31.192 3175 INFO tempest.lib.common.rest_client [req-5c9aee73-c1c7-454f-bd40-208acdbc375b ] Request (ServersTestBootFromVolume:tearDownClass): 204 DELETE http://10.13.3.192:9696/v2.0/security-groups/e6cfb7e2-53cf-4688-b671-3c290f84b6e9 0.080s[00m
2020-10-28 13:24:31.265 3175 INFO tempest.lib.common.rest_client [req-efbbda34-97c7-415c-84ac-6798576570ef ] Request (ServersTestBootFromVolume:tearDownClass): 204 DELETE http://10.13.3.250:35357/v3/projects/1646a8cbc5b84cbbb83f666c16eda46a 0.072s[00m
2020-10-28 13:24:31.538 3175 INFO tempest.lib.common.rest_client [req-70041792-13d0-4ba0-b5a8-127c3c526d2a ] Request (ServersTestJSON:setUpClass): 201 POST http://10.13.3.250:5000/v3/auth/tokens 0.271s[00m
2020-10-28 13:24:31.791 3175 INFO tempest.lib.common.rest_client [req-1bb44272-7cf0-4932-8e19-445ac5cdce8c ] Request (ServersTestJSON:setUpClass): 201 POST http://10.13.3.250:5000/v3/auth/tokens 0.245s[00m
2020-10-28 13:24:31.812 3175 INFO tempest.lib.common.rest_client [req-b16e1837-1ace-4766-b7a6-08bf8a99e8cf ] Request (ServersTestJSON:setUpClass): 200 GET http://10.13.3.250:35357/v3/domains?name=admin_domain 0.020s[00m
2020-10-28 13:24:31.840 3175 INFO tempest.lib.common.rest_client [req-fa2d0b57-7d5f-4396-951a-06828cbaad0f ] Request (ServersTestJSON:setUpClass): 201 POST http://10.13.3.250:35357/v3/projects 0.025s[00m
2020-10-28 13:24:32.092 3175 INFO tempest.lib.common.rest_client [req-8fcb6ec8-08b1-453f-9705-684bc7fcca71 ] Request (ServersTestJSON:setUpClass): 201 POST http://10.13.3.250:35357/v3/users 0.250s[00m
2020-10-28 13:24:32.113 3175 INFO tempest.lib.common.rest_client [req-bb2bad06-6664-4f41-ab9a-86080bf5f55c ] Request (ServersTestJSON:setUpClass): 200 GET http://10.13.3.250:35357/v3/roles 0.019s[00m
2020-10-28 13:24:32.131 3175 INFO tempest.lib.common.rest_client [req-c3853828-84bc-48b1-b045-7f7074e9963f ] Request (ServersTestJSON:setUpClass): 200 GET http://10.13.3.250:35357/v3/roles 0.017s[00m
2020-10-28 13:24:32.164 3175 INFO tempest.lib.common.rest_client [req-0c661c68-fbd8-467b-bb54-8fbadb57b05e ] Request (ServersTestJSON:setUpClass): 204 PUT http://10.13.3.250:35357/v3/projects/9f618ea247cd4e58815329c67623b28f/users/a880f619972645ed9a9c905ded19e150/roles/639bc00bafb04403aa590b2815c71db4 0.032s[00m
2020-10-28 13:24:32.164 3175 INFO tempest.lib.common.dynamic_creds [-] Acquired dynamic creds:
 credentials: Credentials: {'domain_id': '2c685f1bdbd54ce9aa047dfa3f556f8e', 'domain_name': 'admin_domain', 'username': 'tempest-ServersTestJSON-1479114327', 'project_domain_id': '2c685f1bdbd54ce9aa047dfa3f556f8e', 'project_domain_name': 'admin_domain', 'project_id': '9f618ea247cd4e58815329c67623b28f', 'project_name': 'tempest-ServersTestJSON-1479114327', 'tenant_id': '9f618ea247cd4e58815329c67623b28f', 'tenant_name': 'tempest-ServersTestJSON-1479114327', 'user_domain_id': '2c685f1bdbd54ce9aa047dfa3f556f8e', 'user_domain_name': 'admin_domain', 'user_id': 'a880f619972645ed9a9c905ded19e150'}, Network: None, Subnet: None, Router: None[00m
2020-10-28 13:24:32.423 3175 INFO tempest.lib.common.rest_client [req-47806e3c-6eb9-41c0-ae50-071f5139ea51 ] Request (ServersTestJSON:setUpClass): 201 POST http://10.13.3.250:5000/v3/auth/tokens 0.258s[00m
2020-10-28 13:24:32.655 3175 INFO tempest.lib.common.rest_client [req-0af1e408-bfb1-4c11-9536-752d4c895482 ] Request (ServersTestJSON:setUpClass): 201 POST http://10.13.3.192:9696/v2.0/networks 0.232s[00m
2020-10-28 13:24:32.951 3175 INFO tempest.lib.common.rest_client [req-2bd6ac11-3f40-4420-9fed-9b35d58f7214 ] Request (ServersTestJSON:setUpClass): 201 POST http://10.13.3.192:9696/v2.0/subnets 0.291s[00m
2020-10-28 13:24:33.669 3175 INFO tempest.lib.common.rest_client [req-88889a94-cac1-485d-8913-c378f565480e ] Request (ServersTestJSON:setUpClass): 201 POST http://10.13.3.192:9696/v2.0/routers 0.717s[00m
2020-10-28 13:24:34.788 3175 INFO tempest.lib.common.rest_client [req-9bf22101-d741-4728-8c06-351af144dea2 ] Request (ServersTestJSON:setUpClass): 200 PUT http://10.13.3.192:9696/v2.0/routers/a3b9b531-bc6d-463d-b907-c0a2d635a9e0/add_router_interface 1.119s[00m
2020-10-28 13:24:34.788 3175 INFO tempest.lib.common.dynamic_creds [-] Created isolated network resources for:
 credentials: Credentials: {'domain_id': '2c685f1bdbd54ce9aa047dfa3f556f8e', 'domain_name': 'admin_domain', 'username': 'tempest-ServersTestJSON-1479114327', 'project_domain_id': '2c685f1bdbd54ce9aa047dfa3f556f8e', 'project_domain_name': 'admin_domain', 'project_id': '9f618ea247cd4e58815329c67623b28f', 'project_name': 'tempest-ServersTestJSON-1479114327', 'tenant_id': '9f618ea247cd4e58815329c67623b28f', 'tenant_name': 'tempest-ServersTestJSON-1479114327', 'user_domain_id': '2c685f1bdbd54ce9aa047dfa3f556f8e', 'user_domain_name': 'admin_domain', 'user_id': 'a880f619972645ed9a9c905ded19e150'}, Network: {'id': '58706212-7751-441f-a683-13f97d4c4dc8', 'name': 'tempest-ServersTestJSON-1248411597-network', 'tenant_id': '9f618ea247cd4e58815329c67623b28f', 'admin_state_up': True, 'mtu': 1458, 'status': 'ACTIVE', 'subnets': [], 'shared': False, 'project_id': '9f618ea247cd4e58815329c67623b28f', 'router:external': False, 'provider:network_type': 'gre', 'provider:physical_network': None, 'provider:segmentation_id': 1, 'availability_zone_hints': [], 'is_default': False, 'availability_zones': [], 'ipv4_address_scope': None, 'ipv6_address_scope': None, 'description': '', 'l2_adjacency': True, 'tags': [], 'created_at': '2020-10-28T13:24:32Z', 'updated_at': '2020-10-28T13:24:32Z', 'revision_number': 1}, Subnet: {'id': '6c32719a-a853-41d5-8fb9-bf0eef2ffbf1', 'name': 'tempest-ServersTestJSON-1248411597-subnet', 'tenant_id': '9f618ea247cd4e58815329c67623b28f', 'network_id': '58706212-7751-441f-a683-13f97d4c4dc8', 'ip_version': 4, 'subnetpool_id': None, 'enable_dhcp': True, 'ipv6_ra_mode': None, 'ipv6_address_mode': None, 'gateway_ip': '172.16.0.1', 'cidr': '172.16.0.0/28', 'allocation_pools': [{'start': '172.16.0.2', 'end': '172.16.0.14'}], 'host_routes': [], 'dns_nameservers': [], 'description': '', 'service_types': [], 'segment_id': None, 'tags': [], 'created_at': '2020-10-28T13:24:32Z', 'updated_at': '2020-10-28T13:24:32Z', 'revision_number': 0, 'project_id': '9f618ea247cd4e58815329c67623b28f'}, Router: {'id': 'a3b9b531-bc6d-463d-b907-c0a2d635a9e0', 'name': 'tempest-ServersTestJSON-1248411597-router', 'tenant_id': '9f618ea247cd4e58815329c67623b28f', 'admin_state_up': True, 'status': 'ACTIVE', 'external_gateway_info': {'network_id': 'ce12e1ab-fe6d-481d-82aa-a065d6f2a7ff', 'external_fixed_ips': [{'subnet_id': '3b6c9c63-dee6-417a-ad94-8d371560e79d', 'ip_address': '10.13.3.130'}], 'enable_snat': True}, 'description': '', 'availability_zones': [], 'distributed': False, 'ha': False, 'availability_zone_hints': [], 'routes': [], 'flavor_id': None, 'tags': [], 'created_at': '2020-10-28T13:24:32Z', 'updated_at': '2020-10-28T13:24:33Z', 'revision_number': 3, 'project_id': '9f618ea247cd4e58815329c67623b28f'}[00m
2020-10-28 13:24:35.036 3178 INFO paramiko.transport [-] Connected (version 2.0, client OpenSSH_7.6p1)[00m
2020-10-28 13:24:35.067 3175 INFO tempest.lib.common.rest_client [req-afaae6e7-7e5c-4a18-8949-0740e7495314 ] Request (ServersTestJSON:setUpClass): 201 POST http://10.13.3.250:5000/v3/auth/tokens 0.274s[00m
2020-10-28 13:24:35.295 3175 INFO tempest.lib.common.rest_client [req-a6a4b155-7798-4ac4-a710-5cf4c5bfcea1 ] Request (ServersTestJSON:setUpClass): 200 POST http://10.13.3.195:8774/v2.1/os-keypairs 0.226s[00m
2020-10-28 13:24:35.296 3178 INFO paramiko.transport [-] Authentication (publickey) successful![00m
2020-10-28 13:24:35.298 3178 INFO tempest.lib.common.ssh [-] ssh connection to ubuntu@10.13.3.168 successfully created[00m
2020-10-28 13:24:35.443 3175 INFO tempest.lib.common.rest_client [req-ed488ced-6420-41f5-a68b-c7e036ec0bd1 ] Request (ServersTestJSON:setUpClass): 201 POST http://10.13.3.192:9696/v2.0/security-groups 0.146s[00m
2020-10-28 13:24:35.509 3175 INFO tempest.lib.common.rest_client [req-ab0af995-a0eb-4859-8421-463b9b010d20 ] Request (ServersTestJSON:setUpClass): 201 POST http://10.13.3.192:9696/v2.0/security-group-rules 0.065s[00m
2020-10-28 13:24:35.584 3175 INFO tempest.lib.common.rest_client [req-bfca4041-6b57-48e9-9611-7dcc34efa212 ] Request (ServersTestJSON:setUpClass): 201 POST http://10.13.3.192:9696/v2.0/security-group-rules 0.072s[00m
2020-10-28 13:24:36.041 3178 INFO tempest.lib.common.rest_client [req-2e824f24-890f-4b38-bfd6-8b21b3084d77 ] Request (ServerActionsTestJSON:tearDown): 200 GET http://10.13.3.195:8774/v2.1/servers/8184c20d-7554-4050-ad37-12697b7ad47e 0.111s[00m
{1} tempest.api.compute.servers.test_server_actions.ServerActionsTestJSON.test_reboot_server_hard [53.622142s] ... ok
2020-10-28 13:24:36.153 3178 INFO tempest.lib.common.rest_client [req-a86e8a23-2ac7-4870-a196-23bbc4f4c7e7 ] Request (ServerActionsTestJSON:tearDownClass): 204 DELETE http://10.13.3.195:8774/v2.1/servers/8184c20d-7554-4050-ad37-12697b7ad47e 0.103s[00m
2020-10-28 13:24:36.262 3178 INFO tempest.lib.common.rest_client [req-d973cddd-1462-4b48-bbfa-c7e08ea3f92c ] Request (ServerActionsTestJSON:tearDownClass): 200 GET http://10.13.3.195:8774/v2.1/servers/8184c20d-7554-4050-ad37-12697b7ad47e 0.108s[00m
2020-10-28 13:24:36.311 3175 INFO tempest.lib.common.rest_client [req-f65c80fe-44fb-43fc-b9a3-159e37870c83 ] Request (ServersTestJSON:setUpClass): 201 POST http://10.13.3.192:9696/v2.0/floatingips 0.724s[00m
2020-10-28 13:24:36.553 3175 INFO tempest.lib.common.rest_client [req-e4ee1254-8c1b-4ac2-8c3a-91469bdb117d ] Request (ServersTestJSON:setUpClass): 201 POST http://10.13.3.250:5000/v3/auth/tokens 0.235s[00m
2020-10-28 13:24:36.554 3175 INFO tempest.lib.common.fixed_network [-] (ServersTestJSON:setUpClass) Found network {'id': '58706212-7751-441f-a683-13f97d4c4dc8', 'name': 'tempest-ServersTestJSON-1248411597-network', 'tenant_id': '9f618ea247cd4e58815329c67623b28f', 'admin_state_up': True, 'mtu': 1458, 'status': 'ACTIVE', 'subnets': [], 'shared': False, 'project_id': '9f618ea247cd4e58815329c67623b28f', 'router:external': False, 'provider:network_type': 'gre', 'provider:physical_network': None, 'provider:segmentation_id': 1, 'availability_zone_hints': [], 'is_default': False, 'availability_zones': [], 'ipv4_address_scope': None, 'ipv6_address_scope': None, 'description': '', 'l2_adjacency': True, 'tags': [], 'created_at': '2020-10-28T13:24:32Z', 'updated_at': '2020-10-28T13:24:32Z', 'revision_number': 1} available for tenant[00m
2020-10-28 13:24:36.934 3175 INFO tempest.lib.common.rest_client [req-13300b6f-8640-4b33-a343-bbb85acf0826 ] Request (ServersTestJSON:setUpClass): 202 POST http://10.13.3.195:8774/v2.1/servers 0.378s[00m
2020-10-28 13:24:36.986 3175 INFO tempest.lib.common.rest_client [req-f2bb7c0d-f062-4d3f-b9e3-f3cbcf3a5364 ] Request (ServersTestJSON:setUpClass): 200 GET http://10.13.3.195:8774/v2.1/servers/a7ddd1bb-73b3-443b-bb88-9d427f038f63 0.050s[00m
2020-10-28 13:24:37.569 3178 INFO tempest.lib.common.rest_client [req-27f355ef-0938-4ce1-8012-2ef7ba8ba130 ] Request (ServerActionsTestJSON:tearDownClass): 200 GET http://10.13.3.195:8774/v2.1/servers/8184c20d-7554-4050-ad37-12697b7ad47e 0.302s[00m
2020-10-28 13:24:38.192 3175 INFO tempest.lib.common.rest_client [req-81a4693f-58c9-4352-8c46-f283f5e1b002 ] Request (ServersTestJSON:setUpClass): 200 GET http://10.13.3.195:8774/v2.1/servers/a7ddd1bb-73b3-443b-bb88-9d427f038f63 0.195s[00m
2020-10-28 13:24:38.198 3175 INFO tempest.common.waiters [-] State transition "BUILD/scheduling" ==> "BUILD/spawning" after 2 second wait[00m
2020-10-28 13:24:38.620 3178 INFO tempest.lib.common.rest_client [req-97d3a214-a9ae-4fc4-b324-f7196e7da26f ] Request (ServerActionsTestJSON:tearDownClass): 404 GET http://10.13.3.195:8774/v2.1/servers/8184c20d-7554-4050-ad37-12697b7ad47e 0.044s[00m
2020-10-28 13:24:38.643 3178 INFO tempest.lib.common.rest_client [req-091d3f59-445b-4617-9268-c09038913347 ] Request (ServerActionsTestJSON:tearDownClass): 202 DELETE http://10.13.3.195:8774/v2.1/os-keypairs/tempest-keypair-1799855917 0.022s[00m
2020-10-28 13:24:38.765 3178 INFO tempest.lib.common.rest_client [req-f9f71b22-0de6-4845-972b-d788113579f3 ] Request (ServerActionsTestJSON:tearDownClass): 204 DELETE http://10.13.3.192:9696/v2.0/security-groups/bc4d07f8-7ba0-4e22-ac79-933946da3bb3 0.122s[00m
2020-10-28 13:24:38.780 3178 INFO tempest.lib.common.rest_client [req-be91f9d5-29f8-4fd9-89a0-2bd52a79ed90 ] Request (ServerActionsTestJSON:tearDownClass): 404 GET http://10.13.3.192:9696/v2.0/security-groups/bc4d07f8-7ba0-4e22-ac79-933946da3bb3 0.014s[00m
2020-10-28 13:24:39.232 3178 INFO tempest.lib.common.rest_client [req-e9518322-80ad-4322-876c-a743df52a911 ] Request (ServerActionsTestJSON:tearDownClass): 204 DELETE http://10.13.3.192:9696/v2.0/floatingips/ff7346af-b53d-4ec9-968a-732149981d49 0.451s[00m
2020-10-28 13:24:39.359 3175 INFO tempest.lib.common.rest_client [req-6d6d9baa-f9e3-4d95-b80f-3ece875c2516 ] Request (ServersTestJSON:setUpClass): 200 GET http://10.13.3.195:8774/v2.1/servers/a7ddd1bb-73b3-443b-bb88-9d427f038f63 0.159s[00m
2020-10-28 13:24:40.482 3175 INFO tempest.lib.common.rest_client [req-5a4cac2e-042a-471f-a6b1-917679291aac ] Request (ServersTestJSON:setUpClass): 200 GET http://10.13.3.195:8774/v2.1/servers/a7ddd1bb-73b3-443b-bb88-9d427f038f63 0.115s[00m
2020-10-28 13:24:40.542 3178 INFO tempest.lib.common.rest_client [req-9242229b-319a-47e3-be14-75d74925e226 ] Request (ServerActionsTestJSON:tearDownClass): 200 PUT http://10.13.3.192:9696/v2.0/routers/d71fb908-3ff7-45f8-a1b9-37d1ec328dc2/remove_router_interface 1.309s[00m
2020-10-28 13:24:41.200 3178 INFO tempest.lib.common.rest_client [req-df9dac87-24e5-4b8f-a8cc-0a86c3bd8127 ] Request (ServerActionsTestJSON:tearDownClass): 204 DELETE http://10.13.3.192:9696/v2.0/routers/d71fb908-3ff7-45f8-a1b9-37d1ec328dc2 0.658s[00m
2020-10-28 13:24:41.445 3178 INFO tempest.lib.common.rest_client [req-5300174b-6286-42d4-b9c0-b00374605e24 ] Request (ServerActionsTestJSON:tearDownClass): 204 DELETE http://10.13.3.192:9696/v2.0/subnets/91abb278-db9d-42cd-8453-cbae558c7452 0.244s[00m
2020-10-28 13:24:41.705 3175 INFO tempest.lib.common.rest_client [req-fc35e4e0-1064-44c9-a1a7-87bf58d7b5aa ] Request (ServersTestJSON:setUpClass): 200 GET http://10.13.3.195:8774/v2.1/servers/a7ddd1bb-73b3-443b-bb88-9d427f038f63 0.215s[00m
2020-10-28 13:24:42.118 3178 INFO tempest.lib.common.rest_client [req-de462afe-9130-4606-a5e7-2e0276479791 ] Request (ServerActionsTestJSON:tearDownClass): 204 DELETE http://10.13.3.192:9696/v2.0/networks/91401d49-2d9b-423f-ac1a-1f488ef59a1c 0.672s[00m
2020-10-28 13:24:42.198 3178 INFO tempest.lib.common.rest_client [req-de416841-bed6-4a39-9423-9d622e7b59a6 ] Request (ServerActionsTestJSON:tearDownClass): 204 DELETE http://10.13.3.250:35357/v3/users/203b021cfdbd4dd68115f28fa4341656 0.079s[00m
2020-10-28 13:24:42.225 3178 INFO tempest.lib.common.rest_client [req-3c55daea-4c1e-432a-a25f-18fa3410333c ] Request (ServerActionsTestJSON:tearDownClass): 200 GET http://10.13.3.192:9696/v2.0/security-groups?tenant_id=ef5d98f00b6c4b8b9cd78805f51c572c&name=default 0.026s[00m
2020-10-28 13:24:42.299 3178 INFO tempest.lib.common.rest_client [req-3707629e-e81f-4d03-8c1f-9076a978e713 ] Request (ServerActionsTestJSON:tearDownClass): 204 DELETE http://10.13.3.192:9696/v2.0/security-groups/590fd583-1626-418b-9eb9-ef71ff87731b 0.071s[00m
2020-10-28 13:24:42.371 3178 INFO tempest.lib.common.rest_client [req-c5801f06-18f9-4886-b8f6-e8b4b5fab417 ] Request (ServerActionsTestJSON:tearDownClass): 204 DELETE http://10.13.3.250:35357/v3/projects/ef5d98f00b6c4b8b9cd78805f51c572c 0.070s[00m
2020-10-28 13:24:42.638 3178 INFO tempest.lib.common.rest_client [req-7611b8e7-190a-4b9f-87c9-4b12667525f9 ] Request (CredentialsTestJSON:setUpClass): 201 POST http://10.13.3.250:5000/v3/auth/tokens 0.263s[00m
2020-10-28 13:24:42.829 3175 INFO tempest.lib.common.rest_client [req-7a28e544-3b94-406a-9c5e-6b4b1b153038 ] Request (ServersTestJSON:setUpClass): 200 GET http://10.13.3.195:8774/v2.1/servers/a7ddd1bb-73b3-443b-bb88-9d427f038f63 0.116s[00m
2020-10-28 13:24:42.834 3175 INFO tempest.common.waiters [-] State transition "BUILD/spawning" ==> "ACTIVE/None" after 6 second wait[00m
2020-10-28 13:24:42.892 3178 INFO tempest.lib.common.rest_client [req-476f361f-5233-4d5d-b397-f5e025f8f3e2 ] Request (CredentialsTestJSON:setUpClass): 201 POST http://10.13.3.250:5000/v3/auth/tokens 0.250s[00m
2020-10-28 13:24:42.914 3175 INFO tempest.lib.common.rest_client [req-164ed6c6-2de0-4ba7-a81d-1dd0b800abdd ] Request (ServersTestJSON:setUpClass): 200 GET http://10.13.3.195:8774/v2.1/servers/a7ddd1bb-73b3-443b-bb88-9d427f038f63/os-interface 0.079s[00m
2020-10-28 13:24:42.918 3178 INFO tempest.lib.common.rest_client [req-1d4f39fc-4c48-415b-b71a-04a8f0eb93f1 ] Request (CredentialsTestJSON:setUpClass): 200 GET http://10.13.3.250:35357/v3/domains?name=admin_domain 0.024s[00m
2020-10-28 13:24:42.948 3178 INFO tempest.lib.common.rest_client [req-66a156ff-e5c5-4c20-974f-08cfa270ae67 ] Request (CredentialsTestJSON:setUpClass): 201 POST http://10.13.3.250:35357/v3/projects 0.028s[00m
2020-10-28 13:24:43.200 3178 INFO tempest.lib.common.rest_client [req-0ef56be2-ade9-4272-8bd5-d20a71aebaf8 ] Request (CredentialsTestJSON:setUpClass): 201 POST http://10.13.3.250:35357/v3/users 0.250s[00m
2020-10-28 13:24:43.219 3178 INFO tempest.lib.common.rest_client [req-a9c7dbfc-e9b6-4ab5-ab30-265d3d6f20aa ] Request (CredentialsTestJSON:setUpClass): 200 GET http://10.13.3.250:35357/v3/roles 0.017s[00m
2020-10-28 13:24:43.239 3178 INFO tempest.lib.common.rest_client [req-161de777-ba72-44c0-b0dc-7039771ed726 ] Request (CredentialsTestJSON:setUpClass): 200 GET http://10.13.3.250:35357/v3/roles 0.018s[00m
2020-10-28 13:24:43.271 3178 INFO tempest.lib.common.rest_client [req-6132962d-449f-483a-9315-ec60308086b8 ] Request (CredentialsTestJSON:setUpClass): 204 PUT http://10.13.3.250:35357/v3/projects/27f4e65f8bf64e6f8d8e810031ea9981/users/5388e7735a484347935a06e96508a319/roles/639bc00bafb04403aa590b2815c71db4 0.030s[00m
2020-10-28 13:24:43.275 3178 INFO tempest.lib.common.dynamic_creds [-] Acquired dynamic creds:
 credentials: Credentials: {'domain_id': '2c685f1bdbd54ce9aa047dfa3f556f8e', 'domain_name': 'admin_domain', 'username': 'tempest-CredentialsTestJSON-622890966', 'project_domain_id': '2c685f1bdbd54ce9aa047dfa3f556f8e', 'project_domain_name': 'admin_domain', 'project_id': '27f4e65f8bf64e6f8d8e810031ea9981', 'project_name': 'tempest-CredentialsTestJSON-622890966', 'tenant_id': '27f4e65f8bf64e6f8d8e810031ea9981', 'tenant_name': 'tempest-CredentialsTestJSON-622890966', 'user_domain_id': '2c685f1bdbd54ce9aa047dfa3f556f8e', 'user_domain_name': 'admin_domain', 'user_id': '5388e7735a484347935a06e96508a319'}, Network: None, Subnet: None, Router: None[00m
2020-10-28 13:24:43.276 3178 INFO tempest.lib.common.dynamic_creds [-] Created isolated network resources for:
 credentials: Credentials: {'domain_id': '2c685f1bdbd54ce9aa047dfa3f556f8e', 'domain_name': 'admin_domain', 'username': 'tempest-CredentialsTestJSON-622890966', 'project_domain_id': '2c685f1bdbd54ce9aa047dfa3f556f8e', 'project_domain_name': 'admin_domain', 'project_id': '27f4e65f8bf64e6f8d8e810031ea9981', 'project_name': 'tempest-CredentialsTestJSON-622890966', 'tenant_id': '27f4e65f8bf64e6f8d8e810031ea9981', 'tenant_name': 'tempest-CredentialsTestJSON-622890966', 'user_domain_id': '2c685f1bdbd54ce9aa047dfa3f556f8e', 'user_domain_name': 'admin_domain', 'user_id': '5388e7735a484347935a06e96508a319'}, Network: None, Subnet: None, Router: None[00m
2020-10-28 13:24:43.568 3178 INFO tempest.lib.common.rest_client [req-af6a6e1e-714b-4763-9d6f-5fde5c5d7944 ] Request (CredentialsTestJSON:setUpClass): 201 POST http://10.13.3.250:5000/v3/auth/tokens 0.282s[00m
2020-10-28 13:24:43.609 3175 INFO tempest.lib.common.rest_client [req-61a519b1-ac28-43c1-9386-ddb2490b4e13 ] Request (ServersTestJSON:setUpClass): 200 PUT http://10.13.3.192:9696/v2.0/floatingips/511fe156-6c11-44e0-8c63-b8fee85d208d 0.692s[00m
2020-10-28 13:24:43.611 3178 INFO tempest.lib.common.rest_client [req-f1310cd0-e512-4e08-ad2f-e8a6699f4026 ] Request (CredentialsTestJSON:setUpClass): 201 POST http://10.13.3.250:35357/v3/projects 0.042s[00m
2020-10-28 13:24:43.753 3175 INFO tempest.lib.common.rest_client [req-b4362bc3-8f1d-4d03-9251-de7bff7a1bf3 ] Request (ServersTestJSON:setUpClass): 200 GET http://10.13.3.195:8774/v2.1/servers/a7ddd1bb-73b3-443b-bb88-9d427f038f63 0.143s[00m
2020-10-28 13:24:43.856 3175 INFO tempest.lib.common.rest_client [req-5d337a1f-eb8f-478e-a6ed-9874d4491ea5 ] Request (ServersTestJSON:test_list_servers): 200 GET http://10.13.3.195:8774/v2.1/servers 0.098s[00m
{0} tempest.api.compute.servers.test_create_server.ServersTestJSON.test_list_servers [0.101035s] ... ok
{0} tempest.api.compute.servers.test_create_server.ServersTestJSON.test_verify_server_details [0.000495s] ... ok
2020-10-28 13:24:43.865 3178 INFO tempest.lib.common.rest_client [req-8d4525b9-88e4-4545-b328-129be6726afa ] Request (CredentialsTestJSON:setUpClass): 201 POST http://10.13.3.250:35357/v3/users 0.253s[00m
2020-10-28 13:24:43.883 3178 INFO tempest.lib.common.rest_client [req-a52ea4d8-719b-4dd3-af0c-0455f83eeb03 ] Request (CredentialsTestJSON:setUpClass): 200 GET http://10.13.3.250:35357/v3/roles 0.017s[00m
2020-10-28 13:24:43.915 3178 INFO tempest.lib.common.rest_client [req-ad7eb6bc-bad2-4243-93e6-570beed32596 ] Request (CredentialsTestJSON:setUpClass): 204 PUT http://10.13.3.250:35357/v3/projects/f08547d524eb475594798d243fed5582/users/d6531a829a9a42b0b7363faf65cc8130/roles/3576053d19e24a6abe03bcbd1449a01f 0.031s[00m
2020-10-28 13:24:43.950 3178 INFO tempest.lib.common.rest_client [req-49e8845e-c330-4cd9-9f8c-3d5782f68877 ] Request (CredentialsTestJSON:setUpClass): 200 GET http://10.13.3.250:35357/v3/roles 0.035s[00m
2020-10-28 13:24:43.954 3175 INFO tempest.lib.common.rest_client [req-cb668788-81f7-4e83-a67f-9b427623f3f3 ] Request (ServersTestJSON:tearDownClass): 204 DELETE http://10.13.3.195:8774/v2.1/servers/a7ddd1bb-73b3-443b-bb88-9d427f038f63 0.093s[00m
2020-10-28 13:24:43.970 3178 INFO tempest.lib.common.rest_client [req-0fb20de5-744e-455f-9287-42542b3d736b ] Request (CredentialsTestJSON:setUpClass): 204 PUT http://10.13.3.250:35357/v3/domains/2c685f1bdbd54ce9aa047dfa3f556f8e/users/d6531a829a9a42b0b7363faf65cc8130/roles/3576053d19e24a6abe03bcbd1449a01f 0.019s[00m
2020-10-28 13:24:43.970 3178 INFO tempest.lib.common.dynamic_creds [-] Acquired dynamic creds:
 credentials: Credentials: {'domain_id': '2c685f1bdbd54ce9aa047dfa3f556f8e', 'domain_name': 'admin_domain', 'username': 'tempest-CredentialsTestJSON-369513048', 'project_domain_id': '2c685f1bdbd54ce9aa047dfa3f556f8e', 'project_domain_name': 'admin_domain', 'project_id': 'f08547d524eb475594798d243fed5582', 'project_name': 'tempest-CredentialsTestJSON-369513048', 'tenant_id': 'f08547d524eb475594798d243fed5582', 'tenant_name': 'tempest-CredentialsTestJSON-369513048', 'user_domain_id': '2c685f1bdbd54ce9aa047dfa3f556f8e', 'user_domain_name': 'admin_domain', 'user_id': 'd6531a829a9a42b0b7363faf65cc8130'}, Network: None, Subnet: None, Router: None[00m
2020-10-28 13:24:43.971 3178 INFO tempest.lib.common.dynamic_creds [-] Created isolated network resources for:
 credentials: Credentials: {'domain_id': '2c685f1bdbd54ce9aa047dfa3f556f8e', 'domain_name': 'admin_domain', 'username': 'tempest-CredentialsTestJSON-369513048', 'project_domain_id': '2c685f1bdbd54ce9aa047dfa3f556f8e', 'project_domain_name': 'admin_domain', 'project_id': 'f08547d524eb475594798d243fed5582', 'project_name': 'tempest-CredentialsTestJSON-369513048', 'tenant_id': 'f08547d524eb475594798d243fed5582', 'tenant_name': 'tempest-CredentialsTestJSON-369513048', 'user_domain_id': '2c685f1bdbd54ce9aa047dfa3f556f8e', 'user_domain_name': 'admin_domain', 'user_id': 'd6531a829a9a42b0b7363faf65cc8130'}, Network: None, Subnet: None, Router: None[00m
2020-10-28 13:24:44.054 3175 INFO tempest.lib.common.rest_client [req-f50a7597-6b3a-443c-8790-7752851c5430 ] Request (ServersTestJSON:tearDownClass): 200 GET http://10.13.3.195:8774/v2.1/servers/a7ddd1bb-73b3-443b-bb88-9d427f038f63 0.100s[00m
2020-10-28 13:24:44.254 3178 INFO tempest.lib.common.rest_client [req-46eb48d8-7aef-4053-9240-9c31cf554835 ] Request (CredentialsTestJSON:setUpClass): 201 POST http://10.13.3.250:5000/v3/auth/tokens 0.278s[00m
2020-10-28 13:24:44.509 3178 INFO tempest.lib.common.rest_client [req-6265339b-045a-40b3-8d01-b7c6ee6065be ] Request (CredentialsTestJSON:setUpClass): 201 POST http://10.13.3.250:5000/v3/auth/tokens 0.254s[00m
2020-10-28 13:24:44.537 3178 INFO tempest.lib.common.rest_client [req-dd680984-189e-4ee6-8b84-09ca7399b762 ] Request (CredentialsTestJSON:setUpClass): 201 POST http://10.13.3.250:35357/v3/projects 0.027s[00m
2020-10-28 13:24:44.582 3178 INFO tempest.lib.common.rest_client [req-b2618679-ade9-4bdd-849a-81f2ba1b84b8 ] Request (CredentialsTestJSON:setUpClass): 201 POST http://10.13.3.250:35357/v3/projects 0.044s[00m
2020-10-28 13:24:44.611 3178 INFO tempest.lib.common.rest_client [req-ad9ec2f7-da4b-49f1-aed5-eb2ae7aa9ecb ] Request (CredentialsTestJSON:setUpClass): 200 GET http://10.13.3.250:35357/v3/users/5388e7735a484347935a06e96508a319 0.028s[00m
2020-10-28 13:24:44.632 3178 INFO tempest.lib.common.rest_client [req-4a836ccd-67ac-4bd8-bd5d-f16cbc741c82 ] Request (CredentialsTestJSON:test_credentials_create_get_update_delete): 201 POST http://10.13.3.250:35357/v3/credentials 0.020s[00m
2020-10-28 13:24:44.657 3178 INFO tempest.lib.common.rest_client [req-477d84b3-1251-4b1c-86f6-7cdbc3757bd1 ] Request (CredentialsTestJSON:test_credentials_create_get_update_delete): 200 PATCH http://10.13.3.250:35357/v3/credentials/f80ba9639e709a91a5872e9f490f9d5fd522ed125a57376f1544cc0744a3f8de 0.024s[00m
2020-10-28 13:24:44.671 3178 INFO tempest.lib.common.rest_client [req-f9dbc29b-f948-4fa7-8fb4-27380b46185b ] Request (CredentialsTestJSON:test_credentials_create_get_update_delete): 200 GET http://10.13.3.250:35357/v3/credentials/f80ba9639e709a91a5872e9f490f9d5fd522ed125a57376f1544cc0744a3f8de 0.013s[00m
2020-10-28 13:24:44.692 3178 INFO tempest.lib.common.rest_client [req-4a7f7e21-30bd-4092-b4d2-d551181b5c01 ] Request (CredentialsTestJSON:_run_cleanups): 204 DELETE http://10.13.3.250:35357/v3/credentials/f80ba9639e709a91a5872e9f490f9d5fd522ed125a57376f1544cc0744a3f8de 0.021s[00m
{1} tempest.api.identity.admin.v3.test_credentials.CredentialsTestJSON.test_credentials_create_get_update_delete [0.081256s] ... ok
2020-10-28 13:24:44.752 3178 INFO tempest.lib.common.rest_client [req-556c8d9e-35a0-4929-8547-f33620b1b520 ] Request (CredentialsTestJSON:tearDownClass): 204 DELETE http://10.13.3.250:35357/v3/projects/2fe4f6321a354441a4c9af5435db80af 0.058s[00m
2020-10-28 13:24:44.821 3178 INFO tempest.lib.common.rest_client [req-78c2b7c8-6713-414e-9b15-3c179b241d34 ] Request (CredentialsTestJSON:tearDownClass): 204 DELETE http://10.13.3.250:35357/v3/projects/eda814ae6d094e7b9ecabfd0610f91fd 0.069s[00m
2020-10-28 13:24:44.897 3178 INFO tempest.lib.common.rest_client [req-9a8fe19f-3576-4f80-a8ee-1653f7b45338 ] Request (CredentialsTestJSON:tearDownClass): 204 DELETE http://10.13.3.250:35357/v3/users/5388e7735a484347935a06e96508a319 0.075s[00m
2020-10-28 13:24:45.177 3178 INFO tempest.lib.common.rest_client [req-574c01f5-4ed2-4f9f-b073-574a3b32dec5 ] Request (CredentialsTestJSON:tearDownClass): 201 POST http://10.13.3.250:5000/v3/auth/tokens 0.277s[00m
2020-10-28 13:24:45.236 3175 INFO tempest.lib.common.rest_client [req-28a7f412-3d75-4c11-b1f4-f90b2f08e391 ] Request (ServersTestJSON:tearDownClass): 200 GET http://10.13.3.195:8774/v2.1/servers/a7ddd1bb-73b3-443b-bb88-9d427f038f63 0.174s[00m
2020-10-28 13:24:45.343 3178 INFO tempest.lib.common.rest_client [req-df341628-2b05-4f8c-8740-89ac95fcbd41 ] Request (CredentialsTestJSON:tearDownClass): 200 GET http://10.13.3.192:9696/v2.0/security-groups?tenant_id=27f4e65f8bf64e6f8d8e810031ea9981&name=default 0.160s[00m
2020-10-28 13:24:45.416 3178 INFO tempest.lib.common.rest_client [req-2f0488a3-0dee-4d2f-8bbd-0d1d5f704ffd ] Request (CredentialsTestJSON:tearDownClass): 204 DELETE http://10.13.3.192:9696/v2.0/security-groups/efa3f4f1-8774-433a-8427-ac4ede604e1e 0.072s[00m
2020-10-28 13:24:45.486 3178 INFO tempest.lib.common.rest_client [req-977ae4b4-e900-4052-b3c6-2bddb41c2f53 ] Request (CredentialsTestJSON:tearDownClass): 204 DELETE http://10.13.3.250:35357/v3/projects/27f4e65f8bf64e6f8d8e810031ea9981 0.070s[00m
2020-10-28 13:24:45.571 3178 INFO tempest.lib.common.rest_client [req-2972007d-9781-41be-acd7-a780cd290dfa ] Request (CredentialsTestJSON:tearDownClass): 204 DELETE http://10.13.3.250:35357/v3/users/d6531a829a9a42b0b7363faf65cc8130 0.084s[00m
2020-10-28 13:24:45.652 3178 INFO tempest.lib.common.rest_client [req-28403fce-37c9-4d33-ad6e-eb2d5e2c8a4c ] Request (CredentialsTestJSON:tearDownClass): 200 GET http://10.13.3.192:9696/v2.0/security-groups?tenant_id=f08547d524eb475594798d243fed5582&name=default 0.080s[00m
2020-10-28 13:24:45.782 3178 INFO tempest.lib.common.rest_client [req-80aaa11f-71cf-4e11-968d-c0887a0b54d4 ] Request (CredentialsTestJSON:tearDownClass): 204 DELETE http://10.13.3.192:9696/v2.0/security-groups/9021d7f4-275e-406e-932b-b90ee018322f 0.129s[00m
2020-10-28 13:24:45.853 3178 INFO tempest.lib.common.rest_client [req-3f6ad8d7-e5e5-4744-8bc1-f1594c5039f1 ] Request (CredentialsTestJSON:tearDownClass): 204 DELETE http://10.13.3.250:35357/v3/projects/f08547d524eb475594798d243fed5582 0.070s[00m
2020-10-28 13:24:46.115 3178 INFO tempest.lib.common.rest_client [req-9851039a-c25e-4ece-8efc-14b97d66e1d3 ] Request (DomainsTestJSON:setUpClass): 201 POST http://10.13.3.250:5000/v3/auth/tokens 0.261s[00m
2020-10-28 13:24:46.289 3175 INFO tempest.lib.common.rest_client [req-0bf0e867-ec70-41db-a1e6-08336c10f4af ] Request (ServersTestJSON:tearDownClass): 404 GET http://10.13.3.195:8774/v2.1/servers/a7ddd1bb-73b3-443b-bb88-9d427f038f63 0.046s[00m
2020-10-28 13:24:46.315 3175 INFO tempest.lib.common.rest_client [req-064d0a0c-0a32-4523-b476-16bd7e55d272 ] Request (ServersTestJSON:tearDownClass): 202 DELETE http://10.13.3.195:8774/v2.1/os-keypairs/tempest-keypair-767989366 0.023s[00m
2020-10-28 13:24:46.374 3178 INFO tempest.lib.common.rest_client [req-e09e40f7-e57d-4f4d-8ccb-7fd36f0ba50a ] Request (DomainsTestJSON:setUpClass): 201 POST http://10.13.3.250:5000/v3/auth/tokens 0.251s[00m
2020-10-28 13:24:46.398 3178 INFO tempest.lib.common.rest_client [req-b847b37e-e43e-4338-8898-f6dc42e3b201 ] Request (DomainsTestJSON:setUpClass): 200 GET http://10.13.3.250:35357/v3/domains?name=admin_domain 0.020s[00m
2020-10-28 13:24:46.401 3175 INFO tempest.lib.common.rest_client [req-e864f3a5-56be-4980-bf9b-e0429f9fabdc ] Request (ServersTestJSON:tearDownClass): 204 DELETE http://10.13.3.192:9696/v2.0/security-groups/ab942561-4fd4-46e4-8dec-bab257ba92ad 0.084s[00m
2020-10-28 13:24:46.416 3175 INFO tempest.lib.common.rest_client [req-567dfee9-06ee-4245-b291-545311fd8db3 ] Request (ServersTestJSON:tearDownClass): 404 GET http://10.13.3.192:9696/v2.0/security-groups/ab942561-4fd4-46e4-8dec-bab257ba92ad 0.012s[00m
2020-10-28 13:24:46.424 3178 INFO tempest.lib.common.rest_client [req-3de1952e-9832-4c10-8995-798ab9015ee9 ] Request (DomainsTestJSON:setUpClass): 201 POST http://10.13.3.250:35357/v3/projects 0.025s[00m
2020-10-28 13:24:46.672 3178 INFO tempest.lib.common.rest_client [req-544b914c-de89-42fb-883c-20fdc2205e75 ] Request (DomainsTestJSON:setUpClass): 201 POST http://10.13.3.250:35357/v3/users 0.248s[00m
2020-10-28 13:24:46.707 3178 INFO tempest.lib.common.rest_client [req-06f58c7f-c835-4e39-b08d-49129a710e02 ] Request (DomainsTestJSON:setUpClass): 200 GET http://10.13.3.250:35357/v3/roles 0.034s[00m
2020-10-28 13:24:46.723 3178 INFO tempest.lib.common.rest_client [req-7d5385b6-4023-421a-8298-2e32c84f1ffc ] Request (DomainsTestJSON:setUpClass): 200 GET http://10.13.3.250:35357/v3/roles 0.016s[00m
2020-10-28 13:24:46.740 3175 INFO tempest.lib.common.rest_client [req-cb54a409-7326-4eab-88dc-6cfe3c52fe3a ] Request (ServersTestJSON:tearDownClass): 204 DELETE http://10.13.3.192:9696/v2.0/floatingips/511fe156-6c11-44e0-8c63-b8fee85d208d 0.322s[00m
2020-10-28 13:24:46.762 3178 INFO tempest.lib.common.rest_client [req-58fa180f-3e8d-4fc7-8a7d-25c95b08c4c6 ] Request (DomainsTestJSON:setUpClass): 204 PUT http://10.13.3.250:35357/v3/projects/44a4d025bbf44cb8b192406feb844f71/users/99cc652d1a4e438a8e50c205862d1e19/roles/639bc00bafb04403aa590b2815c71db4 0.036s[00m
2020-10-28 13:24:46.762 3178 INFO tempest.lib.common.dynamic_creds [-] Acquired dynamic creds:
 credentials: Credentials: {'domain_id': '2c685f1bdbd54ce9aa047dfa3f556f8e', 'domain_name': 'admin_domain', 'username': 'tempest-DomainsTestJSON-372204489', 'project_domain_id': '2c685f1bdbd54ce9aa047dfa3f556f8e', 'project_domain_name': 'admin_domain', 'project_id': '44a4d025bbf44cb8b192406feb844f71', 'project_name': 'tempest-DomainsTestJSON-372204489', 'tenant_id': '44a4d025bbf44cb8b192406feb844f71', 'tenant_name': 'tempest-DomainsTestJSON-372204489', 'user_domain_id': '2c685f1bdbd54ce9aa047dfa3f556f8e', 'user_domain_name': 'admin_domain', 'user_id': '99cc652d1a4e438a8e50c205862d1e19'}, Network: None, Subnet: None, Router: None[00m
2020-10-28 13:24:46.763 3178 INFO tempest.lib.common.dynamic_creds [-] Created isolated network resources for:
 credentials: Credentials: {'domain_id': '2c685f1bdbd54ce9aa047dfa3f556f8e', 'domain_name': 'admin_domain', 'username': 'tempest-DomainsTestJSON-372204489', 'project_domain_id': '2c685f1bdbd54ce9aa047dfa3f556f8e', 'project_domain_name': 'admin_domain', 'project_id': '44a4d025bbf44cb8b192406feb844f71', 'project_name': 'tempest-DomainsTestJSON-372204489', 'tenant_id': '44a4d025bbf44cb8b192406feb844f71', 'tenant_name': 'tempest-DomainsTestJSON-372204489', 'user_domain_id': '2c685f1bdbd54ce9aa047dfa3f556f8e', 'user_domain_name': 'admin_domain', 'user_id': '99cc652d1a4e438a8e50c205862d1e19'}, Network: None, Subnet: None, Router: None[00m
2020-10-28 13:24:47.035 3178 INFO tempest.lib.common.rest_client [req-986d2ff6-e04e-4abe-99c1-ff3a4c285dd8 ] Request (DomainsTestJSON:setUpClass): 201 POST http://10.13.3.250:5000/v3/auth/tokens 0.267s[00m
2020-10-28 13:24:47.081 3178 INFO tempest.lib.common.rest_client [req-a009e5f1-b512-4ef1-a750-ca7d7f2ea880 ] Request (DomainsTestJSON:setUpClass): 201 POST http://10.13.3.250:35357/v3/projects 0.046s[00m
2020-10-28 13:24:47.334 3178 INFO tempest.lib.common.rest_client [req-4ed14d18-6bdf-49ab-ad7a-3e5e31498b00 ] Request (DomainsTestJSON:setUpClass): 201 POST http://10.13.3.250:35357/v3/users 0.252s[00m
2020-10-28 13:24:47.351 3178 INFO tempest.lib.common.rest_client [req-d39eeb94-9c24-4c87-8d07-3fd8e71cd599 ] Request (DomainsTestJSON:setUpClass): 200 GET http://10.13.3.250:35357/v3/roles 0.017s[00m
2020-10-28 13:24:47.385 3178 INFO tempest.lib.common.rest_client [req-cc5fc778-adf8-4cab-8e2b-12f5ee5f2947 ] Request (DomainsTestJSON:setUpClass): 204 PUT http://10.13.3.250:35357/v3/projects/7ab5acc79a5f4daebfee8dac8ed6bb1f/users/8561d39eb09e4c56ae77b9eca704baf5/roles/3576053d19e24a6abe03bcbd1449a01f 0.033s[00m
2020-10-28 13:24:47.419 3178 INFO tempest.lib.common.rest_client [req-d20fc8f1-f625-41a8-b9ca-176012e3ead0 ] Request (DomainsTestJSON:setUpClass): 200 GET http://10.13.3.250:35357/v3/roles 0.033s[00m
2020-10-28 13:24:47.439 3178 INFO tempest.lib.common.rest_client [req-ded990b7-3e55-4d3b-bf36-31158bb88147 ] Request (DomainsTestJSON:setUpClass): 204 PUT http://10.13.3.250:35357/v3/domains/2c685f1bdbd54ce9aa047dfa3f556f8e/users/8561d39eb09e4c56ae77b9eca704baf5/roles/3576053d19e24a6abe03bcbd1449a01f 0.019s[00m
2020-10-28 13:24:47.443 3178 INFO tempest.lib.common.dynamic_creds [-] Acquired dynamic creds:
 credentials: Credentials: {'domain_id': '2c685f1bdbd54ce9aa047dfa3f556f8e', 'domain_name': 'admin_domain', 'username': 'tempest-DomainsTestJSON-460568963', 'project_domain_id': '2c685f1bdbd54ce9aa047dfa3f556f8e', 'project_domain_name': 'admin_domain', 'project_id': '7ab5acc79a5f4daebfee8dac8ed6bb1f', 'project_name': 'tempest-DomainsTestJSON-460568963', 'tenant_id': '7ab5acc79a5f4daebfee8dac8ed6bb1f', 'tenant_name': 'tempest-DomainsTestJSON-460568963', 'user_domain_id': '2c685f1bdbd54ce9aa047dfa3f556f8e', 'user_domain_name': 'admin_domain', 'user_id': '8561d39eb09e4c56ae77b9eca704baf5'}, Network: None, Subnet: None, Router: None[00m
2020-10-28 13:24:47.444 3178 INFO tempest.lib.common.dynamic_creds [-] Created isolated network resources for:
 credentials: Credentials: {'domain_id': '2c685f1bdbd54ce9aa047dfa3f556f8e', 'domain_name': 'admin_domain', 'username': 'tempest-DomainsTestJSON-460568963', 'project_domain_id': '2c685f1bdbd54ce9aa047dfa3f556f8e', 'project_domain_name': 'admin_domain', 'project_id': '7ab5acc79a5f4daebfee8dac8ed6bb1f', 'project_name': 'tempest-DomainsTestJSON-460568963', 'tenant_id': '7ab5acc79a5f4daebfee8dac8ed6bb1f', 'tenant_name': 'tempest-DomainsTestJSON-460568963', 'user_domain_id': '2c685f1bdbd54ce9aa047dfa3f556f8e', 'user_domain_name': 'admin_domain', 'user_id': '8561d39eb09e4c56ae77b9eca704baf5'}, Network: None, Subnet: None, Router: None[00m
2020-10-28 13:24:47.726 3178 INFO tempest.lib.common.rest_client [req-6b6d836b-e20c-4fc0-81c8-b8c03d5cd600 ] Request (DomainsTestJSON:setUpClass): 201 POST http://10.13.3.250:5000/v3/auth/tokens 0.270s[00m
2020-10-28 13:24:47.901 3175 INFO tempest.lib.common.rest_client [req-5d29f2ca-915c-4f94-b9c4-100e945d7fe2 ] Request (ServersTestJSON:tearDownClass): 200 PUT http://10.13.3.192:9696/v2.0/routers/a3b9b531-bc6d-463d-b907-c0a2d635a9e0/remove_router_interface 1.160s[00m
2020-10-28 13:24:47.976 3178 INFO tempest.lib.common.rest_client [req-3251e8be-870c-468b-b58f-2731f754dbea ] Request (DomainsTestJSON:setUpClass): 201 POST http://10.13.3.250:5000/v3/auth/tokens 0.248s[00m
2020-10-28 13:24:48.005 3178 INFO tempest.lib.common.rest_client [req-3b46d583-f8fd-470a-a8b0-4048738977ea ] Request (DomainsTestJSON:setUpClass): 201 POST http://10.13.3.250:35357/v3/domains 0.026s[00m
2020-10-28 13:24:48.054 3178 INFO tempest.lib.common.rest_client [req-f110e3ec-53af-4101-bcf5-21c23dc32311 ] Request (DomainsTestJSON:setUpClass): 201 POST http://10.13.3.250:35357/v3/domains 0.048s[00m
2020-10-28 13:24:48.101 3178 INFO tempest.lib.common.rest_client [req-836e40e5-6240-4a7c-94aa-bacdd7a8a4e8 ] Request (DomainsTestJSON:setUpClass): 201 POST http://10.13.3.250:35357/v3/domains 0.046s[00m
2020-10-28 13:24:48.137 3178 INFO tempest.lib.common.rest_client [req-92beeff7-b2b3-4684-a9cc-994103b38820 ] Request (DomainsTestJSON:test_create_update_delete_domain): 201 POST http://10.13.3.250:35357/v3/domains 0.035s[00m
2020-10-28 13:24:48.193 3178 INFO tempest.lib.common.rest_client [req-4cc9b9f2-e2b6-41b6-a11e-825c9c6cf3d1 ] Request (DomainsTestJSON:test_create_update_delete_domain): 200 PATCH http://10.13.3.250:35357/v3/domains/5a33354dc9e84d6e98099286033a2def 0.055s[00m
2020-10-28 13:24:48.249 3178 INFO tempest.lib.common.rest_client [req-d20af642-c9b1-4153-96b1-8d673d7c4971 ] Request (DomainsTestJSON:test_create_update_delete_domain): 200 GET http://10.13.3.250:35357/v3/domains/5a33354dc9e84d6e98099286033a2def 0.054s[00m
2020-10-28 13:24:48.356 3178 INFO tempest.lib.common.rest_client [req-0f14448d-162c-406e-95a3-c618b9e86c28 ] Request (DomainsTestJSON:test_create_update_delete_domain): 204 DELETE http://10.13.3.250:35357/v3/domains/5a33354dc9e84d6e98099286033a2def 0.105s[00m
2020-10-28 13:24:48.420 3178 INFO tempest.lib.common.rest_client [req-baff5be1-49d1-474c-b8a5-3b423492f4d7 ] Request (DomainsTestJSON:test_create_update_delete_domain): 200 GET http://10.13.3.250:35357/v3/domains 0.061s[00m
2020-10-28 13:24:48.480 3178 INFO tempest.lib.common.rest_client [req-a9fb242a-30bd-45f3-bd62-cde3c03d45b0 ] Request (DomainsTestJSON:_run_cleanups): 404 PATCH http://10.13.3.250:35357/v3/domains/5a33354dc9e84d6e98099286033a2def 0.057s[00m
{1} tempest.api.identity.admin.v3.test_domains.DomainsTestJSON.test_create_update_delete_domain [0.381358s] ... ok
2020-10-28 13:24:48.572 3178 INFO tempest.lib.common.rest_client [req-c24acaa7-abb2-42ab-b9b3-b226dc4d5ef4 ] Request (DomainsTestJSON:tearDownClass): 200 PATCH http://10.13.3.250:35357/v3/domains/d0456c5939a84dceb11b0c1f13c3c568 0.084s[00m
2020-10-28 13:24:48.619 3175 INFO tempest.lib.common.rest_client [req-6600c988-4869-49cb-957d-6b53b162e9a3 ] Request (ServersTestJSON:tearDownClass): 204 DELETE http://10.13.3.192:9696/v2.0/routers/a3b9b531-bc6d-463d-b907-c0a2d635a9e0 0.717s[00m
2020-10-28 13:24:48.682 3178 INFO tempest.lib.common.rest_client [req-a7b0bc18-76da-4145-9fa5-2b2d9f871528 ] Request (DomainsTestJSON:tearDownClass): 204 DELETE http://10.13.3.250:35357/v3/domains/d0456c5939a84dceb11b0c1f13c3c568 0.108s[00m
2020-10-28 13:24:48.756 3178 INFO tempest.lib.common.rest_client [req-0b6a5232-596b-4a40-ae53-16c47fa67b6f ] Request (DomainsTestJSON:tearDownClass): 200 PATCH http://10.13.3.250:35357/v3/domains/4277a80bb03546d9a546c81bd12bda1d 0.072s[00m
2020-10-28 13:24:48.889 3178 INFO tempest.lib.common.rest_client [req-fa526f76-5753-4039-b666-46f5ac48fe44 ] Request (DomainsTestJSON:tearDownClass): 204 DELETE http://10.13.3.250:35357/v3/domains/4277a80bb03546d9a546c81bd12bda1d 0.131s[00m
2020-10-28 13:24:48.920 3175 INFO tempest.lib.common.rest_client [req-41963834-3191-4731-9f93-0dda1eae8a68 ] Request (ServersTestJSON:tearDownClass): 204 DELETE http://10.13.3.192:9696/v2.0/subnets/6c32719a-a853-41d5-8fb9-bf0eef2ffbf1 0.300s[00m
