2019-05-22 13:12:00.785 11981 INFO tempest.lib.common.rest_client [req-4c2aa6ed-2ae3-4dca-b056-927eed74adb1 ] Request (ExtensionsTestJSON:test_list_show_extensions): 200 GET <a href='http://10.13.3.198:9696/v2.0/extensions/l3-port-ip-change-not-allowed'>http://10.13.3.198:9696/v2.0/extensions/l3-port-ip-change-not-allowed</a> 0.005s[00m
2019-05-22 13:12:00.790 11981 INFO tempest.lib.common.rest_client [req-0e4672c7-3272-4ec2-8348-ad9212659039 ] Request (ExtensionsTestJSON:test_list_show_extensions): 200 GET <a href='http://10.13.3.198:9696/v2.0/extensions/l3_agent_scheduler'>http://10.13.3.198:9696/v2.0/extensions/l3_agent_scheduler</a> 0.005s[00m
2019-05-22 13:12:00.798 11981 INFO tempest.lib.common.rest_client [req-ff5f89b1-8929-4c89-b258-250ba08593c3 ] Request (ExtensionsTestJSON:test_list_show_extensions): 200 GET <a href='http://10.13.3.198:9696/v2.0/extensions/metering'>http://10.13.3.198:9696/v2.0/extensions/metering</a> 0.007s[00m
2019-05-22 13:12:00.803 11981 INFO tempest.lib.common.rest_client [req-15f6eba0-780c-4acd-84f7-7dfee7763eb4 ] Request (ExtensionsTestJSON:test_list_show_extensions): 200 GET <a href='http://10.13.3.198:9696/v2.0/extensions/multi-provider'>http://10.13.3.198:9696/v2.0/extensions/multi-provider</a> 0.005s[00m
2019-05-22 13:12:00.815 11981 INFO tempest.lib.common.rest_client [req-d17b1ab2-10ab-4c00-877d-81e54e0caadc ] Request (ExtensionsTestJSON:test_list_show_extensions): 200 GET <a href='http://10.13.3.198:9696/v2.0/extensions/net-mtu'>http://10.13.3.198:9696/v2.0/extensions/net-mtu</a> 0.010s[00m
2019-05-22 13:12:00.822 11981 INFO tempest.lib.common.rest_client [req-6488c36a-f7a7-4e41-83f2-f7365563b9c1 ] Request (ExtensionsTestJSON:test_list_show_extensions): 200 GET <a href='http://10.13.3.198:9696/v2.0/extensions/net-mtu-writable'>http://10.13.3.198:9696/v2.0/extensions/net-mtu-writable</a> 0.006s[00m
2019-05-22 13:12:00.830 11981 INFO tempest.lib.common.rest_client [req-e168d999-cef7-41b3-b0b5-77ee10c6d054 ] Request (ExtensionsTestJSON:test_list_show_extensions): 200 GET <a href='http://10.13.3.198:9696/v2.0/extensions/network_availability_zone'>http://10.13.3.198:9696/v2.0/extensions/network_availability_zone</a> 0.007s[00m
2019-05-22 13:12:00.836 11981 INFO tempest.lib.common.rest_client [req-062edd33-1aa6-4152-b2fd-0e748f6a4d26 ] Request (ExtensionsTestJSON:test_list_show_extensions): 200 GET <a href='http://10.13.3.198:9696/v2.0/extensions/network-ip-availability'>http://10.13.3.198:9696/v2.0/extensions/network-ip-availability</a> 0.005s[00m
2019-05-22 13:12:00.841 11981 INFO tempest.lib.common.rest_client [req-ed3ecda9-90e9-40ce-8389-a612b58715f2 ] Request (ExtensionsTestJSON:test_list_show_extensions): 200 GET <a href='http://10.13.3.198:9696/v2.0/extensions/pagination'>http://10.13.3.198:9696/v2.0/extensions/pagination</a> 0.004s[00m
2019-05-22 13:12:00.846 11981 INFO tempest.lib.common.rest_client [req-d9471ee8-25e5-47a2-8620-f5144e14bdac ] Request (ExtensionsTestJSON:test_list_show_extensions): 200 GET <a href='http://10.13.3.198:9696/v2.0/extensions/port-mac-address-regenerate'>http://10.13.3.198:9696/v2.0/extensions/port-mac-address-regenerate</a> 0.005s[00m
2019-05-22 13:12:00.854 11981 INFO tempest.lib.common.rest_client [req-55f6f3d5-c54b-49af-954a-b3a5cdf07576 ] Request (ExtensionsTestJSON:test_list_show_extensions): 200 GET <a href='http://10.13.3.198:9696/v2.0/extensions/binding'>http://10.13.3.198:9696/v2.0/extensions/binding</a> 0.008s[00m
2019-05-22 13:12:00.860 11981 INFO tempest.lib.common.rest_client [req-b4b87595-f55a-4398-8c28-34401d9d97b4 ] Request (ExtensionsTestJSON:test_list_show_extensions): 200 GET <a href='http://10.13.3.198:9696/v2.0/extensions/binding-extended'>http://10.13.3.198:9696/v2.0/extensions/binding-extended</a> 0.004s[00m
2019-05-22 13:12:00.866 11981 INFO tempest.lib.common.rest_client [req-8c43b244-346f-4f92-92d7-a6b1a3ea9a3b ] Request (ExtensionsTestJSON:test_list_show_extensions): 200 GET <a href='http://10.13.3.198:9696/v2.0/extensions/project-id'>http://10.13.3.198:9696/v2.0/extensions/project-id</a> 0.006s[00m
2019-05-22 13:12:00.874 11981 INFO tempest.lib.common.rest_client [req-bdb0a55e-3bd4-4933-b25f-1f912ec67120 ] Request (ExtensionsTestJSON:test_list_show_extensions): 200 GET <a href='http://10.13.3.198:9696/v2.0/extensions/provider'>http://10.13.3.198:9696/v2.0/extensions/provider</a> 0.007s[00m
2019-05-22 13:12:00.885 11981 INFO tempest.lib.common.rest_client [req-b6e87f50-2c74-4ea0-b4cc-e2e80d51c4ea ] Request (ExtensionsTestJSON:test_list_show_extensions): 200 GET <a href='http://10.13.3.198:9696/v2.0/extensions/quotas'>http://10.13.3.198:9696/v2.0/extensions/quotas</a> 0.008s[00m
2019-05-22 13:12:00.892 11981 INFO tempest.lib.common.rest_client [req-ed353ac7-8699-40f2-8601-3c50ae2008fe ] Request (ExtensionsTestJSON:test_list_show_extensions): 200 GET <a href='http://10.13.3.198:9696/v2.0/extensions/quota_details'>http://10.13.3.198:9696/v2.0/extensions/quota_details</a> 0.005s[00m
2019-05-22 13:12:00.899 11981 INFO tempest.lib.common.rest_client [req-1e6068e3-667a-445f-9d82-acb53b096822 ] Request (ExtensionsTestJSON:test_list_show_extensions): 200 GET <a href='http://10.13.3.198:9696/v2.0/extensions/rbac-policies'>http://10.13.3.198:9696/v2.0/extensions/rbac-policies</a> 0.005s[00m
2019-05-22 13:12:00.913 11981 INFO tempest.lib.common.rest_client [req-ecc1787e-c8e2-4737-8134-cca5e717742e ] Request (ExtensionsTestJSON:test_list_show_extensions): 200 GET <a href='http://10.13.3.198:9696/v2.0/extensions/rbac-security-groups'>http://10.13.3.198:9696/v2.0/extensions/rbac-security-groups</a> 0.013s[00m
2019-05-22 13:12:00.922 11981 INFO tempest.lib.common.rest_client [req-5da42983-45ba-442f-aa96-4f8810a1b59f ] Request (ExtensionsTestJSON:test_list_show_extensions): 200 GET <a href='http://10.13.3.198:9696/v2.0/extensions/revision-if-match'>http://10.13.3.198:9696/v2.0/extensions/revision-if-match</a> 0.008s[00m
2019-05-22 13:12:00.930 11981 INFO tempest.lib.common.rest_client [req-729c751c-e947-4300-bd6a-3bca2293e3aa ] Request (ExtensionsTestJSON:test_list_show_extensions): 200 GET <a href='http://10.13.3.198:9696/v2.0/extensions/standard-attr-revisions'>http://10.13.3.198:9696/v2.0/extensions/standard-attr-revisions</a> 0.007s[00m
2019-05-22 13:12:00.937 11981 INFO tempest.lib.common.rest_client [req-e95766b6-12cd-47a9-996b-70ad3cb3a1fd ] Request (ExtensionsTestJSON:test_list_show_extensions): 200 GET <a href='http://10.13.3.198:9696/v2.0/extensions/router_availability_zone'>http://10.13.3.198:9696/v2.0/extensions/router_availability_zone</a> 0.007s[00m
2019-05-22 13:12:00.944 11981 INFO tempest.lib.common.rest_client [req-8bc8586a-c1c7-4984-9218-f8fe79b11b5d ] Request (ExtensionsTestJSON:test_list_show_extensions): 200 GET <a href='http://10.13.3.198:9696/v2.0/extensions/port-security-groups-filtering'>http://10.13.3.198:9696/v2.0/extensions/port-security-groups-filtering</a> 0.006s[00m
2019-05-22 13:12:00.952 11981 INFO tempest.lib.common.rest_client [req-1a7429fd-d064-4cce-8890-77a67629c197 ] Request (ExtensionsTestJSON:test_list_show_extensions): 200 GET <a href='http://10.13.3.198:9696/v2.0/extensions/security-group'>http://10.13.3.198:9696/v2.0/extensions/security-group</a> 0.007s[00m
2019-05-22 13:12:00.962 11981 INFO tempest.lib.common.rest_client [req-df243ff6-50d2-4390-bf0a-d9091d0796af ] Request (ExtensionsTestJSON:test_list_show_extensions): 200 GET <a href='http://10.13.3.198:9696/v2.0/extensions/segment'>http://10.13.3.198:9696/v2.0/extensions/segment</a> 0.009s[00m
2019-05-22 13:12:00.973 11981 INFO tempest.lib.common.rest_client [req-e3c56ed2-b431-4c21-8743-456f3e371a08 ] Request (ExtensionsTestJSON:test_list_show_extensions): 200 GET <a href='http://10.13.3.198:9696/v2.0/extensions/segments-peer-subnet-host-routes'>http://10.13.3.198:9696/v2.0/extensions/segments-peer-subnet-host-routes</a> 0.009s[00m
2019-05-22 13:12:00.979 11981 INFO tempest.lib.common.rest_client [req-b85b6f79-bbaa-4871-9787-8d416d0b6894 ] Request (ExtensionsTestJSON:test_list_show_extensions): 200 GET <a href='http://10.13.3.198:9696/v2.0/extensions/service-type'>http://10.13.3.198:9696/v2.0/extensions/service-type</a> 0.005s[00m
2019-05-22 13:12:00.993 11981 INFO tempest.lib.common.rest_client [req-f4b15563-a939-49b7-92e4-00db0209c831 ] Request (ExtensionsTestJSON:test_list_show_extensions): 200 GET <a href='http://10.13.3.198:9696/v2.0/extensions/sorting'>http://10.13.3.198:9696/v2.0/extensions/sorting</a> 0.014s[00m
2019-05-22 13:12:01.002 11981 INFO tempest.lib.common.rest_client [req-8f5f927b-518a-4a4f-a9fb-fc7072a9d8bc ] Request (ExtensionsTestJSON:test_list_show_extensions): 200 GET <a href='http://10.13.3.198:9696/v2.0/extensions/standard-attr-segment'>http://10.13.3.198:9696/v2.0/extensions/standard-attr-segment</a> 0.008s[00m
2019-05-22 13:12:01.008 11981 INFO tempest.lib.common.rest_client [req-a79fbb0e-2ab7-498a-8fc2-dbcccbc168d1 ] Request (ExtensionsTestJSON:test_list_show_extensions): 200 GET <a href='http://10.13.3.198:9696/v2.0/extensions/standard-attr-description'>http://10.13.3.198:9696/v2.0/extensions/standard-attr-description</a> 0.005s[00m
2019-05-22 13:12:01.014 11981 INFO tempest.lib.common.rest_client [req-da435b78-6d0c-4374-b24e-a0cb3f355116 ] Request (ExtensionsTestJSON:test_list_show_extensions): 200 GET <a href='http://10.13.3.198:9696/v2.0/extensions/subnet_onboard'>http://10.13.3.198:9696/v2.0/extensions/subnet_onboard</a> 0.005s[00m
2019-05-22 13:12:01.019 11981 INFO tempest.lib.common.rest_client [req-67b3c740-06a0-4af0-bb40-976ee32a7139 ] Request (ExtensionsTestJSON:test_list_show_extensions): 200 GET <a href='http://10.13.3.198:9696/v2.0/extensions/subnet-segmentid-writable'>http://10.13.3.198:9696/v2.0/extensions/subnet-segmentid-writable</a> 0.005s[00m
2019-05-22 13:12:01.028 11981 INFO tempest.lib.common.rest_client [req-7919ca8d-c74b-44a7-80e7-11a503d4ebd5 ] Request (ExtensionsTestJSON:test_list_show_extensions): 200 GET <a href='http://10.13.3.198:9696/v2.0/extensions/subnet-service-types'>http://10.13.3.198:9696/v2.0/extensions/subnet-service-types</a> 0.008s[00m
2019-05-22 13:12:01.037 11981 INFO tempest.lib.common.rest_client [req-3cbaa384-6b2d-4321-9ff7-b4d096964276 ] Request (ExtensionsTestJSON:test_list_show_extensions): 200 GET <a href='http://10.13.3.198:9696/v2.0/extensions/subnet_allocation'>http://10.13.3.198:9696/v2.0/extensions/subnet_allocation</a> 0.008s[00m
2019-05-22 13:12:01.042 11981 INFO tempest.lib.common.rest_client [req-0618550d-73dc-41d3-b99c-c0a60dbb3c36 ] Request (ExtensionsTestJSON:test_list_show_extensions): 200 GET <a href='http://10.13.3.198:9696/v2.0/extensions/standard-attr-tag'>http://10.13.3.198:9696/v2.0/extensions/standard-attr-tag</a> 0.005s[00m
2019-05-22 13:12:01.047 11981 INFO tempest.lib.common.rest_client [req-4362fdfe-83bc-4a77-80f9-b884f3fca497 ] Request (ExtensionsTestJSON:test_list_show_extensions): 200 GET <a href='http://10.13.3.198:9696/v2.0/extensions/standard-attr-timestamp'>http://10.13.3.198:9696/v2.0/extensions/standard-attr-timestamp</a> 0.004s[00m
2019-05-22 13:12:01.054 11981 INFO tempest.lib.common.rest_client [req-e8e44b48-6010-4139-a748-ac559aa557ef ] Request (ExtensionsTestJSON:test_list_show_extensions): 200 GET <a href='http://10.13.3.198:9696/v2.0/extensions/fwaas_v2'>http://10.13.3.198:9696/v2.0/extensions/fwaas_v2</a> 0.005s[00m
2019-05-22 13:12:01.062 11981 INFO tempest.lib.common.rest_client [req-742668ee-15bb-4e8c-827b-c6b907586e4f ] Request (ExtensionsTestJSON:test_list_show_extensions): 200 GET <a href='http://10.13.3.198:9696/v2.0/extensions/bgp'>http://10.13.3.198:9696/v2.0/extensions/bgp</a> 0.008s[00m
2019-05-22 13:12:01.069 11981 INFO tempest.lib.common.rest_client [req-310fabd0-b35b-45b7-b3db-8fe6e771bfc0 ] Request (ExtensionsTestJSON:test_list_show_extensions): 200 GET <a href='http://10.13.3.198:9696/v2.0/extensions/bgp_4byte_asn'>http://10.13.3.198:9696/v2.0/extensions/bgp_4byte_asn</a> 0.006s[00m
2019-05-22 13:12:01.075 11981 INFO tempest.lib.common.rest_client [req-5cf195b2-9989-4136-9ed0-1e66f561fbc4 ] Request (ExtensionsTestJSON:test_list_show_extensions): 200 GET <a href='http://10.13.3.198:9696/v2.0/extensions/bgp_dragent_scheduler'>http://10.13.3.198:9696/v2.0/extensions/bgp_dragent_scheduler</a> 0.005s[00m
2019-05-22 13:12:01.081 11981 INFO tempest.lib.common.rest_client [req-b83d0384-bf1e-4021-8d9d-c4aa12f7eb64 ] Request (ExtensionsTestJSON:test_list_show_extensions): 200 GET <a href='http://10.13.3.198:9696/v2.0/extensions/hm_max_retries_down'>http://10.13.3.198:9696/v2.0/extensions/hm_max_retries_down</a> 0.005s[00m
2019-05-22 13:12:01.089 11981 INFO tempest.lib.common.rest_client [req-7c4805bb-4f5d-427f-8e4c-569c9ea8b861 ] Request (ExtensionsTestJSON:test_list_show_extensions): 200 GET <a href='http://10.13.3.198:9696/v2.0/extensions/l7'>http://10.13.3.198:9696/v2.0/extensions/l7</a> 0.007s[00m
2019-05-22 13:12:01.095 11981 INFO tempest.lib.common.rest_client [req-705a8ce6-140b-4c65-b445-ea418818c1aa ] Request (ExtensionsTestJSON:test_list_show_extensions): 200 GET <a href='http://10.13.3.198:9696/v2.0/extensions/lb-graph'>http://10.13.3.198:9696/v2.0/extensions/lb-graph</a> 0.005s[00m
2019-05-22 13:12:01.101 11981 INFO tempest.lib.common.rest_client [req-b675735b-0918-4ac7-9cdd-5777cd6c2d33 ] Request (ExtensionsTestJSON:test_list_show_extensions): 200 GET <a href='http://10.13.3.198:9696/v2.0/extensions/lb_network_vip'>http://10.13.3.198:9696/v2.0/extensions/lb_network_vip</a> 0.005s[00m
2019-05-22 13:12:01.108 11981 INFO tempest.lib.common.rest_client [req-05e76c13-dda4-4391-8123-ac382b545203 ] Request (ExtensionsTestJSON:test_list_show_extensions): 200 GET <a href='http://10.13.3.198:9696/v2.0/extensions/lbaas_agent_schedulerv2'>http://10.13.3.198:9696/v2.0/extensions/lbaas_agent_schedulerv2</a> 0.005s[00m
2019-05-22 13:12:01.117 11981 INFO tempest.lib.common.rest_client [req-567308a2-02f8-4063-beb8-8852847acee0 ] Request (ExtensionsTestJSON:test_list_show_extensions): 200 GET <a href='http://10.13.3.198:9696/v2.0/extensions/lbaasv2'>http://10.13.3.198:9696/v2.0/extensions/lbaasv2</a> 0.009s[00m
2019-05-22 13:12:01.124 11981 INFO tempest.lib.common.rest_client [req-0fb86db2-b57c-4138-9bd5-df54b60f3087 ] Request (ExtensionsTestJSON:test_list_show_extensions): 200 GET <a href='http://10.13.3.198:9696/v2.0/extensions/shared_pools'>http://10.13.3.198:9696/v2.0/extensions/shared_pools</a> 0.006s[00m
{0} tempest.api.network.test_extensions.ExtensionsTestJSON.test_list_show_extensions [0.596201s] ... ok
2019-05-22 13:12:01.198 11981 INFO tempest.lib.common.rest_client [req-a78b812a-4c66-476b-a3cd-2b529a8a5736 ] Request (ExtensionsTestJSON:tearDownClass): 204 DELETE <a href='http://10.13.3.206:35357/v3/users/6c2df850e67e40babdc066b67461c2eb'>http://10.13.3.206:35357/v3/users/6c2df850e67e40babdc066b67461c2eb</a> 0.072s[00m
2019-05-22 13:12:01.399 11984 INFO tempest.lib.common.rest_client [req-0e5ee52c-507a-4629-9994-ddabb6d925c4 ] Request (BulkNetworkOpsTest:_run_cleanups): 204 DELETE <a href='http://10.13.3.198:9696/v2.0/networks/7465d7c8-6520-4183-a982-79dfe58076a8'>http://10.13.3.198:9696/v2.0/networks/7465d7c8-6520-4183-a982-79dfe58076a8</a> 0.641s[00m
2019-05-22 13:12:01.466 11981 INFO tempest.lib.common.rest_client [req-e7b8f233-e33e-4fda-8ae6-7755841c732c ] Request (ExtensionsTestJSON:tearDownClass): 201 POST <a href='http://10.13.3.206:5000/v3/auth/tokens[00m'>http://10.13.3.206:5000/v3/auth/tokens[00m</a>
2019-05-22 13:12:01.613 11981 INFO tempest.lib.common.rest_client [req-ccf90552-d169-4317-bea0-3f43cd9fde1a ] Request (ExtensionsTestJSON:tearDownClass): 200 GET <a href='http://10.13.3.198:9696/v2.0/security-groups?tenant_id=c327d0311f5d456fbcfc709fb11fff29&name=default'>http://10.13.3.198:9696/v2.0/security-groups?tenant_id=c327d0311f5d456fbcfc709fb11fff29&amp;name=default</a> 0.146s[00m
2019-05-22 13:12:01.707 11981 INFO tempest.lib.common.rest_client [req-2f0f2130-c75e-4c64-b2f4-7a1a72866519 ] Request (ExtensionsTestJSON:tearDownClass): 204 DELETE <a href='http://10.13.3.198:9696/v2.0/security-groups/075bbdee-a080-4202-a0ca-656cdbe7e1bb'>http://10.13.3.198:9696/v2.0/security-groups/075bbdee-a080-4202-a0ca-656cdbe7e1bb</a> 0.093s[00m
2019-05-22 13:12:01.774 11981 INFO tempest.lib.common.rest_client [req-d3f5a540-8c83-4e8f-87dc-b80fe0d6d58a ] Request (ExtensionsTestJSON:tearDownClass): 204 DELETE <a href='http://10.13.3.206:35357/v3/projects/c327d0311f5d456fbcfc709fb11fff29'>http://10.13.3.206:35357/v3/projects/c327d0311f5d456fbcfc709fb11fff29</a> 0.066s[00m
{0} setUpClass (tempest.api.network.test_networks.BulkNetworkOpsIpV6Test) ... SKIPPED: IPv6 Tests are disabled.
{0} setUpClass (tempest.api.network.test_networks.NetworksIpV6Test) ... SKIPPED: IPv6 Tests are disabled.
2019-05-22 13:12:01.932 11984 INFO tempest.lib.common.rest_client [req-fcf9f722-d9ca-47a7-8bd1-a5542bc336e8 ] Request (BulkNetworkOpsTest:_run_cleanups): 204 DELETE <a href='http://10.13.3.198:9696/v2.0/networks/2b77e541-9e68-439a-856d-657de8c0566c'>http://10.13.3.198:9696/v2.0/networks/2b77e541-9e68-439a-856d-657de8c0566c</a> 0.532s[00m
2019-05-22 13:12:02.029 11984 INFO tempest.lib.common.rest_client [req-ce62d747-719b-4e86-b300-27abcdf9ee61 ] Request (BulkNetworkOpsTest:_run_cleanups): 200 GET <a href='http://10.13.3.198:9696/v2.0/networks'>http://10.13.3.198:9696/v2.0/networks</a> 0.096s[00m
{1} tempest.api.network.test_networks.BulkNetworkOpsTest.test_bulk_create_delete_network [1.653985s] ... ok
2019-05-22 13:12:02.058 11981 INFO tempest.lib.common.rest_client [req-6631b7ad-58a4-41af-894e-bd3bea22ff3c ] Request (NetworksTest:setUpClass): 201 POST <a href='http://10.13.3.206:5000/v3/auth/tokens[00m'>http://10.13.3.206:5000/v3/auth/tokens[00m</a>
2019-05-22 13:12:02.156 11984 INFO tempest.lib.common.rest_client [req-4924f7c9-a4cc-4b03-b824-286ac7c9ef18 ] Request (BulkNetworkOpsTest:test_bulk_create_delete_port): 201 POST <a href='http://10.13.3.198:9696/v2.0/networks'>http://10.13.3.198:9696/v2.0/networks</a> 0.125s[00m
2019-05-22 13:12:02.265 11984 INFO tempest.lib.common.rest_client [req-7ff24aa9-1885-4002-875b-ece3cf8e53b8 ] Request (BulkNetworkOpsTest:test_bulk_create_delete_port): 201 POST <a href='http://10.13.3.198:9696/v2.0/networks'>http://10.13.3.198:9696/v2.0/networks</a> 0.109s[00m
2019-05-22 13:12:02.324 11981 INFO tempest.lib.common.rest_client [req-0b5f435d-3e55-49e3-aa6d-fbe4579894a0 ] Request (NetworksTest:setUpClass): 201 POST <a href='http://10.13.3.206:5000/v3/auth/tokens[00m'>http://10.13.3.206:5000/v3/auth/tokens[00m</a>
2019-05-22 13:12:02.344 11981 INFO tempest.lib.common.rest_client [req-ed3821da-4bd6-48ae-ac59-fd5af44e1eda ] Request (NetworksTest:setUpClass): 200 GET <a href='http://10.13.3.206:35357/v3/domains?name=admin_domain'>http://10.13.3.206:35357/v3/domains?name=admin_domain</a> 0.019s[00m
2019-05-22 13:12:02.369 11981 INFO tempest.lib.common.rest_client [req-ceb99317-bd92-43a6-9e69-37658028bad0 ] Request (NetworksTest:setUpClass): 201 POST <a href='http://10.13.3.206:35357/v3/projects'>http://10.13.3.206:35357/v3/projects</a> 0.025s[00m
2019-05-22 13:12:02.620 11981 INFO tempest.lib.common.rest_client [req-ab33e059-92f7-4bda-82f3-3af12686a61b ] Request (NetworksTest:setUpClass): 201 POST <a href='http://10.13.3.206:35357/v3/users'>http://10.13.3.206:35357/v3/users</a> 0.250s[00m
2019-05-22 13:12:02.638 11981 INFO tempest.lib.common.rest_client [req-a65c4d46-d11d-4acc-bb0b-6daf1b1037ae ] Request (NetworksTest:setUpClass): 200 GET <a href='http://10.13.3.206:35357/v3/roles'>http://10.13.3.206:35357/v3/roles</a> 0.014s[00m
2019-05-22 13:12:02.658 11981 INFO tempest.lib.common.rest_client [req-71e810ff-5608-4251-b4f8-bb7e79d394fc ] Request (NetworksTest:setUpClass): 200 GET <a href='http://10.13.3.206:35357/v3/roles'>http://10.13.3.206:35357/v3/roles</a> 0.016s[00m
2019-05-22 13:12:02.690 11981 INFO tempest.lib.common.rest_client [req-312f28f0-ba72-468c-b00a-15f84c55e6b9 ] Request (NetworksTest:setUpClass): 204 PUT <a href='http://10.13.3.206:35357/v3/projects/d5efb17a2f164010a577d2748f2fd0f5/users/f19dfc4a9e3f42648186e23aef0670d9/roles/bd0daca4ac414c2bada69d729e0bcf75'>http://10.13.3.206:35357/v3/projects/d5efb17a2f164010a577d2748f2fd0f5/users/f19dfc4a9e3f42648186e23aef0670d9/roles/bd0daca4ac414c2bada69d729e0bcf75</a> 0.031s[00m
2019-05-22 13:12:02.691 11981 INFO tempest.lib.common.dynamic_creds [-] Acquired dynamic creds:
 credentials: Credentials: {'domain_id': '4b2ef0c2ed1c4c70a2b5f8e214d1c39f', 'domain_name': 'admin_domain', 'username': 'tempest-NetworksTest-843657139', 'project_domain_id': '4b2ef0c2ed1c4c70a2b5f8e214d1c39f', 'project_domain_name': 'admin_domain', 'project_id': 'd5efb17a2f164010a577d2748f2fd0f5', 'project_name': 'tempest-NetworksTest-843657139', 'tenant_id': 'd5efb17a2f164010a577d2748f2fd0f5', 'tenant_name': 'tempest-NetworksTest-843657139', 'user_domain_id': '4b2ef0c2ed1c4c70a2b5f8e214d1c39f', 'user_domain_name': 'admin_domain', 'user_id': 'f19dfc4a9e3f42648186e23aef0670d9'}, Network: None, Subnet: None, Router: None[00m
2019-05-22 13:12:02.691 11981 INFO tempest.lib.common.dynamic_creds [-] Created isolated network resources for:
 credentials: Credentials: {'domain_id': '4b2ef0c2ed1c4c70a2b5f8e214d1c39f', 'domain_name': 'admin_domain', 'username': 'tempest-NetworksTest-843657139', 'project_domain_id': '4b2ef0c2ed1c4c70a2b5f8e214d1c39f', 'project_domain_name': 'admin_domain', 'project_id': 'd5efb17a2f164010a577d2748f2fd0f5', 'project_name': 'tempest-NetworksTest-843657139', 'tenant_id': 'd5efb17a2f164010a577d2748f2fd0f5', 'tenant_name': 'tempest-NetworksTest-843657139', 'user_domain_id': '4b2ef0c2ed1c4c70a2b5f8e214d1c39f', 'user_domain_name': 'admin_domain', 'user_id': 'f19dfc4a9e3f42648186e23aef0670d9'}, Network: None, Subnet: None, Router: None[00m
2019-05-22 13:12:02.973 11984 INFO tempest.lib.common.rest_client [req-fe747ea6-9005-40c0-ad70-015c06cbc9ab ] Request (BulkNetworkOpsTest:test_bulk_create_delete_port): 201 POST <a href='http://10.13.3.198:9696/v2.0/ports'>http://10.13.3.198:9696/v2.0/ports</a> 0.706s[00m
2019-05-22 13:12:02.982 11981 INFO tempest.lib.common.rest_client [req-49b32882-88f5-4144-9109-ddd6309257aa ] Request (NetworksTest:setUpClass): 201 POST <a href='http://10.13.3.206:5000/v3/auth/tokens[00m'>http://10.13.3.206:5000/v3/auth/tokens[00m</a>
2019-05-22 13:12:03.033 11984 INFO tempest.lib.common.rest_client [req-05c93b1f-d84d-4b66-9ff4-bd00f8c949e1 ] Request (BulkNetworkOpsTest:test_bulk_create_delete_port): 200 GET <a href='http://10.13.3.198:9696/v2.0/ports'>http://10.13.3.198:9696/v2.0/ports</a> 0.059s[00m
2019-05-22 13:12:03.242 11981 INFO tempest.lib.common.rest_client [req-a2329a92-d053-4cdb-acf2-9edd8c19013f ] Request (NetworksTest:setUpClass): 201 POST <a href='http://10.13.3.198:9696/v2.0/networks'>http://10.13.3.198:9696/v2.0/networks</a> 0.259s[00m
2019-05-22 13:12:03.391 11984 INFO tempest.lib.common.rest_client [req-bbda2699-0cdf-4b02-9616-5b853c9ba712 ] Request (BulkNetworkOpsTest:_run_cleanups): 204 DELETE <a href='http://10.13.3.198:9696/v2.0/ports/95541b4a-ca3a-4740-ae4d-848acba1dc65'>http://10.13.3.198:9696/v2.0/ports/95541b4a-ca3a-4740-ae4d-848acba1dc65</a> 0.357s[00m
2019-05-22 13:12:03.692 11984 INFO tempest.lib.common.rest_client [req-52e04e86-2118-4491-88e3-c8eabc2d2e24 ] Request (BulkNetworkOpsTest:_run_cleanups): 204 DELETE <a href='http://10.13.3.198:9696/v2.0/ports/d1a8288b-d21a-4eff-acb3-deb47eb5aabf'>http://10.13.3.198:9696/v2.0/ports/d1a8288b-d21a-4eff-acb3-deb47eb5aabf</a> 0.300s[00m
2019-05-22 13:12:03.727 11984 INFO tempest.lib.common.rest_client [req-ba93933e-765d-4773-8e54-742ab3dce2d4 ] Request (BulkNetworkOpsTest:_run_cleanups): 200 GET <a href='http://10.13.3.198:9696/v2.0/ports'>http://10.13.3.198:9696/v2.0/ports</a> 0.035s[00m
{1} tempest.api.network.test_networks.BulkNetworkOpsTest.test_bulk_create_delete_port [1.698226s] ... ok
2019-05-22 13:12:03.842 11984 INFO tempest.lib.common.rest_client [req-5f2210a9-213e-4521-8090-28dcf07f14bb ] Request (BulkNetworkOpsTest:test_bulk_create_delete_subnet): 201 POST <a href='http://10.13.3.198:9696/v2.0/networks'>http://10.13.3.198:9696/v2.0/networks</a> 0.114s[00m
2019-05-22 13:12:03.960 11984 INFO tempest.lib.common.rest_client [req-d004638a-81e1-4a36-82b9-b4f5eac38759 ] Request (BulkNetworkOpsTest:test_bulk_create_delete_subnet): 201 POST <a href='http://10.13.3.198:9696/v2.0/networks'>http://10.13.3.198:9696/v2.0/networks</a> 0.117s[00m
2019-05-22 13:12:04.783 11981 INFO tempest.lib.common.rest_client [req-f8f61dc5-fc26-43af-a0d4-05b788969fb2 ] Request (NetworksTest:setUpClass): 201 POST <a href='http://10.13.3.198:9696/v2.0/subnets'>http://10.13.3.198:9696/v2.0/subnets</a> 0.571s[00m
2019-05-22 13:12:04.941 11981 INFO tempest.lib.common.rest_client [req-a2a3b44d-0494-4b36-b804-7bd398016faf ] Request (NetworksTest:test_create_update_delete_network_subnet): 201 POST <a href='http://10.13.3.198:9696/v2.0/networks'>http://10.13.3.198:9696/v2.0/networks</a> 0.157s[00m
2019-05-22 13:12:05.241 11981 INFO tempest.lib.common.rest_client [req-089b80ee-8bc0-4c65-b142-d2efc997176c ] Request (NetworksTest:test_create_update_delete_network_subnet): 200 PUT <a href='http://10.13.3.198:9696/v2.0/networks/b7164898-eeb8-46c8-9964-0b06162c2c46'>http://10.13.3.198:9696/v2.0/networks/b7164898-eeb8-46c8-9964-0b06162c2c46</a> 0.299s[00m
2019-05-22 13:12:06.106 11981 INFO tempest.lib.common.rest_client [req-c7266514-ed24-448d-a723-3a8efe4dd0c1 ] Request (NetworksTest:test_create_update_delete_network_subnet): 201 POST <a href='http://10.13.3.198:9696/v2.0/subnets'>http://10.13.3.198:9696/v2.0/subnets</a> 0.863s[00m
2019-05-22 13:12:06.215 11984 INFO tempest.lib.common.rest_client [req-4ee6dd20-43c9-4af3-9981-77e291248837 ] Request (BulkNetworkOpsTest:test_bulk_create_delete_subnet): 201 POST <a href='http://10.13.3.198:9696/v2.0/subnets'>http://10.13.3.198:9696/v2.0/subnets</a> 1.265s[00m
2019-05-22 13:12:06.265 11984 INFO tempest.lib.common.rest_client [req-73c6afc6-7196-4b7c-9e7c-c3056a14abac ] Request (BulkNetworkOpsTest:test_bulk_create_delete_subnet): 200 GET <a href='http://10.13.3.198:9696/v2.0/subnets'>http://10.13.3.198:9696/v2.0/subnets</a> 0.047s[00m
2019-05-22 13:12:06.549 11981 INFO tempest.lib.common.rest_client [req-71df6788-d63a-45fc-a3eb-eec370b7b629 ] Request (NetworksTest:test_create_update_delete_network_subnet): 200 PUT <a href='http://10.13.3.198:9696/v2.0/subnets/642167d2-2d7c-41de-9ebf-5c53685ec329'>http://10.13.3.198:9696/v2.0/subnets/642167d2-2d7c-41de-9ebf-5c53685ec329</a> 0.442s[00m
2019-05-22 13:12:06.647 11984 INFO tempest.lib.common.rest_client [req-2e8295e4-e8b9-43dd-ae27-ddf655ba25ba ] Request (BulkNetworkOpsTest:_run_cleanups): 204 DELETE <a href='http://10.13.3.198:9696/v2.0/subnets/6a619b36-6617-4414-80da-452d6edbc63a'>http://10.13.3.198:9696/v2.0/subnets/6a619b36-6617-4414-80da-452d6edbc63a</a> 0.373s[00m
2019-05-22 13:12:07.194 11984 INFO tempest.lib.common.rest_client [req-ee47d424-8e5d-4819-916e-0cc70256026d ] Request (BulkNetworkOpsTest:_run_cleanups): 204 DELETE <a href='http://10.13.3.198:9696/v2.0/subnets/711a1194-ca5d-49a3-9d35-308aa1d3ef06'>http://10.13.3.198:9696/v2.0/subnets/711a1194-ca5d-49a3-9d35-308aa1d3ef06</a> 0.546s[00m
2019-05-22 13:12:07.234 11984 INFO tempest.lib.common.rest_client [req-1504d547-82f0-446e-b308-020547a91f08 ] Request (BulkNetworkOpsTest:_run_cleanups): 200 GET <a href='http://10.13.3.198:9696/v2.0/subnets'>http://10.13.3.198:9696/v2.0/subnets</a> 0.040s[00m
{1} tempest.api.network.test_networks.BulkNetworkOpsTest.test_bulk_create_delete_subnet [3.506923s] ... ok
2019-05-22 13:12:08.126 11981 INFO tempest.lib.common.rest_client [req-76ca13af-7d95-41c1-a497-d7cb78a5a9f8 ] Request (NetworksTest:_run_cleanups): 204 DELETE <a href='http://10.13.3.198:9696/v2.0/networks/b7164898-eeb8-46c8-9964-0b06162c2c46'>http://10.13.3.198:9696/v2.0/networks/b7164898-eeb8-46c8-9964-0b06162c2c46</a> 1.576s[00m
{0} tempest.api.network.test_networks.NetworksTest.test_create_update_delete_network_subnet [3.342576s] ... ok
2019-05-22 13:12:08.145 11984 INFO tempest.lib.common.rest_client [req-2d4a6a0c-738b-4dbb-aceb-c15af9a601e8 ] Request (BulkNetworkOpsTest:tearDownClass): 204 DELETE <a href='http://10.13.3.198:9696/v2.0/networks/20a8bf86-335f-4b60-b14f-d81726f63e5c'>http://10.13.3.198:9696/v2.0/networks/20a8bf86-335f-4b60-b14f-d81726f63e5c</a> 0.909s[00m
2019-05-22 13:12:08.224 11981 INFO tempest.lib.common.rest_client [req-06e7a1f3-5561-4b92-a8e0-88807cdad071 ] Request (NetworksTest:test_external_network_visibility): 200 GET <a href='http://10.13.3.198:9696/v2.0/networks?router%3Aexternal=True'>http://10.13.3.198:9696/v2.0/networks?router%3Aexternal=True</a> 0.097s[00m
2019-05-22 13:12:08.279 11981 INFO tempest.lib.common.rest_client [req-8ad214c0-d9d6-46de-a0e1-1f409c6d26ff ] Request (NetworksTest:test_external_network_visibility): 200 GET <a href='http://10.13.3.198:9696/v2.0/subnets?network_id=2b3a54fa-3a58-42d6-99e7-27ec85780ff2'>http://10.13.3.198:9696/v2.0/subnets?network_id=2b3a54fa-3a58-42d6-99e7-27ec85780ff2</a> 0.050s[00m
{0} tempest.api.network.test_networks.NetworksTest.test_external_network_visibility [0.155153s] ... ok
2019-05-22 13:12:08.384 11981 INFO tempest.lib.common.rest_client [req-87c3136c-681d-4d3f-80e7-541cf8df807f ] Request (NetworksTest:test_list_networks): 200 GET <a href='http://10.13.3.198:9696/v2.0/networks'>http://10.13.3.198:9696/v2.0/networks</a> 0.100s[00m
{0} tempest.api.network.test_networks.NetworksTest.test_list_networks [0.103804s] ... ok
2019-05-22 13:12:08.466 11981 INFO tempest.lib.common.rest_client [req-ccc37494-0686-4c3c-a407-4686598068b1 ] Request (NetworksTest:test_list_subnets): 200 GET <a href='http://10.13.3.198:9696/v2.0/subnets'>http://10.13.3.198:9696/v2.0/subnets</a> 0.078s[00m
{0} tempest.api.network.test_networks.NetworksTest.test_list_subnets [0.081208s] ... ok
2019-05-22 13:12:08.627 11981 INFO tempest.lib.common.rest_client [req-662361ec-4bf4-48f5-a20c-53b2e83f801a ] Request (NetworksTest:test_show_network): 200 GET <a href='http://10.13.3.198:9696/v2.0/networks/ba68e7c2-b3fa-4b7d-8704-326a17a6f043'>http://10.13.3.198:9696/v2.0/networks/ba68e7c2-b3fa-4b7d-8704-326a17a6f043</a> 0.157s[00m
{0} tempest.api.network.test_networks.NetworksTest.test_show_network [0.159839s] ... ok
2019-05-22 13:12:08.674 11981 INFO tempest.lib.common.rest_client [req-23a3d50a-00c1-47b1-b0e2-be8f14c51912 ] Request (NetworksTest:test_show_subnet): 200 GET <a href='http://10.13.3.198:9696/v2.0/subnets/9a234d61-b987-4b52-bb0a-7c073eec2b1c'>http://10.13.3.198:9696/v2.0/subnets/9a234d61-b987-4b52-bb0a-7c073eec2b1c</a> 0.043s[00m
{0} tempest.api.network.test_networks.NetworksTest.test_show_subnet [0.045887s] ... ok
2019-05-22 13:12:08.704 11981 INFO tempest.lib.common.rest_client [req-f61ff054-0208-41c5-be7c-b4aada83a7f3 ] Request (NetworksTest:tearDownClass): 404 DELETE <a href='http://10.13.3.198:9696/v2.0/subnets/642167d2-2d7c-41de-9ebf-5c53685ec329'>http://10.13.3.198:9696/v2.0/subnets/642167d2-2d7c-41de-9ebf-5c53685ec329</a> 0.027s[00m
2019-05-22 13:12:08.729 11981 INFO tempest.lib.common.rest_client [req-65173113-ed25-4158-b8f3-2bc33aa8c497 ] Request (NetworksTest:tearDownClass): 404 DELETE <a href='http://10.13.3.198:9696/v2.0/networks/b7164898-eeb8-46c8-9964-0b06162c2c46'>http://10.13.3.198:9696/v2.0/networks/b7164898-eeb8-46c8-9964-0b06162c2c46</a> 0.023s[00m
2019-05-22 13:12:09.235 11984 INFO tempest.lib.common.rest_client [req-41819f78-c40d-44cf-84ff-ed134b833700 ] Request (BulkNetworkOpsTest:tearDownClass): 204 DELETE <a href='http://10.13.3.198:9696/v2.0/networks/1c62ab13-77fd-4b27-a864-37ba3481f904'>http://10.13.3.198:9696/v2.0/networks/1c62ab13-77fd-4b27-a864-37ba3481f904</a> 1.089s[00m
2019-05-22 13:12:09.612 11981 INFO tempest.lib.common.rest_client [req-b971a4ad-64d9-4c1b-867a-77e0a15c4d59 ] Request (NetworksTest:tearDownClass): 204 DELETE <a href='http://10.13.3.198:9696/v2.0/subnets/9a234d61-b987-4b52-bb0a-7c073eec2b1c'>http://10.13.3.198:9696/v2.0/subnets/9a234d61-b987-4b52-bb0a-7c073eec2b1c</a> 0.882s[00m
2019-05-22 13:12:09.926 11984 INFO tempest.lib.common.rest_client [req-d1632dc2-bfde-4d49-98cf-5f27b2e486a9 ] Request (BulkNetworkOpsTest:tearDownClass): 204 DELETE <a href='http://10.13.3.198:9696/v2.0/networks/796bbaef-f7d8-41e2-bec1-3f79291d4c0a'>http://10.13.3.198:9696/v2.0/networks/796bbaef-f7d8-41e2-bec1-3f79291d4c0a</a> 0.690s[00m
2019-05-22 13:12:10.517 11984 INFO tempest.lib.common.rest_client [req-e69420a5-d5bb-477d-9dae-6efa3069fd47 ] Request (BulkNetworkOpsTest:tearDownClass): 204 DELETE <a href='http://10.13.3.198:9696/v2.0/networks/ce1c8d4d-2cd8-4d58-973f-44af427d26a9'>http://10.13.3.198:9696/v2.0/networks/ce1c8d4d-2cd8-4d58-973f-44af427d26a9</a> 0.589s[00m
2019-05-22 13:12:10.591 11981 INFO tempest.lib.common.rest_client [req-cbec2ddc-d26e-4729-afdb-be9bd4bc47aa ] Request (NetworksTest:tearDownClass): 204 DELETE <a href='http://10.13.3.198:9696/v2.0/networks/ba68e7c2-b3fa-4b7d-8704-326a17a6f043'>http://10.13.3.198:9696/v2.0/networks/ba68e7c2-b3fa-4b7d-8704-326a17a6f043</a> 0.978s[00m
2019-05-22 13:12:10.594 11984 INFO tempest.lib.common.rest_client [req-85e7f03c-7534-40c8-9c47-1ea0d36a9f90 ] Request (BulkNetworkOpsTest:tearDownClass): 204 DELETE <a href='http://10.13.3.206:35357/v3/users/84a6cc326ba540f3a0b35924a024f321'>http://10.13.3.206:35357/v3/users/84a6cc326ba540f3a0b35924a024f321</a> 0.077s[00m
2019-05-22 13:12:10.686 11981 INFO tempest.lib.common.rest_client [req-964e291d-7e55-40a6-9152-cde7de739a0b ] Request (NetworksTest:tearDownClass): 204 DELETE <a href='http://10.13.3.206:35357/v3/users/f19dfc4a9e3f42648186e23aef0670d9'>http://10.13.3.206:35357/v3/users/f19dfc4a9e3f42648186e23aef0670d9</a> 0.095s[00m
2019-05-22 13:12:10.895 11984 INFO tempest.lib.common.rest_client [req-3f79241b-848e-4d9a-a8c2-2753e1f80f0c ] Request (BulkNetworkOpsTest:tearDownClass): 201 POST <a href='http://10.13.3.206:5000/v3/auth/tokens[00m'>http://10.13.3.206:5000/v3/auth/tokens[00m</a>
2019-05-22 13:12:10.943 11981 INFO tempest.lib.common.rest_client [req-1ad2cf45-7e99-4690-849c-e8bc86e14ff6 ] Request (NetworksTest:tearDownClass): 201 POST <a href='http://10.13.3.206:5000/v3/auth/tokens[00m'>http://10.13.3.206:5000/v3/auth/tokens[00m</a>
2019-05-22 13:12:11.004 11984 INFO tempest.lib.common.rest_client [req-0eccfd2b-2877-4c08-a72d-d4e0852e49f3 ] Request (BulkNetworkOpsTest:tearDownClass): 200 GET <a href='http://10.13.3.198:9696/v2.0/security-groups?tenant_id=d5f799acb68741fe97449ac938d86f34&name=default'>http://10.13.3.198:9696/v2.0/security-groups?tenant_id=d5f799acb68741fe97449ac938d86f34&amp;name=default</a> 0.108s[00m
2019-05-22 13:12:11.019 11981 INFO tempest.lib.common.rest_client [req-709cd00f-e600-47b6-94f8-944c9f4b7c32 ] Request (NetworksTest:tearDownClass): 200 GET <a href='http://10.13.3.198:9696/v2.0/security-groups?tenant_id=d5efb17a2f164010a577d2748f2fd0f5&name=default'>http://10.13.3.198:9696/v2.0/security-groups?tenant_id=d5efb17a2f164010a577d2748f2fd0f5&amp;name=default</a> 0.074s[00m
2019-05-22 13:12:11.106 11984 INFO tempest.lib.common.rest_client [req-c0178217-b44a-4874-ad9d-80c1c526f761 ] Request (BulkNetworkOpsTest:tearDownClass): 204 DELETE <a href='http://10.13.3.198:9696/v2.0/security-groups/04859855-d9ad-4cf4-a038-1a80b468c855'>http://10.13.3.198:9696/v2.0/security-groups/04859855-d9ad-4cf4-a038-1a80b468c855</a> 0.102s[00m
2019-05-22 13:12:11.116 11981 INFO tempest.lib.common.rest_client [req-10a70dab-f0fd-4fdc-bebf-9fb6eff24232 ] Request (NetworksTest:tearDownClass): 204 DELETE <a href='http://10.13.3.198:9696/v2.0/security-groups/8c5b37d2-f10f-4753-beca-6a1fceb28df9'>http://10.13.3.198:9696/v2.0/security-groups/8c5b37d2-f10f-4753-beca-6a1fceb28df9</a> 0.096s[00m
2019-05-22 13:12:11.179 11984 INFO tempest.lib.common.rest_client [req-0bc6d19b-2a19-4090-92da-a637341320f4 ] Request (BulkNetworkOpsTest:tearDownClass): 204 DELETE <a href='http://10.13.3.206:35357/v3/projects/d5f799acb68741fe97449ac938d86f34'>http://10.13.3.206:35357/v3/projects/d5f799acb68741fe97449ac938d86f34</a> 0.071s[00m
{1} setUpClass (tempest.api.network.test_ports.PortsIpV6TestJSON) ... SKIPPED: IPv6 Tests are disabled.
2019-05-22 13:12:11.257 11981 INFO tempest.lib.common.rest_client [req-605b980d-2762-4b9d-bc98-e615948d9bb2 ] Request (NetworksTest:tearDownClass): 204 DELETE <a href='http://10.13.3.206:35357/v3/projects/d5efb17a2f164010a577d2748f2fd0f5'>http://10.13.3.206:35357/v3/projects/d5efb17a2f164010a577d2748f2fd0f5</a> 0.140s[00m
2019-05-22 13:12:11.482 11984 INFO tempest.lib.common.rest_client [req-3929bc3a-95f1-4ffb-a1b0-ca4f041224b3 ] Request (RoutersTest:setUpClass): 201 POST <a href='http://10.13.3.206:5000/v3/auth/tokens[00m'>http://10.13.3.206:5000/v3/auth/tokens[00m</a>
2019-05-22 13:12:11.513 11981 INFO tempest.lib.common.rest_client [req-ea439c8d-dec3-458a-8f18-eac505ed17ff ] Request (PortsTestJSON:setUpClass): 201 POST <a href='http://10.13.3.206:5000/v3/auth/tokens[00m'>http://10.13.3.206:5000/v3/auth/tokens[00m</a>
2019-05-22 13:12:11.768 11984 INFO tempest.lib.common.rest_client [req-59cdd732-f8e2-4e5f-acdc-4325713448a9 ] Request (RoutersTest:setUpClass): 201 POST <a href='http://10.13.3.206:5000/v3/auth/tokens[00m'>http://10.13.3.206:5000/v3/auth/tokens[00m</a>
2019-05-22 13:12:11.792 11984 INFO tempest.lib.common.rest_client [req-e9322a15-13ca-4969-a9e9-2fdee924df50 ] Request (RoutersTest:setUpClass): 200 GET <a href='http://10.13.3.206:35357/v3/domains?name=admin_domain'>http://10.13.3.206:35357/v3/domains?name=admin_domain</a> 0.022s[00m
2019-05-22 13:12:11.794 11981 INFO tempest.lib.common.rest_client [req-d8275665-2bba-490f-8b30-5e2df12e4848 ] Request (PortsTestJSON:setUpClass): 201 POST <a href='http://10.13.3.206:5000/v3/auth/tokens[00m'>http://10.13.3.206:5000/v3/auth/tokens[00m</a>
2019-05-22 13:12:11.814 11984 INFO tempest.lib.common.rest_client [req-080164ab-4302-425d-985c-e040c6ee125d ] Request (RoutersTest:setUpClass): 201 POST <a href='http://10.13.3.206:35357/v3/projects'>http://10.13.3.206:35357/v3/projects</a> 0.022s[00m
2019-05-22 13:12:11.842 11981 INFO tempest.lib.common.rest_client [req-65fae481-d3c8-4807-9c1b-7539ad61e7df ] Request (PortsTestJSON:setUpClass): 200 GET <a href='http://10.13.3.206:35357/v3/domains?name=admin_domain'>http://10.13.3.206:35357/v3/domains?name=admin_domain</a> 0.046s[00m
2019-05-22 13:12:12.073 11984 INFO tempest.lib.common.rest_client [req-56ec2f08-9b09-41d1-906e-0ea16646ac0a ] Request (RoutersTest:setUpClass): 201 POST <a href='http://10.13.3.206:35357/v3/users'>http://10.13.3.206:35357/v3/users</a> 0.258s[00m
2019-05-22 13:12:12.094 11981 INFO tempest.lib.common.rest_client [req-0eb884f4-b6d9-4820-8fd6-13745561c050 ] Request (PortsTestJSON:setUpClass): 201 POST <a href='http://10.13.3.206:35357/v3/projects'>http://10.13.3.206:35357/v3/projects</a> 0.249s[00m
2019-05-22 13:12:12.128 11984 INFO tempest.lib.common.rest_client [req-29b13528-3960-46ee-8eb4-b333dc5a606e ] Request (RoutersTest:setUpClass): 200 GET <a href='http://10.13.3.206:35357/v3/roles'>http://10.13.3.206:35357/v3/roles</a> 0.054s[00m
2019-05-22 13:12:12.360 11981 INFO tempest.lib.common.rest_client [req-99cfbb38-3372-4858-be17-f44d87549c20 ] Request (PortsTestJSON:setUpClass): 201 POST <a href='http://10.13.3.206:35357/v3/users'>http://10.13.3.206:35357/v3/users</a> 0.264s[00m
2019-05-22 13:12:12.369 11984 INFO tempest.lib.common.rest_client [req-dd1c8d3e-3c75-4323-8c31-270565151e5b ] Request (RoutersTest:setUpClass): 200 GET <a href='http://10.13.3.206:35357/v3/roles'>http://10.13.3.206:35357/v3/roles</a> 0.240s[00m
2019-05-22 13:12:12.378 11981 INFO tempest.lib.common.rest_client [req-9c42f9a4-6263-4c00-b9e6-33973e516e3a ] Request (PortsTestJSON:setUpClass): 200 GET <a href='http://10.13.3.206:35357/v3/roles'>http://10.13.3.206:35357/v3/roles</a> 0.014s[00m
2019-05-22 13:12:12.407 11984 INFO tempest.lib.common.rest_client [req-42d53697-2230-4b96-b73d-e6daa2100928 ] Request (RoutersTest:setUpClass): 204 PUT <a href='http://10.13.3.206:35357/v3/projects/7dbf6290c0cf4584a62bc64779e2ec18/users/d515a3068db84781b0564a02c5a93ce7/roles/bd0daca4ac414c2bada69d729e0bcf75'>http://10.13.3.206:35357/v3/projects/7dbf6290c0cf4584a62bc64779e2ec18/users/d515a3068db84781b0564a02c5a93ce7/roles/bd0daca4ac414c2bada69d729e0bcf75</a> 0.038s[00m
2019-05-22 13:12:12.409 11984 INFO tempest.lib.common.dynamic_creds [-] Acquired dynamic creds:
 credentials: Credentials: {'domain_id': '4b2ef0c2ed1c4c70a2b5f8e214d1c39f', 'domain_name': 'admin_domain', 'username': 'tempest-RoutersTest-603220855', 'project_domain_id': '4b2ef0c2ed1c4c70a2b5f8e214d1c39f', 'project_domain_name': 'admin_domain', 'project_id': '7dbf6290c0cf4584a62bc64779e2ec18', 'project_name': 'tempest-RoutersTest-603220855', 'tenant_id': '7dbf6290c0cf4584a62bc64779e2ec18', 'tenant_name': 'tempest-RoutersTest-603220855', 'user_domain_id': '4b2ef0c2ed1c4c70a2b5f8e214d1c39f', 'user_domain_name': 'admin_domain', 'user_id': 'd515a3068db84781b0564a02c5a93ce7'}, Network: None, Subnet: None, Router: None[00m
2019-05-22 13:12:12.409 11984 INFO tempest.lib.common.dynamic_creds [-] Created isolated network resources for:
 credentials: Credentials: {'domain_id': '4b2ef0c2ed1c4c70a2b5f8e214d1c39f', 'domain_name': 'admin_domain', 'username': 'tempest-RoutersTest-603220855', 'project_domain_id': '4b2ef0c2ed1c4c70a2b5f8e214d1c39f', 'project_domain_name': 'admin_domain', 'project_id': '7dbf6290c0cf4584a62bc64779e2ec18', 'project_name': 'tempest-RoutersTest-603220855', 'tenant_id': '7dbf6290c0cf4584a62bc64779e2ec18', 'tenant_name': 'tempest-RoutersTest-603220855', 'user_domain_id': '4b2ef0c2ed1c4c70a2b5f8e214d1c39f', 'user_domain_name': 'admin_domain', 'user_id': 'd515a3068db84781b0564a02c5a93ce7'}, Network: None, Subnet: None, Router: None[00m
2019-05-22 13:12:12.496 11981 INFO tempest.lib.common.rest_client [req-cc4f8ae1-9d57-45a6-a259-68b5bb92c74a ] Request (PortsTestJSON:setUpClass): 200 GET <a href='http://10.13.3.206:35357/v3/roles'>http://10.13.3.206:35357/v3/roles</a> 0.115s[00m
2019-05-22 13:12:12.530 11981 INFO tempest.lib.common.rest_client [req-bfe4f4ce-2596-4041-807e-1134b83ba8d2 ] Request (PortsTestJSON:setUpClass): 204 PUT <a href='http://10.13.3.206:35357/v3/projects/8d4ef80a9352483b8aa83cc325d52985/users/064a65f9131a48da9d8cc7d7917437ce/roles/bd0daca4ac414c2bada69d729e0bcf75'>http://10.13.3.206:35357/v3/projects/8d4ef80a9352483b8aa83cc325d52985/users/064a65f9131a48da9d8cc7d7917437ce/roles/bd0daca4ac414c2bada69d729e0bcf75</a> 0.031s[00m
2019-05-22 13:12:12.532 11981 INFO tempest.lib.common.dynamic_creds [-] Acquired dynamic creds:
 credentials: Credentials: {'domain_id': '4b2ef0c2ed1c4c70a2b5f8e214d1c39f', 'domain_name': 'admin_domain', 'username': 'tempest-PortsTestJSON-139537439', 'project_domain_id': '4b2ef0c2ed1c4c70a2b5f8e214d1c39f', 'project_domain_name': 'admin_domain', 'project_id': '8d4ef80a9352483b8aa83cc325d52985', 'project_name': 'tempest-PortsTestJSON-139537439', 'tenant_id': '8d4ef80a9352483b8aa83cc325d52985', 'tenant_name': 'tempest-PortsTestJSON-139537439', 'user_domain_id': '4b2ef0c2ed1c4c70a2b5f8e214d1c39f', 'user_domain_name': 'admin_domain', 'user_id': '064a65f9131a48da9d8cc7d7917437ce'}, Network: None, Subnet: None, Router: None[00m
2019-05-22 13:12:12.532 11981 INFO tempest.lib.common.dynamic_creds [-] Created isolated network resources for:
 credentials: Credentials: {'domain_id': '4b2ef0c2ed1c4c70a2b5f8e214d1c39f', 'domain_name': 'admin_domain', 'username': 'tempest-PortsTestJSON-139537439', 'project_domain_id': '4b2ef0c2ed1c4c70a2b5f8e214d1c39f', 'project_domain_name': 'admin_domain', 'project_id': '8d4ef80a9352483b8aa83cc325d52985', 'project_name': 'tempest-PortsTestJSON-139537439', 'tenant_id': '8d4ef80a9352483b8aa83cc325d52985', 'tenant_name': 'tempest-PortsTestJSON-139537439', 'user_domain_id': '4b2ef0c2ed1c4c70a2b5f8e214d1c39f', 'user_domain_name': 'admin_domain', 'user_id': '064a65f9131a48da9d8cc7d7917437ce'}, Network: None, Subnet: None, Router: None[00m
2019-05-22 13:12:12.743 11984 INFO tempest.lib.common.rest_client [req-54f99280-ffc9-4c9c-ae45-271970988c23 ] Request (RoutersTest:setUpClass): 201 POST <a href='http://10.13.3.206:5000/v3/auth/tokens[00m'>http://10.13.3.206:5000/v3/auth/tokens[00m</a>
2019-05-22 13:12:12.844 11981 INFO tempest.lib.common.rest_client [req-94a75235-5c8d-480d-ab0e-30a84c3531f2 ] Request (PortsTestJSON:setUpClass): 201 POST <a href='http://10.13.3.206:5000/v3/auth/tokens[00m'>http://10.13.3.206:5000/v3/auth/tokens[00m</a>
2019-05-22 13:12:13.056 11984 INFO tempest.lib.common.rest_client [req-715ddfa3-9461-4d89-a121-09cc73b528ed ] Request (RoutersTest:test_add_multiple_router_interfaces): 201 POST <a href='http://10.13.3.198:9696/v2.0/networks'>http://10.13.3.198:9696/v2.0/networks</a> 0.311s[00m
2019-05-22 13:12:13.118 11981 INFO tempest.lib.common.rest_client [req-303a6305-16bd-4e5b-9f86-a30d963d1367 ] Request (PortsTestJSON:setUpClass): 201 POST <a href='http://10.13.3.198:9696/v2.0/networks'>http://10.13.3.198:9696/v2.0/networks</a> 0.272s[00m
2019-05-22 13:12:13.346 11984 INFO tempest.lib.common.rest_client [req-854a840e-fe0f-4c64-a4d5-442c95bd1a94 ] Request (RoutersTest:test_add_multiple_router_interfaces): 201 POST <a href='http://10.13.3.198:9696/v2.0/networks'>http://10.13.3.198:9696/v2.0/networks</a> 0.290s[00m
2019-05-22 13:12:13.604 11981 INFO tempest.lib.common.rest_client [req-cf57069f-545a-4cf5-b04f-cf07c46301c8 ] Request (PortsTestJSON:setUpClass): 201 POST <a href='http://10.13.3.198:9696/v2.0/ports'>http://10.13.3.198:9696/v2.0/ports</a> 0.485s[00m
2019-05-22 13:12:13.713 11981 INFO tempest.lib.common.rest_client [req-4a2a8d9a-8412-4b3f-94bb-3b672488c7f1 ] Request (PortsTestJSON:test_create_port_in_allowed_allocation_pools): 201 POST <a href='http://10.13.3.198:9696/v2.0/networks'>http://10.13.3.198:9696/v2.0/networks</a> 0.108s[00m
2019-05-22 13:12:13.903 11984 INFO tempest.lib.common.rest_client [req-d03522cd-1385-44c7-ad5f-a698115c2e05 ] Request (RoutersTest:test_add_multiple_router_interfaces): 201 POST <a href='http://10.13.3.198:9696/v2.0/subnets'>http://10.13.3.198:9696/v2.0/subnets</a> 0.555s[00m
2019-05-22 13:12:14.314 11981 INFO tempest.lib.common.rest_client [req-e0570891-d59b-42c1-9a1f-288ae46b6e0c ] Request (PortsTestJSON:test_create_port_in_allowed_allocation_pools): 201 POST <a href='http://10.13.3.198:9696/v2.0/subnets'>http://10.13.3.198:9696/v2.0/subnets</a> 0.598s[00m
2019-05-22 13:12:14.390 11984 INFO tempest.lib.common.rest_client [req-3435f7f5-b050-427b-91de-857d093f300e ] Request (RoutersTest:test_add_multiple_router_interfaces): 201 POST <a href='http://10.13.3.198:9696/v2.0/subnets'>http://10.13.3.198:9696/v2.0/subnets</a> 0.487s[00m
2019-05-22 13:12:14.473 11984 INFO tempest.lib.common.rest_client [req-db65bdda-0f97-48e2-ad5b-26e84b8c8355 ] Request (RoutersTest:test_add_multiple_router_interfaces): 201 POST <a href='http://10.13.3.198:9696/v2.0/routers'>http://10.13.3.198:9696/v2.0/routers</a> 0.081s[00m
2019-05-22 13:12:14.950 11981 INFO tempest.lib.common.rest_client [req-07549fe2-f29f-43b9-a7c1-14055aa58492 ] Request (PortsTestJSON:test_create_port_in_allowed_allocation_pools): 201 POST <a href='http://10.13.3.198:9696/v2.0/ports'>http://10.13.3.198:9696/v2.0/ports</a> 0.635s[00m
2019-05-22 13:12:15.618 11981 INFO tempest.lib.common.rest_client [req-68899a33-bd16-4a43-88a3-1ff464162711 ] Request (PortsTestJSON:_run_cleanups): 204 DELETE <a href='http://10.13.3.198:9696/v2.0/ports/85eb4b61-d3bd-447a-98a2-cb7cda757f16'>http://10.13.3.198:9696/v2.0/ports/85eb4b61-d3bd-447a-98a2-cb7cda757f16</a> 0.667s[00m
2019-05-22 13:12:16.384 11984 INFO tempest.lib.common.rest_client [req-44a8083c-dd6d-4659-b292-b84f41e42357 ] Request (RoutersTest:test_add_multiple_router_interfaces): 200 PUT <a href='http://10.13.3.198:9696/v2.0/routers/44237759-a32b-4759-a597-3925c80fa3f2/add_router_interface'>http://10.13.3.198:9696/v2.0/routers/44237759-a32b-4759-a597-3925c80fa3f2/add_router_interface</a> 1.909s[00m
2019-05-22 13:12:16.467 11984 INFO tempest.lib.common.rest_client [req-63a31a4f-46c8-4d7c-bb41-4b724be345e2 ] Request (RoutersTest:test_add_multiple_router_interfaces): 200 GET <a href='http://10.13.3.198:9696/v2.0/ports/bc902075-3edb-4c75-a018-eb24582e5d36'>http://10.13.3.198:9696/v2.0/ports/bc902075-3edb-4c75-a018-eb24582e5d36</a> 0.080s[00m
2019-05-22 13:12:16.501 11981 INFO tempest.lib.common.rest_client [req-747ba7aa-af9b-405f-81b4-68a295b7126e ] Request (PortsTestJSON:_run_cleanups): 204 DELETE <a href='http://10.13.3.198:9696/v2.0/subnets/a45bb337-69ad-4b48-8845-68113d961f6c'>http://10.13.3.198:9696/v2.0/subnets/a45bb337-69ad-4b48-8845-68113d961f6c</a> 0.882s[00m
2019-05-22 13:12:17.578 11981 INFO tempest.lib.common.rest_client [req-24c511b2-6d0e-44e0-9293-83a56c236938 ] Request (PortsTestJSON:_run_cleanups): 204 DELETE <a href='http://10.13.3.198:9696/v2.0/networks/253cc60f-16e3-4c71-8a39-c6950ff8516b'>http://10.13.3.198:9696/v2.0/networks/253cc60f-16e3-4c71-8a39-c6950ff8516b</a> 1.077s[00m
{0} tempest.api.network.test_ports.PortsTestJSON.test_create_port_in_allowed_allocation_pools [3.974502s] ... ok
2019-05-22 13:12:17.718 11981 INFO tempest.lib.common.rest_client [req-cae6b569-73f3-4114-bdaa-aadd694b6bdd ] Request (PortsTestJSON:test_create_port_with_no_securitygroups): 201 POST <a href='http://10.13.3.198:9696/v2.0/networks'>http://10.13.3.198:9696/v2.0/networks</a> 0.138s[00m
2019-05-22 13:12:18.770 11981 INFO tempest.lib.common.rest_client [req-d0134164-45e2-4da3-a713-683436fdea50 ] Request (PortsTestJSON:test_create_port_with_no_securitygroups): 201 POST <a href='http://10.13.3.198:9696/v2.0/subnets'>http://10.13.3.198:9696/v2.0/subnets</a> 1.052s[00m
