 credentials: Credentials: {'domain_id': '4b2ef0c2ed1c4c70a2b5f8e214d1c39f', 'domain_name': 'admin_domain', 'username': 'tempest-RegionsTestJSON-407014956', 'project_domain_id': '4b2ef0c2ed1c4c70a2b5f8e214d1c39f', 'project_domain_name': 'admin_domain', 'project_id': '608ecda34f6c486e9c901f6447b1286e', 'project_name': 'tempest-RegionsTestJSON-407014956', 'tenant_id': '608ecda34f6c486e9c901f6447b1286e', 'tenant_name': 'tempest-RegionsTestJSON-407014956', 'user_domain_id': '4b2ef0c2ed1c4c70a2b5f8e214d1c39f', 'user_domain_name': 'admin_domain', 'user_id': '664696d04f274c52a1ff1b01c79f63a9'}, Network: None, Subnet: None, Router: None[00m
2019-05-22 13:11:24.065 11984 INFO tempest.lib.common.rest_client [req-f0a6ccb3-6af5-47e2-b3ad-ea85cfddba1d ] Request (RegionsTestJSON:setUpClass): 201 POST <a href='http://10.13.3.206:5000/v3/auth/tokens[00m'>http://10.13.3.206:5000/v3/auth/tokens[00m</a>
2019-05-22 13:11:24.326 11984 INFO tempest.lib.common.rest_client [req-d2ed44cb-0ef0-43dd-acc8-8bf7700a6ea7 ] Request (RegionsTestJSON:setUpClass): 201 POST <a href='http://10.13.3.206:5000/v3/auth/tokens[00m'>http://10.13.3.206:5000/v3/auth/tokens[00m</a>
2019-05-22 13:11:24.349 11984 INFO tempest.lib.common.rest_client [req-d0e5fde9-ceeb-4561-81d4-3927c701f00f ] Request (RegionsTestJSON:setUpClass): 201 POST <a href='http://10.13.3.206:35357/v3/regions'>http://10.13.3.206:35357/v3/regions</a> 0.021s[00m
2019-05-22 13:11:24.378 11984 INFO tempest.lib.common.rest_client [req-7bb626dd-4fd7-4550-85ae-fb6392ffba8f ] Request (RegionsTestJSON:setUpClass): 201 POST <a href='http://10.13.3.206:35357/v3/regions'>http://10.13.3.206:35357/v3/regions</a> 0.027s[00m
2019-05-22 13:11:24.409 11984 INFO tempest.lib.common.rest_client [req-6c788ce7-1174-4c3f-91a7-8258e9b3eeb9 ] Request (RegionsTestJSON:test_create_region_with_specific_id): 201 PUT <a href='http://10.13.3.206:35357/v3/regions/5b80ce51-d426-495a-983e-4dd393743163'>http://10.13.3.206:35357/v3/regions/5b80ce51-d426-495a-983e-4dd393743163</a> 0.029s[00m
2019-05-22 13:11:24.435 11984 INFO tempest.lib.common.rest_client [req-cc7f0330-358b-4c39-ba4e-469b44727892 ] Request (RegionsTestJSON:_run_cleanups): 204 DELETE <a href='http://10.13.3.206:35357/v3/regions/5b80ce51-d426-495a-983e-4dd393743163'>http://10.13.3.206:35357/v3/regions/5b80ce51-d426-495a-983e-4dd393743163</a> 0.023s[00m
{1} tempest.api.identity.admin.v3.test_regions.RegionsTestJSON.test_create_region_with_specific_id [0.059582s] ... ok
2019-05-22 13:11:24.466 11984 INFO tempest.lib.common.rest_client [req-2b940cca-3c1f-4df9-876b-f7d24073e332 ] Request (RegionsTestJSON:tearDownClass): 204 DELETE <a href='http://10.13.3.206:35357/v3/regions/6c11e5c8993e4bda8694efb21ab5cb0d'>http://10.13.3.206:35357/v3/regions/6c11e5c8993e4bda8694efb21ab5cb0d</a> 0.024s[00m
2019-05-22 13:11:24.499 11984 INFO tempest.lib.common.rest_client [req-83d8ff74-760f-4689-b798-d136bdf8cdbf ] Request (RegionsTestJSON:tearDownClass): 204 DELETE <a href='http://10.13.3.206:35357/v3/regions/3f90ac25f53f4d2883f9d6012e472b28'>http://10.13.3.206:35357/v3/regions/3f90ac25f53f4d2883f9d6012e472b28</a> 0.029s[00m
2019-05-22 13:11:24.571 11984 INFO tempest.lib.common.rest_client [req-66475cdd-4e9a-457e-8375-1d22e0dbe62b ] Request (RegionsTestJSON:tearDownClass): 204 DELETE <a href='http://10.13.3.206:35357/v3/users/684eee7385fd41a7a98d30f76e5915fd'>http://10.13.3.206:35357/v3/users/684eee7385fd41a7a98d30f76e5915fd</a> 0.071s[00m
2019-05-22 13:11:24.849 11984 INFO tempest.lib.common.rest_client [req-1799023d-8ad7-4841-81b6-7a1b6f561d8c ] Request (RegionsTestJSON:tearDownClass): 201 POST <a href='http://10.13.3.206:5000/v3/auth/tokens[00m'>http://10.13.3.206:5000/v3/auth/tokens[00m</a>
2019-05-22 13:11:25.002 11984 INFO tempest.lib.common.rest_client [req-8918565a-26b6-4831-a183-968f9c8e7fbb ] Request (RegionsTestJSON:tearDownClass): 200 GET <a href='http://10.13.3.198:9696/v2.0/security-groups?tenant_id=e5cb04ea24ec4bc48ff49d8c7364ab95&name=default'>http://10.13.3.198:9696/v2.0/security-groups?tenant_id=e5cb04ea24ec4bc48ff49d8c7364ab95&amp;name=default</a> 0.150s[00m
2019-05-22 13:11:25.085 11984 INFO tempest.lib.common.rest_client [req-858b58ff-fe89-4e4c-9af7-04a8792c0a94 ] Request (RegionsTestJSON:tearDownClass): 204 DELETE <a href='http://10.13.3.198:9696/v2.0/security-groups/f31a93c1-d0f9-49d6-b3b8-2d79b515a7ed'>http://10.13.3.198:9696/v2.0/security-groups/f31a93c1-d0f9-49d6-b3b8-2d79b515a7ed</a> 0.082s[00m
2019-05-22 13:11:25.158 11984 INFO tempest.lib.common.rest_client [req-f781858f-5396-413d-8c70-579204ce50f0 ] Request (RegionsTestJSON:tearDownClass): 204 DELETE <a href='http://10.13.3.206:35357/v3/projects/e5cb04ea24ec4bc48ff49d8c7364ab95'>http://10.13.3.206:35357/v3/projects/e5cb04ea24ec4bc48ff49d8c7364ab95</a> 0.073s[00m
2019-05-22 13:11:25.150 11981 INFO tempest.lib.common.rest_client [req-81c18c1d-8f2d-432b-86d2-1e8b321d9e92 ] Request (ServerActionsTestJSON:setUpClass): 200 PUT <a href='http://10.13.3.198:9696/v2.0/routers/8ddea84b-3194-438b-8a20-9b122d29033c/add_router_interface'>http://10.13.3.198:9696/v2.0/routers/8ddea84b-3194-438b-8a20-9b122d29033c/add_router_interface</a> 1.548s[00m
2019-05-22 13:11:25.150 11981 INFO tempest.lib.common.dynamic_creds [-] Created isolated network resources for:
 credentials: Credentials: {'domain_id': '4b2ef0c2ed1c4c70a2b5f8e214d1c39f', 'domain_name': 'admin_domain', 'username': 'tempest-ServerActionsTestJSON-577192325', 'project_domain_id': '4b2ef0c2ed1c4c70a2b5f8e214d1c39f', 'project_domain_name': 'admin_domain', 'project_id': '667756c95df64ec185295c008c9efb59', 'project_name': 'tempest-ServerActionsTestJSON-577192325', 'tenant_id': '667756c95df64ec185295c008c9efb59', 'tenant_name': 'tempest-ServerActionsTestJSON-577192325', 'user_domain_id': '4b2ef0c2ed1c4c70a2b5f8e214d1c39f', 'user_domain_name': 'admin_domain', 'user_id': '2d2ded30a15544d1935430f6daa70792'}, Network: {'id': '25b0384d-5ab0-4b1f-a9b7-830234912d1e', 'name': 'tempest-ServerActionsTestJSON-769581190-network', 'tenant_id': '667756c95df64ec185295c008c9efb59', 'admin_state_up': True, 'mtu': 1458, 'status': 'ACTIVE', 'subnets': [], 'shared': False, 'project_id': '667756c95df64ec185295c008c9efb59', 'dns_domain': '', 'router:external': False, 'provider:network_type': 'gre', 'provider:physical_network': None, 'provider:segmentation_id': 82, 'availability_zone_hints': [], 'is_default': False, 'availability_zones': [], 'ipv4_address_scope': None, 'ipv6_address_scope': None, 'description': '', 'l2_adjacency': True, 'tags': [], 'created_at': '2019-05-22T13:11:22Z', 'updated_at': '2019-05-22T13:11:22Z', 'revision_number': 1}, Subnet: {'id': 'e8810da4-9950-4e6c-b1a8-30ef0a33ff34', 'name': 'tempest-ServerActionsTestJSON-769581190-subnet', 'tenant_id': '667756c95df64ec185295c008c9efb59', 'network_id': '25b0384d-5ab0-4b1f-a9b7-830234912d1e', 'ip_version': 4, 'subnetpool_id': None, 'enable_dhcp': True, 'ipv6_ra_mode': None, 'ipv6_address_mode': None, 'gateway_ip': '172.16.0.1', 'cidr': '172.16.0.0/28', 'allocation_pools': [{'start': '172.16.0.2', 'end': '172.16.0.14'}], 'host_routes': [], 'dns_nameservers': [], 'description': '', 'service_types': [], 'segment_id': None, 'tags': [], 'created_at': '2019-05-22T13:11:22Z', 'updated_at': '2019-05-22T13:11:22Z', 'revision_number': 0, 'project_id': '667756c95df64ec185295c008c9efb59'}, Router: {'id': '8ddea84b-3194-438b-8a20-9b122d29033c', 'name': 'tempest-ServerActionsTestJSON-769581190-router', 'tenant_id': '667756c95df64ec185295c008c9efb59', 'admin_state_up': True, 'status': 'ACTIVE', 'external_gateway_info': {'network_id': '2b3a54fa-3a58-42d6-99e7-27ec85780ff2', 'external_fixed_ips': [{'subnet_id': '852c6722-7465-4e70-b021-210a1148dd98', 'ip_address': '10.13.3.153'}], 'enable_snat': True}, 'description': '', 'availability_zones': [], 'distributed': False, 'ha': False, 'availability_zone_hints': [], 'routes': [], 'flavor_id': None, 'tags': [], 'created_at': '2019-05-22T13:11:22Z', 'updated_at': '2019-05-22T13:11:23Z', 'revision_number': 3, 'project_id': '667756c95df64ec185295c008c9efb59'}[00m
2019-05-22 13:11:25.248 11984 INFO tempest.lib.common.rest_client [req-6d7e0a9b-ddb8-40a4-8c9f-01a973d8f367 ] Request (RegionsTestJSON:tearDownClass): 204 DELETE <a href='http://10.13.3.206:35357/v3/users/664696d04f274c52a1ff1b01c79f63a9'>http://10.13.3.206:35357/v3/users/664696d04f274c52a1ff1b01c79f63a9</a> 0.086s[00m
2019-05-22 13:11:25.338 11984 INFO tempest.lib.common.rest_client [req-4d8d87e3-90ca-4026-8231-b2deabf88e73 ] Request (RegionsTestJSON:tearDownClass): 200 GET <a href='http://10.13.3.198:9696/v2.0/security-groups?tenant_id=608ecda34f6c486e9c901f6447b1286e&name=default'>http://10.13.3.198:9696/v2.0/security-groups?tenant_id=608ecda34f6c486e9c901f6447b1286e&amp;name=default</a> 0.088s[00m
2019-05-22 13:11:25.431 11984 INFO tempest.lib.common.rest_client [req-f50f855e-ef71-4e2d-86e6-36c5d129813a ] Request (RegionsTestJSON:tearDownClass): 204 DELETE <a href='http://10.13.3.198:9696/v2.0/security-groups/8f73ffbb-99ae-4df7-80ec-3cf27491f85f'>http://10.13.3.198:9696/v2.0/security-groups/8f73ffbb-99ae-4df7-80ec-3cf27491f85f</a> 0.092s[00m
2019-05-22 13:11:25.452 11981 INFO tempest.lib.common.rest_client [req-5e47f135-53e7-4dff-8b02-1d2543b02b7c ] Request (ServerActionsTestJSON:setUpClass): 201 POST <a href='http://10.13.3.206:5000/v3/auth/tokens[00m'>http://10.13.3.206:5000/v3/auth/tokens[00m</a>
2019-05-22 13:11:25.501 11984 INFO tempest.lib.common.rest_client [req-527de242-fd6a-493b-8ede-02100e242c48 ] Request (RegionsTestJSON:tearDownClass): 204 DELETE <a href='http://10.13.3.206:35357/v3/projects/608ecda34f6c486e9c901f6447b1286e'>http://10.13.3.206:35357/v3/projects/608ecda34f6c486e9c901f6447b1286e</a> 0.068s[00m
2019-05-22 13:11:25.776 11984 INFO tempest.lib.common.rest_client [req-ecadfbc4-87bb-4252-b7a6-ac04071e75f8 ] Request (RolesV3TestJSON:setUpClass): 201 POST <a href='http://10.13.3.206:5000/v3/auth/tokens[00m'>http://10.13.3.206:5000/v3/auth/tokens[00m</a>
2019-05-22 13:11:25.780 11981 INFO tempest.lib.common.rest_client [req-d136bb51-3aae-4af5-a25b-2d19076b7835 ] Request (ServerActionsTestJSON:setUpClass): 200 POST <a href='http://10.13.3.222:8774/v2.1/os-keypairs'>http://10.13.3.222:8774/v2.1/os-keypairs</a> 0.326s[00m
2019-05-22 13:11:25.947 11981 INFO tempest.lib.common.rest_client [req-8d445922-d2a3-4674-87c7-efb68aef6978 ] Request (ServerActionsTestJSON:setUpClass): 201 POST <a href='http://10.13.3.198:9696/v2.0/security-groups'>http://10.13.3.198:9696/v2.0/security-groups</a> 0.166s[00m
2019-05-22 13:11:26.042 11981 INFO tempest.lib.common.rest_client [req-d56b07c5-4418-41d0-b916-5f1a8cccca35 ] Request (ServerActionsTestJSON:setUpClass): 201 POST <a href='http://10.13.3.198:9696/v2.0/security-group-rules'>http://10.13.3.198:9696/v2.0/security-group-rules</a> 0.091s[00m
2019-05-22 13:11:26.054 11984 INFO tempest.lib.common.rest_client [req-a93cac43-1884-46da-a86e-57c98ff26035 ] Request (RolesV3TestJSON:setUpClass): 201 POST <a href='http://10.13.3.206:5000/v3/auth/tokens[00m'>http://10.13.3.206:5000/v3/auth/tokens[00m</a>
2019-05-22 13:11:26.083 11984 INFO tempest.lib.common.rest_client [req-6cd4e303-2530-4622-b699-b8c667a08650 ] Request (RolesV3TestJSON:setUpClass): 200 GET <a href='http://10.13.3.206:35357/v3/domains?name=admin_domain'>http://10.13.3.206:35357/v3/domains?name=admin_domain</a> 0.027s[00m
2019-05-22 13:11:26.119 11984 INFO tempest.lib.common.rest_client [req-ddd37f51-75a2-41af-8e82-727f6b6b35c9 ] Request (RolesV3TestJSON:setUpClass): 201 POST <a href='http://10.13.3.206:35357/v3/projects'>http://10.13.3.206:35357/v3/projects</a> 0.033s[00m
2019-05-22 13:11:26.135 11981 INFO tempest.lib.common.rest_client [req-a6e7ac9f-9b12-40ba-b4be-f5f86b92c163 ] Request (ServerActionsTestJSON:setUpClass): 201 POST <a href='http://10.13.3.198:9696/v2.0/security-group-rules'>http://10.13.3.198:9696/v2.0/security-group-rules</a> 0.092s[00m
2019-05-22 13:11:26.390 11984 INFO tempest.lib.common.rest_client [req-084e0a29-2cc2-4ef1-a839-5b542edfe1ea ] Request (RolesV3TestJSON:setUpClass): 201 POST <a href='http://10.13.3.206:35357/v3/users'>http://10.13.3.206:35357/v3/users</a> 0.269s[00m
2019-05-22 13:11:26.407 11984 INFO tempest.lib.common.rest_client [req-0b926855-7edb-408a-aec7-2201f7a4bab8 ] Request (RolesV3TestJSON:setUpClass): 200 GET <a href='http://10.13.3.206:35357/v3/roles'>http://10.13.3.206:35357/v3/roles</a> 0.015s[00m
2019-05-22 13:11:26.426 11984 INFO tempest.lib.common.rest_client [req-484cd176-d8d1-4317-8e75-0b9d34b6aeb2 ] Request (RolesV3TestJSON:setUpClass): 200 GET <a href='http://10.13.3.206:35357/v3/roles'>http://10.13.3.206:35357/v3/roles</a> 0.017s[00m
2019-05-22 13:11:26.466 11984 INFO tempest.lib.common.rest_client [req-95018ce9-ae4c-4efb-912a-bbf2871884ae ] Request (RolesV3TestJSON:setUpClass): 204 PUT <a href='http://10.13.3.206:35357/v3/projects/cb43dd79bda048a7b7a6f52d70fdc348/users/2633178c0d474552b08dddfb260d8ae1/roles/bd0daca4ac414c2bada69d729e0bcf75'>http://10.13.3.206:35357/v3/projects/cb43dd79bda048a7b7a6f52d70fdc348/users/2633178c0d474552b08dddfb260d8ae1/roles/bd0daca4ac414c2bada69d729e0bcf75</a> 0.036s[00m
2019-05-22 13:11:26.466 11984 INFO tempest.lib.common.dynamic_creds [-] Acquired dynamic creds:
 credentials: Credentials: {'domain_id': '4b2ef0c2ed1c4c70a2b5f8e214d1c39f', 'domain_name': 'admin_domain', 'username': 'tempest-RolesV3TestJSON-1181144544', 'project_domain_id': '4b2ef0c2ed1c4c70a2b5f8e214d1c39f', 'project_domain_name': 'admin_domain', 'project_id': 'cb43dd79bda048a7b7a6f52d70fdc348', 'project_name': 'tempest-RolesV3TestJSON-1181144544', 'tenant_id': 'cb43dd79bda048a7b7a6f52d70fdc348', 'tenant_name': 'tempest-RolesV3TestJSON-1181144544', 'user_domain_id': '4b2ef0c2ed1c4c70a2b5f8e214d1c39f', 'user_domain_name': 'admin_domain', 'user_id': '2633178c0d474552b08dddfb260d8ae1'}, Network: None, Subnet: None, Router: None[00m
2019-05-22 13:11:26.466 11984 INFO tempest.lib.common.dynamic_creds [-] Created isolated network resources for:
 credentials: Credentials: {'domain_id': '4b2ef0c2ed1c4c70a2b5f8e214d1c39f', 'domain_name': 'admin_domain', 'username': 'tempest-RolesV3TestJSON-1181144544', 'project_domain_id': '4b2ef0c2ed1c4c70a2b5f8e214d1c39f', 'project_domain_name': 'admin_domain', 'project_id': 'cb43dd79bda048a7b7a6f52d70fdc348', 'project_name': 'tempest-RolesV3TestJSON-1181144544', 'tenant_id': 'cb43dd79bda048a7b7a6f52d70fdc348', 'tenant_name': 'tempest-RolesV3TestJSON-1181144544', 'user_domain_id': '4b2ef0c2ed1c4c70a2b5f8e214d1c39f', 'user_domain_name': 'admin_domain', 'user_id': '2633178c0d474552b08dddfb260d8ae1'}, Network: None, Subnet: None, Router: None[00m
2019-05-22 13:11:26.760 11984 INFO tempest.lib.common.rest_client [req-d1a6445c-ceff-462b-8977-12725772d31b ] Request (RolesV3TestJSON:setUpClass): 201 POST <a href='http://10.13.3.206:5000/v3/auth/tokens[00m'>http://10.13.3.206:5000/v3/auth/tokens[00m</a>
2019-05-22 13:11:26.804 11984 INFO tempest.lib.common.rest_client [req-5f585967-77f1-4ff7-863e-5c0e806d1249 ] Request (RolesV3TestJSON:setUpClass): 201 POST <a href='http://10.13.3.206:35357/v3/projects'>http://10.13.3.206:35357/v3/projects</a> 0.043s[00m
2019-05-22 13:11:27.059 11984 INFO tempest.lib.common.rest_client [req-07d0d092-4967-4667-acaa-092143f7d20a ] Request (RolesV3TestJSON:setUpClass): 201 POST <a href='http://10.13.3.206:35357/v3/users'>http://10.13.3.206:35357/v3/users</a> 0.254s[00m
2019-05-22 13:11:27.082 11984 INFO tempest.lib.common.rest_client [req-fdc1e6ce-9e9d-40c4-84db-16d2a1f65518 ] Request (RolesV3TestJSON:setUpClass): 200 GET <a href='http://10.13.3.206:35357/v3/roles'>http://10.13.3.206:35357/v3/roles</a> 0.017s[00m
2019-05-22 13:11:27.118 11984 INFO tempest.lib.common.rest_client [req-c63f4643-73f3-4963-af59-662448a47752 ] Request (RolesV3TestJSON:setUpClass): 204 PUT <a href='http://10.13.3.206:35357/v3/projects/6cf6f516e04a4033bc7727efb03cdaf9/users/5becff1f60cd4283b5c836e3b97a7866/roles/179b4ab9f2904a999babefe79f4fb9cd'>http://10.13.3.206:35357/v3/projects/6cf6f516e04a4033bc7727efb03cdaf9/users/5becff1f60cd4283b5c836e3b97a7866/roles/179b4ab9f2904a999babefe79f4fb9cd</a> 0.034s[00m
2019-05-22 13:11:27.151 11984 INFO tempest.lib.common.rest_client [req-edfdf259-9d1d-4293-850a-e712efe071bd ] Request (RolesV3TestJSON:setUpClass): 200 GET <a href='http://10.13.3.206:35357/v3/roles'>http://10.13.3.206:35357/v3/roles</a> 0.031s[00m
2019-05-22 13:11:27.177 11984 INFO tempest.lib.common.rest_client [req-5dc62879-b764-40c9-b889-030950de1dfe ] Request (RolesV3TestJSON:setUpClass): 204 PUT <a href='http://10.13.3.206:35357/v3/domains/4b2ef0c2ed1c4c70a2b5f8e214d1c39f/users/5becff1f60cd4283b5c836e3b97a7866/roles/179b4ab9f2904a999babefe79f4fb9cd'>http://10.13.3.206:35357/v3/domains/4b2ef0c2ed1c4c70a2b5f8e214d1c39f/users/5becff1f60cd4283b5c836e3b97a7866/roles/179b4ab9f2904a999babefe79f4fb9cd</a> 0.022s[00m
2019-05-22 13:11:27.178 11984 INFO tempest.lib.common.dynamic_creds [-] Acquired dynamic creds:
 credentials: Credentials: {'domain_id': '4b2ef0c2ed1c4c70a2b5f8e214d1c39f', 'domain_name': 'admin_domain', 'username': 'tempest-RolesV3TestJSON-1788354145', 'project_domain_id': '4b2ef0c2ed1c4c70a2b5f8e214d1c39f', 'project_domain_name': 'admin_domain', 'project_id': '6cf6f516e04a4033bc7727efb03cdaf9', 'project_name': 'tempest-RolesV3TestJSON-1788354145', 'tenant_id': '6cf6f516e04a4033bc7727efb03cdaf9', 'tenant_name': 'tempest-RolesV3TestJSON-1788354145', 'user_domain_id': '4b2ef0c2ed1c4c70a2b5f8e214d1c39f', 'user_domain_name': 'admin_domain', 'user_id': '5becff1f60cd4283b5c836e3b97a7866'}, Network: None, Subnet: None, Router: None[00m
2019-05-22 13:11:27.178 11984 INFO tempest.lib.common.dynamic_creds [-] Created isolated network resources for:
 credentials: Credentials: {'domain_id': '4b2ef0c2ed1c4c70a2b5f8e214d1c39f', 'domain_name': 'admin_domain', 'username': 'tempest-RolesV3TestJSON-1788354145', 'project_domain_id': '4b2ef0c2ed1c4c70a2b5f8e214d1c39f', 'project_domain_name': 'admin_domain', 'project_id': '6cf6f516e04a4033bc7727efb03cdaf9', 'project_name': 'tempest-RolesV3TestJSON-1788354145', 'tenant_id': '6cf6f516e04a4033bc7727efb03cdaf9', 'tenant_name': 'tempest-RolesV3TestJSON-1788354145', 'user_domain_id': '4b2ef0c2ed1c4c70a2b5f8e214d1c39f', 'user_domain_name': 'admin_domain', 'user_id': '5becff1f60cd4283b5c836e3b97a7866'}, Network: None, Subnet: None, Router: None[00m
2019-05-22 13:11:27.225 11981 INFO tempest.lib.common.rest_client [req-7a4fe608-cda3-4b62-8dec-b5e645eabcb9 ] Request (ServerActionsTestJSON:setUpClass): 201 POST <a href='http://10.13.3.198:9696/v2.0/floatingips'>http://10.13.3.198:9696/v2.0/floatingips</a> 1.089s[00m
2019-05-22 13:11:27.504 11984 INFO tempest.lib.common.rest_client [req-4b4683a6-8ac6-4c8e-9813-f2730bda8ffb ] Request (RolesV3TestJSON:setUpClass): 201 POST <a href='http://10.13.3.206:5000/v3/auth/tokens[00m'>http://10.13.3.206:5000/v3/auth/tokens[00m</a>
2019-05-22 13:11:27.516 11981 INFO tempest.lib.common.rest_client [req-c15c1fc5-0f64-4a3e-b86e-0989fac94028 ] Request (ServerActionsTestJSON:setUpClass): 201 POST <a href='http://10.13.3.206:5000/v3/auth/tokens[00m'>http://10.13.3.206:5000/v3/auth/tokens[00m</a>
2019-05-22 13:11:27.517 11981 INFO tempest.lib.common.fixed_network [-] (ServerActionsTestJSON:setUpClass) Found network {'id': '25b0384d-5ab0-4b1f-a9b7-830234912d1e', 'name': 'tempest-ServerActionsTestJSON-769581190-network', 'tenant_id': '667756c95df64ec185295c008c9efb59', 'admin_state_up': True, 'mtu': 1458, 'status': 'ACTIVE', 'subnets': [], 'shared': False, 'project_id': '667756c95df64ec185295c008c9efb59', 'dns_domain': '', 'router:external': False, 'provider:network_type': 'gre', 'provider:physical_network': None, 'provider:segmentation_id': 82, 'availability_zone_hints': [], 'is_default': False, 'availability_zones': [], 'ipv4_address_scope': None, 'ipv6_address_scope': None, 'description': '', 'l2_adjacency': True, 'tags': [], 'created_at': '2019-05-22T13:11:22Z', 'updated_at': '2019-05-22T13:11:22Z', 'revision_number': 1} available for tenant[00m
2019-05-22 13:11:27.532 11981 INFO tempest.lib.common.rest_client [req-19bd0cc9-2fc6-4404-8b82-24de85275f20 ] Request (ServerActionsTestJSON:setUpClass): 400 POST <a href='http://10.13.3.222:8774/v2.1/servers'>http://10.13.3.222:8774/v2.1/servers</a> 0.014s[00m
2019-05-22 13:11:27.533 11981 INFO tempest.test [-] &lt;class 'tempest.lib.exceptions.BadRequest'&gt; raised in ServerActionsTestJSON.setUpClass. Invoking tearDownClass.[00m
2019-05-22 13:11:27.548 11981 INFO tempest.lib.common.rest_client [req-6934a1b4-189a-4fd0-9b07-5808fc5d857c ] Request (ServerActionsTestJSON:tearDownClass): 202 DELETE <a href='http://10.13.3.222:8774/v2.1/os-keypairs/tempest-keypair-388005686'>http://10.13.3.222:8774/v2.1/os-keypairs/tempest-keypair-388005686</a> 0.015s[00m
2019-05-22 13:11:27.652 11981 INFO tempest.lib.common.rest_client [req-ddbaf1fa-d8f6-43ad-a0e9-2cee14dd89c6 ] Request (ServerActionsTestJSON:tearDownClass): 204 DELETE <a href='http://10.13.3.198:9696/v2.0/security-groups/5d830da2-2aff-4263-9b51-68c9cffd979b'>http://10.13.3.198:9696/v2.0/security-groups/5d830da2-2aff-4263-9b51-68c9cffd979b</a> 0.103s[00m
2019-05-22 13:11:27.671 11981 INFO tempest.lib.common.rest_client [req-790f439f-e831-47a3-9eca-aeb1a0b28b05 ] Request (ServerActionsTestJSON:tearDownClass): 404 GET <a href='http://10.13.3.198:9696/v2.0/security-groups/5d830da2-2aff-4263-9b51-68c9cffd979b'>http://10.13.3.198:9696/v2.0/security-groups/5d830da2-2aff-4263-9b51-68c9cffd979b</a> 0.017s[00m
2019-05-22 13:11:27.765 11984 INFO tempest.lib.common.rest_client [req-9557fad0-65a2-4ff9-868c-eb19f392d5ef ] Request (RolesV3TestJSON:setUpClass): 201 POST <a href='http://10.13.3.206:5000/v3/auth/tokens[00m'>http://10.13.3.206:5000/v3/auth/tokens[00m</a>
2019-05-22 13:11:27.789 11984 INFO tempest.lib.common.rest_client [req-1c999d44-862a-448a-8f06-8e58026836f8 ] Request (RolesV3TestJSON:setUpClass): 201 POST <a href='http://10.13.3.206:35357/v3/roles'>http://10.13.3.206:35357/v3/roles</a> 0.020s[00m
2019-05-22 13:11:27.810 11984 INFO tempest.lib.common.rest_client [req-b4ceb4b1-06fe-4d5b-a4ce-7994ec9438ce ] Request (RolesV3TestJSON:setUpClass): 201 POST <a href='http://10.13.3.206:35357/v3/roles'>http://10.13.3.206:35357/v3/roles</a> 0.020s[00m
2019-05-22 13:11:27.837 11984 INFO tempest.lib.common.rest_client [req-2471fc49-b6e6-4c47-881c-1eb56286ea66 ] Request (RolesV3TestJSON:setUpClass): 201 POST <a href='http://10.13.3.206:35357/v3/roles'>http://10.13.3.206:35357/v3/roles</a> 0.022s[00m
2019-05-22 13:11:27.857 11984 INFO tempest.lib.common.rest_client [req-6b024990-9956-49b5-8c41-86f54349bfa3 ] Request (RolesV3TestJSON:setUpClass): 201 POST <a href='http://10.13.3.206:35357/v3/domains'>http://10.13.3.206:35357/v3/domains</a> 0.018s[00m
2019-05-22 13:11:27.906 11984 INFO tempest.lib.common.rest_client [req-557ca55a-aab9-4e44-bf6a-c450717b600f ] Request (RolesV3TestJSON:setUpClass): 201 POST <a href='http://10.13.3.206:35357/v3/projects'>http://10.13.3.206:35357/v3/projects</a> 0.047s[00m
2019-05-22 13:11:27.944 11984 INFO tempest.lib.common.rest_client [req-a4790e23-1f04-4341-8b49-fd713bfcc47a ] Request (RolesV3TestJSON:setUpClass): 201 POST <a href='http://10.13.3.206:35357/v3/groups'>http://10.13.3.206:35357/v3/groups</a> 0.036s[00m
2019-05-22 13:11:27.962 11984 INFO tempest.lib.common.rest_client [req-c6b65ca6-fed2-45da-93cf-9a6a45a12973 ] Request (RolesV3TestJSON:setUpClass): 201 POST <a href='http://10.13.3.206:35357/v3/roles'>http://10.13.3.206:35357/v3/roles</a> 0.017s[00m
2019-05-22 13:11:28.196 11984 INFO tempest.lib.common.rest_client [req-5c4daa56-62d7-45d7-98df-dabcb105329b ] Request (RolesV3TestJSON:setUpClass): 201 POST <a href='http://10.13.3.206:35357/v3/users'>http://10.13.3.206:35357/v3/users</a> 0.233s[00m
2019-05-22 13:11:28.221 11984 INFO tempest.lib.common.rest_client [req-3edb3336-74f3-405e-a266-abc99e4042db ] Request (RolesV3TestJSON:test_role_create_update_show_list): 201 POST <a href='http://10.13.3.206:35357/v3/roles'>http://10.13.3.206:35357/v3/roles</a> 0.021s[00m
2019-05-22 13:11:28.246 11984 INFO tempest.lib.common.rest_client [req-122fde9f-804d-4afe-a8c5-8ce9eeda3650 ] Request (RolesV3TestJSON:test_role_create_update_show_list): 200 PATCH <a href='http://10.13.3.206:35357/v3/roles/849ae9cc176941bcb00f3b1cae25777f'>http://10.13.3.206:35357/v3/roles/849ae9cc176941bcb00f3b1cae25777f</a> 0.025s[00m
2019-05-22 13:11:28.263 11984 INFO tempest.lib.common.rest_client [req-13840ec5-dfa4-4636-ad42-63a503d99b50 ] Request (RolesV3TestJSON:test_role_create_update_show_list): 200 GET <a href='http://10.13.3.206:35357/v3/roles/849ae9cc176941bcb00f3b1cae25777f'>http://10.13.3.206:35357/v3/roles/849ae9cc176941bcb00f3b1cae25777f</a> 0.016s[00m
2019-05-22 13:11:28.279 11984 INFO tempest.lib.common.rest_client [req-b05611bc-da05-4e2d-af19-b079aee995cf ] Request (RolesV3TestJSON:test_role_create_update_show_list): 200 GET <a href='http://10.13.3.206:35357/v3/roles'>http://10.13.3.206:35357/v3/roles</a> 0.015s[00m
2019-05-22 13:11:28.305 11984 INFO tempest.lib.common.rest_client [req-7d23121f-07cb-4deb-9f22-40b4530caea9 ] Request (RolesV3TestJSON:_run_cleanups): 204 DELETE <a href='http://10.13.3.206:35357/v3/roles/849ae9cc176941bcb00f3b1cae25777f'>http://10.13.3.206:35357/v3/roles/849ae9cc176941bcb00f3b1cae25777f</a> 0.024s[00m
{1} tempest.api.identity.admin.v3.test_roles.RolesV3TestJSON.test_role_create_update_show_list [0.114570s] ... ok
2019-05-22 13:11:28.404 11984 INFO tempest.lib.common.rest_client [req-07a138a2-0b25-477e-b388-7cea30340f01 ] Request (RolesV3TestJSON:tearDownClass): 204 DELETE <a href='http://10.13.3.206:35357/v3/users/fd2934c0a3394f1e806792967a691a9f'>http://10.13.3.206:35357/v3/users/fd2934c0a3394f1e806792967a691a9f</a> 0.089s[00m
2019-05-22 13:11:28.443 11981 INFO tempest.lib.common.rest_client [req-db83676a-b7e5-42d1-b00c-881db30193f2 ] Request (ServerActionsTestJSON:tearDownClass): 204 DELETE <a href='http://10.13.3.198:9696/v2.0/floatingips/95edf322-ad5e-4ee4-94b8-64423fe62ce8'>http://10.13.3.198:9696/v2.0/floatingips/95edf322-ad5e-4ee4-94b8-64423fe62ce8</a> 0.771s[00m
2019-05-22 13:11:28.449 11984 INFO tempest.lib.common.rest_client [req-0094beae-db42-4423-a19f-376fbeff5151 ] Request (RolesV3TestJSON:tearDownClass): 204 DELETE <a href='http://10.13.3.206:35357/v3/roles/b66f0381c596461ba281772832793ed5'>http://10.13.3.206:35357/v3/roles/b66f0381c596461ba281772832793ed5</a> 0.045s[00m
2019-05-22 13:11:28.513 11984 INFO tempest.lib.common.rest_client [req-33adb14e-237d-4f66-80e1-f470bd07e29e ] Request (RolesV3TestJSON:tearDownClass): 204 DELETE <a href='http://10.13.3.206:35357/v3/groups/027bfe42bd884b77bb159c688512adce'>http://10.13.3.206:35357/v3/groups/027bfe42bd884b77bb159c688512adce</a> 0.063s[00m
2019-05-22 13:11:28.579 11984 INFO tempest.lib.common.rest_client [req-3776a43b-e010-4aaf-a3b2-612ea3ede028 ] Request (RolesV3TestJSON:tearDownClass): 204 DELETE <a href='http://10.13.3.206:35357/v3/projects/abdd06d3d96b4c358863dd0e6046e64d'>http://10.13.3.206:35357/v3/projects/abdd06d3d96b4c358863dd0e6046e64d</a> 0.063s[00m
2019-05-22 13:11:28.631 11984 INFO tempest.lib.common.rest_client [req-31a0c3b3-2226-4400-aab2-2c89f4e8913f ] Request (RolesV3TestJSON:tearDownClass): 200 PATCH <a href='http://10.13.3.206:35357/v3/domains/8535361228b1470894e64971e9d8d9a4'>http://10.13.3.206:35357/v3/domains/8535361228b1470894e64971e9d8d9a4</a> 0.051s[00m
2019-05-22 13:11:28.717 11984 INFO tempest.lib.common.rest_client [req-e7729513-1f7c-452a-94a5-89bd03cb0200 ] Request (RolesV3TestJSON:tearDownClass): 204 DELETE <a href='http://10.13.3.206:35357/v3/domains/8535361228b1470894e64971e9d8d9a4'>http://10.13.3.206:35357/v3/domains/8535361228b1470894e64971e9d8d9a4</a> 0.086s[00m
2019-05-22 13:11:28.760 11984 INFO tempest.lib.common.rest_client [req-81fba6e0-9c5a-4d44-9666-9d286ec2e667 ] Request (RolesV3TestJSON:tearDownClass): 204 DELETE <a href='http://10.13.3.206:35357/v3/roles/66baea28c47743b99b7f296a40af1a69'>http://10.13.3.206:35357/v3/roles/66baea28c47743b99b7f296a40af1a69</a> 0.042s[00m
2019-05-22 13:11:28.806 11984 INFO tempest.lib.common.rest_client [req-229c9f1d-5acd-4cfc-a58b-eee366d7b740 ] Request (RolesV3TestJSON:tearDownClass): 204 DELETE <a href='http://10.13.3.206:35357/v3/roles/456e920d0fbb43318a589af7adfbc3a3'>http://10.13.3.206:35357/v3/roles/456e920d0fbb43318a589af7adfbc3a3</a> 0.045s[00m
2019-05-22 13:11:28.849 11984 INFO tempest.lib.common.rest_client [req-2dde6d67-a5f3-4a89-b744-6f7902e02112 ] Request (RolesV3TestJSON:tearDownClass): 204 DELETE <a href='http://10.13.3.206:35357/v3/roles/77eb662006d144fcb740821cf342d903'>http://10.13.3.206:35357/v3/roles/77eb662006d144fcb740821cf342d903</a> 0.041s[00m
2019-05-22 13:11:28.923 11984 INFO tempest.lib.common.rest_client [req-87e468a1-8478-4d34-970c-4fd5b2cc5ce0 ] Request (RolesV3TestJSON:tearDownClass): 204 DELETE <a href='http://10.13.3.206:35357/v3/users/2633178c0d474552b08dddfb260d8ae1'>http://10.13.3.206:35357/v3/users/2633178c0d474552b08dddfb260d8ae1</a> 0.072s[00m
2019-05-22 13:11:29.195 11984 INFO tempest.lib.common.rest_client [req-ef32be74-3838-4c66-a9d5-6c28179fa1ab ] Request (RolesV3TestJSON:tearDownClass): 201 POST <a href='http://10.13.3.206:5000/v3/auth/tokens[00m'>http://10.13.3.206:5000/v3/auth/tokens[00m</a>
2019-05-22 13:11:29.346 11984 INFO tempest.lib.common.rest_client [req-eebc4fe3-de15-4fe8-86c3-c89c65e16d6d ] Request (RolesV3TestJSON:tearDownClass): 200 GET <a href='http://10.13.3.198:9696/v2.0/security-groups?tenant_id=cb43dd79bda048a7b7a6f52d70fdc348&name=default'>http://10.13.3.198:9696/v2.0/security-groups?tenant_id=cb43dd79bda048a7b7a6f52d70fdc348&amp;name=default</a> 0.150s[00m
2019-05-22 13:11:29.441 11984 INFO tempest.lib.common.rest_client [req-af7ed13d-97ef-4614-8fd9-3dceaac4dcf9 ] Request (RolesV3TestJSON:tearDownClass): 204 DELETE <a href='http://10.13.3.198:9696/v2.0/security-groups/5bc17ea2-770d-4714-b021-6ecdd628cae8'>http://10.13.3.198:9696/v2.0/security-groups/5bc17ea2-770d-4714-b021-6ecdd628cae8</a> 0.092s[00m
2019-05-22 13:11:29.509 11984 INFO tempest.lib.common.rest_client [req-21b78450-8332-43d6-ac03-4f43641f3f27 ] Request (RolesV3TestJSON:tearDownClass): 204 DELETE <a href='http://10.13.3.206:35357/v3/projects/cb43dd79bda048a7b7a6f52d70fdc348'>http://10.13.3.206:35357/v3/projects/cb43dd79bda048a7b7a6f52d70fdc348</a> 0.066s[00m
2019-05-22 13:11:29.580 11984 INFO tempest.lib.common.rest_client [req-582b85a7-3244-4664-a6af-330a15bbe832 ] Request (RolesV3TestJSON:tearDownClass): 204 DELETE <a href='http://10.13.3.206:35357/v3/users/5becff1f60cd4283b5c836e3b97a7866'>http://10.13.3.206:35357/v3/users/5becff1f60cd4283b5c836e3b97a7866</a> 0.069s[00m
2019-05-22 13:11:29.687 11984 INFO tempest.lib.common.rest_client [req-da751b19-9432-4d13-830a-385a4635d81e ] Request (RolesV3TestJSON:tearDownClass): 200 GET <a href='http://10.13.3.198:9696/v2.0/security-groups?tenant_id=6cf6f516e04a4033bc7727efb03cdaf9&name=default'>http://10.13.3.198:9696/v2.0/security-groups?tenant_id=6cf6f516e04a4033bc7727efb03cdaf9&amp;name=default</a> 0.104s[00m
2019-05-22 13:11:29.777 11984 INFO tempest.lib.common.rest_client [req-3e7b4613-7538-428d-8da5-a9c31b9aa88b ] Request (RolesV3TestJSON:tearDownClass): 204 DELETE <a href='http://10.13.3.198:9696/v2.0/security-groups/14f6bdd0-532d-4ab5-8e2c-776004bcc04f'>http://10.13.3.198:9696/v2.0/security-groups/14f6bdd0-532d-4ab5-8e2c-776004bcc04f</a> 0.088s[00m
2019-05-22 13:11:29.855 11984 INFO tempest.lib.common.rest_client [req-d8ebd421-16d7-4d66-ab6e-39b65b86d267 ] Request (RolesV3TestJSON:tearDownClass): 204 DELETE <a href='http://10.13.3.206:35357/v3/projects/6cf6f516e04a4033bc7727efb03cdaf9'>http://10.13.3.206:35357/v3/projects/6cf6f516e04a4033bc7727efb03cdaf9</a> 0.075s[00m
2019-05-22 13:11:30.135 11984 INFO tempest.lib.common.rest_client [req-3f58fea6-f894-4b8a-a3d3-2c5b60c4c900 ] Request (ServicesTestJSON:setUpClass): 201 POST <a href='http://10.13.3.206:5000/v3/auth/tokens[00m'>http://10.13.3.206:5000/v3/auth/tokens[00m</a>
2019-05-22 13:11:30.160 11981 INFO tempest.lib.common.rest_client [req-b85884e2-afb2-4799-a88c-a2d9cf850bbf ] Request (ServerActionsTestJSON:tearDownClass): 200 PUT <a href='http://10.13.3.198:9696/v2.0/routers/8ddea84b-3194-438b-8a20-9b122d29033c/remove_router_interface'>http://10.13.3.198:9696/v2.0/routers/8ddea84b-3194-438b-8a20-9b122d29033c/remove_router_interface</a> 1.716s[00m
2019-05-22 13:11:30.401 11984 INFO tempest.lib.common.rest_client [req-96dbf44c-83ab-4c1f-aba2-33c2dc48e5bc ] Request (ServicesTestJSON:setUpClass): 201 POST <a href='http://10.13.3.206:5000/v3/auth/tokens[00m'>http://10.13.3.206:5000/v3/auth/tokens[00m</a>
2019-05-22 13:11:30.422 11984 INFO tempest.lib.common.rest_client [req-42d0f857-a30c-4f87-8ab4-6b6f59dcfd16 ] Request (ServicesTestJSON:setUpClass): 200 GET <a href='http://10.13.3.206:35357/v3/domains?name=admin_domain'>http://10.13.3.206:35357/v3/domains?name=admin_domain</a> 0.020s[00m
2019-05-22 13:11:30.455 11984 INFO tempest.lib.common.rest_client [req-be2ecace-4473-436b-a0b2-9f4d8f30faf2 ] Request (ServicesTestJSON:setUpClass): 201 POST <a href='http://10.13.3.206:35357/v3/projects'>http://10.13.3.206:35357/v3/projects</a> 0.030s[00m
2019-05-22 13:11:30.716 11984 INFO tempest.lib.common.rest_client [req-78a8ee0e-d70d-48e9-a08b-5c922ee2c485 ] Request (ServicesTestJSON:setUpClass): 201 POST <a href='http://10.13.3.206:35357/v3/users'>http://10.13.3.206:35357/v3/users</a> 0.260s[00m
2019-05-22 13:11:30.733 11984 INFO tempest.lib.common.rest_client [req-f9f96ea3-d5af-4df9-9ea1-5aaa30231b09 ] Request (ServicesTestJSON:setUpClass): 200 GET <a href='http://10.13.3.206:35357/v3/roles'>http://10.13.3.206:35357/v3/roles</a> 0.016s[00m
2019-05-22 13:11:30.757 11984 INFO tempest.lib.common.rest_client [req-df5a3b10-d56e-4dae-9430-78956b37a9b4 ] Request (ServicesTestJSON:setUpClass): 200 GET <a href='http://10.13.3.206:35357/v3/roles'>http://10.13.3.206:35357/v3/roles</a> 0.017s[00m
2019-05-22 13:11:30.795 11984 INFO tempest.lib.common.rest_client [req-8cf09f49-ca17-4e3f-8939-59b7417edf98 ] Request (ServicesTestJSON:setUpClass): 204 PUT <a href='http://10.13.3.206:35357/v3/projects/9c5d0886fcaf4e54976f4648303d1230/users/e08f925cf3d0412d9271df380cb24559/roles/bd0daca4ac414c2bada69d729e0bcf75'>http://10.13.3.206:35357/v3/projects/9c5d0886fcaf4e54976f4648303d1230/users/e08f925cf3d0412d9271df380cb24559/roles/bd0daca4ac414c2bada69d729e0bcf75</a> 0.032s[00m
2019-05-22 13:11:30.795 11984 INFO tempest.lib.common.dynamic_creds [-] Acquired dynamic creds:
 credentials: Credentials: {'domain_id': '4b2ef0c2ed1c4c70a2b5f8e214d1c39f', 'domain_name': 'admin_domain', 'username': 'tempest-ServicesTestJSON-2108297165', 'project_domain_id': '4b2ef0c2ed1c4c70a2b5f8e214d1c39f', 'project_domain_name': 'admin_domain', 'project_id': '9c5d0886fcaf4e54976f4648303d1230', 'project_name': 'tempest-ServicesTestJSON-2108297165', 'tenant_id': '9c5d0886fcaf4e54976f4648303d1230', 'tenant_name': 'tempest-ServicesTestJSON-2108297165', 'user_domain_id': '4b2ef0c2ed1c4c70a2b5f8e214d1c39f', 'user_domain_name': 'admin_domain', 'user_id': 'e08f925cf3d0412d9271df380cb24559'}, Network: None, Subnet: None, Router: None[00m
2019-05-22 13:11:30.795 11984 INFO tempest.lib.common.dynamic_creds [-] Created isolated network resources for:
 credentials: Credentials: {'domain_id': '4b2ef0c2ed1c4c70a2b5f8e214d1c39f', 'domain_name': 'admin_domain', 'username': 'tempest-ServicesTestJSON-2108297165', 'project_domain_id': '4b2ef0c2ed1c4c70a2b5f8e214d1c39f', 'project_domain_name': 'admin_domain', 'project_id': '9c5d0886fcaf4e54976f4648303d1230', 'project_name': 'tempest-ServicesTestJSON-2108297165', 'tenant_id': '9c5d0886fcaf4e54976f4648303d1230', 'tenant_name': 'tempest-ServicesTestJSON-2108297165', 'user_domain_id': '4b2ef0c2ed1c4c70a2b5f8e214d1c39f', 'user_domain_name': 'admin_domain', 'user_id': 'e08f925cf3d0412d9271df380cb24559'}, Network: None, Subnet: None, Router: None[00m
2019-05-22 13:11:31.086 11984 INFO tempest.lib.common.rest_client [req-bf3264f1-349c-4e9f-b44a-a72712347460 ] Request (ServicesTestJSON:setUpClass): 201 POST <a href='http://10.13.3.206:5000/v3/auth/tokens[00m'>http://10.13.3.206:5000/v3/auth/tokens[00m</a>
2019-05-22 13:11:31.130 11984 INFO tempest.lib.common.rest_client [req-349e5938-c4ad-4cd4-8bb4-80b04c43c466 ] Request (ServicesTestJSON:setUpClass): 201 POST <a href='http://10.13.3.206:35357/v3/projects'>http://10.13.3.206:35357/v3/projects</a> 0.043s[00m
2019-05-22 13:11:31.250 11981 INFO tempest.lib.common.rest_client [req-0ea47eac-6373-4931-8d22-2016b451c60c ] Request (ServerActionsTestJSON:tearDownClass): 204 DELETE <a href='http://10.13.3.198:9696/v2.0/routers/8ddea84b-3194-438b-8a20-9b122d29033c'>http://10.13.3.198:9696/v2.0/routers/8ddea84b-3194-438b-8a20-9b122d29033c</a> 1.089s[00m
2019-05-22 13:11:31.384 11984 INFO tempest.lib.common.rest_client [req-6a98c9e4-1038-471b-817b-5db771447b10 ] Request (ServicesTestJSON:setUpClass): 201 POST <a href='http://10.13.3.206:35357/v3/users'>http://10.13.3.206:35357/v3/users</a> 0.253s[00m
2019-05-22 13:11:31.398 11984 INFO tempest.lib.common.rest_client [req-9c4987be-b83c-4e7f-926c-ef3f3049fccb ] Request (ServicesTestJSON:setUpClass): 200 GET <a href='http://10.13.3.206:35357/v3/roles'>http://10.13.3.206:35357/v3/roles</a> 0.013s[00m
2019-05-22 13:11:31.429 11984 INFO tempest.lib.common.rest_client [req-d7254e60-a09f-4cb0-9e55-e152989aff24 ] Request (ServicesTestJSON:setUpClass): 204 PUT <a href='http://10.13.3.206:35357/v3/projects/fcbb17e63f42458d81171319ed55cef7/users/79cb5477cae84c088d9829b688232000/roles/179b4ab9f2904a999babefe79f4fb9cd'>http://10.13.3.206:35357/v3/projects/fcbb17e63f42458d81171319ed55cef7/users/79cb5477cae84c088d9829b688232000/roles/179b4ab9f2904a999babefe79f4fb9cd</a> 0.031s[00m
2019-05-22 13:11:31.460 11984 INFO tempest.lib.common.rest_client [req-94190bf5-52ba-4c6d-845e-a68b2b34bcbe ] Request (ServicesTestJSON:setUpClass): 200 GET <a href='http://10.13.3.206:35357/v3/roles'>http://10.13.3.206:35357/v3/roles</a> 0.030s[00m
2019-05-22 13:11:31.479 11984 INFO tempest.lib.common.rest_client [req-b86958bb-b47c-4a66-8fc5-a2ec903ad207 ] Request (ServicesTestJSON:setUpClass): 204 PUT <a href='http://10.13.3.206:35357/v3/domains/4b2ef0c2ed1c4c70a2b5f8e214d1c39f/users/79cb5477cae84c088d9829b688232000/roles/179b4ab9f2904a999babefe79f4fb9cd'>http://10.13.3.206:35357/v3/domains/4b2ef0c2ed1c4c70a2b5f8e214d1c39f/users/79cb5477cae84c088d9829b688232000/roles/179b4ab9f2904a999babefe79f4fb9cd</a> 0.018s[00m
2019-05-22 13:11:31.479 11984 INFO tempest.lib.common.dynamic_creds [-] Acquired dynamic creds:
 credentials: Credentials: {'domain_id': '4b2ef0c2ed1c4c70a2b5f8e214d1c39f', 'domain_name': 'admin_domain', 'username': 'tempest-ServicesTestJSON-148307961', 'project_domain_id': '4b2ef0c2ed1c4c70a2b5f8e214d1c39f', 'project_domain_name': 'admin_domain', 'project_id': 'fcbb17e63f42458d81171319ed55cef7', 'project_name': 'tempest-ServicesTestJSON-148307961', 'tenant_id': 'fcbb17e63f42458d81171319ed55cef7', 'tenant_name': 'tempest-ServicesTestJSON-148307961', 'user_domain_id': '4b2ef0c2ed1c4c70a2b5f8e214d1c39f', 'user_domain_name': 'admin_domain', 'user_id': '79cb5477cae84c088d9829b688232000'}, Network: None, Subnet: None, Router: None[00m
2019-05-22 13:11:31.479 11984 INFO tempest.lib.common.dynamic_creds [-] Created isolated network resources for:
 credentials: Credentials: {'domain_id': '4b2ef0c2ed1c4c70a2b5f8e214d1c39f', 'domain_name': 'admin_domain', 'username': 'tempest-ServicesTestJSON-148307961', 'project_domain_id': '4b2ef0c2ed1c4c70a2b5f8e214d1c39f', 'project_domain_name': 'admin_domain', 'project_id': 'fcbb17e63f42458d81171319ed55cef7', 'project_name': 'tempest-ServicesTestJSON-148307961', 'tenant_id': 'fcbb17e63f42458d81171319ed55cef7', 'tenant_name': 'tempest-ServicesTestJSON-148307961', 'user_domain_id': '4b2ef0c2ed1c4c70a2b5f8e214d1c39f', 'user_domain_name': 'admin_domain', 'user_id': '79cb5477cae84c088d9829b688232000'}, Network: None, Subnet: None, Router: None[00m
2019-05-22 13:11:31.769 11984 INFO tempest.lib.common.rest_client [req-d3393fe9-c55d-4b40-b8da-33103f8feb50 ] Request (ServicesTestJSON:setUpClass): 201 POST <a href='http://10.13.3.206:5000/v3/auth/tokens[00m'>http://10.13.3.206:5000/v3/auth/tokens[00m</a>
2019-05-22 13:11:32.021 11981 INFO tempest.lib.common.rest_client [req-91907ce4-8541-48d5-bf3f-df5fae52c222 ] Request (ServerActionsTestJSON:tearDownClass): 204 DELETE <a href='http://10.13.3.198:9696/v2.0/subnets/e8810da4-9950-4e6c-b1a8-30ef0a33ff34'>http://10.13.3.198:9696/v2.0/subnets/e8810da4-9950-4e6c-b1a8-30ef0a33ff34</a> 0.771s[00m
2019-05-22 13:11:32.049 11984 INFO tempest.lib.common.rest_client [req-e46675fe-e9b7-4540-b151-a85185ad009f ] Request (ServicesTestJSON:test_create_update_get_service): 201 POST <a href='http://10.13.3.206:5000/v3/auth/tokens[00m'>http://10.13.3.206:5000/v3/auth/tokens[00m</a>
2019-05-22 13:11:32.075 11984 INFO tempest.lib.common.rest_client [req-cb991855-f4e0-4f48-80fc-da32013496fe ] Request (ServicesTestJSON:test_create_update_get_service): 201 POST <a href='http://10.13.3.206:35357/v3/services'>http://10.13.3.206:35357/v3/services</a> 0.022s[00m
2019-05-22 13:11:32.103 11984 INFO tempest.lib.common.rest_client [req-012e7f95-a9d0-4687-b28d-30ba89eeae51 ] Request (ServicesTestJSON:test_create_update_get_service): 200 PATCH <a href='http://10.13.3.206:35357/v3/services/e8c8db601c384b12a0fbf602f41afe21'>http://10.13.3.206:35357/v3/services/e8c8db601c384b12a0fbf602f41afe21</a> 0.026s[00m
2019-05-22 13:11:32.126 11984 INFO tempest.lib.common.rest_client [req-ceda417a-fbb2-4fba-ad31-e2b8cad34787 ] Request (ServicesTestJSON:test_create_update_get_service): 200 GET <a href='http://10.13.3.206:35357/v3/services/e8c8db601c384b12a0fbf602f41afe21'>http://10.13.3.206:35357/v3/services/e8c8db601c384b12a0fbf602f41afe21</a> 0.023s[00m
2019-05-22 13:11:32.151 11984 INFO tempest.lib.common.rest_client [req-c631aad0-496d-4312-9309-a90b13049b0a ] Request (ServicesTestJSON:_run_cleanups): 204 DELETE <a href='http://10.13.3.206:35357/v3/services/e8c8db601c384b12a0fbf602f41afe21'>http://10.13.3.206:35357/v3/services/e8c8db601c384b12a0fbf602f41afe21</a> 0.024s[00m
2019-05-22 13:11:32.181 11984 INFO tempest.lib.common.rest_client [req-9bf943b0-cbda-4f85-a9a0-f971417db675 ] Request (ServicesTestJSON:_run_cleanups): 404 GET <a href='http://10.13.3.206:35357/v3/services/e8c8db601c384b12a0fbf602f41afe21'>http://10.13.3.206:35357/v3/services/e8c8db601c384b12a0fbf602f41afe21</a> 0.029s[00m
{1} tempest.api.identity.admin.v3.test_services.ServicesTestJSON.test_create_update_get_service [0.414289s] ... ok
2019-05-22 13:11:32.278 11984 INFO tempest.lib.common.rest_client [req-b657b929-75fc-4eb1-bd45-a5647eb11502 ] Request (ServicesTestJSON:tearDownClass): 204 DELETE <a href='http://10.13.3.206:35357/v3/users/e08f925cf3d0412d9271df380cb24559'>http://10.13.3.206:35357/v3/users/e08f925cf3d0412d9271df380cb24559</a> 0.094s[00m
2019-05-22 13:11:32.553 11984 INFO tempest.lib.common.rest_client [req-a1b5e094-cb39-4fe2-aa94-dba0018b2594 ] Request (ServicesTestJSON:tearDownClass): 201 POST <a href='http://10.13.3.206:5000/v3/auth/tokens[00m'>http://10.13.3.206:5000/v3/auth/tokens[00m</a>
2019-05-22 13:11:32.703 11984 INFO tempest.lib.common.rest_client [req-c2cb5534-579c-43b1-bd6f-a0eac1ddf144 ] Request (ServicesTestJSON:tearDownClass): 200 GET <a href='http://10.13.3.198:9696/v2.0/security-groups?tenant_id=9c5d0886fcaf4e54976f4648303d1230&name=default'>http://10.13.3.198:9696/v2.0/security-groups?tenant_id=9c5d0886fcaf4e54976f4648303d1230&amp;name=default</a> 0.147s[00m
2019-05-22 13:11:32.802 11984 INFO tempest.lib.common.rest_client [req-b52a6e56-bfa9-43b4-beca-2bb9a9d1e3a5 ] Request (ServicesTestJSON:tearDownClass): 204 DELETE <a href='http://10.13.3.198:9696/v2.0/security-groups/2b872d53-c16b-4dab-89a9-33d50fdb4611'>http://10.13.3.198:9696/v2.0/security-groups/2b872d53-c16b-4dab-89a9-33d50fdb4611</a> 0.096s[00m
2019-05-22 13:11:32.877 11984 INFO tempest.lib.common.rest_client [req-c53be21d-aca5-4601-b646-1717eb5ce759 ] Request (ServicesTestJSON:tearDownClass): 204 DELETE <a href='http://10.13.3.206:35357/v3/projects/9c5d0886fcaf4e54976f4648303d1230'>http://10.13.3.206:35357/v3/projects/9c5d0886fcaf4e54976f4648303d1230</a> 0.069s[00m
2019-05-22 13:11:32.953 11984 INFO tempest.lib.common.rest_client [req-efb13fad-54f0-4a26-81e3-d4c947bd5e2f ] Request (ServicesTestJSON:tearDownClass): 204 DELETE <a href='http://10.13.3.206:35357/v3/users/79cb5477cae84c088d9829b688232000'>http://10.13.3.206:35357/v3/users/79cb5477cae84c088d9829b688232000</a> 0.075s[00m
2019-05-22 13:11:33.056 11981 INFO tempest.lib.common.rest_client [req-4b8e241d-9c9a-40d2-87eb-0b049415cd49 ] Request (ServerActionsTestJSON:tearDownClass): 204 DELETE <a href='http://10.13.3.198:9696/v2.0/networks/25b0384d-5ab0-4b1f-a9b7-830234912d1e'>http://10.13.3.198:9696/v2.0/networks/25b0384d-5ab0-4b1f-a9b7-830234912d1e</a> 1.031s[00m
2019-05-22 13:11:33.066 11984 INFO tempest.lib.common.rest_client [req-6c81e6d7-4115-4c51-8d67-e9557ebcc56e ] Request (ServicesTestJSON:tearDownClass): 200 GET <a href='http://10.13.3.198:9696/v2.0/security-groups?tenant_id=fcbb17e63f42458d81171319ed55cef7&name=default'>http://10.13.3.198:9696/v2.0/security-groups?tenant_id=fcbb17e63f42458d81171319ed55cef7&amp;name=default</a> 0.113s[00m
2019-05-22 13:11:33.136 11981 INFO tempest.lib.common.rest_client [req-7f6051f3-5488-4325-a652-0035e08629ad ] Request (ServerActionsTestJSON:tearDownClass): 204 DELETE <a href='http://10.13.3.206:35357/v3/users/2d2ded30a15544d1935430f6daa70792'>http://10.13.3.206:35357/v3/users/2d2ded30a15544d1935430f6daa70792</a> 0.079s[00m
2019-05-22 13:11:33.170 11984 INFO tempest.lib.common.rest_client [req-757d13b3-56a8-46fd-998c-9eb208af0a70 ] Request (ServicesTestJSON:tearDownClass): 204 DELETE <a href='http://10.13.3.198:9696/v2.0/security-groups/c39406d0-24aa-47fa-9e67-b10e50ef9ead'>http://10.13.3.198:9696/v2.0/security-groups/c39406d0-24aa-47fa-9e67-b10e50ef9ead</a> 0.103s[00m
2019-05-22 13:11:33.176 11981 INFO tempest.lib.common.rest_client [req-f7e5249d-1907-44cc-ab30-bd22485b6e7a ] Request (ServerActionsTestJSON:tearDownClass): 200 GET <a href='http://10.13.3.198:9696/v2.0/security-groups?tenant_id=667756c95df64ec185295c008c9efb59&name=default'>http://10.13.3.198:9696/v2.0/security-groups?tenant_id=667756c95df64ec185295c008c9efb59&amp;name=default</a> 0.039s[00m
2019-05-22 13:11:33.238 11984 INFO tempest.lib.common.rest_client [req-3d84554f-9769-49b6-96a2-7d5d7502be32 ] Request (ServicesTestJSON:tearDownClass): 204 DELETE <a href='http://10.13.3.206:35357/v3/projects/fcbb17e63f42458d81171319ed55cef7'>http://10.13.3.206:35357/v3/projects/fcbb17e63f42458d81171319ed55cef7</a> 0.067s[00m
2019-05-22 13:11:33.278 11981 INFO tempest.lib.common.rest_client [req-3d1f1390-ce24-46fa-8506-befc3424301e ] Request (ServerActionsTestJSON:tearDownClass): 204 DELETE <a href='http://10.13.3.198:9696/v2.0/security-groups/66d8cdaf-e623-441a-9931-4df2d585ddc5'>http://10.13.3.198:9696/v2.0/security-groups/66d8cdaf-e623-441a-9931-4df2d585ddc5</a> 0.102s[00m
2019-05-22 13:11:33.364 11981 INFO tempest.lib.common.rest_client [req-b75091e6-fcce-40c5-92d7-102ecc87f6eb ] Request (ServerActionsTestJSON:tearDownClass): 204 DELETE <a href='http://10.13.3.206:35357/v3/projects/667756c95df64ec185295c008c9efb59'>http://10.13.3.206:35357/v3/projects/667756c95df64ec185295c008c9efb59</a> 0.085s[00m
{0} setUpClass (tempest.api.compute.servers.test_server_actions.ServerActionsTestJSON) [0.000000s] ... FAILED

Captured traceback:
~~~~~~~~~~~~~~~~~~~
    b'Traceback (most recent call last):'
    b'  File "/home/jenkins/tools/zopenstack/tools/2-configure/tempest/tempest/test.py", line 173, in setUpClass'
    b'    six.reraise(etype, value, trace)'
    b'  File "/home/jenkins/tools/zopenstack/tools/2-configure/tempest/.tox/tempest/lib/python3.6/site-packages/six.py", line 693, in reraise'
    b'    raise value'
    b'  File "/home/jenkins/tools/zopenstack/tools/2-configure/tempest/tempest/test.py", line 166, in setUpClass'
    b'    cls.resource_setup()'
    b'  File "/home/jenkins/tools/zopenstack/tools/2-configure/tempest/tempest/api/compute/servers/test_server_actions.py", line 81, in resource_setup'
    b'    cls.server_id = cls.recreate_server(None, validatable=True)'
    b'  File "/home/jenkins/tools/zopenstack/tools/2-configure/tempest/tempest/api/compute/base.py", line 407, in recreate_server'
    b'    **kwargs)'
    b'  File "/home/jenkins/tools/zopenstack/tools/2-configure/tempest/tempest/api/compute/base.py", line 246, in create_test_server'
    b'    **kwargs)'
    b'  File "/home/jenkins/tools/zopenstack/tools/2-configure/tempest/tempest/common/compute.py", line 198, in create_test_server'
    b'    **kwargs)'
    b'  File "/home/jenkins/tools/zopenstack/tools/2-configure/tempest/tempest/lib/services/compute/servers_client.py", line 97, in create_server'
    b"    resp, body = self.post('servers', post_body)"
    b'  File "/home/jenkins/tools/zopenstack/tools/2-configure/tempest/tempest/lib/common/rest_client.py", line 283, in post'
    b"    return self.request('POST', url, extra_headers, headers, body, chunked)"
    b'  File "/home/jenkins/tools/zopenstack/tools/2-configure/tempest/tempest/lib/services/compute/base_compute_client.py", line 48, in request'
    b'    method, url, extra_headers, headers, body, chunked)'
    b'  File "/home/jenkins/tools/zopenstack/tools/2-configure/tempest/tempest/lib/common/rest_client.py", line 679, in request'
    b'    self._error_checker(resp, resp_body)'
    b'  File "/home/jenkins/tools/zopenstack/tools/2-configure/tempest/tempest/lib/common/rest_client.py", line 790, in _error_checker'
    b'    raise exceptions.BadRequest(resp_body, resp=resp)'
    b'tempest.lib.exceptions.BadRequest: Bad request'
    b"Details: {'code': 400, 'message': 'Missing imageRef attribute'}"
    b''
