2019-05-22 13:12:18.792 11984 INFO tempest.lib.common.rest_client [req-2a49a475-4592-4d1c-aa05-a9eab1d7cdd9 ] Request (RoutersTest:test_add_multiple_router_interfaces): 200 PUT <a href='http://10.13.3.198:9696/v2.0/routers/44237759-a32b-4759-a597-3925c80fa3f2/add_router_interface'>http://10.13.3.198:9696/v2.0/routers/44237759-a32b-4759-a597-3925c80fa3f2/add_router_interface</a> 2.322s[00m
2019-05-22 13:12:18.837 11984 INFO tempest.lib.common.rest_client [req-0007317f-2d60-46b2-ad1a-cbbf474441d0 ] Request (RoutersTest:test_add_multiple_router_interfaces): 200 GET <a href='http://10.13.3.198:9696/v2.0/ports/5def9c59-7a3c-4e55-a23f-4eb22795c4cc'>http://10.13.3.198:9696/v2.0/ports/5def9c59-7a3c-4e55-a23f-4eb22795c4cc</a> 0.044s[00m
2019-05-22 13:12:19.328 11981 INFO tempest.lib.common.rest_client [req-1f5d48c3-f6b5-4882-a0d2-03b00079bac9 ] Request (PortsTestJSON:test_create_port_with_no_securitygroups): 201 POST <a href='http://10.13.3.198:9696/v2.0/ports'>http://10.13.3.198:9696/v2.0/ports</a> 0.554s[00m
2019-05-22 13:12:20.051 11981 INFO tempest.lib.common.rest_client [req-3b48fd3a-37ee-432a-89bb-54d3b5d07594 ] Request (PortsTestJSON:_run_cleanups): 204 DELETE <a href='http://10.13.3.198:9696/v2.0/ports/bf0e5fa2-68dd-4d4d-a798-fcccdf1431d2'>http://10.13.3.198:9696/v2.0/ports/bf0e5fa2-68dd-4d4d-a798-fcccdf1431d2</a> 0.721s[00m
2019-05-22 13:12:20.537 11984 INFO tempest.lib.common.rest_client [req-ba14e947-99db-4f47-9ce5-089a8a18e6dd ] Request (RoutersTest:_run_cleanups): 200 PUT <a href='http://10.13.3.198:9696/v2.0/routers/44237759-a32b-4759-a597-3925c80fa3f2/remove_router_interface'>http://10.13.3.198:9696/v2.0/routers/44237759-a32b-4759-a597-3925c80fa3f2/remove_router_interface</a> 1.699s[00m
2019-05-22 13:12:21.060 11981 INFO tempest.lib.common.rest_client [req-e8673eb4-ebaf-410b-a9c8-e4f942df942f ] Request (PortsTestJSON:_run_cleanups): 204 DELETE <a href='http://10.13.3.198:9696/v2.0/subnets/0b6b8434-2941-4d95-b03b-cb8d14cca453'>http://10.13.3.198:9696/v2.0/subnets/0b6b8434-2941-4d95-b03b-cb8d14cca453</a> 1.008s[00m
2019-05-22 13:12:22.146 11981 INFO tempest.lib.common.rest_client [req-572ff4c8-fa99-443a-aae5-0027b4b3ce3c ] Request (PortsTestJSON:_run_cleanups): 204 DELETE <a href='http://10.13.3.198:9696/v2.0/networks/7244b8eb-2f93-4eeb-89bf-f4e361fdb6bb'>http://10.13.3.198:9696/v2.0/networks/7244b8eb-2f93-4eeb-89bf-f4e361fdb6bb</a> 1.084s[00m
{0} tempest.api.network.test_ports.PortsTestJSON.test_create_port_with_no_securitygroups [4.569000s] ... ok
2019-05-22 13:12:22.344 11984 INFO tempest.lib.common.rest_client [req-5262476c-b7b3-43ea-9149-a2584e3377a1 ] Request (RoutersTest:_run_cleanups): 200 PUT <a href='http://10.13.3.198:9696/v2.0/routers/44237759-a32b-4759-a597-3925c80fa3f2/remove_router_interface'>http://10.13.3.198:9696/v2.0/routers/44237759-a32b-4759-a597-3925c80fa3f2/remove_router_interface</a> 1.806s[00m
2019-05-22 13:12:22.383 11984 INFO tempest.lib.common.rest_client [req-b3710f15-adc3-4931-a124-5753a1dc9553 ] Request (RoutersTest:_run_cleanups): 200 GET <a href='http://10.13.3.198:9696/v2.0/ports?device_id=44237759-a32b-4759-a597-3925c80fa3f2'>http://10.13.3.198:9696/v2.0/ports?device_id=44237759-a32b-4759-a597-3925c80fa3f2</a> 0.039s[00m
2019-05-22 13:12:22.612 11981 INFO tempest.lib.common.rest_client [req-816946d5-0698-4deb-80c4-41f5d3f132a3 ] Request (PortsTestJSON:test_create_update_delete_port): 201 POST <a href='http://10.13.3.198:9696/v2.0/ports'>http://10.13.3.198:9696/v2.0/ports</a> 0.456s[00m
2019-05-22 13:12:22.754 11984 INFO tempest.lib.common.rest_client [req-aedddf0e-bfaa-4171-8a15-ef503a0b2bd6 ] Request (RoutersTest:_run_cleanups): 204 DELETE <a href='http://10.13.3.198:9696/v2.0/routers/44237759-a32b-4759-a597-3925c80fa3f2'>http://10.13.3.198:9696/v2.0/routers/44237759-a32b-4759-a597-3925c80fa3f2</a> 0.368s[00m
2019-05-22 13:12:23.249 11981 INFO tempest.lib.common.rest_client [req-357b68b2-7c92-45dd-8c5a-0bf1fe443186 ] Request (PortsTestJSON:test_create_update_delete_port): 200 PUT <a href='http://10.13.3.198:9696/v2.0/ports/efb7ee67-9e46-4d65-a00b-69dc369ac8a9'>http://10.13.3.198:9696/v2.0/ports/efb7ee67-9e46-4d65-a00b-69dc369ac8a9</a> 0.631s[00m
2019-05-22 13:12:23.674 11981 INFO tempest.lib.common.rest_client [req-cde7a945-028c-4d07-9e0a-d4254fbbf38d ] Request (PortsTestJSON:_run_cleanups): 204 DELETE <a href='http://10.13.3.198:9696/v2.0/ports/efb7ee67-9e46-4d65-a00b-69dc369ac8a9'>http://10.13.3.198:9696/v2.0/ports/efb7ee67-9e46-4d65-a00b-69dc369ac8a9</a> 0.423s[00m
2019-05-22 13:12:23.741 11981 INFO tempest.lib.common.rest_client [req-958f1be3-56ac-4a5f-b4ef-2bf40b57d909 ] Request (PortsTestJSON:_run_cleanups): 200 GET <a href='http://10.13.3.198:9696/v2.0/ports'>http://10.13.3.198:9696/v2.0/ports</a> 0.064s[00m
{0} tempest.api.network.test_ports.PortsTestJSON.test_create_update_delete_port [1.587091s] ... ok
2019-05-22 13:12:23.795 11981 INFO tempest.lib.common.rest_client [req-4113173a-014e-474a-a0df-b7feae0ffeae ] Request (PortsTestJSON:test_list_ports): 200 GET <a href='http://10.13.3.198:9696/v2.0/ports'>http://10.13.3.198:9696/v2.0/ports</a> 0.051s[00m
{0} tempest.api.network.test_ports.PortsTestJSON.test_list_ports [0.054215s] ... ok
2019-05-22 13:12:23.845 11981 INFO tempest.lib.common.rest_client [req-962b5772-cf02-4d50-b7a3-cf1fadd669e3 ] Request (PortsTestJSON:test_show_port): 200 GET <a href='http://10.13.3.198:9696/v2.0/ports/bca6d1a5-8059-4c22-bb5f-dc7552ab3e2e'>http://10.13.3.198:9696/v2.0/ports/bca6d1a5-8059-4c22-bb5f-dc7552ab3e2e</a> 0.044s[00m
{0} tempest.api.network.test_ports.PortsTestJSON.test_show_port [0.048046s] ... ok
2019-05-22 13:12:23.894 11981 INFO tempest.lib.common.rest_client [req-91148be2-894b-4cd1-a891-e450e14f6c58 ] Request (PortsTestJSON:tearDownClass): 404 DELETE <a href='http://10.13.3.198:9696/v2.0/ports/bf0e5fa2-68dd-4d4d-a798-fcccdf1431d2'>http://10.13.3.198:9696/v2.0/ports/bf0e5fa2-68dd-4d4d-a798-fcccdf1431d2</a> 0.044s[00m
2019-05-22 13:12:23.926 11984 INFO tempest.lib.common.rest_client [req-0b2d165a-1779-41f0-8435-d478691b5f04 ] Request (RoutersTest:_run_cleanups): 204 DELETE <a href='http://10.13.3.198:9696/v2.0/subnets/1904c243-252c-4aae-bf2e-70d37f4cd077'>http://10.13.3.198:9696/v2.0/subnets/1904c243-252c-4aae-bf2e-70d37f4cd077</a> 1.164s[00m
2019-05-22 13:12:23.939 11981 INFO tempest.lib.common.rest_client [req-aaa43fc3-4b52-4f11-aa94-ed3764bb0be1 ] Request (PortsTestJSON:tearDownClass): 404 DELETE <a href='http://10.13.3.198:9696/v2.0/subnets/0b6b8434-2941-4d95-b03b-cb8d14cca453'>http://10.13.3.198:9696/v2.0/subnets/0b6b8434-2941-4d95-b03b-cb8d14cca453</a> 0.034s[00m
2019-05-22 13:12:23.971 11981 INFO tempest.lib.common.rest_client [req-50fd289c-cff1-4313-9b36-feb36b4f3a87 ] Request (PortsTestJSON:tearDownClass): 404 DELETE <a href='http://10.13.3.198:9696/v2.0/subnets/a45bb337-69ad-4b48-8845-68113d961f6c'>http://10.13.3.198:9696/v2.0/subnets/a45bb337-69ad-4b48-8845-68113d961f6c</a> 0.029s[00m
2019-05-22 13:12:24.420 11981 INFO tempest.lib.common.rest_client [req-c5b32e2e-4909-462e-ad29-77387af84d20 ] Request (PortsTestJSON:tearDownClass): 204 DELETE <a href='http://10.13.3.198:9696/v2.0/ports/bca6d1a5-8059-4c22-bb5f-dc7552ab3e2e'>http://10.13.3.198:9696/v2.0/ports/bca6d1a5-8059-4c22-bb5f-dc7552ab3e2e</a> 0.448s[00m
2019-05-22 13:12:24.982 11984 INFO tempest.lib.common.rest_client [req-0ad1f620-bb70-4e5c-9103-52e7582a3bdc ] Request (RoutersTest:_run_cleanups): 204 DELETE <a href='http://10.13.3.198:9696/v2.0/subnets/6ae878d3-39eb-41f3-a89f-989c001d8269'>http://10.13.3.198:9696/v2.0/subnets/6ae878d3-39eb-41f3-a89f-989c001d8269</a> 1.055s[00m
2019-05-22 13:12:25.173 11981 INFO tempest.lib.common.rest_client [req-f33ca8f2-7c6f-49b8-9ce5-b09edb0fc356 ] Request (PortsTestJSON:tearDownClass): 204 DELETE <a href='http://10.13.3.198:9696/v2.0/networks/01cd6678-4664-4a67-b3b9-2a4120096d95'>http://10.13.3.198:9696/v2.0/networks/01cd6678-4664-4a67-b3b9-2a4120096d95</a> 0.753s[00m
2019-05-22 13:12:25.250 11981 INFO tempest.lib.common.rest_client [req-5b39629f-797c-4fe3-b71a-74930dcde588 ] Request (PortsTestJSON:tearDownClass): 204 DELETE <a href='http://10.13.3.206:35357/v3/users/064a65f9131a48da9d8cc7d7917437ce'>http://10.13.3.206:35357/v3/users/064a65f9131a48da9d8cc7d7917437ce</a> 0.076s[00m
2019-05-22 13:12:25.525 11981 INFO tempest.lib.common.rest_client [req-e3b9495c-b15e-4930-a091-83f3f6313d5e ] Request (PortsTestJSON:tearDownClass): 201 POST <a href='http://10.13.3.206:5000/v3/auth/tokens[00m'>http://10.13.3.206:5000/v3/auth/tokens[00m</a>
2019-05-22 13:12:25.613 11981 INFO tempest.lib.common.rest_client [req-262d02e1-6f74-4ac3-a39c-e70f58c12f83 ] Request (PortsTestJSON:tearDownClass): 200 GET <a href='http://10.13.3.198:9696/v2.0/security-groups?tenant_id=8d4ef80a9352483b8aa83cc325d52985&name=default'>http://10.13.3.198:9696/v2.0/security-groups?tenant_id=8d4ef80a9352483b8aa83cc325d52985&amp;name=default</a> 0.088s[00m
2019-05-22 13:12:25.659 11984 INFO tempest.lib.common.rest_client [req-be79d0db-fd7b-41e6-a5e4-5037d027789d ] Request (RoutersTest:_run_cleanups): 204 DELETE <a href='http://10.13.3.198:9696/v2.0/networks/dc30ab4b-5595-4033-9835-1e04bfdaa21c'>http://10.13.3.198:9696/v2.0/networks/dc30ab4b-5595-4033-9835-1e04bfdaa21c</a> 0.676s[00m
2019-05-22 13:12:25.715 11981 INFO tempest.lib.common.rest_client [req-1f37d074-1553-4407-bfa7-913e2e7bb5ca ] Request (PortsTestJSON:tearDownClass): 204 DELETE <a href='http://10.13.3.198:9696/v2.0/security-groups/eb3be05c-5b20-4dd3-9456-18187b02f6f5'>http://10.13.3.198:9696/v2.0/security-groups/eb3be05c-5b20-4dd3-9456-18187b02f6f5</a> 0.101s[00m
2019-05-22 13:12:25.785 11981 INFO tempest.lib.common.rest_client [req-7d6d27b1-891f-4c23-a85a-277b6e39182c ] Request (PortsTestJSON:tearDownClass): 204 DELETE <a href='http://10.13.3.206:35357/v3/projects/8d4ef80a9352483b8aa83cc325d52985'>http://10.13.3.206:35357/v3/projects/8d4ef80a9352483b8aa83cc325d52985</a> 0.069s[00m
{0} setUpClass (tempest.api.network.test_routers.RoutersIpV6Test) ... SKIPPED: IPv6 Tests are disabled.
2019-05-22 13:12:26.071 11981 INFO tempest.lib.common.rest_client [req-307c8985-cece-4eec-8f8c-715235770f8e ] Request (SecGroupTest:setUpClass): 201 POST <a href='http://10.13.3.206:5000/v3/auth/tokens[00m'>http://10.13.3.206:5000/v3/auth/tokens[00m</a>
2019-05-22 13:12:26.335 11981 INFO tempest.lib.common.rest_client [req-23a81df2-b82e-4953-b3c8-2c560dfdc1c5 ] Request (SecGroupTest:setUpClass): 201 POST <a href='http://10.13.3.206:5000/v3/auth/tokens[00m'>http://10.13.3.206:5000/v3/auth/tokens[00m</a>
2019-05-22 13:12:26.358 11981 INFO tempest.lib.common.rest_client [req-919f9623-773f-4f7f-a19b-58259563dc07 ] Request (SecGroupTest:setUpClass): 200 GET <a href='http://10.13.3.206:35357/v3/domains?name=admin_domain'>http://10.13.3.206:35357/v3/domains?name=admin_domain</a> 0.022s[00m
2019-05-22 13:12:26.381 11981 INFO tempest.lib.common.rest_client [req-b7efc7af-7ca3-476c-9371-2cec45adfbad ] Request (SecGroupTest:setUpClass): 201 POST <a href='http://10.13.3.206:35357/v3/projects'>http://10.13.3.206:35357/v3/projects</a> 0.022s[00m
2019-05-22 13:12:26.634 11981 INFO tempest.lib.common.rest_client [req-faecdd08-8fd6-431a-bd2d-57328a7fe687 ] Request (SecGroupTest:setUpClass): 201 POST <a href='http://10.13.3.206:35357/v3/users'>http://10.13.3.206:35357/v3/users</a> 0.252s[00m
2019-05-22 13:12:26.649 11981 INFO tempest.lib.common.rest_client [req-44e133cb-c0e0-4f76-b7b5-41c2b6194983 ] Request (SecGroupTest:setUpClass): 200 GET <a href='http://10.13.3.206:35357/v3/roles'>http://10.13.3.206:35357/v3/roles</a> 0.015s[00m
2019-05-22 13:12:26.663 11981 INFO tempest.lib.common.rest_client [req-4f1d4635-249b-421a-90ac-1948e53d551f ] Request (SecGroupTest:setUpClass): 200 GET <a href='http://10.13.3.206:35357/v3/roles'>http://10.13.3.206:35357/v3/roles</a> 0.013s[00m
2019-05-22 13:12:26.696 11981 INFO tempest.lib.common.rest_client [req-917c6236-aae4-4602-ad28-a052a7d39f0c ] Request (SecGroupTest:setUpClass): 204 PUT <a href='http://10.13.3.206:35357/v3/projects/9b317a69cd764b28b1070b68a35deca7/users/a1243985ae334247b3fce16b3d83c0db/roles/bd0daca4ac414c2bada69d729e0bcf75'>http://10.13.3.206:35357/v3/projects/9b317a69cd764b28b1070b68a35deca7/users/a1243985ae334247b3fce16b3d83c0db/roles/bd0daca4ac414c2bada69d729e0bcf75</a> 0.032s[00m
2019-05-22 13:12:26.697 11981 INFO tempest.lib.common.dynamic_creds [-] Acquired dynamic creds:
 credentials: Credentials: {'domain_id': '4b2ef0c2ed1c4c70a2b5f8e214d1c39f', 'domain_name': 'admin_domain', 'username': 'tempest-SecGroupTest-1640829517', 'project_domain_id': '4b2ef0c2ed1c4c70a2b5f8e214d1c39f', 'project_domain_name': 'admin_domain', 'project_id': '9b317a69cd764b28b1070b68a35deca7', 'project_name': 'tempest-SecGroupTest-1640829517', 'tenant_id': '9b317a69cd764b28b1070b68a35deca7', 'tenant_name': 'tempest-SecGroupTest-1640829517', 'user_domain_id': '4b2ef0c2ed1c4c70a2b5f8e214d1c39f', 'user_domain_name': 'admin_domain', 'user_id': 'a1243985ae334247b3fce16b3d83c0db'}, Network: None, Subnet: None, Router: None[00m
2019-05-22 13:12:26.697 11981 INFO tempest.lib.common.dynamic_creds [-] Created isolated network resources for:
 credentials: Credentials: {'domain_id': '4b2ef0c2ed1c4c70a2b5f8e214d1c39f', 'domain_name': 'admin_domain', 'username': 'tempest-SecGroupTest-1640829517', 'project_domain_id': '4b2ef0c2ed1c4c70a2b5f8e214d1c39f', 'project_domain_name': 'admin_domain', 'project_id': '9b317a69cd764b28b1070b68a35deca7', 'project_name': 'tempest-SecGroupTest-1640829517', 'tenant_id': '9b317a69cd764b28b1070b68a35deca7', 'tenant_name': 'tempest-SecGroupTest-1640829517', 'user_domain_id': '4b2ef0c2ed1c4c70a2b5f8e214d1c39f', 'user_domain_name': 'admin_domain', 'user_id': 'a1243985ae334247b3fce16b3d83c0db'}, Network: None, Subnet: None, Router: None[00m
2019-05-22 13:12:26.730 11984 INFO tempest.lib.common.rest_client [req-36c3782c-36dc-4c12-9ed0-e0b32b277e3e ] Request (RoutersTest:_run_cleanups): 204 DELETE <a href='http://10.13.3.198:9696/v2.0/networks/aae44483-21ef-4168-8f26-10e38facf837'>http://10.13.3.198:9696/v2.0/networks/aae44483-21ef-4168-8f26-10e38facf837</a> 1.070s[00m
{1} tempest.api.network.test_routers.RoutersTest.test_add_multiple_router_interfaces [13.987303s] ... ok
2019-05-22 13:12:26.886 11984 INFO tempest.lib.common.rest_client [req-03112f4f-2513-4d7f-8af9-2f196e810925 ] Request (RoutersTest:test_add_remove_router_interface_with_port_id): 201 POST <a href='http://10.13.3.198:9696/v2.0/networks'>http://10.13.3.198:9696/v2.0/networks</a> 0.154s[00m
2019-05-22 13:12:26.993 11981 INFO tempest.lib.common.rest_client [req-90534bb7-3914-4658-8a4a-ee7fe7fb5ce6 ] Request (SecGroupTest:setUpClass): 201 POST <a href='http://10.13.3.206:5000/v3/auth/tokens[00m'>http://10.13.3.206:5000/v3/auth/tokens[00m</a>
2019-05-22 13:12:27.207 11981 INFO tempest.lib.common.rest_client [req-ea3e3a6a-3be2-4ca2-b50e-f73e6af347ee ] Request (SecGroupTest:test_create_list_update_show_delete_security_group): 201 POST <a href='http://10.13.3.198:9696/v2.0/security-groups'>http://10.13.3.198:9696/v2.0/security-groups</a> 0.212s[00m
2019-05-22 13:12:27.311 11981 INFO tempest.lib.common.rest_client [req-bf925e21-7cfb-4b08-afb4-a1fd2e02fdb1 ] Request (SecGroupTest:test_create_list_update_show_delete_security_group): 200 GET <a href='http://10.13.3.198:9696/v2.0/security-groups'>http://10.13.3.198:9696/v2.0/security-groups</a> 0.102s[00m
2019-05-22 13:12:27.375 11981 INFO tempest.lib.common.rest_client [req-7838ba51-2770-430e-a901-1819d567f515 ] Request (SecGroupTest:test_create_list_update_show_delete_security_group): 200 PUT <a href='http://10.13.3.198:9696/v2.0/security-groups/6cf2913a-1ac8-4e6a-8a90-4a3b8fbf1265'>http://10.13.3.198:9696/v2.0/security-groups/6cf2913a-1ac8-4e6a-8a90-4a3b8fbf1265</a> 0.063s[00m
2019-05-22 13:12:27.400 11984 INFO tempest.lib.common.rest_client [req-67e509c6-6679-41c6-967d-fd4fbedb5018 ] Request (RoutersTest:test_add_remove_router_interface_with_port_id): 201 POST <a href='http://10.13.3.198:9696/v2.0/subnets'>http://10.13.3.198:9696/v2.0/subnets</a> 0.511s[00m
2019-05-22 13:12:27.410 11981 INFO tempest.lib.common.rest_client [req-7eefe505-a2ca-401b-bc35-d46722b40ac2 ] Request (SecGroupTest:test_create_list_update_show_delete_security_group): 200 GET <a href='http://10.13.3.198:9696/v2.0/security-groups/6cf2913a-1ac8-4e6a-8a90-4a3b8fbf1265'>http://10.13.3.198:9696/v2.0/security-groups/6cf2913a-1ac8-4e6a-8a90-4a3b8fbf1265</a> 0.035s[00m
2019-05-22 13:12:27.464 11984 INFO tempest.lib.common.rest_client [req-940cc0b0-6059-43a0-b1f2-a1f5d5fafdd7 ] Request (RoutersTest:test_add_remove_router_interface_with_port_id): 201 POST <a href='http://10.13.3.198:9696/v2.0/routers'>http://10.13.3.198:9696/v2.0/routers</a> 0.063s[00m
2019-05-22 13:12:27.502 11981 INFO tempest.lib.common.rest_client [req-ae652015-10fa-477b-a846-29048ceff83a ] Request (SecGroupTest:_run_cleanups): 204 DELETE <a href='http://10.13.3.198:9696/v2.0/security-groups/6cf2913a-1ac8-4e6a-8a90-4a3b8fbf1265'>http://10.13.3.198:9696/v2.0/security-groups/6cf2913a-1ac8-4e6a-8a90-4a3b8fbf1265</a> 0.090s[00m
2019-05-22 13:12:27.596 11981 INFO tempest.lib.common.rest_client [req-cbbd905f-7154-4661-9953-66234b8f8cf5 ] Request (SecGroupTest:_run_cleanups): 200 GET <a href='http://10.13.3.198:9696/v2.0/security-groups'>http://10.13.3.198:9696/v2.0/security-groups</a> 0.093s[00m
{0} tempest.api.network.test_security_groups.SecGroupTest.test_create_list_update_show_delete_security_group [0.602867s] ... ok
2019-05-22 13:12:27.692 11981 INFO tempest.lib.common.rest_client [req-a31cc15f-495e-4916-ba23-ec98869721d4 ] Request (SecGroupTest:test_create_show_delete_security_group_rule): 201 POST <a href='http://10.13.3.198:9696/v2.0/security-groups'>http://10.13.3.198:9696/v2.0/security-groups</a> 0.091s[00m
2019-05-22 13:12:27.772 11981 INFO tempest.lib.common.rest_client [req-0036d243-6280-40bf-9a75-f608975b18bd ] Request (SecGroupTest:test_create_show_delete_security_group_rule): 201 POST <a href='http://10.13.3.198:9696/v2.0/security-group-rules'>http://10.13.3.198:9696/v2.0/security-group-rules</a> 0.078s[00m
2019-05-22 13:12:27.788 11981 INFO tempest.lib.common.rest_client [req-60f77967-28f7-4a52-9918-aeae9bc00c0a ] Request (SecGroupTest:test_create_show_delete_security_group_rule): 200 GET <a href='http://10.13.3.198:9696/v2.0/security-group-rules/a8947968-031f-485a-b860-c8406cdbdcdc'>http://10.13.3.198:9696/v2.0/security-group-rules/a8947968-031f-485a-b860-c8406cdbdcdc</a> 0.013s[00m
2019-05-22 13:12:27.822 11981 INFO tempest.lib.common.rest_client [req-e299e83a-58aa-45ea-8900-571fa0de7036 ] Request (SecGroupTest:test_create_show_delete_security_group_rule): 200 GET <a href='http://10.13.3.198:9696/v2.0/security-group-rules'>http://10.13.3.198:9696/v2.0/security-group-rules</a> 0.031s[00m
2019-05-22 13:12:27.904 11981 INFO tempest.lib.common.rest_client [req-c9d9e619-43a3-43aa-b459-63ea9a526897 ] Request (SecGroupTest:test_create_show_delete_security_group_rule): 201 POST <a href='http://10.13.3.198:9696/v2.0/security-group-rules'>http://10.13.3.198:9696/v2.0/security-group-rules</a> 0.079s[00m
2019-05-22 13:12:27.919 11981 INFO tempest.lib.common.rest_client [req-f9561a7a-6c9c-4812-ad2b-34d3d42607fd ] Request (SecGroupTest:test_create_show_delete_security_group_rule): 200 GET <a href='http://10.13.3.198:9696/v2.0/security-group-rules/f38cbc0b-7a16-423f-b730-c28bd2733c8b'>http://10.13.3.198:9696/v2.0/security-group-rules/f38cbc0b-7a16-423f-b730-c28bd2733c8b</a> 0.014s[00m
2019-05-22 13:12:27.948 11981 INFO tempest.lib.common.rest_client [req-d72e5652-7f73-40f4-b2af-ae16fa4cdf87 ] Request (SecGroupTest:test_create_show_delete_security_group_rule): 200 GET <a href='http://10.13.3.198:9696/v2.0/security-group-rules'>http://10.13.3.198:9696/v2.0/security-group-rules</a> 0.028s[00m
2019-05-22 13:12:28.026 11981 INFO tempest.lib.common.rest_client [req-1df61e92-87b8-40fb-a7b5-bcde7b6c6033 ] Request (SecGroupTest:test_create_show_delete_security_group_rule): 201 POST <a href='http://10.13.3.198:9696/v2.0/security-group-rules'>http://10.13.3.198:9696/v2.0/security-group-rules</a> 0.077s[00m
2019-05-22 13:12:28.040 11981 INFO tempest.lib.common.rest_client [req-b3071aee-96ab-4d21-8835-14a251ac7b34 ] Request (SecGroupTest:test_create_show_delete_security_group_rule): 200 GET <a href='http://10.13.3.198:9696/v2.0/security-group-rules/bb9b62d4-9595-4214-8a23-b1a7a4379d54'>http://10.13.3.198:9696/v2.0/security-group-rules/bb9b62d4-9595-4214-8a23-b1a7a4379d54</a> 0.013s[00m
2019-05-22 13:12:28.055 11984 INFO tempest.lib.common.rest_client [req-6bf6f727-1dd4-40c7-beda-f3526db38c40 ] Request (RoutersTest:test_add_remove_router_interface_with_port_id): 201 POST <a href='http://10.13.3.198:9696/v2.0/ports'>http://10.13.3.198:9696/v2.0/ports</a> 0.590s[00m
2019-05-22 13:12:28.068 11981 INFO tempest.lib.common.rest_client [req-291e23b8-5dce-4417-ba54-e108706b98bf ] Request (SecGroupTest:test_create_show_delete_security_group_rule): 200 GET <a href='http://10.13.3.198:9696/v2.0/security-group-rules'>http://10.13.3.198:9696/v2.0/security-group-rules</a> 0.028s[00m
2019-05-22 13:12:28.242 11981 INFO tempest.lib.common.rest_client [req-df573008-65e7-4b54-abe3-2ee9e377e380 ] Request (SecGroupTest:_run_cleanups): 204 DELETE <a href='http://10.13.3.198:9696/v2.0/security-groups/f05e920f-2a4a-4a2f-ba49-766c733b2a3a'>http://10.13.3.198:9696/v2.0/security-groups/f05e920f-2a4a-4a2f-ba49-766c733b2a3a</a> 0.173s[00m
2019-05-22 13:12:28.361 11981 INFO tempest.lib.common.rest_client [req-1e2f8ef1-3b01-45b1-a0d7-3ae48d90cf75 ] Request (SecGroupTest:_run_cleanups): 200 GET <a href='http://10.13.3.198:9696/v2.0/security-groups'>http://10.13.3.198:9696/v2.0/security-groups</a> 0.118s[00m
{0} tempest.api.network.test_security_groups.SecGroupTest.test_create_show_delete_security_group_rule [0.763749s] ... ok
2019-05-22 13:12:28.444 11981 INFO tempest.lib.common.rest_client [req-b878d055-9619-4889-9e90-50e73e39d0f6 ] Request (SecGroupTest:test_list_security_groups): 200 GET <a href='http://10.13.3.198:9696/v2.0/security-groups'>http://10.13.3.198:9696/v2.0/security-groups</a> 0.081s[00m
{0} tempest.api.network.test_security_groups.SecGroupTest.test_list_security_groups [0.082789s] ... ok
2019-05-22 13:12:28.521 11981 INFO tempest.lib.common.rest_client [req-ea99439a-02c3-42ed-a466-ac75026236c4 ] Request (SecGroupTest:tearDownClass): 204 DELETE <a href='http://10.13.3.206:35357/v3/users/a1243985ae334247b3fce16b3d83c0db'>http://10.13.3.206:35357/v3/users/a1243985ae334247b3fce16b3d83c0db</a> 0.075s[00m
2019-05-22 13:12:28.795 11981 INFO tempest.lib.common.rest_client [req-a3a0d9c1-3557-4f40-a220-8bc625cdcee8 ] Request (SecGroupTest:tearDownClass): 201 POST <a href='http://10.13.3.206:5000/v3/auth/tokens[00m'>http://10.13.3.206:5000/v3/auth/tokens[00m</a>
2019-05-22 13:12:28.891 11981 INFO tempest.lib.common.rest_client [req-02a2d39c-aa62-4b5c-b8c8-3098797f1713 ] Request (SecGroupTest:tearDownClass): 200 GET <a href='http://10.13.3.198:9696/v2.0/security-groups?tenant_id=9b317a69cd764b28b1070b68a35deca7&name=default'>http://10.13.3.198:9696/v2.0/security-groups?tenant_id=9b317a69cd764b28b1070b68a35deca7&amp;name=default</a> 0.096s[00m
2019-05-22 13:12:28.996 11981 INFO tempest.lib.common.rest_client [req-48328d42-6e96-457d-9694-d415a913e2ea ] Request (SecGroupTest:tearDownClass): 204 DELETE <a href='http://10.13.3.198:9696/v2.0/security-groups/44bbf9ee-c403-426c-a906-fefecfa6b8a3'>http://10.13.3.198:9696/v2.0/security-groups/44bbf9ee-c403-426c-a906-fefecfa6b8a3</a> 0.104s[00m
2019-05-22 13:12:29.067 11981 INFO tempest.lib.common.rest_client [req-4d61580b-d9e8-447f-b1f8-b04361df68d1 ] Request (SecGroupTest:tearDownClass): 204 DELETE <a href='http://10.13.3.206:35357/v3/projects/9b317a69cd764b28b1070b68a35deca7'>http://10.13.3.206:35357/v3/projects/9b317a69cd764b28b1070b68a35deca7</a> 0.071s[00m
2019-05-22 13:12:29.344 11981 INFO tempest.lib.common.rest_client [req-3a936d26-8360-4b29-8f20-cb52eb34292c ] Request (ContainerTest:setUpClass): 201 POST <a href='http://10.13.3.206:5000/v3/auth/tokens[00m'>http://10.13.3.206:5000/v3/auth/tokens[00m</a>
2019-05-22 13:12:29.607 11981 INFO tempest.lib.common.rest_client [req-44a1b25e-ea4a-441c-abce-b4575f91a528 ] Request (ContainerTest:setUpClass): 201 POST <a href='http://10.13.3.206:5000/v3/auth/tokens[00m'>http://10.13.3.206:5000/v3/auth/tokens[00m</a>
2019-05-22 13:12:29.625 11984 INFO tempest.lib.common.rest_client [req-24c15f4a-bcb3-4357-9c10-fd91cc98827e ] Request (RoutersTest:test_add_remove_router_interface_with_port_id): 200 PUT <a href='http://10.13.3.198:9696/v2.0/routers/12da4943-aeec-4c65-8144-f7ce8892a4b6/add_router_interface'>http://10.13.3.198:9696/v2.0/routers/12da4943-aeec-4c65-8144-f7ce8892a4b6/add_router_interface</a> 1.569s[00m
2019-05-22 13:12:29.629 11981 INFO tempest.lib.common.rest_client [req-69e4b0c3-fc12-4673-97a3-563650e749ac ] Request (ContainerTest:setUpClass): 200 GET <a href='http://10.13.3.206:35357/v3/domains?name=admin_domain'>http://10.13.3.206:35357/v3/domains?name=admin_domain</a> 0.021s[00m
2019-05-22 13:12:29.654 11981 INFO tempest.lib.common.rest_client [req-c58e3d2a-3a01-419a-9eec-97bb3e3ca0cf ] Request (ContainerTest:setUpClass): 201 POST <a href='http://10.13.3.206:35357/v3/projects'>http://10.13.3.206:35357/v3/projects</a> 0.024s[00m
2019-05-22 13:12:29.678 11984 INFO tempest.lib.common.rest_client [req-b1416c25-3c6b-44b7-9018-713dbac00bc0 ] Request (RoutersTest:test_add_remove_router_interface_with_port_id): 200 GET <a href='http://10.13.3.198:9696/v2.0/ports/77d70a65-d417-4fbd-8749-8a766b3ddcdf'>http://10.13.3.198:9696/v2.0/ports/77d70a65-d417-4fbd-8749-8a766b3ddcdf</a> 0.052s[00m
2019-05-22 13:12:29.907 11981 INFO tempest.lib.common.rest_client [req-6fe00382-ba13-4cac-8936-4f0678638317 ] Request (ContainerTest:setUpClass): 201 POST <a href='http://10.13.3.206:35357/v3/users'>http://10.13.3.206:35357/v3/users</a> 0.252s[00m
2019-05-22 13:12:29.923 11981 INFO tempest.lib.common.rest_client [req-2458f004-2074-49af-91ea-e738617a9c97 ] Request (ContainerTest:setUpClass): 200 GET <a href='http://10.13.3.206:35357/v3/roles'>http://10.13.3.206:35357/v3/roles</a> 0.016s[00m
2019-05-22 13:12:29.956 11981 INFO tempest.lib.common.rest_client [req-e03a8b15-c992-4d63-8a45-813cf69c4f6f ] Request (ContainerTest:setUpClass): 204 PUT <a href='http://10.13.3.206:35357/v3/projects/5c9fd300177949fe925786dad5ef69ca/users/e34c80db11f842289432a014e473c78c/roles/bd0daca4ac414c2bada69d729e0bcf75'>http://10.13.3.206:35357/v3/projects/5c9fd300177949fe925786dad5ef69ca/users/e34c80db11f842289432a014e473c78c/roles/bd0daca4ac414c2bada69d729e0bcf75</a> 0.033s[00m
2019-05-22 13:12:29.957 11981 INFO tempest.lib.common.dynamic_creds [-] Acquired dynamic creds:
 credentials: Credentials: {'domain_id': '4b2ef0c2ed1c4c70a2b5f8e214d1c39f', 'domain_name': 'admin_domain', 'username': 'tempest-ContainerTest-1428952025', 'project_domain_id': '4b2ef0c2ed1c4c70a2b5f8e214d1c39f', 'project_domain_name': 'admin_domain', 'project_id': '5c9fd300177949fe925786dad5ef69ca', 'project_name': 'tempest-ContainerTest-1428952025', 'tenant_id': '5c9fd300177949fe925786dad5ef69ca', 'tenant_name': 'tempest-ContainerTest-1428952025', 'user_domain_id': '4b2ef0c2ed1c4c70a2b5f8e214d1c39f', 'user_domain_name': 'admin_domain', 'user_id': 'e34c80db11f842289432a014e473c78c'}, Network: None, Subnet: None, Router: None[00m
2019-05-22 13:12:29.957 11981 INFO tempest.lib.common.dynamic_creds [-] Created isolated network resources for:
 credentials: Credentials: {'domain_id': '4b2ef0c2ed1c4c70a2b5f8e214d1c39f', 'domain_name': 'admin_domain', 'username': 'tempest-ContainerTest-1428952025', 'project_domain_id': '4b2ef0c2ed1c4c70a2b5f8e214d1c39f', 'project_domain_name': 'admin_domain', 'project_id': '5c9fd300177949fe925786dad5ef69ca', 'project_name': 'tempest-ContainerTest-1428952025', 'tenant_id': '5c9fd300177949fe925786dad5ef69ca', 'tenant_name': 'tempest-ContainerTest-1428952025', 'user_domain_id': '4b2ef0c2ed1c4c70a2b5f8e214d1c39f', 'user_domain_name': 'admin_domain', 'user_id': 'e34c80db11f842289432a014e473c78c'}, Network: None, Subnet: None, Router: None[00m
2019-05-22 13:12:30.253 11981 INFO tempest.lib.common.rest_client [req-92ba6ce2-642e-47be-90a6-c40e89d866c8 ] Request (ContainerTest:setUpClass): 201 POST <a href='http://10.13.3.206:5000/v3/auth/tokens[00m'>http://10.13.3.206:5000/v3/auth/tokens[00m</a>
2019-05-22 13:12:30.491 11981 INFO tempest.lib.common.rest_client [req-ab6fddb8-bb63-4b2e-9e11-bc5f04d3c2fc ] Request (ContainerTest:setUpClass): 201 POST <a href='http://10.13.3.206:5000/v3/auth/tokens[00m'>http://10.13.3.206:5000/v3/auth/tokens[00m</a>
2019-05-22 13:12:30.833 11981 INFO tempest.lib.common.rest_client [tx2bc3ecde4bfc4a9684664-005ce54abe ] Request (ContainerTest:setUpClass): 200 GET <a href='http://10.13.3.212:8080/info'>http://10.13.3.212:8080/info</a> 0.341s[00m
2019-05-22 13:12:30.900 11981 INFO tempest.lib.common.rest_client [tx9803ab64be6d4eef86a0c-005ce54abe ] Request (ContainerTest:test_create_container): 201 PUT <a href='http://10.13.3.212:8080/v1/AUTH_5c9fd300177949fe925786dad5ef69ca/tempest-TestContainer-1657444698'>http://10.13.3.212:8080/v1/AUTH_5c9fd300177949fe925786dad5ef69ca/tempest-TestContainer-1657444698</a> 0.067s[00m
2019-05-22 13:12:30.922 11981 INFO tempest.lib.common.rest_client [tx8632fdec14c94ffdb98db-005ce54abe ] Request (ContainerTest:tearDown): 200 GET <a href='http://10.13.3.212:8080/v1/AUTH_5c9fd300177949fe925786dad5ef69ca/tempest-TestContainer-1657444698?&limit=9999&format=json'>http://10.13.3.212:8080/v1/AUTH_5c9fd300177949fe925786dad5ef69ca/tempest-TestContainer-1657444698?&amp;limit=9999&amp;format=json</a> 0.020s[00m
2019-05-22 13:12:31.043 11984 INFO tempest.lib.common.rest_client [req-f75f7b92-85fa-45d8-81c3-b32d2beb3e83 ] Request (RoutersTest:_run_cleanups): 200 PUT <a href='http://10.13.3.198:9696/v2.0/routers/12da4943-aeec-4c65-8144-f7ce8892a4b6/remove_router_interface'>http://10.13.3.198:9696/v2.0/routers/12da4943-aeec-4c65-8144-f7ce8892a4b6/remove_router_interface</a> 1.363s[00m
2019-05-22 13:12:31.081 11984 INFO tempest.lib.common.rest_client [req-759c0f15-a4b9-4f81-b163-95ca328ba773 ] Request (RoutersTest:_run_cleanups): 200 GET <a href='http://10.13.3.198:9696/v2.0/ports?device_id=12da4943-aeec-4c65-8144-f7ce8892a4b6'>http://10.13.3.198:9696/v2.0/ports?device_id=12da4943-aeec-4c65-8144-f7ce8892a4b6</a> 0.036s[00m
2019-05-22 13:12:31.329 11984 INFO tempest.lib.common.rest_client [req-829d3ee1-a9ce-4280-8f14-dc2c9adfee08 ] Request (RoutersTest:_run_cleanups): 204 DELETE <a href='http://10.13.3.198:9696/v2.0/routers/12da4943-aeec-4c65-8144-f7ce8892a4b6'>http://10.13.3.198:9696/v2.0/routers/12da4943-aeec-4c65-8144-f7ce8892a4b6</a> 0.246s[00m
2019-05-22 13:12:32.039 11984 INFO tempest.lib.common.rest_client [req-31b2fd70-125e-4c29-8be3-1dc429ac0b3d ] Request (RoutersTest:_run_cleanups): 204 DELETE <a href='http://10.13.3.198:9696/v2.0/subnets/1f7ababc-2739-4c2b-b36d-b60385e0da25'>http://10.13.3.198:9696/v2.0/subnets/1f7ababc-2739-4c2b-b36d-b60385e0da25</a> 0.707s[00m
2019-05-22 13:12:32.928 11984 INFO tempest.lib.common.rest_client [req-e56f3cd8-a8d3-4bb4-9dcb-33391b4521f4 ] Request (RoutersTest:_run_cleanups): 204 DELETE <a href='http://10.13.3.198:9696/v2.0/networks/b7881484-f5e6-494a-b999-06d7fc66ae94'>http://10.13.3.198:9696/v2.0/networks/b7881484-f5e6-494a-b999-06d7fc66ae94</a> 0.889s[00m
{1} tempest.api.network.test_routers.RoutersTest.test_add_remove_router_interface_with_port_id [6.198669s] ... ok
2019-05-22 13:12:32.951 11981 INFO tempest.lib.common.rest_client [txf841851451994db88e8e3-005ce54ac0 ] Request (ContainerTest:tearDown): 204 DELETE <a href='http://10.13.3.212:8080/v1/AUTH_5c9fd300177949fe925786dad5ef69ca/tempest-TestContainer-1657444698'>http://10.13.3.212:8080/v1/AUTH_5c9fd300177949fe925786dad5ef69ca/tempest-TestContainer-1657444698</a> 0.025s[00m
{0} tempest.api.object_storage.test_container_services.ContainerTest.test_create_container [2.120006s] ... ok
2019-05-22 13:12:32.983 11981 INFO tempest.lib.common.rest_client [tx5576cb5d1a5445778e761-005ce54ac0 ] Request (ContainerTest:test_list_container_contents): 201 PUT <a href='http://10.13.3.212:8080/v1/AUTH_5c9fd300177949fe925786dad5ef69ca/tempest-TestContainer-332063375'>http://10.13.3.212:8080/v1/AUTH_5c9fd300177949fe925786dad5ef69ca/tempest-TestContainer-332063375</a> 0.028s[00m
2019-05-22 13:12:33.042 11981 INFO tempest.lib.common.rest_client [tx0794f14646f047fa8328e-005ce54ac0 ] Request (ContainerTest:test_list_container_contents): 201 PUT <a href='http://10.13.3.212:8080/v1/AUTH_5c9fd300177949fe925786dad5ef69ca/tempest-TestContainer-332063375/tempest-TestObject-2120825823'>http://10.13.3.212:8080/v1/AUTH_5c9fd300177949fe925786dad5ef69ca/tempest-TestContainer-332063375/tempest-TestObject-2120825823</a> 0.054s[00m
2019-05-22 13:12:33.054 11984 INFO tempest.lib.common.rest_client [req-2518f454-9957-4cf0-bbed-46bbd8f710bb ] Request (RoutersTest:test_add_remove_router_interface_with_subnet_id): 201 POST <a href='http://10.13.3.198:9696/v2.0/networks'>http://10.13.3.198:9696/v2.0/networks</a> 0.122s[00m
2019-05-22 13:12:33.070 11981 INFO tempest.lib.common.rest_client [tx3a741f56296b483fa1eea-005ce54ac1 ] Request (ContainerTest:test_list_container_contents): 200 GET <a href='http://10.13.3.212:8080/v1/AUTH_5c9fd300177949fe925786dad5ef69ca/tempest-TestContainer-332063375'>http://10.13.3.212:8080/v1/AUTH_5c9fd300177949fe925786dad5ef69ca/tempest-TestContainer-332063375</a> 0.027s[00m
2019-05-22 13:12:33.119 11981 INFO tempest.lib.common.rest_client [txe70f8df946cc485e806d8-005ce54ac1 ] Request (ContainerTest:tearDown): 404 GET <a href='http://10.13.3.212:8080/v1/AUTH_5c9fd300177949fe925786dad5ef69ca/tempest-TestContainer-1657444698?&limit=9999&format=json'>http://10.13.3.212:8080/v1/AUTH_5c9fd300177949fe925786dad5ef69ca/tempest-TestContainer-1657444698?&amp;limit=9999&amp;format=json</a> 0.048s[00m
2019-05-22 13:12:33.134 11981 INFO tempest.lib.common.rest_client [tx47125863a677431882275-005ce54ac1 ] Request (ContainerTest:tearDown): 200 GET <a href='http://10.13.3.212:8080/v1/AUTH_5c9fd300177949fe925786dad5ef69ca/tempest-TestContainer-332063375?&limit=9999&format=json'>http://10.13.3.212:8080/v1/AUTH_5c9fd300177949fe925786dad5ef69ca/tempest-TestContainer-332063375?&amp;limit=9999&amp;format=json</a> 0.014s[00m
2019-05-22 13:12:33.161 11981 INFO tempest.lib.common.rest_client [tx07250149d1db4ae79e010-005ce54ac1 ] Request (ContainerTest:tearDown): 204 DELETE <a href='http://10.13.3.212:8080/v1/AUTH_5c9fd300177949fe925786dad5ef69ca/tempest-TestContainer-332063375/tempest-TestObject-2120825823'>http://10.13.3.212:8080/v1/AUTH_5c9fd300177949fe925786dad5ef69ca/tempest-TestContainer-332063375/tempest-TestObject-2120825823</a> 0.026s[00m
2019-05-22 13:12:33.564 11984 INFO tempest.lib.common.rest_client [req-2fc6e882-11b2-46ab-bc8a-17648a82cbf0 ] Request (RoutersTest:test_add_remove_router_interface_with_subnet_id): 201 POST <a href='http://10.13.3.198:9696/v2.0/subnets'>http://10.13.3.198:9696/v2.0/subnets</a> 0.509s[00m
2019-05-22 13:12:33.648 11984 INFO tempest.lib.common.rest_client [req-f3052e27-edb8-41ad-88aa-c41da7a4b4bc ] Request (RoutersTest:test_add_remove_router_interface_with_subnet_id): 201 POST <a href='http://10.13.3.198:9696/v2.0/routers'>http://10.13.3.198:9696/v2.0/routers</a> 0.084s[00m
2019-05-22 13:12:35.169 11984 INFO tempest.lib.common.rest_client [req-91b671c0-0d69-4666-b72f-1365be5621f6 ] Request (RoutersTest:test_add_remove_router_interface_with_subnet_id): 200 PUT <a href='http://10.13.3.198:9696/v2.0/routers/e2539a42-2001-4739-a110-32d50defdd83/add_router_interface'>http://10.13.3.198:9696/v2.0/routers/e2539a42-2001-4739-a110-32d50defdd83/add_router_interface</a> 1.520s[00m
2019-05-22 13:12:35.193 11981 INFO tempest.lib.common.rest_client [tx2c55fbf1df8944a8b5cac-005ce54ac3 ] Request (ContainerTest:tearDown): 204 DELETE <a href='http://10.13.3.212:8080/v1/AUTH_5c9fd300177949fe925786dad5ef69ca/tempest-TestContainer-332063375'>http://10.13.3.212:8080/v1/AUTH_5c9fd300177949fe925786dad5ef69ca/tempest-TestContainer-332063375</a> 0.027s[00m
{0} tempest.api.object_storage.test_container_services.ContainerTest.test_list_container_contents [2.239654s] ... ok
2019-05-22 13:12:35.224 11981 INFO tempest.lib.common.rest_client [txcad79e33ec1a45acb4a7d-005ce54ac3 ] Request (ContainerTest:test_list_container_metadata): 201 PUT <a href='http://10.13.3.212:8080/v1/AUTH_5c9fd300177949fe925786dad5ef69ca/tempest-TestContainer-362626260'>http://10.13.3.212:8080/v1/AUTH_5c9fd300177949fe925786dad5ef69ca/tempest-TestContainer-362626260</a> 0.029s[00m
2019-05-22 13:12:35.231 11984 INFO tempest.lib.common.rest_client [req-45c73b45-80e3-4287-99fb-12853fc13c69 ] Request (RoutersTest:test_add_remove_router_interface_with_subnet_id): 200 GET <a href='http://10.13.3.198:9696/v2.0/ports/0b06e936-2dff-4d2e-ae99-413458d78555'>http://10.13.3.198:9696/v2.0/ports/0b06e936-2dff-4d2e-ae99-413458d78555</a> 0.060s[00m
2019-05-22 13:12:35.245 11981 INFO tempest.lib.common.rest_client [txd9244eae06674a09aae96-005ce54ac3 ] Request (ContainerTest:test_list_container_metadata): 204 POST <a href='http://10.13.3.212:8080/v1/AUTH_5c9fd300177949fe925786dad5ef69ca/tempest-TestContainer-362626260'>http://10.13.3.212:8080/v1/AUTH_5c9fd300177949fe925786dad5ef69ca/tempest-TestContainer-362626260</a> 0.020s[00m
2019-05-22 13:12:35.260 11981 INFO tempest.lib.common.rest_client [txbb01ae55fbce4dab8a414-005ce54ac3 ] Request (ContainerTest:test_list_container_metadata): 204 HEAD <a href='http://10.13.3.212:8080/v1/AUTH_5c9fd300177949fe925786dad5ef69ca/tempest-TestContainer-362626260'>http://10.13.3.212:8080/v1/AUTH_5c9fd300177949fe925786dad5ef69ca/tempest-TestContainer-362626260</a> 0.014s[00m
2019-05-22 13:12:35.288 11981 INFO tempest.lib.common.rest_client [txedea7d7382f44753aa0ec-005ce54ac3 ] Request (ContainerTest:tearDown): 404 GET <a href='http://10.13.3.212:8080/v1/AUTH_5c9fd300177949fe925786dad5ef69ca/tempest-TestContainer-1657444698?&limit=9999&format=json'>http://10.13.3.212:8080/v1/AUTH_5c9fd300177949fe925786dad5ef69ca/tempest-TestContainer-1657444698?&amp;limit=9999&amp;format=json</a> 0.027s[00m
2019-05-22 13:12:35.335 11981 INFO tempest.lib.common.rest_client [tx6144b07c7ab54f87adfd8-005ce54ac3 ] Request (ContainerTest:tearDown): 404 GET <a href='http://10.13.3.212:8080/v1/AUTH_5c9fd300177949fe925786dad5ef69ca/tempest-TestContainer-332063375?&limit=9999&format=json'>http://10.13.3.212:8080/v1/AUTH_5c9fd300177949fe925786dad5ef69ca/tempest-TestContainer-332063375?&amp;limit=9999&amp;format=json</a> 0.045s[00m
2019-05-22 13:12:35.346 11981 INFO tempest.lib.common.rest_client [txbae2ccba0b994a2f986d4-005ce54ac3 ] Request (ContainerTest:tearDown): 200 GET <a href='http://10.13.3.212:8080/v1/AUTH_5c9fd300177949fe925786dad5ef69ca/tempest-TestContainer-362626260?&limit=9999&format=json'>http://10.13.3.212:8080/v1/AUTH_5c9fd300177949fe925786dad5ef69ca/tempest-TestContainer-362626260?&amp;limit=9999&amp;format=json</a> 0.011s[00m
2019-05-22 13:12:36.633 11984 INFO tempest.lib.common.rest_client [req-17b60e7a-aa7e-448e-9503-8b45ccd9b7e5 ] Request (RoutersTest:_run_cleanups): 200 PUT <a href='http://10.13.3.198:9696/v2.0/routers/e2539a42-2001-4739-a110-32d50defdd83/remove_router_interface'>http://10.13.3.198:9696/v2.0/routers/e2539a42-2001-4739-a110-32d50defdd83/remove_router_interface</a> 1.402s[00m
2019-05-22 13:12:36.672 11984 INFO tempest.lib.common.rest_client [req-6df9e3cf-ad7a-43b8-815b-53b40691d5b7 ] Request (RoutersTest:_run_cleanups): 200 GET <a href='http://10.13.3.198:9696/v2.0/ports?device_id=e2539a42-2001-4739-a110-32d50defdd83'>http://10.13.3.198:9696/v2.0/ports?device_id=e2539a42-2001-4739-a110-32d50defdd83</a> 0.036s[00m
2019-05-22 13:12:37.075 11984 INFO tempest.lib.common.rest_client [req-7faebef6-3c91-4e0f-a2f8-5b620484d5e4 ] Request (RoutersTest:_run_cleanups): 204 DELETE <a href='http://10.13.3.198:9696/v2.0/routers/e2539a42-2001-4739-a110-32d50defdd83'>http://10.13.3.198:9696/v2.0/routers/e2539a42-2001-4739-a110-32d50defdd83</a> 0.402s[00m
2019-05-22 13:12:37.375 11981 INFO tempest.lib.common.rest_client [tx9c07c2b0709645ba94a75-005ce54ac5 ] Request (ContainerTest:tearDown): 204 DELETE <a href='http://10.13.3.212:8080/v1/AUTH_5c9fd300177949fe925786dad5ef69ca/tempest-TestContainer-362626260'>http://10.13.3.212:8080/v1/AUTH_5c9fd300177949fe925786dad5ef69ca/tempest-TestContainer-362626260</a> 0.025s[00m
{0} tempest.api.object_storage.test_container_services.ContainerTest.test_list_container_metadata [2.181239s] ... ok
2019-05-22 13:12:37.457 11981 INFO tempest.lib.common.rest_client [req-3504a153-ffcf-4235-81dd-6c41968faaf4 ] Request (ContainerTest:tearDownClass): 204 DELETE <a href='http://10.13.3.206:35357/v3/users/e34c80db11f842289432a014e473c78c'>http://10.13.3.206:35357/v3/users/e34c80db11f842289432a014e473c78c</a> 0.080s[00m
2019-05-22 13:12:37.735 11981 INFO tempest.lib.common.rest_client [req-429aabd9-cfc3-41f5-af21-0c2461583402 ] Request (ContainerTest:tearDownClass): 201 POST <a href='http://10.13.3.206:5000/v3/auth/tokens[00m'>http://10.13.3.206:5000/v3/auth/tokens[00m</a>
2019-05-22 13:12:37.821 11984 INFO tempest.lib.common.rest_client [req-a1d1220a-b063-484a-a1fd-60e3667947c5 ] Request (RoutersTest:_run_cleanups): 204 DELETE <a href='http://10.13.3.198:9696/v2.0/subnets/0447fe52-44ef-4ad0-8395-5ba35dcc144c'>http://10.13.3.198:9696/v2.0/subnets/0447fe52-44ef-4ad0-8395-5ba35dcc144c</a> 0.743s[00m
2019-05-22 13:12:37.885 11981 INFO tempest.lib.common.rest_client [req-87edb2c9-3ff6-4a8a-90bc-7f932447587f ] Request (ContainerTest:tearDownClass): 200 GET <a href='http://10.13.3.198:9696/v2.0/security-groups?tenant_id=5c9fd300177949fe925786dad5ef69ca&name=default'>http://10.13.3.198:9696/v2.0/security-groups?tenant_id=5c9fd300177949fe925786dad5ef69ca&amp;name=default</a> 0.150s[00m
2019-05-22 13:12:37.977 11981 INFO tempest.lib.common.rest_client [req-069866b6-1141-4695-b746-e1bf914d79c5 ] Request (ContainerTest:tearDownClass): 204 DELETE <a href='http://10.13.3.198:9696/v2.0/security-groups/ae97218d-ab72-4101-ba53-d546d3d7deae'>http://10.13.3.198:9696/v2.0/security-groups/ae97218d-ab72-4101-ba53-d546d3d7deae</a> 0.090s[00m
2019-05-22 13:12:38.059 11981 INFO tempest.lib.common.rest_client [req-1638c410-846e-4c9f-a22f-51294475e0c1 ] Request (ContainerTest:tearDownClass): 204 DELETE <a href='http://10.13.3.206:35357/v3/projects/5c9fd300177949fe925786dad5ef69ca'>http://10.13.3.206:35357/v3/projects/5c9fd300177949fe925786dad5ef69ca</a> 0.082s[00m
2019-05-22 13:12:38.343 11981 INFO tempest.lib.common.rest_client [req-1dfc9ce6-0019-4832-a5b2-7d78e1dd95e0 ] Request (ObjectTest:setUpClass): 201 POST <a href='http://10.13.3.206:5000/v3/auth/tokens[00m'>http://10.13.3.206:5000/v3/auth/tokens[00m</a>
2019-05-22 13:12:38.676 11981 INFO tempest.lib.common.rest_client [req-6b1d24bf-df48-4520-a710-eefd2b8c7c4e ] Request (ObjectTest:setUpClass): 201 POST <a href='http://10.13.3.206:5000/v3/auth/tokens[00m'>http://10.13.3.206:5000/v3/auth/tokens[00m</a>
2019-05-22 13:12:38.696 11981 INFO tempest.lib.common.rest_client [req-bb2a83a6-d85d-4341-9362-b61a6969b4f2 ] Request (ObjectTest:setUpClass): 200 GET <a href='http://10.13.3.206:35357/v3/domains?name=admin_domain'>http://10.13.3.206:35357/v3/domains?name=admin_domain</a> 0.019s[00m
2019-05-22 13:12:38.721 11981 INFO tempest.lib.common.rest_client [req-10ac96dc-6f9c-4378-adbf-f432d80f2068 ] Request (ObjectTest:setUpClass): 201 POST <a href='http://10.13.3.206:35357/v3/projects'>http://10.13.3.206:35357/v3/projects</a> 0.024s[00m
2019-05-22 13:12:38.827 11984 INFO tempest.lib.common.rest_client [req-dfbe6318-ccae-46c9-aef2-b7d598008fd6 ] Request (RoutersTest:_run_cleanups): 204 DELETE <a href='http://10.13.3.198:9696/v2.0/networks/794abb89-edab-4528-9acf-e135bbbb8e27'>http://10.13.3.198:9696/v2.0/networks/794abb89-edab-4528-9acf-e135bbbb8e27</a> 1.003s[00m
{1} tempest.api.network.test_routers.RoutersTest.test_add_remove_router_interface_with_subnet_id [5.896850s] ... ok
2019-05-22 13:12:38.982 11981 INFO tempest.lib.common.rest_client [req-8667cdb1-b8c8-4010-a01f-43ae81d5cce8 ] Request (ObjectTest:setUpClass): 201 POST <a href='http://10.13.3.206:35357/v3/users'>http://10.13.3.206:35357/v3/users</a> 0.260s[00m
2019-05-22 13:12:39.003 11981 INFO tempest.lib.common.rest_client [req-eb6cb298-c67c-4d81-931f-08a9670f3130 ] Request (ObjectTest:setUpClass): 200 GET <a href='http://10.13.3.206:35357/v3/roles'>http://10.13.3.206:35357/v3/roles</a> 0.020s[00m
2019-05-22 13:12:39.045 11981 INFO tempest.lib.common.rest_client [req-8273551b-e410-4dd4-88f8-9f8f1e90d147 ] Request (ObjectTest:setUpClass): 204 PUT <a href='http://10.13.3.206:35357/v3/projects/d4fe7b57dad44d42818ac7113efccedc/users/898c05aacf534765b272e0971ddde1e5/roles/bd0daca4ac414c2bada69d729e0bcf75'>http://10.13.3.206:35357/v3/projects/d4fe7b57dad44d42818ac7113efccedc/users/898c05aacf534765b272e0971ddde1e5/roles/bd0daca4ac414c2bada69d729e0bcf75</a> 0.039s[00m
2019-05-22 13:12:39.046 11981 INFO tempest.lib.common.dynamic_creds [-] Acquired dynamic creds:
 credentials: Credentials: {'domain_id': '4b2ef0c2ed1c4c70a2b5f8e214d1c39f', 'domain_name': 'admin_domain', 'username': 'tempest-ObjectTest-1874314263', 'project_domain_id': '4b2ef0c2ed1c4c70a2b5f8e214d1c39f', 'project_domain_name': 'admin_domain', 'project_id': 'd4fe7b57dad44d42818ac7113efccedc', 'project_name': 'tempest-ObjectTest-1874314263', 'tenant_id': 'd4fe7b57dad44d42818ac7113efccedc', 'tenant_name': 'tempest-ObjectTest-1874314263', 'user_domain_id': '4b2ef0c2ed1c4c70a2b5f8e214d1c39f', 'user_domain_name': 'admin_domain', 'user_id': '898c05aacf534765b272e0971ddde1e5'}, Network: None, Subnet: None, Router: None[00m
2019-05-22 13:12:39.046 11981 INFO tempest.lib.common.dynamic_creds [-] Created isolated network resources for:
 credentials: Credentials: {'domain_id': '4b2ef0c2ed1c4c70a2b5f8e214d1c39f', 'domain_name': 'admin_domain', 'username': 'tempest-ObjectTest-1874314263', 'project_domain_id': '4b2ef0c2ed1c4c70a2b5f8e214d1c39f', 'project_domain_name': 'admin_domain', 'project_id': 'd4fe7b57dad44d42818ac7113efccedc', 'project_name': 'tempest-ObjectTest-1874314263', 'tenant_id': 'd4fe7b57dad44d42818ac7113efccedc', 'tenant_name': 'tempest-ObjectTest-1874314263', 'user_domain_id': '4b2ef0c2ed1c4c70a2b5f8e214d1c39f', 'user_domain_name': 'admin_domain', 'user_id': '898c05aacf534765b272e0971ddde1e5'}, Network: None, Subnet: None, Router: None[00m
2019-05-22 13:12:39.361 11981 INFO tempest.lib.common.rest_client [req-e0984e45-34cb-490f-9d59-ea7ca9446e18 ] Request (ObjectTest:setUpClass): 201 POST <a href='http://10.13.3.206:5000/v3/auth/tokens[00m'>http://10.13.3.206:5000/v3/auth/tokens[00m</a>
2019-05-22 13:12:39.611 11981 INFO tempest.lib.common.rest_client [req-8f509bbe-186c-43d9-aafa-a2a8282649b1 ] Request (ObjectTest:setUpClass): 201 POST <a href='http://10.13.3.206:5000/v3/auth/tokens[00m'>http://10.13.3.206:5000/v3/auth/tokens[00m</a>
2019-05-22 13:12:39.923 11981 INFO tempest.lib.common.rest_client [txc1621d5f98a14207a093b-005ce54ac7 ] Request (ObjectTest:setUpClass): 200 GET <a href='http://10.13.3.212:8080/info'>http://10.13.3.212:8080/info</a> 0.311s[00m
2019-05-22 13:12:39.929 11984 INFO tempest.lib.common.rest_client [req-ce0977d5-f97f-4b02-a3b6-5cf58e3d24b1 ] Request (RoutersTest:test_create_show_list_update_delete_router): 201 POST <a href='http://10.13.3.198:9696/v2.0/routers'>http://10.13.3.198:9696/v2.0/routers</a> 1.100s[00m
2019-05-22 13:12:39.980 11981 INFO tempest.lib.common.rest_client [tx741bee49acd34844b7196-005ce54ac7 ] Request (ObjectTest:setUpClass): 201 PUT <a href='http://10.13.3.212:8080/v1/AUTH_d4fe7b57dad44d42818ac7113efccedc/tempest-TestContainer-1823471127'>http://10.13.3.212:8080/v1/AUTH_d4fe7b57dad44d42818ac7113efccedc/tempest-TestContainer-1823471127</a> 0.056s[00m
2019-05-22 13:12:40.031 11981 INFO tempest.lib.common.rest_client [tx1aa5d22ea65c4673be208-005ce54ac7 ] Request (ObjectTest:test_create_object): 201 PUT <a href='http://10.13.3.212:8080/v1/AUTH_d4fe7b57dad44d42818ac7113efccedc/tempest-TestContainer-1823471127/tempest-TestObject-1164946736'>http://10.13.3.212:8080/v1/AUTH_d4fe7b57dad44d42818ac7113efccedc/tempest-TestContainer-1823471127/tempest-TestObject-1164946736</a> 0.043s[00m
2019-05-22 13:12:40.045 11984 INFO tempest.lib.common.rest_client [req-f7492512-dcac-4207-beed-6e65c194db2e ] Request (RoutersTest:test_create_show_list_update_delete_router): 200 GET <a href='http://10.13.3.198:9696/v2.0/routers/f8ad8268-d0dd-4bae-9e32-24e35f26ce4b'>http://10.13.3.198:9696/v2.0/routers/f8ad8268-d0dd-4bae-9e32-24e35f26ce4b</a> 0.116s[00m
2019-05-22 13:12:40.066 11981 INFO tempest.lib.common.rest_client [txaeabed2fa9e340b4bd03e-005ce54ac8 ] Request (ObjectTest:test_create_object): 201 PUT <a href='http://10.13.3.212:8080/v1/AUTH_d4fe7b57dad44d42818ac7113efccedc/tempest-TestContainer-1823471127/tempest-TestObject-491693606'>http://10.13.3.212:8080/v1/AUTH_d4fe7b57dad44d42818ac7113efccedc/tempest-TestContainer-1823471127/tempest-TestObject-491693606</a> 0.033s[00m
2019-05-22 13:12:40.085 11981 INFO tempest.lib.common.rest_client [tx3338ca220f634e168e5e5-005ce54ac8 ] Request (ObjectTest:test_create_object): 200 GET <a href='http://10.13.3.212:8080/v1/AUTH_d4fe7b57dad44d42818ac7113efccedc/tempest-TestContainer-1823471127/tempest-TestObject-491693606'>http://10.13.3.212:8080/v1/AUTH_d4fe7b57dad44d42818ac7113efccedc/tempest-TestContainer-1823471127/tempest-TestObject-491693606</a> 0.018s[00m
{0} tempest.api.object_storage.test_object_services.ObjectTest.test_create_object [0.105883s] ... ok
