smoke installed: asn1crypto==0.24.0,Babel==2.6.0,bcrypt==3.1.6,certifi==2019.3.9,cffi==1.12.3,chardet==3.0.4,cliff==2.14.1,cmd2==0.8.9,cryptography==2.6.1,debtcollector==1.21.0,extras==1.0.0,fasteners==0.14.1,fixtures==3.0.0,future==0.17.1,idna==2.8,iso8601==0.1.12,jsonschema==2.6.0,linecache2==1.0.0,monotonic==1.5,msgpack==0.6.1,netaddr==0.7.19,netifaces==0.10.9,oslo.concurrency==3.29.1,oslo.config==6.9.0,oslo.context==2.22.1,oslo.i18n==3.23.1,oslo.log==3.44.0,oslo.serialization==2.29.1,oslo.utils==3.41.0,paramiko==2.4.2,pbr==5.2.0,pkg-resources==0.0.0,prettytable==0.7.2,pyasn1==0.4.5,pycparser==2.19,pyinotify==0.9.6,PyNaCl==1.3.0,pyparsing==2.4.0,pyperclip==1.7.0,python-dateutil==2.8.0,python-mimeparse==1.6.0,python-subunit==1.3.0,pytz==2019.1,PyYAML==5.1,requests==2.22.0,rfc3986==1.3.2,six==1.12.0,stestr==2.3.1,stevedore==1.30.1,-e git+<a href='https://github.com/openstack/tempest@6555d7c98d19b8a17a906bdc2e689e8f88fd3ca6#egg=tempest,testtools==2.3.0,traceback2==1.4.0,unittest2==1.1.0,urllib3==1.24.3,voluptuous==0.11.5,wcwidth==0.1.7,wrapt==1.11.1'>https://github.com/openstack/tempest@6555d7c98d19b8a17a906bdc2e689e8f88fd3ca6#egg=tempest,testtools==2.3.0,traceback2==1.4.0,unittest2==1.1.0,urllib3==1.24.3,voluptuous==0.11.5,wcwidth==0.1.7,wrapt==1.11.1</a>
smoke runtests: PYTHONHASHSEED='4268210718'
smoke runtests: commands[0] | find . -type f -name *.pyc -delete
smoke runtests: commands[1] | tempest run --regex \[.*\bsmoke\b.*\]
2019-05-22 13:10:43.110 11984 INFO tempest [-] Using tempest config file /home/jenkins/tools/zopenstack/tools/2-configure/tempest/etc/tempest.conf[00m
2019-05-22 13:10:43.115 11984 WARNING oslo_config.cfg [-] Deprecated: Option "api_v2" from group "identity-feature-enabled" is deprecated for removal (The identity v2.0 API was removed in the Queens release. Tests that exercise the v2.0 API will be removed from tempest in the v22.0.0 release. They are kept only to test stable branches.).  Its value may be silently ignored in the future.[00m
2019-05-22 13:10:43.116 11984 WARNING oslo_config.cfg [-] Deprecated: Option "dns_servers" from group "network" is deprecated for removal (This config option is no longer used anywhere, so it can be removed.).  Its value may be silently ignored in the future.[00m
2019-05-22 13:10:43.118 11984 WARNING oslo_config.cfg [-] Deprecated: Option "api_v2" from group "volume-feature-enabled" is deprecated for removal (The v2 volume API has been deprecated since Pike release. Now Tempest run all the volume tests against v2 or v3 API based on CONF.volume.catalog_type which makes this config option unusable. If catalog_type is volumev2, then all the volume tests will run against v2 API. Use ``CONF.volume.catalog_type`` to run the Tempest against volume v2 or v3 API).  Its value may be silently ignored in the future.[00m
2019-05-22 13:10:43.118 11984 WARNING oslo_config.cfg [-] Deprecated: Option "api_v3" from group "volume-feature-enabled" is deprecated for removal (Tempest run all the volume tests against v2 or v3 API based on CONF.volume.catalog_type which makes this config option unusable. If catalog_type is volumev3 which is default, then all the volume tests will run against v3 API. Use ``CONF.volume.catalog_type`` to run the Tempest against volume v2 or v3 API).  Its value may be silently ignored in the future.[00m
2019-05-22 13:10:43.119 11984 WARNING oslo_config.cfg [-] Deprecated: Option "img_dir" from group "scenario" is deprecated for removal.  Its value may be silently ignored in the future.[00m
2019-05-22 13:10:43.139 11981 INFO tempest [-] Using tempest config file /home/jenkins/tools/zopenstack/tools/2-configure/tempest/etc/tempest.conf[00m
2019-05-22 13:10:43.144 11981 WARNING oslo_config.cfg [-] Deprecated: Option "api_v2" from group "identity-feature-enabled" is deprecated for removal (The identity v2.0 API was removed in the Queens release. Tests that exercise the v2.0 API will be removed from tempest in the v22.0.0 release. They are kept only to test stable branches.).  Its value may be silently ignored in the future.[00m
2019-05-22 13:10:43.145 11981 WARNING oslo_config.cfg [-] Deprecated: Option "dns_servers" from group "network" is deprecated for removal (This config option is no longer used anywhere, so it can be removed.).  Its value may be silently ignored in the future.[00m
2019-05-22 13:10:43.146 11981 WARNING oslo_config.cfg [-] Deprecated: Option "api_v2" from group "volume-feature-enabled" is deprecated for removal (The v2 volume API has been deprecated since Pike release. Now Tempest run all the volume tests against v2 or v3 API based on CONF.volume.catalog_type which makes this config option unusable. If catalog_type is volumev2, then all the volume tests will run against v2 API. Use ``CONF.volume.catalog_type`` to run the Tempest against volume v2 or v3 API).  Its value may be silently ignored in the future.[00m
2019-05-22 13:10:43.147 11981 WARNING oslo_config.cfg [-] Deprecated: Option "api_v3" from group "volume-feature-enabled" is deprecated for removal (Tempest run all the volume tests against v2 or v3 API based on CONF.volume.catalog_type which makes this config option unusable. If catalog_type is volumev3 which is default, then all the volume tests will run against v3 API. Use ``CONF.volume.catalog_type`` to run the Tempest against volume v2 or v3 API).  Its value may be silently ignored in the future.[00m
2019-05-22 13:10:43.148 11981 WARNING oslo_config.cfg [-] Deprecated: Option "img_dir" from group "scenario" is deprecated for removal.  Its value may be silently ignored in the future.[00m
2019-05-22 13:10:43.730 11984 INFO tempest.lib.common.rest_client [req-ee0a9a93-534f-49bd-915a-2d1f7c38f6cf ] Request (FlavorsV2TestJSON:setUpClass): 201 POST <a href='http://10.13.3.206:5000/v3/auth/tokens[00m'>http://10.13.3.206:5000/v3/auth/tokens[00m</a>
2019-05-22 13:10:43.755 11981 INFO tempest.lib.common.rest_client [req-c1d4f305-b9bb-4cb3-aea7-092b1605ea44 ] Request (SecurityGroupRulesTestJSON:setUpClass): 201 POST <a href='http://10.13.3.206:5000/v3/auth/tokens[00m'>http://10.13.3.206:5000/v3/auth/tokens[00m</a>
2019-05-22 13:10:44.011 11984 INFO tempest.lib.common.rest_client [req-23beebdd-adad-4d13-b3ce-c85e3537aeb1 ] Request (FlavorsV2TestJSON:setUpClass): 201 POST <a href='http://10.13.3.206:5000/v3/auth/tokens[00m'>http://10.13.3.206:5000/v3/auth/tokens[00m</a>
2019-05-22 13:10:44.014 11981 INFO tempest.lib.common.rest_client [req-53aae7c7-2248-4876-ae2a-107ea2d44ff0 ] Request (SecurityGroupRulesTestJSON:setUpClass): 201 POST <a href='http://10.13.3.206:5000/v3/auth/tokens[00m'>http://10.13.3.206:5000/v3/auth/tokens[00m</a>
2019-05-22 13:10:44.029 11984 INFO tempest.lib.common.rest_client [req-1ce5c05d-cfbe-4e32-9602-b1066d1462d0 ] Request (FlavorsV2TestJSON:setUpClass): 200 GET <a href='http://10.13.3.206:35357/v3/domains?name=admin_domain'>http://10.13.3.206:35357/v3/domains?name=admin_domain</a> 0.017s[00m
2019-05-22 13:10:44.040 11981 INFO tempest.lib.common.rest_client [req-48e1de8f-4e55-4c25-aeaf-9c122f4899b7 ] Request (SecurityGroupRulesTestJSON:setUpClass): 200 GET <a href='http://10.13.3.206:35357/v3/domains?name=admin_domain'>http://10.13.3.206:35357/v3/domains?name=admin_domain</a> 0.024s[00m
2019-05-22 13:10:44.058 11984 INFO tempest.lib.common.rest_client [req-08409b26-358a-4918-ab2d-787f3cfcc74f ] Request (FlavorsV2TestJSON:setUpClass): 201 POST <a href='http://10.13.3.206:35357/v3/projects'>http://10.13.3.206:35357/v3/projects</a> 0.022s[00m
2019-05-22 13:10:44.092 11981 INFO tempest.lib.common.rest_client [req-9e42a07d-8eff-4485-bf81-0090b8d50222 ] Request (SecurityGroupRulesTestJSON:setUpClass): 201 POST <a href='http://10.13.3.206:35357/v3/projects'>http://10.13.3.206:35357/v3/projects</a> 0.047s[00m
2019-05-22 13:10:44.336 11984 INFO tempest.lib.common.rest_client [req-b48aaeed-5e80-4f53-89b4-ab7b0863bdfb ] Request (FlavorsV2TestJSON:setUpClass): 201 POST <a href='http://10.13.3.206:35357/v3/users'>http://10.13.3.206:35357/v3/users</a> 0.276s[00m
2019-05-22 13:10:44.565 11981 INFO tempest.lib.common.rest_client [req-adda1aea-d82b-486c-b6a0-3a57e89adb8f ] Request (SecurityGroupRulesTestJSON:setUpClass): 201 POST <a href='http://10.13.3.206:35357/v3/users'>http://10.13.3.206:35357/v3/users</a> 0.472s[00m
2019-05-22 13:10:44.573 11984 INFO tempest.lib.common.rest_client [req-3428ae71-ddcd-4a13-915e-1bdb32a12b7f ] Request (FlavorsV2TestJSON:setUpClass): 200 GET <a href='http://10.13.3.206:35357/v3/roles'>http://10.13.3.206:35357/v3/roles</a> 0.236s[00m
2019-05-22 13:10:44.581 11981 INFO tempest.lib.common.rest_client [req-6b798d00-a0b9-46b9-9c48-23b69ac21e79 ] Request (SecurityGroupRulesTestJSON:setUpClass): 200 GET <a href='http://10.13.3.206:35357/v3/roles'>http://10.13.3.206:35357/v3/roles</a> 0.013s[00m
2019-05-22 13:10:44.590 11984 INFO tempest.lib.common.rest_client [req-9371b5c2-a6a8-4d73-9a0c-c703b57a1739 ] Request (FlavorsV2TestJSON:setUpClass): 200 GET <a href='http://10.13.3.206:35357/v3/roles'>http://10.13.3.206:35357/v3/roles</a> 0.014s[00m
2019-05-22 13:10:44.599 11981 INFO tempest.lib.common.rest_client [req-609fa60c-5abd-439b-961a-4a028da605a8 ] Request (SecurityGroupRulesTestJSON:setUpClass): 200 GET <a href='http://10.13.3.206:35357/v3/roles'>http://10.13.3.206:35357/v3/roles</a> 0.017s[00m
2019-05-22 13:10:44.625 11984 INFO tempest.lib.common.rest_client [req-4f09fc13-e168-4db6-9a69-7c4a059e41b9 ] Request (FlavorsV2TestJSON:setUpClass): 204 PUT <a href='http://10.13.3.206:35357/v3/projects/cbcb8572f24f4d79852deebdf3d1d56d/users/39dd7e0077b54e7ea546a90acdd18679/roles/bd0daca4ac414c2bada69d729e0bcf75'>http://10.13.3.206:35357/v3/projects/cbcb8572f24f4d79852deebdf3d1d56d/users/39dd7e0077b54e7ea546a90acdd18679/roles/bd0daca4ac414c2bada69d729e0bcf75</a> 0.035s[00m
2019-05-22 13:10:44.629 11984 INFO tempest.lib.common.dynamic_creds [-] Acquired dynamic creds:
 credentials: Credentials: {'domain_id': '4b2ef0c2ed1c4c70a2b5f8e214d1c39f', 'domain_name': 'admin_domain', 'username': 'tempest-FlavorsV2TestJSON-1396810620', 'project_domain_id': '4b2ef0c2ed1c4c70a2b5f8e214d1c39f', 'project_domain_name': 'admin_domain', 'project_id': 'cbcb8572f24f4d79852deebdf3d1d56d', 'project_name': 'tempest-FlavorsV2TestJSON-1396810620', 'tenant_id': 'cbcb8572f24f4d79852deebdf3d1d56d', 'tenant_name': 'tempest-FlavorsV2TestJSON-1396810620', 'user_domain_id': '4b2ef0c2ed1c4c70a2b5f8e214d1c39f', 'user_domain_name': 'admin_domain', 'user_id': '39dd7e0077b54e7ea546a90acdd18679'}, Network: None, Subnet: None, Router: None[00m
2019-05-22 13:10:44.634 11984 INFO tempest.lib.common.dynamic_creds [-] Created isolated network resources for:
 credentials: Credentials: {'domain_id': '4b2ef0c2ed1c4c70a2b5f8e214d1c39f', 'domain_name': 'admin_domain', 'username': 'tempest-FlavorsV2TestJSON-1396810620', 'project_domain_id': '4b2ef0c2ed1c4c70a2b5f8e214d1c39f', 'project_domain_name': 'admin_domain', 'project_id': 'cbcb8572f24f4d79852deebdf3d1d56d', 'project_name': 'tempest-FlavorsV2TestJSON-1396810620', 'tenant_id': 'cbcb8572f24f4d79852deebdf3d1d56d', 'tenant_name': 'tempest-FlavorsV2TestJSON-1396810620', 'user_domain_id': '4b2ef0c2ed1c4c70a2b5f8e214d1c39f', 'user_domain_name': 'admin_domain', 'user_id': '39dd7e0077b54e7ea546a90acdd18679'}, Network: None, Subnet: None, Router: None[00m
2019-05-22 13:10:44.672 11981 INFO tempest.lib.common.rest_client [req-679b462c-310c-44b1-96f9-8207aee0d819 ] Request (SecurityGroupRulesTestJSON:setUpClass): 204 PUT <a href='http://10.13.3.206:35357/v3/projects/720366973bf5403da54b0038ea3ac3fd/users/2f0920b6244e4b95b75663dfeed9ba43/roles/bd0daca4ac414c2bada69d729e0bcf75'>http://10.13.3.206:35357/v3/projects/720366973bf5403da54b0038ea3ac3fd/users/2f0920b6244e4b95b75663dfeed9ba43/roles/bd0daca4ac414c2bada69d729e0bcf75</a> 0.072s[00m
2019-05-22 13:10:44.672 11981 INFO tempest.lib.common.dynamic_creds [-] Acquired dynamic creds:
 credentials: Credentials: {'domain_id': '4b2ef0c2ed1c4c70a2b5f8e214d1c39f', 'domain_name': 'admin_domain', 'username': 'tempest-SecurityGroupRulesTestJSON-888858555', 'project_domain_id': '4b2ef0c2ed1c4c70a2b5f8e214d1c39f', 'project_domain_name': 'admin_domain', 'project_id': '720366973bf5403da54b0038ea3ac3fd', 'project_name': 'tempest-SecurityGroupRulesTestJSON-888858555', 'tenant_id': '720366973bf5403da54b0038ea3ac3fd', 'tenant_name': 'tempest-SecurityGroupRulesTestJSON-888858555', 'user_domain_id': '4b2ef0c2ed1c4c70a2b5f8e214d1c39f', 'user_domain_name': 'admin_domain', 'user_id': '2f0920b6244e4b95b75663dfeed9ba43'}, Network: None, Subnet: None, Router: None[00m
2019-05-22 13:10:44.957 11981 INFO tempest.lib.common.rest_client [req-5838396a-ac54-42ac-bd7c-914b301957a6 ] Request (SecurityGroupRulesTestJSON:setUpClass): 201 POST <a href='http://10.13.3.206:5000/v3/auth/tokens[00m'>http://10.13.3.206:5000/v3/auth/tokens[00m</a>
2019-05-22 13:10:44.990 11984 INFO tempest.lib.common.rest_client [req-39eeae66-9ab3-43d4-b8f8-d482605f32df ] Request (FlavorsV2TestJSON:setUpClass): 201 POST <a href='http://10.13.3.206:5000/v3/auth/tokens[00m'>http://10.13.3.206:5000/v3/auth/tokens[00m</a>
2019-05-22 13:10:45.067 11984 INFO tempest.lib.common.rest_client [req-b7a4eddf-7e33-4948-80a8-7c6c6895fe52 ] Request (FlavorsV2TestJSON:test_get_flavor): 200 GET <a href='http://10.13.3.222:8774/v2.1/flavors/7'>http://10.13.3.222:8774/v2.1/flavors/7</a> 0.075s[00m
{1} tempest.api.compute.flavors.test_flavors.FlavorsV2TestJSON.test_get_flavor [0.078393s] ... ok
2019-05-22 13:10:45.094 11984 INFO tempest.lib.common.rest_client [req-7e102fbe-196e-4c2e-9c34-8739c9ae2aff ] Request (FlavorsV2TestJSON:test_list_flavors): 200 GET <a href='http://10.13.3.222:8774/v2.1/flavors'>http://10.13.3.222:8774/v2.1/flavors</a> 0.024s[00m
2019-05-22 13:10:45.114 11984 INFO tempest.lib.common.rest_client [req-50643e69-5ba3-4d4d-b736-90cc38f524dc ] Request (FlavorsV2TestJSON:test_list_flavors): 200 GET <a href='http://10.13.3.222:8774/v2.1/flavors/7'>http://10.13.3.222:8774/v2.1/flavors/7</a> 0.014s[00m
{1} tempest.api.compute.flavors.test_flavors.FlavorsV2TestJSON.test_list_flavors [0.047211s] ... ok
2019-05-22 13:10:45.174 11981 INFO tempest.lib.common.rest_client [req-1ab35fc8-49bf-41b1-af87-947b93818fba ] Request (SecurityGroupRulesTestJSON:setUpClass): 201 POST <a href='http://10.13.3.198:9696/v2.0/networks'>http://10.13.3.198:9696/v2.0/networks</a> 0.214s[00m
2019-05-22 13:10:45.190 11984 INFO tempest.lib.common.rest_client [req-62847125-d423-419d-9ae4-43591d5dc115 ] Request (FlavorsV2TestJSON:tearDownClass): 204 DELETE <a href='http://10.13.3.206:35357/v3/users/39dd7e0077b54e7ea546a90acdd18679'>http://10.13.3.206:35357/v3/users/39dd7e0077b54e7ea546a90acdd18679</a> 0.069s[00m
2019-05-22 13:10:45.460 11984 INFO tempest.lib.common.rest_client [req-adc565ba-aae5-493e-9bf0-86c140e4c31a ] Request (FlavorsV2TestJSON:tearDownClass): 201 POST <a href='http://10.13.3.206:5000/v3/auth/tokens[00m'>http://10.13.3.206:5000/v3/auth/tokens[00m</a>
2019-05-22 13:10:45.450 11981 INFO tempest.lib.common.rest_client [req-3104092f-b66f-491d-ad0f-05d3b2c6622a ] Request (SecurityGroupRulesTestJSON:setUpClass): 201 POST <a href='http://10.13.3.198:9696/v2.0/subnets'>http://10.13.3.198:9696/v2.0/subnets</a> 0.276s[00m
2019-05-22 13:10:45.451 11981 INFO tempest.lib.common.dynamic_creds [-] Created isolated network resources for:
 credentials: Credentials: {'domain_id': '4b2ef0c2ed1c4c70a2b5f8e214d1c39f', 'domain_name': 'admin_domain', 'username': 'tempest-SecurityGroupRulesTestJSON-888858555', 'project_domain_id': '4b2ef0c2ed1c4c70a2b5f8e214d1c39f', 'project_domain_name': 'admin_domain', 'project_id': '720366973bf5403da54b0038ea3ac3fd', 'project_name': 'tempest-SecurityGroupRulesTestJSON-888858555', 'tenant_id': '720366973bf5403da54b0038ea3ac3fd', 'tenant_name': 'tempest-SecurityGroupRulesTestJSON-888858555', 'user_domain_id': '4b2ef0c2ed1c4c70a2b5f8e214d1c39f', 'user_domain_name': 'admin_domain', 'user_id': '2f0920b6244e4b95b75663dfeed9ba43'}, Network: {'id': '2f629bd5-74d7-41d6-a035-197a78394f31', 'name': 'tempest-SecurityGroupRulesTestJSON-1495983433-network', 'tenant_id': '720366973bf5403da54b0038ea3ac3fd', 'admin_state_up': True, 'mtu': 1458, 'status': 'ACTIVE', 'subnets': [], 'shared': False, 'project_id': '720366973bf5403da54b0038ea3ac3fd', 'dns_domain': '', 'router:external': False, 'provider:network_type': 'gre', 'provider:physical_network': None, 'provider:segmentation_id': 94, 'availability_zone_hints': [], 'is_default': False, 'availability_zones': [], 'ipv4_address_scope': None, 'ipv6_address_scope': None, 'description': '', 'l2_adjacency': True, 'tags': [], 'created_at': '2019-05-22T13:10:45Z', 'updated_at': '2019-05-22T13:10:45Z', 'revision_number': 1}, Subnet: {'id': '3d7b3cd5-388c-4abe-a135-bae53eabbd50', 'name': 'tempest-SecurityGroupRulesTestJSON-1495983433-subnet', 'tenant_id': '720366973bf5403da54b0038ea3ac3fd', 'network_id': '2f629bd5-74d7-41d6-a035-197a78394f31', 'ip_version': 4, 'subnetpool_id': None, 'enable_dhcp': False, 'ipv6_ra_mode': None, 'ipv6_address_mode': None, 'gateway_ip': '172.16.0.1', 'cidr': '172.16.0.0/28', 'allocation_pools': [{'start': '172.16.0.2', 'end': '172.16.0.14'}], 'host_routes': [], 'dns_nameservers': [], 'description': '', 'service_types': [], 'segment_id': None, 'tags': [], 'created_at': '2019-05-22T13:10:45Z', 'updated_at': '2019-05-22T13:10:45Z', 'revision_number': 0, 'project_id': '720366973bf5403da54b0038ea3ac3fd'}, Router: None[00m
2019-05-22 13:10:45.608 11984 INFO tempest.lib.common.rest_client [req-1cf44d05-f02b-4a6b-be38-f464c0770097 ] Request (FlavorsV2TestJSON:tearDownClass): 200 GET <a href='http://10.13.3.198:9696/v2.0/security-groups?tenant_id=cbcb8572f24f4d79852deebdf3d1d56d&name=default'>http://10.13.3.198:9696/v2.0/security-groups?tenant_id=cbcb8572f24f4d79852deebdf3d1d56d&amp;name=default</a> 0.144s[00m
2019-05-22 13:10:45.687 11984 INFO tempest.lib.common.rest_client [req-ee0b3dbb-0e00-401a-9b70-18b280994a76 ] Request (FlavorsV2TestJSON:tearDownClass): 204 DELETE <a href='http://10.13.3.198:9696/v2.0/security-groups/72e32ced-3a8d-432a-9fbf-5c1444cc7a52'>http://10.13.3.198:9696/v2.0/security-groups/72e32ced-3a8d-432a-9fbf-5c1444cc7a52</a> 0.077s[00m
2019-05-22 13:10:45.755 11984 INFO tempest.lib.common.rest_client [req-3c14a208-0f02-41b6-a74c-10bbb6043a28 ] Request (FlavorsV2TestJSON:tearDownClass): 204 DELETE <a href='http://10.13.3.206:35357/v3/projects/cbcb8572f24f4d79852deebdf3d1d56d'>http://10.13.3.206:35357/v3/projects/cbcb8572f24f4d79852deebdf3d1d56d</a> 0.065s[00m
2019-05-22 13:10:45.796 11981 INFO tempest.lib.common.rest_client [req-cefaa3ab-e14f-4fc2-af0e-304f1fa4366c ] Request (SecurityGroupRulesTestJSON:setUpClass): 201 POST <a href='http://10.13.3.206:5000/v3/auth/tokens[00m'>http://10.13.3.206:5000/v3/auth/tokens[00m</a>
2019-05-22 13:10:45.992 11981 INFO tempest.lib.common.rest_client [req-7d9e5366-8969-48bb-a933-67ae7648f9ee ] Request (SecurityGroupRulesTestJSON:test_security_group_rules_create): 200 POST <a href='http://10.13.3.222:8774/v2.1/os-security-groups'>http://10.13.3.222:8774/v2.1/os-security-groups</a> 0.193s[00m
2019-05-22 13:10:46.032 11984 INFO tempest.lib.common.rest_client [req-696ac399-4df4-41f0-b17f-b5232a4fd6a5 ] Request (ServersTestBootFromVolume:setUpClass): 201 POST <a href='http://10.13.3.206:5000/v3/auth/tokens[00m'>http://10.13.3.206:5000/v3/auth/tokens[00m</a>
2019-05-22 13:10:46.088 11981 INFO tempest.lib.common.rest_client [req-46e8c784-e5fb-4c94-8775-60b63e633ba9 ] Request (SecurityGroupRulesTestJSON:test_security_group_rules_create): 200 POST <a href='http://10.13.3.222:8774/v2.1/os-security-group-rules'>http://10.13.3.222:8774/v2.1/os-security-group-rules</a> 0.093s[00m
{0} tempest.api.compute.security_groups.test_security_group_rules.SecurityGroupRulesTestJSON.test_security_group_rules_create [0.292380s] ... ok
2019-05-22 13:10:46.169 11981 INFO tempest.lib.common.rest_client [req-0304518a-8a80-48a8-9281-43d189133135 ] Request (SecurityGroupRulesTestJSON:test_security_group_rules_list): 200 POST <a href='http://10.13.3.222:8774/v2.1/os-security-groups'>http://10.13.3.222:8774/v2.1/os-security-groups</a> 0.078s[00m
2019-05-22 13:10:46.274 11981 INFO tempest.lib.common.rest_client [req-dba4b723-4f89-4dee-a2b4-2fb731b75385 ] Request (SecurityGroupRulesTestJSON:test_security_group_rules_list): 200 POST <a href='http://10.13.3.222:8774/v2.1/os-security-group-rules'>http://10.13.3.222:8774/v2.1/os-security-group-rules</a> 0.103s[00m
2019-05-22 13:10:46.292 11984 INFO tempest.lib.common.rest_client [req-baec4743-d79f-4851-be70-7a5d46153568 ] Request (ServersTestBootFromVolume:setUpClass): 201 POST <a href='http://10.13.3.206:5000/v3/auth/tokens[00m'>http://10.13.3.206:5000/v3/auth/tokens[00m</a>
2019-05-22 13:10:46.316 11984 INFO tempest.lib.common.rest_client [req-4b4fcba3-b8b3-4c1c-8d7a-b27c40e69507 ] Request (ServersTestBootFromVolume:setUpClass): 200 GET <a href='http://10.13.3.206:35357/v3/domains?name=admin_domain'>http://10.13.3.206:35357/v3/domains?name=admin_domain</a> 0.021s[00m
2019-05-22 13:10:46.344 11984 INFO tempest.lib.common.rest_client [req-d030bc1c-944f-4682-9703-ddced14e1b87 ] Request (ServersTestBootFromVolume:setUpClass): 201 POST <a href='http://10.13.3.206:35357/v3/projects'>http://10.13.3.206:35357/v3/projects</a> 0.025s[00m
2019-05-22 13:10:46.508 11981 INFO tempest.lib.common.rest_client [req-1b6565f6-0e6a-4163-88cd-86c9d9d852a0 ] Request (SecurityGroupRulesTestJSON:test_security_group_rules_list): 200 POST <a href='http://10.13.3.222:8774/v2.1/os-security-group-rules'>http://10.13.3.222:8774/v2.1/os-security-group-rules</a> 0.232s[00m
2019-05-22 13:10:46.545 11981 INFO tempest.lib.common.rest_client [req-78e9b8e5-f899-45c6-889d-cc1a619dba0a ] Request (SecurityGroupRulesTestJSON:test_security_group_rules_list): 200 GET <a href='http://10.13.3.222:8774/v2.1/os-security-groups/d42b7b6a-384c-4ab4-a81a-d72ef8369fdc'>http://10.13.3.222:8774/v2.1/os-security-groups/d42b7b6a-384c-4ab4-a81a-d72ef8369fdc</a> 0.035s[00m
2019-05-22 13:10:46.594 11984 INFO tempest.lib.common.rest_client [req-96cfb97f-bd7c-42d7-ab63-e80ae7d93af2 ] Request (ServersTestBootFromVolume:setUpClass): 201 POST <a href='http://10.13.3.206:35357/v3/users'>http://10.13.3.206:35357/v3/users</a> 0.248s[00m
2019-05-22 13:10:46.606 11984 INFO tempest.lib.common.rest_client [req-37a9bcf7-d835-4d74-b73f-a5d02cecf3a8 ] Request (ServersTestBootFromVolume:setUpClass): 200 GET <a href='http://10.13.3.206:35357/v3/roles'>http://10.13.3.206:35357/v3/roles</a> 0.012s[00m
2019-05-22 13:10:46.619 11984 INFO tempest.lib.common.rest_client [req-70a60950-9ba5-40d2-98e0-5b819d45d20c ] Request (ServersTestBootFromVolume:setUpClass): 200 GET <a href='http://10.13.3.206:35357/v3/roles'>http://10.13.3.206:35357/v3/roles</a> 0.012s[00m
2019-05-22 13:10:46.647 11981 INFO tempest.lib.common.rest_client [req-1083cc60-7084-425a-b63c-24d63a8cccb8 ] Request (SecurityGroupRulesTestJSON:_run_cleanups): 202 DELETE <a href='http://10.13.3.222:8774/v2.1/os-security-group-rules/39a9fe39-c7bf-4473-8a36-a2cdf8bef349'>http://10.13.3.222:8774/v2.1/os-security-group-rules/39a9fe39-c7bf-4473-8a36-a2cdf8bef349</a> 0.100s[00m
{0} tempest.api.compute.security_groups.test_security_group_rules.SecurityGroupRulesTestJSON.test_security_group_rules_list [0.557587s] ... ok
2019-05-22 13:10:46.651 11984 INFO tempest.lib.common.rest_client [req-15a8b427-fed5-42dd-9357-b766c8f4d8b1 ] Request (ServersTestBootFromVolume:setUpClass): 204 PUT <a href='http://10.13.3.206:35357/v3/projects/c96c05ecdd95464e86dc9f4c0164e451/users/8b3e8001ac244ab3b4ac242ff4e24258/roles/bd0daca4ac414c2bada69d729e0bcf75'>http://10.13.3.206:35357/v3/projects/c96c05ecdd95464e86dc9f4c0164e451/users/8b3e8001ac244ab3b4ac242ff4e24258/roles/bd0daca4ac414c2bada69d729e0bcf75</a> 0.031s[00m
2019-05-22 13:10:46.653 11984 INFO tempest.lib.common.dynamic_creds [-] Acquired dynamic creds:
 credentials: Credentials: {'domain_id': '4b2ef0c2ed1c4c70a2b5f8e214d1c39f', 'domain_name': 'admin_domain', 'username': 'tempest-ServersTestBootFromVolume-29599273', 'project_domain_id': '4b2ef0c2ed1c4c70a2b5f8e214d1c39f', 'project_domain_name': 'admin_domain', 'project_id': 'c96c05ecdd95464e86dc9f4c0164e451', 'project_name': 'tempest-ServersTestBootFromVolume-29599273', 'tenant_id': 'c96c05ecdd95464e86dc9f4c0164e451', 'tenant_name': 'tempest-ServersTestBootFromVolume-29599273', 'user_domain_id': '4b2ef0c2ed1c4c70a2b5f8e214d1c39f', 'user_domain_name': 'admin_domain', 'user_id': '8b3e8001ac244ab3b4ac242ff4e24258'}, Network: None, Subnet: None, Router: None[00m
2019-05-22 13:10:46.774 11981 INFO tempest.lib.common.rest_client [req-11206110-5c5d-4bd6-b791-df57174b2ddc ] Request (SecurityGroupRulesTestJSON:tearDownClass): 202 DELETE <a href='http://10.13.3.222:8774/v2.1/os-security-groups/d42b7b6a-384c-4ab4-a81a-d72ef8369fdc'>http://10.13.3.222:8774/v2.1/os-security-groups/d42b7b6a-384c-4ab4-a81a-d72ef8369fdc</a> 0.126s[00m
2019-05-22 13:10:46.907 11981 INFO tempest.lib.common.rest_client [req-48802ef0-6675-4824-a138-69ba2e836bb4 ] Request (SecurityGroupRulesTestJSON:tearDownClass): 202 DELETE <a href='http://10.13.3.222:8774/v2.1/os-security-groups/2227db0f-484c-47e0-a445-907c07d02875'>http://10.13.3.222:8774/v2.1/os-security-groups/2227db0f-484c-47e0-a445-907c07d02875</a> 0.133s[00m
2019-05-22 13:10:46.928 11984 INFO tempest.lib.common.rest_client [req-cfa96e4a-5038-4893-b731-f34c904da7da ] Request (ServersTestBootFromVolume:setUpClass): 201 POST <a href='http://10.13.3.206:5000/v3/auth/tokens[00m'>http://10.13.3.206:5000/v3/auth/tokens[00m</a>
2019-05-22 13:10:47.186 11984 INFO tempest.lib.common.rest_client [req-4d36448e-872d-471a-ac73-9025528edd26 ] Request (ServersTestBootFromVolume:setUpClass): 201 POST <a href='http://10.13.3.198:9696/v2.0/networks'>http://10.13.3.198:9696/v2.0/networks</a> 0.257s[00m
2019-05-22 13:10:47.203 11981 INFO tempest.lib.common.rest_client [req-46205d4c-94d8-4c3a-922b-ed1af73706b2 ] Request (SecurityGroupRulesTestJSON:tearDownClass): 204 DELETE <a href='http://10.13.3.198:9696/v2.0/subnets/3d7b3cd5-388c-4abe-a135-bae53eabbd50'>http://10.13.3.198:9696/v2.0/subnets/3d7b3cd5-388c-4abe-a135-bae53eabbd50</a> 0.295s[00m
2019-05-22 13:10:47.497 11984 INFO tempest.lib.common.rest_client [req-eccc8f9c-7ed1-4857-84a1-2a050d00c4e1 ] Request (ServersTestBootFromVolume:setUpClass): 201 POST <a href='http://10.13.3.198:9696/v2.0/subnets'>http://10.13.3.198:9696/v2.0/subnets</a> 0.308s[00m
2019-05-22 13:10:47.691 11981 INFO tempest.lib.common.rest_client [req-5d2c0ad1-e373-44c0-8f2e-c4f1c903e8ab ] Request (SecurityGroupRulesTestJSON:tearDownClass): 204 DELETE <a href='http://10.13.3.198:9696/v2.0/networks/2f629bd5-74d7-41d6-a035-197a78394f31'>http://10.13.3.198:9696/v2.0/networks/2f629bd5-74d7-41d6-a035-197a78394f31</a> 0.487s[00m
2019-05-22 13:10:47.763 11981 INFO tempest.lib.common.rest_client [req-e9a988d5-3d86-4180-8db4-555498faddee ] Request (SecurityGroupRulesTestJSON:tearDownClass): 204 DELETE <a href='http://10.13.3.206:35357/v3/users/2f0920b6244e4b95b75663dfeed9ba43'>http://10.13.3.206:35357/v3/users/2f0920b6244e4b95b75663dfeed9ba43</a> 0.071s[00m
2019-05-22 13:10:47.801 11981 INFO tempest.lib.common.rest_client [req-85bbfdbd-36cf-4b3d-ace0-522c7ee7ae4e ] Request (SecurityGroupRulesTestJSON:tearDownClass): 200 GET <a href='http://10.13.3.198:9696/v2.0/security-groups?tenant_id=720366973bf5403da54b0038ea3ac3fd&name=default'>http://10.13.3.198:9696/v2.0/security-groups?tenant_id=720366973bf5403da54b0038ea3ac3fd&amp;name=default</a> 0.037s[00m
2019-05-22 13:10:47.895 11981 INFO tempest.lib.common.rest_client [req-e485a027-a6c7-463d-af62-3d1fcf25d5cc ] Request (SecurityGroupRulesTestJSON:tearDownClass): 204 DELETE <a href='http://10.13.3.198:9696/v2.0/security-groups/ee90d882-2831-45c3-8017-1393353ba01f'>http://10.13.3.198:9696/v2.0/security-groups/ee90d882-2831-45c3-8017-1393353ba01f</a> 0.094s[00m
2019-05-22 13:10:47.962 11981 INFO tempest.lib.common.rest_client [req-43be30ea-29b4-4417-8fc8-0aa4eb3acefc ] Request (SecurityGroupRulesTestJSON:tearDownClass): 204 DELETE <a href='http://10.13.3.206:35357/v3/projects/720366973bf5403da54b0038ea3ac3fd'>http://10.13.3.206:35357/v3/projects/720366973bf5403da54b0038ea3ac3fd</a> 0.066s[00m
2019-05-22 13:10:48.233 11981 INFO tempest.lib.common.rest_client [req-9417b6c7-c1f4-4a14-b80d-426bafd3a41f ] Request (SecurityGroupsTestJSON:setUpClass): 201 POST <a href='http://10.13.3.206:5000/v3/auth/tokens[00m'>http://10.13.3.206:5000/v3/auth/tokens[00m</a>
2019-05-22 13:10:48.497 11981 INFO tempest.lib.common.rest_client [req-5b6f3efa-2525-458d-9e2e-439afa533312 ] Request (SecurityGroupsTestJSON:setUpClass): 201 POST <a href='http://10.13.3.206:5000/v3/auth/tokens[00m'>http://10.13.3.206:5000/v3/auth/tokens[00m</a>
2019-05-22 13:10:48.519 11981 INFO tempest.lib.common.rest_client [req-95e6dbde-56f7-4f34-baf7-dfc4a2752df6 ] Request (SecurityGroupsTestJSON:setUpClass): 200 GET <a href='http://10.13.3.206:35357/v3/domains?name=admin_domain'>http://10.13.3.206:35357/v3/domains?name=admin_domain</a> 0.021s[00m
2019-05-22 13:10:48.540 11981 INFO tempest.lib.common.rest_client [req-abea1c53-18f9-40d0-b08b-110d55760c26 ] Request (SecurityGroupsTestJSON:setUpClass): 201 POST <a href='http://10.13.3.206:35357/v3/projects'>http://10.13.3.206:35357/v3/projects</a> 0.021s[00m
2019-05-22 13:10:48.764 11984 INFO tempest.lib.common.rest_client [req-4450ed98-6aea-4457-ab42-0a84e6f850cc ] Request (ServersTestBootFromVolume:setUpClass): 201 POST <a href='http://10.13.3.198:9696/v2.0/routers'>http://10.13.3.198:9696/v2.0/routers</a> 1.265s[00m
2019-05-22 13:10:48.791 11981 INFO tempest.lib.common.rest_client [req-599b557b-bf95-4e12-9b82-4197c90b5a6a ] Request (SecurityGroupsTestJSON:setUpClass): 201 POST <a href='http://10.13.3.206:35357/v3/users'>http://10.13.3.206:35357/v3/users</a> 0.249s[00m
2019-05-22 13:10:48.806 11981 INFO tempest.lib.common.rest_client [req-025501b9-291d-40d0-b17e-5b50e2df858e ] Request (SecurityGroupsTestJSON:setUpClass): 200 GET <a href='http://10.13.3.206:35357/v3/roles'>http://10.13.3.206:35357/v3/roles</a> 0.015s[00m
2019-05-22 13:10:48.822 11981 INFO tempest.lib.common.rest_client [req-9a900428-1586-4b69-86b9-846f8ac388cc ] Request (SecurityGroupsTestJSON:setUpClass): 200 GET <a href='http://10.13.3.206:35357/v3/roles'>http://10.13.3.206:35357/v3/roles</a> 0.014s[00m
2019-05-22 13:10:48.854 11981 INFO tempest.lib.common.rest_client [req-7796db86-cf92-4e6b-907c-89f401463d3c ] Request (SecurityGroupsTestJSON:setUpClass): 204 PUT <a href='http://10.13.3.206:35357/v3/projects/f44239d89edc467db7b7fc17da4635d3/users/667ecc6400d949a5bf3b123022a39cec/roles/bd0daca4ac414c2bada69d729e0bcf75'>http://10.13.3.206:35357/v3/projects/f44239d89edc467db7b7fc17da4635d3/users/667ecc6400d949a5bf3b123022a39cec/roles/bd0daca4ac414c2bada69d729e0bcf75</a> 0.031s[00m
2019-05-22 13:10:48.854 11981 INFO tempest.lib.common.dynamic_creds [-] Acquired dynamic creds:
 credentials: Credentials: {'domain_id': '4b2ef0c2ed1c4c70a2b5f8e214d1c39f', 'domain_name': 'admin_domain', 'username': 'tempest-SecurityGroupsTestJSON-1079538794', 'project_domain_id': '4b2ef0c2ed1c4c70a2b5f8e214d1c39f', 'project_domain_name': 'admin_domain', 'project_id': 'f44239d89edc467db7b7fc17da4635d3', 'project_name': 'tempest-SecurityGroupsTestJSON-1079538794', 'tenant_id': 'f44239d89edc467db7b7fc17da4635d3', 'tenant_name': 'tempest-SecurityGroupsTestJSON-1079538794', 'user_domain_id': '4b2ef0c2ed1c4c70a2b5f8e214d1c39f', 'user_domain_name': 'admin_domain', 'user_id': '667ecc6400d949a5bf3b123022a39cec'}, Network: None, Subnet: None, Router: None[00m
2019-05-22 13:10:49.128 11981 INFO tempest.lib.common.rest_client [req-9af6f26f-93fd-4a0f-ba6e-9f89d1c79eed ] Request (SecurityGroupsTestJSON:setUpClass): 201 POST <a href='http://10.13.3.206:5000/v3/auth/tokens[00m'>http://10.13.3.206:5000/v3/auth/tokens[00m</a>
2019-05-22 13:10:49.406 11981 INFO tempest.lib.common.rest_client [req-3d93b0b8-935d-450a-84d1-659d610b54ee ] Request (SecurityGroupsTestJSON:setUpClass): 201 POST <a href='http://10.13.3.198:9696/v2.0/networks'>http://10.13.3.198:9696/v2.0/networks</a> 0.278s[00m
2019-05-22 13:10:49.900 11981 INFO tempest.lib.common.rest_client [req-d50fe4ec-9f1e-4be3-a276-c3117367af18 ] Request (SecurityGroupsTestJSON:setUpClass): 201 POST <a href='http://10.13.3.198:9696/v2.0/subnets'>http://10.13.3.198:9696/v2.0/subnets</a> 0.492s[00m
2019-05-22 13:10:49.900 11981 INFO tempest.lib.common.dynamic_creds [-] Created isolated network resources for:
 credentials: Credentials: {'domain_id': '4b2ef0c2ed1c4c70a2b5f8e214d1c39f', 'domain_name': 'admin_domain', 'username': 'tempest-SecurityGroupsTestJSON-1079538794', 'project_domain_id': '4b2ef0c2ed1c4c70a2b5f8e214d1c39f', 'project_domain_name': 'admin_domain', 'project_id': 'f44239d89edc467db7b7fc17da4635d3', 'project_name': 'tempest-SecurityGroupsTestJSON-1079538794', 'tenant_id': 'f44239d89edc467db7b7fc17da4635d3', 'tenant_name': 'tempest-SecurityGroupsTestJSON-1079538794', 'user_domain_id': '4b2ef0c2ed1c4c70a2b5f8e214d1c39f', 'user_domain_name': 'admin_domain', 'user_id': '667ecc6400d949a5bf3b123022a39cec'}, Network: {'id': '1affe337-9caf-4414-9c9e-0663aff47f47', 'name': 'tempest-SecurityGroupsTestJSON-1862811932-network', 'tenant_id': 'f44239d89edc467db7b7fc17da4635d3', 'admin_state_up': True, 'mtu': 1458, 'status': 'ACTIVE', 'subnets': [], 'shared': False, 'project_id': 'f44239d89edc467db7b7fc17da4635d3', 'dns_domain': '', 'router:external': False, 'provider:network_type': 'gre', 'provider:physical_network': None, 'provider:segmentation_id': 68, 'availability_zone_hints': [], 'is_default': False, 'availability_zones': [], 'ipv4_address_scope': None, 'ipv6_address_scope': None, 'description': '', 'l2_adjacency': True, 'tags': [], 'created_at': '2019-05-22T13:10:49Z', 'updated_at': '2019-05-22T13:10:49Z', 'revision_number': 1}, Subnet: {'id': '6f21fe5a-b15d-46c7-94e5-57ae2b45d858', 'name': 'tempest-SecurityGroupsTestJSON-1862811932-subnet', 'tenant_id': 'f44239d89edc467db7b7fc17da4635d3', 'network_id': '1affe337-9caf-4414-9c9e-0663aff47f47', 'ip_version': 4, 'subnetpool_id': None, 'enable_dhcp': False, 'ipv6_ra_mode': None, 'ipv6_address_mode': None, 'gateway_ip': '172.16.0.1', 'cidr': '172.16.0.0/28', 'allocation_pools': [{'start': '172.16.0.2', 'end': '172.16.0.14'}], 'host_routes': [], 'dns_nameservers': [], 'description': '', 'service_types': [], 'segment_id': None, 'tags': [], 'created_at': '2019-05-22T13:10:49Z', 'updated_at': '2019-05-22T13:10:49Z', 'revision_number': 0, 'project_id': 'f44239d89edc467db7b7fc17da4635d3'}, Router: None[00m
2019-05-22 13:10:50.200 11981 INFO tempest.lib.common.rest_client [req-12675229-dd44-4322-9070-7ee45ec31d65 ] Request (SecurityGroupsTestJSON:setUpClass): 201 POST <a href='http://10.13.3.206:5000/v3/auth/tokens[00m'>http://10.13.3.206:5000/v3/auth/tokens[00m</a>
2019-05-22 13:10:50.378 11981 INFO tempest.lib.common.rest_client [req-ddb02da4-0a49-4e83-a90c-c366868eca85 ] Request (SecurityGroupsTestJSON:test_security_groups_create_list_delete): 200 POST <a href='http://10.13.3.222:8774/v2.1/os-security-groups'>http://10.13.3.222:8774/v2.1/os-security-groups</a> 0.176s[00m
2019-05-22 13:10:50.419 11984 INFO tempest.lib.common.rest_client [req-69b472a5-f1b0-41d7-a15a-0ec313c2a7c4 ] Request (ServersTestBootFromVolume:setUpClass): 200 PUT <a href='http://10.13.3.198:9696/v2.0/routers/e5d82bd0-5a06-4908-86b9-1de000ee013e/add_router_interface'>http://10.13.3.198:9696/v2.0/routers/e5d82bd0-5a06-4908-86b9-1de000ee013e/add_router_interface</a> 1.654s[00m
2019-05-22 13:10:50.419 11984 INFO tempest.lib.common.dynamic_creds [-] Created isolated network resources for:
 credentials: Credentials: {'domain_id': '4b2ef0c2ed1c4c70a2b5f8e214d1c39f', 'domain_name': 'admin_domain', 'username': 'tempest-ServersTestBootFromVolume-29599273', 'project_domain_id': '4b2ef0c2ed1c4c70a2b5f8e214d1c39f', 'project_domain_name': 'admin_domain', 'project_id': 'c96c05ecdd95464e86dc9f4c0164e451', 'project_name': 'tempest-ServersTestBootFromVolume-29599273', 'tenant_id': 'c96c05ecdd95464e86dc9f4c0164e451', 'tenant_name': 'tempest-ServersTestBootFromVolume-29599273', 'user_domain_id': '4b2ef0c2ed1c4c70a2b5f8e214d1c39f', 'user_domain_name': 'admin_domain', 'user_id': '8b3e8001ac244ab3b4ac242ff4e24258'}, Network: {'id': 'a0815ca4-b0b0-4a50-b89d-076d2f8c3a17', 'name': 'tempest-ServersTestBootFromVolume-264769614-network', 'tenant_id': 'c96c05ecdd95464e86dc9f4c0164e451', 'admin_state_up': True, 'mtu': 1458, 'status': 'ACTIVE', 'subnets': [], 'shared': False, 'project_id': 'c96c05ecdd95464e86dc9f4c0164e451', 'dns_domain': '', 'router:external': False, 'provider:network_type': 'gre', 'provider:physical_network': None, 'provider:segmentation_id': 101, 'availability_zone_hints': [], 'is_default': False, 'availability_zones': [], 'ipv4_address_scope': None, 'ipv6_address_scope': None, 'description': '', 'l2_adjacency': True, 'tags': [], 'created_at': '2019-05-22T13:10:47Z', 'updated_at': '2019-05-22T13:10:47Z', 'revision_number': 1}, Subnet: {'id': '3c6b9044-9cb9-465b-87b3-6c22603fc665', 'name': 'tempest-ServersTestBootFromVolume-264769614-subnet', 'tenant_id': 'c96c05ecdd95464e86dc9f4c0164e451', 'network_id': 'a0815ca4-b0b0-4a50-b89d-076d2f8c3a17', 'ip_version': 4, 'subnetpool_id': None, 'enable_dhcp': True, 'ipv6_ra_mode': None, 'ipv6_address_mode': None, 'gateway_ip': '172.16.0.1', 'cidr': '172.16.0.0/28', 'allocation_pools': [{'start': '172.16.0.2', 'end': '172.16.0.14'}], 'host_routes': [], 'dns_nameservers': [], 'description': '', 'service_types': [], 'segment_id': None, 'tags': [], 'created_at': '2019-05-22T13:10:47Z', 'updated_at': '2019-05-22T13:10:47Z', 'revision_number': 0, 'project_id': 'c96c05ecdd95464e86dc9f4c0164e451'}, Router: {'id': 'e5d82bd0-5a06-4908-86b9-1de000ee013e', 'name': 'tempest-ServersTestBootFromVolume-264769614-router', 'tenant_id': 'c96c05ecdd95464e86dc9f4c0164e451', 'admin_state_up': True, 'status': 'ACTIVE', 'external_gateway_info': {'network_id': '2b3a54fa-3a58-42d6-99e7-27ec85780ff2', 'external_fixed_ips': [{'subnet_id': '852c6722-7465-4e70-b021-210a1148dd98', 'ip_address': '10.13.3.150'}], 'enable_snat': True}, 'description': '', 'availability_zones': [], 'distributed': False, 'ha': False, 'availability_zone_hints': [], 'routes': [], 'flavor_id': None, 'tags': [], 'created_at': '2019-05-22T13:10:47Z', 'updated_at': '2019-05-22T13:10:48Z', 'revision_number': 3, 'project_id': 'c96c05ecdd95464e86dc9f4c0164e451'}[00m
2019-05-22 13:10:50.472 11981 INFO tempest.lib.common.rest_client [req-2d905cc9-47da-4438-9899-982ae4e4373c ] Request (SecurityGroupsTestJSON:test_security_groups_create_list_delete): 200 POST <a href='http://10.13.3.222:8774/v2.1/os-security-groups'>http://10.13.3.222:8774/v2.1/os-security-groups</a> 0.092s[00m
2019-05-22 13:10:50.571 11981 INFO tempest.lib.common.rest_client [req-e48e635d-1c6a-4bc6-a0d9-d1b884a9671e ] Request (SecurityGroupsTestJSON:test_security_groups_create_list_delete): 200 POST <a href='http://10.13.3.222:8774/v2.1/os-security-groups'>http://10.13.3.222:8774/v2.1/os-security-groups</a> 0.096s[00m
2019-05-22 13:10:50.700 11981 INFO tempest.lib.common.rest_client [req-6d64ee49-37e7-4189-bbbd-458ab28beee3 ] Request (SecurityGroupsTestJSON:test_security_groups_create_list_delete): 200 GET <a href='http://10.13.3.222:8774/v2.1/os-security-groups'>http://10.13.3.222:8774/v2.1/os-security-groups</a> 0.127s[00m
2019-05-22 13:10:50.714 11984 INFO tempest.lib.common.rest_client [req-2b1f7349-f7d2-4e1f-8c23-3c8a5f5570bd ] Request (ServersTestBootFromVolume:setUpClass): 201 POST <a href='http://10.13.3.206:5000/v3/auth/tokens[00m'>http://10.13.3.206:5000/v3/auth/tokens[00m</a>
2019-05-22 13:10:50.840 11981 INFO tempest.lib.common.rest_client [req-72c2a657-d4ee-4223-88cc-4c84026f2322 ] Request (SecurityGroupsTestJSON:test_security_groups_create_list_delete): 202 DELETE <a href='http://10.13.3.222:8774/v2.1/os-security-groups/7dd6a253-f7a0-4186-9074-0fcaeecc51e4'>http://10.13.3.222:8774/v2.1/os-security-groups/7dd6a253-f7a0-4186-9074-0fcaeecc51e4</a> 0.135s[00m
2019-05-22 13:10:50.841 11984 INFO tempest.lib.common.rest_client [req-126af361-bd00-4eae-b7be-08e400d59a1a ] Request (ServersTestBootFromVolume:setUpClass): 200 POST <a href='http://10.13.3.222:8774/v2.1/os-keypairs'>http://10.13.3.222:8774/v2.1/os-keypairs</a> 0.125s[00m
2019-05-22 13:10:50.862 11981 INFO tempest.lib.common.rest_client [req-3c57823b-fae4-4428-94c4-88707b89b377 ] Request (SecurityGroupsTestJSON:test_security_groups_create_list_delete): 404 GET <a href='http://10.13.3.222:8774/v2.1/os-security-groups/7dd6a253-f7a0-4186-9074-0fcaeecc51e4'>http://10.13.3.222:8774/v2.1/os-security-groups/7dd6a253-f7a0-4186-9074-0fcaeecc51e4</a> 0.022s[00m
2019-05-22 13:10:51.026 11984 INFO tempest.lib.common.rest_client [req-750723b9-0d64-465b-82b2-e2f4882f3c01 ] Request (ServersTestBootFromVolume:setUpClass): 201 POST <a href='http://10.13.3.198:9696/v2.0/security-groups'>http://10.13.3.198:9696/v2.0/security-groups</a> 0.183s[00m
2019-05-22 13:10:51.062 11981 INFO tempest.lib.common.rest_client [req-5d55576a-8271-4dda-9615-9934c0538b66 ] Request (SecurityGroupsTestJSON:test_security_groups_create_list_delete): 202 DELETE <a href='http://10.13.3.222:8774/v2.1/os-security-groups/cb3763f5-8086-4bea-859f-836acc8589bc'>http://10.13.3.222:8774/v2.1/os-security-groups/cb3763f5-8086-4bea-859f-836acc8589bc</a> 0.199s[00m
2019-05-22 13:10:51.106 11981 INFO tempest.lib.common.rest_client [req-88aa0b74-d76b-4883-a8a9-08db5326b78c ] Request (SecurityGroupsTestJSON:test_security_groups_create_list_delete): 404 GET <a href='http://10.13.3.222:8774/v2.1/os-security-groups/cb3763f5-8086-4bea-859f-836acc8589bc'>http://10.13.3.222:8774/v2.1/os-security-groups/cb3763f5-8086-4bea-859f-836acc8589bc</a> 0.043s[00m
2019-05-22 13:10:51.161 11984 INFO tempest.lib.common.rest_client [req-c40f7f18-2a57-4850-8c9f-8689c8947a78 ] Request (ServersTestBootFromVolume:setUpClass): 201 POST <a href='http://10.13.3.198:9696/v2.0/security-group-rules'>http://10.13.3.198:9696/v2.0/security-group-rules</a> 0.134s[00m
2019-05-22 13:10:51.242 11981 INFO tempest.lib.common.rest_client [req-d8e95190-29b2-4474-a846-8db68ad69b4f ] Request (SecurityGroupsTestJSON:test_security_groups_create_list_delete): 202 DELETE <a href='http://10.13.3.222:8774/v2.1/os-security-groups/f0eafd89-d96b-41ae-bf2d-156ae9af195a'>http://10.13.3.222:8774/v2.1/os-security-groups/f0eafd89-d96b-41ae-bf2d-156ae9af195a</a> 0.135s[00m
2019-05-22 13:10:51.244 11984 INFO tempest.lib.common.rest_client [req-738ac7e6-a612-45df-b0b4-3fa0679062f1 ] Request (ServersTestBootFromVolume:setUpClass): 201 POST <a href='http://10.13.3.198:9696/v2.0/security-group-rules'>http://10.13.3.198:9696/v2.0/security-group-rules</a> 0.082s[00m
2019-05-22 13:10:51.271 11981 INFO tempest.lib.common.rest_client [req-cf9b793b-6cb4-4b93-9852-fad445604779 ] Request (SecurityGroupsTestJSON:test_security_groups_create_list_delete): 404 GET <a href='http://10.13.3.222:8774/v2.1/os-security-groups/f0eafd89-d96b-41ae-bf2d-156ae9af195a'>http://10.13.3.222:8774/v2.1/os-security-groups/f0eafd89-d96b-41ae-bf2d-156ae9af195a</a> 0.029s[00m
2019-05-22 13:10:51.419 11981 INFO tempest.lib.common.rest_client [req-9ea0571e-d8dd-45e9-869c-6b4e12c7b3fe ] Request (SecurityGroupsTestJSON:test_security_groups_create_list_delete): 200 GET <a href='http://10.13.3.222:8774/v2.1/os-security-groups'>http://10.13.3.222:8774/v2.1/os-security-groups</a> 0.147s[00m
{0} tempest.api.compute.security_groups.test_security_groups.SecurityGroupsTestJSON.test_security_groups_create_list_delete [1.220137s] ... ok
2019-05-22 13:10:51.464 11981 INFO tempest.lib.common.rest_client [req-2ce4d250-d6ff-47cb-81ff-38174bd9a1b6 ] Request (SecurityGroupsTestJSON:tearDownClass): 404 DELETE <a href='http://10.13.3.222:8774/v2.1/os-security-groups/f0eafd89-d96b-41ae-bf2d-156ae9af195a'>http://10.13.3.222:8774/v2.1/os-security-groups/f0eafd89-d96b-41ae-bf2d-156ae9af195a</a> 0.042s[00m
2019-05-22 13:10:51.493 11981 INFO tempest.lib.common.rest_client [req-c5f52b1d-3575-4bec-973f-2fa05f9f3746 ] Request (SecurityGroupsTestJSON:tearDownClass): 404 DELETE <a href='http://10.13.3.222:8774/v2.1/os-security-groups/cb3763f5-8086-4bea-859f-836acc8589bc'>http://10.13.3.222:8774/v2.1/os-security-groups/cb3763f5-8086-4bea-859f-836acc8589bc</a> 0.027s[00m
2019-05-22 13:10:51.521 11981 INFO tempest.lib.common.rest_client [req-5314479e-5e3a-4188-9707-c572425b5dfa ] Request (SecurityGroupsTestJSON:tearDownClass): 404 DELETE <a href='http://10.13.3.222:8774/v2.1/os-security-groups/7dd6a253-f7a0-4186-9074-0fcaeecc51e4'>http://10.13.3.222:8774/v2.1/os-security-groups/7dd6a253-f7a0-4186-9074-0fcaeecc51e4</a> 0.027s[00m
2019-05-22 13:10:51.991 11981 INFO tempest.lib.common.rest_client [req-3f2b1160-aa25-4260-937a-eb9c4731a18c ] Request (SecurityGroupsTestJSON:tearDownClass): 204 DELETE <a href='http://10.13.3.198:9696/v2.0/subnets/6f21fe5a-b15d-46c7-94e5-57ae2b45d858'>http://10.13.3.198:9696/v2.0/subnets/6f21fe5a-b15d-46c7-94e5-57ae2b45d858</a> 0.467s[00m
2019-05-22 13:10:52.453 11984 INFO tempest.lib.common.rest_client [req-47fc818f-1749-46ab-815b-36f44731e9b9 ] Request (ServersTestBootFromVolume:setUpClass): 201 POST <a href='http://10.13.3.198:9696/v2.0/floatingips'>http://10.13.3.198:9696/v2.0/floatingips</a> 1.209s[00m
2019-05-22 13:10:52.519 11981 INFO tempest.lib.common.rest_client [req-22af25da-2221-49f6-ba4d-b4b366eef587 ] Request (SecurityGroupsTestJSON:tearDownClass): 204 DELETE <a href='http://10.13.3.198:9696/v2.0/networks/1affe337-9caf-4414-9c9e-0663aff47f47'>http://10.13.3.198:9696/v2.0/networks/1affe337-9caf-4414-9c9e-0663aff47f47</a> 0.526s[00m
2019-05-22 13:10:52.625 11981 INFO tempest.lib.common.rest_client [req-b53e064e-17ce-41bb-904f-2329824cdd62 ] Request (SecurityGroupsTestJSON:tearDownClass): 204 DELETE <a href='http://10.13.3.206:35357/v3/users/667ecc6400d949a5bf3b123022a39cec'>http://10.13.3.206:35357/v3/users/667ecc6400d949a5bf3b123022a39cec</a> 0.106s[00m
2019-05-22 13:10:52.662 11981 INFO tempest.lib.common.rest_client [req-7cbd42d3-c037-4501-96f4-c609fb45e65e ] Request (SecurityGroupsTestJSON:tearDownClass): 200 GET <a href='http://10.13.3.198:9696/v2.0/security-groups?tenant_id=f44239d89edc467db7b7fc17da4635d3&name=default'>http://10.13.3.198:9696/v2.0/security-groups?tenant_id=f44239d89edc467db7b7fc17da4635d3&amp;name=default</a> 0.035s[00m
2019-05-22 13:10:52.729 11984 INFO tempest.lib.common.rest_client [req-a5dd1262-8d3f-4e35-8be9-2c3134956389 ] Request (ServersTestBootFromVolume:setUpClass): 201 POST <a href='http://10.13.3.206:5000/v3/auth/tokens[00m'>http://10.13.3.206:5000/v3/auth/tokens[00m</a>
2019-05-22 13:10:52.730 11984 INFO tempest.lib.common.fixed_network [-] (ServersTestBootFromVolume:setUpClass) Found network {'id': 'a0815ca4-b0b0-4a50-b89d-076d2f8c3a17', 'name': 'tempest-ServersTestBootFromVolume-264769614-network', 'tenant_id': 'c96c05ecdd95464e86dc9f4c0164e451', 'admin_state_up': True, 'mtu': 1458, 'status': 'ACTIVE', 'subnets': [], 'shared': False, 'project_id': 'c96c05ecdd95464e86dc9f4c0164e451', 'dns_domain': '', 'router:external': False, 'provider:network_type': 'gre', 'provider:physical_network': None, 'provider:segmentation_id': 101, 'availability_zone_hints': [], 'is_default': False, 'availability_zones': [], 'ipv4_address_scope': None, 'ipv6_address_scope': None, 'description': '', 'l2_adjacency': True, 'tags': [], 'created_at': '2019-05-22T13:10:47Z', 'updated_at': '2019-05-22T13:10:47Z', 'revision_number': 1} available for tenant[00m
2019-05-22 13:10:52.763 11981 INFO tempest.lib.common.rest_client [req-7dc5e03d-b5b6-4bd7-abd0-32e4400ee61e ] Request (SecurityGroupsTestJSON:tearDownClass): 204 DELETE <a href='http://10.13.3.198:9696/v2.0/security-groups/a8225685-1268-4175-835d-f404eecbfa42'>http://10.13.3.198:9696/v2.0/security-groups/a8225685-1268-4175-835d-f404eecbfa42</a> 0.100s[00m
2019-05-22 13:10:52.839 11981 INFO tempest.lib.common.rest_client [req-e42098ff-9393-45bc-8001-39f046edae26 ] Request (SecurityGroupsTestJSON:tearDownClass): 204 DELETE <a href='http://10.13.3.206:35357/v3/projects/f44239d89edc467db7b7fc17da4635d3'>http://10.13.3.206:35357/v3/projects/f44239d89edc467db7b7fc17da4635d3</a> 0.073s[00m
2019-05-22 13:10:53.111 11981 INFO tempest.lib.common.rest_client [req-5313b638-a9ed-415f-aab8-0bc7fb3a51c0 ] Request (AttachInterfacesUnderV243Test:setUpClass): 201 POST <a href='http://10.13.3.206:5000/v3/auth/tokens[00m'>http://10.13.3.206:5000/v3/auth/tokens[00m</a>
2019-05-22 13:10:53.370 11981 INFO tempest.lib.common.rest_client [req-7162d39f-24f4-424a-ad41-107b793a98bb ] Request (AttachInterfacesUnderV243Test:setUpClass): 201 POST <a href='http://10.13.3.206:5000/v3/auth/tokens[00m'>http://10.13.3.206:5000/v3/auth/tokens[00m</a>
2019-05-22 13:10:53.387 11981 INFO tempest.lib.common.rest_client [req-8fd0c0f9-58c8-49a0-b278-c1d902264471 ] Request (AttachInterfacesUnderV243Test:setUpClass): 200 GET <a href='http://10.13.3.206:35357/v3/domains?name=admin_domain'>http://10.13.3.206:35357/v3/domains?name=admin_domain</a> 0.017s[00m
2019-05-22 13:10:53.411 11981 INFO tempest.lib.common.rest_client [req-07136d93-ad77-4ba3-85f9-c855863a4d2a ] Request (AttachInterfacesUnderV243Test:setUpClass): 201 POST <a href='http://10.13.3.206:35357/v3/projects'>http://10.13.3.206:35357/v3/projects</a> 0.022s[00m
2019-05-22 13:10:53.664 11981 INFO tempest.lib.common.rest_client [req-8b35099b-38e2-4b20-8148-eb5214014acc ] Request (AttachInterfacesUnderV243Test:setUpClass): 201 POST <a href='http://10.13.3.206:35357/v3/users'>http://10.13.3.206:35357/v3/users</a> 0.252s[00m
2019-05-22 13:10:53.678 11981 INFO tempest.lib.common.rest_client [req-54ba5a1c-3a78-4ebd-ad99-e7403b9da796 ] Request (AttachInterfacesUnderV243Test:setUpClass): 200 GET <a href='http://10.13.3.206:35357/v3/roles'>http://10.13.3.206:35357/v3/roles</a> 0.014s[00m
