mvp2e/s9t8.li2b.6c9ommon.rest_bc5lidecn3tce [4r8eq-84f8d9e322a01-817b5f0-8a09-0-402e6805- 182388:103d38:-23902.64933 46201262e/09sbder7vde I8NFrO8s  /t]5e Rmbpeqe3st7u.li1be9.s6cotmb -(m7on8T.eere1ss-t_t4cV9loil8eu9nm-te a[rBe8qo-a1oeat3c-Pf57e8a8cte-c1t68ed95b-34r3an06c:7 0-.0a7ft86-e21ss6t
8_9v031332boalume _bo]ot Req_uespt a(RottlesV3TestJern): 202 POSTSON:test_role _crhetate_utpdap:/t/10.245.1e68.64:8776/v2/8_seh0obw7_3clei8s6tc0)4:5 93a201a 9P6OSbTe 0ht4tep7:c//63105.c2b4/5sn.ap1s6h8o.t6s 8:03.5138567s
2/0v137/-r0o9l-e2s8  01.31:6338s:
32.925 21295 INFO tempest.lib.common.rest_client [req-3670591e-da10-49ae-94f2-c3d8a3283a8b ] Request (TestVolumeBootPattern:test_volume_boot_pattern): 200 GET http://10.245.168.64:8776/v2/8e0b73c2017e-089-28 136:38:33.c070 21299 INFO 0te4m5p9est.lib.commo3n.rest_calient [req-73a7aca9690be-604e7c63aa2-49c5cb9-8/sncapsdc-h56fots/1b34da802e29c0db143-0741-d0 9] 9Re--2480a qu10-3e:3b88st (Se5:2-334307.1drv41er0Aa181d5 2 20.0d319r2s9e
s7s esITNeFstOJSO N:tseetmpUpeCsltas.s):l ib20.0 cPoOST mmhtotp://n.1re0.s2t45_cli.e1n68.t68 [re:q50-00/v22.0/4tok11en2s
820170-c09--2487 81d3-:347c1-8:33.07b12 213259-91 I9fcNFdO t6efmdpesc1t6.cc om]m onR.feixqed_uneetswtor (Rk o[l-e]s (SeV3rvTeerstJASdON:dtestr_essersoTleestJ_ScON:sertUeatpeC_lauspsd)a Ftoeun_ds nhetoworw_k {lui'sprto)vi:d 2er:0p0hy siPcAalTCH_n htettpwor:/k/'1:0 N.on2e, u4'up5.d1a6t8e.d6_8at'::35 3u5'7/2v031/7-09-28T13:38:r3o1lZ',e su/'6f7r4e1vis7iofn_numbera': 1, u5'2mbtu':2 41649578, ub'cid2': 2u'eea19d23ef5e0d-eb91c2-4b66-aa0d-8ae11db94a9060 200.'16, u'7rs
20o1ut7e-r:0e9x-2te8 rn13al:'3:8 Fa:ls3e,3 u.'a199v a2ilabi1l2i9ty_7z IoNne_hinFtsO' t:emp es[t].li,b.c oummon'.arvesta_ilcalbieinlti [try_ezqone-s1'c:c 7[], 9e4ua-43'i0pev4-4_6ea1-d8d6r7ec-s97s7_fsc9ofp7e07':9 5N1one ,] R euq'usehsat r(eRodl'es: VFa3lTsees,t JSuO'Np:treostj_eroclet__icdr':e aute_'82udpdafte6_sh8ow_eli4st8)3: d824080 G7Ec9T351f fh59dtt1pf:a/6/212a0'.,2 u4'sta5.t1u68s.'68::35 357/v3u/'ArCoTIVlEe's, u/'6f7s4u1b7nfeat5s2b'24:69 7b[c]22, eau9'd2fes0ecb1rdi9p0 0t.i09o6ns'
:20 17-0u'9'-, 28u 'tag1s3:'38:: 3[3.]2,9 7u' 21i2p97 vI6NFO _taedmpderst.leibs.cso_mmsocno.preest'_: Ncoliennte ,[ ure'qis_-d2d5e1f22aceu-al0t0b-': 4F66a6l-s9ec,9 2-u8'p6r4o6v6idd8e3r9:seg0m0entation_id': 48, u'name': u'temdpe s]t Re-qSueestr ver(RoAlesddVr3TeesstsJSeOsNT:teesst_trJoSlOe_Nc-r6e2a0te3_9u4pd1a3t-e_nsehtowwo_lriskt'),:  2u0'0 GaETd hmtitpn:/_/s1t0a.t2e4_5u.1p6'8:. 68T:353r57/vu3e/,r oul'etse n0ant_.0id9'7:s u'82d
f26081e74-089-238d 81483:378c:93531ff35.944d91 f2a1269272 aI'N,FO  tue'mcrpeeastted_at': .ul'ib2.0c1om7mon-.0r9-e28sTt1_3c:38li:3e1nZt' ,[ ru'peroqv-id2er:ncetwbo0r7kc_4tfy-pcbee0-':4 9u9'0g-r8e3'a}0 -a69vai0l2eaebl2e9 e8bf ] fRoerq uest (tRoelnant
esV3TestJSON:_run_cleanups): 204 DELETE http://10.245.168.68:35357/v3/roles/6f7417fa52b24697bc22ea92f0eb1d90 0.150s
{2} tempest.api.identity.admin.v3.test_roles.RolesV3TestJSON.test_role_create_update_show_list [0.683644s] ... ok
2017-09-28 13:38:33.579 21297 INFO tempest.lib.common.rest_client [req-34663579-1266-49e0-aea4-75b553335eac ] Request (RolesV3TestJSON:tearDownClass): 204 DELETE http://10.245.168.68:35357/v3/roles/7be5284fead2472db816b0efc506fa23 0.128s
2017-09-28 13:38:33.729 21297 INFO tempest.lib.common.rest_client [req-61e4385a-ff83-4413-b641-ff354a514e1f ] Request (RolesV3TestJSON:tearDownClass): 204 DELETE http://10.245.168.68:35357/v3/groups/28192721cac5403395bc6a1184efc71d 0.149s
2017-09-28 13:38:33.908 21293 INFO tempest.lib.common.rest_client [req-5ad048d9-b15c-4265-994a-221620e19ecb ] Request (TestVolumeBootPatternV2:test_volume_boot_pattern)2:0 127-000 9G-E2T 8h t1t3:3p8::33./960 2/12197 INF0.24O5. t126e0m81p7.-70e49s:-t82.8 l71i73b.:4c3/o8vm:2/39m83o.n29.r67e95sb5dt c_3cce2l41i82en98t8 58[ rb0eINqaF-bO0ec 33t57e2480m3ep32-e64s30t3e/.cse7rvl-ieb4b.9rc9o-s8/m25m5aob-n.33r5ec7s76e4t1a_f9c03l65i ]eb- n7Rte8e qu1[ers-et q4(-R9odl8e40s98-2Va83faeT-59es088-tJ7e15S88Obd-N:453tbeb83a-r0Do9ewc7n6 Cl-0aads.2s147)0:8 2cs0e4
 2eDEe2L6E03T17 E]-  h0tRte9qp-u:/e2/st18 0( .2T145e3.:s1t36V8:8o33.l6u.8m9:e34B53o52o7/v3 t/Pat2utseer1rsn/:2cte9e32s39ft 7_v1Io7elNumdebF_b4ofoO5t _p0ta9emtp0tern4)2:e 2fsf0t01 d.GbcE7T8o cdht74tmfmo p0:/./23n100..s2w
4ai5te.rs1 [68.64:87-]7 S6ta/te v2/8e0tb73ransiction e86c04"BUI593aLD/scha96bee04e7dc635cub/slnapishontsg"/ ==1b3d0b>43-04d9 -40a0"-b852-B34071d4Ua81I52 L0.041s
2D017-0/9-2b8 1l3:3o8:c33.k977_ 2de129v5 iIce_NFOma pptemipesnt.sg" aftercena rio1.t eseconsd wt_volumae_bioott_p
attern [-] Creating third instance from snapshot: 1b3d0b43-04d9-40a0-b852-34071d4a8152
2017-09-28 13:38:34.171 21299 INFO tempest.lib.common.rest_client [req-60a3b343-5673-42bb-9eb3-9452dd2a263a ] Request (ServerAddressesTestJSON:setUpClass): 202 POST http://10.245.168.74:8774/v2/82df68e483d8487c9351ff59d1fa622a/servers 1.097s
2017-09-28 13:38:34.233 21297 INFO tempest.lib.common.rest_client [req-74811a78-1acf-4f2c-8941-44af5ded6c3c ] Request (RolesV3TestJSON:tearDownClass): 204 DELETE http://10.245.168.68:35357/v3/projects/377572d4b86045329883ce086a828ed4 0.268s
2017-09-28 13:38:34.275 21299 INFO tempest.lib.common.rest_client [req-8c8d73ab-89f7-47a32017-09-28- 13:38b:34.299 218295 INFO tempes7t.lib.common.drest_client [req--cea96735-647c-94865-8626-dff8e4bfcf3b 2] Request (ServerAddress23e2e01f1f5 s] Request (TTeestJSstVolumeBootON:sePatterntUpClass): 200 G:ETt hettps://10.245.t168.74:8774/v_volume2_/82df6boot_p8attern): 2e02 POST http:/4/10.245.168.64:87876/v32/8e0b73ce86c04593aa96be04e7c6d8487c9351ff59d1f35cba/v6olumes 02.320s
2a/servers/c6bb2bc4-e0d7-4445-8885-73a99a2785fe 0.094s
2017-09-28 13:38:34.380 21295 INFO tempest.lib.common.rest_client [req-aba24c1c-4901-4b51-b8f5-5df898272f71 ] Request (TestVolumeBootPattern:test_volume_boot_pattern): 200 GET http://10.245.168.64:8776/v2/8e0b73ce86c04593aa96be04e7c635cb/volumes/a0a247d0-393f-4b2e-93d8-51b37ed3f356 0.080s
2017-09-28 13:38:34.461 21297 INFO tempest.lib.common.rest_client [req-c3228ddd-11e6-4316-844d-d97910f2a81e ] Request (RolesV3TestJSON:tearDownClass): 200 PATCH http://10.245.168.68:35357/v3/domains/def9452be6f84b169b5c21196b4856ee 0.226s
2017-09-28 13:38:34.762 21297 INFO tempest.lib.common.rest_client [req-c068e32d-e5c7-477f-a070-1ed5d17308fd ] Request (RolesV3TestJSON:tearDownClass): 204 DELETE http://10.245.168.68:35357/v3/domains/def9452be6f84b169b5c21196b4856ee 0.300s
2017-09-28 13:38:34.911 21297 INFO tempest.lib.common.rest_client [req-a73cc456-a5f1-43c5-a792-3c4ff1c53c15 ] Request (RolesV3TestJSON:tearDownClass): 204 DELETE http://10.245.168.68:35357/v3/roles/22d298d1293c4b0c9b41946caa675b3e 0.148s
2017-09-28 13:38:35.085 21297 INFO tempest.lib.common.rest_client [req-81936399-e697-4d86-8c69-06b6c301e353 ] Request (RolesV3TestJSON:tearDownClass): 204 DELETE http://10.245.168.68:35357/v3/roles/0231d0235424461e8cfeef1f0f1731b9 0.171s
2017-09-28 13:38:35.157 21293 INFO tempest.lib.common.rest_client [req-1c8e1767-f8ce-4505-ab14-1ea788bb2a2f ] Request (TestVolumeBootPatternV2:test_volume_boot_pattern): 200 GET http://10.245.168.74:8774/v2/98269b5dc3ce48888b0a0e528032640e/servers/5b37196b-78e1-4989-a8ae-588e18d5330c 0.209s
2017-09-28 13:38:35.169 21293 INFO te2mpest.common.waiters [017-09-2-]8  St1a3:38t:3e5 .2tr2a3 21nsi2t97 iINFOo tne "mBpUestIL.Dlib.c/bolmmoon.resckt__cldieviceen_t mapp[ringeq-1"4a4 =6=e>b "BUIL0D-/1dspawn9ing7"- 4afte9rb 13 s-eca2ond w3ba-i95t
2bcf757d1d ] Request (RolesV3TestJSON:tearDownClass): 204 DELETE http://10.245.168.68:35357/v3/roles/18e125eb20f5425d96c4b9db7734044a 0.137s
2017-09-28 13:38:35.430 21299 INFO tempest.lib.common.rest_client [req-9020cf63-a906-46f1-9d1f-87d66b73eba2 ] Request (ServerAddressesTestJSON:setUpClass): 200 GET http://10.245.168.74:8774/v2/82df68e483d8487c9351ff59d1fa622a/servers/c6bb2bc4-e0d7-4445-8885-73a99a2785fe 0.131s
2017-09-28 13:38:35.443 21299 INFO tempest.common.waiters [-] State transition "BUILD/scheduling" ==> "BUILD/spawning" afte201r7-09-28 13 :38:35.471 0 2129s5 INFO temepest.lib.commonc.rest_clieont [req-n26b7213c-f4d wbe-4b68a-9179-ee9cid54t0c9bc ] Reque
st (TestVolumeBootPattern:test_volume_boot_pattern): 200 GET http://10.2240175-0.9-28 16183.6:4:388:35.5701 721297 IN6F/O tvemp2/e8st.lib.ec0bo7m3mcoe8n6.c0r4est5_cl9ie3nt [arae9q6b-0fe04e7c6e3f5cb8ec0-1/963-4ve45olu-mes/8a330a247d00-39-3f0-c4b2e-59f0c304d8-51b37ecdd943f35 6]  0.R0eq8ue5st s(R
olesV3TestJSON:tearDownClass): 204 DELETE http://10.245.168.68:35357/v3/users/372f6f16f4c544519ea4ba8a68e16692 0.277s
2017-09-28 13:38:35.554 21295 INFO tempest.lib.common.rest_client [req-464145c8-9a9d-4e9f-bf4d-bc6821d366f3 ] Request (TestVolumeBootPattern:test_volume_boot_pattern): 200 GET http://10.245.168.64:8776/v2/8e0b73ce86c04593aa96be04e7c635cb/volumes/a0a247d0-393f-4b2e-93d8-51b37ed3f356 0.083s
2017-09-28 13:38:35.554 21295 INFO tempest.scenario.test_volume_boot_pattern [-] Booting third instance from snapshot
2017-09-28 13:38:36.011 21297 INFO tempest.lib.common.rest_client [req-2fa436c4-39f7-45f1-ba85-eb2ae7dd97a9 ] Request (RolesV3TestJSON:tearDownClass): 201 POST http://10.245.168.68:5000/v3/auth/tokens
2017-09-28 13:38:36.102 21295 INFO tempest.lib.common.rest_client [req-ccce7adc-f9a7-4bb5-a906-b4a9cb920032 ] Request (TestVolumeBootPattern:test_volume_boot_pattern): 200 POST http://10.245.168.68:5000/v2.0/tokens
2017-09-28 13:38:36.103 21295 INFO tempest.common.fixed_network [-] (TestVolumeBootPattern:test_volume_boot_pattern) Found network {u'provider:physical_network': None, u'updated_at': u'2017-09-28T13:37:18Z', u'revision_number': 1, u'mtu': 1458, u'id': u'9fd24d07-47d1-4949-843b-a7eebfbc7d39', u'router:external': False, u'availability_zone_hints': [], u'availability_zones': [], u'ipv4_address_scope': None, u'shared': False, u'project_id': u'8e0b73ce86c04593aa96be04e7c635cb', u'status': u'ACTIVE', u'subnets': [], u'description': u'', u'tags': [], u'ipv6_address_scope': None, u'is_default': False, u'provider:segmentation_id': 107, u'name': u'tempest-TestVolumeBootPattern-1492485934-network', u'admin_state_up': True, u'tenant_id': u'8e0b73ce86c04593aa96be04e7c635cb', u'created_at': u'2017-09-28T13:37:18Z', u'provider:network_type': u'gre'} available for tenant
2017-09-28 13:38:36.379 21293 INFO tempest.lib.common.rest_client [req-be21d53f-722b-4535-9343-cf72b99762a9 ] Request (TestVolumeBootPatternV2:test_volume_boot_pattern): 200 GET http://10.245.168.74:8774/v2/98269b5dc3ce48888b0a0e528032640e/servers/5b37196b-78e1-4989-a8ae-588e18d5330c 0.208s
2017-09-28 13:38:36.442 21297 INFO tempest.lib.common.rest_client [req-02713ad6-a751-4891-8197-8147b0231ff7 ] Request (RolesV3TestJSON:tearDownClass): 200 GET http://10.245.168.66:9696/v2.0/security-groups?tenant_id=95a3b49ea3964770967b745cb2024fe7&name=default 0.428s
2017-09-28 13:38:36.585 21297 INFO tempest.lib.common.rest_client [req-498a19e7-48b5-4641-86ed-94dc34361fdd ] Request (RolesV3TestJSON:tearDownClass): 204 DELETE http://10.245.168.66:9696/v2.0/security-groups/9a7d6c82-0a2e-4a8d-b63b-14de43d993d7 0.137s
2017-09-28 13:38:36.687 21299 INFO tempest.lib.common.rest_client [req-0a141635-962c-463c-98e1-391dc863b881 ] Request (ServerAddressesTestJSON:setUpClass): 200 GET http://10.245.168.74:8774/v2/82df68e483d8487c9351ff59d1fa622a/servers/c6bb2bc4-e0d7-4445-8885-73a99a2785fe 0.241s
2017-09-28 13:38:36.811 21297 INFO tempest.lib.common.rest_client [req-99ff0de6-4e91-4f7f-9301-1ca5cdf399d8 ] Request (RolesV3TestJSON:tearDownClass): 204 DELETE http://10.245.168.68:35357/v3/projects/95a3b49ea3964770967b745cb2024fe7 0.225s
2017-09-28 13:38:37.071 21297 INFO tempest.lib.common.rest_client [req-ab1aa1e7-266a-450b-90ff-0586b24dab59 ] Request (RolesV3TestJSON:tearDownClass): 204 DELETE http://10.245.168.68:35357/v3/users/7a3f749965124e73920d1d7075-049-b228 13e:9358b:6307.1039  0.225192s9
5 INFO tempest.lib.common.rest_client [req-7642c54a-ae13-4a92-a982-55ce4ea3588f ] Request (TestVolumeBootPattern:test_volume_boot_pattern): 202 POST http://10.245.168.74:8774/v2/8e0b73ce86c04593aa96be04e7c635cb/servers 1.004s
2017-09-28 13:38:37.211 21295 INFO tempest.lib.common.rest_client [req-73aabca3-bb8f-4243-86a6-5ae7557e11fe ] Request (TestVolumeBootPattern:test_volume_boot_pattern): 200 GET http://10.245.168.74:8774/v2/8e0b73ce86c042590137-aa0996b-e2048e7c 1363:358c:b3/7s.e2rv26 2e1r2s/92371 fI8N7f8F-O ate2bm7p-e4s16te-.b5lc5i-2bd5.fc05ommdo89nf.7r2e s0t._0c9l7ise
nt [req-2a5f8ad4-c31c-49de-b1e1-a15e067d4c7f ] Request (RolesV3TestJSON:tearDownClass): 200 GET http://10.245.168.66:9696/v2.0/security-groups?tenant_id=d2001ecda4bc484f9fbca83c9145ab77&name=default 0.153s
2017-09-28 13:38:37.361 21297 INFO tempest.lib.common.rest_client [req-bf03f33b-b9a4-4740-b47a-afb31f2e816d ] Request (RolesV3TestJSON:tearDownClass): 204 DELETE http://10.245.168.66:9696/v2.0/security-groups/66bfe4d1-8387-4ef6-8e02-782a7c9fded6 0.133s
2017-09-28 13:38:37.602 21297 INFO tempest.li2017-09-28 13:38:37.609 21293 INFO tempest.lib.common.rest_client [req-5fef00d5-1f6d-4c8d-a7c5-9a2765f5614f ] Request (TestVolumeBootPatternV2:test_volume_boot_pattern): 200 GET b.hcottpm:/m/on10.res.t_cl2i45.1e68nt. [7req-4c:884e7b8f57-fc4b/dv-421/1f9-88b2a86-49bb5e85d49c0236d5c ]e 4Req88u88be0as0te5 (Roles280V3T3es2tJ6SO4N0e:/servteearrDsow/nCl5ass):b 2304 7DELE1TE9 h6ttpb:-78e/1-/104.294589.-a81ae68-588e.618d58:3335305c 07./v3214s/
projects/d2001ecda4bc484f9fbca83c9145ab77 0.240s
2017-09-28 13:38:38.049 21299 INFO tempest.lib.common.rest_client [req-3069d7cd-45b7-4d93-95cf-5f8dd4e6293b ] Request (ServerAddressesTestJSON:setUpClass): 200 GET http://10.245.168.74:8774/v2/82df68e483d8487c9351ff59d1fa622a/servers/c6bb2bc4-e0d7-4445-8885-73a99a2785fe 0.340s
2017-09-28 13:38:38.117 21297 INFO tempest.lib.common.rest_client [req-33797498-b034-4040-8049-2eba1b8f27f8 ] Request (TrustsV3TestJSON:setUpClass): 201 POST http://10.245.168.68:5000/v3/auth/tokens
2017-09-28 13:38:38.591 21295 INFO tempest.lib.common.rest_client [req-bfdb88fe-9142-4cec-97da-fb6a49ac1b76 ] Request (TestVolumeBootPattern:test_volume_boot_pattern): 200 GET http://10.245.168.74:8774/v2/8e0b73ce86c04593aa96be04e7c635cb/servers/231f87f8-a2b7-416e-b5c5-2d5f05d89f72 0.366s
2017-09-28 13:38:38.607 21295 INFO tempest.common.waiters [-] State transition "BUILD/scheduling" ==> "BUILD/block_device_mapping" after 1 second wait
2017-09-28 13:38:38.710 21297 INFO tempest.lib.common.rest_client [req-a0a57240-e35d-4044-bb63-7d0252af4074 ] Request (TrustsV3TestJSON:setUpClass): 201 POST http://10.245.168.68:5000/v3/auth/tokens
2017-09-28 13:38:38.745 21297 INFO tempest.lib.common.rest_client [req-c22048c0-c8ef-4778-ae9a-73896fe28918 ] Request (TrustsV3TestJSON:setUpClass): 200 GET http://10.245.168.68:35357/v3/domains?name=Default 0.034s
2017-09-28 13:38:38.848 21293 INFO tempest.lib.common.rest_client [req-355fdded-6ecc-49f5-aa19-37209074fa82 ] Request (TestVolumeBootPatternV2:test_volume_boot_pattern): 200 GET http://10.245.168.74:8727041/7v-20/9892-6289 b153dc:3c38e4:83888.88b07a80e 25218209372 6I4N0FeO/ tesmeprveersst./5lb371ib96b.-c7o8mem1-o4n9.8r9-east8a_cel-i5en88e1t 8[dr5eq330-ca 10b7.02240s9
c-e3bd-4ee6-a1b3-88a657eb80a7 ] Request (TrustsV3TestJSON:setUpClass): 201 POST http://10.245.168.68:35357/v3/projects 0.132s
2017-09-28 13:38:39.279 21299 INFO tempest.lib.common.rest_client [req-63c29e23-0c6f-48d5-891c-44bf20f06125 ] Request (ServerAddressesTestJSON:setUpClass): 200 GET http://10.245.168.74:8774/v2/82df68e483d8487c9351ff59d1fa622a/servers/c6bb2bc4-e0d7-4445-8885-73a99a2785fe 0.216s
2017-09-28 13:38:39.379 21297 INFO tempest.lib.common.rest_client [req-234e383d-b1c3-4c45-82b4-1584924fe05d ] Request (TrustsV3TestJSON:setUpClass): 201 POST http://10.245.168.68:35357/v3/users 0.500s
2017-09-28 13:38:39.478 21297 INFO tempest.lib.common.rest_client [req-90fe8926-d9e2-4421-83f5-ffd663f0289d ] Request (TrustsV3TestJSON:setUpClass): 200 GET http://10.245.168.68:35357/v3/roles 0.098s
2017-09-28 13:38:39.580 21297 INFO tempest.lib.common.rest_client [req-3a293aee-6c99-43e3-9136-cecbc2494ce6 ] Request (TrustsV3TestJSON:setUpClass): 200 GET http://10.245.168.68:35357/v3/roles 0.101s
2017-09-28 13:38:39.719 21297 INFO tempest.lib.common.rest_client [req-caa243bc-519a-413c-8b5d-e0b73cfacc45 ] Request (TrustsV3TestJSON:setUpClass): 204 PUT http://10.245.168.68:35357/v3/projects/42c6dc45a6ab4a71a9acafd90539d798/users/c579f66aee0c45f29fe6bcfcf15c73e0/roles/24f1df3839df469cb50d9e93000c8fec 0.138s
2017-09-28 13:38:39.720 21297 INFO tempest.common.dynamic_creds [-] Acquired dynamic creds:
 credentials: Credentials: {'username': u'tempest-TrustsV3TestJSON-251684906', 'project_name': u'tempest-TrustsV3TestJSON-251684906',2 0'17p-09-2r8 13o:j38:ec39t._80d9 o21m295 INFOai tempnes_ti.dli'b:. uco'mdmeofn.areuslt_tc'l, ie'unste r_[rdeq-1a94efad-b868-48da-8f41-11dbbd208bo51m ] Reaqueins_t (TestVoluid'm:e Bu'defooatPattuletr', 'tne:natenstt__viod': u'42lcu6mde_bc4oo5a6ta_pabtt4ae71ran9a)ca: f2d09005 3G9EdT7 9h8t't, p':u/s/er_10.2d4om5a.in_1n6a8me.'7:4 :u'D8e7fa7ul4t/'v, 2/8e0b'd7o3main_ncamee8':6 u'Defacu04lt', 5'te9n3aanat96_nabmee'0:4 u'tee7mpecst6-3Tr5ucstb/sVse3TrevsteJrSsO/N2-2351168f498067f', '8u-sear_id':2 ub'c75-749f1666aee-eb05c45cf259-fe26db5cfcff0155c73de809'f,7 2'p 0r.oj20e1s
20c17-0t9-28_ i1d'3::38:3 9u.834 21'24925 cIN6FOd tc4e5amp6aebs4at7.c1omam9aocn.waitaerfs d[-9]0 S5t3a9dt79e8 tr'an,sit 'idoomna in"_BiUdI'L:D u/'dbelfoackul_dt'evic,e 'pro_jmecat_ppidngom"ai n_==n> a"BmUeI'LD: /u'sDpeawfanulti'}ng" , aNefttwer 2 orks: eNocneo, nd Swaitubn
et: None, Router: None
2017-09-28 13:38:39.722 21297 INFO tempest.common.dynamic_creds [-] Created isolated network resources for : 
 credentials: Credentials: {'username': u'tempest-TrustsV3TestJSON-251684906', 'project_name': u'tempest-TrustsV3TestJSON-251684906', 'project_domain_id': u'default', 'user_domain_id': u'default', 'tenant_id': u'42c6dc45a6ab4a71a9acafd90539d798', 'user_domain_name': u'Default', 'domain_name': u'Default', 'tenant_name': u'tempest-TrustsV3TestJSON-251684906', 'user_id': u'c579f66aee0c45f29fe6bcfcf15c73e0', 'project_id': u'42c6dc45a6ab4a71a9acafd902501739-d079-9288' , 13:'dom38:4a0i.n0_8i6d 2': u'1d2e93 fIaNulFt'O, t e'projecmpestt_do.limbai.n_ncamoem'm: oun'D.efraestu_cllite'nt }[,req N-e9tw7o0rck4:c fN5-odn3e6,0- S4u8ebn7e-ta11:e None-, R9outaer2:4 8Ndon6e0c9b6 ] R
equest (TestVolumeBootPatternV2:test_volume_boot_pattern): 200 GET http://10.245.168.74:8774/v2/98269b5dc3ce48888b0a0e528032640e/servers/5b37196b-78e1-4989-a8ae-588e18d5330c 0.218s
2017-09-28 13:38:40.240 21297 INFO tempest.lib.common.rest_client [req-f2387f55-ecc9-4377-9898-5dc713ef6f1a ] Request (TrustsV3TestJSON:setUpClass): 201 POST http://10.245.168.68:5000/v3/auth/tokens
2017-09-28 13:38:40.355 21297 INFO tempest.lib.common.rest_client [req-a899dcbb-a41a-449f-94c7-cc2e4de2d101 ] Request (TrustsV3TestJSON:setUpClass): 201 POST http://10.245.168.68:35357/v3/projects 0.113s
2017-09-28 13:38:40.497 21299 INFO tempest.lib.common.rest_client [req-f71473ea-9f93-477e-9a8a-5d45b6e276ef ] Request (ServerAddressesTestJSON:setUpClass): 200 GET http://10.245.168.74:8774/v2/82df68e483d8487c9351ff59d1fa622a/servers/c6bb2bc4-e0d7-4445-8885-73a99a2785fe 0.202s
2017-09-28 13:38:40.510 21299 INFO tempest.common.waiters [-] State transition "BUILD/spawning" ==> "ACTIVE/None" after 6 second wait
2017-09-28 13:38:40.570 21299 INFO tempest.lib.common.rest_client [req-bb061e6e-c6e1-402a-b9b5-15f641cc45ea ] Request (ServerAddressesTestJSON:test_list_server_addresses): 200 GET http://10.245.168.74:8774/v2/82df68e483d8487c9351ff59d1fa622a/servers/c6bb2bc4-e0d7-4445-8885-73a99a2785fe/ips 0.054s
{3} tempest.api.compute.servers.test_server_addresses.ServerAddressesTestJSON.test_list_server_addresses [0.065615s] ... ok
2017-09-28 13:38:40.631 21299 INFO tempest.lib.common.rest_client [req-61ab2ad9-727f-45c2-acb1-ee769ff2042e ] Request (ServerAddressesTestJSON:test_list_server_addresses_by_network): 200 GET http://10.245.168.74:8774/v2/82df68e483d8487c9351ff59d1fa622a/servers/c6bb2bc4-e0d7-4445-8885-73a99a2785fe/ips 0.052s
2017-09-28 13:38:40.690 21299 INFO tempest.lib.common.rest_client [req-2a81c2e9-1d5c-4d32-bf9a-07fa0d1a5a7a ] Request (ServerAddressesTestJSON:test_list_server_addresses_by_network): 200 GET http://10.245.168.74:8774/v2/82df68e483d8487c9351ff59d1fa622a/servers/c6bb2bc4-e0d7-4445-8885-73a99a2785fe/ips/tempest-ServerAddressesTestJSON-62039413-network 0.052s
{3} tempest.api.compute.servers.test_server_addresses.ServerAddressesTestJSON.test_list_server_addresses_by_network [0.119106s] ... ok
2017-09-28 13:38:40.831 21297 INFO tempest.lib.common.rest_client [req-200172-0198-3e258 13:d-389:40.c2834-436 25112-999 9aIfN-FOea c76tdemb1p1eest9.l2 i]b R.eqcuoemmson.tr (Tesrt_uclsietsVnt3 [Tereqs-tJ7Sb9OdN:sceb0tU4pC-lases3)b3-4: 28016 PO3S-aTac 6-h55tbtfp4://e102f6.2f48e 5] .Requ1est (S6e8.rverAddressesTestJSON:tearDownClass): 26084: 353DELET5E http://10.245.168.74:8774/v2/82df68e483d84877c/9v335/1ff59d1fa622useras /0s.e4rvers/c6bb2bc4-e0d772-s4
445-8885-73a99a2785fe 0.143s
2017-09-28 13:38:40.927 21297 INFO tempest.lib.common.rest_client [req-4a51cf36-d9ec-4654-b274-c9827a5ac24c ] Request (TrustsV3TestJSON:setUpClass): 200 GET http://10.245.168.68:35357/v3/roles 0.094s
2017-09-28 13:38:41.046 21295 I2N0F1O t7e-mp09-e2s8t 1.3:l38i:b.c4o1mmon..rest_0cl5ien920 17-209-218 132:38:41.90707 212 99 INFIO NteFtOmp  [retq-d8ese5c7mt.plibe.com0s64-t92e9-.ml4d1ionb0..r-caeofmsmdaotn-._crl0eisc4t1b_e3dcnl7itfe 2n[rteq c-2[fd ]r Re3qe9b4q40-aduc0--46ae7std 8f1-a8(3eT3a62e--s1t7820V43o-l4um8ea8de65-d4a44 B8]o3 Roaetaqu-Paae9ttes1tedrn:7tes 3(S1t_aevr9olcum1v ee_]r bReoot_quApedst adr(teTrstuerstsessTV3enTs)etst: 2JJSON00 :sSGetOUpECNlT ah:ttps:t/s)e/:a1 02r.0D24ow nCP45U.1T6l 8hatt.sp7s:4)//: 2010 0G:.ET2 h485t.1t687p.:/6/18:0.3245753457/v/v2.3//1p8r6e8oj0.ebc77t3sce/40b8c6cc0:488775a9f433/v0ae2a6/968642d53be1f8054e761c86ae35ecb0408/se53rbdva845871c9ee3511ff8rcs//23u1f5s9d1fera8s6/2362a77c/sdfe584rvfe2rs/c46-ab54baa222bab7-84c964-dec106e4d-7b4-4514b4550-c8238588-2a5-d53f05d/89r7fo3la97e92sa2/ 7e06b865f4e.2 0f.2d2256133804sb
sc3
be9213b12a3bbbbb 0.132s
2017-09-28 13:38:41.060 21297 INFO tempest.common.dynamic_creds [-] Acquired dynamic creds:
 credentials: Credentials: {'username': u'tempest-TrustsV3TestJSON-1757496107', 'project_name': u'tempest-TrustsV3TestJSON-1757496107', 'project_domain_id': u'default', 'user_domain_id': u'default', 'tenant_id': u'0bcc8af30e664531851ae005ba51e18c', 'user_domain_name': u'Default', 'domain_name': u'Default', 'tenant_name': u'tempest-TrustsV3TestJSON-1757496107', 'user_id': u'367cd54f24a54a2a896dc441b50238a3', 'proj2017-09-28 e13c:3t8:41.3_44i 212d93' I:N FOu'0 bcc8atempf3e0es6t.6li4b.c5o3mm185o1ane.005ba51e18c', 'dromaien_id': u'defast_clientu lt[req'-,1e ccc391'-proj8e467-46ct_domain_n5ame'1: u'Default'}, -Netwbork: None, Subnet: None, R7outered-:098c 5441287c ] RequestNone 
(Te2s017t-09-28 13:V38olumeBoo:41t.0P6a0 21297 INtFO tempest.ctoernV2:mmon.dynatmic_cresedst [-]_ Cvoreatledum eis_boootl_patatterne):d netwo rk2 00 rGesEouT rcehttps :f/o/1r0 .245.1:68 .
74: 8c7re74d/ev2n/t9ial8269bs5dc:3c e4C888r8b0ea0e5d2e8032n640et/sieraverls/s5: b3{7'196b-7u8e1-s49ername': u'tempest-TrustsV3T89e-stJSON-17a8ae-588e18d5330c 05.7496107', 'p2ro2je1s
ct_name': u'tempest-TrustsV3TestJSON-1757496107', 'project_domain_id': u'default', 'user_domain_id': u'default', 'tenant_id': u'0bcc8af30e664531851ae005ba51e18c', 'user_domain_name': u'Default', 'domain_name': u'Default', 'tenant_name': u'tempest-TrustsV3TestJSON-1757496107', 'user_id': u'367cd54f24a54a2a896dc441b50238a3', 'project_id': u'0bcc8af30e664531851ae005ba51e18c', 'domain_id': u'default', 'project_domain_name': u'Default'}, Network: None, Subnet: None, Router: None
2017-09-28 13:38:41.577 21297 INFO tempest.lib.common.rest_client [req-3e9a7c38-4b57-49b1-ab9c-149732067b07 ] Request (TrustsV3TestJSON:setUpClass): 201 POST http://10.245.168.68:5000/v3/auth/tokens
2017-09-28 13:38:41.700 21297 INFO tempest.lib.common.rest_client [req-e4cd1d47-f09b-4247-b88e-45cb913571a7 ] Request (TrustsV3TestJSON:setUp): 201 POST http://10.245.168.68:35357/v3/projects 0.116s
2017-09-28 13:38:42.173 21297 INFO tempest.lib.common.rest_client [req-7f909156-9d46-41e8-87cf-f342a2dae7e9 ] Request (TrustsV3TestJSON:setUp): 201 POST http://10.245.168.682:017-3059-28 313:5387:42/v.322/u1 s2er1s 209.946 8IsN
FO tempest.lib.common.rest_client [req-22a73a73-b44e-47ca-901e-d4cdc9603852 ] Request (ServerAddressesTestJSON:tearDownClass): 200 GET http://10.245.168.74:8774/v2/82df68e483d8487c9351ff2017-09-529d18fa6 2132:a3/8s:er42.v2e8rs5/ c26b1b229b7c 4IN-FOe t0edm7p-est4.l4i4b5-.8co885-7mm3oan9.rest9a_cl2i7e8n5fte  0[.r131s
2017-09-28 13:38:e42q.-3f2d261c51e- 2db84-142d92c-5a 2I3NeFO- te0m9p0e57sdt6.l3i8bc.3ceo m]m oRenq.uresest (tT_rusctliseV3nTte s[trJeSOq-N:sfea751t03U7p-)5c:7 b2-0419 4Pa-OaS5T91- 6hb8tdtpc:2/6/712014.4 2] 4R5e.q16u8e.s68t (:3T5e3s5t7Vo/lvu3/mreolBooetsP 0.1a1t1tesrn:t
2est01_v7olum-e09-2_b8 1o3o:3t8_pat:4t2er.n4): 22070  2G1E2T 97h ttpI:N//F1O0 t.e2m4p5.es16t8..7l4:i87b7.4/v2co/m8meo0nb7.3rceest_cli8e6c0n459t3a a[9r6bee0q4-ee7c606235cab/saerv31e-rsae/23718f-4287f58-af2-b39bb7--b4162e-b5c517d9a58-622d50f 05]d 8R9efq7u2 0e.s2t15s
 2(0T1r7us-09tsV-328 Tes1t3:J38:S42ON:setUp): .320140  2129P5O INFO tempest.common.waite2S017-09-28T  ht1tp3r::s3/8 [:/421.-]05 8.S2ta 22te tra41n52si9.3t1 6IiN8.FoO68 :3tne5m3p5 e"7s/tv3./rolleis b0..14Bc0soUm
2mIoL0n.17rDe-s/stp0_9cawl-i2enn8 1ti 3:[38:42n.5gr9e"q =-=> f9"A37C7TI 2VE/faNoc-2558e1n-e" 24afa9cter 37 I5- sec9NFO1 ont1cd-e 8mpew3satid.tlib.
4c2o01m97mon5-5.f0r59efa-se t2_]8cl  i1Re3n:eqt3 [8r:4eu2q-ebset .c(5eT50e7cs 12tVa1ol-2be955a u-Ime4NBo4Fot8OPa4tt -t8ee3mprefnsfVt-2:.btdlaieset_bcvo.cflom9um8fme0o_b3oonft_. pra] etRestquteesr_nt )(Tc:ru l2s0tsi0Ve n3GtT ETe[ httsrpteJ:SOq/N/1-:0a.2s435e.ct136Ue88.p)e7: 4b2:-05f8c4e -77P44U1/5Tvf 2-h/t895td812-p609b:a/c50/d4c3b1ce084.258465818.11867b8 0.]68a :3053R57e/ve53/q2pr8u0eos3jetc2t s64/(0T1ee/fsst1e90Vr8ovc5le0ru15sme4/e6B539ob97o273t7551Pe19a5at6t0bec-r907nd:b/tu8ees1-ts_4e9vr8os9l/-aacau83m73ae-95881e18d5330cd 0.21e_206s2
20147-09bo9otb2-_p8atte2er8 5n13b):f:3 921010 G8:452.600 212a8d99095/E3rTo I lheNtst/Fp5:O0/87/1 81309te2.f2445mp45.11e638.c74:sa8t.a7c704/o4mvmoa2an./5w84e8f0a9b27cit6e38rscd e [806.c-1]6 40Ss
t42a50179te -30taar996-ab2ne80si 41te37:c3i683:54oc2b./n7s2 er"5vB 21U2I9LD/s7p aeIwrnNsiF/nOg 2t" 3e1=fm8=7f>p8 e-"a2sAtbC7.TIlV-i4b1E.6/e-cNonobem5"c 5-am2fod5tnfe.0r5r de18s09tf _7c2sl ei0ec.notn2 d1[5 sr
ew2qa0-17i-8t0
b92e-01127b-810 b9a1--3120:9836 8-:4104320:.35f88-:9420e7. 7281-2e1749354  c2I41cN2F4O93 b3t3f e Im]N pRFeeOsq ute.stst cee(nmpesTartr.ulisoti.sbVt.3ceToste_msvmtJoSonO.lrNue:msset_ce_btolUioeptn)_tp:a  2[t04rt eePqrU-nT9  4[1h-9t]etp 6B:o/eo/1t4e0-d.c 02tbh41i-5r.1d46 c8i1nc.-s69t88:a35nc7e37 57/{-0vu33'O/1Sp0rd-2oE8jXe6Tc4-t1seS/41T f]S1 :9R0t8c50ae1qs5ke_us4et6s3at9t9e 7'2(:T7e5 s5Nteo1Vn5ea,ol u0u'maecdBd90odortebPs/asutests'ee:rr ns{/auVa2'c:t3emt7e3p9e1ssdtt1-2_Tv24eo9sltbu2V8me5beo_flb9uo1m15aeo8Btod99o_0tp5Pa/atrtotletese/rrnn3)2-:d 1024890f20848 25G97E35Ta 4hb-nt4ettepwf:9o/9/r71k00'a6:.d 4[02{14u75'6.O81Sf6-c8Ea.Xa7T -I40P:.S183-771M4AsC
/:2vm0a17c2_-/a0d9d-r298 81'23::638: 49u2b'.8f4a5:9d 1c236c:e14328e98:7c fIN8:F8bb3O0: 5a0t0e52'8,e 0mup3'e2vs6et4rs.liiob0.enc/'osm:e m4on.,r uvr'eearsdstd/r5_cb'l3i:7e 1nu9t' 6[1br9-2.7e1868.q2-ea3112-.a13439027'8,-9 1bu-7'a4O-8S4-bae8d--E8XTd5b-81I8-PedS11:8td2yp35e03'd3:00 cdu 7'0f.8ix2e3d0'79} s]]
} ,2R 0eu'1qul7e-si0tn 9ks(':T -r[2u{8us ts1V'33:hT38er:s42e.82f8 '21:2 u9'ht3tp: /I/1Nt0FJ.O2 4StO5emN:p.se1es6t8tU..p7sc): e4:280n0774a /GrvEi2To/ .8htetetps:t_/v/0o1l0bu.7m234c5ee8.6c01_64b58o.6893o:at3a5_93p65bae074et7/tcevr633/5ucsebnr/ ss[ 0-.1e]r2 ve3Brosso/
t23e1df thi87f8-rd a2insb7-4ta1n6cee- b{u5'c5OS--2d5f0E5dX8T9-f72S'T, u'Srel:':ta su'kse_lf'}sta,te' {u: No'ne, u'addresses':2 017-h{ur0'e9ft'-:e2 8mup 'e1hs3t:t-3t8pT:e:/s/4t130V..3o021l4 52um.11e6B829o.97o 4t:8IPNa7t74/FO tteem8rpen0ebs7t3.Vlc2ei-8b62.c2c8o1m20m74o59n909.3r-eansae9t6t_bwceo0lr4ieke7n'tc6:  3[[r{5ceu'OqS--EXTdb2-IePSd-M6ACc/ds1:-erdma6v45erc_s-/4addr23'35:91 u-fb'86f74aff:-81-066a:6234febc:8724-:c4244811a 6]:e 63R-'eb,q5 ucue5's-2td5 (fS0e5d2017r8-0v99-fe278 2r1'A3,v :deu3rd's8rir:oen4'e3:l.3 '9s:48,  21u 29'su7b' oaIeosTkNdemFdsaOrtr t'kJ:e'SO} N:mu]t'pe,1st .l9uei2'ar.iDo1mbw6a.8ngc.eCo'mml2o:a1 n.su.1'rs3'es't),,_cl  :u 4ui0'e4'nO OtSSG- -EEXE[TTX h-TttI-rpPS:/STe:/qtS10y:-p.v7e2m5'4_:b5s 6.t31au06t'17e8f-.'ie9:xa1 e-4udf9'7'0a4}-c]:at}87fi74,v/v u2e/8''82l,0di f6nu-8k'se4O'18Se:3-6 Sdc[1aRe6{8Ve4u787'2-h2 UrcS]e9Gf 3:'5:R1fl ef5aqu9u'd1nfuhesac6ttht (ep2Td:2ru/a_//sa1ste0rt'.s2:4ve V5ru3T'.16820.ses1/7t7cJ-46b0:Sb9-82b27c487O-eT401/N3dv:273-4/:98448s:52-e6849881tb.5-5Ud70c033a0p9c09a20)e70:8 4'5f,8 e2u8 0'80.f068l0sb1a
 v0PaoO0er5S28T'03 :2h6 t4{tu0p':/i/e/1ds0'e.:r2 4vu5e'.r17s6'/8,5. 6bu8:3'57l01i906b0n-k/7s8v'3:e /1[a-{49uu8t'9h/-htar8oeafek-'5e:8n8 es
18du53'3h0tct'p,://1 u0'r.e2l':4 5.u168'self.'}, {u74'hr:e8f'77:4 u'/ht8te0pb:/73ce/8106.24c50.4168.74:5879743aa/969b82e064e9b5dc7c635cb3/cef4888l8avors/7'b, 0u'rel': u'boaokm0e528a03r2640ek/server'}]}, u'is/5bd': u'2331f87f8-a2b7-416e7-b15c956-2d5f0b5d89f72', -u'7secur8itey_1gro-49ups': [{u'name': 8u't9empest-TestV-olumeBootPatteran-138679618ae-5858e18d95330c'',} u]'r,el': u'bookmark'}],  u'image': uu'', u'OS-'EXT-STS:vm_ustatser_ide': u'ce'b9b48dae854d67: u'active'8,e u'OS-SRV4-UeSG:launched47e_at': u'2017-09-2d8T13:38e:41.0000e00', ue'flavoer':6 {u'5id': ufc', 'u'OS-DC7F:dis'kConf,ig':  uu'MA'NUlAL', u'iaccessIPvn4'ks': : u'', u'access[IP{u'hvr6': u'ef'',:  u'u'phrogtrtesp:/s'/: 10,0 u.'O2S-4EXT-STS5:p.ow168e.7r4:_state': 1, 8774/982u69'b5OdcS3c-e4E88X88Tb0-a0Ae5Z28032:availability_zon640ee'/f:la vuo'rns/o7'v, au'',rel' : u'bookmarku'config_drive': u''}]}, u'id':', u'status': u2'017- ACu0'T95I-bV2E83 '711,396: u'3ub8-p:7d84ae3t1e.-d74'97:80  9u2-'1a28201a9e-795 -8I08eN91F-82Od 85t3e3mTp1e0sc3't.,: l3ui8':bs.4ec1oZc'u,rmi tmuyo'_nhg.orrsetosItd_'c:li euntu '5[er1pe3qb9-s81d3a903'ca:ce27-4 [69096{u'd204c0-0n48aadmf8-e'b8:d19 7-euc7ccf'0etfemp6de535s5t819-T2e0f s]tf VolR3ueqmueeBsoot7 63(tPS0ea0rttv5ee0rr1An0dV0dabre2s-8s1e7s4Tfe5s738btJb07S0aON1:51't',e} arD],uow' nClasu'uOseSr_-s)Si:dR 'V-: 2US0u4G' :8tDELefErefmTcei5E23n haf9tte5tpd49_:ea/ct8/1'80:4. 24c5Neo75fn.e11,b06 8cu.6'34k6:eab', y96u_2'9n0O61aS7-0m/9-ve2-D'C28F 13.::30:8: 4u3.94'3 21t/d2sempe97us IistNkCF-bOoT teensnmpeetsftts/V.ilib.f5ocg7lo'u0mm:me buBoon5'o.0Mt5r-Ae0NUPfsAa0tLtf',t_- ec4url8'nia1-e5cn3-ceat2se [rs5eq-3ef08-15eIP5v4f1'f7:d- f4ufb2d'9'-a4a2,51 a 2-bbe9u09'a-.a6747c666c576ess5sI
Pv'6',:  f3uu''18', un'paromgrees'a:s2 ':ud1 2'0 ]t, Ree mqpu'eOSsutest -(-TTrEeusXTsts-tV3VTeostlJSTuSmeS:pBONo:toowter_estPatastt_gteeet'r:n_tr-uss etrs_v1ealrl)-, u6'O8S-7: 24E071 X4PO9T-6SAT Zh8:'tt,p:a //u10'.2c45r.16v8eaial.a68:5b000t/vie3/aldut'h/ity:_z tokeuns'
o2n01e7'-:0 9-u28'Tn13o:v38:37Za'',, u u''ctoennfant_iig_ddri've:' : uu'''8,e0 u'sb7t3caetu86sc':0 45u'A9C3aaT96bIVe0E4e7c'635, u'cubp',dat eud'':os- u'2e01x7t-e0n9d-e2d8-vTo21l03:u13m87e:4-s20:Zvo9l'-28, u 1mu3'he:os3st8Id:_'a4:t4 t.ua1'c3dh1 cf2e1d2d9f':37 7 b[I6{6Nu7Fc'O2i cteed7m'dp:3ed sudt'2.aaa0l4ai2b41.8c7ocm5dfm80of-na3.49r23eafs7-tb49_bbc2ele-ai9ae83n6dt5 68[f-r551e8bqf0-831b7b6eed0402d'f3,7 f-u3e'55OeS60-'-}4S]a,9R V0u--98'UmcS1G-72e7:dt9t8edremadi7dncaa5 tt]ea 'd:R_ ea{qtu}'e}:s
 2tN0 o1(n7T-er,u us0'9tkseVy-3_T2ne8sat Jm1eS3'O::N3 u:'8t:t4e2se.m5tp8_1eg es2tt1-_tTreu2ssttVs9o5l uI_mNealFlBO )to:o te2Pm0pae1ts tPtOer.SnsVT c2he-n1t8atr4p8i:4o/.6t/2e014s04t.'_,v2 4uo5'n.la16mu8em.'e6:_8 b:uo3'ot5tem3_p5e7/svtp3-/aOTSes-tTtVRotUlSeuTm/renBt oroutPsa[tt-st e]0rn V.L2o-1gs8ge1rviesrn
2-g107 19i738n-40t99-42o18 t 41'h3,i: ru3d'8 :ci4rn4es.at2ta3e7nd 'c2: 1eu29' 72 ItN0oF1 O7g -tee0tm 9pt-e28iTsmt1e.3sl:ti3ab8m.:p3c:o 2mZm',o{un '.u'rOteseStna-_ntcE_liXiden'T:t-  S[TurS:etaqsk'-_sfta3te5988c269cb5'3dc3ce:34- 868Ncon9e8,68 -bu4c'03a3-daad02ree65s62s-80ef3s'264: {u0'e2t01'7eb,-m809 2pc-ud2e3'o8s 21-32sea:tx13-aT8t: e4e4]s .3nRte8dqV0 eo21ld2u-9mv9 oINlFOueum Betseetsmp :oe(svTtoor.tlulistPusbaV.m3tecTtsoe_smmatoetJn.trSrOaescNn-t:h_1tecesdl4t'i:ent _9[g {e2[tur_4'te8riq-59bud'sf: 593tu54s'a-_15ne-a47tl5el8f)wo-:62 4r12k'02: 30a[-f {8G09u1E'OdS-T-cE f-hXtT-btc8pIec:Pb7/S-0/-461MA0C:.4ma2cc_4e9ab5ddr'42.:-81 8c60 88u]1. Requ6e-'89a:f553a0f5:163stcc2 5:6(372Se/e've:}3rcf:b/]3vO,e:50r', Au'd dur'vmeerseSsis-teTosaRUTdaSTtne/a'st: rt{'u}J:s}S t
O4s2N,/0:  1tu07'.e1aa0r-dD30dosrw
9n2-C0l2'1a87:s- s0 )u9:'1- 23:2180 92431. 3D18:E:46L328..828E:43T124E. . 123h3't197,2t 2p9 :3u'1 /OSI2/N-E1FXT09O-I. PS27t: e4tyI5pem.':pN1 eF6sO t8te.u'.6fmispec6xes:edn9'}6a]}9r, uti6'o./l.livtie2nks.s'tb0: /_.[nv{ueoco'ltmmuonwmhro.eerr_f'bk: esoos/t_te1pud_at'c3thtleeti5eepr://10.nn2d t45 [.1[-68]r-. e91cqL27-o4:gg-24b0i66en8-27gae 7492a0i3d-nt-8/oevac e1etb2h4adir-/948d608 2eci005 0n-b.9s60t37ancc380es-c
 5to8e gf8565et5c8 804ti95fm99bes 3]t aaRmp: e{uaq96be'04e7c6OS2-0137-09u-5eE2sc8Xtb  (T1/ru3sTs:-3eSrT8Stv::t4esa4rssV.k63/2_s2T5t e3a2s1t1tf2e'8J97S9ON: f 8I:t-NaNea2onFbrDO7ow e-nt,e4)1:m 6 2peue0-s4 b'ta5D.dcEl5LEi-dbT2.rdEc5 ef0hto5tpmd:/8ms/9o10nf.27.45rs2.'16e,e s8us.t6_'8c'r:l:e35l ie{n35'tu:7/  v3['u/r'teesOSqe-Tl-RU9mfSpT'e7}st,-/ Tet{sfuru4'tVhsts0r/0eo5f'367:726 l-e6uum7ae'3dhB70t5t-9po4:f4o/32t/aP1ed6ab10-.b1t207t4ee5ee3.rf1632-n98ab7.2Vb727bb-224c 6:0.802178572d848bs/12
822e30710 79b-7]093 -2cR8 ee138q6uce0s4:35t (9S3earav98:e604rb94eA-d.n04d4eter8w7e8co6s 3r2s125ek9c'b7s/:T s eIeNFrsO [tvJtee{SmruOpe'sNO/2s:3t.1lifS8tb.7-efcoa8mmrEoX-nT-aIP2.bSr7-D-es4Mot1Aw_6Ccen:lC-ielbnm5acac_t5 -[rs2aseqdd)-5f:2d05r 9205d87009dcf-247' 2e:D',E 8 uL3-E'4uT9r'E52e fl-ha:'ta:t1 c6p8u::'b3a/oe-ok:/1m182a00:rd8.4k2a:'4ec}]563,.2136e6',818 . ] 6uR u8e'v:qer3ues5'i3st (5Tru7magei/sont''sV::v3 42Tes.0, u/ u'utsadeJSON:rtd'esr'a/':arDo uawn5'199): 6, 4046 G2.6ET d1u'O86S-c8.21.13',d u'2Eh4OS-0XEXdTttap://810-T-1IS.aPTSS42:v:cm454_t.csta9yp31td6eeee'2: u3'a'83: ctfu.6ive 8:''03,f. u52i'O4xe4S-sd'
SR3}]}2,V-0 u'1U5l7S7/-Gin0:ks9lv3/-auO2'nc8:S-  hT1[e{R3dUS:_uT3a/'8trt':uh:4sts4/ .0u'8r236063172 7e2-ea10fd97'20-99928 :fT1I43:3 NadFb31810O7:4 eu't33e1htm.t2p00009peb7bb002:/sc/1 't0, .0.0.9ul0s
24i25.01b'f.7-c168o09m-2m8 1lavor'3:3.8: :{u44.7723o4'n :8.2ir71d'e27s9:t7 4_ Ic/Nlv2/FuiO9e 'nt8te7 mp[2e'r69b5e,sq u-'lbdc3incefks'e:4t38 [8888{ub03a0eb5'.92hre-80352645f'li: 2bu06.ce/-'se4ht8rvterbos/amm-5p9b:4371d96b8-78-//1e1-o50495.n.28457.8r169-28.71ae4:e8707448aea-/8258e0eb7 8s3e1]t_ 8dcc53R3e80ce6c0'liq, u'u45reeens93ltt a'a 9:6( uS'bes[reere0lfveq'r-14}A4,e7ed 6c6{d3ud5acb'0/fh7-rerblaefvo':rs7s /94s7-4'uec,84 -bs'hu'8dTr7-ee0tl'tp:s:/ u/1tb0'4dJbcb.S3oo24km5.Oa16N:8.rtce0kc3' 7}4:ea87r]74Do]}w ,R/ nCleqasues)s9ut (:'Tr 82id6u2'st9b: sV053u'dT0 esGEctJ3c23eST ON14hf888t8b87:0af_t0e8-52a2rb80p:32//un10_c7.6-le244410a56ee/.-ns1b5uc5-2e6d5pr8fs.v0)66:9e5:6drs89 /9f5276b02/43', D 7vEu12.LET'9se60Ecb/ u-shtri7etp:/cu/8rt10yi.2_e1ty-4-g98g4ro95r-ua.8ouaeps-5'p81: 8e[{18s6?du'8.na568m3t:e303e'c'n5: , u'u'te3arm57pen/eltvs'_3:t/i ud'u=8sb-ers/a2oTadoec3f6k7sm38ea948rk't13}]Vo,ddl1 u8ume224B'49oi8b2ot8e7mP5baatgec':9t f39ue5111f''r5f,na8d 9-u'1959O3085 d10.6f2373sa6S-9
222E06a1715-09'9-&}28nX] aTm-Se=TSde:vfa1m, 3_ul:3ust8't a:useter_':04i .d4.23957s1 
2u'20':ac uti117-ve'20'c9,9-7 28 I 1NF3:O eu3teb9'8mO:4Sb5-p.0SR4e1V87s-t 2.UdlSaeGi81:b2l5.au4c9don9mc6 IhNeF7dO_a8t 't:em epue'4s2e40mt.7o1leni7d.rb-e0ee9.-e2ces865To1t3fc_'m:cm3,ol8 n.:u'i4OS1ere.-DCn0sFt 0000[0', requ:d't_f-cilsakCvcliooentr391'a8:fnfi 8g':{- u'uMA ['NUid': reu'7q-AL'b889,cad8 d-cu1c', 'u'lacceissIPnk92s3-4e'7:v4 3-b[8'1{-45u21'70h-bdrd9-e-dcfe66e7fc'3:9: u'd ', uu23''5hettc7p87 :8b]/ac/4 11 0Req.] ue2Rce4equ5estssI. (P1st 6(Ser8vTr.6'7v4:u: u'8st7', 7e4sV/3u'9Test8pr2JrA6So9ON:bgre5dssddr': _rc0, 3uecuen_s4'Ocle8se8anup8sTestS8sJSb):0ONa- 204 0DELe5EEX2:te8T-S0ar3TDoS:2wn6poC4wer_st0laeaTstEs/ef ):lh 'at20v4 to:DrpELs:ET/ /E71/' h1,0, u.'O 2S-u4EX'5T-r.AZe1:al6va'8it:. lt6au8p:/:'/13bb50.3io25l74oi/5vkt3m.1/yproj_zeaonc68er.k''t: s}u'/no]16vf}16:,996 a09u86''c, i/5dv20'.01:u/5 'ceonufi4'g_6s3d9r9e5i7cbvu23e':7r5i 7ty51u-9e''61,gb5ro- aup70s/8uc99e9401dcd'-0b4st99 a88-90tu-c.sab28b72-'5a:s4e u
12-'A50CT18IV78E'e-, 1u'0c89up-dda25te83a d1-33'0b:: 3cu'8'd,:b2 401u757-'09.-2-s80eTc8a1c23ua :rb382ia:1t2y419Z'_7a,g  urI'hNo9ouFs8pOtIs7 d'bt:'ce :m4[ p {ue0'us5'.ten13a1m.5bel92'i1d:ba9 .scuc2
'4o20m0tm91edo7m20nc-p0.0e9r08edbss-7t2t_cc-ed8c3 T5el1si8e31tnffV37t:o 38l[:63ur0me4e0q5.2B-48 6o212e5o95010t60abeP87f39a8f3t I-tbb7ea5fr',1n uaV'O2-SN-4eFO1b t4fem5-pe7s-3at.01S70elR1dib1-V.'4c-}odU]m1S,m7G o3n:u7ted'rm0uin6sat0eed5._1rr e_ais]tdt' Re_c:ql' uuiee'nts8:t f N e[(freTonrce,u qseu-t5'ks20Ve363fy2_9Tnae5mes4':tJ 97SONu5e:'bc_te8crm81-up42n_c7ecefs75lt8fe-1-abT40nuacps73):8e4-a s9tb20a'443,V DE ol-uubLm'3eEOTbBSE5o h-0tDo4tCetFP:dpadidtf:stbk/erC7/no n-1]30f 29.iR924ge67q':6u5 6e.us5''t1 ,6M( uASN8'erUn.vaAmeeL''rA,:6d ud 8'u'r:atemecpessct-3se53ess57TseI/vsP3/rtTeJvstVSo4oOle'lNs::/t5 umueea0'Br8'D7,o183 ow9uot'2fnPa45Cac41ltc3caaeassts0serI4a)nP:a548fv92c 662-'084:s d Deu Erve'0Lr'.-,E13 6T0u8Es'
 7h2p4rt7ot04p1g97r6e-:0s/s89/-'1'2:0 .8,02 ,4  15uu'.3'cr1:Oe63aS88:t.-4edE65.X'82T:3:3-4 5S 3uT215'S2:729p/70v o2.1Iw07eN/-rt0F_en9Osa- tnt2tatese/8mT'81p:23e df:1s683t,e48. 8:lu3i'3dbO7.ScZ-E'8oX,4mT 8m-7uoAcn'Z93.t51:reffea5nsv9tad1_iaclalifae62bnt2in a li[tt0r_y.2e30q_s
iz-d51o': 1ne78u''5:86 e80u-b'd7no3vace8'6f,2 0u1'c75c-04o59n09-f4-i340gaa9_d28 r13:38:i45.v3c-e8856'b2:8 212e0 eu93-'8b7'4e,e7c 69 u35c'bIN7F'fOs 4ttempaestt.l83c3uib1 s,'] R:e.c o uuqmm''onA.os-CextresTendIt_VuEestcl'e,d-v uien (T'oruutlsput [mdsesaV3:vrolTeequtstmJ-ee27dae's7b:36 _SOua-'N20t0ta:_rcd5un917--_h046eae9-d8'c-102leaa8nup-T1f:3s)4::73819: 2ec40 2476Z[{'f ,D0u E1 Lu'] Eid'ThE'R os:h tue'tIdaqt':0pua: e2u/s'4/7t1d d0(0cU-.se3frs9d3Tfesft-3J74Sb2b6O42N5e.-:196s637e8cdtU.82pCc6-lae857s:1ds33b)d53d327:5ead7 a/34201vf0338 /5cPO65ST'rf h}]8tt,fpa :4/uo2/le'as/m731eb0t29.adbd08ef2a4a825.a7t168a658.'56:ab8:6 4ef{f95}500}890f
700/82a6bv0d406112.7e-04/'70t,68 9ou-fc'2kOeSa8-na S s
R103V.:-1U35SG08:te:sr44m.
i00n3a t2{2} tempest.api.identity.admin.v3.test_trusts.TrustsV3TestJSON.test_get_trusts_all [3.656635s] ... ok
e12d2_9a50 tI1':7 No-ne09-, NFOu28' k eyt1_e3nm:am3pee8':s :4u'5.tt5e.ml3piesb1t.- 2Tc1eoms2tVo9mlo7num.e rBeIoNsotFtOP _taetcmtlpest.ileernint bV[.r2ce-oqm1-48mo4dn.8re4ea98b62st_cl0i4end4-t'b ,[8 r3ue8q'-9-0n415a18cm464-e3e6-'9cb-4:1 417u99't-e-8amc8p57de-ac9s5ct8615-72T85ebs14t7V544o 5l]u mRee B]qo RuoeetsqPtuea st(t (TtTeesrrtVoulnustVmsV2e3TB-eossotetJrPSOavN:teterteran-:rte1Ds7owt9n_Cvo3ll8u4as9mse4)_1b: o420ot'4_p,  aDutt'EeLcrrEen)aT:tE e 2dh0't0t :pP O:Su/T' /2h01t1t07p.-:2//04951-.210.248T13685:.6388::.3321Z568.'374,57 /v3:u/u'8ste774n/va2/8een0b7trs_/3i3cd6e'78c:6d u54c'f9048242a565949b5a3d2ac893ac6dec4a4498168b5b808e04eb720c6a3305cbe/o5s-f82l8ao033 0.22a96t430ies'n
,20 17u-0'9-o28 1s3g-:-e38ixpts:e46 1n..d4e04d2-90v so
l2um12e20s97:1 7vI-oNl0ume9-s28FO _ a1tt3:3a8:t4ce5hmpee.2dst'.l:6 4i[ b{2.c1uom'2mi9odn'.r:es tu_cl'ie4n8t56  [2rIeaNq-fFO3 temc0pe20sc-t01c.e8lcbi-b-b42.687cba-4o48-me08mc-o8n8d.r10e4-s-49t09a_856c520l93ifddcebbcn ]2t  62[Reer'que}eq]st-, ( uT'rums0et0cs9Vt93Ta5d3esatt3J-ac56SO'aN:- :t4ea4re{Dod}w-9a}nd
C32l-0a197s8-sd0)8:997 e20-204814  4PO13S4T:  3ht]tp8 :/:R/4e14q0.u.24e5.1s1t566 8.68( :5Te02102903s/vt I3Vo/NlaFuumOt eh/tBeoomttpPoeatstketne.rlinsb:.
ctommeosn.tre_vsot_clilume_ent [breq-fo9o9ft5_6f4p-9b8a8-46ta7-8e27t-4209ea3r6na)7: 13250 ]2  POSRTeq huttpe:s/t/ (T1e0s.t2Vol4u5.m1eBootPatternV2:te2st0_17-v09o-lu28m6 e8_1b3.74o:3:o88t77:4_46.p/42av6 t22t/128ee9r70 InNFb7O)3 :tc ee2m2p08e00st 16c.P07O-S04l5Ti9 9bh-3at.t2acp98o:m6 /mon/1be1300.:4.re23e7c486s535t_.:cc14bl66i8/e.4s.nte7 [r540r 2:12v8997 e7IN4e/FvO r2tesq/m/9-0238f91fp2f8e76af8st9-a.02bbf7-li544-1dbd6.cce2o31-mca-b4me5o7c45n5-0-82be8d.5f8re05b8d8e-bsf930af3t_672cf0/adclceitde5iano21bn t84 10] .23Re52qu2s
es6 2t4[0 0r1(7eeT-0ru/9-sq-1ots28sV3 11-T3:bfelstoaJ3aS28tONi::t46ne5eaga.2r--c7D2 6ai211-p294osw 56f1nC1 .I-NFla89O9d3s ts-em2d63)psa2e:
32 s3020t14.079l -fibGE0.eb9cT4-o h28tmt  ] p1:mR3/o/1:30neq8..u:2sse44h st5[- (.] 51UsC9ersTr1esea .tti2J1n1682.6g S963ONs :sshetI c:NFUpoOC9n 6t9lasne6/vmesp2.)ce0/:setscutr ii2.00oltn yi P-bgtrO.cSToo mo 'htm10uotp.:/np2/.s?4r105.e.217s4t3ten5.a_.cn1l12:6i822te'_.nt i6d=[ 0r8abecs:qc 5-8'085c00i7/ar9vfrc27o3c.s0ee0-6'64d/ e53wb18ti5otc1ahk-e 400pe1u5nbb9asl5ci
2c-1e a01d1k8a7ec&n4--ayb09m2-ef2 1=8ad6 ue31t8f39ah:8ueltn39 t88i0.:0c347 a65].ts
 i62oR0ne01q1
7-u0 es21t29 99(- TIe28N sFOt tV1o3:l3eu8:46mmpeestB.lo.ib5.coo6mt9Pm aont2t.1erren29V7s2t:_ct lieIesntt _Nv[orlequ-Fm5O4e 66tde_fbompot9be_-s8pt6af.2tl-te4iern0b.5)c-o:m8 me28oe0n-2.d rPe5O4sST1t 9_h8ct5t8p5:l0/3i8 ]/ eR1enq0u.t e2[sr4te 5(q.-11U6s51e8r.scT724ef:s384t7-J73S4O6Na/:vs2e/tf9U-8p420Cl6a0ss9)b:- ba25a0de0c0 3-P0ceeO14S98T48 0d86dh8dtbf0t5pa :0]//e 1R50.e2q28u405e3.2s16t6 4(08T.er6/8s:3u5e3sr5tv7es/rVvs3/2.5T0be/3st7t1e9nJ6aSbnO-7t8seN1 0-.1495819-sa
8ae-588:et1e8adr53D3o0wcn/Calcatsiso)n:  12.0024 6DsE
LETE2 0h1ttp:7/-/1009-.2284 5.1136:83.866::94659.169/v2.9 0/s2ecurit1y-g2roups9/89ffdd307 -b1a7-I4d0e-b300-31bc50N87cFb80O 0. 1t4e2msp
e2st.li0b.1co7-m0mo9n.ss-2h8  [13:38:4-6]. Creati800 ng212 s9sh 7con neINctFioOn  ttempest.lib.common.ores 't1_0.c2l4i5e.n1t7 [3r.e1q7-9:0f22926'6 1as- b6'c2ir7r-os4'e w7fit-h8fa6- 8pubb0l4i22c39b bke21y  aut]h eRneqtuiecsattio n(
TrustsV3TestJSON:tearDownClass): 204 DELETE http://10.245.168.68:35357/v3/projects/0bcc8af30e664531851ae005ba51e18c 0.230s
2017-09-28 13:38:47.038 21297 INFO tempest.lib.common.rest_client [req-746dacb1-4d7f-4e6c-9bc8-0e3d9752eaad ] Request (TrustsV3TestJSON:tearDownClass): 204 DELETE http://10.245.168.68:35357/v3/users/c579f66aee0c45f29fe6bcfcf15c73e0 0.233s
2017-09-28 13:38:47.129 21299 INFO tempest.lib.common.rest_client [req-17656de7-c577-4ea1-a3c9-0d528265f659 ] Request (UsersTestJSON:setUpClass): 200 POST http://10.245.162017-098-28 13:38:.476.1980 :213297 INFO tempe5st.lib.3c5o7/mmvon.r2.e0/suste_clries 0.5n2t [req-68ese5
20157-096dc-337e-4f6-28 123-8339:3-0bbc86cdf4828 :47] Re.ques1t (3Trus0 21299 INFO tempest.tcommosV3Tesnt.dynJSON:tearDoawnmClass): 200 iGET hct_tp://10.24c5.168r.66eds: 9[696-/v2] Acquir.ed dynamic0/ creds:
s ecredceuntriiatls: Cy-groups?tredentialsenant_id=42c6dc45a6a:b 4{a7'usernam1a9e': u'tempest-UsersTestJSaON-10c79afd905039d798&name=def3aul3371', t' proje0c.15t1s
_name': u'tempest-UsersTestJSON-1079033371', 'user_id': u'749ecbfe1fb541c091af3c189ae0b917', 'tenant_name': u'tempest-UsersTestJSON-1079033371', 'tenant_id': u'3fa4a07d52754984a210ea289a477160', 'project_id': u'3fa4a07d52754984a210ea289a477160'}, Network: None, Subnet: None, Router: None
2017-09-28 13:38:47.130 21299 INFO tempest.common.dynamic_creds [-] Created isolated network resources for : 
 credentials: Credentials: {'username': u'tempest-UsersTestJSON-1079033371', 'project_name': u'tempest-UsersTestJSON-1079033371', 'user_id': u'749ecbfe1fb541c091af3c189ae0b917', 'tenant_name': u'tempest-UsersTestJSON-1079033371', 'tenant_id': u'3fa4a07d52754984a210ea289a477160', 'project_id': u'3fa4a07d52754984a210ea289a477160'}, Network:2017-09-28 13:38: 47.480 2129N7 oINnFO tempeest.lib.common.rest_client ,[ Subnet:req-897e4379- N4dc0-471one, 5Rout-er: 9587-Non7e
cc4f7688207 ] Request (TrustsV3TestJSON:tearDownClass): 204 DELETE http://10.245.168.66:9696/v2.0/security-groups/6103d257-3362-4425-848e-5ced976f319b 0.288s
2017-09-28 13:38:47.624 21297 INFO tempest.lib.common.rest_client [req-ec5ae4cb-5336-4a13-96b6-5ce8267652bf ] Request (TrustsV3TestJSON:tearDownClass): 204 DELETE http://10.245.168.68:35357/v3/projects/42c6dc45a6ab4a71a9acafd90539d798 0.1422017-09-2s8 13:38:
47.683 21299 INFO tempest.lib.common.rest_client [req-8c69a92d-8784-40f4-bc49-144a44f6329f ] Request (UsersTestJSON:setUpClass): 200 POST http://10.245.168.68:5000/v2.0/tokens
2017-09-28 13:38:47.826 21299 INFO tempest.lib.common.rest_client [req-810a6b20-25ff-40c9-9184-7bf794d2d749 ] Request (UsersTestJSON:setUpClass): 200 POST http://10.245.168.68:35357/v2.0/tenants 0.141s
2017-09-28 13:38:48.143 21297 INFO tempest.lib.common.rest_client [req-c9556fa5-0e07-4251-95ed-8508f96062f2 ] Request (TestApiDiscovery:setUpClass): 201 POST http://10.245.168.68:5000/v3/auth/tokens
2017-09-28 13:38:48.329 21299 INFO tempest.lib.common.rest_client [req-122aec98-49b7-4b3d-8d0c-433696dbf429 ] Request (UsersTestJSON:setUpClass): 200 POST http://10.245.168.68:35357/v2.0/users 0.502s
2017-09-28 13:38:48.437 21299 INFO tempest.lib.common.rest_client [req-c907df6a-b187-4b17-8279-fa09d32efce6 ] Request (UsersTestJSON:setUpClass): 200 GET http://10.245.168.68:35357/v2.0/OS-KSADM/roles 0.106s
2017-09-28 13:38:48.561 21299 INFO tempest.lib.common.rest_client [req-c51d90af-4237-4e28-8cb2-1901349eba9a ] Request (UsersTestJSON:setUpClass): 200 PUT http://10.245.168.68:35357/v2.0/tenants/c1e40fa1b0164076925752e148b2d9a0/users/b5285ff5cf3549078561c8ffef3a9868/roles/OS-KSADM/e6b642fd56384bc3be9213b12a3bbbbb 0.123s
2017-09-28 13:38:48.562 21299 INFO tempest.common.dynamic_creds [-] Acquired dynamic creds:
 credentials: Credentials: {'username': u'tempest-UsersTestJSON-1446372143', 'project_name': u'tempest-UsersTestJSON-14463722017-09-1243'8,  1'3u:s3e8r_id':: u'4b8.72522 8251f2f5c9f7 3I54NF90O7 85t6e1cm8fpfeesft3.al98ib6.8com', 'mteonnan.tr_ensatm_ecl'ie:nt  [ru'teeqmpe-8set5-3U5sde1r9sTe-s10tJ3cS-ON4-81164-94415-c2603639734a2c81c ] Req4ue3s't,  ('Tteenasntt_AidpiD'is: cuove'rc1y:setUpCe40fa1b016l40a76925s75s2e)14:8b2d 201 POST 9http://10.245.168.68:a50000/v3/auth/tokens
2017-', 'project_id': u'c09-28 13:38:48.823 212971 IeNFO tempest.lib.common.rest_client [4req0-f2e228bf-8ff6d-4f8a1b01644076925752e148b2d9a0'}, Network: N-o8ne, Subnet:8b3-ccb0 No8ne, Router: None
2017-09c-2880 1a3c:38:8468 ]. 5R62e 2q1u2e9s9 ItNFO  (temTpeessttA.pcioDmmions.dyncamoivecr_creds [-] Created isoyla:setedt nUetpwCorkl raessso)u:r c2e0s0 f oGErT  ht:t 
p :c//r10e.d2e4nt5i.1a68l.6s:8: 3C5r3e57de/v3/dnotmiaalisn:s ?{n'aume=Defsaeurlnt 0.1a00sme'
20:17 -u0'tem9-28p es1t-U3s:e3r8:s4T8es.t9JS4O2N- 124463721143297' IN,F O' prtojeecmt_pnaemse't.l: iu'bte.compmemsotn-U.sreersst_TestJclSiONe-n1t4 4[6r3e7214q3-'3296d,a 'buser_4i-d': u8'eee-4b5285fffc51cf-93b5489e0-78252610cb8f45faeef3a98e68c8'0,  ']tenant_n amRee':qu eus'tte m(Tepesstt-UAspiDisercsoTveesrtJSONy-14:s4e6tUp3C7l2a143ss)':,  20'te1 nPaOnSTt _ihttdp':: /u/'1c0.12e45.16480.f6a18b:0315365470/v3/p769r257o52jee1c4t8sb2 0d.91a10',8 'prso
ject_id': u'c1e40fa1b0164076925752e148b2d9a0'}, Network: None, Subnet: None, Router: None
2017-09-28 13:38:49.172 21299 INFO tempest.lib.common.rest_client [req-a596a7ee-a744-48f4-a22c-e772c95fd63b ] Request (UsersTestJSON:setUpClass): 200 POST http://10.245.168.68:5000/v2.0/tokens
2017-09-28 13:38:49.265 21295 WARNING tempest.lib.common.ssh [-] Failed to establish authenticated ssh connecti2on0 t1o 7ci-rr0os9@1-0.22845 13:38:49..173.12 ([Errn3o 0No1ne] U nable t2o connect1299 I NFO tetmpeost.lib. copmmoonr.rtes t_2cl2 on 10.245.17i3.12). Numbeern attet [remq-p26td2saa:e 9-a1. Retry acb8-4bf34t-b79f-2e9r70e3 a2cec bseco8n ] Rdes.q:u eNsot V(aUlisdConenresTcetisontsJSEON:rtreosrt:_ c[Errreanteo_u sNeorn)e: ] 2Un00a bPOlST e thttop: //10c.o2n45n.e1c6t8. 6to 8po:r353t5 72/2v 2o.n0 /1t0e.n245ant.s 170.132.5s1
2
2017-09-28 13:38:49.439 21297 INFO tempest.lib.common.rest_client [req-f091cb17-2d15-4aba-bbd2-f03f5da8dbe7 ] Request (TestApiDiscovery:setUpClass): 201 POST http://10.245.168.68:35357/v3/users 0.495s
2017-09-28 13:38:49.553 21297 INFO tempest.lib.common.rest_client [req-a9422db4-8c15-4398-95bb-d4052f3c1c5e ] Request (TestApiDiscovery:setUpClass): 200 GET http://10.245.168.68:35357/v3/roles 0.113s
2017-09-28 13:38:49.684 21293 WARNIN2G017 -tem0pe9s-t28 .l1i3b:.38c:ommon4.ssh [9.680 -2]1 F29aile7 dI to NFestablish Oa uttehmentipceasted ts.lsihb .ccoonmnmecotni.orn etsot _ccirrols@1i0.en2t4 5.[r1e7q3.-7a1d27940 (f[Err-no9 Nofn0e]c Un-4able8 to9 co6nne-c9tc to 2peor-t4b a22b ocdn5 1b08b.6264 5.]1 7R3e.1qu7est) (T. eNsutAmpiDbiscoevre ray:tsetteUpCmlpatss):s 2:00 GE T1 http:/./10.245 .R16e8.t6r8:y3 5357/v3a/rfolets 0e.r125s
 2 seconds.: NoValidConnectionsError: [Errno None] Unable to connect to port 22 on 10.245.173.17
2017-09-28 13:38:49.873 212920177 I-N0FO9 temp-e2st.8 13:l38i:b4.9comm.on8.r8est_6cl 2i1e299 nINFOt te m[repqe-st.li2be.ecco2mcm95o-nb.rest_client 5[d6-req47-600f53b4-ba8-be01c-d24-8f14-9bf5cc-676aead78f5723ac9c8c 0]  Requ]e sRte q(uTeesstt ApiDis(cUosveerrsyT:esstJSeOtN:test_creUatpCel_uasers):s )20:0  2P0O4S TP UTh thttpt:p//:10./245/.11608.2.4658:.31563857./68v2:.305/u3se5r7s/ v03./5p8roj1se
cts/3027a970ecfe44aaa920a8fad5b9ddc4/users/08691d1277ba4b91b95b91219b2f436e/roles/24f1df3839df469cb50d9e93000c8fec 0.185s
2017-09-28 13:38:49.878 21297 INFO tempest.common.dynamic_creds [-] Acquired dynamic creds:
 credentials: Credentials: {'username': u'tempest-TestApiDiscovery-743003193', 'project_name': u'tempest-TestApiDiscovery-743003193', 'project_domain_id': u'default', 'user_domain_id': u'default', 'tenant_id': u'3027a970ecfe44aaa920a8fad5b9ddc4', 'user_domain_name': u'Default', 'domain_name': u'Default', 'tenant_name': u'tempest-TestApiDiscovery-743003193', 'user_id': u'08691d1277ba4b91b95b91219b2f436e', 'project_id': u'3027a970ecfe44aaa920a8fad5b9ddc4', 'domain_id': u'default', 2'pr01o7j-09e-c28t _d1o3mai:38n:50_.1n55a me'2:1 29u'9D IefaNuFlOt'} ,t emNpesetwto.lrkib:. Ncoonmmeo,n. Surebstnet: _Nconlei,e nRto [req-u1t0der3:a 2N0b-3oc05-47dn3e-b
7240d1-7-1af0793-620883 61d73 ]: R3e8q:ues49.880 2t (12Use97 IrNsFTOe stteJmSpOestN.:_rcuonm_mocn.ldeynamaic_crneuds p[-s] C)r:eated  i2s0ola4t eDd nELEetTwEor kh ttrp:esou/rces/ f1or0 .: 2
 c4r5ed.en1t6ia8ls.:68: 3Cre5den3t5i7al/vs2.:0 /{'uusseerrnas/mfe'a: ua'e7t5e4mdpe6s7tb-Tde4st6Apbi8aDi9s8cdo1vbery-1b201d78413090b 031.29634's, 
