2017-09-28 13:39:46.366 21297 INFO tempest.lib.common.rest_client [req-e4caaade-04b8-4676-a494-fa7d877bf219 ] Request (TestNetworkBasicOps:test_network_basic_ops): 200 PUT http://10.245.168.66:9696/v2.0/routers/a7b0d69d-e526-4a73-9ec0-741efa1f0c9c 1.344s
2017-09-28 13:39:46.598 21297 INFO tempest.lib.common.rest_client [req-e649072e-4d0a-4ced-ab09-1a34b1658888 ] Request (TestNetworkBasicOps:test_network_basic_ops): 200 GET http://10.245.168.66:9696/v2.0/subnets?tenant_id=ec87afbec3564336818a9c2cce99109f&cidr=192.168.21.0%2F28 0.227s
2017-09-28 13:39:47.074 21297 INFO tempest.lib.common.rest_client [req-edf7391a-7dd6-4f51-8606-9897aa2e8aa4 ] Request (TestNetworkBasicOps:test_network_basic_ops): 201 POST http://10.245.168.66:9696/v2.0/subnets 0.474s
2017-09-28 13:39:47.439 21299 INFO tempest.lib.common.rest_client [req-5876e11a-6623-404c-8d97-05dab4fd8c49 ] Request (FloatingIPTestJSON:setUpClass): 200 PUT http://10.245.168.66:9696/v2.0/routers/3cffb33e-317b-40d9-8f31-c867bd8521bf/add_router_interface 1.500s
2017-09-28 13:39:48.212 21299 INFO tempest.lib.common.rest_client [req-1edc64a1-3c7a-4b1a-a1cc-abc0d34230a5 ] Request (FloatingIPTestJSON:setUpClass): 201 POST http://10.245.168.66:9696/v2.0/ports 0.773s
2017-09-28 13:39:48.678 21297 INFO tempest.lib.common.rest_client [req-206d7d94-4827-48ae-92ef-eac4764ac98c ] Request (TestNetworkBasicOps:test_network_basic_ops): 200 PUT http://10.245.168.66:9696/v2.0/routers/a7b0d69d-e526-4a73-9ec0-741efa1f0c9c/add_router_interface 1.603s
2017-09-28 13:39:48.796 21297 INFO tempest.lib.common.rest_client [req-d6e9fdd1-e217-41f4-a445-d740e81b7d65 ] Request (TestNetworkBasicOps:test_network_basic_ops): 200 GET http://10.245.168.66:9696/v2.0/networks 0.116s
2017-09-28 13:39:48.856 21297 INFO tempest.lib.common.rest_client [req-b6d4575e-0500-4de9-ad9d-ab0617e6c6e6 ] Request (TestNetworkBasicOps:test_network_basic_ops): 200 GET http://10.245.168.66:9696/v2.0/subnets 0.058s
2017-09-28 13:39:48.933 21297 INFO tempest.lib.common.rest_client [req-3a7a4956-2198-4ca3-8333-10844cd96fe5 ] Request (TestNetworkBasicOps:test_network_basic_ops): 200 GET http://10.245.168.66:9696/v2.0/routers 0.075s
2017-09-28 13:39:49.047 21299 INFO tempest.lib.common.rest_client [req-67ce60bb-059a-429b-86da-e1f7b71fbda2 ] Request (FloatingIPTestJSON:setUpClass): 201 POST http://10.245.168.66:9696/v2.0/ports 0.833s
2017-09-28 13:39:49.581 21297 INFO tempest.lib.common.rest_client [req-3895d357-a632-43a8-a3bc-c1dcffccea6a ] Request (TestNetworkBasicOps:test_network_basic_ops): 200 POST http://10.245.168.74:8774/v2/ec87afbec3564336818a9c2cce99109f/os-keypairs 0.647s
2017-09-28 13:39:50.136 21297 INFO tempest.lib.common.rest_client [req-c0b618ed-4e26-48aa-8bd7-4b74a9a5ed99 ] Request (TestNetworkBasicOps:test_network_basic_ops): 200 POST http://10.245.168.68:5000/v2.0/tokens
2017-09-28 13:39:50.138 21297 INFO tempest.common.fixed_network [-] (TestNetworkBasicOps:test_network_basic_ops) Found network None available for tenant
2017-09-28 13:39:50.531 21299 INFO tempest.lib.common.rest_client [req-37428f47-c5cc-4e04-aeda-0143634e8c3f ] Request (FloatingIPTestJSON:test_create_floating_ip_specifying_a_fixed_ip_address): 201 POST http://10.245.168.66:9696/v2.0/floatingips 1.478s
2017-09-28 13:39:50.836 21299 INFO tempest.lib.common.rest_client [req-2f81c631-10f0-49dc-8672-937867a25d00 ] Request (FloatingIPTestJSON:test_create_floating_ip_specifying_a_fixed_ip_address): 200 PUT http://10.245.168.66:9696/v2.0/floatingips/1f6bef98-5f4e-4a83-b996-c59b2181c0f7 0.301s
2017-09-28 13:39:51.069 21297 INFO tempest.lib.common.rest_client [req-09d4f6c0-5afa-4229-9504-fa2cdecb8dad ] Request (TestNetworkBasicOps:test_network_basic_ops): 202 POST http://10.245.168.74:8774/v2/ec87afbec3564336818a9c2cce99109f/servers 0.929s
2017-09-28 13:39:51.154 21297 INFO tempest.lib.common.rest_client [req-0f27dfbf-2f47-45e5-8695-740b9e8c1b20 ] Request (TestNetworkBasicOps:test_network_basic_ops): 200 GET http://10.245.168.74:8774/v2/ec87afbec3564336818a9c2cce99109f/servers/03525513-f954-4c9e-8340-5854cf139965 0.079s
2017-09-28 13:39:51.363 21299 INFO tempest.lib.common.rest_client [req-0a2b9e3b-243b-4d26-bfde-ba6073246211 ] Request (FloatingIPTestJSON:_run_cleanups): 204 DELETE http://10.245.168.66:9696/v2.0/floatingips/1f6bef98-5f4e-4a83-b996-c59b2181c0f7 0.524s
{3} tempest.api.network.test_floating_ips.FloatingIPTestJSON.test_create_floating_ip_specifying_a_fixed_ip_address [2.315091s] ... ok
2017-09-28 13:39:52.432 21297 INFO tempest.lib.common.rest_client [req-410f059f-a851-40d7-b968-47e3267967c1 ] Request (TestNetworkBasicOps:test_network_basic_ops): 200 GET http://10.245.168.74:8774/v2/ec87afbec3564336818a9c2cce99109f/servers/03525513-f954-4c9e-8340-5854cf139965 0.262s
2017-09-28 13:39:52.448 21297 INFO tempest.common.waiters [-] State transition "BUILD/scheduling" ==> "BUILD/spawning" after 1 second wait
2017-09-28 13:39:52.882 21299 INFO tempest.lib.common.rest_client [req-ecd3c983-ab8d-4f38-ba6f-30b2b9fc0d91 ] Request (FloatingIPTestJSON:test_create_list_show_update_delete_floating_ip): 201 POST http://10.245.168.66:9696/v2.0/floatingips 1.515s
2017-09-28 13:39:52.925 21299 INFO tempest.lib.common.rest_client [req-531f66b6-eae7-402f-9e9e-fc258f9a12d1 ] Request (FloatingIPTestJSON:test_create_list_show_update_delete_floating_ip): 200 GET http://10.245.168.66:9696/v2.0/floatingips/cfba97b5-15a3-40e6-ae24-353c9eb49d66 0.038s
2017-09-28 13:39:52.983 21299 INFO tempest.lib.common.rest_client [req-38bd87ad-af67-48ea-b7e6-0243c9e328e3 ] Request (FloatingIPTestJSON:test_create_list_show_update_delete_floating_ip): 200 GET http://10.245.168.66:9696/v2.0/floatingips 0.057s
2017-09-28 13:39:53.662 21297 INFO tempest.lib.common.rest_client [req-dfafaded-70a3-4f62-aa50-6caee43a764e ] Request (TestNetworkBasicOps:test_network_basic_ops): 200 GET http://10.245.168.74:8774/v2/ec87afbec3564336818a9c2cce99109f/servers/03525513-f954-4c9e-8340-5854cf139965 0.212s
2017-09-28 13:39:53.733 21299 INFO tempest.lib.common.rest_client [req-40371d9b-0f9d-4352-9448-2f5e7198c2e2 ] Request (FloatingIPTestJSON:test_create_list_show_update_delete_floating_ip): 200 PUT http://10.245.168.66:9696/v2.0/floatingips/cfba97b5-15a3-40e6-ae24-353c9eb49d66 0.748s
2017-09-28 13:39:54.045 21299 INFO tempest.lib.common.rest_client [req-e516935d-47db-490e-966c-9c1da1a0cf70 ] Request (FloatingIPTestJSON:test_create_list_show_update_delete_floating_ip): 200 PUT http://10.245.168.66:9696/v2.0/floatingips/cfba97b5-15a3-40e6-ae24-353c9eb49d66 0.310s
2017-09-28 13:39:54.622 21299 INFO tempest.lib.common.rest_client [req-b8bad5cd-0afb-48a3-81a3-6f0a6a9cc817 ] Request (FloatingIPTestJSON:_run_cleanups): 204 DELETE http://10.245.168.66:9696/v2.0/floatingips/cfba97b5-15a3-40e6-ae24-353c9eb49d66 0.576s
{3} tempest.api.network.test_floating_ips.FloatingIPTestJSON.test_create_list_show_update_delete_floating_ip [3.257242s] ... ok
2017-09-28 13:39:54.894 21297 INFO tempest.lib.common.rest_client [req-254ecccd-1fd9-47bb-a530-16653755074b ] Request (TestNetworkBasicOps:test_network_basic_ops): 200 GET http://10.245.168.74:8774/v2/ec87afbec3564336818a9c2cce99109f/servers/03525513-f954-4c9e-8340-5854cf139965 0.206s
2017-09-28 13:39:55.147 21299 INFO tempest.lib.common.rest_client [req-10e26f5a-f8fe-4a67-ba3a-96d6ed4d57ba ] Request (FloatingIPTestJSON:tearDownClass): 204 DELETE http://10.245.168.66:9696/v2.0/ports/6786b4f4-a4a2-470f-b450-54e8ee031b28 0.520s
2017-09-28 13:39:55.674 21299 INFO tempest.lib.common.rest_client [req-921ff7e1-6631-4cf1-abfb-7cda782cfe2f ] Request (FloatingIPTestJSON:tearDownClass): 204 DELETE http://10.245.168.66:9696/v2.0/ports/55c5aa12-21d6-4195-97e2-26bd38305c1b 0.522s
2017-09-28 13:39:55.744 21299 INFO tempest.lib.common.rest_client [req-4216fd85-2479-436e-a7a4-99a6a36d805e ] Request (FloatingIPTestJSON:tearDownClass): 200 GET http://10.245.168.66:9696/v2.0/ports?device_id=3cffb33e-317b-40d9-8f31-c867bd8521bf 0.068s
2017-09-28 13:39:56.121 21297 INFO tempest.lib.common.rest_client [req-64f53f60-7b0d-4ba3-8caf-420ba62cf647 ] Request (TestNetworkBasicOps:test_network_basic_ops): 200 GET http://10.245.168.74:8774/v2/ec87afbec3564336818a9c2cce99109f/servers/03525513-f954-4c9e-8340-5854cf139965 0.209s
2017-09-28 13:39:56.139 21297 INFO tempest.common.waiters [-] State transition "BUILD/spawning" ==> "ACTIVE/None" after 5 second wait
2017-09-28 13:39:56.335 21297 INFO tempest.lib.common.rest_client [req-7e124004-4797-4363-aecf-776d5e3ff6e5 ] Request (TestNetworkBasicOps:test_network_basic_ops): 200 GET http://10.245.168.74:8774/v2/ec87afbec3564336818a9c2cce99109f/servers/03525513-f954-4c9e-8340-5854cf139965 0.195s
2017-09-28 13:39:56.349 21297 INFO tempest.scenario.manager [-] Tenant networks not configured to be reachable.
2017-09-28 13:39:56.407 21297 INFO tempest.lib.common.rest_client [req-4d44a36d-ff34-41ca-bf28-0dfcbd28702e ] Request (TestNetworkBasicOps:test_network_basic_ops): 200 GET http://10.245.168.66:9696/v2.0/ports?fixed_ip=None&device_id=03525513-f954-4c9e-8340-5854cf139965 0.057s
2017-09-28 13:39:56.994 21299 INFO tempest.lib.common.rest_client [req-e9e47255-a9ca-4295-9ac9-c6519706e656 ] Request (FloatingIPTestJSON:tearDownClass): 200 PUT http://10.245.168.66:9696/v2.0/routers/3cffb33e-317b-40d9-8f31-c867bd8521bf/remove_router_interface 1.249s
2017-09-28 13:39:57.918 21297 INFO tempest.lib.common.rest_client [req-8413597b-8f11-4d52-9304-3fba4fca5282 ] Request (TestNetworkBasicOps:test_network_basic_ops): 201 POST http://10.245.168.66:9696/v2.0/floatingips 1.507s
2017-09-28 13:39:57.948 21297 INFO tempest.lib.common.rest_client [req-247e528b-913e-42f1-9000-29ffa82c8465 ] Request (TestNetworkBasicOps:test_network_basic_ops): 200 GET http://10.245.168.66:9696/v2.0/floatingips/f2371ee1-0882-4f5c-a4a2-f329be5e943c 0.027s
2017-09-28 13:39:58.147 21299 INFO tempest.lib.common.rest_client [req-5a7d825e-7226-4150-aa56-759d2249d7cd ] Request (FloatingIPTestJSON:tearDownClass): 204 DELETE http://10.245.168.66:9696/v2.0/routers/3cffb33e-317b-40d9-8f31-c867bd8521bf 1.151s
2017-09-28 13:39:58.637 21299 INFO tempest.lib.common.rest_client [req-664e87ac-8f6a-4a88-b975-211d99cc89ed ] Request (FloatingIPTestJSON:tearDownClass): 204 DELETE http://10.245.168.66:9696/v2.0/subnets/e6554b6e-02c9-423c-a652-f76d3ba4c10c 0.488s
2017-09-28 13:39:58.991 21297 INFO tempest.lib.common.rest_client [req-4de5f01e-64cf-488d-ac59-adfbfdd6d588 ] Request (TestNetworkBasicOps:test_network_basic_ops): 200 GET http://10.245.168.66:9696/v2.0/floatingips/f2371ee1-0882-4f5c-a4a2-f329be5e943c 0.031s
2017-09-28 13:39:59.442 21299 INFO tempest.lib.common.rest_client [req-a33f992c-0428-4178-bcab-7c4427ec8434 ] Request (FloatingIPTestJSON:tearDownClass): 204 DELETE http://10.245.168.66:9696/v2.0/networks/6ddbd151-a9c7-4e81-9bd2-82361bdece64 0.803s
2017-09-28 13:39:59.684 21299 INFO tempest.lib.common.rest_client [req-3e58a2bd-41b6-493b-a445-8e8c9c9b6833 ] Request (FloatingIPTestJSON:tearDownClass): 204 DELETE http://10.245.168.68:35357/v2.0/users/0d7f9956b7e74f0eaf86c84c2ad8c899 0.240s
2017-09-28 13:39:59.921 21299 INFO tempest.lib.common.rest_client [req-6748c4dc-2d0f-47d7-ad71-5ef21db28ec3 ] Request (FloatingIPTestJSON:tearDownClass): 200 GET http://10.245.168.66:9696/v2.0/security-groups?tenant_id=864a5449f8ab4acfbb1bf744faacb47c&name=default 0.236s
2017-09-28 13:40:00.030 21297 INFO tempest.lib.common.rest_client [req-0a5c98c8-bc0a-41d2-86aa-c60d9162601c ] Request (TestNetworkBasicOps:test_network_basic_ops): 200 GET http://20171-09-28 13:40:000..059 221299 INFO te45.168.66:96mpest.lib.9com6mon/.rest_clienvt [req-d314861b2-f738.0/-43fl12-b495-o5e324220ebdf ]a Reqtuest (FloaitingIPngips/f2371eeTestJSON:1tearDownClass): 204 DE-LE0TE882-4 http:/f/10.2455.1c-a4a2-6f8.663:92696/v29.0/sebceuri5ty-egrou9ps/44ce4c33b5-842c9-40 b0f-be75-d.9f0828e308e214 0.136s
s
2017-09-28 13:40:00.286 21299 INFO tempest.lib.common.rest_client [req-97f58e0b-8b6f-46ef-a51f-024bdd77f33c ] Request (FloatingIPTestJSON:tearDownClass): 204 DELETE http://10.245.168.68:35357/v2.0/tenants/864a5449f8ab4acfbb1bf744faacb47c 0.226s
{3} setUpClass (tempest.api.network.test_networks.NetworksIpV6Test) ... SKIPPED: IPv6 Tests are disabled.
2017-09-28 13:40:00.825 21299 INFO tempest.lib.common.rest_client [req-5630307f-f5d0-43de-a0d0-0373c70bde0a ] Request (NetworksTest:setUpClass): 200 POST http://10.245.168.68:5000/v2.0/tokens
2017-09-28 13:40:01.072 21297 INFO tempest.lib.common.rest_client [req-c2c86d0b-9a2e-4c8b-a756-58c00ff3628a ] Request (TestNetworkBasicOps:test_network_basic_ops): 200 GET http://10.245.168.66:9696/v2.0/floatingips/f2371ee1-0882-4f5c-a4a2-f329be5e943c 0.036s
2017-09-28 13:40:01.382 21299 INFO tempest.lib.common.rest_client [req-12acc51b-5b98-4878-a6ee-636d452e6fce ] Request (NetworksTest:setUpClass): 200 POST http://10.245.168.68:5000/v2.0/tokens
2017-09-28 13:40:01.507 21299 INFO tempest.lib.common.rest_client [req-fb5ea267-4f20-4a16-b2dd-c50b43e718e1 ] Request (NetworksTest:setUpClass): 200 POST http://10.245.168.68:35357/v2.0/tenants 0.124s
2017-09-28 13:40:02.039 21299 INFO tempest.lib.common.rest_client [req-1141a0b5-a131-4e00-9b4c-bfb72c5c7cc5 ] Request (NetworksTest:setUpClass): 200 POST http://10.245.168.68:35357/v2.0/users 0.531s
2017-09-28 13:40:02.040 21299 INFO tempest.common.dynamic_creds [-] Acquired dynamic creds:
 credentials: Credentials: {'username': u'tempest-Networ2017-09k-28 13:4s0:02.110 2T1297e INFO tempest.libst.co-7775307m10mo'n,. 'repst_rclieoject_nnat [me': u'tempest-Networreq-2ksfcTd1c26-e1bfs0-4t-77758320710', 'user_i2d': -u'55019f2c6ff4f91-ddae38aa4675869441f8319caa46946'b6, 'te ] Request (TestnNeatwnorkBatsi_namceO'p:s: u'ttest_netempestwo-Nerk_tbwoasrikcs_Teostp-s): 77270503 0GE7T1 0'h, t'tp:/t/e1n0a.n2t4_5.i1d6':8. 66:u9'c1696/6vfa2.d032/91f36l4oa4taainaf531g5i1p2sb/4fa24a3711dede1-0'8,8 'p2r-oj4ect_fi5d'c:-a 4ua'2c-1f63fad239be259e94133c64 4aa0a.f50331551s2
b420a147-09a-12d8 1d'}3,:4 N0e:tw0ork2: .N1o4ne,2  Su2bne1t2:9 N7o IneN,F O Routetempre: None
s20t1.7li-b0.9c-o2m8m 1o3n.re:st_4c0:li0e2n.040t  [req2-12909 INFO 55tb9empese11t-9.80b-4ceoc0-m96mbco-n.7d0y9f9nad7adm0idc0_ c]r eRdesq u[-e] Crst ea(tTesteNd eisolatetwod nrektBwasoricOk resopurces:tse sfto_rn e: tw
o rckr_beadsiecn_optsi): al20s0 : GCreEdTe nhttitalsp:: /{/'us10e.r2n4a5me':.1 u6'8.66:9t69e6/vm2.0p/estf-lNoeatwotriknsgTeispst-7/f723771ee513-00781802'-,4 f'5pcr-ojeac4ta2_-nfa3m2e9'be:5 eu'9t4e3mpc e0s.t0-3N1set
w2o0rks1T7e-s0t9-28 -177735:304071:002',.14 3' u2s1e2r9_id7' I:NF u'5O t5emp0e1fs2t.scenca6rfio4.manfag8e4r6 7[5-86]94 4Flfo8a3t19icnagaIP:6 4{6u','r o'utteern_aindt': _una'mea': 7ub'tempe0sd6t-N9edt-weor52k6s-T4eas7t-77753-39e0c071-70',41 'tenaentf_a1fid0'c:9 uc'c'16,f adu3'2stat9u1s3'6:44 au'ACaafT531I51V2Eb', 4ua'4dae1sdcdr'i, 'ptpiroonj'e:c tu_'id'',:  u'c1u6'fatda3g2s9'13:6 44[a]aa, uf5'31t5e12b4na4aa1nddt'_}i,d N'e:t uw'eocrk:8 7afbNeocn3e5,643 Subn3et6:8 1N8oan9ec,2 cRcoeu9t91er:09 fN',on eu
'created_at': u'2017-09-28T13:39:57Z', u'updated_at': u'2017-09-28T13:39:57Z', u'floating_network_id': u'1f66b427-fe26-4392-8cbb-8a02d930890f', u'fixed_ip_address': u'192.168.21.12', u'floating_ip_address': u'10.245.173.10', u'revision_number': 0, u'project_id': u'ec87afbec3564336818a9c2cce99109f', u'port_id': u'b830d40f-d519-4497-9d55-8d5905e92359', u'id': u'f2371ee1-0882-4f5c-a4a2-f329be5e943c'} is at status: ACTIVE
2017-09-28 13:40:02.603 21299 INFO tempest.lib.common.rest_client [req-aa513c1e-3b5b-479d-b512-049ca611defa ] Request (NetworksTest:setUpClass): 200 POST http://10.245.168.68:5000/v2.0/tokens
2017-09-28 13:40:03.178 21299 INFO tempest.lib.common.rest_client [req-3e832d71-98a5-4ee6-b3ad-21ca9fd29c17 ] Request (NetworksTest:setUpClass): 201 POST http://10.245.168.66:9696/v2.0/networks 0.570s
2017-09-28 13:40:03.658 21299 INFO tempest.lib.common.rest_client [req-3d3808e3-e307-4f0e-9edb-8daa5968bd9e ] Request (NetworksTest:setUpClass): 201 POST http://10.245.168.66:9696/v2.0/subnets 0.478s
2017-09-28 13:40:03.903 21299 INFO tempest.lib.common.rest_client [req-3319151b-f0ce-49ee-ba5f-061e26e6fd56 ] Request (NetworksTest:test_create_update_delete_network_subnet): 201 POST http://10.245.168.66:9696/v2.0/networks 0.239s
2017-09-28 13:40:04.440 21299 INFO tempest.lib.common.rest_client [req-ce5b931c-5622-40ba-aad8-bfacba2acd3e ] Request (NetworksTest:test_create_update_delete_network_subnet): 200 PUT http://10.245.168.66:9696/v2.0/networks/d964c4ac-44d2-4bf0-abe5-c0634e2f7a5c 0.535s
2017-09-28 13:40:04.962 21299 INFO tempest.lib.common.rest_client [req-d371a273-550f-4fd4-8a6a-7b743cc8e482 ] Request (NetworksTest:test_create_update_delete_network_subnet): 201 POST http://10.245.168.66:9696/v2.0/subnets 0.514s
2017-09-28 13:40:05.310 21299 INFO tempest.lib.common.rest_client [req-c5a807ed-42ba-4345-9160-66952c392fc5 ] Request (NetworksTest:test_create_update_delete_network_subnet): 200 PUT http://10.245.168.66:9696/v2.0/subnets/775f2f99-e89c-4d6f-89b2-0ce6cf703733 0.347s
2017-09-28 13:40:07.168 21299 INFO tempest.lib.common.rest_client [req-f2be5ce3-9a8e-48ef-856f-c1151824e125 ] Request (NetworksTest:_run_cleanups): 204 DELETE http://10.245.168.66:9696/v2.0/networks/d964c4ac-44d2-4bf0-abe5-c0634e2f7a5c 1.856s
{3} tempest.api.network.test_networks.NetworksTest.test_create_update_delete_network_subnet [3.509812s] ... ok
2017-09-28 13:40:07.288 21299 INFO tempest.lib.common.rest_client [req-84af0a8d-12a9-44f2-9a81-03ac926a739c ] Request (NetworksTest:test_external_network_visibility): 200 GET http://10.245.168.66:9696/v2.0/networks?router%3Aexternal=True 0.116s
2017-09-28 13:40:07.326 21299 INFO tempest.lib.common.rest_client [req-080ca683-64eb-4583-9ed3-0c1b33a16272 ] Request (NetworksTest:test_external_network_visibility): 200 GET http://10.245.168.66:9696/v2.0/subnets?network_id=1f66b427-fe26-4392-8cbb-8a02d930890f 0.036s
{3} tempest.api.network.test_networks.NetworksTest.test_external_network_visibility [0.157126s] ... ok
2017-09-28 13:40:07.459 21299 INFO tempest.lib.common.rest_client [req-3bd31bf7-3299-47eb-9fcf-39586ecacd1f ] Request (NetworksTest:test_list_networks): 200 GET http://10.245.168.66:9696/v2.0/networks 0.129s
{3} tempest.api.network.test_networks.NetworksTest.test_list_networks [0.132526s] ... ok
2017-09-28 13:40:07.524 21299 INFO tempest.lib.common.rest_client [req-5ac48924-81de-43c7-85e5-1053d0e75a30 ] Request (NetworksTest:test_list_subnets): 200 GET http://10.245.168.66:9696/v2.0/subnets 0.061s
{3} tempest.api.network.test_networks.NetworksTest.test_list_subnets [0.066448s] ... ok
2017-09-28 13:40:07.646 21299 INFO tempest.lib.common.rest_client [req-06bd0887-a73d-489d-8e13-f78e7d840649 ] Request (NetworksTest:test_show_network): 200 GET http://10.245.168.66:9696/v2.0/networks/2097d2cd-94b2-42bb-9c0f-c204a814660f 0.114s
{3} tempest.api.network.test_networks.NetworksTest.test_show_network [0.118466s] ... ok
2017-09-28 13:40:07.711 21299 INFO tempest.lib.common.rest_client [req-61ba0d88-422e-43f2-b1db-08e009ec9c6d ] Request (NetworksTest:test_show_subnet): 200 GET http://10.245.168.66:9696/v2.0/subnets/31e6c925-264f-49a7-8ec0-90e34f62f15b 0.060s
{3} tempest.api.network.test_networks.NetworksTest.test_show_subnet [0.063713s] ... ok
2017-09-28 13:40:08.391 21297 INFO tempest.lib.common.ssh [-] Creating ssh connection to '10.245.173.10:22' as 'cirros' with public key authentication
2017-09-28 13:40:08.396 21297 WARNING tempest.lib.common.ssh [-] Failed to establish authenticated ssh connection to cirros@10.245.173.10 ([Errno None] Unable to connect to port 22 on 10.245.173.10). Number attempts: 1. Retry after 2 seconds.: NoValidConnectionsError: [Errno None] Unable to connect to port 22 on 10.245.173.10
2017-09-28 13:40:08.669 21299 INFO tempest.lib.common.rest_client [req-dfcb2bca-b56c-4249-81e5-cd31a0c25ad1 ] Request (NetworksTest:tearDownClass): 204 DELETE http://10.245.168.66:9696/v2.0/subnets/31e6c925-264f-49a7-8ec0-90e34f62f15b 0.953s
2017-09-28 13:40:09.671 21299 INFO tempest.lib.common.rest_client [req-3d0fd716-c92d-4d7b-b57c-3324453c73fa ] Request (NetworksTest:tearDownClass): 204 DELETE http://10.245.168.66:9696/v2.0/networks/2097d2cd-94b2-42bb-9c0f-c204a814660f 1.001s
2017-09-28 13:40:09.860 21299 INFO tempest.lib.common.rest_client [req-433412d5-456f-45ea-b8ee-09ab44d4cba1 ] Request (NetworksTest:tearDownClass): 204 DELETE http://10.245.168.68:35357/v2.0/users/5501f2c6f4f8467586944f8319caa646 0.186s
2017-09-28 13:40:10.097 21299 INFO tempest.lib.common.rest_client [req-b7f5d06d-7440-4372-af43-1e31fc672ba8 ] Request (NetworksTest:tearDownClass): 200 GET http://10.245.168.66:9696/v2.0/security-groups?tenant_id=c16fad32913644aaaf531512b4a4a1dd&name=default 0.235s
2017-09-28 13:40:10.250 21299 INFO tempest.lib.common.rest_client [req-ca845133-4034-4aa0-aa88-c3a89690270f ] Request (NetworksTest:tearDownClass): 204 DELETE http://10.245.168.66:9696/v2.0/security-groups/5ab4b75d-bc55-4da6-9e59-3106e7e9a9c0 0.152s
2017-09-28 13:40:10.463 21299 INFO tempest.lib.common.rest_client [req-5fcf8a4d-cf83-4c0a-ba94-8f7b03ded2ba ] Request (NetworksTest:tearDownClass): 204 DELETE http://10.245.168.68:35357/v2.0/tenants/c16fad32913644aaaf531512b4a4a1dd 0.212s
2017-09-28 13:40:10.905 21297 WARNING tempest.lib.common.ssh [-] Failed to establish authenticated ssh connection to cirros@10.245.173.10 ([Errno None] Unable to connect to port 22 on 10.245.173.10). Number attempts: 2. Retry after 3 seconds.: NoValidConnectionsError: [Errno None] Unable to connect to port 22 on 10.245.173.10
2017-09-28 13:40:11.011 21299 INFO tempest.lib.common.rest_client [req-91f00c40-1bda-401e-89eb-76b006071df7 ] Request (PortsTestJSON:setUpClass): 200 POST http://10.245.168.68:5000/v2.0/tokens
2017-09-28 13:40:11.566 21299 INFO tempest.lib.common.rest_client [req-65f4fd2f-f734-4e2a-a20f-26a80f2c9a08 ] Request (PortsTestJSON:setUpClass): 200 POST http://10.245.168.68:5000/v2.0/tokens
2017-09-28 13:40:11.701 21299 INFO tempest.lib.common.rest_client [req-53bb5289-ee65-42c3-a162-0fd52f15b6a2 ] Request (PortsTestJSON:setUpClass): 200 POST http://10.245.168.68:35357/v2.0/tenants 0.134s
2017-09-28 13:40:12.155 21299 INFO tempest.lib.common.rest_client [req-7c62814c-05a3-4ccb-bffa-44dd8f0849df ] Request (PortsTestJSON:setUpClass): 200 POST http://10.245.168.68:35357/v2.0/users 0.453s
2017-09-28 13:40:12.160 21299 INFO tempest.common.dynamic_creds [-] Acquired dynamic creds:
 credentials: Credentials: {'username': u'tempest-PortsTestJSON-1094775568', 'project_name': u'tempest-PortsTestJSON-1094775568', 'user_id': u'fbe69d50026c4604893139e1c929014f', 'tenant_name': u'tempest-PortsTestJSON-1094775568', 'tenant_id': u'e9c1918d93f140fe838e54f9f705cca4', 'project_id': u'e9c1918d93f140fe838e54f9f705cca4'}, Network: None, Subnet: None, Router: None
2017-09-28 13:40:12.161 21299 INFO tempest.common.dynamic_creds [-] Created isolated network resources for : 
 credentials: Credentials: {'username': u'tempest-PortsTestJSON-1094775568', 'project_name': u'tempest-PortsTestJSON-1094775568', 'user_id': u'fbe69d50026c4604893139e1c929014f', 'tenant_name': u'tempest-PortsTestJSON-1094775568', 'tenant_id': u'e9c1918d93f140fe838e54f9f705cca4', 'project_id': u'e9c1918d93f140fe838e54f9f705cca4'}, Network: None, Subnet: None, Router: None
2017-09-28 13:40:12.701 21299 INFO tempest.lib.common.rest_client [req-d6a4e94d-6cb7-4e67-b78f-f4f2b0684548 ] Request (PortsTestJSON:setUpClass): 200 POST http://10.245.168.68:5000/v2.0/tokens
2017-09-28 13:40:13.251 21299 INFO tempest.lib.common.rest_client [req-66e127ea-a82f-45b2-89c6-fb3f5ee44fbc ] Request (PortsTestJSON:setUpClass): 201 POST http://10.245.168.66:9696/v2.0/networks 0.548s
2017-09-28 13:40:13.961 21299 INFO tempest.lib.common.rest_client [req-01acdf65-b1f2-44ea-a947-8431f7e49cae ] Request (PortsTestJSON:setUpClass): 201 POST http://10.245.168.66:9696/v2.0/ports 0.710s
2017-09-28 13:40:14.196 21299 INFO tempest.lib.common.rest_client [req-66697963-f096-4c8f-aa9c-b948eb1fea05 ] Request (PortsTestJSON:test_create_port_in_allowed_allocation_pools): 201 POST http://10.245.168.66:9696/v2.0/networks 0.230s
2017-09-28 13:40:14.416 21297 INFO paramiko.transport [-] Connected (version 2.0, client dropbear_2015.67)
2017-09-28 13:40:14.495 21297 INFO paramiko.transport [-] Authentication (publickey) successful!
2017-09-28 13:40:14.504 21297 INFO tempest.lib.common.ssh [-] ssh connection to cirros@10.245.173.10 successfully created
2017-09-28 13:40:14.678 21297 INFO tempest.lib.common.rest_client [req-637e3a99-d592-499c-a1bc-17ba478a0c6c ] Request (TestNetworkBasicOps:test_network_basic_ops): 2020 GE0T htt17-09p-28:/ /131:04.2045:.11684.7.0656 :2916296/v929.0/ pIoNFrO ttesmp?network_id=0007bc1b-86d3-48e9-af18-f65462ee6s8t060&.tleniba.nctom_idmon=e.rce87satf_bcelci3e5n6t4 3[3r6e8q18a9-b1c25c3c75ce9991-0ce29f 0b.058-s
2041a73-c0-99f-528a -136:400:f134d.68f10 ca217425 9] 7R IeNFqOu teesmtp e(sPtor.tlsiTbest.coJmSmon.ssh [-] Creating ssh connection OtNo: '10.24t5.est_17cre3a.1t0e:_2po2r' ats 'ci_rin_arols' wliotwhe dpu_blailcloc akteioyn _aupthoeonltsi)c:a 2t0i1o nP
O2S0T1 7h-t0t9-p2:8/ /1130:.4204:51.41.66884 .261269:97 I6N9F6O parami/kvo2.t.r0a/nssupbonertts [ 0.50-5] sC
onnected (version 2.0, client dropbear_2015.67)
2017-09-28 13:40:14.778 21297 INFO paramiko.transport [-] Authentication (publickey) successful!
2017-09-28 13:40:14.781 21297 INFO tempest.lib.common.ssh [-] ssh connection to cirros@10.245.173.10 successfully created
2017-09-28 13:40:14.897 21297 INFO tempest.lib.common.ssh [-] Creating ssh connection to '10.245.173.10:22' as 'cirros' with public key authentication
2017-09-28 13:40:14.901 21297 INFO paramiko.transport [-] Connected (version 2.0, client dropbear_2015.67)
2017-09-28 13:40:14.973 21297 INFO paramiko.transport [-] Authentication (publickey) successful!
2017-09-28 13:40:14.974 21297 INFO tempest.lib.common.ssh [-] ssh connection to cirros@10.245.173.10 successfully created
2017-09-28 13:40:14.986 21297 INFO tempest.lib.common.ssh [-] Creating ssh connection to '10.245.173.10:22' as 'cirros' with public key authentication
2017-09-28 13:40:14.994 21297 INFO paramiko.transport [-] Connected (version 2.0, client dropbear_2015.67)
2017-09-28 13:40:15.094 21297 INFO paramiko.transport [-] Authentication (publickey) successful!
2017-09-28 13:40:15.127 21297 INFO tempest.lib.common.ssh [-] ssh connection to cirros@10.245.173.10 successfully created
2017-09-28 13:40:15.198 21297 INFO tempest.lib.common.rest_client [req-375993a6-1edf-4a56-b11d-f45753696bda ] Request (TestNetworkBasicOps:test_network_basic_ops): 200 GET http://10.245.168.66:9696/v2.0/subnets?network_id=1f66b427-fe26-4392-8cbb-8a02d930890f 0.061s
2017-09-28 13:40:15.199 21297 INFO tempest.lib.common.ssh [-] Creating ssh connection to '10.245.173.10:22' as 'cirros' with public key authentication
2017-09-28 13:40:15.203 21297 INFO paramiko.transport [-] Connected (version 2.0, client dropbear_2015.67)
2017-09-28 13:40:15.305 21297 INFO paramiko.transport [-] Authentication (publickey) successful!
2017-09-28 13:40:15.333 21297 INFO tempest.lib.common.ssh [-] ssh connection to cirros@10.245.173.10 successfully created
2017-09-28 13:40:15.449 21297 INFO tempest.lib.common.ssh [-] Creating ssh connection to '10.245.173.10:22' as 'cirros' with public key authentication
2017-09-28 13:40:15.454 21297 INFO paramiko.transport [-] Connected (version 2.0, client dropbear_2015.67)
2017-09-28 13:40:15.533 21297 INFO paramiko.transport [-] Authentication (publickey) successful!2
2001177--0099-28- 213:408: 151.53:3480 :1215.259575  I2N1F2O9 9t eImNpFeOs tet.mlpiebs.tc.ommliobn..csosmmho n[.-r]e ssts_hclie nct o[req-ndn5ea2cfbc9-t8db1-4b9i5-90o4an -6t948o cidr5r20ofs@f10.2c451 .1]73. 10 Resquuesct c(PeorstssTfestJuSllOy Nc:treset_caretate_peodr
t_in_allowed_allocation_pools): 201 POST http://10.245.168.66:9696/v2.0/ports 0.846s
2017-09-28 13:40:15.870 21297 INFO tempest.lib.common.rest_client [req-ef4daa4c-e1ab-44e3-bcbb-7bd26c61fe78 ] Request (TestNetworkBasicOps:test_network_basic_ops): 200 PUT http://10.245.168.66:9696/v2.0/floatingips/f2371ee1-0882-4f5c-a4a2-f329be5e943c 0.308s
2017-09-28 13:40:15.898 21297 INFO tempest.lib.common.rest_client [req-72570b71-acce-4a41-a6f0-846509f71401 ] Request (TestNetworkBasicOps:test_network_basic_ops): 200 GET http://10.245.168.66:9696/v2.0/floatingips/f2371ee1-0882-4f5c-a4a2-f329be5e943c 0.026s
2017-09-28 13:40:16.206 21299 INFO tempest.lib.common.rest_client [req-ad0cbe0e-21ac-4020-b133-4b862b31675a ] Request (PortsTestJSON:_run_cleanups): 204 DELETE http://10.245.168.66:9696/v2.0/ports/7b4de21d-8db1-43c1-b2c8-de54fe4acd3c 0.647s
2017-09-28 13:40:16.929 21297 INFO tempest.lib.common.rest_client [req-c5fdea2d-3c4a-4e29-a14c-3336366220cf ] Request (TestNetworkBasicOps:test_network_basic_ops): 200 GET http://10.245.168.66:9696/v2.0/floatingips/f2371ee1-0882-4f5c-a4a2-f329be5e943c 0.027s
2017-09-28 13:40:17.073 21299 INFO tempest.lib.common.rest_client [req-c63deedd-6aa4-4ade-8829-58eaa6b82eab ] Request (PortsTestJSON:_run_cleanups): 204 DELETE http://10.245.168.66:9696/v2.0/subnets/964f4084-cb2a-4b83-886a-65dcc2eb4d78 0.866s
{3} tempest.api.network.test_ports.PortsTestJSON.test_create_port_in_allowed_allocation_pools [3.112029s] ... ok
2017-09-28 13:40:17.350 21299 INFO tempest.lib.common.rest_client [req-3f314160-47fd-4bc9-a5f7-b076e85dd46b ] Request (PortsTestJSON:test_create_port_with_no_securitygroups): 201 POST http://10.245.168.66:9696/v2.0/networks 0.270s
2017-09-28 13:40:17.967 21297 INFO tempest.lib.common.rest_client [req-84b0df70-851e-44f1-b0b0-d15ef9fd3c23 ] Request (TestNetworkBasicOps:test_network_basic_ops): 200 GET http://10.245.168.66:9696/v2.0/floatingips/f2371ee1-0882-4f5c-a4a2-f329be5e943c 0.035s
2017-09-28 13:40:17.994 21297 INFO tempest.lib.common.rest_client [req-dcd60047-0b73-4471-aa93-aa6a0ac9c1f0 ] Request (TestNetworkBasicOps:test_network_basic_ops): 200 GET http://10.245.168.66:9696/v2.0/floatingips/f23270117-09-28 e13:40e:18.077 212991 INFO tempest.lib.common.rest_cl-i0e8nt 8[req-240-74ff852c4-7-6ab4a1a2--4fd372b9b-8e4d5ee-e994a636ca f0.0b2666se
201 ] Reques1t7 (-0P9o-rt2s8T e1st3J:S4O0N:t:es1t7_.c99rea5te_ p2o12rt9_7w IitNh_nFo_Os ectuerimtpyesgt.srcoupesn)a: r20i1 oP.mOST htatpn:/a/1g0.e24r5 [.1-68.] 66:969F6l/ova2.0/tsubinentsg 0I.P7:26 s
{u'router_id': None, u'status': u'DOWN', u'description': u'', u'tags': [], u'tenant_id': u'ec87afbec3564336818a9c2cce99109f', u'created_at': u'2017-09-28T13:39:57Z', u'updated_at': u'2017-09-28T13:40:15Z', u'floating_network_id': u'1f66b427-fe26-4392-8cbb-8a02d930890f', u'fixed_ip_address': None, u'floating_ip_address': u'10.245.173.10', u'revision_number': 1, u'project_id': u'ec87afbec3564336818a9c2cce99109f', u'port_id': None, u'id': u'f2371ee1-0882-4f5c-a4a2-f329be5e943c'} is at status: DOWN
2017-09-28 13:40:18.767 21299 INFO tempest.lib.common.rest_client [req-ce12a49b-110f-468a-a15e-7540928e60e6 ] Request (PortsTestJSON:test_create_port_with_no_securitygroups): 201 POST http://10.245.168.66:9696/v2.0/ports 0.689s
2017-09-28 13:40:19.168 21297 INFO tempest.lib.common.rest_client [req-cdc7d97c-84c6-49bb-94bf-476ca4702be4 ] Request (TestNetworkBasicOps:test_network_basic_ops): 200 POST http://10.245.168.74:8774/v2/ec87afbec3564336818a9c2cce99109f/os-keypairs 0.118s
2017-09-28 13:40:19.278 21299 INFO tempest.lib.common.rest_client [req-e82c5ff8-f35d-420c-b9a8-ec34850e5f86 ] Request (PortsTestJSON:_run_cleanups): 204 DELETE http://10.245.168.66:9696/v2.0/ports/c59c0a77-f8ff-4abc-b463-2f100ec356a4 0.507s
2017-09-28 13:40:19.719 21297 INFO tempest.lib.common.rest_client [req-dca8c366-e3ab-4068-a8b6-67904fab05d5 ] Request (TestNetworkBasicOps:test_network_basic_ops): 200 POST http://10.245.168.68:5000/v2.0/tokens
2017-09-28 13:40:19.720 21297 INFO tempest.common.fixed_network [-] (TestNetworkBasicOps:test_network_basic_ops) Found network None available for tenant
2017-09-28 13:40:20.227 21297 INFO tempest.lib.common.rest_client [req-889432d9-becd-4620-b9b6-f975aa7c4d87 ] Request (TestNetworkBasicOps:test_network_basic_ops): 202 POST http://10.245.168.74:8774/v2/ec87afbec3564336818a9c2cce99109f/servers 0.505s
2017-09-28 13:40:20.323 220171-09-28 132:40:920.7336 21299 INFO  tempest.lIib.common.rest_NclienFt [reOq-2c10fc28-8667- 4f10t-ea3c1-em779a39pc2e2e4 s] Ret.lib.cqommon.rest_ucest lient [req(PortsTestJ-SON:_rubn_clefan9ups):8b 2c04e2 D-EL7ce5-43bc-aeb0-23e27d1ETE ht0tepc://147 ] Re0que.st (2T4e5stNetwo.16r8.66:9k696B/va2.sicOps:te0s/t_sunbetwork_basinets/4ceca078_o0ps-): 200 GET 9htatd0-4c78-bp://10.245.1268.74:8773-7c770f6c19850 41.056s
/v2/ec87afbec3564336818a9c2cce99109f/servers/6c1624ca-ad43-4ffc-8327-7f33ed30614d 0.091s
2017-09-28 13:40:21.484 21297 INFO tempest.lib.common.rest_client [req-9046865d-1bb5-4211-b913-234762017-09-28 13:40:21.5521 21299f INFO tem4pest.3b1bl ib].common. Requrestes_t client ([reqT-e0stdNetworkBas3i8c52Ofp5-35bc-s:test4_netwo3rak2_-abaec0-e9sbie2c_ops): b2500 GEec28Td  h]t Requtpe://1s0.t24 (Por5ts.168T.e74:8774s/vt2/JeScO8N7a:fbe_rcu3n5643_36clea818an9uc2ccep99s1): 204 DELE09TEf/ser http://10.v2e45.1rs68./6c66:96961/v2.0/networ624ca-ad4ks/3-747f5fc-83207837-5-7f33ed430614d 33d-4c30.130s
620-178f2-00-9d-aaa20b338 81d4b 1.1833s
:40:{3} tempest.api.network.test_ports.PortsTestJSON.test_create_port_with_no_securitygroups [4.446518s] ... ok
21.502 21297 INFO tempest.common.waiters [-] State transition "BUILD/scheduling" ==> "BUILD/spawning" after 1 second wait
2017-09-28 13:40:22.085 21299 INFO tempest.lib.common.rest_client [req-5d092cf8-9417-4a89-9fdb-7b0bef29caa5 ] Request (PortsTestJSON:test_create_update_delete_port): 201 POST http://10.245.168.66:9696/v2.0/ports 0.560s
2017-09-28 13:40:22.530 21299 INFO tempest.lib.common.rest_client [req-6fdba3ee-74bb-4a0f-bcfd-08391ebcd04b ] Request (PortsTestJSON:test_create_update_delete_port): 200 PUT http://10.245.168.66:9696/v2.0/ports/009ea705-8108-4d89-a23d-7aa260b3e350 0.443s
2017-09-28 13:40:22.767 21297 INFO tempest.lib.common.rest_client [req-cc82142c-b903-41ba-81c4-1b67ead14d57 ] Request (TestNetworkBasicOps:test_network_basic_ops): 200 GET http://10.245.168.74:8774/v2/ec87afbec3564336818a9c2cce99109f/servers/6c1624ca-ad43-4ffc-8327-7f33ed30614d 0.262s
2017-09-28 13:40:22.918 21299 INFO tempest.lib.common.rest_client [req-99334086-ee10-4fed-b1e4-7666bdd30298 ] Request (PortsTestJSON:_run_cleanups): 204 DELETE http://10.245.168.66:9696/v2.0/ports/009ea705-8108-4d89-a23d-7aa260b3e350 0.387s
2017-09-28 13:40:22.983 21299 INFO tempest.lib.common.rest_client [req-4e85582b-a63c-4ba2-9ccb-be9dbbceeee7 ] Request (PortsTestJSON:_run_cleanups): 200 GET http://10.245.168.66:9696/v2.0/ports 0.065s
{3} tempest.api.network.test_ports.PortsTestJSON.test_create_update_delete_port [1.460522s] ... ok
2017-09-28 13:40:23.050 21299 INFO tempest.lib.common.rest_client [req-15eb331f-edaf-40bb-81f8-f6cd7269cf3c ] Request (PortsTestJSON:test_list_ports): 200 GET http://10.245.168.66:9696/v2.0/ports 0.064s
{3} tempest.api.network.test_ports.PortsTestJSON.test_list_ports [0.066571s] ... ok
2017-09-28 13:40:23.118 21299 INFO tempest.lib.common.rest_client [req-f6644a5f-1e3e-45cd-a514-937b15d049fe ] Request (PortsTestJSON:test_show_port): 200 GET http://10.245.168.66:9696/v2.0/ports/5db250da-0234-4834-9550-621e0dcd9a70 0.061s
{3} tempest.api.network.test_ports.PortsTestJSON.test_show_port [0.063985s] ... ok
2017-09-28 13:40:23.514 21299 INFO tempest.lib.common.rest_client [req-d04914ee-fe1c-4c4b-9ef8-0b5c65e90a4e ] Request (PortsTestJSON:tearDownClass): 204 DELETE http://10.245.168.66:9696/v2.0/ports/5db250da-0234-4834-9550-621e0dcd9a70 0.393s
2017-09-28 13:40:23.553 21299 INFO tempest.lib.common.rest_client [req-a35f2df4-a253-4962-beee-324695378d7e ] Request (PortsTestJSON:tearDownClass): 404 DELETE http://10.245.168.66:9696/v2.0/ports/c59c0a77-f8ff-4abc-b463-2f100ec356a4 0.038s
2017-09-28 13:40:23.590 21299 INFO tempest.lib.common.rest_client [req-1c8d1df9-6285-4011-896f-94ba2ca6b45e ] Request (PortsTestJSON:tearDownClass): 404 DELETE http://10.245.168.66:9696/v2.0/subnets/964f4084-cb2a-4b83-886a-65dcc2eb4d78 0.037s
2017-09-28 13:40:23.626 21299 INFO tempest.lib.common.rest_client [req-d6f3cd71-cb96-4bba-b4bb-8563749f8f82 ] Request (PortsTestJSON:tearDownClass): 404 DELETE http://10.245.168.66:9696/v2.0/subnets/4cea0780-9ad0-4c78-b273-c770f6c19850 0.035s
2017-09-28 13:40:23.997 21297 INFO tempest.lib.common.rest_client [req-47e3395f-32e3-4c91-b7a9-301df0c40482 ] Request (TestNetworkBasicOps:test_network_basic_ops): 200 GET http://10.245.168.74:8774/v2/ec87afbec3564336818a9c2cce99109f/servers/6c1624ca-ad43-4ffc-8327-7f33ed30614d 0.213s
2017-09-28 13:40:24.293 21299 INFO tempest.lib.common.rest_client [req-9cc31899-4a41-4d30-8b70-30a992d964ad ] Request (PortsTestJSON:tearDownClass): 204 DELETE http://10.245.168.66:9696/v2.0/networks/9bd2d973-8cca-4c88-ad5d-de76da68cb27 0.666s
2017-09-28 13:40:24.837 21299 INFO tempest.lib.common.rest_client [req-b7d3d57a-d8eb-4969-9cac-1a0448e54e59 ] Request (PortsTestJSON:tearDownClass): 204 DELETE http://10.245.168.66:9696/v2.0/networks/e97db28f-3dfd-4cb9-a7d9-28a264326992 0.543s
2017-09-28 13:40:24.868 21299 INFO tempest.lib.common.rest_client [req-bf1849cf-6532-42c4-b4f9-ea547950f291 ] Request (PortsTestJSON:tearDownClass): 404 DELETE http://10.245.168.66:9696/v2.0/networks/77507835-433d-4c36-8f20-daaa0b338d4b 0.030s
2017-09-28 13:40:25.120 21299 INFO tempest.lib.common.rest_client [req-9ccb9a09-2ad5-4d70-a4dc-8905161502cd ] Request (PortsTestJSON:tearDownClass): 204 DELETE http://10.245.168.68:35357/v2.0/users/fbe69d50026c4604893139e1c929014f 0.249s
2017-09-28 13:40:25.276 21297 INFO tempest.lib.common.rest_client [req-02b8e295-047b-4255-ade4-07edb1368b59 ] Request (TestNetworkBasicOps:test_network_basic_ops): 200 GET http://10.245.168.74:8774/v2/ec87afbec3564336818a9c2cce99109f/servers/6c1624ca-ad43-4ffc-8327-7f33ed30614d 0.232s
2017-09-28 13:40:25.354 21299 INFO tempest.lib.common.rest_client [req-0b282e66-eeb3-4b76-ae6d-9fbbcc309355 ] Request (PortsTestJSON:tearDownClass): 200 GET http://10.245.168.66:9696/v2.0/security-groups?tenant_id=e9c1918d93f140fe838e54f9f705cca4&name=default 0.233s
2017-09-28 13:40:25.493 21299 INFO tempest.lib.common.rest_client [req-cd4b1a76-28ee-48e1-9bab-176969be1c61 ] Request (PortsTestJSON:tearDownClass): 204 DELETE http://10.245.168.66:9696/v2.0/security-groups/38e1be31-15a5-421a-92a1-34ea3b9df205 0.138s
2017-09-28 13:40:25.702 21299 INFO tempest.lib.common.rest_client [req-2811c3bd-a1b9-4ea6-8cb9-4722898cfc16 ] Request (PortsTestJSON:tearDownClass): 204 DELETE http://10.245.168.68:35357/v2.0/tenants/e9c1918d93f140fe838e54f9f705cca4 0.208s
2017-09-28 13:40:26.237 21299 INFO tempest.lib.common.rest_client [req-b8130b60-ff12-4a57-9c00-35be0a135700 ] Request (RoutersTest:setUpClass): 200 POST http://10.245.168.68:5000/v2.0/tokens
2017-09-28 13:40:26.531 21297 INFO tempest.lib.common.rest_client [req-2b87e807-af8b-4bed-aab4-550c3dfc2704 ] Request (TestNetworkBasicOps:test_network_basic_ops): 200 GET http://10.245.168.74:8774/v2/ec87afbec3564336818a9c2cce99109f/servers/6c1624ca-ad43-4ffc-8327-7f33ed30614d 0.213s
2017-09-28 13:40:26.549 21297 INFO tempest.common.waiters [-] State transition "BUILD/spawning" ==> "ACTIVE/None" after 6 second wait
2017-09-28 13:40:26.767 21297 INFO tempest.lib.common.rest_client [req-043b2412-8ff6-409d-8c32-56309cf05000 ] Request (TestNetworkBasicOps:test_network_basic_ops): 200 GET http://10.245.168.74:8774/v2/ec87afbec3564336818a9c2cce99109f20/17-s0e9-r28 13:40:2v6.826e 2129r9 INFO tempesst./lib.c6ommon.cr1est_client [req-011a716592-e24cda-ad43-4f4-f420e-ae0a-8c-03388327-7f3396ed3061b12047d  ]0.217s
2 017-09-2R8eque s1t (Route3:40:r26.s8T38 212e9s7 INFt:setOU pteCmpeslt.liba.common.rest_csliens): 200t POST http://10.24 5[.16req-d19a18489-18df-4fb.9-bf1d-45636163d3a08a ] Reque:s5t0 0(TestNe0t/v2.w0/otokrkBasicOenps:test_netsw
ork_basic_ops): 200 GET http://10.245.168.66:9696/v2.0/ports?fixed_ip=None&device_id=6c1624ca-ad43-4ffc-8327-7f33ed30614d 0.047s
2017-09-28 13:40:26.961 21299 INFO tempest.lib.common.rest_client [req-c7029f3e-98bb-48b3-9d9d-05d3420303b1 ] Request (RoutersTest:setUpClass): 200 POST http://10.245.168.68:35357/v2.0/tenants 0.133s
2017-09-28 13:40:27.395 21297 INFO tempest.lib.common.rest_client [req-e07ed87a-df9f-4464-9f37-5dda0e665235 ] Request (TestNetworkBasicOps:test_network_basic_ops): 200 PUT http://10.245.168.66:9696/v2.0/floatingips/f2371ee1-0882-4f5c-a4a2-f329be5e943c 0.555s
2017-09-28 13:40:27.427 21297 INFO tempest.lib.common.rest_client [req-4e0c5adf-4339-46d0-adcd-51e2a3cbc41b ] Request (TestNetworkBasicOps:test_network_basic_ops): 200 GET http://10.245.168.66:9696/v2.0/floatingips/f2371ee1-0882-4f5c-a4a2-f20137-09-28 132:490:b2e7.486 212599e I9NF4O3 temcp es0t.l.ib.com0mon.res3t_cli1esnt 
[req-afc47ebb-61df-414c-8159-af138a2e0148 ] Request (RoutersTest:setUpClass): 200 POST http://10.245.168.68:35357/v2.0/users 0.524s
2017-09-28 13:40:27.486 21299 INFO tempest.common.dynamic_creds [-] Acquired dynamic creds:
 credentials: Credentials: {'username': u'tempest-RoutersTest-1430490551', 'project_name': u'tempest-RoutersTest-1430490551', 'user_id': u'6abc9646bbc74d3ab1184e1184ecb399', 'tenant_name': u'tempest-RoutersTest-1430490551', 'tenant_id': u'b89692c80f2e45adaf41da0596acc550', 'project_id': u'b89692c80f2e45adaf41da0596acc550'}, Network: None, Subnet: None, Router: None
2017-09-28 13:40:27.487 21299 INFO tempest.common.dynamic_creds [-] Created isolated network resources for : 
 credentials: Credentials: {'username': u'tempest-RoutersTest-1430490551', 'project_name': u'tempest-RoutersTest-1430490551', 'user_id': u'6abc9646bbc74d3ab1184e1184ecb399', 'tenant_name': u'tempest-RoutersTest-1430490551', 'tenant_id': u'b89692c80f2e45adaf41da0596acc550', 'project_id': u'b89692c80f2e45adaf41da0596acc550'}, Network: None, Subnet: None, Router: None
2017-09-28 13:40:28.018 21299 INFO tempest.lib.common.rest_client [req-14bd612d-fc52-421e-a259-4f2bc034fe3a ] Request (RoutersTest:setUpClass): 200 POST http://10.245.168.68:5000/v2.0/tokens
2017-09-28 13:40:28.150 21299 INFO tempest.lib.common.rest_client [req-2d2bc67b-423e-4f35-8863-0bf1809e2348 ] Request (RoutersTest:setUpClass): 200 POST http://10.245.168.68:35357/v2.0/tenants 0.131s
2017-09-28 13:40:28.463 21297 INFO tempest.lib.common.rest_client [req-65a2f005-f5f3-41cb-a3c1-dbbe1cfbe6fe ] Request (TestNetworkBasicOps:test_network_basic_ops): 200 GET http://10.245.168.66:9696/v2.0/floatingips/f2371ee1-0882-4f5c-a4a2-f329be5e943c 0.031s
2017-09-28 13:40:28.649 21299 INFO tempest.lib.common.rest_client [req-da7ed04f-7f98-4cf2-a215-5aa0f114331d ] Request (RoutersTest:setUpClass): 200 POST http://10.245.168.68:35357/v2.0/users 0.493s
2017-09-28 13:40:28.743 21299 INFO tempest.lib.common.rest_client [req-c656ac0f-9eac-4bc1-8a8a-5805d78578c7 ] Request (RoutersTest:setUpClass): 200 GET http://10.245.168.68:35357/v2.0/OS-KSADM/roles 0.093s
2017-09-28 13:40:28.855 21299 INFO tempest.lib.common.rest_client [req-b920e135-bbd4-4dbd-be9d-1e1731d5b688 ] Request (RoutersTest:setUpClass): 200 PUT http://10.245.168.68:35357/v2.0/tenants/d3455423b9ee4753a653e9cb6ef89ab2/users/1f43464251a348239a5c35dad435dcf1/roles/OS-KSADM/e6b642fd56384bc3be9213b12a3bbbbb 0.110s
2017-09-28 13:40:28.856 21299 INFO tempest.common.dynamic_creds [-] Acquired dynamic creds:
 credentials: Credentials: {'username': u'tempest-RoutersTest-1799626122', 'project_name': u'tempest-RoutersTest-1799626122', 'user_id': u'1f43464251a348239a5c35dad435dcf1', 'tenant_name': u'tempest-RoutersTest-1799626122', 'tenant_id': u'd3455423b9ee4753a653e9cb6ef89ab2', 'project_id': u'd3455423b9ee4753a653e9cb6ef89ab2'}, Network: None, Subnet: None, Router: None
2017-09-28 13:40:28.857 21299 INFO tempest.common.dynamic_creds [-] Created isolated network resources for : 
 credentials: Credentials: {'username': u'tempest-RoutersTest-1799626122', 'project_name': u'tempest-RoutersTest-1799626122', 'user_id': u'1f43464251a348239a5c35dad435dcf1', 'tenant_name': u'tempest-RoutersTest-1799626122', 'tenant_id': u'd3455423b9ee4753a653e9cb6ef89ab2', 'project_id': u'd3455423b9ee4753a653e9cb6ef89ab2'}, Network: None, Subnet: None, Router: None
2017-09-28 13:40:29.435 21299 INFO tempest.lib.common.rest_client [req-daba7b08-821b-44cf-8be6-b2b4c18fd56c ] Request (RoutersTest:setUpClass): 200 POST http://10.245.168.68:5000/v2.0/t2017-09-28 13:40:29.502 21297 INFO tempest.lib.common.rest_client [roekq-e4ns
aee707b-9d06-46eb-9e43-603cb7272fbe ] Request (TestNetworkBasicOps:test_network_basic_ops): 200 GET http://10.245.168.66:9696/v2.0/floatingips/f2371ee1-0882-4f5c-a4a2-f329be5e943c 0.035s
2017-09-28 13:40:29.540 21297 INFO tempest.lib.common.rest_client [req-3ca81402-279e-4c43-878e-dd0a3a8fbbfe ] Request (TestNetworkBasicOps:test_network_basic_ops): 200 GET http://10.245.168.66:9696/v2.0/floatingips/f2371ee1-0882-4f5c-a4a2-f329be5e943c 0.035s
2017-09-28 13:40:29.541 21297 INFO tempest.scenario.manager [-] FloatingIP: {u'router_id': u'a7b0d69d-e526-4a73-9ec0-741efa1f0c9c', u'status': u'ACTIVE', u'description': u'', u'tags': [], u'tenant_id': u'ec87afbec3564336818a9c2cce99109f', u'created_at': u'2017-09-28T13:39:57Z', u'updated_at': u'2017-09-28T13:40:26Z', u'floating_network_id': u'1f66b427-fe26-4392-8cbb-8a02d930890f', u'fixed_ip_address': u'192.168.21.13', u'floating_ip_address': u'10.245.173.10', u'revision_number': 2, u'project_id': u'ec87afbec3564336818a9c2cce99109f', u'port_id': u'7cfc8931-a517-478d-a390-5f90e7f538a0', u'id': u'f2371ee1-0882-4f5c-a4a2-f329be5e943c'} is at status: ACTIVE
2017-09-28 13:40:29.982 21299 INFO tempest.lib.common.rest_client [req-feed1a01-017d-4b56-bd53-48c33ea809fe ] Request (RoutersTest:test_add_multiple_router_interfaces): 201 POST http://10.245.168.66:9696/v2.0/networks 0.537s
2017-09-28 13:40:30.216 21299 INFO tempest.lib.common.rest_client [req-d270e6c8-b829-442c-98b7-e9c1049c94ec ] Request (RoutersTest:test_add_multiple_router_interfaces): 201 POST http://10.245.168.66:9696/v2.0/networks 0.232s
2017-09-28 13:40:30.703 21299 INFO tempest.lib.common.rest_client [req-3ec7ec9b-ab63-403f-af9b-04477f309e62 ] Request (RoutersTest:test_add_multiple_router_interfaces): 201 POST http://10.245.168.66:9696/v2.0/subnets 0.480s
2017-09-28 13:40:31.312 21299 INFO tempest.lib.common.rest_client [req-aa15cca9-72c8-45cf-abe4-5f4ae5806733 ] Request (RoutersTest:test_add_multiple_router_interfaces): 201 POST http://10.245.168.66:9696/v2.0/subnets 0.607s
2017-09-28 13:40:31.436 21299 INFO tempest.lib.common.rest_client [req-7235debe-75d9-4a86-9a01-8cfe0c8a5f43 ] Request (RoutersTest:test_add_multiple_router_interfaces): 201 POST http://10.245.168.66:9696/v2.0/routers 0.122s
2017-09-28 13:40:32.898 21299 INFO tempest.lib.common.rest_client [req-e38663d7-2283-4d35-839e-79e86edf09a7 ] Request (RoutersTest:test_add_multiple_router_interfaces): 200 PUT http://10.245.168.66:9696/v2.0/routers/bbcf4d2e-7528-4613-a587-af6049c6887c/add_router_interface 1.460s
2017-09-28 13:40:32.960 21299 INFO tempest.lib.common.rest_client [req-adfbbec9-7182-4e69-b5b4-7534cbc3cb23 ] Request (RoutersTest:test_add_multiple_router_interfaces): 200 GET http://10.245.168.66:9696/v2.0/ports/26ec30d9-bf2d-4fdf-b2bd-27d214234dfc 0.061s
2017-09-28 13:40:34.425 21299 INFO tempest.lib.common.rest_client [req-f1779fd1-1784-4d4b-adaf-c55ed389cd67 ] Request (RoutersTest:test_add_multiple_router_interfaces): 200 PUT http://10.245.168.66:9696/v2.0/routers/bbcf4d2e-7528-4613-a587-af6049c6887c/add_router_interface 1.463s
2017-09-28 13:40:34.484 21299 INFO tempest.lib.common.rest_client [req-29ddab3f-ab86-4c0e-9fae-a6718bf33b7f ] Request (RoutersTest:test_add_multiple_router_interfaces): 200 GET http://10.245.168.66:9696/v2.0/ports/177e55d6-0895-466f-8a41-229ac10be0fc 0.057s
2017-09-28 13:40:35.596 21299 INFO tempest.lib.common.rest_client [req-12d2941f-a728-4855-b52d-ce640898cc45 ] Request (RoutersTest:_run_cleanups): 200 PUT http://10.245.168.66:9696/v2.0/routers/bbcf4d2e-7528-4613-a587-af6049c6887c/remove_router_interface 1.111s
2017-09-28 13:40:36.728 21299 INFO tempest.lib.common.rest_client [req-85b6c6b6-f578-4ab8-9128-a68a6dc9ee66 ] Request (RoutersTest:_run_cleanups): 200 PUT http://10.245.168.66:9696/v2.0/routers/bbcf4d2e-7528-4613-a587-af6049c6887c/remove_router_interface 1.130s
2017-09-28 13:40:36.881 21299 INFO tempest.lib.common.rest_client [req-bf83a539-b4a8-4e37-a685-65394bd54504 ] Request (RoutersTest:_run_cleanups): 200 GET http://10.245.168.66:9696/v2.0/ports?device_id=bbcf4d2e-7528-4613-a587-af6049c6887c 0.150s
2017-09-28 13:40:37.246 21299 INFO tempest.lib.common.rest_client [req-e727ebfc-bd62-4ed6-9b34-d62f2b088b9b ] Request (RoutersTest:_run_cleanups): 204 DELETE http://10.245.168.66:9696/v2.0/routers/bbcf4d2e-7528-4613-a587-af6049c6887c 0.363s
{3} tempest.api.network.test_routers.RoutersTest.test_add_multiple_router_interfaces [7.805537s] ... ok
2017-09-28 13:40:37.493 21299 INFO tempest.lib.common.rest_client [req-ec0a8594-da76-46c5-b18b-fe87651305f4 ] Request (RoutersTest:test_add_remove_router_interface_with_port_id): 201 POST http://10.245.168.66:9696/v2.0/networks 0.241s
2017-09-28 13:40:37.986 21299 INFO tempest.lib.common.rest_client [req-7686e284-fb29-4033-953c-eb2a36c92393 ] Request (RoutersTest:test_add_remove_router_interface_with_port_id): 201 POST http://10.245.168.66:9696/v2.0/subnets 0.491s
2017-09-28 13:40:38.038 21297 INFO tempest.lib.common.ssh [-] Creating ssh connection to '10.245.173.10:22' as 'cirros' with public key authentication
2017-09-28 13:40:38.043 21297 WARNING tempest.lib.common.ssh [-] Failed to estab2l0i1s7-h0 9a-u28 13then:t4i0ca:te3d 8s.sh0 9co9nn e2c1t2i99on to cirr os@I1N0.F2O4 5te.m1p7e3s.t1.0l i([bEr.rcnoom mNoonen]. reUnsatbl_e ctlo iceonntn e[rcetq -t5o4 2p5orft0 02c2 -oen6f 91-043.c26-4958.841-73.109)3.3 9N562u11m2db3e r]  aRetquteestm p(tRouts:e 1r.sT esRt:etetrst_ya dd_arfemoterv e2_ sreocutoernd_si.: NnoValitderCfaocnen_ewcitthi_onpsoErrtr_ido):r : 2[01 EPrOrSnTo N htotp:/n/e10].2 4Unab5l.1e 6t8.6o6: 9c6o9n6/nve2.0/crtou tteor sp or0.112ts 
22 on 10.245.173.10
