2017-09-28 123:0318:7-1029.-72184 1 32:318:2129.571 6 21297I NINFFO Ot teempesmtp.elsitb..libco.mcomonm.rmeosnt._clriesent_tc li[entr [reeq-2q-07f74ba694561f3--7fdf32-4f1be-94c-84d22-0e1379c--106b9792-727d-8658 1e1e30:338a8 8b]:c 12Refe.60q78 u]5 e 2sR1et2q 9(uDe3st (T INeFsO totmVeoamlipunemseTsBeots.ltotJiSPbOa.Ntct:otemermoanrnD:o.wtrestn_Cevlsoatls_uscm)el_biooentt [_rep:qa-3t84tern4) e: 2270e04 0-GE70T f4 fhG-485Etc-t8p:b/9T/3- 21f0h5.tbct2c343p525a:.f 1/6]8 /1R.eq7ues40.:2t847 (7Te45./stV1volume26Boo/8t.66:896ePa096/v2.bt7tern30/scVe2:tees8t_c6vouritlcum0y-4groups5e_9bo3o?at_patate9t6be0na4eent_7idc=39e6drn3):5 2c5b02 P/O6sS0erT htvtp0e:dr/01s64//5150.984238b644a512c3663-1.163b03a664758.c74&:89774/v2name=de/9f-8a2u64lt9b 2509d.1-1bc583as
cea24031-b788-88076986-b22085a f01de3c9:5283f 080.3263:22140es2
/.2s805176e -r2019v2-29e7 8 rs/I1774N3bF4:O5a te3am-8p2:0ea1sc2t-.4.4l1ai-ab0a.3-0c75oaf3fm05m 207on5.170re28st/95 aI_cNFtO ictoleniemnpt  1e[res.0q-5e69tds.b
sd2cf0ef1n57a--0r79i0-of28c. 1-3te:43s380t:_b12-v.ao77l8cu72m -32129fe363_ 6IN8b08Fo9o9Ot1 _ft ]e Rmppeqesuetsa.t l(Dttierb.n co[om-]mmain oBsnoo.Tstesedhs  st[JS-eO] NcC:tearorDnead toiiwnnngsC taslnschae  sc{uos'nO)nS-eE:cXt iT2o-Sn0 TSto4 :t' a1Ds0Ek.L_2E4sT5tE. 1ah7tte3t'.p:1:1/ :N/o120n2.e'2, 4 aus'5 .a'1dc6di8r.6r6o:9s'6 wr20i9e16st7-s09h-/es28 v 2'p1.3:u:3 b8:{13u'0l/stee.mi1cp0esu4ct 21-T29 re9stitVoy-k lgrouumpIeeNFsOB/doo yt 1taudPetbamh0pen90tet0tsi-etcr5a.n-7d14l92d48-ti5i4b93o3.cn4o4
m-mna-eont9.rbwo7erskdt-'_b:cb l[7{iau7e'1nO1tSa 4-6[E9re0qX -T05.-71IP11S2-33MbAC7:9-m8sac3_a9ddbr-'4: u1'fa:516:
b23-0e1:b47b-cd:0b99-7-:2e9a8b8 'f1b,3b :u1'fv3ee8er:sf1ie3 o].n0' 6:Re 4q4 2u1,2e 9s7tu  (ISeN'rFavedOrd rAtc'tei:mo pnseuTs'et.1sl9t2iJ.b1S.6ONc8:osm.emo2tnU1.pr.Cel8sat's,_s c)lu'i:O eSn2-t0E 0[XTr e-GIqPE-T eSht:1ttfp8ypb0:e1b/'/1:0- .2u8'd0fe-i46x6f4e-5bd.1'f6}6d]-18}d,3. 87u5'34lei49n0b4 ] k:Rse'qu:8 e7[st{ (D7uo'mh4arinse/fTve':2st/Jb Su'O1httNp:://ta35e1a0.r24D5.oc1wb6n8.Cc7l4:a587s74s/v)52:/84 e012b47073c41e D7aE8L3cE6cdT0bE4f 95hte0t93aap2:/96/be13008.4f2ea14775c.63/51sc6eb8/s.er6r8ve:rs3v/5e3595437r4s/c3v3/3-643/7ap9-r42oa9j1-beaa7c3et-sb/a7396e868d25f5dc9f630',0-d590 1u'62r4el5e8'-:84 b3u648-a8411a2'self-6'760}1,cb {04u37a'66h4re5f'c: a u0'h.t2tp29:/c0/561s0.c
245.168 .074:8.7744/8e0b73ce836c04593aa96be04e9s7c63
5cb/servers/59434c33-6379-4291-baa3-b768625fdc9f', u'rel': u'bookmark'}], u'image': u'', u'OS-EXT-STS:vm_state': u'active', u'OS-SRV-USG:launched_at': u'2017-09-28T13:38:11.000000', u'flavor': {u'id': u'7', u'links': [{u'href': u'http://10.245.168.74:8774/8e0b73ce86c04593aa96be04e7c635cb/flavors/7', u'rel': u'bookmark'}]}, u'id': u'59434c33-6379-4291-baa3-b768625fdc9f', u'security_groups': [{u'name': u'tempest-TestVolu2017m-eBo09o-t2P8 a1t3t:e3rn-1386796159'}], u'user_id': u'ceb9b488d:1a3.6e1865 4d2617829e74 eIN47FO tempeesdete.elei65bf.cco',m muon'.reOstS_c-lDiCenF:dti [srkeqC-o2n1b71eff1-faige8-'4:1 fu8'-MaA5N2U7A-L87'b, 3u3'8a924cd9c5 e]s sReIqPuv4e's:t  (u'Po', ul'aicciceesssTIPevst6J'SON:: sue't'U,p Clau'prsos): g2r0e1ss PO'S:T  h0t,tp:/ /u1'O0.2S45.-1E6X8T.-6S8T:S:500p0ower/_vsta3te/':au t1h,/t u'oOSk-EeXnTs-
AZ:availability_zone': u'nova', u'config_drive': u'', u'status': u'ACTIVE', u'updated': u'2017-09-28T13:38:12Z', u'hostId': u'5e13b91da9c2409d20c008db7cced3581ff37630050100ab87f8bba5', u'OS-SRV-USG:terminated_at': None, u'key_name': u'tempest-TestVolumeBootPattern-329967665', u'name': u'tempest-TestVolumeBootPattern-server-1058790606', u'created': u'2017-09-28T13:38:06Z', u'tenant_id': u'8e0b73ce86c04593aa96be04e7c635cb', u'os-extended-volumes:volumes_attached': [{u'id': u'4d28f1d2-cace-4f48-99b8-99b22250e230'}], u'metadata': {}}
2017-09-28 13:38:12.731 21295 INFO tempest.scenario.test_volume_boot_pattern [-] Getting timestamp in instance {u'OS-EXT-STS:task_state': None, u'addresses': {u'tempest-TestVolumeBootPattern-1492485934-network': [{u'OS-EXT-IPS-MAC:mac_addr': u'fa:16:3e:4c:97:9b', u'version': 4, u'addr': u'192.168.21.8', u'OS-EXT-IPS:type': u'fixed'}]}, u'links': [{u'href': u'http://10.245.168.74:8774/v2/8e0b73ce86c04593aa96be04e7c635cb/servers/59434c33-6379-4291-baa3-b768625fdc9f', u'rel': u'self'}, {u'href': u'http://10.245.168.74:8774/8e0b73ce86c04593aa96be04e7c635cb/servers/59434c33-6379-4291-baa3-b768625fdc9f', u'rel': u'bookmark'}], u'image': u'', u'OS-EXT-STS:vm_state': u'active', u'OS-SRV-USG:launched_at': u'2017-09-28T13:38:11.000000', u'flavor': {u'id': u'7', u'links': [{u'href': u'http://10.245.168.74:8774/8e0b73ce86c04593aa96be04e7c635cb/flavors/7', u'rel': u'bookmark'}]}, u'id': u'59434c33-6379-4291-baa3-b768625fdc9f', u'securi2t0y17-0_9-g2ro8 13:3up8:s14'.: 24[0{ u'2na1m2e':9 7u I'NFtOem pteest-mTpeesstt.Vliob.clommon.reusmeBootPatttern_c-l1ient3 [r86e7q9-6b159'4cf}],0 d6ue'u-1s8e2r0_-i4d5'1:f -9uab1'-cdeb907b4d8bd710ae8d514eed ]678 Reeq4e4u7este de(PoliecieeesTe6s5tfc',JSO Nu:'setOUpCSl-asDs): 2C01F :PdOSisTk hCttpo:n/f/i1g0':.24 5.u1'MAN68.6U8:50A00L/',v32 0/a1uthu7/to-'acck09ene-2s
28ssI 0171Pv43': :u3'8-09:'-1428,. 133 5:63 8:142u.134'25 9a212979c  ININcFOFO te etmemsppesets.lIsPtv.i6'lb.icob:mm.oc no.rmumesot'n_'.c,rl eiesnttu'p_rocgrlesis ': 0, [u'erneqt-fO S4-[2fr8deEq37--54X9T38-23-4S7fb1Tfc-6S0a-:pofwe87r5e7-4e_estaatae2':- 18434742, 7u61'3-OS- 9] E3RbXeT-AdqZ:-av1aiuebstlf (fPoliab9il1itcy_9ci3eszocnT6eed': s u'nt]oJ vaRSOe'quN,e:s settUp Cl(uSase's)r: cv20e0orn fiAGcET gth_itdotnrsTiep:svet':J//SO N1u':0.',s 2ue4'5t.statUusp'1C6:8l.68a:3s53s57) u/:v 'AC23T/0dI0o VmGEaiTE' n, sh?nuamte=tDep'upd:fau/lt/ 0.1at1e00d'.: 244u'5s.2011
68.20177-097-409:--8228 787T13:38:411/2Zv'32:3/8:b,141.465a 3 215u'hocstbIdc': 529541747 INFO1 t7uea'mpes3t.clid5bb.fcoe193bme90mo12n.3dresa98ftc240_acl9d120i7ce/n0st0e 8r[redvqbe-7rbcc7s5e7d30/5841fafaf7637e3a-68733-055805912-04e11-409430a-4bb8-c8874731-6fa89-5bba75f05'c,11 47ud'c7b6a5O2 S]-SR9 cVRe-5UqcueS sG:t0t (.ePorm2lini13scai
teesdTe_sattJ'S:O NNon:es,e ut'UpClkass)ey_n: 2a0m1 eP'OS:T  htut'pt:/em/p10e.st2-4Te5stV.o1l6u8m.68:35e3B5oo7tP/avt3t/proejrencts -032.11899676s65
', u'name': u'tempest-TestVolumeBootPattern-server-1058790606', u'created': u'2017-09-28T13:38:06Z', u'tenant_id': u'8e0b73ce86c04593aa96be04e7c635cb', u'os-extended-volumes:volumes_attached': [{u'id': u'4d28f1d2-cace-4f48-99b8-99b22250e230'}], u'metadata': {}}
2017-09-28 13:38:14.299 21295 INFO tempest.lib.common.rest_client [req-4cfa35c8-fb66-488f-bda4-d5f3b6f4e328 ] Request (TestVolumeBootPattern:test_volume_boot_pattern): 200 POST http://10.245.168.74:8774/v2/8e0b73ce86c04593aa96be04e7c635cb/os-floating-ips 1.567s
2017-09-28 13:38:14.936 21297 INFO tempest.lib.common.rest_client [req-d4daf23a-abce-4304-af4a-f734c674b847 ] Request (PoliciesTestJSON:setUpClass): 201 POST http://10.245.168.68:35357/v3/users 0.470s
2017-09-28 13:38:15.033 21297 INFO tempest.lib.common.rest_client [req-c13ab50d-3fb0-4afc-86cc-3fe446dd0f39 ] Request (PoliciesTestJSON:setUpClass): 200 GET http://10.245.168.68:35357/v3/roles 0.097s
2017-09-28 13:38:15.137 21297 INFO tempest.lib.common.rest_client [req-a42114c5-d1a7-4113-8d8b-35d02dc1a55f ] Request (PoliciesTestJSON:setUpClass): 200 GET http://10.245.168.68:35357/v3/roles 0.103s
2017-09-28 13:38:15.269 21297 INFO tempest.lib.common.rest_client [req-3983f5d3-d62e-4d68-af96-6e9f57e9716c ] Request (PoliciesTestJSON:setUpClass): 204 PUT http://10.245.168.68:35357/v3/projects/1c22e9e571c04119927346f58cc1c0aa/users/ce4408ad9f754c0898417a9c7906693c/roles/24f1df3839df469cb50d9e93000c8fec 0.130s
2017-09-28 13:38:15.269 21297 INFO tempest.common.dynamic_creds [-] Acquired dynamic creds:
 credentials: Credentials: {'username': u'tempest-PoliciesTestJSON-20295241', 'project_name': u'tempest-PoliciesTestJSON-20295241', 'project_domain_id': u'default', 'user_domain_id': u'default', 'tenant_id': u'1c22e9e571c04119927346f58cc1c0aa', 'user_domain_name': u'Default', 'domain_name': u'Default', 'tenant_name': u'tempest-PoliciesTestJSON-20295241', 'user_id': u'ce4408ad9f754c0898417a9c7906693c', 'project_id': u'1c22e9e571c04119927346f58cc1c0aa', 'domain_id': u'default', 'project_domain_name': u'Default'}, Network: None, Subnet: None, Router: None
2017-09-28 13:38:15.270 21297 IN2F0O 1t7em-0p9e-st2.8 comm1o3:n.3dy8n:am1i5.c53_c5red s2 [1-]2 C9re5a teId NFiO stemopelsat.teldib .cneomtmowon.rest_rcliken t [rreqe-2s4bouercbes f7dfo-r : 
 cr4edent8iaalsf: -C4rde0d4e-nt867ica-ef8cle77ds: 1{229' ] Requuest se(rTenstaVomlumee'B: ouo'tetmPpeastt-tPoelircn:teist_evosTleustmeJSO_N-b20o29o52t41_'p, a'tprtoejrne)ct_name': u2'0t1e7m-p0e9st--P2o8l i:1c3i :e2s3T08e:2s t1PJ5OS.6ON0-S52T0 2 29h51t2249t19p':,  /I'/Np1rFo0jO. e24t5c.1e6mt8.p74_e:ds87to.ml7ia4i/bnv.2c_/iod8m'me:o0 nub7'.3drceeefs8at6u_clct0l'4i5,e 9n'3tus aea[r9r_6edqob-meae0i34n5e7c_566i37d'5:c0 bcu/-'3d3sfee0fr-av4u0el09tr'-,sa/ c58'9ft-e4n7a34n3ct73_93i1d1'-a:6d bfu3e'71f ]c92 -2Ree4q92eu95e17s-1btac0 a4(1S1e9r39v-2eb7r37A4c6tfi5o8nc6sc8T16ecst025fJadaSc'O,N :'se9f/tuaUcpCslaetsris_o)dn:o m 21a0i.n224_0 nGEs
a20m17-T0e ht'9:t -28up' :D1e//f130a:3u.l2t8':154,5.1. 5'6d378. o21m297a4:i87n57_ 4nIaNmeF/v'O :2/ btu1a35'ecDmepbfesat.ulilb.tcc'5o,5m 4'm1ot4e7nn.1a7nsta3_csh nda[bm-e]' :Cr fu9ee'02tae3m8tinfg sshp caeonne1sc7tti/s-Pervoleris/cioesT4aenstJSON-a20 27toe 'a918502.24314'-,5. 5'17u9s2ee3.r0:-_4i23d2''4: 8 a-us ''cc8ie44r4r0o81asd'a9 -fw7i75t04hc p0c4u8769b8a421l79ai9ccc 57k90ce 6y06. 9a23u2tc7s
h'e,nt i'cpratoijone
ct_id': u'1c22e9e571c04119927346f58cc1c0aa', 'domain_id': u'default', 'project_domain_name': u'Default'}, Network: None, Subnet: None, Router: None
2017-09-28 13:38:15.799 21297 INFO tempest.lib.common.rest_client [req-de210cb9-c7f2-4271-a0a9-c0997f2400ef ] Request (PoliciesTestJSON:setUpClass): 201 POST http://10.245.168.68:5000/v3/auth/tokens
2017-09-28 13:38:15.921 21297 INFO tempest.lib.common.rest_client [req-165c0fd9-bdbf-472c-ace2-5548e4fd83d2 ] Request (PoliciesTestJSON:setUpClass): 201 POST http://10.245.168.68:35357/v3/projects 0.120s
2017-09-28 13:38:16.411 21297 INFO tempest.lib.common.rest_client [req-f3695b36-472a-4cdb-8790-e91ced82b4ba ] Request (PoliciesTestJSON:setUpClass): 201 POST http://10.245.168.68:35357/v3/users 0.490s
2017-09-28 13:38:16.515 21297 INFO tempest.lib.common.rest_client [req-957ae8bf-6071-4fc0-991c-1ba7ed0917c7 ] Request (PoliciesTestJSON:setUpClass): 200 GET http://10.245.168.68:35357/v3/roles 0.101s
2017-09-28 13:38:16.653 21297 INFO tempest.lib.common.rest_client [req-2b9c3014-30f0-427b-8d0c-445b0933d921 ] Request (PoliciesTestJSON:setUpClass): 204 PUT http://10.245.168.68:35357/v3/projects/98783c06120749f589756f30f3cca935/users/a1a642e4d0f1450eb93bb98f4ea7cac6/roles/e6b642fd56384bc3be9213b12a3bbbbb 0.137s
2017-09-28 13:38:16.654 21297 INFO tempest.common.dynamic_creds [-] Acquired dynamic creds:
 credentials: Credentials: {'username': u'tempest-PoliciesTestJSON-1694669184', 'project_name': u'tempest-PoliciesTestJSON-1694669184', 'project_domain_id': u'default', 'user_domain_id': u'default', 'tenant_id': u'98783c06120749f589756f30f3cca935', 'user_domain_name': u'Default', 'domain_name': u'Default', 'tenant_name': u'tempest-PoliciesTestJSON-16942601679-1089-428',  1'u3:se3r8_i:1d6':. 8u'6a13a6 42122e4d990 fIN1F4O50eb 9t3beb9m8pf4eeas7cta.cl6',i b.'cpomrmoojenct._irdes':t_ cul'i9e87n8t3 [creq0-65182900bb771-49f285891f-7564f2130f23-c8ca0069-35'19,7 'd2o5m5a1i3n5_fibbd ']:  Rue'dqueefsatu l(tS',e 'rprveorjAecctt_idoomnasiTn_neasmte'JS:ON :us'eDetfUapult'}C, Nlass)e:two 200r GET hkt:tp :/N/o10.ne, 2S4u5b.ne1t6: None8,.7 Ro4u:t8e7r7:4 /Novne
220/1b1a7-3059c-bc2585 41134:387:1176.a635c5d 21b2f979e 0I2N38fFaO1 7/tsemerpveersst/.4aac7oemmoan83.-dyn59a2meic_c-re4ds3 [4-8] -C84r1a-7e0acted4 7i6as2o9lca5tec 0.d2 3n2est
work resources for : 
 credentials: Credentials: {'username': u'tempest-PoliciesTestJSON-1694669184', 'project_name': u'tempest-PoliciesTestJSON-1694669184', 'project_domain_id': u'default', 'user_domain_id': u'default', 'tenant_id': u'98783c06120749f589756f30f3cca935', 'user_domain_name': u'Default', 'domain_name': u'Default', 'tenant_name': u'tempest-PoliciesTestJSON-1694669184', 'user_id': u'a1a642e4d0f1450eb93bb98f4ea7cac6', 'project_id': u'98783c06120749f589756f30f3cca935', 'domain_id': u'default', 'project_domain_name': u'Default'}, Network: None, Subnet: None, Router: None
2017-09-28 13:38:17.169 21293 WARNING tempest.lib.common.ssh [-] Failed to est201a7-b09lis-2h8  a1u3t:h38:en1ti7c.a1t7e8d  s21s2h9 7 cIonNnFeOc tteimopnest .ltoi bc.icroromsm@1o0.2n4.5r.e1s7t3_c.l1ie1n t([ [Ereqr-8r4nabo6e 4Nao-nce6a]2- 49fU6-n8a5d3-b29blfec3a cto co6n2nce1c ]t  Rtequesto  (pPoolicrite s2T2 on estJSON:1s0e.t2U4pC5l.a1s7s3).:1 12)0.1  PNOuSmTb er hattttpem:p/t/1s0.24:5. 116. 8R.et68:5r0y0 0/v3a/fatuetr 2h/to kseencs
onds.: NoValidConnectionsError: [Errno None] Unable to connec2t 0t1o7 -p09-or28t  2123 :on3 10.82:4157..287 21129773. 1I1
NFO tempest.lib.common.rest_client [req-4bd17476-06b5-4612-9a96-6431c3929129 ] Request (PoliciesTestJSON:test_create_update_delete_policy): 201 POST http://10.245.168.68:35357/v3/policies 0.104s
2017-09-28 13:38:17.397 21297 INFO tempest.lib.common.rest_client [req-f35d058a-3c23-4e13-81af-9198fe0d69af ] Request (PoliciesTestJSON:test_create_update_delete_policy): 200 PATCH http://10.245.168.68:35357/v3/policies/ebb8b08af0b445f3bd55e00055f274df 0.108s
2017-09-28 13:38:17.493 21297 INFO tempest.lib.common.rest_client [req-a1c7662c-4ee5-4614-b17d-824124e5ae26 ] Request (PoliciesTestJSON:test_create_update_delete_policy): 200 GET http://10.245.168.68:35357/v3/policies/ebb8b08af0b445f3bd55e00055f274df 0.095s
2017-09-28 13:38:17.634 21297 INFO tempest.lib.common.rest_client [req-76b55c33-c02c-4bdf-90a2-818fe54eb4d6 ] Request (PoliciesTestJSON:_run_cleanups): 204 DELETE http://10.245.168.68:35357/v3/policies/ebb8b08af0b445f3bd55e00055f274df 0.140s
{2} tempest.api.identity.admin.v3.test_policies.PoliciesTestJSON.test_create_update_delete_policy [0.455065s] ... ok
2017-09-28 13:38:17.909 21297 INFO tempest.lib.common.rest_client [req-1f95f54d-2651-469f-a590-aab485344ce3 ] Request (PoliciesTestJSON:tearDownClass): 204 DELETE http://10.245.168.68:35357/v3/users/a1a642e4d0f1450eb93bb98f4ea7cac6 0.271s
2017-09-28 13:38:18.100 21299 INFO tempest.lib.common.rest_client [req-2259980f-24b0-49a6-981d-1d2c273d66fc ] Request (ServerActionsTestJSON:setUpClass): 200 GET http://10.245.168.74:8774/v2/b1a35cbc55414717a3cdbf9e0238fa17/servers/4aa7ea83-592e-4348-841a-70c476a29c5c 0.218s
2017-09-28 13:38:18.115 21299 INFO tempest.common.waiters [-] State transition "BUILD/spawning" ==> "ACTIVE/None" after 8 second wait
2017-09-28 13:38:18.328 21299 INFO tempest.lib.common.rest_client [req-f3b93c76-0e95-48a7-98a2-b600b1604d76 ] Request (ServerActionsTestJSON:setUp): 200 GET http://10.245.201176-809.7-248 13::3887:7418/.4v021/ 2b11a297 INF3O 5ctebmcp5es5t.4l1ib4.7co1m7moa3ncd.brfest9_e0clie2n3t 8[frae1q7-2/b2s29ea6rbv-e3r0s8/a4-a4a7ea8c813--951932ae--4423742806-804311a5-c7b ]0 Rc476ae29c5quecs t0 .(2P0o9lsi
ciesTestJSON:tearDownClass): 201 POST http://10.245.168.68:50002/v3017-/0aut9h-/28 t1o3k:e38:n1s8.
490 21299 INFO tempest.lib.common.rest_client [req-e913fcd1-c33b-4811-af9c-019be0d46008 ] Request (ServerActionsTestJSON:test_reboot_server_hard): 202 POST http://10.245.168.74:8774/v2/b1a35cbc55414717a3cdbf9e0238fa17/servers/4aa7ea83-592e-4348-841a-70c476a29c5c/action 0.135s
2017-09-28 13:38:18.693 21299 INFO tempest.lib.common.rest_client [req-473afc23-a8fe-4877-8b8f-4114bd4facfb ] Request (ServerActionsTestJSON:test_reboot_server_hard): 200 GET http://10.245.168.74:8774/v2/b1a35cbc55414717a3cdbf9e0238fa17/servers/4aa7ea82301-7-095-928 123e:3-84:3184.87-58413a -217209c74 I7NFO6a 29tc5ecmp 0e.2s0t.2lsib.
common.rest_client [req-29ea7a16-40c0-47a2-a9e6-f02950f8168e ] Request (PoliciesTestJSON:tearDownClass): 200 GET http://10.245.168.66:9696/v2.0/security-groups?tenant_id=98783c06120749f589756f30f3cca935&name=default 0.350s
2017-09-28 13:38:18.959 21297 INFO tempest.lib.common.rest_client [req-34539d1f-d7da-4e5c-804f-987670547268 ] Request (PoliciesTestJSON:tearDownClass): 204 DELETE http://10.245.168.66:9696/v2.0/security-groups/0f9fbf3a-fca6-4947-ab9c-5b505ba44f69 0.205s
2017-09-28 13:38:19.166 21297 INFO tempest.lib.common.rest_client [req-069643cd-f348-4d96-9f24-4094185bca85 ] Request (PoliciesTestJSON:tearDownClass): 204 DELETE http://10.245.168.68:35357/v3/projects/98783c06120749f589756f30f3cca935 0.206s
2017-09-28 13:38:19.396 21297 INFO tempest.lib.common.rest_client [req-89b59084-3de9-4f62-b708-8062b4306bcc ] Request (PoliciesTestJSON:tearDownClass): 204 DELETE http://10.245.168.68:35357/v3/users/ce4408ad9f754c0898417a9c7906693c 0.229s
2017-09-28 13:38:19.552 21297 INFO tempest.lib.common.rest_client [req-03c5b5dc-b023-4f23-bec7-62920200117bc-8c095- ] 2R8e q1u3e:s3t8 :(1P9o.l569 212ic9i5 eWsATReNstIJNGSO Nt:etmeapresDownt.libCl.caosmsm): 2o0n0. sGsET hh tt[p-://]1 0.24Fai5.l1ed6 8t.o6 6e:s9t6a96b/lvi2.s0/h asuectuhreitny-tgirocaupts?etde nanssht _icd=on1cne22ce9teio5n7 1ct04o1 19c92i73r46rof58cc1sc0@aa1&n0.am2e45=de.fa1ul7t3 .0.01 5(4s
[Errno None] Unable to connect to port 22 on 10.245.173.0). Number attempts: 1. Retry after 2 seconds.: NoValidConnectionsError: [Errno None] Unable to connect to port 22 on 10.245.173.0
2017-09-28 13:38:19.697 21297 INFO tempest.lib.common.rest_client [req-83144ae9-d36f-415f-80ab-fa7de48d1148 ] Request (PoliciesTestJSON:tearDownClass): 204 DELETE http://10.245.168.66:9696/v2.0/security-groups/6cdac1d2-3d9e-4598-b5ee-bda888f2f875 0.145s
2017-020197-28 -130:398-:219.928 5 2113:32987:19 I.N927 F2O1220 1t7e-m0p9e-s2t8. 1l3:i38b9:.1c9.o949m3  Im2N1o29n.Fr3eO sttem_p cWAleRieNsnItNt G [temrpeeq-st7f..flib2lieb.a.aco0mmc-o5n.1redeom-4ms6on67t_-.sas8c0h1l-i [2be-963]69 Fa5inlaed to 4dte1  s] [rteqRa-c6ed7bqucel2sist8 h(P aolut6-ihenc8i6cestiTcate0ste-Jd4S sOshN con:t8nef2a-8rectDioonwdnC ltoa csirsro)s@:1 8c2-a00464 ddD28E.2Laf7ET31E h45tt ] Rp.1:73//equ10es.t 2.1(1S45.e16r 8.v68e:353r(5A[c7t/vi3/opEnrrsroTnoeje ctssN/1toJcnSe]O22Ne9 Un:eabtlee5s7t to 1_rcconnebe0ct ot411oo99t273 p_ors4t e22r on 6vefr10_.245h8cac1r5d.173.c)0a:a  11).02 .0N20u2 mbeG6s
Er aTt themptttp:s: 2//.1 0Retr.2y4 af5ter.1 3 68.7sec4ond:s8.7:7 4No/Vv2/abl1iad3C5oncbcn5ecti5ons4E1r4r7o1r7a3cdb: f[9Eer0r2n38fa17o Non/es]er vUnablee tors/4 coanan7eea83ct t-5o p9ort 22e-24 3o48-8n4 11a-070.c4762a4259.1c753c. 101
.218s
2017-09-28 13:38:19.951 21299 INFO tempest.common.waiters [-] State transition "HARD_REBOOT/rebooting_hard" ==> "HARD_REBOOT/reboot_started_hard" after 1 second wait
2017-09-28 13:38:20.460 21297 INFO tempest.lib.common.rest_client [req-c0e69bef-ca3e-4a49-badb-6b54781f7fd1 ] Request (RegionsTestJSON:setUpClass): 201 POST http://10.245.168.68:5000/v3/auth/tokens
2017-09-28 13:38:21.046 21297 INFO tempest.lib.common.rest_client [req-460ce3b6-3107-4c23-830f-71a6b8127a33 ] Request (RegionsTestJSON:setUpClass): 201 POST http://10.245.168.68:5000/v3/auth/tokens
2017-09-28 13:38:21.149 21297 INFO tempest.lib.common.rest_client [req-3e900ef1-7a42-40da-ae3a-5bac0b20f1c7a-d0493 -] 2R8e q1u3est (:Regions38Test:2JS1.1O74N: se2t1U29pC9l ass):I 20N0FO G EtT ehmttpp:e/s/10.t2.4l5.168.68ib.:3comm53o57/nv3/d.omarienss?tnam_e=Defauclt l0ie.1n01ts
 [req-3153d699-a968-4f55-bbaf-47000aeb8f16 ] Request (ServerActionsTestJSON:test_rebo2017-09ot-28 13:_38:21.s267 21297e IrNFO tvemepest.libr.c_omhmoan.rest_clienrt [rdeq-f5)ffdf00-bc9:8-4d89 20-0 8GET hattpa://105.2-475.3331911c68.744:897794/v2/bf1 ] Request (Reagi3on5sTestJScObNc:55414s717a3ecdbf9e0238fat17U/sperCvelrs/a4aa7esa83-5s): 201 POST http9://10.2e-43428-841a4-750c.476a129c568.c68:35 357/0v.3/p2r14so
20j17e-09-28 13:38c:21.191t 212s99  I0N.FO tempe1st1.c7omsmo
n.waiters [-] State transition "HARD_REBOOT/reboot_started_hard" ==> "ACTIVE/None" after 3 second wait
2017-09-28 13:38:21.417 21299 INFO tempest.lib.common.rest_client [req-615a26d5-3b09-4986-a212-cafc988a2b44 ] Request (ServerActionsTestJSON:tearDown): 200 GET http://10.245.168.74:8774/v2/b1a35cbc55414717a3cdbf9e0238fa17/servers/4aa7ea83-592e-4348-841a-70c476a29c5c 0.222s
{3} tempest.api.compute.servers.test_server_actions.ServerActionsTestJSON.test_reboot_server_hard [3.323515s] ... ok
2017-09-28 13:38:21.582 21299 INFO tempest.lib.common.rest_client [req-09a28420-1e59-4027-8b16-08d0d804944c ] Request (ServerActionsTestJSON:tearDownClass): 204 DELETE http://10.245.168.74:8774/v2/b1a35cbc55414717a3cdbf9e0238fa17/servers/4aa7ea83-592e-4348-841a-70c476a29c5c 0.141s
2017-09-28 13:38:21.786 21299 INFO tempest.lib.common.rest_client [20r1eq-677-509-a04328b -132:5388:281-4.270969- 2a12a9077- INF1O1 et9em9epe7s1t.bl40i7 b]. cReoqmuemsot (n.Serrevset_rAclcitieonnst T[erestqJSON:tearDown-Clcas9s47): 20c0 GdE5T 4h-tt5p03:9/-/411b06.-2945.16b8bf.7-1f4d:e87b57674d/6v2a/cb1a35 c]b Rc5e541qu4e7s1t7a (3cRdebgif9oe0238nfas1T7e/stserJvSeOrsN/:s4eatUap7eClaa83-s59s)2e-:43 24018 -PO8S4T1 ha-t7t0pc:4/7/6a29c510c .0.22043s
5.168.68:35357/v3/users 0.530s
2017-09-28 13:38:21.965 21297 INFO tempest.lib.common.rest_client [req-bfbdf27e-b878-44e3-b9e3-4fbea0f6c9a6 ] Request (RegionsTestJSON:setUpClass): 200 GET http://10.245.168.68:35357/v3/roles 0.159s
2017-09-28 13:38:22.065 21297 INFO tempest.lib.common.rest_client [req-21e9f3bf-89a0-46b5-9914-27c864c88bc5 ] Request (RegionsTestJSON:setUpClass): 200 GET http://10.245.168.68:35357/v3/roles 0.100s
2017-09-28 13:38:22.246 21297 INFO tempest.lib.common.rest_client [req-5b7b4462-0a61-48b4-82c5-53ada9fc956e ] Request (RegionsTestJSON:setUpClass): 204 PUT http://10.245.168.68:35357/v3/projects/5af369137b8c4741b2e1059860e23b52/users/70fada925da54e72a6be71a57f145472/roles/24f1df3839df469cb50d9e93000c8fec 0.180s
2017-09-28 13:38:22.247 21297 INFO tempest.common.dynamic_creds [-] Acquired dynamic creds:
 credentials: Credentials: {'username': u'tempest-RegionsTestJSON-1406156326', 'project_name': u'tempest-RegionsTestJSON-1406156326', 'project_domain_id': u'default', 'user_domain_id': u'default', 'tenant_id': u'5af369137b8c4741b2e1059860e23b52', 'user_domain_name': u'Default', 'domain_name': u'Default', 'tenant_name': u'tempest-RegionsTestJSON-1406156326', 'user_id': u'70fada925da54e72a6be71a57f145472', 'project_id': u'5af369137b8c4741b2e1059860e23b52', 'domain_id': u'default', 'project_domain_name': u'Default'}, Network: None, Subnet: None, Router: None
2017-09-28 13:38:22.248 21297 INFO tempest.common.dynamic_creds [-] Created isolated network resources for : 
 credentials: Credentials: {'username': u'tempest-RegionsTestJSON-1406156326', 'project_name': u'tempest-RegionsTestJSON-1406156326', 'project_domain_id': u'default', 'user_domain_id': u'default', 'tenant_id': u'5af369137b8c4741b2e1059860e23b52', 'user_domain_name': u'Default', 'domain_name': u'Default', 'tenant_name': u'tempest-RegionsTestJSON-1406156326', 'user_id': u'70fada925da54e72a6be71a57f145472', 'project_id': u'5af369137b8c4741b2e1059860e23b52', 'domain_id': u'default', 'project_domain_name': u'Default'}, Network: None, Subnet: None, Router: None
2017-09-28 13:38:22.773 21297 INFO tempest.lib.common.rest_client [req-82246a6e-9b6a-4e4a-b153-bffc3e8812c5 ] Request (RegionsTestJSON:setUpClass): 201 POST http://10.245.168.68:5000/v3/auth/tokens
2017-09-28 13:38:22.905 21297 INFO tempest.lib.common.rest_client [req-f5638c25-fac7-47b3-a3a7-6f93333e2b5a ] Request (RegionsTestJSON:setUpClass): 201 POST http://10.245.168.68:35357/v3/projects 0.130s
2017-09-28 13:38:22.985 21299 INFO tempest.lib.common.rest_client [req-69ea99cf-660e-44d2-9090-bfe1b7bfe16f ] Request (ServerActionsTestJSON:tearDownClass): 200 GET http://10.245.168.74:8774/v2/b1a35cbc55414717a3cdbf9e0238fa17/servers/4aa7ea83-592e-4348-841a-70c476a29c5c 0.134s
2017-09-28 13:38:23.394 21297 INFO tempest.lib.common.rest_client [req-32041edb-29c2-4d33-b024-49ffd3cf2c4c ] Request (RegionsTestJSON:setUpClass): 201 POST http://10.245.168.68:35357/v3/users 0.488s
2017-09-28 13:38:23.454 21293 WARNING tempest.lib.common.ssh [-] Failed to establish authenticated ssh connection to cirros@10.245.173.11 ([Errno None] Unable to connect to port 22 on 10.245.1720173-09-28 13:38:23..495 212197 IN1FO temp)est.lib..common .Nrest_culient m[req-1b5efb39-5abe6r a4-4btae-91be-471797cb3temptse: 3.c3 Retry after 4 seconds.:  ] ReqNuest o(VRegiaonsTelsidConnectionsEtJSONr:setUrpCloass): 200 GErT h:tt p://10.[24E5.168r.rno Non68:e3535]7 /vUnable to connect 3to p/orrt 22 oon l10.2e45.17s3.11
 0.100s
2017-09-28 13:38:23.623 21297 INFO tempest.lib.common.rest_client [req-d1cdc43f-d30a-4e2a-b6b9-ab0e782aac4e ] Request (RegionsTestJSON:setUpClass): 204 PUT http://10.245.168.68:35357/v3/projects/a35ae91b0b404e1981191295ef242ff3/users/b75bc148c29947299c59091ae979e130/roles/e6b642fd56384bc3be9213b12a3bbbbb 0.127s
2017-09-28 13:38:23.624 21297 INFO tempest.common.dynamic_creds [-] Acquired dynamic creds:
 credentials: Credentials: {'username': u'tempest-RegionsTestJSON-334340434', 'project_name': u'tempest-RegionsTestJSON-334340434', 'project_domain_id': u'default', 'user_domain_id': u'default', 'tenant_id': u'a35ae91b0b404e1981191295ef242ff3', 'user_domain_name': u'Default', 'domain_name': u'Default', 'tenant_name': u'tempest-RegionsTestJSON-334340434', 'user_id': u'b75bc148c29947299c59091ae979e130', 'project_id': u'a35ae91b0b404e1981191295ef242ff3', 'domain_id': u'default', 'project_domain_name': u'Default'}, Network: None, Subnet: None, Router: None
2017-09-28 13:38:23.625 21297 INFO tempest.common.dynamic_creds [-] Created isolated network resources for : 
 credentials: Credentials: {'username': u'tempest-RegionsTestJSON-334340434', 'project_name': u'tempest-RegionsTestJSON-334340434', 'project_domain_id': u'default', 'user_domain_id': u'default', 'tenant_id': u'a35ae91b0b404e1981191295ef242ff3', 'user_domain_name': u'Default', 'domain_name': u'Default', 'tenant_name': u'tempest-RegionsTestJSON-334340434', 'user_id': u'b75bc148c29947299c59091ae979e130', 'project_id': u'a35ae91b0b404e1981191295ef242ff3', 'domain_id': u'default', 'project_domain_name': u'Default'}, Network: None, Subnet: None, Router: None
2017-09-28 13:38:24.066 21299 INFO tempest.lib.common.rest_client [req-37155d83-74d9-4433-acd8-321829ec96eb ] Request (ServerActionsTestJSON:tearDownClass): 404 GET http://10.245.168.74:8774/v2/b1a35cbc55414717a3cdbf9e0238fa17/servers/4aa7ea83-592e-4348-841a-70c476a29c5c 0.057s
2017-09-28 13:38:24.149 21297 INFO tempest.lib.common.rest_client [req-2387fc2c-e3fa-457d-a9b3-3468f47b15c6 ] Request (RegionsTestJSON:setUpClass): 201 POST http://10.245.168.68:5000/v3/auth/tokens
2017-09-28 13:38:24.268 21297 INFO tempest.lib.common.rest_client [req-552372d2-d8e1-4b43-a48b-86b27ec0259e ] Request (RegionsTestJSON:setUpClass): 201 POST http://10.245.168.68:35357/v3/regions 0.113s
2017-09-28 13:38:24.327 21295 WARNING tempest.lib.common.ssh [-] Failed to establish authenticated ssh connection to cirros@10.245.173.0 ([Errno None] Unable to connect to port 22 on 10.245.173.0). Number attempts: 2. Retry after 3 seconds.: NoValidConnectionsError: [Errno None] Unable to connect to 2017-09-28 13:38:24.3p9o3rt  2221 2o9n 71 0.I2N4F5O.17 3t.em0
pest.lib.common.rest_client [req-cca2ac25-7ebe-4a60-9e93-3edbb26dce36 ] Request (RegionsTestJSON:setUpClass): 201 POST http://10.245.168.68:35357/v3/regions 0.124s
2017-09-28 13:38:24.526 21297 INFO tempest.lib.common.rest_client [req-9325f9d9-8034-4d7e-98d9-7e58bfecf215 ] Request (RegionsTestJSON:test_create_region_with_specific_id): 201 PUT http://10.245.168.68:35357/v3/regions/7a365a24-f013-4858-b4c7-cb072875595e 0.130s
2017-09-28 13:38:24.653 21297 INFO tempest.lib.common.rest_client [req-3b68e29a-d67a-4256-8a71-9a3c953ba9e6 ] Request (RegionsTestJSON:_run_cleanups): 204 DELETE http://10.245.168.68:35357/v3/regions/7a365a24-f013-4858-b4c7-cb072875595e 0.126s
{2} tempest.api.identity.admin.v3.test_regions.RegionsTestJSON.test_create_region_with_specific_id [0.260691s] ... ok
2017-09-28 13:38:24.810 21297 INFO tempest.lib.common.rest_client [req-211e8d81-efcf-4178-8d92-e51f1c7007d1 ] Request (RegionsTestJSON:tearDownClass): 204 DELETE http://10.245.168.68:35357/v3/regions/b9f26ec15546422b8bbd4e5d929cd273 0.154s
2017-09-28 13:38:24.918 21297 INFO tempest.lib.common.rest_client [req-81f3e878-26c5-4cdf-98a9-7e641ae619a0 ] Request (RegionsTestJSON:tearDownClass): 204 DELETE http://10.245.168.68:35357/v3/regions/ccf68007189c4ba2bf8c42ea44ce291e 0.107s
2017-09-28 13:38:25.187 21297 INFO tempest.lib.common.rest_client [req-cd84ced8-6261-4a26-9ab5-cdcd778d95fa ] Request (RegionsTestJSON:tearDownClass): 204 DELETE http://10.245.168.68:35357/v3/users/b75bc148c29947299c59091ae979e130 0.267s
2017-09-28 13:38:25.420 21299 INFO tempest.lib.common.rest_client [req-60212f22-3e82-4b3b-9bd3-6ca0851d7081 ] Request (ServerActionsTestJSON:tearDownClass): 200 PUT http://10.245.168.66:9696/v2.0/routers/941230ab-46dc-485b-ae26-efb3b46129c2/remove_router_interface 1.353s
2017-09-28 13:38:25.709 21297 INFO tempest.lib.common.rest_client [req-69b3f050-1525-4edb-afac-1b74cb592a5a ] Request (RegionsTestJSON:tearDownClass): 201 POST http://10.245.168.68:5000/v3/auth/tokens
2017-09-28 13:38:26.055 21297 INFO tempest.lib.common.rest_client [req-4e01b4dc-1e6f-4acb-b392-f27d447672fd ] Request (RegionsTestJSON:tearDownClass): 200 GET http://10.245.168.66:9696/v2.0/security-groups?tenant_id=a35ae91b0b404e1981191295ef242ff3&name=default 0.345s
2017-09-28 13:38:26.229 21297 INFO tempest.lib.common.rest_client [req-c16061fa-5bda-4502-8912-8fe0b11196c8 ] Request (RegionsTestJSON:tearDownClass): 204 DELETE http://10.245.168.66:9696/v2.0/security-groups/ac9247a8-a8df-42a9-b995-092b79eee98e 0.170s
2017-09-28 13:38:26.427 21297 INFO tempest.lib.common.rest_client [req-ac0d1cec-020f-4105-8e32-2de00fde4598 ] Request (RegionsTestJSON:tearDownClass): 204 DELETE http://10.245.168.68:35357/v3/projects/a35ae91b0b404e1981191295ef242ff3 0.198s
2017-09-28 13:38:26.516 21299 INFO tempest.lib.common.rest_client [req-b881c43e-64fd-4f4e-921f-be6059d76d94 ] Request (ServerActionsTestJSON:tearDownClass): 204 DELETE http://10.245.168.66:9696/v2.0/routers/941230ab-46dc-485b-ae26-efb3b46129c2 1.095s
2017-09-28 13:38:26.679 21297 INFO tempest.lib.common.rest_client [req-4a47485b-cd82-45af-98b5-105ae43ece26 ] Request (RegionsTestJSON:tearDownClass): 204 DELETE http://10.245.168.68:35357/v3/users/70fada925da54e72a6be71a57f145472 0.250s
2017-09-28 13:38:26.832 21297 INFO tempest.lib.common.rest_client [req-63e4e6ac-fda8-4fc7-a35b-998db13763c0 ] Request (RegionsTestJSON:tearDownClass): 200 GET http://10.245.168.66:9696/v2.0/security-groups?tenant_id=5af369137b8c4741b2e1059860e23b52&name=default 0.150s
2017-09-28 13:38:26.976 21297 INFO tempest.lib.common.rest_client [req-db353cc7-f9f3-41d9-8255-1e57da0d4b3a ] Request (RegionsTestJSON:tearDownClass): 204 DELETE http://10.245.168.66:9696/v2.0/security-groups/920cb3b4-8c73-4f78-a21d-4440aebce8ac 0.139s
2017-09-28 13:38:27.175 21297 INFO tempest.lib.common.rest_client [req-8ceac54d-2209-48e1-9950-71592fe0eae6 ] Request (RegionsTestJSON:tearDownClass): 204 DELETE http://10.245.168.68:35357/v3/projects/5af369137b8c4741b2e1059860e23b52 0.196s
2017-09-28 13:38:27.402 21299 INFO tempest.lib.common.rest_client [req-2564261d-a34c-47f2-8731-469056a144c7 ] Request (ServerActionsTestJSON:tearDownClass): 204 DELETE http://10.245.168.66:9696/v2.0/subnets/ebf5a7a2-8ffe-493f-9e17-922df01a5070 0.885s
2017-09-28 13:38:27.743 21297 INFO tempest.lib.common.rest_client [req-025b80d8-6e1c-4c27-beef-2140469747d1 ] Request (RolesV3TestJSON:setUpClass): 201 POST http://10.245.168.68:5000/v3/auth/tokens
2017-09-28 13:38:27.834 21295 WARNING tempest.lib.common.ssh [-] Failed to establish authenticated ssh connection to cirros@10.245.173.0 ([Errno None] Unable to connect to port 22 on 10.245.173.0). Number attempts: 3. Retry after 4 seconds.: NoValidConnectionsError: [Errno None] Unable to connect to port 22 on 10.245.173.0
2017-09-28 13:38:27.978 21293 INFO paramiko.transport [-] Connected (version 2.0, client dropbear_2015.67)
2017-09-28 13:38:28.052 21293 INFO paramiko.transport [-] Authentication (publickey) successful!
2017-09-28 13:38:28.058 21293 INFO tempest.lib.common.ssh [-] ssh connection to cirros@10.245.173.11 successfully created
2017-09-28 13:38:28.173 21293 INFO tempest.lib.common.ssh [-] Creating ssh connection to '10.245.173.11:22' as 'cirros' with public key authentication
2017-09-28 13:38:28.179 21293 INFO paramiko.transport [-] Connected (version 2.0, client dropbear_2015.67)
2017-09-28 13:38:28.287 21299 INFO tempest.lib.common.rest_client [req-7e33c44c-9670-40b8-b51b-ebd1008642a4 ] Request (ServerActionsTestJSON:tearDownCla20s17-09-28 13:38:28s.)313 21:293 INFO paramiko.transp ort [-] Aut204 DELEThentication (publickey) successful!
E http://10.245.168.66:9696/v2.0/networks/48e5c926-9ef1-4a32-8ec7-a84ef2a996d9 20017-09-28 13:38:28..83843 212493 IsNFO tempest.lib.common.s
sh [-] ssh con201n7-09-e28 13:38:28.3c6t2 2i1297 IoNFO tenmpest. lib.ctommoo n.rest_clcieintr [rroeq-s2b42@9538-7c418-04e55-.a7de-a44fc22064cb5f2. ]1 7R3eq.uest (1R1 suolesccVes3sfully TestcJSrOeNa:setUpCltass): 201 ePOdS
2017-09T- 2h8t 13:38:28.3t66 2129p://103 INFO tem.245.1p6est.8.6scenar8io.:t5e0st_volu0me_bo0ot_p/v3/aauth/ttokterens
n [-] Creating snapshot from volume: 7a85b60f-bc78-40592017--09-28 139:308:28.469 21297f INFO te2mpest.lib.comm-on.rdest_clif279d901ent [req-1e527e
18683-29920179-09--28 143:38:28.505 21299 INFO tempe1st.l7ib.cofmmon-.rest_claient [8ar1e-bq-f59ebb94-762b6683c6f-43f5e-b9f8 6] fRbe-qu2e14st7 1b(R4ol7easVf35T9es ]t ReJSOqNues:ste tU(pSCelrassv):e 2rA00ct ioGET 2hn01s7-T0te9ts-t2p8 J1:S3O:3/N8/::t21e8a.5r05D3.o 2w21293 4nINC5FO.l 1atesms)pe:6 st2.0l84i. b.coDm6Em8Lo:EnT.3Erest _ch5ltiet3n5pt7: /v3//d[/omr1eq-4a075.i244n5sd?.79n21-95a50m6e-=4Ded8f18.-a8cu69ltf 08-0.:7104sf3
8205173-050c799/-v7322b.80 a 0] 1/3:Ru38se:equr28.s59/4efste2  3(T2esb2123973 INt2Vol7umFbO ateeB4moot6Pap2tternesbtV92.5libb.:tcfeocsmdtm4_o3volu8mne_b.doo6t_cpa0ttceran)dre s:0 20t.2 _P2OS1Tc6 shttlp://10
20.245.168ie.nt6 [4re:871q-7-071964-/12v28/9 1826390:bb3518d4:cc3ce42888-28df.81-b5405498a a-820e152280d494932 -I671NFOe9 ef0te4e80m3epc7e/ssnt .alpsi] Rbh.ecootqumessmt 0.1 85o(ns.
20rR17oe-ls0et9s_-28 cV1l3Ti3eesn:3t8: tJ2S8[ONr:setU.p6Class0)1 21: 201 P2OST http9://e13q0. -2Id45NFO1.116 ate88m.ap1682:e-3s35t.0l3537/bib-.com4mofn.3resv9t3_c-li/8probjecen3t [cts- 04.162r94e8sq0
-a8602b1e6cd09-4fbf14 -4] 4a0-R9bcec-qduesatf b(S03e2rb7evedrfAc t] ionsReTqueessttJSON (T:etseatrDVoolwumenCBlaoss)otPatt: 200 eGrEnTV 2ht:tetsp:t_v/ol/ume1_b0oot._2p4a5t.t1ern6)8:. 6200 G6:E9T http6:9/6//v10.22.405/.s1e68.6c4u:r877i6/vt2y/982-6g9br5oducp3sc?eten4a8n8t8_8ib0da=b10ae35cbc55414717a3cdbf9e0238fa17&name=default 05.280035226s4
200e1/s7n-a0psho9-2t8 s1/3:3e87:281d9.17dd14 2-1e2a99a9 -IN4dF98-aOf dteempes-t4.efe2li0b1.0de34 0c.04o7sm
mon.rest_client [req-6e377fad-eca9-44b1-baca-710e4fae9f50 ] Request (ServerActionsTestJSON:tearDownClass): 204 DELETE http://10.245.168.66:9696/v2.0/security-groups/4b56ab1a-5aea-419b-a99c-12c5e5324fd6 0.155s
2017-09-28 13:38:28.935 21299 INFO tempest.lib.common.rest_client [req-5fa429de-ab1e-4827-aea2-0a41d840652d ] Request (ServerActionsTestJSON:tearDownClass): 204 DELETE http://10.245.168.68:35357/v2.0/tenants/b1a35cbc55414717a3cdbf9e0238fa17 0.216s
2017-09-28 13:38:29.095 21297 INFO tempest.lib.common.rest_client [req-df9e5121-babb-4ac8-9ae1-4803f5587b54 ] Request (RolesV3TestJSON:setUpClass): 201 POST http://10.245.168.68:35357/v3/users 0.499s
2017-09-28 13:38:29.194 21297 INFO tempest.lib.common.rest_client [req-e73f7227-b2e1-4020-a40c-269b8db134d4 ] Request (RolesV3TestJSON:setUpClass): 200 GET http://10.245.168.68:35357/v3/roles 0.097s
2017-09-28 13:38:29.331 21297 INFO tempest.lib.common.rest_client [req-e9f1973e-460b-40ef-aea8-0872d8ec7f78 ] Request (RolesV3TestJSON:setUpClass): 200 GET http://10.245.168.68:35357/v3/roles 0.136s
2017-09-28 13:38:29.465 21299 INFO tempest.lib.common.rest_client [req-14e0f0762017-09-28 13:38:29.478 21297 INFO tempest.lib.common.rest_cl-i56ecntc -[4r5e5qd--84a73b8e-5c057a84aba-ed16eea-e4048 5-]a dRe0qufes-t 6(S9erfve0rAcd7d9r3ess84esT2es7 tJS] ONR:eqsueteUpCslta ss()R: o2l0e0sV 3PTOSeTs thtJtpS:O/N/:10.s24e5.t1U68.68p:5C00l0a/ssv)2:. 02/0t4o kPeUnT hst
tp://10.245.168.68:35357/v3/projects/d2001ecda4bc484f9fbca83c9145ab77/users/7a3f749965124e739dd7054b2e95b603/roles/24f1df3839df469cb50d9e93000c8fec 0.145s
2017-09-28 13:38:29.479 21297 INFO tempest.common.dynamic_creds [-] Acquired dynamic creds:
 credentials: Credentials: {'username': u'tempest-RolesV3TestJSON-569989273', 'project_name': u'tempest-RolesV3TestJSON-569989273', 'project_domain_id': u'default', 'user_domain_id': u'default', 'tenant_id': u'd2001ecda4bc484f9fbca83c9145ab77', 'user_domain_name': u'Default', 'domain_name': u'Default', 'tenant_name': u'tempest-RolesV3TestJSON-569989273', 'user_id': u'7a3f749965124e739dd7054b2e95b603', 'project_id': u'd2001ecda4bc484f9fbca83c9145ab77', 'domain_id': u'default', 'project_domain_name': u'Default'}, Network: None, Subnet: None, Router: None
2017-09-28 13:38:29.480 21297 INFO t2e0m17-09pe-2st8.c 13:3o8mmo:n.2d9ynam.i6c51 _21293c IrNFeO tedmpses t.[li-] bC.croeamtemd oisolna.tedr enetworstk_ cliernt esourc[es fror e: q
 -ce8redebn1tial6ds:a Cre0-d89e6nat-i4alsc:47 {-'bud28sern-af22mce3'f:5 cub1't6edm p]e sRt-eRoqlueesst (V3TTeessttVJSolOumNe-B569o9o8t9P273a',t te'rnVp2r:test_ovolumjecte__nboaomte_'p: autte'trenm)p:e 20s0t GE-RT ohltetspV:3//1Te0.24stJ5.168S.6O4:8776/Nv2-/596892968992b57d3c3'ce, 48'8projec8t8_bd0oam0aei5n_id28'0:3 2640u'dee/sfnaauplshotts/'e,7 1d91'duds-ere_doamaina9_i-d4'd:9 8-ua'fddeef-a4eufle2t0'10d,e3 4 '0t.en0a4n7ts_i
d2'0:1 7u-'d20090-281 ec13d:a384:2b9.c64528 241f299f3b cIa8N3Fc9O1 te4mp5aest.bscenar7i7o', .'teusste_vorl_udmome_abin_noaomt_e'p:a tut'eDefaulrtn',  'do[m-ai]n_ Cnreame'a:t iung' Dtehifrd aiunltst', 'tanceen ant_fnrameo': um' tesmpenapshot: e71d91dd-eaa9-4d98-afde-4efe2010de34
st-RolesV3TestJSON-569989273', 'user_id': u'7a3f749965124e739dd7054b2e95b603', 'project_id': u'd2001ecda4bc484f9fbca83c9145ab77', 'domain_id': u'default', 'project_domain_name': u'Default'}, Network: None, Subnet: None, Router: None
2017-09-28 13:38:29.950 21293 INFO tempest.lib.common.rest_client [req-aad43406-2d1b-4e43-8c93-d3a5cfc2e68d ] Request (TestVolumeBootPatternV2:test_volume_boot_pattern): 202 POST http://10.245.168.64:8776/v2/98269b5dc3ce48888b0a0e528032640e/volumes 0.295s
2017-09-28 13:382:03107.-0039-12 8 213:132987:3 0I.N035 F2O1 t2e9m3p estI.NFliOb .comtmoen.mrpeesstt_c.lliienb2.0c1o7mt-mo09n -.[2r8 1re3s:3te_8qc:3-l0.i50e59ndt 6 2[91r299fe Iq8N-5F5dO5e-1 36t4eem7dp-3e1fsa-t14.a8l-fi4b9-e.b6c8eo5m2-m-81o46n62.d0dcr2e-5sabt60_2f4ce36la6i 7e]fn 9tcR  [e]qr euRqeest-q cue(4sR8to (lT0e7es0sdVt03V-oTble7u48sm-et4B18JoSeOo-bNt2:2Psaaet-tterUn0pV72C:l1ta8e8ss2ts_1)64v:9o 62l50u 1]me_  bPoROoteS_pqueTas tt ht(etSrentr): vp2:e/00/ r1GAdE0Td. r2het4s5t.se1p6s:T8e/.s/6t18J0:S.5O20N40:5.0s1/e6vt83U./6au4:8t7h76//pvt2Co/lk9ae8sn2ss6):9 2
0b02 P50OdS1c37Tc- eh0t94tp8-:8/28/81b008a. 21043e55:2.3818068:3.3206.6184650 e:/50v0olum0es/v/24.82062/aft1o0k2ce-97n cseIcbN
-F42O061 b74--t089-ce2m88p 1-1e3:s93ta8.5:53l0i0fbcc..c21692o1em  20m1.20o984n9s. 
reINsFtO_ ctlieenmpte [srte.ql-230ib.c6cdo4mfm-1odn.rae5-s47t7_cdl-ai3edn3t- 8b6[22req-c0b2f3c81d564-ed4f9 3]- Req4u7e5fs-tb1 e(2Ro-131fld30e465s9Vb 3]T ReeqsuesttJ S(SOeNrv:setUerApdCdlrasse)s:se 2sT0es1 tJSOPN:OSsTe thUpCltastsp):://1 2000. 2P45.168O.6S8T: 353ht5t7/vp3/:p/r/o10jec.2t45s. 168.608:.13353527/vs2.0
/tenants 0.127s
2017-09-28 13:38:30.674 21297 INFO tempest.lib.common.rest_client [req-f8b2a1a3-bb1f-49f6-a9a2-b86a44f4a438 ] Request (RolesV3TestJSON:setUpClass): 201 POST http://10.245.168.68:35357/v3/users 0.508s
2017-09-28 13:38:30.716 21299 INFO tempest.lib.common.rest_client [req-c72b42da-2b10-4d84-bd9a-28d63839b53d ] Request (ServerAddressesTestJSON:setUpClass): 200 POST http://10.245.168.68:35357/v2.0/users 0.524s
2017-09-28 13:38:30.717 21299 INFO tempest.common.dynamic_creds [-] Acquired dynamic creds:
 credentials: Credentials: {'username': u'tempest2-S0e1r7v-e0r9Add-re2s8s es1T3es:t3J8S:O3N0-.10187084052 5281'2,9 '7p roIjeNctF_nOa tmeemp': u'test.elmpeisbt.-cSoervmerAmdodn.rerst_ecslsienets T[req-de1se61t40J6SO-35N1b-4646-9af9-5ae-1901780b495254b86', a'usae r]_ iRd'e:qu eu'sata 5(9Rol6es6V63dT8cd240da8es1taJ4ScON:4sc9e3dteeU23p3Cfl'a, s'st)e:n a2n0t0 _nGaEmTe 'h: tu'ttempp:e/s/t-10S.2e4r5v.er1A6dd8r.e6ss8e:s3T5e3s5tJ7S/OvN3-/1r0o1l8e0s4 502.5180'4,s 
'tenant_id': u'82df68e483d8487c9351ff59d1fa622a', 'project_id': u'82df68e483d8487c9351ff59d1fa622a'}, Network: None, Subnet: None, Router: None
2017-09-28 13:38:30.919 21297 INFO tempest.lib.common.rest_client [req-dc34cef4-d872-4680-9340-bc8cf638a881 ] Request (RolesV3TestJSON:setUpClass): 204 PUT http://10.245.168.68:35357/v3/projects/95a3b49ea3964770967b745cb2024fe7/users/372f6f16f4c544519ea4ba8a68e16692/roles/e6b642fd56384bc3be9213b12a3bbbbb 0.132s
2017-09-28 13:38:30.919 21297 INFO tempest.common.dynamic_creds [-] Acquired dynamic creds:
 credentials: Credentials: {'username': u'tempest-RolesV3TestJSON-1858779883', 'project_name': u'tempest-RolesV3TestJSON-1858779883', 'project_domain_id': u'default', 'user_domain_id': u'default', 'tenant_id': u'95a3b49ea3964770967b745cb2024fe7', 'user_domain_name': u'Default', 'domain_name': u'Default', 'tenant_name': u'tempest-RolesV3TestJSON-1858779883', 'user_id': u'372f6f16f4c544519ea4ba8a68e16692', 'project_id': u'95a3b49ea3964770967b745cb2024fe7', 'domain_id': u'default', 'project_domain_name': u'Default'}, Network: None, Subnet: None, Router: None
2017-09-28 13:38:30.920 21297 INFO tempest.common.dynamic_creds [-] Created isolated network resources for : 
 credentials: Credentials: {'username': u'tempest-RolesV3TestJSON-1858779883', 'project_name': u'tempest-RolesV3TestJSON-1858779883', 'proj2e017c-09-2t_domain_id':8 13 u:38:31'.12d8 21e29f3a IuNlFtO' te,mp est.lib.c'omumosn.erest_clirent [req-86b650_f9-d1cboa-m46aiane-91_i2d9'-: u'd8edc8aefcaul573ft5 ] 'Request (,Te st'tenanVt_oild': uu'meBoo9tP5ataternV2:test_vol3b4ume_boo9ea39t6_p47a70ttern):9 672b07450cb20 24fe7G'ET htt, 'puse:r_/d/o1m0ain_n.a245.168me':.64:8 77u'6/v2/98269Defabult5', d'domcain_na3mec':e u4'De88fault8',8 'bte0nant_na0ae5me28'03:26 4u'0tempee/svotlu-meRs/o4l86es2V3afTe0cst-cJecSb-4O6bN-418-85c881-9a550fcc262e 0.091s
2017-09-28 13:38:31.218 21293 INF7798O83', ' usteer_imped': u'37st.li2b.fco6mmfon1.6f4rc54e4s51t9e_a4cba8a68e16692',l 'ipreojnect_idt [re'q-018dad00:-4 5aua-4fb'8-986510a-d33ab444a974edcaf396d47 ] Request709 67b74(5cb2024fe7'T, est'dVomaolinu_mied'Boo:t u'Pdaetftauerltn'V,2 :'tproejsetc_tv_oludmoem_boaoitn__npaatme't:e ru'nD)e:f a2ul0t'0 },G NEetTwo rkht: Ntp:o//n1e, S0ubn.e2t:4 5No.16ne, R8ou.t6e4:877r: N6/vo2/n98e
269b5dc3ce48888b0a0e528032640e/volumes/4862af0c-cecb-46b4-8c81-9a550fcc262e 0.086s
2017-09-28 13:38:31.218 21293 INFO tempest.scenario.te2017-09-2s8 1t3:38_:31.346 v21299 INFOo telmupemst.leib_b.coommoon.retst_client [req-b42a_5368-p1522-a4d1t8-tae587-31brdc7cn696a2 ]  Request (S[erv-]e rAdBoodrtesisesTnesgtJS ONt:sethirUpdClas s)i: ns20t1 aPOnSTc hett p:f//r10o.2m45 .1s68n.6aps6:h96o9t6/
v2.0/networks 0.628s
2017-09-28 13:38:31.472 21297 INFO tempest.lib.common.rest_client [req-e17df574-b065-408d-ac75-d3c76d464c2d ] Request (RolesV3TestJSON:setUpClass): 201 POST http://10.245.168.68:5000/v3/auth/tokens
2017-09-28 13:38:31.588 21297 INFO tempest.lib.common.rest_client [req-ba3291d9-8c2b-4c33-888e-fbbbd43c9a16 ] Request (RolesV3TestJSON:setUpClass): 201 POST http://10.245.168.68:35357/v3/roles 0.114s
2017-09-28 13:38:31.698 21297 INFO tempest.lib.common.rest_client [req-db946940-08ba-4592-80d6-cc7cbf3d35f8 ] Request (RolesV3TestJSON:setUpClass): 201 POST http://10.245.168.68:35357/v3/roles 0.109s
2017-09-28 13:38:31.779 21293 INFO tempest.lib.common.rest_client [req-e9ab33b3-9d96-4d13-9604-cb6ea504c6e3 ] Request (TestVolumeBootPatternV2:test_volume_boot_pattern): 200 POST http://10.245.168.68:5000/v2.0/tokens
2017-029-02187 -103:9-3288 :1313.:780 21293 INF2O 01t7-09e-28m pe1s3:38:t.3c1.om8mon.fix2e2d_netwo rk [2-] 12(T9estV9olu3m 8eB:oIN3o1.FOt8 tePat0tm7 e2pr12est9n.V72li :INtbFe.Osc t_voluomteemmmp_ebosn.otr.esltoi_bt.c_cpaoltmiemtnot e[nrnr). erFoueqsndt _c-nlei0tewbnoat0 r4k[ 5{urc'e9pqr--oe6cv78i58-f3d4f1ce142-ra-:b0p460hay1-si-454caca5a07-l6a_5n8ce5t-dw21c4o02br37 ka'0:8] 4N R1oenq0e7,u ]e st Rueq' u(uesptSd a(eRorlesVv3erTestJASOdNt:sderdee_tsatU'p:C lsua'se2s)0sT1:e7-0st9 2-012J8ST 1O3PON:S:37s:T 1et9htZUt'pp,C: l/u'/ar1sevsi)0s: i.24o25n_.1n016u m8.PbO6eSrT 'ht:8t :1p:,3 5u/'/3m51t7u/v'03:.2 /144r5o85,.l 1eu6'8si.d'66::  90u6.'9cf6/21ve0f82e.09s5/-0s
fu27bne0e-147ct7s 50.-47b-4b09-28 1s3
72:33-880:91738-07190-.6e2c8 e961b07c3' 2:,38 1u:3'12r.8o22u9t e21r7:2 eIxN9tFer9Onal ' tI: NFaFOl emsteem,p eu'sapvtea.sillatibi.clb.iomtcmyoo_nz.dynomnmoen.ar_emhstiin_tcsc'li:_c e[nt]r, e [rueq-'1ba9bv8daa9is l[-a1] b-iClreiat80aye-_4tzb6o4-ena054-de i6s5ds':o la[te795]cc,b0 43u d' net]work  resources for :i 
pRveq4 c_readedunderstet sis(_alsRcoos:p Creel'de:es ntNV3oinTeest,aJ luS'Oss: hNa{r:'seud'ese:tU rFalnasmee':, u pClass)'u:t' epm2rpojese0tc1t- _SiPedOS'T :http:/ /1u0.'2495.8162rve68r9.6b8:5Adddc3r3e5csse34es57/T8ev8s8tJ8SObN-03a1/001ed85om2ai0ns4 0.0988s5
200137-226548090-2e','8,  ' upr1'ostjea3ct:tu3s_'n8:am e:u':'3 Au'CTtI2eV.mE02p'0e,st  21u-2'sSeu9brnve7tesrA' d:Id re[NsF]s,e sTues'tJdSOeN-s10c18rO0i p4ttemi52opens5'8':,t.l  ib.u'c'u'om,se rmuo_'nt.raid'g: se'stu_:'a ac[li]en596,t6 6 [rueqd'-37ci8ecdp24v0d6aa_807a16d-da4rc4e3cs5asf9_-4s34cocp6ede'e2:-33 aNf'o, n3e't,en anu1t'_ina4sme_': ud't-ee3aamf0a78upl9et'es:6 9dF6 a] tlRs-eequ,es t uS'epr(rveoRvirodAedrl:essV3eTdgesmtreesnsJtSOaNets:iTeostnJS_ONsid-1'e:01 t384U0,45 258upClas's)n: a20m1 e'', :'t PeuOST 'httnteanmtpp_ie:/d's/t: u'-82T1ed0sf6t.8V24o5.l16u8.me68e:3B54o3o83td85P48a77t/vtc3/ep9r35n1frfVoj2e5-c29d21f8t1s2 7a69220a'90-, 'pnroeje.ctt_iwd'o1:r k1'u',28 us
'22ad0df167m-8i0n9-_28s 1t3ea:3t48e3d_8u84p87'::c 93T51rffu59e32.,12 7 ud21'1297tf ean6a2InNFtO2_ tiade''m:pes} ,ut'. 9Nl8et2i6w9bbor5.dk:c {3ccuom'mopn.rreoviest4_d8erc8lie:8p8nhbyt0 asi0[erec5q2al8-_0ne3tw6o2rk6'94:90 Neone,' 4, u'creautf'eu51d1p_d-aat1f'te:d_ 7au3'-42t04b'1e7: --u0aa9'-722f-8571e0T19a8173a-a3:0039-7e :2]81T9 1ZRe'qu,e3:3 8:u3s'1Zp'tr (,o uv'RioldeseVrre:3vnTeetwisoiorstJkSON:ns_n_umetbeytr'p: e1,'U :pCl auu'mt'u'gsr: se1'): }20 14a58v, Pa ui'OlidaST b'h: lue't tpfeo1dr: //310te.en2a4n5edt5.
168.6-8:353579/v31/groupsc 02-4b66-a.a0d-8ae11b4a960020'6, us'rou
ter:external': False, u'availability_zone_hints': [], u'availability_zones': [], u'ipv4_address_scope': None, u'shared': False, u'project_id': u'82df68e483d8487c9351ff59d1fa622a', u'status': u'ACTIVE', u'subnets': [], u'description': u'', u'tags': [], u'ipv6_address_scope': None, u'is_default': False, u'provider:segmentation_id': 48, u'name': u'tempest-ServerAddressesTestJSON-62039413-network', u'admin_state_up': True, u'tenant_id': u'82df68e483d8487c9351ff59d1fa622a', u'created_at': u'2017-09-28T13:38:31Z', u'provider:network_type': u'gre'}, Subnet: {u'service_types': [], u'description': u'', u'enable_dhcp': Fal2s0e1, 7u-0'9-28 ta1g3s:'3:8 :[3],2 .3u'4ne2t w2o1rk29_5i dIN'F:O  puar'amei1kdo3.et5readn-spo9rt1 c[-]2- 4Cbo6n6n-eactaed0 d(-v8eare1sbion4 2a96.0, client d0ro2p0b'e,a ru't_ena20nt_1id': u5'8.672)df6
8e483d8487c9351ff59d1fa622a', u'created_at': u'2017-09-28T13:38:31Z', u'dns_nameservers': [], u'updated_at': u'2017-09-28T13:38:31Z', u'ipv6_ra_mode': None, u'allocation_pools': [{u'start': u'192.168.21.2', u'end': u'192.168.21.14'}], u'gateway_ip': u'192.168.21.1', u'revision_201n7um-0b9e-r'2:8  0, 13u:'38:32i.41p8 v2612_9ad5d rIeNsFsO_ mpoardae'm:i koN.otrne,a un'isp_pvoret r[-s]io nA'u:t h4e, ntu'ihcosatti_oronut es'(:p []u,b liu'cckidery') :s uuccessf'u1l!92.168.
22011.70/2-089',- 2u8' p1r3o:j38e:32c.t42_3 i21d2'9: u5' 8I2dNfFO t6em8e4p83ed8s4t.l8i7bc93.c51offm5m9d1foan.622sas',h  [-] sshu' icdon'ne:c tui'ofn 5to c7i0rrbos@5105-00f.240f-5.1743.815-ae50 sufc-cee5ffd4fssf9uala5lay c',r euated's
ubnetpool_id': None, u'name': u'tempest-ServerAddressesTestJSON-62039413-subnet'}, Router: None
2017-09-28 13:38:32.534 21299 INFO tempest.lib.2c0o17m-0m9o-2n8. r13:est3_c8l:i3e2n.t5 [3r9e q2-132d9e52 aIbN9FbO -t160e2m-p4e5sb6t-.aali0bd.-c5o9m3m1aoand.4sesh9 4[-]e Crea ] Requtineg ssts h( SceornvneerAcdtdiroensses Tto e's10t.J2S45.O17N3:.0:se2tU2p' Calas 'sscirros') : 2with pub0l0 Pic OkeSyT http://10.22017-09-28  413a5u:3t8:h.ent32i1c.atio60n
22 60121278-9097 -2IN.8FO 16 3:t83e:8m5:pes302t..54l02i0b .2co1mm2on.95res t_I/cNFvlOie 2npa.tra0 mi[rekq-oc3/.t9tr0abne7sp4-oo7rkt8e 7n[c--s]4 c5C
o7nn-8e7ctde7d (version -321.00,40a clie8nt6 d4roa9dp b]e aRre_2015q.u67e)s
t (RolesV3TestJSON:setUpClass): 201 POST http://10.245.168.68:35357/v23/0u1s7e-r0s9- 208. 1437:383:32.6s63 21
2923 INFO 0tempest.lib1.co7mmo-n.r0est9_client [req-28- 04e1d3b0-7431a-47326-9aae:38:32.66-9 21623e95 17I7NFO p4a15f73 ]r Raeqmueist (TestkVoluo.tramneBosotpPoatternrV2:t t[-] Autheenticatiosnt_vol (publickey) umseu_boot_patctern)c:e s2sfu02 lPOST !
201http:/7/-100.294-52.8168 .713:43:88:774/3v22/.96748 2269b125dc935c eI4N8FO8 t8em8pb0esat0.lei5b2.8c0ommon3.2640es/sh s[-] sesrhvers 0. 8c8o1ns
nec2017-t09io2n0 1to7 -ci0rr9o-s@120.8-2 21843 5:1.313:783:33.280.:7 36s25. u2c7c15e2s2s 92f7 u1Il2Nl9Fy3O   cItNerFmeapOtee sdtt
e.2ml0pi1eb7s.tc-.0ol9mi-mb2.onc.res8t_cliommo en1n.3:r3e8s:32t._695 2129c5l ieINnFtO  [treeqm-petsc t2[.9r2sceedqn-9a01er83i2-4o.9te2ea0s-4efft5-f4_-9v4co1el0u-1mbe-f_90b7o2doa--tc9_31p70a536te4tdef5r8nfb e[40-8d]  8Cr8]e ] a RReeqqtuiueenssgtt  s (n(RaoTlpsehesosttVV o3frlouTmm eesvtBoJoSoluOtNm:Pesa: e4ttd2Up8CtfleasrnsV2:)t:1e s2d0t12_- vPcoOalcSeu-T4m feh_4bt8o-to9p9:tb/8/_-19p0a9tb2.t22e25r045en23)0: 
2200017 -.G0E9-T1 2688h.6t8: t3p13:38:5://3315702./v2.34/85r.814 2612o8les9. 075.4: I81N76F7O24 s/te
