'project_name': u'tempest-TestApiDiscovery-743003193', 'project_domain_id': u'default', 'user_domain_id': u'default', 'tenant_id': u'3027a970ecfe44aaa920a8fad5b9ddc4', 'user_domain_name': u'Default', 'domain_name': u'Default', 'tenant_name': u'tempest-TestApiDiscovery-743003193', 'user_id': u'08691d1277ba4b91b95b91219b2f436e', 'project_id2': 0u1'73-009-2287a 139:7308:e50c.3f93e 212499 4INFOa ataem9p2e0sat8.lifabd5.cbommon.r9dedc4s't,_ cl'ideonmtai n[_ird'e:q -u'de0fa1u6l1t91'a,d -'pro7jeac9e-4t_4doma9i6n-_9n5a64-93mea7e3': 0u8'bDef76a5 ]u Rletq'}, uNesett (wUosrerks:Te sNtJSoOnNe,: S_urbnetu:n_ cleNaonnupes,) :R o2u04t eDEr:L ETEN ohnet
t2017p:/-/10.209-425.1868 .1638::35383:505.74/42v 22.102/t9e7n anINFtOs /te5ma0p4de8s7eft.laiab8.4cdo9mmonc.9rcest_clie8na7t2 7[r3eq-5937ee27da469 180.2350s
-a1f2-47dc-{3} tempest.api.identity.admin.v2.test_users.UsersTestJSON.test_create_user [1.220974s] ... ok
b908-0654d1bae8ae ] Request (TestApiDiscovery:setUpClass): 201 POST http://10.245.168.68:5000/v3/auth/tokens
2017-09-28 13:38:50.538 21297 INFO tempest.lib.common.rest_client [req-e3f39571-b1be-4042-ab65-d3802cb98097 ] Request (TestApiDiscovery:test_api_media_types): 200 GET http://10.245.168.68:35357/v3 0.092s
{2} tempest.api.identity.v3.test_api_discovery.TestApiDiscovery.test_api_media_types [0.096382s] ... ok
2017-09-28 13:38:50.646 21297 INFO tempest.lib.common.rest_client [req-a5400a2a-8f40-4d09-928b-ea34b344549e ] Request (TestApiDiscovery:test_api_ve2r0s1io7n_-res0o9-u2rc8e s1): 200 G3ET: 38ht:t5p0:.//1608.42 4251.12689.96 8I:3N5F3O5 t7e/mv3pe s0.t.1l04ib.s
common.rest_client [req-0824b{2} tempest.api.identity.v3.test_api_discovery.TestApiDiscovery.test_api_version_resources [0.106588s] ... ok
7c3-f2f0-484b-a637-83c2b77dc6c6 ] Request (UsersTestJ20S1O7N-:09te-ar2D8 13o:w3n8C:5l0as.s)74:3  22012497  INFDO ELtEeTmpEe hsttt.pl://1i0b..c2o4m5m.16on8..68:3res5t35_7/cvl2.0/iuesnte [rresq/b5285-ff4ff75ec6fa395-4697f037-84533612-b8c480f-1f1e910ab28f3a79c8689 0 .]2 R8equ6est s
(TestApiDiscovery:test_api_version_statuses): 200 GET http://10.245.168.68:35357/v3 0.093s
{2} tempest.api.identity.v3.test_api_discovery.TestApiDiscovery.test_api_version_statuses [0.095909s] ... ok
2017-09-28 13:38:50.993 21297 INFO tempest.lib.common.rest_client [req-2a44aa31-69c0-4319-b657-9aa18e03add4 ] Request (TestApiDiscovery:tearDownClass): 204 DELETE http://10.245.168.68:35357/v3/users/08691d1277ba4b91b95b290117-09-228 1193b:23f84:3561e. 003.32 426s1
299 INFO tempest.lib.common.rest_client [req-c356aecc-fa37-4768-87db-631d94900e49 ] Request (UsersTestJSON:tearDownClass): 200 GET http://10.245.168.66:9696/v2.0/security-groups?tenant_id=c1e40fa1b0164076925752e148b2d9a0&name=default 0.347s
2017-09-28 13:38:51.173 21299 INFO tempest.lib.common.rest_client [req-5da6ba53-b308-49c2-8ee1-8df24debe446 ] Request (UsersTestJSON:tearDownClass): 204 DELETE http://10.245.168.66:9696/v2.0/security-groups/0ae900c1-f1a0-4283-bd64-f0144e583d5c 0.138s
2017-09-28 13:38:51.400 21299 INFO tempest.lib.common.rest_client [req-64e1f9a9-827c-404d-ae13-6877091d101c ] Request (UsersTestJSON:tearDownClass): 204 DELETE http://10.245.168.68:35357/v2.0/tenants/c1e40fa1b0164076925752e148b2d9a0 0.226s
2017-09-28 13:38:51.574 21297 INFO tempest.lib.common.rest_client [req-a01d1a08-9eda-479a-9206-49d66fa2b5f0 ] Request (TestApiDiscovery:tearDownClass): 201 POST http://10.245.168.68:5000/v3/auth/tokens
2017-09-28 13:38:51.646 21299 INFO tempest.lib.common.rest_client [req-76654e07-7203-468d-9655-e904535c3f04 ] Request (UsersTestJSON:tearDownClass): 204 DELETE http://10.245.168.68:35357/v2.0/users/749ecbfe1fb541c091af3c189ae0b917 0.245s
2017-09-28 13:38:51.819 21299 INFO tempest.lib.common.rest_client [req-145e3fb6-2056-4cf5-9ea4-68c6efc086cd ] Request (UsersTestJSON:tearDownClass): 200 GET http://10.245.168.66:9696/v2.0/security-groups?tenant_id=3fa4a07d52754984a210ea289a477160&name=default 0.172s
2017-09-28 13:38:51.940 21297 INFO tempest.lib.common.rest_client [req-38171ceb-99b6-41c7-9a7b-f616c1409762 ] Request2 0(T17e-s0tApiD9-i2s8c o1v3e:ry:38t:e51.96a8r D2own1C2l99a INFsO tse):m pe2s0t0. lGiEb.comT mhotnt.rpest:_/cl/ie1nt0.2 [re45q.1-6684.cc686a:59f-e869d9-6/4v3328.-08/8s8efc-ur0fict300y18-1g9roup34 ] Rse?tenant_iqueds=t3 (0U2s7ears9Tes7t0JecfSeO4N4:aatae9a2rD0a8ofwandCla5b9ssdd)c:4 &204 naDEme=deLfETaE ulhtt 0t.365sp:
//10.245.168.66:9696/v2.0/security-groups/4bb61d0d-2f86-4e207c-917b-109c--278c 183:b38d:52846.2031d7 9 2012.97 IN1F4O6 stemp
est.lib.common.rest_client [req-3bccc207-3654-41ad-b04e-5dbd4b92ee60 ] Request (TestApiDiscovery:tearDownClass): 204 DELETE http://10.245.168.66:9696/v2.0/security-groups/dca92ba5-50d7-40b3-919b-e902f5700acb 0.137s
2017-09-28 13:38:52.170 21299 INFO tempest.lib.common.rest_client [req-b231db87-2a94-49ef-b626-16e820f16212 ] Request (UsersTestJSON:tearDownClass): 204 DELETE http://10.245.168.68:35357/v2.0/tenants/3fa4a07d52754984a210ea289a477160 0.200s
2017-09-28 13:38:52.294 21297 INFO tempest.lib.common.rest_client [req-92ba5780-3ad2-4bfb-b26e-94a7b0b8bd35 ] Request (TestApiDiscovery:tearDownClass): 204 DELETE http://10.245.168.68:35357/v3/projects/3027a970ecfe44aaa920a8fad5b9ddc4 0.214s
2017-09-28 13:38:52.722 21299 INFO tempest.lib.common.rest_client [req-badaeae8-e341-4f5b-a608-a2e611e0718d ] Request (CredentialsTestJSON:setUpClass): 201 POST http://10.245.168.68:5000/v3/auth/tokens
2017-09-28 13:38:52.883 21297 INFO tempest.lib.common.rest_client [req-f68a3409-91cc-4b9b-a63f-cebd8342b80b ] Request (BasicOperationsImagesTest:setUpClass): 200 POST http://10.245.168.68:5000/v2.0/tokens
2017-09-28 13:38:53.286 21299 INFO tempest.lib.common.rest_client [req-7d0a033d-0418-4611-8c26-6e8c5d5a3085 ] Request (CredentialsTestJSON:setUpClass): 201 POST http://10.245.168.68:5000/v3/auth/tokens
2017-09-28 13:38:53.395 21299 INFO tempest.lib.common.rest_client [req-50b7e7de-2126-47d8-9c7e-76394a99fe9c ] Request (CredentialsTestJSON:setUpClass): 200 GET http://10.245.168.68:35357/v3/domains?name=Default 0.107s
2017-09-28 13:38:53.466 21297 INFO tempest.lib.common.rest_client [req-a4d19859-4588-44e7-8ef4-b111e84a164e ] Request (BasicOperationsImagesTest:setUpClass): 200 POST http://10.245.168.68:5000/v2.0/tokens
2017-09-28 13:38:53.540 21299 INFO tempest.lib.common.rest_client [req-fd7fdcda-72ff-44b2-b80a-161d70d89350 ] Request (CredentialsTestJSON:setUpClass): 201 POST http://10.245.168.68:35357/v3/projects 0.143s
2017-09-28 13:38:53.615 21297 INFO tempest.lib.common.rest_client [req-a22761fc-59fd-4810-acd8-0e29ab396d3c ] Request (BasicOperationsImagesTest:setUpC2l0a1s7s):- 02900- POS2T8  h1ttp3::/3/10.284:5.51638.6.569 8:231523955 WA7RN/IvN2G. 0/temtenpaenstts .l0i.b1.4c8s
ommon.ssh [-] Failed to establish authenticated ssh connection to cirros@10.245.173.12 ([Errno None] Unable to connect to port 22 on 10.245.173.12). Number attempts: 2. Retry after 3 seconds.: NoValidConnectionsError: [Errno None] Unable to connect to port 22 on 10.245.173.12
2017-09-28 13:38:53.862 21293 WARNING tempest.lib.common.ssh [-] Failed to establish authenticated ssh connection to cirros@10.245.173.17 ([Errno None] Unable to connect to port 22 on 10.245.173.17). Number attempts: 2. Retry after 3 seconds.: NoValidConnectionsError: [Errno None] Unable to connect to port 22 on 10.245.173.17
2017-09-28 13:38:53.951 21299 INFO tempest.lib.common.rest_client [req-12269b4d-e9f5-4fc7-97a9-3dcb5fa02657 ] Request (CredentialsTestJSON:setUpClass): 201 POST http://10.245.168.68:35357/v3/users 0.410s
2017-09-28 13:38:54.064 21299 INFO tempest.lib.common.rest_client [req-0744093f-8b54-43a0-9f27-63005e752f94 ] Request (CredentialsTestJSON:setUpClass): 200 GET http://10.245.168.68:35357/v3/roles 0.112s
2017-09-28 13:38:54.124 21297 INFO tempest.lib.common.rest_client [req-cb013dc8-85e2-4dea-9ea7-f266697725a3 ] Request (BasicOperationsImagesTest:setUpClass): 200 POST http://10.245.168.68:35357/v2.0/users 0.503s
2017-09-28 13:382:5401.712-5 201929-72 I8N F1O3 tempe:s3t8.:co5mm4on.d.y1n7a1mi 21c_c29r9e dIs N[F-] OA tcequirmepde sdtyn.almiibc. ccormemods:
 nc.redenrtiesatl_sc:l iCredeentnti a[relq-s:1 1{b2'us6eer7n7ame'-: u'6tempbes6t3--Bas4ic0O6pa-b557-9fb7abbd1abc ] Request (CredentialsTestJSON:setUpClass): e20ra0t iGEonTs Ihmttpa:ge/sT/1e0st.-1284251.681716683.'68,: 3'5p3ro5j7/v3/erct_onleamse 0':. 1u'0t6esm
p2es0t1-7-B09-as2i8cO 13:p38:e54r.at2io3nsIm4a g2e12sTes9t-9 IN1F8O t21e6mpes8t7163', .'ulsiebr_.icdo'm:m onu.'res8t5_fcd289lbiee51n1t4 1[rfe9q-da6f994513a6105de87-d26a576ac-4', '6tedn1a-n8t8_30n-a7a223me':7bc 6cud'f t]e mpesRtequ-Besta si(cOperaCtredieontnialssImTaesgteJsSTONe:sst-e1t8U2pC1l6a8s7s1)63':,  2'0t4e nPUant_id'T h:t tup:'/e/01b0b.62495.3102648b.63482:93f5b30574/vfa30/dpr5c58o0bajdec'c, t'psr/o5e2j9ee9ctf_i8d': u'85ed904bdb629030a24b3e4325cde91fcb70241f0a10d5ecc/5u8s0ebrasd/c6'b}e,c Neet3w7orkc:e a5N8o4ne,0e 6Saub4n7eet32: 9N0o6nbe4,5 dReo4du/troelres/:2 4Nofne
12d01f7-30893-298d f41639:c3b850:d594.e192350 021297 I0NFO c8tfeempce s0t..0c63osm
m20o1n7.-d0y9n-28 am1i3c:_3c8r:e54.d2s [3-]5  Cre2a1t2ed9 9i sIolNaFOt ed netemptewsortk. rcomemsoounr.dycneas fomic_rc r: 
 cerdesde n[t-i] Aalcsq:ui rCreedd ednytnaimailcs :cr eds{:'
u scernarmedeen't:ia lu'tempest-sB:a CresdenitciaOlspe: ra{'tuisonesrInmaagmees':T est-u1'82t168e7mp163e', 'sptr-oCrjeect_dennatmiale's:T eu'sttJeSmpOeNs-t2-8B4a0si774c50O',pe r'aptrioojnescItma_gensaTmee':s tu-'1t8e2m1pe6s8t71-63'C,r e'udseenrti_ida'l:s uT'e85stfdJ2S89ONb-e2518414017f794a590', 'pr4o5j3e6c1t0_5ddo7maidn6_5id6'c:' ,u' d'eftauelnt'a,n 'tu_snera_mdeo'm:ai nu_'idt':e um'dpefeausltt',- B'taesinacntOp_eidr'a: tu'io5e29ne9sfI8m8age5ds9T4ed2st0-ae3158cd2e11c726180711ec6'3, ''us, 'etre_dnomaaintn__niamd':e 'u: 'ue'0Dbebf6au9l302t'4,b 3'dom4a2in_nam9ef'b:0 4uf'a0Defauldt'5,c 5'8t0enbaadnct'_,n a'pmre'oj: ecut_i'tde'm:p eust'-Cer0edebnbtial6s9T302estJ4SbON3-4282407749f5b00'4f, a'0udser5_ci580db':a ud'c6'be}c,e3 7cNeeat5w8o4r0ke6a: 4N7oe3n2e9,0 6b45de4d'S, 'purbneojetct: _iNd'o:ne ,u'5 e2R9oeu9terf88:5 dN9o4dne2
0ae35cde1c72101ec', 'domain_id': u'default', 'project_domain_name': u'Default'}, Network: None, Subnet: None, Router: None
2017-09-28 13:38:54.236 21299 INFO tempest.common.dynamic_creds [-] Created isolated network resources for : 
 credentials: Credentials: {'username': u'tempest-CredentialsTestJSON-284077450', 'project_name': u'tempest-CredentialsTestJSON-284077450', 'project_doma2in_id'01:7- 0u9-'2d8ef 13a:3u8lt:'54,. '7u1s3e r_do2main_1i2d'9: 7 Iu'NdFeOf atuelmpte', 'tenasnt.t_liid'b:.c uo'm5emo2n.9re9efs8t85_cdl94ide2nt [0are3e5qc-dff0ea1c567f82101-ecc'65,0 -'4uc8s7e-a7rc_cdo-m4ain9_2namb3e3d5'7600: ] R equues't D(Befaualt's,i 'dcoOmpain_enraatmionsImageesTes': ut'De:fseaulttU', 'pCtenant_nalme': u'taemsps)e:st- Cr2eden00tia lPsOTSeTstJ SONh-2t8t4077p:4/50/', '1us0er_id': u'6bec.e37cea254854.106e6a487e32.9066b84:55de4d0', 0'0p/rojvec2t_id.': 0u'5/et2o9e9f885kd94de20aen3s5
cde1c72101ec', 'domain_id': u'default', 'project_domain_name': u'Default'}, Network: None, Subnet: None, Router: None
2017-09-28 13:38:54.786 21299 INFO tempest.lib.common.rest_client [req-c2a5f7b3-4fcf-46f5-8a20-cf0455708b3b ] Request (CredentialsTestJSON:setUpClass): 201 POST http://10.245.168.68:5000/v3/auth/tokens
2017-09-28 13:38:54.915 21299 INFO tempest.lib.common.rest_client [req-a3841283-eb4c-451f-885d-84438a1b5244 ] Request (CredentialsTest2JS0ON1:s7e-tU0pC9la-s2s)8: 1 320:1 PO38:S5T 4htt.p94:7 /2/1102.245.19678 .I68:N3FO t5e3m57p/v3/epsrot.jliectb.sc 0.o1m25s
mon.rest_client [req-fa1a661f-ab06-45f6-8f71-1024c1c0d887 ] Request (BasicOperationsImagesTest:test_delete_image): 201 POST http://10.245.168.72:9292/v2/images 0.230s
2017-09-28 13:38:55.029 21297 INFO tempest.lib.common.rest_client [req-349417a1-6d56-4c78-b4c3-74c586f4001d ] Request (BasicOperationsImagesTest:test_delete_image): 204 DELETE http://10.245.168.72:9292/v2/images/92303681-10e9-4c3d-9eeb-a0c6136b10b1 0.081s
2017-09-28 13:38:55.052 21297 INFO tempest.lib.common.rest_client [req-1e22f6e9-2258-481a-a6d3-b075ea0ebc8e ] Request (BasicOperationsImagesTest:test_delete_image): 404 GET http://10.245.168.72:9292/v2/images/92303681-10e9-4c3d-9eeb-a0c6136b10b1 0.021s
2017-09-28 13:38:55.096 21297 INFO tempest.lib.common.rest_client [req-3913740b-19bd-44cf-bb79-7957fb83efd4 ] Request (BasicOperationsImagesTest:test_delete_image): 200 GET http://10.245.168.72:9292/v2/images 0.043s
{2} tempest.api.image.v2.test_images.BasicOperationsImagesTest.test_delete_image [0.383280s] ... ok
2017-09-28 13:38:55.137 21297 INFO tempest.lib.common.rest_client [req-a7f9c9b5-1eff-48c5-b5f2-1e353dfff666 ] Request (BasicOperationsImagesTest:test_register_upload_get_image_file): 201 POST http://10.245.168.72:9292/v2/images 0.038s
2017-09-28 13:38:55.415 21299 INFO tempest.lib.common.rest_client [req-4d9213a3-011a-4253-8649-d9e7b909303c ] Request (CredentialsTestJSON:setUpClass): 201 POST http://10.245.168.68:35357/v3/users 0.498s
2017-09-28 13:38:55.533 21299 INFO tempest.lib.common.rest_client [req-8395574f-b551-40a1-b368-0d6983e03256 ] Request (CredentialsTestJSON:setUpClass): 200 GET http://10.245.168.68:35357/v3/roles 0.113s
2017-09-28 13:38:55.703 21299 INFO tempest.lib.common.rest_client [req-cfdb48de-6b8f-4aab-8ac6-ff05f5716fc5 ] Request (CredentialsTestJSON:setUpClass): 204 PUT http://10.245.168.68:35357/v3/projects/77ee67fad6c74276acc88a747ff3e353/users/525400334a404782907070004a4edb26/roles/e6b642fd56384bc3be9213b12a3bbbbb 0.169s
2017-09-28 13:38:55.703 21299 INFO tempest.common.dynamic_creds [-] Acquired dynamic creds:
 credentials: Credentials: {'username': u'tempest-CredentialsTestJSON-1188728003', 'project_name': u'tempest-CredentialsTestJSON-1188728003', 'project_domain_id': u'default', 'user_domain_id': u'default', 'tenant_id': u'77ee67fad6c74276acc88a747ff3e353', 'user_domain_name': u'Default', 'domain_name': u'Default', 'tenant_name': u'tempest-CredentialsTestJSON-1188728003', 'user_id': u'525400334a404782907070004a4edb26', 'project_id': u'77ee67fad6c74276acc88a747ff3e353', 'domain_id': u'default', 'project_domain_name': u'Default'}, Network: None, Subnet: None, Router: None
2017-09-28 13:38:55.704 21299 INFO tempest.common.dynamic_creds [-] Created isolated network resources for : 
 credentials: Credentials: {'username': u'tempest-CredentialsTestJSON-1188728003', 'project_name': u'tempest-CredentialsTestJSON-1188728003', 'pro20ject1_7d-oma0i9n_-id': u'd2e8f au13:l3t8',: 'u5s5.937 2er_dom1a2i9n_7id 'INF:O  tuemp'edsetfau.llib.tc', 'toemnmaon.restn_tcli_entid ['r:e qu-'07570e0ec5e6c7-defdad8-64c9751-a4a257a6-8aa07c5c2f8f88a9740 4] R7efqufe3ste 3(5Ba3s'i,c Ope'ruasteiron_sdoImagmesaiTens_tn:atmees't:_ rue'gDeifstaeulrt_', u'pdloomaadin__ngaemte_'i:mage_ fui'leD)e:f 2a0ul4t ',PUT h t'ttp:/e/1n0a.nt2_4n5a.m1e6':8 .u'72t:e929m2p/ve2s/ti-mCagrese/d1de3nct8ci4a8-ls6Tbes1a-tJ440fS-894O0N--e221c1b08e18f97b2b8/0file 003.'7,9 5'su
2s017e-0r9_-id2'8 :13 :u'358254:0550.39361 421a249074 7IN8FO 2tem9p0e7s070t.li0b.c0o4mmoan4.erestd_bcl2i6ent [re'q,- 9d'pr50oaj0eecbt-d_bi3df-'45:1 1u-'bb757ee-e671faed6c874276ea0cce889a7a475ffa3fef3 5]3 ',R eq'uesdto m(aiBn_aids'ic:O pu'edreatifoaultnsIm'a,g e'prsoTjeesctt:_tedosmait_ren_nameg'i: steur'_Defauulplto'a}d,_ gNeett_iwomrakge: No_nfie,le )Su:bne t2:0 0N oGnEe, RToute hrt:t p:No/n/10.e24
5.168.72:9292/v2/images/1d3c8c48-6b1a-440f-8940-e22cb0e1f9bb 0.021s
2017-09-28 13:38:56.059 21297 INFO tempest.lib.common.rest_client [req-23ce2277-f907-438a-824b-5bfa68f06eb4 ] Request (BasicOperationsImagesTest:test_register_upload_get_image_file): 200 GET http://10.245.168.72:9292/v2/images/1d3c8c248-016b17-09a--440f-2889 40-13:38:5e62.2cb0e1f922b2 21b299 /INfilFe 0.O09 t7empest.lsib.comm
on.rest{2} tempest.api.image.v2.test_images.BasicOperationsImagesTest.test_register_upload_get_image_file [0.962366s] ... ok
_client [req-9d1ccd4c-7b9b-42017-09-218 1f3:38:56d.-842f-8d9121 2142d7ef97 I7NFbO te2mpest.blib.comm on.r] Reste_cqliuest ent [re(Credqent-4eifed4a1e-abe0lsTes-t4JSfOcfN:-asetUfpClas3ds): 201 POST http:/-5d6ca794966f/10.245.168. ] Requ6es8t :(Ba5sicOper000/v3/auth/tokenas
tionsImagesTest:test_update_image): 201 POST http://10.245.168.72:9292/v2/images 0.058s
2017-09-28 13:38:56.347 21299 INFO tempest.lib.common.rest_client [req-6abf6233-8df3-4c47-97af-514120447bba ] Request (CredentialsTestJSON:setUpClass): 201 POST http://10.245.168.68:35357/v3/projects 0.122s
2017-09-28 13:38:56.459 21299 INFO tempest.lib.common.rest_client [req-c30d34a6-54f3-4f7f-8645-0066342d6fc9 ] Request (CredentialsTestJSON:setUpClass): 201 POST http://10.245.168.68:35357/v3/projects 0.111s
2017-09-28 13:38:56.936 212972017 IN-09-28 13:38:FO tem56pe.93st.lib9 2129.common.re9 INst_FO ctempest.lilb.comient [reqm-a0a2ebdco-c142-4cnf0-.ac96r-5474est_client [req-ee72545e38-2dcea6a4 ] eRequest (bBas-icOp4373-8eea-c4469161c932 ] Requeest (CrredentationsImagesTestialsTestJSON::test_update_seimage):tUpClass): 201  POST http://10.204 PUT http://10.22454.168.68:3535.168.72:9292/v2/57/iv3m/users 0.ages/dcb91e9a-c41674-490e8-9435-7as
ea72b87cf2/file 0.812s
2017-09-28 13:38:57.006 21297 INFO tempest.lib.common.rest_client [req-4cc91ac7-2804-46d1-ad47-26c9279f7fd1 ] Request (BasicOperationsImagesTest:test_update_image): 200 PATCH http://10.245.168.72:9292/v2/images/dcb91e9a-c164-40e8-9435-7aea72b87cf2 0.069s
2017-09-28 13:38:57.025 21297 INFO tempest.lib.common.rest_client [req-23cd8cf6-b67f-4fb5-9198-e982017-f09-28 13:38:57.057 2127d206c4199 IN ] FO tempesRt.lib.commoen.rest_client [reqq-d8ab001cue-sat (4Ba8s6ic-Op4e4r2a3t-acieoen-sa2dI8m8adg1ecsfT0est9:8te ]s Rteq_uupdeatse_it m(Caregdee):nt i2a00 GlEsTT ehsttJtSpO:N:t/est/_c1r0ede.n2t4i5als_cre.a1t6e8_.g7e2t_upda:te9_2d9e2/v2le/tie):m a2g0e1 sP/dcObS9T1 he9tat-pc:1//6140-4.02e485.168.68-:39435-7a53e57a/v37/cre2dben8ti7cf2 0a.l0s17 s0
.112s{2} tempest.api.image.v2.test_images.BasicOperationsImagesTest.test_update_image [0.964983s] ... ok
2
017-09-28 13:38:57.045 21297 INFO tempest.lib.common.rest_client [req-7cb5df1b-05e6-4396-8cad-870f37d85294 ] Request (BasicOperationsImagesTest:tearDownClass): 404 DELETE http://10.245.168.72:9292/v2/images/92303681-10e9-4c3d-9eeb-a0c6136b10b1 0.016s
2017-09-28 13:38:57.1627 2129051 7-WA09-28 R1NI3N:G te3m8p:5e7s.t17.1 l2i129b9. IcNommoFnO. temspsh [e-st]. Faliilbe.dcom tom eonst.arbelsti_shc lauientt [rheeqn-t6i9f98c50ab-tdeed 44-4b3c-bs2as9h-a3 11co56dn1n8eac37 ] Rtiequoest (nC retdoe ntciiralrosTestsJ@SO1N:0test._2c4re5de.nt17ial3s_.cr12 (ea[te_Ergrnet_oup dNatoen_ed]e leUtnae)ble :t 2o 0co0 nPnecAtT toC Hp ohrt t22t on 10p:./245/.110.72435.12.)1. Number attempts: 3. 6R8e.6t8:353ry57 /av3f/tcreerd ent4i alsse/conf8922d7s31b.b:a1051 cN255o0eV8b5da78l4id8e8C1onanec89t9cido4nsfE3rr4o9r: 8[73f54eEar4r8nfo1 7N1o4ne]2 1Una7f3ab 0l.e 1t12os 
c2o0nne17-0c9t -to2 8 p13:or3t8 :2527 .o27n 103. 21224995.1 I73N.F12O
 tempest.lib.common.rest_client [req-8c14ace6-ba50-4953-bfec-e533da50fcbd ] Request (CredentialsTestJSON:test_credentials_create_get_update_delete): 200 GET http://10.245.168.68:35357/v3/credentials/f8922731bba1051c2550e8b5d7848e81a899cd4f349873f54ea48f1714217f3a 0.101s
2017-09-28 13:38:57.370 21293 WARNING tempest.lib.common.ssh [-] Failed to establish authenticated ssh connection to cirros@10.245.173.17 ([Errno None] Unable to connect to port 22 on 10.245.173.17). Number attempts: 3. Retry after 4 seconds.: NoValidConnectionsError: [Errno None] Unable to connect to port 22 on 10.245.173.17
2017-09-28 13:38:57.454 21299 INFO tempest.lib.common.rest_client [req-242fc52e-9cfc-48e8-a6e3-97e7825589b6 ] Request (CredentialsTestJSON:_run_cleanups): 204 DELETE http://10.245.168.68:35357/v3/credentials/f8922731bba1051c2550e8b5d7848e81a899cd4f349873f54ea48f1714217f3a 0.179s
{3} tempest.api.identity.admin.v3.test_credentials.CredentialsTestJSON.test_credentials_create_get_update_delete [0.512003s] ... ok
2017-09-28 13:38:57.691 21299 INFO tempest.lib.common.rest_client [req-ccae9ba7-64cd-4ea9-9bc7-b9349fdf5e33 ] Request (CredentialsTestJSON:tearDownClass): 204 DELETE http://10.245.168.68:35357/v3/users/ba23b0d25789402598a73c8a5ba49196 0.235s
2017-09-28 13:38:57.883 21299 INFO tempest.lib.common.rest_client [req-d3b6be27-beae-4046-96bf-553634a0ae46 ] Request (CredentialsTestJSON:tearDownClass): 204 DELETE http://10.245.168.68:35357/v3/projects/35615fd67fcb4e9ebc9b37d8b1d0a96a 0.191s
2017-09-28 13:38:57.954 21297 INFO tempest.lib.common.rest_client [req-568077d2-7f7a-42a2-ad89-b66fd0d65ade ] Request (BasicOperationsImagesTest:tearDownClass): 204 DELETE http://10.245.168.72:9292/v2/images/1d3c8c48-6b1a-440f-8940-e22cb0e1f9bb 0.908s
2017-09-28 13:38:58.071 21299 INFO tempest.lib.common.rest_client [req-73d07592-d773-4b60-9022-8ed03113a099 ] Request (CredentialsTestJSON:tearDownClass): 204 DELETE http://10.245.168.68:35357/v3/projects/d49481334e66405b9e48391fc6204b30 0.187s
2017-09-28 13:38:58.304 21299 INFO tempest.lib.common.rest_client [req-a9887b07-4672-48e2-a80e-d5546bca8fd8 ] Request (CredentialsTestJSON:tearDownClass): 204 DELETE http://10.245.168.68:35357/v3/users/525400334a404782907070004a4edb26 0.231s
2017-09-28 13:38:58.814 21299 INFO tempest.lib.common.rest_client [req-143bd675-e3db-499e-b11e-c7658084aa7c ] Request (CredentialsTestJSON:tearDownClass): 201 POST http://10.245.168.68:5000/v3/auth/tokens
2017-09-28 13:38:59.145 21297 INFO tempest.lib.common.rest_client [req-f7e69d1f-9e33-43e5-8aca-d0c98a2e296f ] Request (BasicOperationsImagesTest:tearDownClass): 204 D2E0LET17E- 0h9t-t2p8: /1/130:.23485:.5196.2813. 7221:92292/9v29/i mIaNFOg ets/dcebmpe9s1te.9liab-.cc1om6m4o-4n0.e8r-e9s4t35_-c7aleia7e2b87ntc f[2re q-10d.118c9fs
d260b-1772-704-94-d2486 -a13:38:a59b.166-8d 28182d3a917f 7INFbO 1temdp e]st .lReibq.cuommoens.rets (Crt_cedelinetnti [arlesqTes-t6JcS5O0N0b6:0t-ecaecrDo4w-n4Ccl1acs-s8)a:3 f-2f0403 dG37E6T7 3h2t5tdp ]: R/eq/ue1st0 (.Basi24c5Op.er1ati6onsIma8ge.s6Te6st::t9earD6ow9n6C/lasvs)2:. 4040 G/EsT hetctupr:i/t/y1-0g.r2o4u5.168.ps?7t2:enan92t92/_vi2d/=i7m7aegee67fad6sc/79422736a0cc388a678147-10ef9f3-e43c533d&n-a9meee=debf-aau0lct6 01.33966b10sb1 
0.2002171-0s
20197-09--2828  13:318:59.3357 21299 IN:FO te3mpest8.lib.co:mmo5n.re9st_.client 1[r8eq9-a fa2ec166299-79a3 IN5FO- t4emcpecstf.l-ib.ca3e1-c412ommon.resbt_ccl2iebnte [5reeq-d2c d8b044-]7b d0R-4e01q0-ub3ea8s-te50 9(0c28adc0 Crede]ntialsTestJSON:tearDownClass): 204  DRELeETqE uhtetps:t//1 0(Basic.245.168.66:O96p96e/vr2.a0/tsioenscuriIty-gmroups/42af328gesTaest:teafr-84DownCelass0):- 404 GET http:4//10.245.1d68f.702:9-92ac-02692/vd68e82f/313if 0.142s
mages/1d3c8c48-6b1a-440f-8940-e22cb0e1f9bb 0.019s
2017-09-28 13:38:59.212 21297 INFO tempest.lib.common.rest_client [req-8399f710-99ab-4783-8ca0-c8afb654e670 ] Request (BasicOperationsImagesTest:tearDownClass): 404 GET http://10.245.168.72:9292/v2/images/dcb91e9a-c164-40e8-9435-7aea72b87cf2 0.022s
2017-09-28 13:38:59.464 21297 INFO tempest.lib.common.rest_client [req-be962e36-3edb-4261-a52f-e9606d271213 ] Request (BasicOperationsImagesTest:tearDownClass): 204 DELETE http://10.245.168.68:35357/v2.0/users/85fd289be51141f9a94536105d7d656c 0.250s
2017-09-28 13:38:59.577 21299 INFO tempest.lib.common.rest_client [req-517b7ae5-6bfe-4147-a79f-7c5fc1228801 ] Request (CredentialsTestJSON:tearDownClass): 204 DELETE http://10.245.168.68:35357/v3/projects/77ee67fad6c74276acc88a747ff3e353 0.219s
2017-09-28 13:38:59.827 21299 INFO tempest.lib.common.rest_client [req-00c69475-6c28-4580-a887-14e42c7660bc ] Request (CredentialsTestJSON:tearDownClass): 204 DELETE http://10.245.168.68:35357/v3/users/6bece37cea5840e6a47e32906b45de4d 0.248s
2017-09-28 13:38:59.970 21297 INFO 201t7-09-28 1e3:38:59.986mpe 21s299 ItN.lFOi tembpest.lib.c.ommocon.rest_clmient mon.r[est_clreient [req-74q-05ea9660bede-f321a-4b0f-8e14-6-6f8b1ec56171-fa4026 ] Re0fq-8c75-bfu59ebfsb6t1d (BasicOperationsImaege8sT est:] Request (CrtedentialsearDToewstnJSCONl:taesarDso):w n2C0l0as Gs)E:T 2 00 htGEtpT :ht/t/10.p:2/4/510.16.284.56.1686.:6696:996966//vv22.0./0/sseecucriutryit-y-grgoruopupss??tteennaannt_itd=_eid=05bb693e02924be394f28895fdb9044dfa02d05ae35cde1c72101ec&name=defca5u8l0bta dc&n0am.e1=d5e8s
2017f-au0l9t-2 80. 51034:s3
92:00107-09.1-2268  123129:93 9I:N0F0O .t1em2p4est.l 212i9b7. coImmoNFnO. rtesempte_sctl.ient l[irebq.-c3obm7mboaa6bn-.9r1es7t9_-41cala-bi9e2nt8-30 f[2erfe1q7-e927768 d] R7equfes3t8-b (Cr0edd6e-nt4i8a4l1sT-e9s9tcJ6S-O103cN:31tfe1a5rDowacndC ]l asRse)q:u e2st0 4( BDasEiLcETE Ohtptepr:a/t/i10o.24n5s.1Ima6g8esT.e66:s9t6:9t6ea/rDovw2n.0Cla/ssescur)i:t y2-g0ro4up s/c3D8E9LEdT2E6 h1t-tf19p0-4:87/c-9/71c0.2e4-56.c1b6f8e.d6606:0f92659 6/0v2..01/s3e9sc
urity-groups/de9983f4-24ea-4d3a-a69c-5c980f732a78 0.152s
2017-09-28 13:39:00.347 21297 INFO tempest.lib.common.rest_client [req-4291075a1f78--200799-44d-f2-8 818ba-3d:b237f9e:d009.0f34556 ]  2R1eque2s9t9  I(NBaFsicOOp teemraptieosnts.Ilmiab.gceosmTmoesnt:.treesartD_colwineCnltas s[r)e:q -230f4 DELEcTE h6et4t7p:2-b7c4-4/7/918-09.32c4f5.1-6684.658c:d30e0535be857/v 2]. 0R/etqeuestn an(tCsr/edeent0ibab69l3s0T2e4b3s4t2J9SfOb0N4f:at0ed5c5a8r0Dbaodwc n0.C2l2a1sss
): 204 DELETE http://10.245.168.68:35357/v3/projects/5e29e9f885d94d20ae35cde1c72101ec 0.228s
22017-009-2817 -019-28 31:339:00.8:86 2132999: I0N0F.O8 86tempe 2s1t2.9l7 ibI.cNommFOon.rest_c ltienempte [resq-4te.9f0l1aib.4-0099-4324-90d7-718ca9c4eofm2meeo n] .Rerqeusetst_ (cDleifenat ul[trDeoqm-adi3n9T0es7t19JaS-aOfNd:3s-e4tUc4pfC-l91asfsc)-:6 2700913 e8P44OS2T7 7 h]t tRpe:/q/u1es0t. 2(4Bu5lk.N1etwo6r8k.6Op8s:5T0e00s/tv:3s/eatuUtpCh/tolkaess):n s2
00 POST http://10.245.168.68:5000/v2.0/tokens
2017-09-28 13:39:01.482 21297 INFO tempest.lib.common.rest_client [req-54dd2627-973a-4a4e-a92b-ccf4bf054a73 ] Request (BulkNetworkOpsTest:setUpClass): 200 POST http://102.012475-.10689.-6288 :501003/:v329.:001/.t50o7k ens2
1299 INFO tempest.lib.common.rest_client [req-63eedd1c-6191-4b9d-ab64-a9178e5e3261 ] Request (DefaultDomainTestJSON:setUpClass): 201 POST http://10.245.168.68:5000/v3/auth/tokens
2017-09-28 13:39:01.670 21297 INFO tempest.l2i017b2.-c0107o9--m02m89o n1-.32:39r8:e s01t13._:c6l37i95e:n0t1 . 26[1r72e79q 9-26 11I82N93F59O 7 I4NteF-eOc p1ma1pre3sam-ti4kod..blt0i-rb8a.7nascpo4om-rt cm[1-o]4 5nC9.or4nen7se1ct1_tcceddl ai (] eRevqneurtess it[ roenq(- 5B288.u20clk4,8Nb -e3ctliw2eo9nr5tk- O4dp1rs9oT2e-spta4b:5es3ae-rf_t2cUe0p1b85C4.l06a37sf)s)
:ae b20 ] 0R ePqOuesSt T(D ehftaulttpD:oma/i/n1T0.e24stJSON:2s05e1.t7-U091-pC2l8a 6s18s3.)::36 9:2010.7089 :G1 E3T25 1h23t9t5p5 :7/IN//v2F.0O/ tpa1er0na.n24a5mi.tk1s6 08o...6tr81:85a3n5ss3p5
or7/tv 3/d[om-a]in s?Anuathemen=tDefiauclatt i0o.n16 6(s
p2u01b7-l09i-2c8k 1ey3:3)9 :0s1.u8c1c1e s2s1f2u9l9!
 IN2FO0 t17empe-st09.-l2ib8. 1co3m:mon.3re9s:t01_.c7l95i 2e1nt2 [9req5- 59d97f15-INFO temfpeaa2se0t-143271--099.3-le2ib.c38-f 38eo1em83am:bdo133n3.9 s] s:Rhe0 q1[u-.e8]s8t2   (2Dse1sfaulh 293tc DIoomaniNnnFecOt iTpoenas rttaJomSi kOcoN.i:rtsrreoatnUss@p1Cp0loar.st2s 4)[5-:].1  72C0o1 nnPOSecT t3e.d 1(hv2ttep: r/ss/i10o.2n 2u.c0c4,e5 s.csflu1li6l8ye n.c6tr 8:e35a35t7edd/
rvo3/p20pb17re-oa0jr9_ec2-20t81s  501..631:37349s
):
012.901172- 02912-2985  I1N3F:O 3t9e:m0p1est..li986b .212c9om3mon .sIsNh [-FO]  Cpreaaramtinikog ssh. tconrnansporectiont t [o -]' 1Au0.t2he4n5t.ic1a7t3.1io2n: (22p'u abslick e'cirryo)s 's uwcicetshs fpublic kuel!
2y0 au17t-h09e-2n8 t1i3:3c9:0a1.98t7 2i1o2n9
32 017-INF0O9 -t2e8m p1e3s:3t.9:01l.920 2129ib5. cIoNmmFoOn .psasrh a[-m] iskso.htr conneanctiosn ptoor t [-]c iCornrneos@ct1e0d.245.173. 17 succe(svesrfulsliyo n c2.0reat, edcl
i2e01n7t dr-opb0e9-a2r_82 0115.673):
392:01072.-10099-28 13: 3219:022.9027 3212 95INF OIN FOt paerammpieksto..ltirab.nspcoortmm [o-]n .Authsesnht [-ic]at iCorn (peublaitcikneg sys)h c onsuncecectssifuoln! 
20t1o7 -'019-0.245.173.17:22' as 'cirros' with publi2c017-02 98k-2e 1y8 13 3:a:3u9:t3h02e.1n98ticatio9:n 
201297 I22N.0FO10 te7m3-pes0t.94- 2li28b1 12.9c5o mImN3oF:nO.r3e9 st:0et2_.1c1lmp4ie est2n1.lt2i b9[.3 IrecoNqmF-dOeb mpona.srsh0fa2m20ik o[.--t] ssrh coannecntisonp5o55r ttf -o[4 c-dd]c -iC8ornane2e-rcaos3t6@5b1eeb0.7d1da1  ]( 2vReeqr4use5isto (Bnul .kN2et.10wor,k7 O3.cp12sl iseuTcestn:sctet UpCesdlsfrulolaysp csbr)e:ea 2r0a_0 2tPOS0Te1 http5:/.20176-097/-)d
2821 
01031.7:-39:020.232944- 22581. 2919 3IN:FO3 t91e6:m80p.2.e6s258t:6.3 l251ib23.95c3o7 ImmNon/vF2.rOes t_p.ara0/mciuksers ol0..51tir7s
a20n1es7-pno09r-2tt8  13[:39-: ]02 .[A18ur9 t2ehq-12en89t1di7cca ItN5iFOc28o tnem pe(-3pstu4.1cb7-l43iomcmok98-en.aydy)a nas9m9uicc_-cc5er7sesds 0[f-]b A35ub0lc29!qd
f 2u0]i1 Rr7ee-dq dyna0mi9c cr-ed2use8:s t (
1 c3D:ef3au9lt:rDoe0ma2inT.de2nt8ialses4tJ SO2N::1set2 C9U3pC relINFasOs) d: t20e1 mepPeOnsSttT .hilttalisp::/b/. c10o{.m2'mu4s5o.1n68e.r.6n8s:sa3hm5 e3['5-:7] / uvs'3t/seuhsm eprsecs otn-0ne.c5t1ion 1Btusol
2k N0ce1t7iw-orrr0ok9sOp@s1-T0e2.s2t485 -.16318873:436.3371917': 0,s 2.'pru4oj1ce7cc et2s_1s2n9a9mfe uI'Nl:Fl Oyu  'tcteremempapestete.sldti
b-B.ulkNceotmwormon.krOepsst_Tcelsite-n6t3 8[8r4eq-6f30761'b5,2 '6ucs-ee4ra_3id-'4:f fu1'0-f9869488-724282bbe4b3e4e2cb40990c22 0]0 6R5eeqb9ue4st4 8(dD2efda', u'tlentanDt_omnaamien':Te sutJSON't:sempeetsUptC-lBauslsk):N et200w oGrEkTO phtsTtep:s/t/-631808.244653.7116'8.68:,3 '53t5en7a/nvt3_/irdo'l:e su 0'.b61209e2bs1
322801a7e-4009fab4-2c82 e163a:53898:0e2d.44b4c 023', 1'2p9r9o jeIcNtF_iO d't:e mpesu'tb.6l1i2be.bc1om328maoen4.0fraest_bc4lci2e6ean588etd b[rc03'e},q -N3fectworb9k: N2one,1 cS-du7ebnedt: -N4o5ne9,6 -R8o3e9u-cbt8er: a97aN3f8o02n ] eR
eq2017-0ue9-2s8t 1 3(:3D9:efa02u.l19t0 21Dom2a9in7 TINesFOtJS tONem:setpUpeCslta.csosm)m: o2n.0dy0n aGEmTi hc_crttep:d/s/ [-] 10C.r2e45a.t1e6d8 .is6ol8at:e3d5 3n57et/wvo3r/kr roeslouercses  0for. 0:2 6
 sc
r2e0d1e7n-t0i9a-l28s :13 :Cre3d9enti:als0:2 .5{78' us2e1r2n9a9me' :IN FuO' tetmepemspet-Bsutl.klNiebt.wcoomrkOpsTesmotn-.6r38e8s46371t'_c,li e'pnrt o[jreecq-t1_6n2ambeb'0: 31-u2e'3tb-e4m7pes8t2--bB9u4lak-dN35e0tcw4o0r9k317Ocps Test-6]3 8R8e4q63u7e1st' (, D'efuasuelrt_idDom': u'a0ifn8T98e2st2J2bb4SON:se34t2UpbC0l9c200a6s5se):b944 8204 dP2d'U,T  h'ttpt:/e/10.2na4n5.1t6_8na.6m8e'::3 5u3'5t7em/vp3/epsrto-jBeucltksN/e4btew8oar5kOp4sTeset9-1fc6348d78f4a906241337d10'a,5 '9t3efcdna/nuts_ierds':/ 8cue2c3c'03b6612a24eefb17395258da7e2640a3afa9be42cb521/rolee6s/2a4f1d5f38398df84e6d9bcbc500d93e'93, 0'p00rcoje8cfetc 0._133ids
20'1:7-0 9u'-28b 6113:23eb139:02.5792 82a1e42099 INfaFbO 4tce2em6paes58t.8ceodmmobn.cdy0n3'},ami c_creds [-] Acquired dynamic creds:
 credentials: Credentials: {'usernNaemte':w u'otermkp: Nonee,s t-SDuebfanuelttD: Noonmea, inRToutester: JSON-N2on3e06
620709817'-,0 9'pr-2o8j 13:e3c9:t_0n2.79a0 m21e2'9:7  INuF'Ote mtpeesmtp-esDt.leifbau.lcomtmDoonm.arineTestJSON-2306607s9t8',_ c'liepnt r[orjeeqc-t8_3dcom3a6ci82n-_dida0'b:- 4u'9daebf-abul8tc'0,- f'u5s57era_22dfo9m7a3ian _i] dR'e: uq'udeesfta u(Bult'l,kN et'wtoenrkaOnpt_sTesit:ds'e:tU puC'l4abe8a54ses9)1: 2f0c04d 7PfOaS9T0 2h4t1t3dp0:a//51903.f2c4d5'.,1 '6u8s.e68:50r0_0dom/v2a.i0n/t_onakmeen's:
 u'Default', 'domain_name': u'Default', 'tenant_name': u'tempest-DefaultDomainTestJSON-230660798', 'user_id': u'8ce2c3c0362a4ef7955d726a3a9e2b51', 'project_id': u'4be8a54e91fc4d7fa902413d0a593fcd', 'domain_id': u'default', 'project_domain_name': u'Default'}, Network: None, Subnet: None, Router: None
2017-09-28 13:39:02.579 21299 INFO tempest.common.dynamic_creds [-] Created isolated network resources for : 
 credentials: Credentials: {'username': u'tempest-DefaultDomainTestJSON-230660798', 'project_name': u'tempest-DefaultDomainTestJSON-230660798', 'project_domain_id': u'default', 'user_domain_id': u'default', 'tenant_id': u'4be8a54e91fc4d7fa902413d0a593fcd', 'user_domain_name': u'Default', 'domain_name': u'Default', 'tenant_name': u'tempest-DefaultDomainTestJSON-230660798', 'user_id': u'8ce2c3c0362a4ef7955d726a3a9e2b51', 'project_id': u'4be8a54e91fc4d7fa902413d0a593fcd', 'domain_id': u'default', 'project_domain_name': u'Default'}, Network: None, Subnet: None, Router: None
2017-09-28 13:39:03.106 21299 INFO tempest.lib.common.rest_client [req-503b9084-6007-4152-a218-01dff53d2afc ] Request (DefaultDomainTestJSON:setUpClass): 201 POST http://10.245.168.68:5000/v3/auth/tokens
2017-09-28 13:39:03.284 21299 INFO tempest.lib.common.rest_client [req-d29fffdc-b812-4571-b6c9-5c789d526755 ] Request (DefaultDomainTestJSON:setUpClass): 201 POST http://10.245.168.68:35357/v3/projects 0.177s
2017-09-28 13:39:03.759 21299 INFO tempest.lib.common.rest_client [req-81c8c81b-b961-4a9a-a58e-31c2d1d5a032 ] Request (DefaultDomainTestJSON:setUpClass): 201 POST http://10.245.168.68:35357/v3/users 0.473s
2017-09-28 13:39:03.822 21297 INFO tempest.lib.common.rest_client [req-efacda2c-fc58-42a9-9abc-60024f0f6884 ] Request (BulkNetworkOpsTest:test_bulk_create_delete_network2)017-09-28 13:39:03.862 21299 INFO tempest.lib.common.re2:0s1 t7_2c-0l09i1-e2n 8tP  O[1Sr3T: eqht3-t89pa::/0a/3f1.38048.2125 -274a51d.2191-6348 a.I8N68F-6Oa: e956d9te-b6mf/pdv2ea.asd92t4.502/lani e]bt .wcRoeorqmkues sm1t o(.Dne0.f2raeu8sltstD
_omacliienTnte stJ[rSOeN:setqU-p8Cl7afss):3 2d00f G8ETe -ht3atfp5:-/4/91406.24-58.1f684.68:3d53-50f9420417-0197/v-f238/ c1r3:ob3l9es :07035..9136 40] 22s
1297 INFO tempest.lib.common.rest_client [req-7 cRb48f91-9e9qeauest (TestV-olumeBootPatternV2:_r4un_6cleanups6)7: 202 DELETE -853ht7tp://-150.245.12734201499 ] R16e8q.74:8774/v2/9826u9b5dest (Bcu3lkNectweorkOpsTest4:test_bulk_creat8e_delete8_netw201o7-0r9-88k28 )13:3:9b0 :042.0106 20129 5aG IEN0TFO tem phestt.litb.compe52:mon.r/803/est10_2.cli2e4n6450e/t .[r1eq-56a8os-f.266286da-l:oat9ing-f26e9-94a62a-9/271-0vd99a32ip.s/60fe3/fa4n4-be76c2t0017wo-cr0ks9- d3208 1.3b51:349:02-4.0s ]49
 21299 INFO tempest.lib.common.rest_client [req-d3f205db-ff0c-4c7a-9c0c-fc067fb2ee95 ]4677-b335-ec79cfeada77 1.568s
2017-09-28 13:39:04.026 21293 INFO tempest.lib R.cequoest m monRequest (D(.Tesresefaultt_tcliVoentlu [reDqmeB-om2ootePat6terdn:_crun6_cleeanu1ps):- 20fc2a2 4DE-LETE htt4pdf6-ainT2desetJS-fa33ON5590d1:s91 ] Rete:quUest pC(//1Tlae0.ssst24V)ol: u5m.eBoo204 P1tP68attern.7V4:87274/v:2/8e0b_runU_73cTleanups h)tt: p:20//410 D.2EcLE4T5e8E6c0 ht.1t68p.6:/8:/3104.53572/v3/4proje5.15689.3ct7s/40b:a87d74/a9v2/6be98226904b45dceb3ce7c488683c985cb0a70e5b/208o03264s04e-fl/oatser6veinrg-isps//63c5eb34871936b-6a7848e9617-3ff8-40e-249389--8b24aa0a84e8a0d7e-2-c1580d8e2e1d8d53394d383 01.9c d057.164/us4ers
s
s/91880d2e72894622aeee08838bdc780e/roles/e6b642fd56384bc3be9213b12a3bbbbb 0.187s
2017-09-28 13:39:04.050 21299 INFO tempest.common.dynamic_creds [-] Acquired dynamic creds20:17-
09-28 13:39:04.169 21295 INFO tempest.lib.com mocn.rrest_cedentials:lie Crnt [req-37e3e3adbe6-3546n-t49i4da-9lbs6: {9-'userfname'30ec7f06436 ]: u'tempest-Def aRultDomaiequnTeest s(TtestVJoSON-11l77685u3m3eB3oot'P,at te'rnp:_rruojn_ecclt_eannuaps)me':: 2 04u' DtELeETmpeE sht-ttp:Def//10a.2u45l.1t68D.74o:8m77a4/vi2n/8Tee0sb7tJ3cSe86Oc0N45-931a177a966b85e0334e3'7c,6 3'pr5cobj/seerctver_s/d2o23m0a11f7i-n87f_08-ia2d9b'-7:2 8 u-1'43d:1e3f6a9eu:-bl045t.c5'2-240, d52f1 290'35 ud8Is9NfF7eO 2rt 0_e.1dm51opses
mta.in_liibd.co'm: muo'dne.frauelst't, _'ctleineanntt_ id['r:e q-u3'c0b6d424ccbec89-70c46428a6ab-84646-a493e3-3884a0a5443e3db16840d 7]d dR6', 'usere_questd (oTmeasitnV_onlaummeeBo'o:t Pu'DatteerfnaV2:_run_uclleanupts)':,  2'0d0 GoETmai hnt_tnamp:e//'1:0 .u2'4De5.fa1ul6t8.74:'8,77 4'/v2/9t8e26n9ab5ndtc_n3acmee4'8:8 8u8'bt0ea0e5mp280326est40-e/servDeersf/5b37196b-a7u8el1-4t989D-ao8ae-m5a88e1i8d5330nTc 0.213ess
tJSON-1177685333', 'user_id': u'91880d2e72894622aeee08838bdc780e', 'proje2ct_id0'1:7-09-28  u'01b3d:3249b:c90740.4367478 62a81295434 aIN0a4eF8O0 dtempes7t.ldid6b.'c,o m'dmoon.rmaiens_ti_dc'l:i eu'ndte f[areq-ul2tf', 'p57r8o5c2-jee2ct5_0-do4m1a32-ai0n_nabme6-e'b41: b5a87ud65' D] eRefaquulest t('T}est,Vo lNuemtewBoorok:t NonPatteren:,_run_c lSeuabnuneps):t : 2N00o nGeE,T ht tp://1R0ou.te2r45.:1 6N8.o74ne:87
27041/v72-09/-82e80b7 31c3:e863c049:50943a.0a9650be04e7 c2126359cb/9 sINFeO rvetrse/m231fpes8t7.f8c-ao2bm7m-416oen-.b5dcy5-n2adm5fi0c5_cd89rfeds72 0 .[2-0] C6rse
ated isolated network resources for : 
 credentials: Credentials: {'username': u'tempest-DefaultDomainTestJSON-1177685333', 'project_name': u'tempest-DefaultDomainTestJSON-1177685333', 'project_domain_id': u'default', 'user_domain_id': u'default', 'tenant_id': u'0bd24bc97046486a8434a0a4e80d7dd6', 'user_domain_name': u'Default', 'domain_name': u'Default', 'tenant_name': u'tempest-DefaultDomainTestJSON-1177685333', 'user_id': u'91880d2e72894622aeee08838bdc780e', 'project_id': u'0bd24bc97046486a8434a0a4e80d7dd6', 'domain2_017-09-28 13:39:04.646 21297i INFO tempdest.lib.common.rest_client ': u'[req-78c65d1ec4-4fau1lt'9c-, 'proj4b77-81e0f-ct_d2c9omain_n1ame'e: u6'4D9b3b1 ] Reqefault'}ues, Nt (BeultwkNetoworkOpsrTest:k: No_ner,u Subnet: Non_cne, Roleanups): 204uter: No ne
2017-09-DELETE28 13:39:04.636 2 1299 http://10.245.168.66:I9696/Nv2.F0O/ tneemtpewsot.lirbk.sco/cmemaon4.freefs2t-_6c9l8i7e-n4t7 [a6r-ae3qc-904f7-1c657cdf6556-03e3520-435d-83857- 79280a.367b8sc
6930 ] Request (DefaultDomainTestJSON:setUpClass): 201 POST http://10.245.168.68:5000/v3/auth/tokens
2017-09-28 13:39:04.784 21299 INFO tempest.lib.common.rest_client [req-b9f90b19-a8bd-46a6-8b3f-5b4f899aa7c8 ] Request (DefaultDomainTestJSON:test_default_domain_exists): 200 GET http://10.245.168.68:35357/v3/domains/default 0.145s
{3} tempest.api.identity.admin.v3.test_domains.DefaultDomainTestJSON.test_default_domain_exists [0.147924s] ... ok
2017-09-28 13:39:05.059 21299 INFO tempest.lib.common.rest_client [req-16847f0e-f583-4e14-a12e-367bea1ace3c ] Request (DefaultDomainTestJSON:tearDownClass): 204 DELETE http://10.245.168.68:35357/v3/users/91880d2e72894622aeee08838bdc780e 0.273s
2017-09-28 13:39:05.271 21297 INFO tempest.lib.common.rest_client [req-de03328f-0cc9-43ae-9514-c295014b9018 ] Request (BulkNetworkOpsTest:_run_cleanups): 204 DELETE http://10.245.168.66:9696/v2.0/networks/b2d86152-ed16-4dba-a98c-c43d68c2405f 0.621s
2017-09-28 13:39:05.391 21293 INFO tempest.lib.common.rest_client [req-6e6e2ef3-27f3-4be9-9725-232051b7-c0890-c2f8 5184 3:]3 R9eq:u0e5s.t 4(2T1e s2t1V2o9l7u mIeNBFoO toetPmpeasttter.nlVi2b:._cormumno_cln.eraenst_upcsl)i:e 20n0 t [GErT ehq-ft030ctpf:0/b/10-.551224-544.e1f68-.a74f:8c7754-/0v27/9f82269b25d9fc63ceb4bd8e 8]8 8b0a0e52Re8q0u32e6st4 0e/se(rBvuersl/k5b3N7e19tw6bo-r7k8eO1-498ps9-Tesa8aet-:5_8ru8ne_1c8ld5e3a30ncup 0s.)133:s 
200 GET http://10.245.168.66:9696/v2.0/networks 0.149s
{2} tempest.api.network.test_networks.BulkNetworkOpsTest.test_bulk_create_delete_network [2.631192s] ... ok
2017-09-28 13:39:05.626 21299 INFO tempest.lib.common.rest_client [req-de1037c7-b2c8-4d2d-af48-25620cdcd37b ] Request (DefaultDomainTestJSON:tearDownClass): 201 POST http://10.245.168.68:5000/v3/auth/tokens
2017-09-28 13:39:05.673 21297 INFO tempest.lib.common.rest_client [req-6ef60815-f667-4602-9b0c-181d09dfa9b3 ] Request (BulkNetworkOpsTest:test_bulk_create_delete_port): 201 POST http://10.245.168.66:9696/v2.0/networks 0.246s
2017-09-28 13:39:05.848 21295 INFO tempest.lib.common.rest_client [req-e5309180-13d0-4c33-aa06-968b2f3b2a29 ] Request (TestVolumeBootPattern:_run_cleanups): 200 GET http://10.245.168.74:8774/v2/8e0b73ce86c04593aa96be04e7c635cb/servers/231f87f8-a2b7-416e-b5c5-2d5f05d89f72 0.438s
2017-09-28 13:39:06.009 21297 INFO tempest.lib.common.rest_client [req-cf16b43b-d839-4a8c-8eca-57f953912738 ] Request (BulkNetworkOpsTest:test_bulk_create_delete_port): 201 POST http://10.245.168.66:9696/v2.0/networks 0.335s
2017-09-28 13:39:06.079 21299 INFO tempest.lib.common.rest_client [req-42d6bef6-5812-475d-8060-265988c8ed24 ] Request (DefaultDomainTestJSON:tearDownClass): 200 GET http://10.245.168.66:9696/v2.0/security-groups?tenant_id=0bd24bc97046486a8434a0a4e80d7dd6&name=default 0.452s
2017-09-28 13:39:06.219 21299 INFO tempest.lib.common.rest_client [req-c10a50fc-51f3-4a36-9574-8e43274e0c0b ] Request (DefaultDomainTestJSON:tearDownClass): 204 DELETE http://10.245.168.66:9696/v2.0/security-groups/e277fb9b-4c2a-45b0-a8cb-6e4e5d4bf9c7 0.139s
2017-09-28 13:39:06.448 21299 INFO tempest.lib.common.rest_client [req-bea64d37-b632-44c4-a1a0-d4528d87dc69 ] Request (DefaultDomainTestJSON:20tear1D7-ow09n-Cl28 a1s3s):39:: 02064.474 2 1D2E9L3ETE  IhtNFtpO:/ /t1e0m.p2e4s5t..l1ib6.8c.o6mm8o:n353.5r7e/vs3/tp_clrienotj e[ctrs/e0qb-df224bf9c798a70456-438c66a88-4456304-9a200aa4-ea8e0eda7dd6a 760.2b2606sf
e ] Request (TestVolumeBootPatternV2:_run_cleanups): 404 GET http://10.245.168.74:8774/v2/98269b5dc3ce48888b0a0e528032640e/servers/5b37196b-78e1-4989-a8ae-588e18d5330c 0.065s
2017-09-28 13:39:06.578 21293 INFO tempest.lib.common.rest_client [req-60b410b8-8943-4399-a785-952316ab3836 ] Request (TestVolumeBootPatternV2:_run_cleanups): 202 DELETE http://10.245.168.64:8776/v2/98269b5dc3ce48888b0a0e528032640e/volumes/4862af0c-cecb-46b4-8c81-9a550fcc262e 0.103s
2017-09-28 13:39:06.660 21293 INFO tempest.lib.common.rest_client [req-02575b79-88c5-4d89-b06c-3dee2caac575 ] Request (TestVolumeBootPatternV2:_run_cleanups): 200 GET http://10.245.168.64:8776/v2/98269b5dc3ce48888b0a0e528032640e/volumes/4862af0c-cecb-46b4-8c81-9a550fcc262e 0.080s
2017-09-28 13:39:06.717 21299 INFO tempest.lib.common.rest_client [req-f297a0f9-7be7-409e-918c-088c90abf0bb ] Request (DefaultDomainTestJSON:tearDownClass): 204 DELETE http://10.245.168.68:35357/v3/users/8ce2c3c0362a4ef7955d726a3a9e2b51 0.267s
2017-09-28 13:39:06.879 21299 INFO tempest.lib.common.rest_client [req-649d9ebe-b767-4555-beb2-ee369cd26229 ] Request (DefaultDomainTestJSON:tearDownClass): 200 GET http://10.245.168.66:9696/v2.0/security-groups?tenant_id=4be8a54e91fc4d7fa902413d0a593fcd&name=default 0.161s
2017-09-28 13:39:06.943 21295 INFO tempest.lib.common.rest_client [req-079d39f7-4bf7-4df2-862c-367557bec03d ] Request (TestVolumeBootPattern:_run_cleanups): 404 GET http://10.245.168.74:8774/v2/8e0b73ce86c04593aa96be04e7c635cb/servers/231f87f8-a2b7-416e-b5c5-2d5f05d89f72 0.058s
2017-09-28 13:39:07.019 21299 INFO tempest.lib.common.rest_client [req-d7b051ea-fa18-489a-b33e-5ae1e6ad0fce ] Request (DefaultDomainTestJSON:tearDownClass): 204 DELETE http://10.245.168.66:9696/v2.0/security-groups/5b973586-2c09-4208-92d017e-0a9--52984 5210d38:ce630 9:00.7.047 2138s
1295 INFO tempest.lib.common.rest_client [req-dca1e717-424a-4cf1-9baf-8aeab45f234c ] Request (TestVolumeBootPattern:_run_cleanups): 202 DELETE http://10.245.168.64:8776/v2/8e0b73ce86c04593aa96be04e7c635cb/volumes/a0a247d0-393f-4b2e-93d8-51b37ed3f356 0.101s
2017-09-28 13:39:07.125 21295 INFO tempest.lib.common.rest_client [req-65a64259-698d-4487-83f7-0584fc001edf ] Request (TestVolumeBootPattern:_run_cleanups): 200 GET http://10.245.168.64:8776/v2/8e0b73ce86c04593aa96be04e7c635cb/volumes/a0a247d0-393f-4b2e-93d8-51b37ed3f356 0.076s
2017-09-28 13:39:07.229 21299 INFO tempe201s7-09-t.l2i8 b13.com:39:mon07..res23t5 21_cli29e7 nt I[NreFO tq-5b66d8e78-ba20-4a13-973mpest.lc-ib.common.erest_clie97279na828tb5 ]  [Requerst (DefaultDomaineq-T5edsbecbbd-c163-4d9f-af27-ctabJS1ON:tearDo1bbdc48wd n] ReCqlass): ue2st (BulkNetworkOp0sT4e st:tDeELETE https:t//10.245.16_bulk_8.68:353create_de5lete_po7/vrt): 203/proje1c ts/4be8a54eP91fc4d7Ofa9024ST1 3dhttp:0//a10.245.1685.966:936f96/v2.0/pcord 0.206s
ts 1.224s
2017-09-28 13:39:07.319 21297 INFO tempest.lib.common.rest_client [req-feb1d4fa-9b71-44d8-9e6d-2d5271554baf ] Request (BulkNetworkOpsTest:test_bulk_create_delete_port): 200 GET http://10.245.168.66:9696/v2.0/ports 0.080s
2017-09-28 13:39:07.698 21297 INFO tempest.lib.common.rest_client [req-aca1a45d-1614-41bb-917c-2d5cb2074533 ] Request (BulkNetworkOpsTe2s0t:1_r7un_c-l09e-28a n1u3p:s):3 2904 :D0E7L.7E1T9E  2h12ttp:9/3 /I1N0F.O t24e5.16mpe8s.t.li6b.6:969c6o/v2.mmo0/npo.rtsres/83t_cl1i9e10nftb -[20r17-097e-28 eq1-3:4d43967b:a071-8.376-4a35 21299 Ie6N2F-O47 7dt58--e99cmd9pefb9-s7td.6-80li5edb.0cco0fame2mof0n .r6]5d e7Ref85 qsu0.ets37t6_ s
(cTelsiteVnotl umeB[oreqo-a7b2tPat3t5edr5n-3Vc2f:3-_4r8uen9_-c9le4b7-8an9u3pasb)4a:c8 d4a04 5GE T]  hRettp:/qu/e1s0t. 2(4E5n.d1P6o8i.n64t:s8T7e7s6/tvJ2/9S8O2N6:9bse5tdUcp3Ccle48a8ss8)8:b 02a001e 5P28OS0T3 2h6t4t0pe://v/ol10.u24m5.1e6s8/.4688:625af000c-0ce/cv3/abut-h4/6tb4o-k8ecn8s1-
9a550fcc262e 0.055s
2017-09-28 13:39:07.817 21293 INFO tempest.lib.common.rest_client [req-894b8756-a24b-41cf-bba8-53b9e76caf19 ] Request (TestVolumeBootPatternV2:_run_cleanups): 202 DELETE http://10.245.168.64:8776/v2/98269b5dc3ce48888b0a0e528032640e/snapshots/e71d91dd-eaa9-4d98-afde-4efe2010de34 0.096s
2017-09-28 13:39:07.857 21293 INFO tempest.lib.common.rest_client [req-0ad8638d-fe98-4582-bcc7-b733148bf672 ] Request (TestVolumeBootPatternV2:_run_cleanups): 200 GET http://10.245.168.64:8776/v2/98269b5dc3ce48888b0a0e528032640e/snapshots/e71d91dd-eaa9-4d98-afde-4efe2010de34 0.038s
2017-09-28 13:39:08.082 21297 INFO tempest.lib.common.rest_client [req-48edc21d-cb70-42c6-82d6-af7f583ec68d ] Request (BulkNetworkOpsTest:_run_cleanups): 204 DELETE http://10.245.168.66:9696/v2.0/ports/63b93a1e-7a1c-40bb-b77d-e8ded58fa912 0.382s
2017-09-28 13:39:08.119 21297 INFO tempest.lib.common.rest_cl20i1e7nt- [r09e-q28- 51a2c3bf:43b9:-f078.e1c7-2 42a1829d5 I-NFaO deet-e6mcp8e7st2.la7ib3.com35m5ob ]n. Reqreuesstt _(BcullikenNt e[rteqw-o8336rckceOpa-s3T6es1tb:-_4r8u7nf_-cal5e7a8n-u3pf35sb)6:f 2a050f GccE T]  hRettp:q/u/e1s0t. 2(4T5es.t1V68o.l6u6m:e9B6o9o6t/Pvatte2.r0/npo:r_trsu 0.n03_c6ls
eanups){2} tempest.api.network.test_networks.BulkNetworkOpsTest.test_bulk_create_delete_port [2.697211s] ... ok
: 404 GET http://10.245.168.64:8776/v2/8e0b73ce86c04593aa96be04e7c635cb/volumes/a0a247d0-393f-4b2e-93d8-51b37ed3f356 0.045s
2017-09-28 13:39:08.274 21295 INFO tempest.lib.common.rest_client [req-22a49c41-597a-47f7-b7d6-07d7e22a5aaf ] Request (TestVolumeBootPattern:_run_cleanups): 202 DELETE http://10.245.168.64:8776/v2/8e0b73ce86c04593aa96be04e7c635cb/snapshots/1b3d0b43-04d9-40a0-b85220-17-309-284 13:39:008.345 212979 INFO tempest1.lib.common.rest_cld4a8ien1t [r52 0e.q098s
2-0d1e7-e5093f7-794-2d-28 41315c:-839:0c85.031-7f7d4 2132295 I3NFO b82ed02t1 e7m]-p 0e9Re-squ2t.8el si1tb3 :(E3.n9cd:oP0mo8mo.in3n.8tsr7T e2ess12tt9J_cli7SON e:setnIt N[UFreOpq Ctlae-7dm76psesfst.dld3i-)bea.f5c-47o9dm:m o-n2.0ber1e sPbtOe_S-cT1l 5ih6ettnp:t/f/ 0[1r20ee.qc2-45b.f1cf6d24c 78.]668:2 Rfe5-qu20080/es2fv3-/a4t (8Te4su0tV-th/aolcto5keu5ns
m20-178-099-428f 123:e4391Beo:08.637oe5tc 2Pa1a 2]tt 99R eqeurIenNs:t_Fr un(O Bt_emupelckstNleae.ltniwupso)br:.k c200 GoETOp mshtTtpmeso:t//:n.res1te0t_.24s5.ct1lie_nt68.b6 [reu4q-:3a8l277k96ced_8/-375cb-vr4fe542-9a/a8t8-11e78c4fe_0bd90e73cee4l86c6e6 ] 045Retq9eue3_aass96tubeb04 ne(7Ecne635t)cb/d: sn2Papo0sh1in tosTePstJSONOtsS/1b:seTt3d Uh0ptbC4lats3sp-0)4: 2:00 G/ET /hd1tt09-p.40a:0-b8522//1-34071d4a81502 40.2455...1681.068:3653398s
57./v636/do:96ma9i6n/s?v2n.ame=0D/efault n0e.0t28ws
or2k017s- 09-028 .12364s:
39:08.499 21299 INFO tempest.lib.common.rest_client [req-f556e7be-1677-4d58-9325-d9e0d12cdff6 ] Request (EndPointsTestJSON:setUpClass): 201 POST http://10.245.168.68:35357/v3/projects 0.123s
2017-09-28 13:39:08.622 21297 INFO tempest.lib.common.rest_client [req-a7f69e32-d191-4d18-a406-943ff39a6710 ] Request (BulkNetworkOpsTest:test_bulk_create_delete_subnet): 201 POST http://10.245.168.66:9696/v2.0/networks 0.230s
2017-09-28 13:39:08.900 21293 INFO tempest.lib.common.rest_client [req-b1aa405f-3183-4dfc-9237-01f8669ec46f ] Request (TestVolumeBootPatternV2:_run_cleanups): 404 GET http://10.245.168.64:8776/v2/98269b5dc3ce48888b0a0e528032640e/snapshots/e71d91dd-eaa9-4d98-afde-4efe2010de34 0.040s
2017-09-28 13:39:08.974 21299 INFO tempest.lib.common.rest_client [req-d1ee496d-5fa1-425a-b3f6-8debaffc40f4 ] Request (EndPointsTestJSON:setUpClass): 201 POST http://10.245.168.68:35357/v3/users 0.474s
2017-09-28 13:39:09.069 21299 INFO tempest.lib.common.rest_client [req-87f1f5ea-cb38-4d0f-b0e2-de5e0e73bac7 ] Request (EndPointsTestJSON:setUpClass): 200 GET http://10.245.168.68:35357/v3/roles 0.093s
2017-09-28 13:39:09.166 21299 INFO tempest.lib.common.rest_client [req-51085f14-481e-420e-9e5f-039f8d33f846 ] Request (EndPointsTestJSON:setUpClass): 200 GET http://10.245.168.68:35357/v3/roles 0.096s
2017-09-28 13:39:09.298 21299 INFO tempest.lib.common.rest_client [req-ca8bb27c-fa2e-4062-b153-602b97b1502f ] Request (EndPointsTestJSON:setUpClass): 204 PUT http://10.245.168.68:35357/v3/projects/6291ba07391642409901c1669ddd0f1e/users/3a251c9d30c644519958018aba986a1d/roles/24f1df3839df469cb50d9e93000c8fec 0.131s
22001177--0099-2-8 2183 :3139::0399.:20998. 326102 9291 2I9N5F O ItNeFmO tepmespte.scotm.mloin.bdy.ncoammmon.reisct__ccrleidesnt  [[-] Arceqqu-i4rde9d5 2d17yanami-c1456 -c4rde1des-:949
 cred0e-nti8al5sc:f7e2 Credde6n3ti52als: ]  {Re'queusesrntame':  (uT'etsemtpVeosltu-mEenBdoPootPinattstTeesrtnJS:_OrN-u1n_cl104e3a47n8u9p5's):,  2'00p roGjEeTct h_tntapm:e/'/:1 0u.'2t4e5m.p1est6-E8n.d64P:8o7i7n6t/vsTes2t/J8e0SbO7N3-c1e8160c0443549738aa9695b'e,0 '4pero7jc6e3c5tc_bd/osmnaapisnh_otid's:/ 1ub'3ded0fba4u3l-t'0,4 d'9u-ser_dom4a0ina0-_idb'8:5 2u-3407'1dd4ea81f5a2u l0t',. 0'4t3esn
ant_id': u'6291ba07391642409901c1669ddd0f1e', 'user_domain_name': u'Default', 'domain_name': u'Default', 'tenant_name': u'tempest-EndPointsTestJSON-1104347895', 'user_id': u'3a251c9d30c644519958018aba986a1d', 'project_id': u'6291ba07391642409901c1669ddd0f1e', 'domain_id': u'default', 'project_domain_name': u'Default'}, Network: None, Subnet: None, Router: None
2017-09-28 13:39:09.299 21299 INFO tempest.common.dynamic_creds [-] Created isolated network resources for : 
 credentials: Credentials: {'username': u'tempest-EndPointsTestJSON-1104347895', 'project_name': u'tempest-EndPointsTestJSON-1104347895', 'p2ro0j1e7-c0t9_-do2mai8n_ 1id3':: u3'9d:09.599ef 2a1u29l7 tIN'FO,  te'mpuesst.elib.cro_mmond.reosmaint__icdli':e nut' de[rfaeuql-1t23'52,85 7-'ten4ant7_34-4id6'7:1 -b9uef-9'6b27239291cd4bf6 a] 0Re7qu3e9s164t2 4(099Bul0kNe1ct1w669dddo0fr1ekO'ps,Te st:'ustere_dsto_bumlkai_crnea_ten_damee'l: eut'eDe_sufbnaetu):l 2t01' , P'dOSoTma inh_ntamtep'://:10 .2u45'.De1fa6ul8t.'6, 't6:en9a6nt_na9me6':/ uv2.0't/esubnmetpests- E0nd.9P75soi
