2018-10-04 09:49:45.824 5037 INFO tempest.lib.common.rest_client [req-04eb2b5e-9eb8-4917-9696-f9c4cbbeaeda ] Request (RoutersTest:test_add_remove_router_interface_with_port_id): 200 GET http://10.245.168.43:9696/v2.0/ports/7050ab8e-876f-44c1-bbfc-06f7ef05d0cb 0.072s[00m
2018-10-04 09:49:45.991 5040 INFO tempest.lib.common.rest_client [req-157f6bdd-bfab-4242-9074-37a3aacec31f ] Request (TrustsV3TestJSON:setUp): 201 POST http://10.245.168.46:5000/v3/auth/tokens[00m
2018-10-04 09:49:46.081 5040 INFO tempest.lib.common.rest_client [req-11d79852-5679-45a1-aef2-3507a896a6e1 ] Request (TrustsV3TestJSON:setUp): 201 POST http://10.245.168.46:35357/v3/projects 0.089s[00m
2018-10-04 09:49:46.465 5040 INFO tempest.lib.common.rest_client [req-7a1b1e8c-87e3-4ddc-96e0-ef4a7e5e3cac ] Request (TrustsV3TestJSON:setUp): 201 POST http://10.245.168.46:35357/v3/users 0.382s[00m
2018-10-04 09:49:46.510 5040 INFO tempest.lib.common.rest_client [req-d70c6447-e69d-4f41-a0b7-91e2609a6df4 ] Request (TrustsV3TestJSON:setUp): 201 POST http://10.245.168.46:35357/v3/roles 0.043s[00m
2018-10-04 09:49:46.555 5040 INFO tempest.lib.common.rest_client [req-144c561f-d0b4-43b8-8a27-a75b25eefaa2 ] Request (TrustsV3TestJSON:setUp): 201 POST http://10.245.168.46:35357/v3/roles 0.043s[00m
2018-10-04 09:49:46.618 5040 INFO tempest.lib.common.rest_client [req-c9ea751e-16ab-4d7e-a922-d47ca4d3064b ] Request (TrustsV3TestJSON:setUp): 204 PUT http://10.245.168.46:35357/v3/projects/92ff7b61405e4a1dbcb6dd74fe8b6849/users/4a29d65f622745f28591de23c6d49a4d/roles/e8f0098ad6cf4ca7a078a2761364752b 0.062s[00m
2018-10-04 09:49:46.681 5040 INFO tempest.lib.common.rest_client [req-e1681799-c3cf-477f-a69a-22d99ac70b7a ] Request (TrustsV3TestJSON:setUp): 204 PUT http://10.245.168.46:35357/v3/projects/92ff7b61405e4a1dbcb6dd74fe8b6849/users/4a29d65f622745f28591de23c6d49a4d/roles/b09f9eaeab7849c1b5e70d0fb00ca7cb 0.062s[00m
2018-10-04 09:49:46.759 5040 INFO tempest.lib.common.rest_client [req-8892feab-390c-4720-8926-31abb16504a9 ] Request (TrustsV3TestJSON:setUp): 200 GET http://10.245.168.46:35357/v3/users 0.077s[00m
2018-10-04 09:49:47.203 5040 INFO tempest.lib.common.rest_client [req-246041bc-bb42-4af5-8a8c-35fd61108f65 ] Request (TrustsV3TestJSON:setUp): 201 POST http://10.245.168.46:5000/v3/auth/tokens[00m
2018-10-04 09:49:47.565 5040 INFO tempest.lib.common.rest_client [req-f7131cc4-1125-44f5-b0df-f9a2ece4fba1 ] Request (TrustsV3TestJSON:test_get_trusts_all): 201 POST http://10.245.168.46:5000/v3/auth/tokens[00m
2018-10-04 09:49:47.621 5037 INFO tempest.lib.common.rest_client [req-0e3cc5b6-b178-4e48-88b8-fcbe1e264d18 ] Request (RoutersTest:_run_cleanups): 200 PUT http://10.245.168.43:9696/v2.0/routers/517519a3-869e-4a92-893d-eafe8b2ddcf3/remove_router_interface 1.795s[00m
2018-10-04 09:49:47.673 5040 INFO tempest.lib.common.rest_client [req-ecbc080d-0086-4f1e-9a5a-c3a37bed82f7 ] Request (TrustsV3TestJSON:test_get_trusts_all): 201 POST http://10.245.168.46:35357/v3/OS-TRUST/trusts 0.106s[00m
2018-10-04 09:49:47.684 5037 INFO tempest.lib.common.rest_client [req-ba822942-5d66-4d8c-9865-355fef8be212 ] Request (RoutersTest:_run_cleanups): 200 GET http://10.245.168.43:9696/v2.0/ports?device_id=517519a3-869e-4a92-893d-eafe8b2ddcf3 0.062s[00m
2018-10-04 09:49:48.070 5040 INFO tempest.lib.common.rest_client [req-025c0708-59c0-42f1-85eb-f1fd77c05355 ] Request (TrustsV3TestJSON:test_get_trusts_all): 201 POST http://10.245.168.46:5000/v3/auth/tokens[00m
2018-10-04 09:49:48.107 5040 INFO tempest.lib.common.rest_client [req-d3d423d4-1252-4ea3-9154-92744fa0395c ] Request (TrustsV3TestJSON:test_get_trusts_all): 200 GET http://10.245.168.46:35357/v3/OS-TRUST/trusts/ 0.036s[00m
2018-10-04 09:49:48.169 5040 INFO tempest.lib.common.rest_client [req-003b776f-67cb-4fa4-a2b5-f1eb168f1fc9 ] Request (TrustsV3TestJSON:tearDown): 204 DELETE http://10.245.168.46:35357/v3/OS-TRUST/trusts/0daf97cf41b44b0bbb7ba8320ec2d8a1 0.060s[00m
2018-10-04 09:49:48.205 5040 INFO tempest.lib.common.rest_client [-] Request (TrustsV3TestJSON:tearDown): 404 GET http://10.245.168.46:35357/v3/OS-TRUST/trusts/0daf97cf41b44b0bbb7ba8320ec2d8a1 0.035s[00m
2018-10-04 09:49:48.237 5037 INFO tempest.lib.common.rest_client [req-0a66a55d-5b16-4e81-a937-eb679e37f0a6 ] Request (RoutersTest:_run_cleanups): 204 DELETE http://10.245.168.43:9696/v2.0/routers/517519a3-869e-4a92-893d-eafe8b2ddcf3 0.552s[00m
2018-10-04 09:49:48.553 5040 INFO tempest.lib.common.rest_client [req-e7e2d041-281f-4809-b0cc-fc741aafc2fd ] Request (TrustsV3TestJSON:_run_cleanups): 201 POST http://10.245.168.46:5000/v3/auth/tokens[00m
2018-10-04 09:49:48.667 5040 INFO tempest.lib.common.rest_client [req-0c8dd939-301d-4f89-b908-7878258f479b ] Request (TrustsV3TestJSON:_run_cleanups): 204 DELETE http://10.245.168.46:35357/v3/users/4a29d65f622745f28591de23c6d49a4d 0.113s[00m
2018-10-04 09:49:48.799 5040 INFO tempest.lib.common.rest_client [req-affb8970-8447-4f89-b96a-6607b2501c63 ] Request (TrustsV3TestJSON:_run_cleanups): 204 DELETE http://10.245.168.46:35357/v3/projects/92ff7b61405e4a1dbcb6dd74fe8b6849 0.131s[00m
2018-10-04 09:49:48.871 5040 INFO tempest.lib.common.rest_client [req-9e09f24c-8e68-4c53-9f64-4bb8e742726c ] Request (TrustsV3TestJSON:_run_cleanups): 204 DELETE http://10.245.168.46:35357/v3/roles/e8f0098ad6cf4ca7a078a2761364752b 0.070s[00m
2018-10-04 09:49:48.945 5040 INFO tempest.lib.common.rest_client [req-c9b1e213-8245-4e25-83f5-c34c70b3e2f1 ] Request (TrustsV3TestJSON:_run_cleanups): 204 DELETE http://10.245.168.46:35357/v3/roles/b09f9eaeab7849c1b5e70d0fb00ca7cb 0.073s[00m
{1} tempest.api.identity.admin.v3.test_trusts.TrustsV3TestJSON.test_get_trusts_all [3.344015s] ... ok
2018-10-04 09:49:49.113 5040 INFO tempest.lib.common.rest_client [req-2c5a12c9-d4cf-4c2e-aefd-490f94dcaa4b ] Request (TrustsV3TestJSON:tearDownClass): 204 DELETE http://10.245.168.46:35357/v3/users/0abce7110f3f444ebaa190dc516feaad 0.161s[00m
2018-10-04 09:49:49.373 5037 INFO tempest.lib.common.rest_client [req-608a08f5-c1be-4cb4-8d00-2b1c3f0bfd2e ] Request (RoutersTest:_run_cleanups): 204 DELETE http://10.245.168.43:9696/v2.0/subnets/7399ee28-034d-4247-84c6-e5db5cfb4797 1.136s[00m
2018-10-04 09:49:49.510 5040 INFO tempest.lib.common.rest_client [req-b3ea1d8f-ac19-451b-ba95-f4f952524b35 ] Request (TrustsV3TestJSON:tearDownClass): 201 POST http://10.245.168.46:5000/v3/auth/tokens[00m
2018-10-04 09:49:49.758 5040 INFO tempest.lib.common.rest_client [req-29e13907-a630-4e17-92c4-d621294012d0 ] Request (TrustsV3TestJSON:tearDownClass): 200 GET http://10.245.168.43:9696/v2.0/security-groups?tenant_id=8a88c2f61ce244d0bedcb58bff475b7e&name=default 0.246s[00m
2018-10-04 09:49:49.901 5040 INFO tempest.lib.common.rest_client [req-6a524698-ca06-40e6-a4ec-eb459e8a72b5 ] Request (TrustsV3TestJSON:tearDownClass): 204 DELETE http://10.245.168.43:9696/v2.0/security-groups/1310be03-6d76-4750-96da-e782898ee7fd 0.143s[00m
2018-10-04 09:49:50.088 5040 INFO tempest.lib.common.rest_client [req-6dab50ea-e84d-40e2-9729-41e677527dc9 ] Request (TrustsV3TestJSON:tearDownClass): 204 DELETE http://10.245.168.46:35357/v3/projects/8a88c2f61ce244d0bedcb58bff475b7e 0.186s[00m
2018-10-04 09:49:50.216 5040 INFO tempest.lib.common.rest_client [req-179add26-6c42-4d6c-8afb-6e02c75ec5a2 ] Request (TrustsV3TestJSON:tearDownClass): 204 DELETE http://10.245.168.46:35357/v3/users/24be010d08f9401d99f1e1d403b69c70 0.127s[00m
2018-10-04 09:49:50.614 5037 INFO tempest.lib.common.rest_client [req-0ef85289-9080-4e72-837f-5d7ddc6a9fb8 ] Request (RoutersTest:_run_cleanups): 204 DELETE http://10.245.168.43:9696/v2.0/networks/2af80bc5-fd32-425d-815b-e71a56c3dfa9 1.240s[00m
{0} tempest.api.network.test_routers.RoutersTest.test_add_remove_router_interface_with_port_id [8.979989s] ... ok
2018-10-04 09:49:50.656 5040 INFO tempest.lib.common.rest_client [req-78985882-3981-4e1b-a53f-c9e68eb71b3f ] Request (TrustsV3TestJSON:tearDownClass): 200 GET http://10.245.168.43:9696/v2.0/security-groups?tenant_id=ca3b9842adc04d54a5f3d15d941e81cc&name=default 0.439s[00m
2018-10-04 09:49:50.795 5040 INFO tempest.lib.common.rest_client [req-d562cd65-95e2-4788-8ab5-5fb50e95e366 ] Request (TrustsV3TestJSON:tearDownClass): 204 DELETE http://10.245.168.43:9696/v2.0/security-groups/bb741a2f-4c41-4c99-b027-035dd44fa404 0.137s[00m
2018-10-04 09:49:50.814 5037 INFO tempest.lib.common.rest_client [req-4d2e6364-0664-44d6-be37-a5aa672499b5 ] Request (RoutersTest:test_add_remove_router_interface_with_subnet_id): 201 POST http://10.245.168.43:9696/v2.0/networks 0.197s[00m
2018-10-04 09:49:50.921 5040 INFO tempest.lib.common.rest_client [req-b7c6017d-37d0-44dd-a901-509656a26178 ] Request (TrustsV3TestJSON:tearDownClass): 204 DELETE http://10.245.168.46:35357/v3/projects/ca3b9842adc04d54a5f3d15d941e81cc 0.125s[00m
2018-10-04 09:49:51.315 5040 INFO tempest.lib.common.rest_client [req-f73dc8a1-ab6d-474c-857f-fceb73bed508 ] Request (VersionsTest:setUpClass): 201 POST http://10.245.168.46:5000/v3/auth/tokens[00m
2018-10-04 09:49:51.423 5037 INFO tempest.lib.common.rest_client [req-3daa0531-556a-443e-b4d6-54b52727fe22 ] Request (RoutersTest:test_add_remove_router_interface_with_subnet_id): 201 POST http://10.245.168.43:9696/v2.0/subnets 0.608s[00m
2018-10-04 09:49:51.516 5037 INFO tempest.lib.common.rest_client [req-7318eacc-ce87-4800-a972-60fa6f4dfcd3 ] Request (RoutersTest:test_add_remove_router_interface_with_subnet_id): 201 POST http://10.245.168.43:9696/v2.0/routers 0.091s[00m
2018-10-04 09:49:51.695 5040 INFO tempest.lib.common.rest_client [req-2c4eaa48-bf65-4229-9259-86bd036f35aa ] Request (VersionsTest:setUpClass): 201 POST http://10.245.168.46:5000/v3/auth/tokens[00m
2018-10-04 09:49:51.728 5040 INFO tempest.lib.common.rest_client [req-18660142-2883-4ea8-b36c-e08fcc02c066 ] Request (VersionsTest:setUpClass): 200 GET http://10.245.168.46:35357/v3/domains?name=admin_domain 0.032s[00m
2018-10-04 09:49:51.780 5040 INFO tempest.lib.common.rest_client [req-78dc54d0-2ccb-4cbc-8292-520f4cc3f454 ] Request (VersionsTest:setUpClass): 201 POST http://10.245.168.46:35357/v3/projects 0.051s[00m
2018-10-04 09:49:52.159 5040 INFO tempest.lib.common.rest_client [req-9d6331f4-030a-42f9-9754-d6a4230eef35 ] Request (VersionsTest:setUpClass): 201 POST http://10.245.168.46:35357/v3/users 0.377s[00m
2018-10-04 09:49:52.187 5040 INFO tempest.lib.common.rest_client [req-d1705984-2cd0-4b90-aeb5-3402c2348966 ] Request (VersionsTest:setUpClass): 200 GET http://10.245.168.46:35357/v3/roles 0.027s[00m
2018-10-04 09:49:52.212 5040 INFO tempest.lib.common.rest_client [req-b7a99480-ec54-42ae-8b33-ffd47a6dac41 ] Request (VersionsTest:setUpClass): 200 GET http://10.245.168.46:35357/v3/roles 0.024s[00m
2018-10-04 09:49:52.276 5040 INFO tempest.lib.common.rest_client [req-cfa1d686-bebf-48fc-b606-fd99c5732d7b ] Request (VersionsTest:setUpClass): 204 PUT http://10.245.168.46:35357/v3/projects/e053d2fa55cc4ccd8b82df019c3caa76/users/e4afead0307e4d629f47cb76ea39fbd4/roles/fb352b97e58f4c41aa90f686a3b4ae71 0.063s[00m
2018-10-04 09:49:52.276 5040 INFO tempest.lib.common.dynamic_creds [-] Acquired dynamic creds:
 credentials: Credentials: {'domain_id': 'f16d2ebb586e416c915c1c13bba6b2a4', 'domain_name': 'admin_domain', 'username': 'tempest-VersionsTest-978839523', 'project_domain_id': 'f16d2ebb586e416c915c1c13bba6b2a4', 'project_domain_name': 'admin_domain', 'project_id': 'e053d2fa55cc4ccd8b82df019c3caa76', 'project_name': 'tempest-VersionsTest-978839523', 'tenant_id': 'e053d2fa55cc4ccd8b82df019c3caa76', 'tenant_name': 'tempest-VersionsTest-978839523', 'user_domain_id': 'f16d2ebb586e416c915c1c13bba6b2a4', 'user_domain_name': 'admin_domain', 'user_id': 'e4afead0307e4d629f47cb76ea39fbd4'}, Network: None, Subnet: None, Router: None[00m
2018-10-04 09:49:52.276 5040 INFO tempest.lib.common.dynamic_creds [-] Created isolated network resources for:
 credentials: Credentials: {'domain_id': 'f16d2ebb586e416c915c1c13bba6b2a4', 'domain_name': 'admin_domain', 'username': 'tempest-VersionsTest-978839523', 'project_domain_id': 'f16d2ebb586e416c915c1c13bba6b2a4', 'project_domain_name': 'admin_domain', 'project_id': 'e053d2fa55cc4ccd8b82df019c3caa76', 'project_name': 'tempest-VersionsTest-978839523', 'tenant_id': 'e053d2fa55cc4ccd8b82df019c3caa76', 'tenant_name': 'tempest-VersionsTest-978839523', 'user_domain_id': 'f16d2ebb586e416c915c1c13bba6b2a4', 'user_domain_name': 'admin_domain', 'user_id': 'e4afead0307e4d629f47cb76ea39fbd4'}, Network: None, Subnet: None, Router: None[00m
2018-10-04 09:49:52.702 5040 INFO tempest.lib.common.rest_client [req-7b0d5aa9-5789-45b0-8758-32bf82fe9b6a ] Request (VersionsTest:setUpClass): 201 POST http://10.245.168.46:5000/v3/auth/tokens[00m
2018-10-04 09:49:52.710 5040 INFO tempest.lib.common.rest_client [-] Request (VersionsTest:test_list_versions): 300 GET http://10.245.168.60:9292/ 0.006s[00m
{1} tempest.api.image.v2.test_versions.VersionsTest.test_list_versions [0.007625s] ... ok
2018-10-04 09:49:52.843 5040 INFO tempest.lib.common.rest_client [req-1b67e52e-0e9c-4702-b19c-349195f3eed0 ] Request (VersionsTest:tearDownClass): 204 DELETE http://10.245.168.46:35357/v3/users/e4afead0307e4d629f47cb76ea39fbd4 0.130s[00m
2018-10-04 09:49:53.238 5040 INFO tempest.lib.common.rest_client [req-f583adf8-9eda-497f-a94a-5070ccd2631c ] Request (VersionsTest:tearDownClass): 201 POST http://10.245.168.46:5000/v3/auth/tokens[00m
2018-10-04 09:49:53.491 5040 INFO tempest.lib.common.rest_client [req-90608b54-2513-4a57-9c20-68b492db6dc1 ] Request (VersionsTest:tearDownClass): 200 GET http://10.245.168.43:9696/v2.0/security-groups?tenant_id=e053d2fa55cc4ccd8b82df019c3caa76&name=default 0.252s[00m
2018-10-04 09:49:53.544 5037 INFO tempest.lib.common.rest_client [req-cdc0af7d-8bc9-4060-b0fc-0365479bcd87 ] Request (RoutersTest:test_add_remove_router_interface_with_subnet_id): 200 PUT http://10.245.168.43:9696/v2.0/routers/98829057-f5e7-4303-b2f2-0275386865aa/add_router_interface 2.026s[00m
2018-10-04 09:49:53.599 5037 INFO tempest.lib.common.rest_client [req-ee8dbbfe-26f0-445f-845c-af64df521cdf ] Request (RoutersTest:test_add_remove_router_interface_with_subnet_id): 200 GET http://10.245.168.43:9696/v2.0/ports/f6d15eaa-3bb3-4e01-a31a-42b78f3e8cd3 0.054s[00m
2018-10-04 09:49:53.812 5040 INFO tempest.lib.common.rest_client [req-02ea71fa-e39a-4113-8a3b-d8bc54b58f50 ] Request (VersionsTest:tearDownClass): 204 DELETE http://10.245.168.43:9696/v2.0/security-groups/7d303220-e81c-42ac-8807-2117dd324930 0.319s[00m
2018-10-04 09:49:53.933 5040 INFO tempest.lib.common.rest_client [req-336e12b0-79e8-438d-9948-9175c314d4c3 ] Request (VersionsTest:tearDownClass): 204 DELETE http://10.245.168.46:35357/v3/projects/e053d2fa55cc4ccd8b82df019c3caa76 0.119s[00m
2018-10-04 09:49:54.328 5040 INFO tempest.lib.common.rest_client [req-c9c7b7f8-0022-412e-924d-4893ffa1d144 ] Request (ExtensionsTestJSON:setUpClass): 201 POST http://10.245.168.46:5000/v3/auth/tokens[00m
2018-10-04 09:49:54.710 5040 INFO tempest.lib.common.rest_client [req-843ef285-bc1b-4492-8349-17668ff4f2e7 ] Request (ExtensionsTestJSON:setUpClass): 201 POST http://10.245.168.46:5000/v3/auth/tokens[00m
2018-10-04 09:49:54.746 5040 INFO tempest.lib.common.rest_client [req-e9b785b0-c1d4-4122-9d45-d715cc52fb45 ] Request (ExtensionsTestJSON:setUpClass): 200 GET http://10.245.168.46:35357/v3/domains?name=admin_domain 0.034s[00m
2018-10-04 09:49:54.790 5040 INFO tempest.lib.common.rest_client [req-7ca9e979-6288-4d2f-befa-aac052de09c5 ] Request (ExtensionsTestJSON:setUpClass): 201 POST http://10.245.168.46:35357/v3/projects 0.043s[00m
2018-10-04 09:49:55.169 5040 INFO tempest.lib.common.rest_client [req-149cea2a-451b-44c9-bd21-3dad06d9b05b ] Request (ExtensionsTestJSON:setUpClass): 201 POST http://10.245.168.46:35357/v3/users 0.378s[00m
2018-10-04 09:49:55.196 5040 INFO tempest.lib.common.rest_client [req-825065cb-7621-4c46-98e5-3e26048b168e ] Request (ExtensionsTestJSON:setUpClass): 200 GET http://10.245.168.46:35357/v3/roles 0.025s[00m
2018-10-04 09:49:55.220 5040 INFO tempest.lib.common.rest_client [req-405ddbee-0e2f-4e45-bfc5-c9e4d7602308 ] Request (ExtensionsTestJSON:setUpClass): 200 GET http://10.245.168.46:35357/v3/roles 0.023s[00m
2018-10-04 09:49:55.285 5040 INFO tempest.lib.common.rest_client [req-31b6d79e-b09f-424b-b2eb-3a6074e67852 ] Request (ExtensionsTestJSON:setUpClass): 204 PUT http://10.245.168.46:35357/v3/projects/b3a622cf2df747458baf003711b70423/users/1f782471287c4022a9df9e3ac75c5ebe/roles/fb352b97e58f4c41aa90f686a3b4ae71 0.064s[00m
2018-10-04 09:49:55.286 5040 INFO tempest.lib.common.dynamic_creds [-] Acquired dynamic creds:
 credentials: Credentials: {'domain_id': 'f16d2ebb586e416c915c1c13bba6b2a4', 'domain_name': 'admin_domain', 'username': 'tempest-ExtensionsTestJSON-719242246', 'project_domain_id': 'f16d2ebb586e416c915c1c13bba6b2a4', 'project_domain_name': 'admin_domain', 'project_id': 'b3a622cf2df747458baf003711b70423', 'project_name': 'tempest-ExtensionsTestJSON-719242246', 'tenant_id': 'b3a622cf2df747458baf003711b70423', 'tenant_name': 'tempest-ExtensionsTestJSON-719242246', 'user_domain_id': 'f16d2ebb586e416c915c1c13bba6b2a4', 'user_domain_name': 'admin_domain', 'user_id': '1f782471287c4022a9df9e3ac75c5ebe'}, Network: None, Subnet: None, Router: None[00m
2018-10-04 09:49:55.286 5040 INFO tempest.lib.common.dynamic_creds [-] Created isolated network resources for:
 credentials: Credentials: {'domain_id': 'f16d2ebb586e416c915c1c13bba6b2a4', 'domain_name': 'admin_domain', 'username': 'tempest-ExtensionsTestJSON-719242246', 'project_domain_id': 'f16d2ebb586e416c915c1c13bba6b2a4', 'project_domain_name': 'admin_domain', 'project_id': 'b3a622cf2df747458baf003711b70423', 'project_name': 'tempest-ExtensionsTestJSON-719242246', 'tenant_id': 'b3a622cf2df747458baf003711b70423', 'tenant_name': 'tempest-ExtensionsTestJSON-719242246', 'user_domain_id': 'f16d2ebb586e416c915c1c13bba6b2a4', 'user_domain_name': 'admin_domain', 'user_id': '1f782471287c4022a9df9e3ac75c5ebe'}, Network: None, Subnet: None, Router: None[00m
2018-10-04 09:49:55.475 5037 INFO tempest.lib.common.rest_client [req-70d6acf5-878f-4cac-97ba-b2d8ca936d9a ] Request (RoutersTest:_run_cleanups): 200 PUT http://10.245.168.43:9696/v2.0/routers/98829057-f5e7-4303-b2f2-0275386865aa/remove_router_interface 1.875s[00m
2018-10-04 09:49:55.532 5037 INFO tempest.lib.common.rest_client [req-6f64cfc9-a6f6-4ff0-aa52-f1e56ef1ea67 ] Request (RoutersTest:_run_cleanups): 200 GET http://10.245.168.43:9696/v2.0/ports?device_id=98829057-f5e7-4303-b2f2-0275386865aa 0.056s[00m
2018-10-04 09:49:55.713 5040 INFO tempest.lib.common.rest_client [req-0cd72340-ca25-4970-b364-5c38449b0c17 ] Request (ExtensionsTestJSON:setUpClass): 201 POST http://10.245.168.46:5000/v3/auth/tokens[00m
2018-10-04 09:49:55.843 5040 INFO tempest.lib.common.rest_client [req-68a98b9a-e52a-4914-aa19-760dc02461ba ] Request (ExtensionsTestJSON:test_list_show_extensions): 200 GET http://10.245.168.43:9696/v2.0/extensions 0.128s[00m
2018-10-04 09:49:55.854 5040 INFO tempest.lib.common.rest_client [req-b04b9448-1412-47b5-a08c-b50f0e551df1 ] Request (ExtensionsTestJSON:test_list_show_extensions): 200 GET http://10.245.168.43:9696/v2.0/extensions/address-scope 0.006s[00m
2018-10-04 09:49:55.860 5040 INFO tempest.lib.common.rest_client [req-ac4fe1e5-aaf4-4801-a278-fad79d72d3d1 ] Request (ExtensionsTestJSON:test_list_show_extensions): 200 GET http://10.245.168.43:9696/v2.0/extensions/agent 0.006s[00m
2018-10-04 09:49:55.868 5040 INFO tempest.lib.common.rest_client [req-17081ff7-fb54-43da-8bb6-6a81d6b35802 ] Request (ExtensionsTestJSON:test_list_show_extensions): 200 GET http://10.245.168.43:9696/v2.0/extensions/allowed-address-pairs 0.006s[00m
2018-10-04 09:49:55.876 5040 INFO tempest.lib.common.rest_client [req-ab4891ae-08b9-4db9-b3a2-392c2dd858bd ] Request (ExtensionsTestJSON:test_list_show_extensions): 200 GET http://10.245.168.43:9696/v2.0/extensions/auto-allocated-topology 0.007s[00m
2018-10-04 09:49:55.886 5040 INFO tempest.lib.common.rest_client [req-44abaabe-39fd-49c2-8ebb-0bd0bd7a1aef ] Request (ExtensionsTestJSON:test_list_show_extensions): 200 GET http://10.245.168.43:9696/v2.0/extensions/availability_zone 0.006s[00m
2018-10-04 09:49:55.893 5040 INFO tempest.lib.common.rest_client [req-2dabaf00-3cca-4d83-a61f-e6eb2e80bbba ] Request (ExtensionsTestJSON:test_list_show_extensions): 200 GET http://10.245.168.43:9696/v2.0/extensions/availability_zone_filter 0.006s[00m
2018-10-04 09:49:55.900 5040 INFO tempest.lib.common.rest_client [req-b9fc647d-bf11-4827-973d-1eb222aa6436 ] Request (ExtensionsTestJSON:test_list_show_extensions): 200 GET http://10.245.168.43:9696/v2.0/extensions/default-subnetpools 0.006s[00m
2018-10-04 09:49:55.912 5040 INFO tempest.lib.common.rest_client [req-c094bcf8-b7ae-4a64-a3cd-26c10673307b ] Request (ExtensionsTestJSON:test_list_show_extensions): 200 GET http://10.245.168.43:9696/v2.0/extensions/dhcp_agent_scheduler 0.009s[00m
2018-10-04 09:49:55.918 5040 INFO tempest.lib.common.rest_client [req-384ba86e-7935-42c4-9a18-984a631c7b06 ] Request (ExtensionsTestJSON:test_list_show_extensions): 200 GET http://10.245.168.43:9696/v2.0/extensions/dns-integration 0.006s[00m
2018-10-04 09:49:55.925 5040 INFO tempest.lib.common.rest_client [req-722c40f2-76c9-49dc-832b-d587274f8942 ] Request (ExtensionsTestJSON:test_list_show_extensions): 200 GET http://10.245.168.43:9696/v2.0/extensions/dvr 0.006s[00m
2018-10-04 09:49:55.933 5040 INFO tempest.lib.common.rest_client [req-eb633561-ffc2-4313-a157-3abc392c087c ] Request (ExtensionsTestJSON:test_list_show_extensions): 200 GET http://10.245.168.43:9696/v2.0/extensions/empty-string-filtering 0.007s[00m
2018-10-04 09:49:55.943 5040 INFO tempest.lib.common.rest_client [req-38d0b787-4c22-417b-b4aa-0db0822ce949 ] Request (ExtensionsTestJSON:test_list_show_extensions): 200 GET http://10.245.168.43:9696/v2.0/extensions/external-net 0.009s[00m
2018-10-04 09:49:55.952 5040 INFO tempest.lib.common.rest_client [req-0f2d00b4-64b3-4b3f-9056-51d7691496bb ] Request (ExtensionsTestJSON:test_list_show_extensions): 200 GET http://10.245.168.43:9696/v2.0/extensions/extra_dhcp_opt 0.008s[00m
2018-10-04 09:49:55.959 5040 INFO tempest.lib.common.rest_client [req-3f0ec7ce-d268-422a-b5aa-0465f564474f ] Request (ExtensionsTestJSON:test_list_show_extensions): 200 GET http://10.245.168.43:9696/v2.0/extensions/extraroute 0.007s[00m
2018-10-04 09:49:55.967 5040 INFO tempest.lib.common.rest_client [req-f5d71499-9999-42dd-abc8-4bc553e3ae49 ] Request (ExtensionsTestJSON:test_list_show_extensions): 200 GET http://10.245.168.43:9696/v2.0/extensions/fip-port-details 0.006s[00m
2018-10-04 09:49:55.974 5040 INFO tempest.lib.common.rest_client [req-4eaa86f6-f0d8-45ee-9a00-0868f524c2db ] Request (ExtensionsTestJSON:test_list_show_extensions): 200 GET http://10.245.168.43:9696/v2.0/extensions/flavors 0.006s[00m
2018-10-04 09:49:55.981 5040 INFO tempest.lib.common.rest_client [req-c7861f05-c7a0-4bde-ac73-a1e873741513 ] Request (ExtensionsTestJSON:test_list_show_extensions): 200 GET http://10.245.168.43:9696/v2.0/extensions/ip_allocation 0.006s[00m
2018-10-04 09:49:55.989 5040 INFO tempest.lib.common.rest_client [req-ccdb1c21-0e58-457e-a941-a191b5b6ac9c ] Request (ExtensionsTestJSON:test_list_show_extensions): 200 GET http://10.245.168.43:9696/v2.0/extensions/ip-substring-filtering 0.007s[00m
2018-10-04 09:49:55.997 5040 INFO tempest.lib.common.rest_client [req-4db4994f-b523-43c6-a6f5-21d793ad0865 ] Request (ExtensionsTestJSON:test_list_show_extensions): 200 GET http://10.245.168.43:9696/v2.0/extensions/l2_adjacency 0.007s[00m
2018-10-04 09:49:56.004 5040 INFO tempest.lib.common.rest_client [req-ae5dff39-6d0e-432c-9a6e-0c56b98b70ad ] Request (ExtensionsTestJSON:test_list_show_extensions): 200 GET http://10.245.168.43:9696/v2.0/extensions/router 0.007s[00m
2018-10-04 09:49:56.011 5040 INFO tempest.lib.common.rest_client [req-fd1ad39c-c2d0-4f2a-b0b9-1ce2675b83fc ] Request (ExtensionsTestJSON:test_list_show_extensions): 200 GET http://10.245.168.43:9696/v2.0/extensions/ext-gw-mode 0.006s[00m
2018-10-04 09:49:56.021 5040 INFO tempest.lib.common.rest_client [req-726dc449-ef99-4fc5-a5dd-145f9aac34fb ] Request (ExtensionsTestJSON:test_list_show_extensions): 200 GET http://10.245.168.43:9696/v2.0/extensions/l3-ha 0.009s[00m
2018-10-04 09:49:56.028 5040 INFO tempest.lib.common.rest_client [req-20dca15c-0a4d-4a3e-93a5-19e8243531ad ] Request (ExtensionsTestJSON:test_list_show_extensions): 200 GET http://10.245.168.43:9696/v2.0/extensions/l3-flavors 0.006s[00m
2018-10-04 09:49:56.035 5040 INFO tempest.lib.common.rest_client [req-824e0e55-21fd-4da2-9ce2-c93d921d8f1f ] Request (ExtensionsTestJSON:test_list_show_extensions): 200 GET http://10.245.168.43:9696/v2.0/extensions/l3_agent_scheduler 0.006s[00m
2018-10-04 09:49:56.042 5040 INFO tempest.lib.common.rest_client [req-44ec768a-f664-43f4-892d-a65d169b9454 ] Request (ExtensionsTestJSON:test_list_show_extensions): 200 GET http://10.245.168.43:9696/v2.0/extensions/metering 0.006s[00m
2018-10-04 09:49:56.049 5040 INFO tempest.lib.common.rest_client [req-5d002c43-3821-4890-a1a8-07046244dc7e ] Request (ExtensionsTestJSON:test_list_show_extensions): 200 GET http://10.245.168.43:9696/v2.0/extensions/multi-provider 0.006s[00m
2018-10-04 09:49:56.056 5040 INFO tempest.lib.common.rest_client [req-96941ed5-b298-4640-9c72-375406576dcf ] Request (ExtensionsTestJSON:test_list_show_extensions): 200 GET http://10.245.168.43:9696/v2.0/extensions/net-mtu 0.006s[00m
2018-10-04 09:49:56.063 5040 INFO tempest.lib.common.rest_client [req-b4151b80-3a7e-4923-961a-37fe7c111dea ] Request (ExtensionsTestJSON:test_list_show_extensions): 200 GET http://10.245.168.43:9696/v2.0/extensions/net-mtu-writable 0.007s[00m
2018-10-04 09:49:56.070 5040 INFO tempest.lib.common.rest_client [req-f47c51dd-7c3c-4417-ac48-e94e304c38c1 ] Request (ExtensionsTestJSON:test_list_show_extensions): 200 GET http://10.245.168.43:9696/v2.0/extensions/network_availability_zone 0.006s[00m
2018-10-04 09:49:56.074 5037 INFO tempest.lib.common.rest_client [req-e747d508-825b-4b9f-8f74-baa14b372108 ] Request (RoutersTest:_run_cleanups): 204 DELETE http://10.245.168.43:9696/v2.0/routers/98829057-f5e7-4303-b2f2-0275386865aa 0.540s[00m
2018-10-04 09:49:56.077 5040 INFO tempest.lib.common.rest_client [req-878cf0bf-5c88-4ab0-a8a0-a800a1ed6705 ] Request (ExtensionsTestJSON:test_list_show_extensions): 200 GET http://10.245.168.43:9696/v2.0/extensions/network-ip-availability 0.006s[00m
2018-10-04 09:49:56.084 5040 INFO tempest.lib.common.rest_client [req-aa558066-4589-4988-8499-d19e4e63406d ] Request (ExtensionsTestJSON:test_list_show_extensions): 200 GET http://10.245.168.43:9696/v2.0/extensions/pagination 0.006s[00m
2018-10-04 09:49:56.090 5040 INFO tempest.lib.common.rest_client [req-05f69e0b-a781-4d37-941a-fce31b084a34 ] Request (ExtensionsTestJSON:test_list_show_extensions): 200 GET http://10.245.168.43:9696/v2.0/extensions/port-mac-address-regenerate 0.006s[00m
2018-10-04 09:49:56.097 5040 INFO tempest.lib.common.rest_client [req-428129b0-3804-4849-acef-be9db2558e8e ] Request (ExtensionsTestJSON:test_list_show_extensions): 200 GET http://10.245.168.43:9696/v2.0/extensions/binding 0.006s[00m
2018-10-04 09:49:56.104 5040 INFO tempest.lib.common.rest_client [req-1706656a-2350-4056-b01b-36b8b98908da ] Request (ExtensionsTestJSON:test_list_show_extensions): 200 GET http://10.245.168.43:9696/v2.0/extensions/binding-extended 0.007s[00m
2018-10-04 09:49:56.111 5040 INFO tempest.lib.common.rest_client [req-cf966a2a-ca00-46a3-b27d-8b6e01f0b1dd ] Request (ExtensionsTestJSON:test_list_show_extensions): 200 GET http://10.245.168.43:9696/v2.0/extensions/project-id 0.005s[00m
2018-10-04 09:49:56.117 5040 INFO tempest.lib.common.rest_client [req-c57f9ce4-4b84-41f0-a3d4-b740169434f9 ] Request (ExtensionsTestJSON:test_list_show_extensions): 200 GET http://10.245.168.43:9696/v2.0/extensions/provider 0.006s[00m
2018-10-04 09:49:56.124 5040 INFO tempest.lib.common.rest_client [req-97f85190-c3f3-4961-b2a1-b7a54a6ed318 ] Request (ExtensionsTestJSON:test_list_show_extensions): 200 GET http://10.245.168.43:9696/v2.0/extensions/quotas 0.006s[00m
2018-10-04 09:49:56.131 5040 INFO tempest.lib.common.rest_client [req-c832d68a-4763-4290-b188-f474266d548c ] Request (ExtensionsTestJSON:test_list_show_extensions): 200 GET http://10.245.168.43:9696/v2.0/extensions/quota_details 0.007s[00m
2018-10-04 09:49:56.139 5040 INFO tempest.lib.common.rest_client [req-03f4fb7c-bbb2-4d35-b1b0-bf4da2852aec ] Request (ExtensionsTestJSON:test_list_show_extensions): 200 GET http://10.245.168.43:9696/v2.0/extensions/rbac-policies 0.006s[00m
2018-10-04 09:49:56.145 5040 INFO tempest.lib.common.rest_client [req-e7ee22f1-294d-4fa8-9228-a50885332592 ] Request (ExtensionsTestJSON:test_list_show_extensions): 200 GET http://10.245.168.43:9696/v2.0/extensions/revision-if-match 0.006s[00m
2018-10-04 09:49:56.153 5040 INFO tempest.lib.common.rest_client [req-a4e8674c-d4a6-4cee-9c35-3f902c5f44a9 ] Request (ExtensionsTestJSON:test_list_show_extensions): 200 GET http://10.245.168.43:9696/v2.0/extensions/standard-attr-revisions 0.006s[00m
2018-10-04 09:49:56.160 5040 INFO tempest.lib.common.rest_client [req-4026b1f5-48c0-4323-aee8-87feacec8b0a ] Request (ExtensionsTestJSON:test_list_show_extensions): 200 GET http://10.245.168.43:9696/v2.0/extensions/router_availability_zone 0.006s[00m
2018-10-04 09:49:56.167 5040 INFO tempest.lib.common.rest_client [req-672397f2-4b0d-44fc-a610-6c4d09c1d7a1 ] Request (ExtensionsTestJSON:test_list_show_extensions): 200 GET http://10.245.168.43:9696/v2.0/extensions/port-security-groups-filtering 0.006s[00m
2018-10-04 09:49:56.173 5040 INFO tempest.lib.common.rest_client [req-b3a5211d-c53d-4422-8661-c82f0e635105 ] Request (ExtensionsTestJSON:test_list_show_extensions): 200 GET http://10.245.168.43:9696/v2.0/extensions/security-group 0.006s[00m
2018-10-04 09:49:56.180 5040 INFO tempest.lib.common.rest_client [req-a7eccd09-5f53-4940-be39-4781151e3b04 ] Request (ExtensionsTestJSON:test_list_show_extensions): 200 GET http://10.245.168.43:9696/v2.0/extensions/segment 0.006s[00m
2018-10-04 09:49:56.187 5040 INFO tempest.lib.common.rest_client [req-5d39d65a-632f-4795-a5ab-ad364ce8b33e ] Request (ExtensionsTestJSON:test_list_show_extensions): 200 GET http://10.245.168.43:9696/v2.0/extensions/segments-peer-subnet-host-routes 0.006s[00m
2018-10-04 09:49:56.194 5040 INFO tempest.lib.common.rest_client [req-c21c881b-95c6-4d46-9ddc-71bb125e5b3b ] Request (ExtensionsTestJSON:test_list_show_extensions): 200 GET http://10.245.168.43:9696/v2.0/extensions/service-type 0.006s[00m
2018-10-04 09:49:56.201 5040 INFO tempest.lib.common.rest_client [req-89815a33-20ca-45ff-a62f-6ed0eaeba02a ] Request (ExtensionsTestJSON:test_list_show_extensions): 200 GET http://10.245.168.43:9696/v2.0/extensions/sorting 0.006s[00m
2018-10-04 09:49:56.207 5040 INFO tempest.lib.common.rest_client [req-3dbbefb5-1497-498a-89e9-bdd2d184ff17 ] Request (ExtensionsTestJSON:test_list_show_extensions): 200 GET http://10.245.168.43:9696/v2.0/extensions/standard-attr-segment 0.006s[00m
2018-10-04 09:49:56.214 5040 INFO tempest.lib.common.rest_client [req-ee16f0dc-69b1-44ce-bf75-45a52fd53b5e ] Request (ExtensionsTestJSON:test_list_show_extensions): 200 GET http://10.245.168.43:9696/v2.0/extensions/standard-attr-description 0.006s[00m
2018-10-04 09:49:56.220 5040 INFO tempest.lib.common.rest_client [req-bec87f7e-acfd-4d10-93a2-5770027f6336 ] Request (ExtensionsTestJSON:test_list_show_extensions): 200 GET http://10.245.168.43:9696/v2.0/extensions/subnet-segmentid-writable 0.006s[00m
2018-10-04 09:49:56.227 5040 INFO tempest.lib.common.rest_client [req-882b9486-eb2d-4a41-b100-6ce2243fc60d ] Request (ExtensionsTestJSON:test_list_show_extensions): 200 GET http://10.245.168.43:9696/v2.0/extensions/subnet-service-types 0.006s[00m
2018-10-04 09:49:56.234 5040 INFO tempest.lib.common.rest_client [req-c35e4ad5-0d17-4bc4-aa44-014dab9c1e17 ] Request (ExtensionsTestJSON:test_list_show_extensions): 200 GET http://10.245.168.43:9696/v2.0/extensions/subnet_allocation 0.006s[00m
2018-10-04 09:49:56.241 5040 INFO tempest.lib.common.rest_client [req-89581faa-5fb6-4f62-b5f1-879ea36981d6 ] Request (ExtensionsTestJSON:test_list_show_extensions): 200 GET http://10.245.168.43:9696/v2.0/extensions/standard-attr-tag 0.006s[00m
2018-10-04 09:49:56.248 5040 INFO tempest.lib.common.rest_client [req-0809af7f-34f4-469c-9a00-5705e32fc457 ] Request (ExtensionsTestJSON:test_list_show_extensions): 200 GET http://10.245.168.43:9696/v2.0/extensions/standard-attr-timestamp 0.006s[00m
2018-10-04 09:49:56.256 5040 INFO tempest.lib.common.rest_client [req-10acc095-3121-445a-8bdf-6a2737da5e15 ] Request (ExtensionsTestJSON:test_list_show_extensions): 200 GET http://10.245.168.43:9696/v2.0/extensions/fwaas 0.007s[00m
2018-10-04 09:49:56.262 5040 INFO tempest.lib.common.rest_client [req-ea836631-887f-4892-a846-86700861d7fe ] Request (ExtensionsTestJSON:test_list_show_extensions): 200 GET http://10.245.168.43:9696/v2.0/extensions/fwaasrouterinsertion 0.006s[00m
2018-10-04 09:49:56.269 5040 INFO tempest.lib.common.rest_client [req-3f637ee2-2e30-4284-9bcb-57cd2e9b035c ] Request (ExtensionsTestJSON:test_list_show_extensions): 200 GET http://10.245.168.43:9696/v2.0/extensions/hm_max_retries_down 0.006s[00m
2018-10-04 09:49:56.276 5040 INFO tempest.lib.common.rest_client [req-d858fa30-4bf3-4157-8c7f-5cdd666f3167 ] Request (ExtensionsTestJSON:test_list_show_extensions): 200 GET http://10.245.168.43:9696/v2.0/extensions/l7 0.006s[00m
2018-10-04 09:49:56.284 5040 INFO tempest.lib.common.rest_client [req-b2570025-dffe-47d4-b4e5-1be3d19fb3a1 ] Request (ExtensionsTestJSON:test_list_show_extensions): 200 GET http://10.245.168.43:9696/v2.0/extensions/lb-graph 0.007s[00m
2018-10-04 09:49:56.291 5040 INFO tempest.lib.common.rest_client [req-a83bf1de-6534-4bcd-bed3-30bda4057852 ] Request (ExtensionsTestJSON:test_list_show_extensions): 200 GET http://10.245.168.43:9696/v2.0/extensions/lb_network_vip 0.006s[00m
2018-10-04 09:49:56.297 5040 INFO tempest.lib.common.rest_client [req-a85ca282-60fb-44fd-90eb-3096244b23f4 ] Request (ExtensionsTestJSON:test_list_show_extensions): 200 GET http://10.245.168.43:9696/v2.0/extensions/lbaas_agent_schedulerv2 0.006s[00m
2018-10-04 09:49:56.303 5040 INFO tempest.lib.common.rest_client [req-c838c0d5-67d8-4bca-b574-a3bbc1ff42ac ] Request (ExtensionsTestJSON:test_list_show_extensions): 200 GET http://10.245.168.43:9696/v2.0/extensions/lbaasv2 0.005s[00m
2018-10-04 09:49:56.309 5040 INFO tempest.lib.common.rest_client [req-7b3e0284-ee7e-4268-a5c1-4ede3714a0f0 ] Request (ExtensionsTestJSON:test_list_show_extensions): 200 GET http://10.245.168.43:9696/v2.0/extensions/shared_pools 0.006s[00m
2018-10-04 09:49:56.316 5040 INFO tempest.lib.common.rest_client [req-0a0fbd3f-d411-4503-b1db-6648337e7a97 ] Request (ExtensionsTestJSON:test_list_show_extensions): 200 GET http://10.245.168.43:9696/v2.0/extensions/bgp 0.006s[00m
2018-10-04 09:49:56.323 5040 INFO tempest.lib.common.rest_client [req-d29a18da-0e8b-4c82-ad6f-d824283c6b74 ] Request (ExtensionsTestJSON:test_list_show_extensions): 200 GET http://10.245.168.43:9696/v2.0/extensions/bgp_4byte_asn 0.006s[00m
2018-10-04 09:49:56.340 5040 INFO tempest.lib.common.rest_client [req-2a10cbe6-3bc2-4744-8847-ff5e45b5c379 ] Request (ExtensionsTestJSON:test_list_show_extensions): 200 GET http://10.245.168.43:9696/v2.0/extensions/bgp_dragent_scheduler 0.016s[00m
{1} tempest.api.network.test_extensions.ExtensionsTestJSON.test_list_show_extensions [0.627177s] ... ok
2018-10-04 09:49:56.488 5040 INFO tempest.lib.common.rest_client [req-1312cf31-8243-4f4f-adf3-5710e1330f30 ] Request (ExtensionsTestJSON:tearDownClass): 204 DELETE http://10.245.168.46:35357/v3/users/1f782471287c4022a9df9e3ac75c5ebe 0.145s[00m
2018-10-04 09:49:56.889 5040 INFO tempest.lib.common.rest_client [req-010688f7-e5a0-4fb6-8515-e66f42b91990 ] Request (ExtensionsTestJSON:tearDownClass): 201 POST http://10.245.168.46:5000/v3/auth/tokens[00m
2018-10-04 09:49:57.098 5040 INFO tempest.lib.common.rest_client [req-0bdb484f-9665-4ee0-a669-15c57057750b ] Request (ExtensionsTestJSON:tearDownClass): 200 GET http://10.245.168.43:9696/v2.0/security-groups?tenant_id=b3a622cf2df747458baf003711b70423&name=default 0.208s[00m
2018-10-04 09:49:57.239 5040 INFO tempest.lib.common.rest_client [req-d99e0d7b-a011-4b5c-b4b3-33f53b6b31e3 ] Request (ExtensionsTestJSON:tearDownClass): 204 DELETE http://10.245.168.43:9696/v2.0/security-groups/a5b7f32c-91d5-48d2-bf39-824df6635cb3 0.139s[00m
2018-10-04 09:49:57.274 5037 INFO tempest.lib.common.rest_client [req-383acd80-52e0-464d-9b6f-32119c8b3b86 ] Request (RoutersTest:_run_cleanups): 204 DELETE http://10.245.168.43:9696/v2.0/subnets/7b86fddc-2d32-4c6b-b57a-6170df875fc4 1.199s[00m
2018-10-04 09:49:57.375 5040 INFO tempest.lib.common.rest_client [req-7867876b-8b19-49b1-b531-1ec6dd0ccf35 ] Request (ExtensionsTestJSON:tearDownClass): 204 DELETE http://10.245.168.46:35357/v3/projects/b3a622cf2df747458baf003711b70423 0.136s[00m
2018-10-04 09:49:57.767 5040 INFO tempest.lib.common.rest_client [req-8b3b49fc-1f4a-428f-bdb2-22e900c0bf02 ] Request (BulkNetworkOpsTest:setUpClass): 201 POST http://10.245.168.46:5000/v3/auth/tokens[00m
2018-10-04 09:49:58.150 5040 INFO tempest.lib.common.rest_client [req-f0a2f503-8254-4f40-bab4-dfb7f6568d54 ] Request (BulkNetworkOpsTest:setUpClass): 201 POST http://10.245.168.46:5000/v3/auth/tokens[00m
2018-10-04 09:49:58.185 5040 INFO tempest.lib.common.rest_client [req-8f8b3bca-375a-4af6-b68d-2ad465f7285e ] Request (BulkNetworkOpsTest:setUpClass): 200 GET http://10.245.168.46:35357/v3/domains?name=admin_domain 0.034s[00m
2018-10-04 09:49:58.231 5040 INFO tempest.lib.common.rest_client [req-2bbab4be-1b17-42c0-829e-bd24219e565b ] Request (BulkNetworkOpsTest:setUpClass): 201 POST http://10.245.168.46:35357/v3/projects 0.044s[00m
2018-10-04 09:49:58.611 5040 INFO tempest.lib.common.rest_client [req-71c336ca-8cdd-4fc8-b84b-110e7e5f515c ] Request (BulkNetworkOpsTest:setUpClass): 201 POST http://10.245.168.46:35357/v3/users 0.379s[00m
2018-10-04 09:49:58.639 5040 INFO tempest.lib.common.rest_client [req-db993098-9fb9-442a-952f-883712ef4766 ] Request (BulkNetworkOpsTest:setUpClass): 200 GET http://10.245.168.46:35357/v3/roles 0.027s[00m
2018-10-04 09:49:58.665 5040 INFO tempest.lib.common.rest_client [req-bd8e7427-1ae7-4b05-a1e1-4200deb21e9a ] Request (BulkNetworkOpsTest:setUpClass): 200 GET http://10.245.168.46:35357/v3/roles 0.024s[00m
2018-10-04 09:49:58.690 5037 INFO tempest.lib.common.rest_client [req-31859fc2-0943-4987-8bf3-d08cd77635dc ] Request (RoutersTest:_run_cleanups): 204 DELETE http://10.245.168.43:9696/v2.0/networks/7bbb4c9f-2009-4246-a85c-7fe53dc57be7 1.414s[00m
{0} tempest.api.network.test_routers.RoutersTest.test_add_remove_router_interface_with_subnet_id [8.074757s] ... ok
2018-10-04 09:49:58.729 5040 INFO tempest.lib.common.rest_client [req-343b669d-2b09-4573-86ea-0c441597d23e ] Request (BulkNetworkOpsTest:setUpClass): 204 PUT http://10.245.168.46:35357/v3/projects/8115536b1795476791dbec46dd41ca20/users/9724f9eeb591470e8a49a4f6d6a5d607/roles/fb352b97e58f4c41aa90f686a3b4ae71 0.064s[00m
2018-10-04 09:49:58.730 5040 INFO tempest.lib.common.dynamic_creds [-] Acquired dynamic creds:
 credentials: Credentials: {'domain_id': 'f16d2ebb586e416c915c1c13bba6b2a4', 'domain_name': 'admin_domain', 'username': 'tempest-BulkNetworkOpsTest-1198861841', 'project_domain_id': 'f16d2ebb586e416c915c1c13bba6b2a4', 'project_domain_name': 'admin_domain', 'project_id': '8115536b1795476791dbec46dd41ca20', 'project_name': 'tempest-BulkNetworkOpsTest-1198861841', 'tenant_id': '8115536b1795476791dbec46dd41ca20', 'tenant_name': 'tempest-BulkNetworkOpsTest-1198861841', 'user_domain_id': 'f16d2ebb586e416c915c1c13bba6b2a4', 'user_domain_name': 'admin_domain', 'user_id': '9724f9eeb591470e8a49a4f6d6a5d607'}, Network: None, Subnet: None, Router: None[00m
2018-10-04 09:49:58.731 5040 INFO tempest.lib.common.dynamic_creds [-] Created isolated network resources for:
 credentials: Credentials: {'domain_id': 'f16d2ebb586e416c915c1c13bba6b2a4', 'domain_name': 'admin_domain', 'username': 'tempest-BulkNetworkOpsTest-1198861841', 'project_domain_id': 'f16d2ebb586e416c915c1c13bba6b2a4', 'project_domain_name': 'admin_domain', 'project_id': '8115536b1795476791dbec46dd41ca20', 'project_name': 'tempest-BulkNetworkOpsTest-1198861841', 'tenant_id': '8115536b1795476791dbec46dd41ca20', 'tenant_name': 'tempest-BulkNetworkOpsTest-1198861841', 'user_domain_id': 'f16d2ebb586e416c915c1c13bba6b2a4', 'user_domain_name': 'admin_domain', 'user_id': '9724f9eeb591470e8a49a4f6d6a5d607'}, Network: None, Subnet: None, Router: None[00m
2018-10-04 09:49:59.161 5040 INFO tempest.lib.common.rest_client [req-6ed5e37c-c364-4474-9218-13db84326bbf ] Request (BulkNetworkOpsTest:setUpClass): 201 POST http://10.245.168.46:5000/v3/auth/tokens[00m
2018-10-04 09:49:59.636 5040 INFO tempest.lib.common.rest_client [req-6807944e-b833-41a7-ab79-87062251b5ba ] Request (BulkNetworkOpsTest:test_bulk_create_delete_network): 201 POST http://10.245.168.43:9696/v2.0/networks 0.473s[00m
2018-10-04 09:49:59.809 5040 INFO tempest.lib.common.rest_client [req-d83e1d80-2ebb-49e3-a46e-203a813d528e ] Request (BulkNetworkOpsTest:test_bulk_create_delete_network): 200 GET http://10.245.168.43:9696/v2.0/networks 0.173s[00m
2018-10-04 09:50:00.155 5037 INFO tempest.lib.common.rest_client [req-50e61817-5c0a-47c9-a6e9-b9ed61d5758f ] Request (RoutersTest:test_create_show_list_update_delete_router): 201 POST http://10.245.168.43:9696/v2.0/routers 1.463s[00m
2018-10-04 09:50:00.300 5037 INFO tempest.lib.common.rest_client [req-0a1e4efc-045b-4643-9f6d-8e2de411a324 ] Request (RoutersTest:test_create_show_list_update_delete_router): 200 GET http://10.245.168.43:9696/v2.0/routers/8d3ef4e5-f124-4146-8fe5-088565c2b16f 0.144s[00m
2018-10-04 09:50:00.446 5037 INFO tempest.lib.common.rest_client [req-f8cdbbe6-70a4-4258-b6eb-ea7d38f8996c ] Request (RoutersTest:test_create_show_list_update_delete_router): 200 GET http://10.245.168.43:9696/v2.0/routers 0.145s[00m
2018-10-04 09:50:00.456 5040 INFO tempest.lib.common.rest_client [req-6546bed8-031f-4dbd-9db4-b232948b6bc9 ] Request (BulkNetworkOpsTest:_run_cleanups): 204 DELETE http://10.245.168.43:9696/v2.0/networks/d752920a-0858-4f71-be40-6447a964c070 0.645s[00m
2018-10-04 09:50:01.308 5040 INFO tempest.lib.common.rest_client [req-d320d712-7cce-4f0a-82bf-85fa6b230f45 ] Request (BulkNetworkOpsTest:_run_cleanups): 204 DELETE http://10.245.168.43:9696/v2.0/networks/b4910c19-116b-4258-9b26-732aaf1b40b2 0.851s[00m
2018-10-04 09:50:01.320 5037 INFO tempest.lib.common.rest_client [req-a8b0304b-fc8d-4e95-b89a-4d48e59548fe ] Request (RoutersTest:test_create_show_list_update_delete_router): 200 PUT http://10.245.168.43:9696/v2.0/routers/8d3ef4e5-f124-4146-8fe5-088565c2b16f 0.872s[00m
2018-10-04 09:50:01.439 5040 INFO tempest.lib.common.rest_client [req-02ffad19-12e9-4c13-9b16-161056b743db ] Request (BulkNetworkOpsTest:_run_cleanups): 200 GET http://10.245.168.43:9696/v2.0/networks 0.129s[00m
{1} tempest.api.network.test_networks.BulkNetworkOpsTest.test_bulk_create_delete_network [2.279213s] ... ok
2018-10-04 09:50:01.470 5037 INFO tempest.lib.common.rest_client [req-0c7047f3-ef23-4666-8cca-5b1bbeb7e771 ] Request (RoutersTest:test_create_show_list_update_delete_router): 200 GET http://10.245.168.43:9696/v2.0/routers/8d3ef4e5-f124-4146-8fe5-088565c2b16f 0.149s[00m
2018-10-04 09:50:01.553 5037 INFO tempest.lib.common.rest_client [req-9d8dfc7d-12f8-477f-85a4-95ed68f33653 ] Request (RoutersTest:_run_cleanups): 200 GET http://10.245.168.43:9696/v2.0/ports?device_id=8d3ef4e5-f124-4146-8fe5-088565c2b16f 0.081s[00m
2018-10-04 09:50:01.785 5040 INFO tempest.lib.common.rest_client [req-d4492a3b-d818-4070-966f-c9faa05a0b8c ] Request (BulkNetworkOpsTest:test_bulk_create_delete_port): 201 POST http://10.245.168.43:9696/v2.0/networks 0.342s[00m
2018-10-04 09:50:02.000 5040 INFO tempest.lib.common.rest_client [req-e72fa369-05cb-4a97-8b9e-d8e1841ad628 ] Request (BulkNetworkOpsTest:test_bulk_create_delete_port): 201 POST http://10.245.168.43:9696/v2.0/networks 0.214s[00m
2018-10-04 09:50:02.993 5037 INFO tempest.lib.common.rest_client [req-a9f971b6-1b0e-4384-9848-5c1448db1d81 ] Request (RoutersTest:_run_cleanups): 204 DELETE http://10.245.168.43:9696/v2.0/routers/8d3ef4e5-f124-4146-8fe5-088565c2b16f 1.439s[00m
{0} tempest.api.network.test_routers.RoutersTest.test_create_show_list_update_delete_router [4.303069s] ... ok
2018-10-04 09:50:03.031 5037 INFO tempest.lib.common.rest_client [req-423f8799-7612-457a-9630-86026e1f5675 ] Request (RoutersTest:tearDownClass): 200 GET http://10.245.168.43:9696/v2.0/ports?device_id=8d3ef4e5-f124-4146-8fe5-088565c2b16f 0.034s[00m
2018-10-04 09:50:03.088 5037 INFO tempest.lib.common.rest_client [req-a6df1c15-bccc-4232-9385-9a67b2c385d9 ] Request (RoutersTest:tearDownClass): 404 DELETE http://10.245.168.43:9696/v2.0/routers/8d3ef4e5-f124-4146-8fe5-088565c2b16f 0.056s[00m
2018-10-04 09:50:03.126 5037 INFO tempest.lib.common.rest_client [req-d5e38388-3db1-4e1a-b28a-378f046734a3 ] Request (RoutersTest:tearDownClass): 200 GET http://10.245.168.43:9696/v2.0/ports?device_id=98829057-f5e7-4303-b2f2-0275386865aa 0.036s[00m
2018-10-04 09:50:03.170 5040 INFO tempest.lib.common.rest_client [req-fd5ac652-d8f4-4a0c-ba86-c2b7e18f17b3 ] Request (BulkNetworkOpsTest:test_bulk_create_delete_port): 201 POST http://10.245.168.43:9696/v2.0/ports 1.165s[00m
2018-10-04 09:50:03.176 5037 INFO tempest.lib.common.rest_client [req-37101089-d81a-49e6-a35e-1b60e14ee41e ] Request (RoutersTest:tearDownClass): 404 DELETE http://10.245.168.43:9696/v2.0/routers/98829057-f5e7-4303-b2f2-0275386865aa 0.050s[00m
2018-10-04 09:50:03.208 5037 INFO tempest.lib.common.rest_client [req-31d3e8f7-9eb1-472c-bf9e-5d4dd5c278ae ] Request (RoutersTest:tearDownClass): 404 DELETE http://10.245.168.43:9696/v2.0/subnets/7b86fddc-2d32-4c6b-b57a-6170df875fc4 0.030s[00m
2018-10-04 09:50:03.236 5040 INFO tempest.lib.common.rest_client [req-74016d2e-b727-4ccb-9833-cffe10d94db7 ] Request (BulkNetworkOpsTest:test_bulk_create_delete_port): 200 GET http://10.245.168.43:9696/v2.0/ports 0.065s[00m
2018-10-04 09:50:03.243 5037 INFO tempest.lib.common.rest_client [req-58406d4f-1f72-4854-9316-6a591962c7e6 ] Request (RoutersTest:tearDownClass): 200 GET http://10.245.168.43:9696/v2.0/ports?device_id=517519a3-869e-4a92-893d-eafe8b2ddcf3 0.034s[00m
2018-10-04 09:50:03.291 5037 INFO tempest.lib.common.rest_client [req-4099e19e-88ab-4f3c-bf02-1c5e294322b3 ] Request (RoutersTest:tearDownClass): 404 DELETE http://10.245.168.43:9696/v2.0/routers/517519a3-869e-4a92-893d-eafe8b2ddcf3 0.048s[00m
2018-10-04 09:50:03.329 5037 INFO tempest.lib.common.rest_client [req-b4d2b418-b9fc-4113-a919-65ebac542363 ] Request (RoutersTest:tearDownClass): 404 DELETE http://10.245.168.43:9696/v2.0/subnets/7399ee28-034d-4247-84c6-e5db5cfb4797 0.038s[00m
2018-10-04 09:50:03.364 5037 INFO tempest.lib.common.rest_client [req-fa7cb4c1-edd3-48ca-a90d-687e30a4ae04 ] Request (RoutersTest:tearDownClass): 200 GET http://10.245.168.43:9696/v2.0/ports?device_id=5ed52a9d-9540-44d4-9888-6a91948bdd75 0.034s[00m
2018-10-04 09:50:03.415 5037 INFO tempest.lib.common.rest_client [req-71e45425-3655-48e5-891d-c232c2309266 ] Request (RoutersTest:tearDownClass): 404 DELETE http://10.245.168.43:9696/v2.0/routers/5ed52a9d-9540-44d4-9888-6a91948bdd75 0.049s[00m
2018-10-04 09:50:03.454 5037 INFO tempest.lib.common.rest_client [req-91db9cd6-2538-4abc-8fb7-9fcf089476cc ] Request (RoutersTest:tearDownClass): 404 DELETE http://10.245.168.43:9696/v2.0/subnets/e9a407cd-7966-4f8c-9462-35d9c6304118 0.038s[00m
2018-10-04 09:50:03.488 5037 INFO tempest.lib.common.rest_client [req-919c4f65-7554-4507-b1d2-510b19107ecd ] Request (RoutersTest:tearDownClass): 404 DELETE http://10.245.168.43:9696/v2.0/subnets/dbdc08dc-c571-4396-8b40-a9ed70e7c172 0.034s[00m
2018-10-04 09:50:03.627 5037 INFO tempest.lib.common.rest_client [req-a9f7066e-edc6-4960-94b9-de9d2d72c741 ] Request (RoutersTest:tearDownClass): 204 DELETE http://10.245.168.46:35357/v3/users/d87be9b9a0df4e17826f731c345d0827 0.137s[00m
2018-10-04 09:50:03.865 5040 INFO tempest.lib.common.rest_client [req-5d5bb47f-d9f2-4490-8c09-19b90af0a3d4 ] Request (BulkNetworkOpsTest:_run_cleanups): 204 DELETE http://10.245.168.43:9696/v2.0/ports/f4805610-41c7-453b-8554-0ad68163a473 0.627s[00m
2018-10-04 09:50:04.022 5037 INFO tempest.lib.common.rest_client [req-3ee19bd3-e66e-46df-a2d1-28f65fa1474d ] Request (RoutersTest:tearDownClass): 201 POST http://10.245.168.46:5000/v3/auth/tokens[00m
2018-10-04 09:50:04.164 5037 INFO tempest.lib.common.rest_client [req-b18da6c6-0957-432e-b3c7-6373f4b50954 ] Request (RoutersTest:tearDownClass): 200 GET http://10.245.168.43:9696/v2.0/security-groups?tenant_id=27e2a5daeeca49ac875beb4073555d77&name=default 0.140s[00m
2018-10-04 09:50:04.340 5037 INFO tempest.lib.common.rest_client [req-60a1ba27-5107-45ec-a1c5-b63285bba80e ] Request (RoutersTest:tearDownClass): 204 DELETE http://10.245.168.43:9696/v2.0/security-groups/537baf6e-a2b5-4875-b0a7-cbdb2591a6c6 0.175s[00m
2018-10-04 09:50:04.411 5040 INFO tempest.lib.common.rest_client [req-8276f4e4-4088-4e05-bc23-9b994a2bb02e ] Request (BulkNetworkOpsTest:_run_cleanups): 204 DELETE http://10.245.168.43:9696/v2.0/ports/5d4836c4-dea3-44e0-866d-0abbb5c262fd 0.545s[00m
2018-10-04 09:50:04.462 5037 INFO tempest.lib.common.rest_client [req-d80ed050-4a83-4a77-acfa-e59ea01b2533 ] Request (RoutersTest:tearDownClass): 204 DELETE http://10.245.168.46:35357/v3/projects/27e2a5daeeca49ac875beb4073555d77 0.121s[00m
{0} setUpClass (tempest.api.network.test_security_groups.SecGroupIPv6Test) ... SKIPPED: IPv6 Tests are disabled.
2018-10-04 09:50:04.473 5040 INFO tempest.lib.common.rest_client [req-16c1b6b7-5f64-4c67-b375-9acd6fc20829 ] Request (BulkNetworkOpsTest:_run_cleanups): 200 GET http://10.245.168.43:9696/v2.0/ports 0.060s[00m
