2018-10-04 09:50:54.909 5040 INFO tempest.lib.common.rest_client [req-dc6beedb-735d-4593-8ff3-50e14587dc6e ] Request (TestServerBasicOps:test_server_basic_ops): 200 POST http://10.245.168.35:8774/v2.1/os-security-group-rules 0.212s[00m
2018-10-04 09:50:55.108 5040 INFO tempest.lib.common.rest_client [req-0c5be4ec-ef60-47ad-a2ba-6f838e59aa77 ] Request (TestServerBasicOps:test_server_basic_ops): 200 POST http://10.245.168.35:8774/v2.1/os-security-group-rules 0.196s[00m
2018-10-04 09:50:55.472 5040 INFO tempest.lib.common.rest_client [req-5b328bf9-b128-468f-bae5-920601731c39 ] Request (TestServerBasicOps:test_server_basic_ops): 201 POST http://10.245.168.46:5000/v3/auth/tokens[00m
2018-10-04 09:50:55.474 5040 INFO tempest.lib.common.fixed_network [-] (TestServerBasicOps:test_server_basic_ops) Found network {'id': 'd594425c-dfc1-4870-8e10-5919aca70523', 'name': 'tempest-TestServerBasicOps-1066522653-network', 'tenant_id': 'cda6af072ca44a54a197585fcf20e67e', 'admin_state_up': True, 'mtu': 1458, 'status': 'ACTIVE', 'subnets': [], 'shared': False, 'project_id': 'cda6af072ca44a54a197585fcf20e67e', 'dns_domain': '', 'router:external': False, 'provider:network_type': 'gre', 'provider:physical_network': None, 'provider:segmentation_id': 20, 'availability_zone_hints': [], 'is_default': False, 'availability_zones': [], 'ipv4_address_scope': None, 'ipv6_address_scope': None, 'description': '', 'l2_adjacency': True, 'tags': [], 'created_at': '2018-10-04T09:50:48Z', 'updated_at': '2018-10-04T09:50:48Z', 'revision_number': 1} available for tenant[00m
2018-10-04 09:50:55.844 5037 INFO tempest.lib.common.rest_client [req-e72744e5-2f29-4e38-bd85-c124c14f4d31 ] Request (TestNetworkBasicOps:test_network_basic_ops): 200 GET http://10.245.168.35:8774/v2.1/servers/281b56be-b17e-4ac9-9f48-a55d79544261 0.095s[00m
2018-10-04 09:50:55.851 5037 INFO tempest.common.waiters [-] State transition "BUILD/scheduling" ==> "BUILD/spawning" after 2 second wait[00m
2018-10-04 09:50:56.819 5040 INFO tempest.lib.common.rest_client [req-0685b4a7-796f-4baa-a20c-3b3e26b04a5d ] Request (TestServerBasicOps:test_server_basic_ops): 202 POST http://10.245.168.35:8774/v2.1/servers 1.345s[00m
2018-10-04 09:50:56.885 5040 INFO tempest.lib.common.rest_client [req-fb370128-05b4-4c13-bc27-83e1684e51c8 ] Request (TestServerBasicOps:test_server_basic_ops): 200 GET http://10.245.168.35:8774/v2.1/servers/528b6464-bc83-4bac-b841-0857c454e32c 0.063s[00m
2018-10-04 09:50:57.228 5037 INFO tempest.lib.common.rest_client [req-48b483b3-73c9-4b13-85c6-8489c1f44cb3 ] Request (TestNetworkBasicOps:test_network_basic_ops): 200 GET http://10.245.168.35:8774/v2.1/servers/281b56be-b17e-4ac9-9f48-a55d79544261 0.376s[00m
2018-10-04 09:50:57.966 5040 INFO tempest.lib.common.rest_client [req-3d91911c-abe0-4735-8c58-3ccafc78c77a ] Request (TestServerBasicOps:test_server_basic_ops): 200 GET http://10.245.168.35:8774/v2.1/servers/528b6464-bc83-4bac-b841-0857c454e32c 0.072s[00m
2018-10-04 09:50:58.420 5037 INFO tempest.lib.common.rest_client [req-fac9d5e9-fb92-4ff6-9908-dbaec5570b16 ] Request (TestNetworkBasicOps:test_network_basic_ops): 200 GET http://10.245.168.35:8774/v2.1/servers/281b56be-b17e-4ac9-9f48-a55d79544261 0.182s[00m
2018-10-04 09:50:59.229 5040 INFO tempest.lib.common.rest_client [req-0d3fa43c-f2a9-4824-a1ad-0cc30fb6614e ] Request (TestServerBasicOps:test_server_basic_ops): 200 GET http://10.245.168.35:8774/v2.1/servers/528b6464-bc83-4bac-b841-0857c454e32c 0.255s[00m
2018-10-04 09:50:59.237 5040 INFO tempest.common.waiters [-] State transition "BUILD/scheduling" ==> "BUILD/spawning" after 3 second wait[00m
2018-10-04 09:50:59.604 5037 INFO tempest.lib.common.rest_client [req-71b545d6-f63f-4e44-b6a5-472f95fcef1f ] Request (TestNetworkBasicOps:test_network_basic_ops): 200 GET http://10.245.168.35:8774/v2.1/servers/281b56be-b17e-4ac9-9f48-a55d79544261 0.175s[00m
2018-10-04 09:51:00.436 5040 INFO tempest.lib.common.rest_client [req-032e391c-ed67-4a22-9213-4e27760f5ff5 ] Request (TestServerBasicOps:test_server_basic_ops): 200 GET http://10.245.168.35:8774/v2.1/servers/528b6464-bc83-4bac-b841-0857c454e32c 0.195s[00m
2018-10-04 09:51:00.781 5037 INFO tempest.lib.common.rest_client [req-7ba5cf91-7560-4bc8-abc9-eda444e854c0 ] Request (TestNetworkBasicOps:test_network_basic_ops): 200 GET http://10.245.168.35:8774/v2.1/servers/281b56be-b17e-4ac9-9f48-a55d79544261 0.164s[00m
2018-10-04 09:51:01.624 5040 INFO tempest.lib.common.rest_client [req-f0fbdea9-8a1a-4f29-998f-6a9f5306238c ] Request (TestServerBasicOps:test_server_basic_ops): 200 GET http://10.245.168.35:8774/v2.1/servers/528b6464-bc83-4bac-b841-0857c454e32c 0.177s[00m
2018-10-04 09:51:01.955 5037 INFO tempest.lib.common.rest_client [req-76a8ec4e-464e-42c2-8908-bc4fb6ca6fbe ] Request (TestNetworkBasicOps:test_network_basic_ops): 200 GET http://10.245.168.35:8774/v2.1/servers/281b56be-b17e-4ac9-9f48-a55d79544261 0.163s[00m
2018-10-04 09:51:01.965 5037 INFO tempest.common.waiters [-] State transition "BUILD/spawning" ==> "ACTIVE/None" after 8 second wait[00m
2018-10-04 09:51:02.130 5037 INFO tempest.lib.common.rest_client [req-7a6e32c7-64b9-4994-acdd-bf79f15f5a85 ] Request (TestNetworkBasicOps:test_network_basic_ops): 200 GET http://10.245.168.35:8774/v2.1/servers/281b56be-b17e-4ac9-9f48-a55d79544261 0.163s[00m
2018-10-04 09:51:02.141 5037 INFO tempest.scenario.manager [-] Tenant networks not configured to be reachable.[00m
2018-10-04 09:51:02.192 5037 INFO tempest.lib.common.rest_client [req-d6537806-f4ea-4b56-82c2-fb9ee3b14c3e ] Request (TestNetworkBasicOps:test_network_basic_ops): 200 GET http://10.245.168.43:9696/v2.0/ports?device_id=281b56be-b17e-4ac9-9f48-a55d79544261 0.049s[00m
2018-10-04 09:51:02.818 5040 INFO tempest.lib.common.rest_client [req-fbb4ed3d-2cb6-493e-aafa-b986d4de19dd ] Request (TestServerBasicOps:test_server_basic_ops): 200 GET http://10.245.168.35:8774/v2.1/servers/528b6464-bc83-4bac-b841-0857c454e32c 0.181s[00m
2018-10-04 09:51:04.193 5040 INFO tempest.lib.common.rest_client [req-e2083e77-1ac0-413a-9ae2-481d0cb4d6b5 ] Request (TestServerBasicOps:test_server_basic_ops): 200 GET http://10.245.168.35:8774/v2.1/servers/528b6464-bc83-4bac-b841-0857c454e32c 0.364s[00m
2018-10-04 09:51:04.203 5040 INFO tempest.common.waiters [-] State transition "BUILD/spawning" ==> "ACTIVE/None" after 8 second wait[00m
2018-10-04 09:51:04.446 5040 INFO tempest.lib.common.rest_client [req-56bdfd77-72e7-4319-86d8-3a1c9f490253 ] Request (TestServerBasicOps:test_server_basic_ops): 200 GET http://10.245.168.35:8774/v2.1/servers/528b6464-bc83-4bac-b841-0857c454e32c 0.241s[00m
2018-10-04 09:51:04.640 5040 INFO tempest.lib.common.rest_client [req-6711d2ee-4e61-4d6e-a899-b60be56e23bb ] Request (TestServerBasicOps:test_server_basic_ops): 200 GET http://10.245.168.35:8774/v2.1/servers/528b6464-bc83-4bac-b841-0857c454e32c 0.186s[00m
2018-10-04 09:51:04.654 5037 INFO tempest.lib.common.rest_client [req-09e383fd-1e0a-424f-8bfc-977787d72ba7 ] Request (TestNetworkBasicOps:test_network_basic_ops): 201 POST http://10.245.168.43:9696/v2.0/floatingips 2.457s[00m
2018-10-04 09:51:04.787 5037 INFO tempest.lib.common.rest_client [req-ac6c5b8a-abc1-4f26-8f44-2bcfaeb4cefe ] Request (TestNetworkBasicOps:test_network_basic_ops): 200 GET http://10.245.168.43:9696/v2.0/floatingips/5ce509d9-25a7-494c-8c0e-fd93256d6031 0.132s[00m
2018-10-04 09:51:05.867 5037 INFO tempest.lib.common.rest_client [req-dcdb5708-cef4-4276-a4ce-adea2f30e415 ] Request (TestNetworkBasicOps:test_network_basic_ops): 200 GET http://10.245.168.43:9696/v2.0/floatingips/5ce509d9-25a7-494c-8c0e-fd93256d6031 0.075s[00m
2018-10-04 09:51:06.360 5040 INFO tempest.lib.common.rest_client [req-161e3acd-d05e-4c97-8318-cf430b5f9339 ] Request (TestServerBasicOps:test_server_basic_ops): 200 POST http://10.245.168.35:8774/v2.1/os-floating-ips 1.709s[00m
2018-10-04 09:51:06.944 5037 INFO tempest.lib.common.rest_client [req-1cceb760-42bf-4c2d-ac80-18cb75ed62d0 ] Request (TestNetworkBasicOps:test_network_basic_ops): 200 GET http://10.245.168.43:9696/v2.0/floatingips/5ce509d9-25a7-494c-8c0e-fd93256d6031 0.074s[00m
2018-10-04 09:51:08.019 5037 INFO tempest.lib.common.rest_client [req-31b95bbf-2b78-484a-874b-0bd4f990d1dd ] Request (TestNetworkBasicOps:test_network_basic_ops): 200 GET http://10.245.168.43:9696/v2.0/floatingips/5ce509d9-25a7-494c-8c0e-fd93256d6031 0.069s[00m
2018-10-04 09:51:08.022 5037 INFO tempest.scenario.manager [-] FloatingIP: {'id': '5ce509d9-25a7-494c-8c0e-fd93256d6031', 'tenant_id': 'f0ee9c65107e49728aa686c64ec77208', 'floating_ip_address': '10.245.173.5', 'floating_network_id': 'd4162451-26f5-41e6-bdbf-4c9ea3937d94', 'router_id': '724ce36c-a32c-40e1-97c6-777704a764fe', 'port_id': 'e62ef0bc-b98b-41a6-9156-0ba888242982', 'fixed_ip_address': '172.16.0.3', 'status': 'DOWN', 'project_id': 'f0ee9c65107e49728aa686c64ec77208', 'description': '', 'port_details': {'name': '', 'network_id': 'afe00a96-c50e-423f-be4a-c7b76254da80', 'mac_address': 'fa:16:3e:0d:d3:39', 'admin_state_up': True, 'status': 'ACTIVE', 'device_id': '281b56be-b17e-4ac9-9f48-a55d79544261', 'device_owner': 'compute:nova'}, 'dns_domain': '', 'dns_name': '', 'tags': [], 'created_at': '2018-10-04T09:51:03Z', 'updated_at': '2018-10-04T09:51:03Z', 'revision_number': 0} is at status: ACTIVE[00m
2018-10-04 09:51:08.094 5037 INFO tempest.lib.common.ssh [-] Creating ssh connection to '10.245.173.5:22' as 'cirros' with public key authentication[00m
2018-10-04 09:51:08.096 5037 WARNING tempest.lib.common.ssh [-] Failed to establish authenticated ssh connection to cirros@10.245.173.5 ([Errno None] Unable to connect to port 22 on 10.245.173.5). Number attempts: 1. Retry after 2 seconds.: paramiko.ssh_exception.NoValidConnectionsError: [Errno None] Unable to connect to port 22 on 10.245.173.5[00m
2018-10-04 09:51:08.767 5040 INFO tempest.lib.common.rest_client [req-aaf16466-7fa3-458e-a3a8-b10a63713709 ] Request (TestServerBasicOps:test_server_basic_ops): 202 POST http://10.245.168.35:8774/v2.1/servers/528b6464-bc83-4bac-b841-0857c454e32c/action 2.402s[00m
2018-10-04 09:51:08.769 5040 INFO tempest.lib.common.ssh [-] Creating ssh connection to '10.245.173.6:22' as 'cirros' with public key authentication[00m
2018-10-04 09:51:10.600 5037 WARNING tempest.lib.common.ssh [-] Failed to establish authenticated ssh connection to cirros@10.245.173.5 ([Errno None] Unable to connect to port 22 on 10.245.173.5). Number attempts: 2. Retry after 3 seconds.: paramiko.ssh_exception.NoValidConnectionsError: [Errno None] Unable to connect to port 22 on 10.245.173.5[00m
2018-10-04 09:51:12.149 5040 WARNING tempest.lib.common.ssh [-] Failed to establish authenticated ssh connection to cirros@10.245.173.6 ([Errno None] Unable to connect to port 22 on 10.245.173.6). Number attempts: 1. Retry after 2 seconds.: paramiko.ssh_exception.NoValidConnectionsError: [Errno None] Unable to connect to port 22 on 10.245.173.6[00m
2018-10-04 09:51:14.110 5037 INFO paramiko.transport [-] Connected (version 2.0, client dropbear_2015.67)[00m
2018-10-04 09:51:14.174 5037 INFO paramiko.transport [-] Authentication (publickey) successful![00m
2018-10-04 09:51:14.175 5037 INFO tempest.lib.common.ssh [-] ssh connection to cirros@10.245.173.5 successfully created[00m
2018-10-04 09:51:14.250 5037 INFO tempest.lib.common.rest_client [req-4d540a18-15ee-485e-98c7-9255cb3d7e14 ] Request (TestNetworkBasicOps:test_network_basic_ops): 200 GET http://10.245.168.43:9696/v2.0/ports?tenant_id=f0ee9c65107e49728aa686c64ec77208&network_id=afe00a96-c50e-423f-be4a-c7b76254da80 0.074s[00m
2018-10-04 09:51:14.255 5037 INFO tempest.lib.common.ssh [-] Creating ssh connection to '10.245.173.5:22' as 'cirros' with public key authentication[00m
2018-10-04 09:51:14.260 5037 INFO paramiko.transport [-] Connected (version 2.0, client dropbear_2015.67)[00m
2018-10-04 09:51:14.390 5037 INFO paramiko.transport [-] Authentication (publickey) successful![00m
2018-10-04 09:51:14.391 5037 INFO tempest.lib.common.ssh [-] ssh connection to cirros@10.245.173.5 successfully created[00m
2018-10-04 09:51:14.392 5037 INFO tempest.lib.common.ssh [-] Creating ssh connection to '10.245.173.5:22' as 'cirros' with public key authentication[00m
2018-10-04 09:51:14.395 5037 INFO paramiko.transport [-] Connected (version 2.0, client dropbear_2015.67)[00m
2018-10-04 09:51:14.527 5037 INFO paramiko.transport [-] Authentication (publickey) successful![00m
2018-10-04 09:51:14.527 5037 INFO tempest.lib.common.ssh [-] ssh connection to cirros@10.245.173.5 successfully created[00m
2018-10-04 09:51:14.535 5037 INFO tempest.lib.common.ssh [-] Creating ssh connection to '10.245.173.5:22' as 'cirros' with public key authentication[00m
2018-10-04 09:51:14.539 5037 INFO paramiko.transport [-] Connected (version 2.0, client dropbear_2015.67)[00m
2018-10-04 09:51:14.657 5040 WARNING tempest.lib.common.ssh [-] Failed to establish authenticated ssh connection to cirros@10.245.173.6 ([Errno None] Unable to connect to port 22 on 10.245.173.6). Number attempts: 2. Retry after 3 seconds.: paramiko.ssh_exception.NoValidConnectionsError: [Errno None] Unable to connect to port 22 on 10.245.173.6[00m
2018-10-04 09:51:14.665 5037 INFO paramiko.transport [-] Authentication (publickey) successful![00m
2018-10-04 09:51:14.665 5037 INFO tempest.lib.common.ssh [-] ssh connection to cirros@10.245.173.5 successfully created[00m
2018-10-04 09:51:14.672 5037 INFO tempest.lib.common.ssh [-] Creating ssh connection to '10.245.173.5:22' as 'cirros' with public key authentication[00m
2018-10-04 09:51:14.676 5037 INFO paramiko.transport [-] Connected (version 2.0, client dropbear_2015.67)[00m
2018-10-04 09:51:14.807 5037 INFO paramiko.transport [-] Authentication (publickey) successful![00m
2018-10-04 09:51:14.809 5037 INFO tempest.lib.common.ssh [-] ssh connection to cirros@10.245.173.5 successfully created[00m
2018-10-04 09:51:14.868 5037 INFO tempest.lib.common.rest_client [req-c549e725-cf52-41f0-9ee4-f7bfebd8e6a0 ] Request (TestNetworkBasicOps:test_network_basic_ops): 200 GET http://10.245.168.43:9696/v2.0/subnets?network_id=d4162451-26f5-41e6-bdbf-4c9ea3937d94 0.052s[00m
2018-10-04 09:51:14.869 5037 INFO tempest.lib.common.ssh [-] Creating ssh connection to '10.245.173.5:22' as 'cirros' with public key authentication[00m
2018-10-04 09:51:14.873 5037 INFO paramiko.transport [-] Connected (version 2.0, client dropbear_2015.67)[00m
2018-10-04 09:51:15.004 5037 INFO paramiko.transport [-] Authentication (publickey) successful![00m
2018-10-04 09:51:15.005 5037 INFO tempest.lib.common.ssh [-] ssh connection to cirros@10.245.173.5 successfully created[00m
2018-10-04 09:51:15.006 5037 INFO tempest.lib.common.ssh [-] Creating ssh connection to '10.245.173.5:22' as 'cirros' with public key authentication[00m
2018-10-04 09:51:15.010 5037 INFO paramiko.transport [-] Connected (version 2.0, client dropbear_2015.67)[00m
2018-10-04 09:51:15.108 5037 INFO paramiko.transport [-] Authentication (publickey) successful![00m
2018-10-04 09:51:15.109 5037 INFO tempest.lib.common.ssh [-] ssh connection to cirros@10.245.173.5 successfully created[00m
2018-10-04 09:51:15.831 5037 INFO tempest.lib.common.rest_client [req-475bb178-a7a7-4369-8424-e34cf7991402 ] Request (TestNetworkBasicOps:test_network_basic_ops): 200 PUT http://10.245.168.43:9696/v2.0/floatingips/5ce509d9-25a7-494c-8c0e-fd93256d6031 0.716s[00m
2018-10-04 09:51:15.890 5037 INFO tempest.lib.common.rest_client [req-9b49d9de-7a94-4c62-a33b-44a384b7fadf ] Request (TestNetworkBasicOps:test_network_basic_ops): 200 GET http://10.245.168.43:9696/v2.0/floatingips/5ce509d9-25a7-494c-8c0e-fd93256d6031 0.058s[00m
2018-10-04 09:51:16.955 5037 INFO tempest.lib.common.rest_client [req-e7cd5446-ac4c-4c32-893d-909c3900b23c ] Request (TestNetworkBasicOps:test_network_basic_ops): 200 GET http://10.245.168.43:9696/v2.0/floatingips/5ce509d9-25a7-494c-8c0e-fd93256d6031 0.061s[00m
2018-10-04 09:51:18.020 5037 INFO tempest.lib.common.rest_client [req-b66e6deb-fa52-4c98-8418-6490a9443b7d ] Request (TestNetworkBasicOps:test_network_basic_ops): 200 GET http://10.245.168.43:9696/v2.0/floatingips/5ce509d9-25a7-494c-8c0e-fd93256d6031 0.062s[00m
2018-10-04 09:51:18.164 5040 WARNING tempest.lib.common.ssh [-] Failed to establish authenticated ssh connection to cirros@10.245.173.6 ([Errno None] Unable to connect to port 22 on 10.245.173.6). Number attempts: 3. Retry after 4 seconds.: paramiko.ssh_exception.NoValidConnectionsError: [Errno None] Unable to connect to port 22 on 10.245.173.6[00m
2018-10-04 09:51:19.083 5037 INFO tempest.lib.common.rest_client [req-c781edfa-d544-4d7c-a41d-b55f98e20a47 ] Request (TestNetworkBasicOps:test_network_basic_ops): 200 GET http://10.245.168.43:9696/v2.0/floatingips/5ce509d9-25a7-494c-8c0e-fd93256d6031 0.060s[00m
2018-10-04 09:51:19.084 5037 INFO tempest.scenario.manager [-] FloatingIP: {'id': '5ce509d9-25a7-494c-8c0e-fd93256d6031', 'tenant_id': 'f0ee9c65107e49728aa686c64ec77208', 'floating_ip_address': '10.245.173.5', 'floating_network_id': 'd4162451-26f5-41e6-bdbf-4c9ea3937d94', 'router_id': None, 'port_id': None, 'fixed_ip_address': None, 'status': 'ACTIVE', 'description': '', 'port_details': None, 'dns_domain': '', 'dns_name': '', 'tags': [], 'created_at': '2018-10-04T09:51:03Z', 'updated_at': '2018-10-04T09:51:15Z', 'revision_number': 2, 'project_id': 'f0ee9c65107e49728aa686c64ec77208'} is at status: DOWN[00m
2018-10-04 09:51:20.477 5037 INFO tempest.lib.common.rest_client [req-c99a107b-972b-40c3-bc98-0a27f269c9e6 ] Request (TestNetworkBasicOps:test_network_basic_ops): 200 POST http://10.245.168.35:8774/v2.1/os-keypairs 0.378s[00m
2018-10-04 09:51:20.635 5037 INFO tempest.lib.common.rest_client [req-8c013561-44b5-4411-b5d1-80dcd25744b4 ] Request (TestNetworkBasicOps:test_network_basic_ops): 201 POST http://10.245.168.43:9696/v2.0/security-groups 0.152s[00m
2018-10-04 09:51:20.763 5037 INFO tempest.lib.common.rest_client [req-2e9031f9-6d9f-405a-b425-ef7ae065939f ] Request (TestNetworkBasicOps:test_network_basic_ops): 201 POST http://10.245.168.43:9696/v2.0/security-group-rules 0.127s[00m
2018-10-04 09:51:21.027 5037 INFO tempest.lib.common.rest_client [req-5f228e11-35f1-4208-8f0f-6798de78c337 ] Request (TestNetworkBasicOps:test_network_basic_ops): 201 POST http://10.245.168.43:9696/v2.0/security-group-rules 0.262s[00m
2018-10-04 09:51:21.156 5037 INFO tempest.lib.common.rest_client [req-eb0ed1b7-d24d-471a-a98b-cf9e75caea32 ] Request (TestNetworkBasicOps:test_network_basic_ops): 201 POST http://10.245.168.43:9696/v2.0/security-group-rules 0.127s[00m
2018-10-04 09:51:21.284 5037 INFO tempest.lib.common.rest_client [req-b9d6faf4-2ad8-425a-9486-b222f2fe5c15 ] Request (TestNetworkBasicOps:test_network_basic_ops): 201 POST http://10.245.168.43:9696/v2.0/security-group-rules 0.127s[00m
2018-10-04 09:51:21.414 5037 INFO tempest.lib.common.rest_client [req-8436381c-2abe-45c9-98f0-c4690c44cc33 ] Request (TestNetworkBasicOps:test_network_basic_ops): 201 POST http://10.245.168.43:9696/v2.0/security-group-rules 0.129s[00m
2018-10-04 09:51:21.555 5037 INFO tempest.lib.common.rest_client [req-9a303057-cc24-488c-a9d2-2ea150263a79 ] Request (TestNetworkBasicOps:test_network_basic_ops): 201 POST http://10.245.168.43:9696/v2.0/security-group-rules 0.140s[00m
2018-10-04 09:51:21.931 5037 INFO tempest.lib.common.rest_client [req-072a666a-486d-4cc7-90db-b647d73183e4 ] Request (TestNetworkBasicOps:test_network_basic_ops): 201 POST http://10.245.168.46:5000/v3/auth/tokens[00m
2018-10-04 09:51:21.932 5037 INFO tempest.lib.common.fixed_network [-] (TestNetworkBasicOps:test_network_basic_ops) Found network None available for tenant[00m
2018-10-04 09:51:22.647 5037 INFO tempest.lib.common.rest_client [req-5bac4829-76cd-42da-b73d-0b5168de7ff7 ] Request (TestNetworkBasicOps:test_network_basic_ops): 202 POST http://10.245.168.35:8774/v2.1/servers 0.710s[00m
2018-10-04 09:51:22.670 5040 INFO paramiko.transport [-] Connected (version 2.0, client dropbear_2015.67)[00m
2018-10-04 09:51:22.712 5037 INFO tempest.lib.common.rest_client [req-104662b1-37a4-4b27-ad4a-91c997b30cf0 ] Request (TestNetworkBasicOps:test_network_basic_ops): 200 GET http://10.245.168.35:8774/v2.1/servers/2af3e785-a0ce-4002-9eb6-43bd7fb56550 0.060s[00m
2018-10-04 09:51:22.730 5040 INFO paramiko.transport [-] Authentication (publickey) successful![00m
2018-10-04 09:51:22.732 5040 INFO tempest.lib.common.ssh [-] ssh connection to cirros@10.245.173.6 successfully created[00m
2018-10-04 09:51:22.733 5040 INFO tempest.lib.common.ssh [-] Creating ssh connection to '10.245.173.6:22' as 'cirros' with public key authentication[00m
2018-10-04 09:51:22.737 5040 INFO paramiko.transport [-] Connected (version 2.0, client dropbear_2015.67)[00m
2018-10-04 09:51:22.794 5040 INFO paramiko.transport [-] Authentication (publickey) successful![00m
2018-10-04 09:51:22.795 5040 INFO tempest.lib.common.ssh [-] ssh connection to cirros@10.245.173.6 successfully created[00m
2018-10-04 09:51:22.924 5040 INFO tempest.lib.common.ssh [-] Creating ssh connection to '10.245.173.6:22' as 'cirros' with public key authentication[00m
2018-10-04 09:51:22.928 5040 INFO paramiko.transport [-] Connected (version 2.0, client dropbear_2015.67)[00m
2018-10-04 09:51:22.988 5040 INFO paramiko.transport [-] Authentication (publickey) successful![00m
2018-10-04 09:51:22.990 5040 INFO tempest.lib.common.ssh [-] ssh connection to cirros@10.245.173.6 successfully created[00m
2018-10-04 09:51:23.339 5040 INFO tempest.lib.common.rest_client [req-31eefdc5-6ca6-4fd5-a4ae-3ae0184821b1 ] Request (TestServerBasicOps:test_server_basic_ops): 200 GET http://10.245.168.35:8774/v2.1/servers/528b6464-bc83-4bac-b841-0857c454e32c/os-server-password 0.063s[00m
2018-10-04 09:51:23.343 5040 INFO tempest.lib.common.ssh [-] Creating ssh connection to '10.245.173.6:22' as 'cirros' with public key authentication[00m
2018-10-04 09:51:23.347 5040 INFO paramiko.transport [-] Connected (version 2.0, client dropbear_2015.67)[00m
2018-10-04 09:51:23.477 5040 INFO paramiko.transport [-] Authentication (publickey) successful![00m
2018-10-04 09:51:23.478 5040 INFO tempest.lib.common.ssh [-] ssh connection to cirros@10.245.173.6 successfully created[00m
2018-10-04 09:51:23.490 5040 ERROR tempest.lib.common.utils.linux.remote_client [-] (TestServerBasicOps:test_server_basic_ops) Executing command on 10.245.173.6 failed. Error: Command 'set -eu -o pipefail; PATH=$PATH:/sbin; blkid | grep -i config-2', exit status: 1, stderr:

stdout:
: tempest.lib.exceptions.SSHExecCommandFailed: Command 'set -eu -o pipefail; PATH=$PATH:/sbin; blkid | grep -i config-2', exit status: 1, stderr:[00m
2018-10-04 09:51:23.827 5037 INFO tempest.lib.common.rest_client [req-8fb270c1-1070-4035-801d-471de2384b98 ] Request (TestNetworkBasicOps:test_network_basic_ops): 200 GET http://10.245.168.35:8774/v2.1/servers/2af3e785-a0ce-4002-9eb6-43bd7fb56550 0.101s[00m
2018-10-04 09:51:24.944 5037 INFO tempest.lib.common.rest_client [req-95f9a095-f7c3-43dc-b467-2b60ffe83965 ] Request (TestNetworkBasicOps:test_network_basic_ops): 200 GET http://10.245.168.35:8774/v2.1/servers/2af3e785-a0ce-4002-9eb6-43bd7fb56550 0.107s[00m
2018-10-04 09:51:24.954 5037 INFO tempest.common.waiters [-] State transition "BUILD/scheduling" ==> "BUILD/spawning" after 2 second wait[00m
2018-10-04 09:51:26.273 5037 INFO tempest.lib.common.rest_client [req-49027b6a-6b40-45f1-8041-3613bf6fbef4 ] Request (TestNetworkBasicOps:test_network_basic_ops): 200 GET http://10.245.168.35:8774/v2.1/servers/2af3e785-a0ce-4002-9eb6-43bd7fb56550 0.316s[00m
2018-10-04 09:51:26.870 5040 INFO tempest.lib.common.rest_client [req-c6ecd8c6-acb7-441d-9f87-a32b6496b441 ] Request (TestServerBasicOps:_run_cleanups): 202 DELETE http://10.245.168.35:8774/v2.1/os-floating-ips/98288ee8-179c-46c1-9d1c-e3fd5451d44c 3.377s[00m
2018-10-04 09:51:27.081 5040 INFO tempest.lib.common.rest_client [req-1bf1b2f2-b027-4fbd-9dc1-9976349eff8c ] Request (TestServerBasicOps:_run_cleanups): 204 DELETE http://10.245.168.35:8774/v2.1/servers/528b6464-bc83-4bac-b841-0857c454e32c 0.210s[00m
2018-10-04 09:51:27.457 5037 INFO tempest.lib.common.rest_client [req-3943f5f1-219a-4585-83a5-5168b1604a8f ] Request (TestNetworkBasicOps:test_network_basic_ops): 200 GET http://10.245.168.35:8774/v2.1/servers/2af3e785-a0ce-4002-9eb6-43bd7fb56550 0.174s[00m
2018-10-04 09:51:27.453 5040 INFO tempest.lib.common.rest_client [req-7b6be0b8-cf31-4e26-920e-91c3bc5efae5 ] Request (TestServerBasicOps:_run_cleanups): 200 GET http://10.245.168.35:8774/v2.1/servers/528b6464-bc83-4bac-b841-0857c454e32c 0.370s[00m
2018-10-04 09:51:28.580 5040 INFO tempest.lib.common.rest_client [req-6d6d2410-e6d2-45fb-9387-da7e0d8363b8 ] Request (TestServerBasicOps:_run_cleanups): 200 GET http://10.245.168.35:8774/v2.1/servers/528b6464-bc83-4bac-b841-0857c454e32c 0.112s[00m
2018-10-04 09:51:28.716 5037 INFO tempest.lib.common.rest_client [req-175faa41-8757-4191-8039-a29f19feea13 ] Request (TestNetworkBasicOps:test_network_basic_ops): 200 GET http://10.245.168.35:8774/v2.1/servers/2af3e785-a0ce-4002-9eb6-43bd7fb56550 0.251s[00m
2018-10-04 09:51:29.755 5040 INFO tempest.lib.common.rest_client [req-554f17b9-529c-4776-889a-524a9769e3fa ] Request (TestServerBasicOps:_run_cleanups): 404 GET http://10.245.168.35:8774/v2.1/servers/528b6464-bc83-4bac-b841-0857c454e32c 0.165s[00m
2018-10-04 09:51:29.983 5037 INFO tempest.lib.common.rest_client [req-1f9ebd07-32be-4a91-ae28-0976d9728b7c ] Request (TestNetworkBasicOps:test_network_basic_ops): 200 GET http://10.245.168.35:8774/v2.1/servers/2af3e785-a0ce-4002-9eb6-43bd7fb56550 0.257s[00m
2018-10-04 09:51:30.022 5040 INFO tempest.lib.common.rest_client [req-c308f2cc-822d-498d-9eb6-51bd8734b194 ] Request (TestServerBasicOps:_run_cleanups): 202 DELETE http://10.245.168.35:8774/v2.1/os-security-groups/0a7423a3-fd37-47f5-8140-f170652853dd 0.266s[00m
2018-10-04 09:51:30.046 5040 INFO tempest.lib.common.rest_client [req-357fb4b4-d348-4e0a-94a5-0c490dd9f637 ] Request (TestServerBasicOps:_run_cleanups): 202 DELETE http://10.245.168.35:8774/v2.1/os-keypairs/tempest-TestServerBasicOps-2068499044 0.023s[00m
{1} tempest.scenario.test_server_basic_ops.TestServerBasicOps.test_server_basic_ops [35.855521s] ... FAILED

Captured traceback:
~~~~~~~~~~~~~~~~~~~
    b'Traceback (most recent call last):'
    b'  File "/home/jenkins/tools/openstack-charm-testing/tempest/tempest/common/utils/__init__.py", line 89, in wrapper'
    b'    return f(*func_args, **func_kwargs)'
    b'  File "/home/jenkins/tools/openstack-charm-testing/tempest/tempest/scenario/test_server_basic_ops.py", line 137, in test_server_basic_ops'
    b'    self.verify_metadata_on_config_drive()'
    b'  File "/home/jenkins/tools/openstack-charm-testing/tempest/tempest/scenario/test_server_basic_ops.py", line 99, in verify_metadata_on_config_drive'
    b'    self.ssh_client.mount_config_drive()'
    b'  File "/home/jenkins/tools/openstack-charm-testing/tempest/tempest/lib/common/utils/linux/remote_client.py", line 138, in mount_config_drive'
    b'    result = self.exec_command(cmd_blkid)'
    b'  File "/home/jenkins/tools/openstack-charm-testing/tempest/tempest/lib/common/utils/linux/remote_client.py", line 33, in wrapper'
    b'    return function(self, *args, **kwargs)'
    b'  File "/home/jenkins/tools/openstack-charm-testing/tempest/tempest/lib/common/utils/linux/remote_client.py", line 108, in exec_command'
    b'    return self.ssh_client.exec_command(cmd)'
    b'  File "/home/jenkins/tools/openstack-charm-testing/tempest/tempest/lib/common/ssh.py", line 202, in exec_command'
    b'    stderr=err_data, stdout=out_data)'
    b"tempest.lib.exceptions.SSHExecCommandFailed: Command 'set -eu -o pipefail; PATH=$PATH:/sbin; blkid | grep -i config-2', exit status: 1, stderr:"
    b''
    b'stdout:'
    b''
    b''

Captured pythonlogging:
~~~~~~~~~~~~~~~~~~~~~~~
    b'2018-10-04 09:50:54,497 5040 INFO     [tempest.lib.common.rest_client] Request (TestServerBasicOps:test_server_basic_ops): 200 POST http://10.245.168.35:8774/v2.1/os-keypairs 0.304s'
    b'2018-10-04 09:50:54,693 5040 INFO     [tempest.lib.common.rest_client] Request (TestServerBasicOps:test_server_basic_ops): 200 POST http://10.245.168.35:8774/v2.1/os-security-groups 0.193s'
    b'2018-10-04 09:50:54,909 5040 INFO     [tempest.lib.common.rest_client] Request (TestServerBasicOps:test_server_basic_ops): 200 POST http://10.245.168.35:8774/v2.1/os-security-group-rules 0.212s'
    b'2018-10-04 09:50:55,108 5040 INFO     [tempest.lib.common.rest_client] Request (TestServerBasicOps:test_server_basic_ops): 200 POST http://10.245.168.35:8774/v2.1/os-security-group-rules 0.196s'
    b'2018-10-04 09:50:55,472 5040 INFO     [tempest.lib.common.rest_client] Request (TestServerBasicOps:test_server_basic_ops): 201 POST http://10.245.168.46:5000/v3/auth/tokens'
    b"2018-10-04 09:50:55,474 5040 INFO     [tempest.lib.common.fixed_network] (TestServerBasicOps:test_server_basic_ops) Found network {'id': 'd594425c-dfc1-4870-8e10-5919aca70523', 'name': 'tempest-TestServerBasicOps-1066522653-network', 'tenant_id': 'cda6af072ca44a54a197585fcf20e67e', 'admin_state_up': True, 'mtu': 1458, 'status': 'ACTIVE', 'subnets': [], 'shared': False, 'project_id': 'cda6af072ca44a54a197585fcf20e67e', 'dns_domain': '', 'router:external': False, 'provider:network_type': 'gre', 'provider:physical_network': None, 'provider:segmentation_id': 20, 'availability_zone_hints': [], 'is_default': False, 'availability_zones': [], 'ipv4_address_scope': None, 'ipv6_address_scope': None, 'description': '', 'l2_adjacency': True, 'tags': [], 'created_at': '2018-10-04T09:50:48Z', 'updated_at': '2018-10-04T09:50:48Z', 'revision_number': 1} available for tenant"
    b'2018-10-04 09:50:56,819 5040 INFO     [tempest.lib.common.rest_client] Request (TestServerBasicOps:test_server_basic_ops): 202 POST http://10.245.168.35:8774/v2.1/servers 1.345s'
    b'2018-10-04 09:50:56,885 5040 INFO     [tempest.lib.common.rest_client] Request (TestServerBasicOps:test_server_basic_ops): 200 GET http://10.245.168.35:8774/v2.1/servers/528b6464-bc83-4bac-b841-0857c454e32c 0.063s'
    b'2018-10-04 09:50:57,966 5040 INFO     [tempest.lib.common.rest_client] Request (TestServerBasicOps:test_server_basic_ops): 200 GET http://10.245.168.35:8774/v2.1/servers/528b6464-bc83-4bac-b841-0857c454e32c 0.072s'
    b'2018-10-04 09:50:59,229 5040 INFO     [tempest.lib.common.rest_client] Request (TestServerBasicOps:test_server_basic_ops): 200 GET http://10.245.168.35:8774/v2.1/servers/528b6464-bc83-4bac-b841-0857c454e32c 0.255s'
    b'2018-10-04 09:50:59,237 5040 INFO     [tempest.common.waiters] State transition "BUILD/scheduling" ==> "BUILD/spawning" after 3 second wait'
    b'2018-10-04 09:51:00,436 5040 INFO     [tempest.lib.common.rest_client] Request (TestServerBasicOps:test_server_basic_ops): 200 GET http://10.245.168.35:8774/v2.1/servers/528b6464-bc83-4bac-b841-0857c454e32c 0.195s'
    b'2018-10-04 09:51:01,624 5040 INFO     [tempest.lib.common.rest_client] Request (TestServerBasicOps:test_server_basic_ops): 200 GET http://10.245.168.35:8774/v2.1/servers/528b6464-bc83-4bac-b841-0857c454e32c 0.177s'
    b'2018-10-04 09:51:02,818 5040 INFO     [tempest.lib.common.rest_client] Request (TestServerBasicOps:test_server_basic_ops): 200 GET http://10.245.168.35:8774/v2.1/servers/528b6464-bc83-4bac-b841-0857c454e32c 0.181s'
    b'2018-10-04 09:51:04,193 5040 INFO     [tempest.lib.common.rest_client] Request (TestServerBasicOps:test_server_basic_ops): 200 GET http://10.245.168.35:8774/v2.1/servers/528b6464-bc83-4bac-b841-0857c454e32c 0.364s'
    b'2018-10-04 09:51:04,203 5040 INFO     [tempest.common.waiters] State transition "BUILD/spawning" ==> "ACTIVE/None" after 8 second wait'
    b'2018-10-04 09:51:04,446 5040 INFO     [tempest.lib.common.rest_client] Request (TestServerBasicOps:test_server_basic_ops): 200 GET http://10.245.168.35:8774/v2.1/servers/528b6464-bc83-4bac-b841-0857c454e32c 0.241s'
    b'2018-10-04 09:51:04,640 5040 INFO     [tempest.lib.common.rest_client] Request (TestServerBasicOps:test_server_basic_ops): 200 GET http://10.245.168.35:8774/v2.1/servers/528b6464-bc83-4bac-b841-0857c454e32c 0.186s'
    b'2018-10-04 09:51:06,360 5040 INFO     [tempest.lib.common.rest_client] Request (TestServerBasicOps:test_server_basic_ops): 200 POST http://10.245.168.35:8774/v2.1/os-floating-ips 1.709s'
    b'2018-10-04 09:51:08,767 5040 INFO     [tempest.lib.common.rest_client] Request (TestServerBasicOps:test_server_basic_ops): 202 POST http://10.245.168.35:8774/v2.1/servers/528b6464-bc83-4bac-b841-0857c454e32c/action 2.402s'
    b"2018-10-04 09:51:08,769 5040 INFO     [tempest.lib.common.ssh] Creating ssh connection to '10.245.173.6:22' as 'cirros' with public key authentication"
    b'2018-10-04 09:51:12,149 5040 WARNING  [tempest.lib.common.ssh] Failed to establish authenticated ssh connection to cirros@10.245.173.6 ([Errno None] Unable to connect to port 22 on 10.245.173.6). Number attempts: 1. Retry after 2 seconds.'
    b'2018-10-04 09:51:14,657 5040 WARNING  [tempest.lib.common.ssh] Failed to establish authenticated ssh connection to cirros@10.245.173.6 ([Errno None] Unable to connect to port 22 on 10.245.173.6). Number attempts: 2. Retry after 3 seconds.'
    b'2018-10-04 09:51:18,164 5040 WARNING  [tempest.lib.common.ssh] Failed to establish authenticated ssh connection to cirros@10.245.173.6 ([Errno None] Unable to connect to port 22 on 10.245.173.6). Number attempts: 3. Retry after 4 seconds.'
    b'2018-10-04 09:51:22,670 5040 INFO     [paramiko.transport] Connected (version 2.0, client dropbear_2015.67)'
    b'2018-10-04 09:51:22,730 5040 INFO     [paramiko.transport] Authentication (publickey) successful!'
    b'2018-10-04 09:51:22,732 5040 INFO     [tempest.lib.common.ssh] ssh connection to cirros@10.245.173.6 successfully created'
    b"2018-10-04 09:51:22,733 5040 INFO     [tempest.lib.common.ssh] Creating ssh connection to '10.245.173.6:22' as 'cirros' with public key authentication"
    b'2018-10-04 09:51:22,737 5040 INFO     [paramiko.transport] Connected (version 2.0, client dropbear_2015.67)'
    b'2018-10-04 09:51:22,794 5040 INFO     [paramiko.transport] Authentication (publickey) successful!'
    b'2018-10-04 09:51:22,795 5040 INFO     [tempest.lib.common.ssh] ssh connection to cirros@10.245.173.6 successfully created'
    b"2018-10-04 09:51:22,924 5040 INFO     [tempest.lib.common.ssh] Creating ssh connection to '10.245.173.6:22' as 'cirros' with public key authentication"
    b'2018-10-04 09:51:22,928 5040 INFO     [paramiko.transport] Connected (version 2.0, client dropbear_2015.67)'
    b'2018-10-04 09:51:22,988 5040 INFO     [paramiko.transport] Authentication (publickey) successful!'
    b'2018-10-04 09:51:22,990 5040 INFO     [tempest.lib.common.ssh] ssh connection to cirros@10.245.173.6 successfully created'
    b'2018-10-04 09:51:23,339 5040 INFO     [tempest.lib.common.rest_client] Request (TestServerBasicOps:test_server_basic_ops): 200 GET http://10.245.168.35:8774/v2.1/servers/528b6464-bc83-4bac-b841-0857c454e32c/os-server-password 0.063s'
    b"2018-10-04 09:51:23,343 5040 INFO     [tempest.lib.common.ssh] Creating ssh connection to '10.245.173.6:22' as 'cirros' with public key authentication"
    b'2018-10-04 09:51:23,347 5040 INFO     [paramiko.transport] Connected (version 2.0, client dropbear_2015.67)'
    b'2018-10-04 09:51:23,477 5040 INFO     [paramiko.transport] Authentication (publickey) successful!'
    b'2018-10-04 09:51:23,478 5040 INFO     [tempest.lib.common.ssh] ssh connection to cirros@10.245.173.6 successfully created'
    b"2018-10-04 09:51:23,490 5040 ERROR    [tempest.lib.common.utils.linux.remote_client] (TestServerBasicOps:test_server_basic_ops) Executing command on 10.245.173.6 failed. Error: Command 'set -eu -o pipefail; PATH=$PATH:/sbin; blkid | grep -i config-2', exit status: 1, stderr:"
    b''
    b'stdout:'
    b''
    b'2018-10-04 09:51:26,870 5040 INFO     [tempest.lib.common.rest_client] Request (TestServerBasicOps:_run_cleanups): 202 DELETE http://10.245.168.35:8774/v2.1/os-floating-ips/98288ee8-179c-46c1-9d1c-e3fd5451d44c 3.377s'
    b'2018-10-04 09:51:27,081 5040 INFO     [tempest.lib.common.rest_client] Request (TestServerBasicOps:_run_cleanups): 204 DELETE http://10.245.168.35:8774/v2.1/servers/528b6464-bc83-4bac-b841-0857c454e32c 0.210s'
    b'2018-10-04 09:51:27,453 5040 INFO     [tempest.lib.common.rest_client] Request (TestServerBasicOps:_run_cleanups): 200 GET http://10.245.168.35:8774/v2.1/servers/528b6464-bc83-4bac-b841-0857c454e32c 0.370s'
    b'2018-10-04 09:51:28,580 5040 INFO     [tempest.lib.common.rest_client] Request (TestServerBasicOps:_run_cleanups): 200 GET http://10.245.168.35:8774/v2.1/servers/528b6464-bc83-4bac-b841-0857c454e32c 0.112s'
    b'2018-10-04 09:51:29,755 5040 INFO     [tempest.lib.common.rest_client] Request (TestServerBasicOps:_run_cleanups): 404 GET http://10.245.168.35:8774/v2.1/servers/528b6464-bc83-4bac-b841-0857c454e32c 0.165s'
    b'2018-10-04 09:51:30,022 5040 INFO     [tempest.lib.common.rest_client] Request (TestServerBasicOps:_run_cleanups): 202 DELETE http://10.245.168.35:8774/v2.1/os-security-groups/0a7423a3-fd37-47f5-8140-f170652853dd 0.266s'
    b'2018-10-04 09:51:30,046 5040 INFO     [tempest.lib.common.rest_client] Request (TestServerBasicOps:_run_cleanups): 202 DELETE http://10.245.168.35:8774/v2.1/os-keypairs/tempest-TestServerBasicOps-2068499044 0.023s'
    b''
2018-10-04 09:51:31.267 5037 INFO tempest.lib.common.rest_client [req-03ce9c2e-a258-487d-af26-0cc5727554b0 ] Request (TestNetworkBasicOps:test_network_basic_ops): 200 GET http://10.245.168.35:8774/v2.1/servers/2af3e785-a0ce-4002-9eb6-43bd7fb56550 0.275s[00m
2018-10-04 09:51:32.456 5037 INFO tempest.lib.common.rest_client [req-087c9c18-54c6-4a99-b190-c780cbc16091 ] Request (TestNetworkBasicOps:test_network_basic_ops): 200 GET http://10.245.168.35:8774/v2.1/servers/2af3e785-a0ce-4002-9eb6-43bd7fb56550 0.179s[00m
2018-10-04 09:51:32.467 5037 INFO tempest.common.waiters [-] State transition "BUILD/spawning" ==> "ACTIVE/None" after 10 second wait[00m
2018-10-04 09:51:32.602 5040 INFO tempest.lib.common.rest_client [req-d46fa6ec-8c1f-4db6-989d-bbd1569016bc ] Request (TestServerBasicOps:tearDownClass): 200 PUT http://10.245.168.43:9696/v2.0/routers/f25b293a-8cdd-4a5a-8468-316494f11ff7/remove_router_interface 2.552s[00m
2018-10-04 09:51:32.663 5037 INFO tempest.lib.common.rest_client [req-e8c67bee-3118-488a-8faa-1015d31d8fd8 ] Request (TestNetworkBasicOps:test_network_basic_ops): 200 GET http://10.245.168.35:8774/v2.1/servers/2af3e785-a0ce-4002-9eb6-43bd7fb56550 0.194s[00m
2018-10-04 09:51:32.726 5037 INFO tempest.lib.common.rest_client [req-78193299-f6eb-492a-91b0-5d003154ca40 ] Request (TestNetworkBasicOps:test_network_basic_ops): 200 GET http://10.245.168.43:9696/v2.0/ports?device_id=2af3e785-a0ce-4002-9eb6-43bd7fb56550 0.056s[00m
2018-10-04 09:51:33.880 5040 INFO tempest.lib.common.rest_client [req-71b3e729-4b58-43f3-af67-22e707ced0ab ] Request (TestServerBasicOps:tearDownClass): 204 DELETE http://10.245.168.43:9696/v2.0/routers/f25b293a-8cdd-4a5a-8468-316494f11ff7 1.277s[00m
2018-10-04 09:51:34.169 5037 INFO tempest.lib.common.rest_client [req-430f279e-93c2-4419-bb52-68e629e8007a ] Request (TestNetworkBasicOps:test_network_basic_ops): 200 PUT http://10.245.168.43:9696/v2.0/floatingips/5ce509d9-25a7-494c-8c0e-fd93256d6031 1.439s[00m
2018-10-04 09:51:34.245 5037 INFO tempest.lib.common.rest_client [req-f296dd54-140f-4842-aa0d-8af3ff86f8d2 ] Request (TestNetworkBasicOps:test_network_basic_ops): 200 GET http://10.245.168.43:9696/v2.0/floatingips/5ce509d9-25a7-494c-8c0e-fd93256d6031 0.075s[00m
2018-10-04 09:51:35.336 5037 INFO tempest.lib.common.rest_client [req-61c7cb7d-bfa9-435e-a247-2084191cb9d6 ] Request (TestNetworkBasicOps:test_network_basic_ops): 200 GET http://10.245.168.43:9696/v2.0/floatingips/5ce509d9-25a7-494c-8c0e-fd93256d6031 0.089s[00m
2018-10-04 09:51:35.430 5040 INFO tempest.lib.common.rest_client [req-1d24ef96-fac9-4ebe-b61a-7c7edfd51cf0 ] Request (TestServerBasicOps:tearDownClass): 204 DELETE http://10.245.168.43:9696/v2.0/subnets/e5a9315a-10bc-46e6-bcbe-d34d5f0790e5 1.548s[00m
2018-10-04 09:51:36.427 5037 INFO tempest.lib.common.rest_client [req-2874ed63-9303-45d3-838d-d9407296e427 ] Request (TestNetworkBasicOps:test_network_basic_ops): 200 GET http://10.245.168.43:9696/v2.0/floatingips/5ce509d9-25a7-494c-8c0e-fd93256d6031 0.088s[00m
2018-10-04 09:51:36.666 5040 INFO tempest.lib.common.rest_client [req-8b225da3-563d-4bea-aed2-94ec83973aca ] Request (TestServerBasicOps:tearDownClass): 204 DELETE http://10.245.168.43:9696/v2.0/networks/d594425c-dfc1-4870-8e10-5919aca70523 1.235s[00m
2018-10-04 09:51:36.810 5040 INFO tempest.lib.common.rest_client [req-ec0f12f0-5d28-4413-9260-159cfeeff3d6 ] Request (TestServerBasicOps:tearDownClass): 204 DELETE http://10.245.168.46:35357/v3/users/a36b7d91eb9f4935bbba6bc4051910d5 0.143s[00m
2018-10-04 09:51:36.862 5040 INFO tempest.lib.common.rest_client [req-21fcf2f7-7459-408e-a597-d8b07e8998d3 ] Request (TestServerBasicOps:tearDownClass): 200 GET http://10.245.168.43:9696/v2.0/security-groups?tenant_id=cda6af072ca44a54a197585fcf20e67e&name=default 0.050s[00m
2018-10-04 09:51:37.024 5040 INFO tempest.lib.common.rest_client [req-20199efc-a68a-435d-9a16-253489ae2f1c ] Request (TestServerBasicOps:tearDownClass): 204 DELETE http://10.245.168.43:9696/v2.0/security-groups/de1333f6-b0dc-4766-84b2-6a3250956f44 0.161s[00m
2018-10-04 09:51:37.156 5040 INFO tempest.lib.common.rest_client [req-de9fbdb0-90a5-4675-b3a0-54a8b3f8bef5 ] Request (TestServerBasicOps:tearDownClass): 204 DELETE http://10.245.168.46:35357/v3/projects/cda6af072ca44a54a197585fcf20e67e 0.131s[00m
2018-10-04 09:51:37.505 5037 INFO tempest.lib.common.rest_client [req-ae38e22c-f6b7-4823-868c-aae9d0ea9128 ] Request (TestNetworkBasicOps:test_network_basic_ops): 200 GET http://10.245.168.43:9696/v2.0/floatingips/5ce509d9-25a7-494c-8c0e-fd93256d6031 0.075s[00m
2018-10-04 09:51:37.508 5037 INFO tempest.scenario.manager [-] FloatingIP: {'id': '5ce509d9-25a7-494c-8c0e-fd93256d6031', 'tenant_id': 'f0ee9c65107e49728aa686c64ec77208', 'floating_ip_address': '10.245.173.5', 'floating_network_id': 'd4162451-26f5-41e6-bdbf-4c9ea3937d94', 'router_id': '724ce36c-a32c-40e1-97c6-777704a764fe', 'port_id': '2fde0954-c862-4b37-b337-1f5a7e81b299', 'fixed_ip_address': '172.16.0.12', 'status': 'DOWN', 'description': '', 'port_details': {'name': '', 'network_id': 'afe00a96-c50e-423f-be4a-c7b76254da80', 'mac_address': 'fa:16:3e:b7:62:06', 'admin_state_up': True, 'status': 'ACTIVE', 'device_id': '2af3e785-a0ce-4002-9eb6-43bd7fb56550', 'device_owner': 'compute:nova'}, 'dns_domain': '', 'dns_name': '', 'tags': [], 'created_at': '2018-10-04T09:51:03Z', 'updated_at': '2018-10-04T09:51:33Z', 'revision_number': 5, 'project_id': 'f0ee9c65107e49728aa686c64ec77208'} is at status: ACTIVE[00m
2018-10-04 09:51:37.554 5040 INFO tempest.lib.common.rest_client [req-005a7111-a85e-4742-a3db-0d86a8f9c16a ] Request (TestServerMultinode:setUpClass): 201 POST http://10.245.168.46:5000/v3/auth/tokens[00m
2018-10-04 09:51:37.940 5040 INFO tempest.lib.common.rest_client [req-8d497966-fb01-430c-8bc8-14aeb48ee23f ] Request (TestServerMultinode:setUpClass): 201 POST http://10.245.168.46:5000/v3/auth/tokens[00m
2018-10-04 09:51:37.978 5040 INFO tempest.lib.common.rest_client [req-431d37f6-2d22-4681-9321-f95c254b2e10 ] Request (TestServerMultinode:setUpClass): 200 GET http://10.245.168.46:35357/v3/domains?name=admin_domain 0.033s[00m
2018-10-04 09:51:38.031 5040 INFO tempest.lib.common.rest_client [req-196bcf78-cf62-417a-bf48-c25255b46366 ] Request (TestServerMultinode:setUpClass): 201 POST http://10.245.168.46:35357/v3/projects 0.050s[00m
2018-10-04 09:51:38.416 5040 INFO tempest.lib.common.rest_client [req-9a276aec-e85c-4122-a37b-55f74b2afe21 ] Request (TestServerMultinode:setUpClass): 201 POST http://10.245.168.46:35357/v3/users 0.381s[00m
2018-10-04 09:51:38.445 5040 INFO tempest.lib.common.rest_client [req-f0099229-05f5-4090-adb3-9db7f282de52 ] Request (TestServerMultinode:setUpClass): 200 GET http://10.245.168.46:35357/v3/roles 0.025s[00m
2018-10-04 09:51:38.471 5040 INFO tempest.lib.common.rest_client [req-595fb039-9eac-4dd3-bd37-d7ee53b97c09 ] Request (TestServerMultinode:setUpClass): 200 GET http://10.245.168.46:35357/v3/roles 0.023s[00m
2018-10-04 09:51:38.533 5040 INFO tempest.lib.common.rest_client [req-c52a6a13-8736-468e-8185-5c50b47bc790 ] Request (TestServerMultinode:setUpClass): 204 PUT http://10.245.168.46:35357/v3/projects/bb7a25a9758445d8a39a232de4d9b224/users/c2fc2b6e37634d4e90249c24e4e56fe7/roles/fb352b97e58f4c41aa90f686a3b4ae71 0.059s[00m
2018-10-04 09:51:38.537 5040 INFO tempest.lib.common.dynamic_creds [-] Acquired dynamic creds:
 credentials: Credentials: {'domain_id': 'f16d2ebb586e416c915c1c13bba6b2a4', 'domain_name': 'admin_domain', 'username': 'tempest-TestServerMultinode-500913686', 'project_domain_id': 'f16d2ebb586e416c915c1c13bba6b2a4', 'project_domain_name': 'admin_domain', 'project_id': 'bb7a25a9758445d8a39a232de4d9b224', 'project_name': 'tempest-TestServerMultinode-500913686', 'tenant_id': 'bb7a25a9758445d8a39a232de4d9b224', 'tenant_name': 'tempest-TestServerMultinode-500913686', 'user_domain_id': 'f16d2ebb586e416c915c1c13bba6b2a4', 'user_domain_name': 'admin_domain', 'user_id': 'c2fc2b6e37634d4e90249c24e4e56fe7'}, Network: None, Subnet: None, Router: None[00m
2018-10-04 09:51:38.936 5040 INFO tempest.lib.common.rest_client [req-3eaf0838-9d2b-43cc-8d9d-114dcd4c3a8a ] Request (TestServerMultinode:setUpClass): 201 POST http://10.245.168.46:5000/v3/auth/tokens[00m
2018-10-04 09:51:39.490 5040 INFO tempest.lib.common.rest_client [req-2263b68a-d981-4334-b776-6c912a5a2cda ] Request (TestServerMultinode:setUpClass): 201 POST http://10.245.168.43:9696/v2.0/networks 0.553s[00m
2018-10-04 09:51:39.532 5037 INFO tempest.lib.common.ssh [-] Creating ssh connection to '10.245.173.5:22' as 'cirros' with public key authentication[00m
2018-10-04 09:51:39.536 5037 WARNING tempest.lib.common.ssh [-] Failed to establish authenticated ssh connection to cirros@10.245.173.5 ([Errno None] Unable to connect to port 22 on 10.245.173.5). Number attempts: 1. Retry after 2 seconds.: paramiko.ssh_exception.NoValidConnectionsError: [Errno None] Unable to connect to port 22 on 10.245.173.5[00m
2018-10-04 09:51:39.933 5040 INFO tempest.lib.common.rest_client [req-67ded814-f4c8-4122-ad40-2a31519da9f8 ] Request (TestServerMultinode:setUpClass): 201 POST http://10.245.168.43:9696/v2.0/subnets 0.441s[00m
2018-10-04 09:51:41.392 5040 INFO tempest.lib.common.rest_client [req-2005badf-f7b8-43c6-8711-d7ba77afaa08 ] Request (TestServerMultinode:setUpClass): 201 POST http://10.245.168.43:9696/v2.0/routers 1.458s[00m
2018-10-04 09:51:42.040 5037 WARNING tempest.lib.common.ssh [-] Failed to establish authenticated ssh connection to cirros@10.245.173.5 ([Errno None] Unable to connect to port 22 on 10.245.173.5). Number attempts: 2. Retry after 3 seconds.: paramiko.ssh_exception.NoValidConnectionsError: [Errno None] Unable to connect to port 22 on 10.245.173.5[00m
2018-10-04 09:51:43.607 5040 INFO tempest.lib.common.rest_client [req-69ab0958-0ca5-4abe-8641-1c4e2c763de5 ] Request (TestServerMultinode:setUpClass): 200 PUT http://10.245.168.43:9696/v2.0/routers/a2220d8f-4b42-4784-98dd-1a1d055e0580/add_router_interface 2.214s[00m
2018-10-04 09:51:43.608 5040 INFO tempest.lib.common.dynamic_creds [-] Created isolated network resources for:
