2018-10-04 09:47:52.150 5037 INFO tempest.lib.common.rest_client [req-005d4271-f0f3-4a82-89de-f45f9deff972 ] Request (ServerAddressesTestJSON:test_list_server_addresses_by_network): 200 GET http://10.245.168.35:8774/v2.1/servers/b4387775-8b0e-4c9e-9f7a-443d5e0479ed/ips 0.050s[00m
2018-10-04 09:47:52.208 5037 INFO tempest.lib.common.rest_client [req-1f268219-3ad5-4eeb-bf4f-7979b967987a ] Request (ServerAddressesTestJSON:test_list_server_addresses_by_network): 200 GET http://10.245.168.35:8774/v2.1/servers/b4387775-8b0e-4c9e-9f7a-443d5e0479ed/ips/tempest-ServerAddressesTestJSON-1861072659-network 0.052s[00m
{0} tempest.api.compute.servers.test_server_addresses.ServerAddressesTestJSON.test_list_server_addresses_by_network [0.115923s] ... ok
2018-10-04 09:47:52.368 5037 INFO tempest.lib.common.rest_client [req-5ff8d018-e1e5-4ec3-aaca-9723f911d61a ] Request (ServerAddressesTestJSON:tearDownClass): 204 DELETE http://10.245.168.35:8774/v2.1/servers/b4387775-8b0e-4c9e-9f7a-443d5e0479ed 0.148s[00m
2018-10-04 09:47:52.531 5037 INFO tempest.lib.common.rest_client [req-ca74bc21-e6c6-4ee8-bb39-eaa15f6feeaa ] Request (ServerAddressesTestJSON:tearDownClass): 200 GET http://10.245.168.35:8774/v2.1/servers/b4387775-8b0e-4c9e-9f7a-443d5e0479ed 0.159s[00m
2018-10-04 09:47:52.868 5040 INFO tempest.lib.common.rest_client [req-b9029443-24cd-4f1d-a56f-ff3b2acad389 ] Request (ServersTestManualDisk:setUpClass): 201 POST http://10.245.168.43:9696/v2.0/floatingips 1.528s[00m
2018-10-04 09:47:53.230 5040 INFO tempest.lib.common.rest_client [req-2999680a-d7e2-4778-b285-93412ff021da ] Request (ServersTestManualDisk:setUpClass): 201 POST http://10.245.168.46:5000/v3/auth/tokens[00m
2018-10-04 09:47:53.233 5040 INFO tempest.lib.common.fixed_network [-] (ServersTestManualDisk:setUpClass) Found network {'id': '0400cae3-9498-4380-a663-ac1ecab18200', 'name': 'tempest-ServersTestManualDisk-1003268141-network', 'tenant_id': 'c278619daa184edc834f7ce5ecb71755', 'admin_state_up': True, 'mtu': 1458, 'status': 'ACTIVE', 'subnets': [], 'shared': False, 'project_id': 'c278619daa184edc834f7ce5ecb71755', 'dns_domain': '', 'router:external': False, 'provider:network_type': 'gre', 'provider:physical_network': None, 'provider:segmentation_id': 54, 'availability_zone_hints': [], 'is_default': False, 'availability_zones': [], 'ipv4_address_scope': None, 'ipv6_address_scope': None, 'description': '', 'l2_adjacency': True, 'tags': [], 'created_at': '2018-10-04T09:47:45Z', 'updated_at': '2018-10-04T09:47:45Z', 'revision_number': 1} available for tenant[00m
2018-10-04 09:47:53.639 5037 INFO tempest.lib.common.rest_client [req-e4faa5eb-5804-49fd-a20a-9aea245849d6 ] Request (ServerAddressesTestJSON:tearDownClass): 200 GET http://10.245.168.35:8774/v2.1/servers/b4387775-8b0e-4c9e-9f7a-443d5e0479ed 0.097s[00m
2018-10-04 09:47:54.442 5040 INFO tempest.lib.common.rest_client [req-9bad8e62-8fd1-4858-9390-401e4b412f11 ] Request (ServersTestManualDisk:setUpClass): 202 POST http://10.245.168.35:8774/v2.1/servers 1.201s[00m
2018-10-04 09:47:54.508 5040 INFO tempest.lib.common.rest_client [req-cf08697d-a685-4c80-aafa-046f66493f61 ] Request (ServersTestManualDisk:setUpClass): 200 GET http://10.245.168.35:8774/v2.1/servers/fbbaa9ed-3e10-43d3-a567-415eb5e85f6b 0.060s[00m
2018-10-04 09:47:54.700 5037 INFO tempest.lib.common.rest_client [req-40e5ffe7-fdca-44d7-af75-06d06206d188 ] Request (ServerAddressesTestJSON:tearDownClass): 404 GET http://10.245.168.35:8774/v2.1/servers/b4387775-8b0e-4c9e-9f7a-443d5e0479ed 0.048s[00m
2018-10-04 09:47:55.270 5037 INFO tempest.lib.common.rest_client [req-efffbdbf-19c1-4ffc-8aba-3b918f3d4dd7 ] Request (ServerAddressesTestJSON:tearDownClass): 204 DELETE http://10.245.168.43:9696/v2.0/subnets/e7196333-15b2-4db3-b9e2-0be60b46f9d6 0.566s[00m
2018-10-04 09:47:55.593 5040 INFO tempest.lib.common.rest_client [req-d823b6bd-d11d-4e1d-bac2-a7679290e313 ] Request (ServersTestManualDisk:setUpClass): 200 GET http://10.245.168.35:8774/v2.1/servers/fbbaa9ed-3e10-43d3-a567-415eb5e85f6b 0.076s[00m
2018-10-04 09:47:56.087 5037 INFO tempest.lib.common.rest_client [req-38ea85ac-6341-4d2a-9c2a-46b1a1df3fc0 ] Request (ServerAddressesTestJSON:tearDownClass): 204 DELETE http://10.245.168.43:9696/v2.0/networks/ffd4a2cf-5ae2-46bf-a845-eb43a447d606 0.814s[00m
2018-10-04 09:47:56.255 5037 INFO tempest.lib.common.rest_client [req-7f7b4a63-1c67-4a2b-b63f-63c95fb909bc ] Request (ServerAddressesTestJSON:tearDownClass): 204 DELETE http://10.245.168.46:35357/v3/users/4015649464f84486bde6bffc6ed99f0d 0.164s[00m
2018-10-04 09:47:56.305 5037 INFO tempest.lib.common.rest_client [req-5c27c13b-29f3-46f1-9836-daf77d07a013 ] Request (ServerAddressesTestJSON:tearDownClass): 200 GET http://10.245.168.43:9696/v2.0/security-groups?tenant_id=c2fd9e9ccaa54c6f8df447a5e0282ede&name=default 0.047s[00m
2018-10-04 09:47:56.458 5037 INFO tempest.lib.common.rest_client [req-bcf8dc21-c6c4-4222-880f-cc88dea7b744 ] Request (ServerAddressesTestJSON:tearDownClass): 204 DELETE http://10.245.168.43:9696/v2.0/security-groups/e81f4d00-e526-4806-8a1f-a805b6696f36 0.151s[00m
2018-10-04 09:47:56.583 5037 INFO tempest.lib.common.rest_client [req-b1b225f6-c6f6-4bfd-8dd4-2667ef4c584a ] Request (ServerAddressesTestJSON:tearDownClass): 204 DELETE http://10.245.168.46:35357/v3/projects/c2fd9e9ccaa54c6f8df447a5e0282ede 0.122s[00m
{0} setUpClass (tempest.api.identity.admin.v2.test_services.ServicesTestJSON) ... SKIPPED: Identity api v2 is not enabled
{0} setUpClass (tempest.api.identity.admin.v2.test_users.UsersTestJSON) ... SKIPPED: Identity api v2 is not enabled
2018-10-04 09:47:56.715 5040 INFO tempest.lib.common.rest_client [req-c217a899-7ed5-4909-8e68-50df6bfe9235 ] Request (ServersTestManualDisk:setUpClass): 200 GET http://10.245.168.35:8774/v2.1/servers/fbbaa9ed-3e10-43d3-a567-415eb5e85f6b 0.117s[00m
2018-10-04 09:47:56.723 5040 INFO tempest.common.waiters [-] State transition "BUILD/scheduling" ==> "BUILD/spawning" after 2 second wait[00m
2018-10-04 09:47:56.986 5037 INFO tempest.lib.common.rest_client [req-5564be9e-b24b-4a99-a63a-01139b8ebcd2 ] Request (DefaultDomainTestJSON:setUpClass): 201 POST http://10.245.168.46:5000/v3/auth/tokens[00m
2018-10-04 09:47:57.369 5037 INFO tempest.lib.common.rest_client [req-4f77886b-080e-4dab-84d4-ee47382280b7 ] Request (DefaultDomainTestJSON:setUpClass): 201 POST http://10.245.168.46:5000/v3/auth/tokens[00m
2018-10-04 09:47:57.402 5037 INFO tempest.lib.common.rest_client [req-08ebd278-3bad-4d82-9e59-d29b171ac98a ] Request (DefaultDomainTestJSON:setUpClass): 200 GET http://10.245.168.46:35357/v3/domains?name=admin_domain 0.029s[00m
2018-10-04 09:47:57.461 5037 INFO tempest.lib.common.rest_client [req-d8ac2a5e-e341-45ef-8358-13b35cb4130c ] Request (DefaultDomainTestJSON:setUpClass): 201 POST http://10.245.168.46:35357/v3/projects 0.055s[00m
2018-10-04 09:47:57.847 5037 INFO tempest.lib.common.rest_client [req-3b510495-f036-47c5-a1d8-7a364802c237 ] Request (DefaultDomainTestJSON:setUpClass): 201 POST http://10.245.168.46:35357/v3/users 0.382s[00m
2018-10-04 09:47:57.877 5037 INFO tempest.lib.common.rest_client [req-9536c560-01e4-40ac-b79d-ceeea2584882 ] Request (DefaultDomainTestJSON:setUpClass): 200 GET http://10.245.168.46:35357/v3/roles 0.027s[00m
2018-10-04 09:47:57.899 5040 INFO tempest.lib.common.rest_client [req-e872eb03-36c7-4984-af18-27212d414048 ] Request (ServersTestManualDisk:setUpClass): 200 GET http://10.245.168.35:8774/v2.1/servers/fbbaa9ed-3e10-43d3-a567-415eb5e85f6b 0.172s[00m
2018-10-04 09:47:57.907 5037 INFO tempest.lib.common.rest_client [req-91dfced0-9492-4013-b93a-b8c56dd3f413 ] Request (DefaultDomainTestJSON:setUpClass): 200 GET http://10.245.168.46:35357/v3/roles 0.026s[00m
2018-10-04 09:47:57.973 5037 INFO tempest.lib.common.rest_client [req-22121200-017a-4089-bf6c-ca5496eb0e4d ] Request (DefaultDomainTestJSON:setUpClass): 204 PUT http://10.245.168.46:35357/v3/projects/5389c5885d00405a9f833e7da9c44cd2/users/5abf5130154b48a998d9d9cc966ad517/roles/fb352b97e58f4c41aa90f686a3b4ae71 0.063s[00m
2018-10-04 09:47:57.973 5037 INFO tempest.lib.common.dynamic_creds [-] Acquired dynamic creds:
 credentials: Credentials: {'domain_id': 'f16d2ebb586e416c915c1c13bba6b2a4', 'domain_name': 'admin_domain', 'username': 'tempest-DefaultDomainTestJSON-1336213596', 'project_domain_id': 'f16d2ebb586e416c915c1c13bba6b2a4', 'project_domain_name': 'admin_domain', 'project_id': '5389c5885d00405a9f833e7da9c44cd2', 'project_name': 'tempest-DefaultDomainTestJSON-1336213596', 'tenant_id': '5389c5885d00405a9f833e7da9c44cd2', 'tenant_name': 'tempest-DefaultDomainTestJSON-1336213596', 'user_domain_id': 'f16d2ebb586e416c915c1c13bba6b2a4', 'user_domain_name': 'admin_domain', 'user_id': '5abf5130154b48a998d9d9cc966ad517'}, Network: None, Subnet: None, Router: None[00m
2018-10-04 09:47:57.974 5037 INFO tempest.lib.common.dynamic_creds [-] Created isolated network resources for:
 credentials: Credentials: {'domain_id': 'f16d2ebb586e416c915c1c13bba6b2a4', 'domain_name': 'admin_domain', 'username': 'tempest-DefaultDomainTestJSON-1336213596', 'project_domain_id': 'f16d2ebb586e416c915c1c13bba6b2a4', 'project_domain_name': 'admin_domain', 'project_id': '5389c5885d00405a9f833e7da9c44cd2', 'project_name': 'tempest-DefaultDomainTestJSON-1336213596', 'tenant_id': '5389c5885d00405a9f833e7da9c44cd2', 'tenant_name': 'tempest-DefaultDomainTestJSON-1336213596', 'user_domain_id': 'f16d2ebb586e416c915c1c13bba6b2a4', 'user_domain_name': 'admin_domain', 'user_id': '5abf5130154b48a998d9d9cc966ad517'}, Network: None, Subnet: None, Router: None[00m
2018-10-04 09:47:58.414 5037 INFO tempest.lib.common.rest_client [req-1623c439-b9b5-4063-9f8f-adfbe511e68f ] Request (DefaultDomainTestJSON:setUpClass): 201 POST http://10.245.168.46:5000/v3/auth/tokens[00m
2018-10-04 09:47:58.484 5037 INFO tempest.lib.common.rest_client [req-e3f3fbb5-9f20-4f87-8728-778fba4f5b73 ] Request (DefaultDomainTestJSON:setUpClass): 201 POST http://10.245.168.46:35357/v3/projects 0.069s[00m
2018-10-04 09:47:58.868 5037 INFO tempest.lib.common.rest_client [req-05c60cdf-b166-4cf1-b91f-9d1e7f47aae8 ] Request (DefaultDomainTestJSON:setUpClass): 201 POST http://10.245.168.46:35357/v3/users 0.383s[00m
2018-10-04 09:47:58.897 5037 INFO tempest.lib.common.rest_client [req-bba2779b-bc35-493d-afb5-8a72c60a144f ] Request (DefaultDomainTestJSON:setUpClass): 200 GET http://10.245.168.46:35357/v3/roles 0.028s[00m
2018-10-04 09:47:58.962 5037 INFO tempest.lib.common.rest_client [req-5589e12c-c20e-4dbe-a1b8-6bbcd72a2a29 ] Request (DefaultDomainTestJSON:setUpClass): 204 PUT http://10.245.168.46:35357/v3/projects/6fca73ceb82e4dfebe424d641da03e93/users/a557eefc54c14f378d105cf54be98796/roles/8a07a4996ed44969ba9a22d552620f78 0.063s[00m
2018-10-04 09:47:59.015 5037 INFO tempest.lib.common.rest_client [req-87a18203-bb94-4557-bed9-1713669813bb ] Request (DefaultDomainTestJSON:setUpClass): 200 GET http://10.245.168.46:35357/v3/roles 0.053s[00m
2018-10-04 09:47:59.052 5037 INFO tempest.lib.common.rest_client [req-b6253af9-8b3d-4ed0-8555-1516bfd20346 ] Request (DefaultDomainTestJSON:setUpClass): 204 PUT http://10.245.168.46:35357/v3/domains/f16d2ebb586e416c915c1c13bba6b2a4/users/a557eefc54c14f378d105cf54be98796/roles/8a07a4996ed44969ba9a22d552620f78 0.035s[00m
2018-10-04 09:47:59.052 5037 INFO tempest.lib.common.dynamic_creds [-] Acquired dynamic creds:
 credentials: Credentials: {'domain_id': 'f16d2ebb586e416c915c1c13bba6b2a4', 'domain_name': 'admin_domain', 'username': 'tempest-DefaultDomainTestJSON-1872191532', 'project_domain_id': 'f16d2ebb586e416c915c1c13bba6b2a4', 'project_domain_name': 'admin_domain', 'project_id': '6fca73ceb82e4dfebe424d641da03e93', 'project_name': 'tempest-DefaultDomainTestJSON-1872191532', 'tenant_id': '6fca73ceb82e4dfebe424d641da03e93', 'tenant_name': 'tempest-DefaultDomainTestJSON-1872191532', 'user_domain_id': 'f16d2ebb586e416c915c1c13bba6b2a4', 'user_domain_name': 'admin_domain', 'user_id': 'a557eefc54c14f378d105cf54be98796'}, Network: None, Subnet: None, Router: None[00m
2018-10-04 09:47:59.053 5037 INFO tempest.lib.common.dynamic_creds [-] Created isolated network resources for:
 credentials: Credentials: {'domain_id': 'f16d2ebb586e416c915c1c13bba6b2a4', 'domain_name': 'admin_domain', 'username': 'tempest-DefaultDomainTestJSON-1872191532', 'project_domain_id': 'f16d2ebb586e416c915c1c13bba6b2a4', 'project_domain_name': 'admin_domain', 'project_id': '6fca73ceb82e4dfebe424d641da03e93', 'project_name': 'tempest-DefaultDomainTestJSON-1872191532', 'tenant_id': '6fca73ceb82e4dfebe424d641da03e93', 'tenant_name': 'tempest-DefaultDomainTestJSON-1872191532', 'user_domain_id': 'f16d2ebb586e416c915c1c13bba6b2a4', 'user_domain_name': 'admin_domain', 'user_id': 'a557eefc54c14f378d105cf54be98796'}, Network: None, Subnet: None, Router: None[00m
2018-10-04 09:47:59.274 5040 INFO tempest.lib.common.rest_client [req-a7b6462a-4b5b-463f-b63c-9deab3b09886 ] Request (ServersTestManualDisk:setUpClass): 200 GET http://10.245.168.35:8774/v2.1/servers/fbbaa9ed-3e10-43d3-a567-415eb5e85f6b 0.363s[00m
2018-10-04 09:47:59.474 5037 INFO tempest.lib.common.rest_client [req-39da82b7-4e5c-4464-8a8f-ce32b93654ff ] Request (DefaultDomainTestJSON:setUpClass): 201 POST http://10.245.168.46:5000/v3/auth/tokens[00m
2018-10-04 09:47:59.870 5037 INFO tempest.lib.common.rest_client [req-8fa53eb9-c001-415b-bc2f-7be281c8b194 ] Request (DefaultDomainTestJSON:test_default_domain_exists): 201 POST http://10.245.168.46:5000/v3/auth/tokens[00m
2018-10-04 09:47:59.928 5037 INFO tempest.lib.common.rest_client [req-f908d534-cc46-4f5c-9681-0c8da49a01bd ] Request (DefaultDomainTestJSON:test_default_domain_exists): 200 GET http://10.245.168.46:35357/v3/domains/06d0d500cb8f4145944204ee75178784 0.056s[00m
{0} tempest.api.identity.admin.v3.test_domains.DefaultDomainTestJSON.test_default_domain_exists [0.452877s] ... ok
2018-10-04 09:48:00.070 5037 INFO tempest.lib.common.rest_client [req-4aac4c61-e275-40fc-80ab-707f5cbcc3ee ] Request (DefaultDomainTestJSON:tearDownClass): 204 DELETE http://10.245.168.46:35357/v3/users/5abf5130154b48a998d9d9cc966ad517 0.140s[00m
2018-10-04 09:48:00.456 5040 INFO tempest.lib.common.rest_client [req-7889bfff-695e-4d67-b9ef-415f01309182 ] Request (ServersTestManualDisk:setUpClass): 200 GET http://10.245.168.35:8774/v2.1/servers/fbbaa9ed-3e10-43d3-a567-415eb5e85f6b 0.172s[00m
2018-10-04 09:48:00.462 5037 INFO tempest.lib.common.rest_client [req-abd88441-8b2e-4d68-9db8-e51d0a7aa26b ] Request (DefaultDomainTestJSON:tearDownClass): 201 POST http://10.245.168.46:5000/v3/auth/tokens[00m
2018-10-04 09:48:00.717 5037 INFO tempest.lib.common.rest_client [req-e79fa1b7-a20d-4033-92de-8ea4cca2af4c ] Request (DefaultDomainTestJSON:tearDownClass): 200 GET http://10.245.168.43:9696/v2.0/security-groups?tenant_id=5389c5885d00405a9f833e7da9c44cd2&name=default 0.254s[00m
2018-10-04 09:48:00.860 5037 INFO tempest.lib.common.rest_client [req-2fac698c-3a22-4b43-8ee3-c727f075ec0b ] Request (DefaultDomainTestJSON:tearDownClass): 204 DELETE http://10.245.168.43:9696/v2.0/security-groups/a58f343c-c7ed-479a-b1d4-40eef1d6d2f9 0.138s[00m
2018-10-04 09:48:00.994 5037 INFO tempest.lib.common.rest_client [req-316c83d7-be99-4104-b371-68b3b40bfddc ] Request (DefaultDomainTestJSON:tearDownClass): 204 DELETE http://10.245.168.46:35357/v3/projects/5389c5885d00405a9f833e7da9c44cd2 0.131s[00m
2018-10-04 09:48:01.141 5037 INFO tempest.lib.common.rest_client [req-c13cedfb-f325-4351-8944-f203b3eea3f4 ] Request (DefaultDomainTestJSON:tearDownClass): 204 DELETE http://10.245.168.46:35357/v3/users/a557eefc54c14f378d105cf54be98796 0.143s[00m
2018-10-04 09:48:01.262 5037 INFO tempest.lib.common.rest_client [req-eee57725-3a0e-4548-be13-0c49d1eae59a ] Request (DefaultDomainTestJSON:tearDownClass): 200 GET http://10.245.168.43:9696/v2.0/security-groups?tenant_id=6fca73ceb82e4dfebe424d641da03e93&name=default 0.117s[00m
2018-10-04 09:48:01.404 5037 INFO tempest.lib.common.rest_client [req-745a7395-6b95-477e-822d-35933723b59c ] Request (DefaultDomainTestJSON:tearDownClass): 204 DELETE http://10.245.168.43:9696/v2.0/security-groups/3f262286-7bf1-4194-87b0-bd1019174946 0.137s[00m
2018-10-04 09:48:01.533 5037 INFO tempest.lib.common.rest_client [req-21f4e856-07b5-465b-913c-dfaab51822b7 ] Request (DefaultDomainTestJSON:tearDownClass): 204 DELETE http://10.245.168.46:35357/v3/projects/6fca73ceb82e4dfebe424d641da03e93 0.125s[00m
2018-10-04 09:48:01.633 5040 INFO tempest.lib.common.rest_client [req-bcb7fb10-3352-4d32-a75f-ceda6f541f69 ] Request (ServersTestManualDisk:setUpClass): 200 GET http://10.245.168.35:8774/v2.1/servers/fbbaa9ed-3e10-43d3-a567-415eb5e85f6b 0.164s[00m
2018-10-04 09:48:01.930 5037 INFO tempest.lib.common.rest_client [req-5c295666-0885-44aa-becd-d35285175632 ] Request (DomainsTestJSON:setUpClass): 201 POST http://10.245.168.46:5000/v3/auth/tokens[00m
2018-10-04 09:48:02.312 5037 INFO tempest.lib.common.rest_client [req-080539ff-2e40-4fec-bde1-a33601870649 ] Request (DomainsTestJSON:setUpClass): 201 POST http://10.245.168.46:5000/v3/auth/tokens[00m
2018-10-04 09:48:02.359 5037 INFO tempest.lib.common.rest_client [req-b4a46b86-9231-4b3a-a59a-77856ad64686 ] Request (DomainsTestJSON:setUpClass): 200 GET http://10.245.168.46:35357/v3/domains?name=admin_domain 0.043s[00m
2018-10-04 09:48:02.409 5037 INFO tempest.lib.common.rest_client [req-e75540f0-b82a-46f1-9f89-c79706bc98f4 ] Request (DomainsTestJSON:setUpClass): 201 POST http://10.245.168.46:35357/v3/projects 0.047s[00m
2018-10-04 09:48:02.792 5037 INFO tempest.lib.common.rest_client [req-c5930563-eea1-4504-b07d-060247f4e8a1 ] Request (DomainsTestJSON:setUpClass): 201 POST http://10.245.168.46:35357/v3/users 0.377s[00m
2018-10-04 09:48:02.814 5040 INFO tempest.lib.common.rest_client [req-6d40c828-1b3e-4883-8bb3-82d1883d5810 ] Request (ServersTestManualDisk:setUpClass): 200 GET http://10.245.168.35:8774/v2.1/servers/fbbaa9ed-3e10-43d3-a567-415eb5e85f6b 0.168s[00m
2018-10-04 09:48:02.823 5037 INFO tempest.lib.common.rest_client [req-bfe0424b-7fae-4372-bdfb-08d09ca27f2d ] Request (DomainsTestJSON:setUpClass): 200 GET http://10.245.168.46:35357/v3/roles 0.027s[00m
2018-10-04 09:48:02.828 5040 INFO tempest.common.waiters [-] State transition "BUILD/spawning" ==> "ACTIVE/None" after 8 second wait[00m
2018-10-04 09:48:02.850 5037 INFO tempest.lib.common.rest_client [req-29d8e28d-5287-4d72-840f-627cf2d47029 ] Request (DomainsTestJSON:setUpClass): 200 GET http://10.245.168.46:35357/v3/roles 0.024s[00m
2018-10-04 09:48:02.919 5037 INFO tempest.lib.common.rest_client [req-a15b1c11-bb65-4d7d-8939-2c03e3f76305 ] Request (DomainsTestJSON:setUpClass): 204 PUT http://10.245.168.46:35357/v3/projects/5873d3a6eeb445538526214464c0efec/users/7379007eaff8439fa4cbb426fa4c7a81/roles/fb352b97e58f4c41aa90f686a3b4ae71 0.065s[00m
2018-10-04 09:48:02.924 5037 INFO tempest.lib.common.dynamic_creds [-] Acquired dynamic creds:
 credentials: Credentials: {'domain_id': 'f16d2ebb586e416c915c1c13bba6b2a4', 'domain_name': 'admin_domain', 'username': 'tempest-DomainsTestJSON-1629390645', 'project_domain_id': 'f16d2ebb586e416c915c1c13bba6b2a4', 'project_domain_name': 'admin_domain', 'project_id': '5873d3a6eeb445538526214464c0efec', 'project_name': 'tempest-DomainsTestJSON-1629390645', 'tenant_id': '5873d3a6eeb445538526214464c0efec', 'tenant_name': 'tempest-DomainsTestJSON-1629390645', 'user_domain_id': 'f16d2ebb586e416c915c1c13bba6b2a4', 'user_domain_name': 'admin_domain', 'user_id': '7379007eaff8439fa4cbb426fa4c7a81'}, Network: None, Subnet: None, Router: None[00m
2018-10-04 09:48:02.929 5037 INFO tempest.lib.common.dynamic_creds [-] Created isolated network resources for:
 credentials: Credentials: {'domain_id': 'f16d2ebb586e416c915c1c13bba6b2a4', 'domain_name': 'admin_domain', 'username': 'tempest-DomainsTestJSON-1629390645', 'project_domain_id': 'f16d2ebb586e416c915c1c13bba6b2a4', 'project_domain_name': 'admin_domain', 'project_id': '5873d3a6eeb445538526214464c0efec', 'project_name': 'tempest-DomainsTestJSON-1629390645', 'tenant_id': '5873d3a6eeb445538526214464c0efec', 'tenant_name': 'tempest-DomainsTestJSON-1629390645', 'user_domain_id': 'f16d2ebb586e416c915c1c13bba6b2a4', 'user_domain_name': 'admin_domain', 'user_id': '7379007eaff8439fa4cbb426fa4c7a81'}, Network: None, Subnet: None, Router: None[00m
2018-10-04 09:48:02.949 5040 INFO tempest.lib.common.rest_client [req-6b303ccd-4e6c-4848-8a10-95bfe11fd816 ] Request (ServersTestManualDisk:setUpClass): 200 GET http://10.245.168.35:8774/v2.1/servers/fbbaa9ed-3e10-43d3-a567-415eb5e85f6b/os-interface 0.118s[00m
2018-10-04 09:48:03.356 5037 INFO tempest.lib.common.rest_client [req-cefe5a33-102e-437b-8e35-d61181032c48 ] Request (DomainsTestJSON:setUpClass): 201 POST http://10.245.168.46:5000/v3/auth/tokens[00m
2018-10-04 09:48:03.432 5037 INFO tempest.lib.common.rest_client [req-63f33672-444d-43c3-9c0f-056eafee7ba4 ] Request (DomainsTestJSON:setUpClass): 201 POST http://10.245.168.46:35357/v3/projects 0.072s[00m
2018-10-04 09:48:03.819 5037 INFO tempest.lib.common.rest_client [req-d93ee973-81e3-42c7-93c7-688b576409f7 ] Request (DomainsTestJSON:setUpClass): 201 POST http://10.245.168.46:35357/v3/users 0.383s[00m
2018-10-04 09:48:03.847 5037 INFO tempest.lib.common.rest_client [req-62487aa7-8588-4aa5-8756-2d640cd60c55 ] Request (DomainsTestJSON:setUpClass): 200 GET http://10.245.168.46:35357/v3/roles 0.024s[00m
2018-10-04 09:48:03.908 5037 INFO tempest.lib.common.rest_client [req-9266a87d-995e-4a6e-b78d-06264166f592 ] Request (DomainsTestJSON:setUpClass): 204 PUT http://10.245.168.46:35357/v3/projects/acf02a0074f94a6fa3239bf9b10a570b/users/96d4d20cddb54630b69c765bff8da1cb/roles/8a07a4996ed44969ba9a22d552620f78 0.057s[00m
2018-10-04 09:48:03.962 5037 INFO tempest.lib.common.rest_client [req-2cf00dcd-cdee-40be-9b26-64164448f1b7 ] Request (DomainsTestJSON:setUpClass): 200 GET http://10.245.168.46:35357/v3/roles 0.049s[00m
2018-10-04 09:48:04.003 5037 INFO tempest.lib.common.rest_client [req-340ae799-0958-4752-9676-d58e489f78c6 ] Request (DomainsTestJSON:setUpClass): 204 PUT http://10.245.168.46:35357/v3/domains/f16d2ebb586e416c915c1c13bba6b2a4/users/96d4d20cddb54630b69c765bff8da1cb/roles/8a07a4996ed44969ba9a22d552620f78 0.037s[00m
2018-10-04 09:48:04.007 5037 INFO tempest.lib.common.dynamic_creds [-] Acquired dynamic creds:
 credentials: Credentials: {'domain_id': 'f16d2ebb586e416c915c1c13bba6b2a4', 'domain_name': 'admin_domain', 'username': 'tempest-DomainsTestJSON-290113124', 'project_domain_id': 'f16d2ebb586e416c915c1c13bba6b2a4', 'project_domain_name': 'admin_domain', 'project_id': 'acf02a0074f94a6fa3239bf9b10a570b', 'project_name': 'tempest-DomainsTestJSON-290113124', 'tenant_id': 'acf02a0074f94a6fa3239bf9b10a570b', 'tenant_name': 'tempest-DomainsTestJSON-290113124', 'user_domain_id': 'f16d2ebb586e416c915c1c13bba6b2a4', 'user_domain_name': 'admin_domain', 'user_id': '96d4d20cddb54630b69c765bff8da1cb'}, Network: None, Subnet: None, Router: None[00m
2018-10-04 09:48:04.012 5037 INFO tempest.lib.common.dynamic_creds [-] Created isolated network resources for:
 credentials: Credentials: {'domain_id': 'f16d2ebb586e416c915c1c13bba6b2a4', 'domain_name': 'admin_domain', 'username': 'tempest-DomainsTestJSON-290113124', 'project_domain_id': 'f16d2ebb586e416c915c1c13bba6b2a4', 'project_domain_name': 'admin_domain', 'project_id': 'acf02a0074f94a6fa3239bf9b10a570b', 'project_name': 'tempest-DomainsTestJSON-290113124', 'tenant_id': 'acf02a0074f94a6fa3239bf9b10a570b', 'tenant_name': 'tempest-DomainsTestJSON-290113124', 'user_domain_id': 'f16d2ebb586e416c915c1c13bba6b2a4', 'user_domain_name': 'admin_domain', 'user_id': '96d4d20cddb54630b69c765bff8da1cb'}, Network: None, Subnet: None, Router: None[00m
2018-10-04 09:48:04.337 5040 INFO tempest.lib.common.rest_client [req-366b0f2a-6d5a-4804-bbc7-c00e8faa7a04 ] Request (ServersTestManualDisk:setUpClass): 200 PUT http://10.245.168.43:9696/v2.0/floatingips/ebaa9a8c-e33a-47d0-95f7-d52825c53f87 1.383s[00m
2018-10-04 09:48:04.437 5037 INFO tempest.lib.common.rest_client [req-ffaedb8c-9962-489b-9b7a-83597014c558 ] Request (DomainsTestJSON:setUpClass): 201 POST http://10.245.168.46:5000/v3/auth/tokens[00m
2018-10-04 09:48:04.518 5040 INFO tempest.lib.common.rest_client [req-2cea442d-b2a2-4b03-8a43-6537c22a39a9 ] Request (ServersTestManualDisk:setUpClass): 200 GET http://10.245.168.35:8774/v2.1/servers/fbbaa9ed-3e10-43d3-a567-415eb5e85f6b 0.177s[00m
2018-10-04 09:48:04.601 5040 INFO tempest.lib.common.rest_client [req-30df5ee2-619b-49f1-98c2-dd219b6c4c41 ] Request (ServersTestManualDisk:test_list_servers): 200 GET http://10.245.168.35:8774/v2.1/servers 0.072s[00m
{1} tempest.api.compute.servers.test_create_server.ServersTestManualDisk.test_list_servers [0.076034s] ... ok
{1} tempest.api.compute.servers.test_create_server.ServersTestManualDisk.test_verify_server_details [0.000708s] ... ok
2018-10-04 09:48:04.752 5040 INFO tempest.lib.common.rest_client [req-5cf9f716-a6da-4d14-9774-8551974c7d39 ] Request (ServersTestManualDisk:tearDownClass): 204 DELETE http://10.245.168.35:8774/v2.1/servers/fbbaa9ed-3e10-43d3-a567-415eb5e85f6b 0.146s[00m
2018-10-04 09:48:04.829 5037 INFO tempest.lib.common.rest_client [req-e47dc215-69e2-460b-b16f-06cb15aadac3 ] Request (DomainsTestJSON:setUpClass): 201 POST http://10.245.168.46:5000/v3/auth/tokens[00m
2018-10-04 09:48:04.901 5037 INFO tempest.lib.common.rest_client [req-3bda469e-ebd8-4af8-a20c-587f45cecfa5 ] Request (DomainsTestJSON:setUpClass): 201 POST http://10.245.168.46:35357/v3/domains 0.071s[00m
2018-10-04 09:48:04.969 5037 INFO tempest.lib.common.rest_client [req-a230934a-3698-4be5-b2f8-584390d70ce7 ] Request (DomainsTestJSON:setUpClass): 201 POST http://10.245.168.46:35357/v3/domains 0.065s[00m
2018-10-04 09:48:04.979 5040 INFO tempest.lib.common.rest_client [req-b4b5e967-5d04-4a6a-8fc6-6b39a2306b2b ] Request (ServersTestManualDisk:tearDownClass): 200 GET http://10.245.168.35:8774/v2.1/servers/fbbaa9ed-3e10-43d3-a567-415eb5e85f6b 0.225s[00m
2018-10-04 09:48:05.040 5037 INFO tempest.lib.common.rest_client [req-73959f67-9e82-412a-a950-f42955ee52c5 ] Request (DomainsTestJSON:setUpClass): 201 POST http://10.245.168.46:35357/v3/domains 0.069s[00m
2018-10-04 09:48:05.104 5037 INFO tempest.lib.common.rest_client [req-1ec5d46b-6917-46ca-a434-4e17c65e0ded ] Request (DomainsTestJSON:test_create_update_delete_domain): 201 POST http://10.245.168.46:35357/v3/domains 0.062s[00m
2018-10-04 09:48:05.206 5037 INFO tempest.lib.common.rest_client [req-1ee88098-2124-453c-966e-ff3391952fd4 ] Request (DomainsTestJSON:test_create_update_delete_domain): 200 PATCH http://10.245.168.46:35357/v3/domains/6384586b932d4383a2faf8d9527e83e8 0.101s[00m
2018-10-04 09:48:05.263 5037 INFO tempest.lib.common.rest_client [req-70350fa8-5689-48cb-8cca-9ab66c32c9d4 ] Request (DomainsTestJSON:test_create_update_delete_domain): 200 GET http://10.245.168.46:35357/v3/domains/6384586b932d4383a2faf8d9527e83e8 0.055s[00m
2018-10-04 09:48:05.391 5037 INFO tempest.lib.common.rest_client [req-6e1788cf-1c24-4114-83db-c83ec507d7fe ] Request (DomainsTestJSON:test_create_update_delete_domain): 204 DELETE http://10.245.168.46:35357/v3/domains/6384586b932d4383a2faf8d9527e83e8 0.126s[00m
2018-10-04 09:48:05.452 5037 INFO tempest.lib.common.rest_client [req-72ceb437-d45d-44b0-834e-16b414e54afa ] Request (DomainsTestJSON:test_create_update_delete_domain): 200 GET http://10.245.168.46:35357/v3/domains 0.060s[00m
2018-10-04 09:48:05.485 5037 INFO tempest.lib.common.rest_client [req-6770031c-afe9-4463-a0fd-8d9f7224a52f ] Request (DomainsTestJSON:_run_cleanups): 404 PATCH http://10.245.168.46:35357/v3/domains/6384586b932d4383a2faf8d9527e83e8 0.031s[00m
{0} tempest.api.identity.admin.v3.test_domains.DomainsTestJSON.test_create_update_delete_domain [0.444885s] ... ok
2018-10-04 09:48:05.540 5037 INFO tempest.lib.common.rest_client [req-4ac57640-810a-4454-8a34-568ca63cc6bb ] Request (DomainsTestJSON:tearDownClass): 200 PATCH http://10.245.168.46:35357/v3/domains/6039adaad04f47af8ba60c6daf34e2cf 0.053s[00m
2018-10-04 09:48:05.670 5037 INFO tempest.lib.common.rest_client [req-724ddb64-1468-4af1-ab40-32c6c1ff524d ] Request (DomainsTestJSON:tearDownClass): 204 DELETE http://10.245.168.46:35357/v3/domains/6039adaad04f47af8ba60c6daf34e2cf 0.128s[00m
2018-10-04 09:48:05.768 5037 INFO tempest.lib.common.rest_client [req-cb3b86cc-6d0f-4113-a8a2-ce3bfac6f5cf ] Request (DomainsTestJSON:tearDownClass): 200 PATCH http://10.245.168.46:35357/v3/domains/6b2dfe24c4bf4751aa39befa4e384530 0.096s[00m
2018-10-04 09:48:05.928 5037 INFO tempest.lib.common.rest_client [req-3da9e341-2a99-4337-93c7-4a5094737e95 ] Request (DomainsTestJSON:tearDownClass): 204 DELETE http://10.245.168.46:35357/v3/domains/6b2dfe24c4bf4751aa39befa4e384530 0.159s[00m
2018-10-04 09:48:06.026 5037 INFO tempest.lib.common.rest_client [req-3c6a2206-1356-4769-a7d9-aa614e0d1117 ] Request (DomainsTestJSON:tearDownClass): 200 PATCH http://10.245.168.46:35357/v3/domains/457262a231f24337b7d1cace49679563 0.097s[00m
2018-10-04 09:48:06.175 5037 INFO tempest.lib.common.rest_client [req-e99a7281-12b3-4176-922d-33955c065822 ] Request (DomainsTestJSON:tearDownClass): 204 DELETE http://10.245.168.46:35357/v3/domains/457262a231f24337b7d1cace49679563 0.148s[00m
2018-10-04 09:48:06.345 5037 INFO tempest.lib.common.rest_client [req-5b939dd6-6141-48ac-9ecd-a107e68b91f8 ] Request (DomainsTestJSON:tearDownClass): 204 DELETE http://10.245.168.46:35357/v3/users/7379007eaff8439fa4cbb426fa4c7a81 0.168s[00m
2018-10-04 09:48:06.426 5040 INFO tempest.lib.common.rest_client [req-b4b758b9-aa2b-44a1-a343-45002235759c ] Request (ServersTestManualDisk:tearDownClass): 200 GET http://10.245.168.35:8774/v2.1/servers/fbbaa9ed-3e10-43d3-a567-415eb5e85f6b 0.440s[00m
2018-10-04 09:48:06.745 5037 INFO tempest.lib.common.rest_client [req-e4d45b4b-810e-45c5-85bf-509de6db9384 ] Request (DomainsTestJSON:tearDownClass): 201 POST http://10.245.168.46:5000/v3/auth/tokens[00m
2018-10-04 09:48:07.012 5037 INFO tempest.lib.common.rest_client [req-b9fde545-32f1-41c0-bb73-64c4e0df49d8 ] Request (DomainsTestJSON:tearDownClass): 200 GET http://10.245.168.43:9696/v2.0/security-groups?tenant_id=5873d3a6eeb445538526214464c0efec&name=default 0.264s[00m
2018-10-04 09:48:07.143 5037 INFO tempest.lib.common.rest_client [req-f541d8ab-640f-4154-87d5-5ca0809bd586 ] Request (DomainsTestJSON:tearDownClass): 204 DELETE http://10.245.168.43:9696/v2.0/security-groups/0eddeb62-5c45-48ba-b0c1-cb08ac2c853b 0.129s[00m
2018-10-04 09:48:07.264 5037 INFO tempest.lib.common.rest_client [req-0f442ca0-4ba9-40f6-af0c-d7cf188dbae2 ] Request (DomainsTestJSON:tearDownClass): 204 DELETE http://10.245.168.46:35357/v3/projects/5873d3a6eeb445538526214464c0efec 0.120s[00m
2018-10-04 09:48:07.398 5037 INFO tempest.lib.common.rest_client [req-dba826e6-4d4c-400d-a047-66ae0018f49c ] Request (DomainsTestJSON:tearDownClass): 204 DELETE http://10.245.168.46:35357/v3/users/96d4d20cddb54630b69c765bff8da1cb 0.132s[00m
2018-10-04 09:48:07.485 5040 INFO tempest.lib.common.rest_client [req-c3c02b94-5243-4125-90a2-820762d234b7 ] Request (ServersTestManualDisk:tearDownClass): 404 GET http://10.245.168.35:8774/v2.1/servers/fbbaa9ed-3e10-43d3-a567-415eb5e85f6b 0.048s[00m
2018-10-04 09:48:07.520 5040 INFO tempest.lib.common.rest_client [req-827924ba-432f-4184-89e8-ffc460432662 ] Request (ServersTestManualDisk:tearDownClass): 202 DELETE http://10.245.168.35:8774/v2.1/os-keypairs/tempest-keypair-1882278929 0.034s[00m
2018-10-04 09:48:07.525 5037 INFO tempest.lib.common.rest_client [req-67069b7e-f6c4-4c9b-86dc-84e1ac1bea4d ] Request (DomainsTestJSON:tearDownClass): 200 GET http://10.245.168.43:9696/v2.0/security-groups?tenant_id=acf02a0074f94a6fa3239bf9b10a570b&name=default 0.126s[00m
2018-10-04 09:48:07.663 5040 INFO tempest.lib.common.rest_client [req-8faa3333-efb2-45a8-ba98-4c8b6301b7a0 ] Request (ServersTestManualDisk:tearDownClass): 204 DELETE http://10.245.168.43:9696/v2.0/security-groups/7756b022-d102-4dbb-b918-3624f137fa15 0.141s[00m
2018-10-04 09:48:07.680 5040 INFO tempest.lib.common.rest_client [req-d9274516-ca28-4b9c-b991-e82d352db314 ] Request (ServersTestManualDisk:tearDownClass): 404 GET http://10.245.168.43:9696/v2.0/security-groups/7756b022-d102-4dbb-b918-3624f137fa15 0.016s[00m
2018-10-04 09:48:07.682 5037 INFO tempest.lib.common.rest_client [req-586833df-cf15-49d1-9128-c1be3c8b2746 ] Request (DomainsTestJSON:tearDownClass): 204 DELETE http://10.245.168.43:9696/v2.0/security-groups/5f380d0a-efe1-401d-bc6b-14055ee8361b 0.153s[00m
2018-10-04 09:48:07.811 5037 INFO tempest.lib.common.rest_client [req-67a49610-bdd9-4cb3-9e64-b2e0eeb1120d ] Request (DomainsTestJSON:tearDownClass): 204 DELETE http://10.245.168.46:35357/v3/projects/acf02a0074f94a6fa3239bf9b10a570b 0.125s[00m
2018-10-04 09:48:08.208 5037 INFO tempest.lib.common.rest_client [req-5803d6d1-b3ac-40fc-837c-80ae4b5b7960 ] Request (GroupsV3TestJSON:setUpClass): 201 POST http://10.245.168.46:5000/v3/auth/tokens[00m
2018-10-04 09:48:08.306 5040 INFO tempest.lib.common.rest_client [req-800c80b1-30df-4505-90de-f42520fb1434 ] Request (ServersTestManualDisk:tearDownClass): 204 DELETE http://10.245.168.43:9696/v2.0/floatingips/ebaa9a8c-e33a-47d0-95f7-d52825c53f87 0.624s[00m
2018-10-04 09:48:08.593 5037 INFO tempest.lib.common.rest_client [req-d8a2e685-5c89-45c8-8db0-7ba5a0e9ac5b ] Request (GroupsV3TestJSON:setUpClass): 201 POST http://10.245.168.46:5000/v3/auth/tokens[00m
2018-10-04 09:48:08.632 5037 INFO tempest.lib.common.rest_client [req-ad9a0fa8-e07b-4277-a02e-802c8bbf6e7e ] Request (GroupsV3TestJSON:setUpClass): 200 GET http://10.245.168.46:35357/v3/domains?name=admin_domain 0.035s[00m
2018-10-04 09:48:08.687 5037 INFO tempest.lib.common.rest_client [req-5ee00672-79fb-4859-af91-120c88fb8d20 ] Request (GroupsV3TestJSON:setUpClass): 201 POST http://10.245.168.46:35357/v3/projects 0.051s[00m
2018-10-04 09:48:09.074 5037 INFO tempest.lib.common.rest_client [req-911af34b-7840-48b3-889a-de2690c82b98 ] Request (GroupsV3TestJSON:setUpClass): 201 POST http://10.245.168.46:35357/v3/users 0.383s[00m
2018-10-04 09:48:09.105 5037 INFO tempest.lib.common.rest_client [req-1e544fe6-f93a-4418-9341-146b07f478f0 ] Request (GroupsV3TestJSON:setUpClass): 200 GET http://10.245.168.46:35357/v3/roles 0.028s[00m
2018-10-04 09:48:09.132 5037 INFO tempest.lib.common.rest_client [req-d78a2764-1e2d-419d-addc-8e8fbbeb6ddb ] Request (GroupsV3TestJSON:setUpClass): 200 GET http://10.245.168.46:35357/v3/roles 0.024s[00m
2018-10-04 09:48:09.196 5037 INFO tempest.lib.common.rest_client [req-04fca1d2-161e-4b75-9674-02079a4f1da1 ] Request (GroupsV3TestJSON:setUpClass): 204 PUT http://10.245.168.46:35357/v3/projects/ba16ab87c371415da87dfc925fdb88ea/users/d5f1ed91c7c24d2a8588f03dbb64ba47/roles/fb352b97e58f4c41aa90f686a3b4ae71 0.062s[00m
2018-10-04 09:48:09.200 5037 INFO tempest.lib.common.dynamic_creds [-] Acquired dynamic creds:
 credentials: Credentials: {'domain_id': 'f16d2ebb586e416c915c1c13bba6b2a4', 'domain_name': 'admin_domain', 'username': 'tempest-GroupsV3TestJSON-195933477', 'project_domain_id': 'f16d2ebb586e416c915c1c13bba6b2a4', 'project_domain_name': 'admin_domain', 'project_id': 'ba16ab87c371415da87dfc925fdb88ea', 'project_name': 'tempest-GroupsV3TestJSON-195933477', 'tenant_id': 'ba16ab87c371415da87dfc925fdb88ea', 'tenant_name': 'tempest-GroupsV3TestJSON-195933477', 'user_domain_id': 'f16d2ebb586e416c915c1c13bba6b2a4', 'user_domain_name': 'admin_domain', 'user_id': 'd5f1ed91c7c24d2a8588f03dbb64ba47'}, Network: None, Subnet: None, Router: None[00m
2018-10-04 09:48:09.205 5037 INFO tempest.lib.common.dynamic_creds [-] Created isolated network resources for:
 credentials: Credentials: {'domain_id': 'f16d2ebb586e416c915c1c13bba6b2a4', 'domain_name': 'admin_domain', 'username': 'tempest-GroupsV3TestJSON-195933477', 'project_domain_id': 'f16d2ebb586e416c915c1c13bba6b2a4', 'project_domain_name': 'admin_domain', 'project_id': 'ba16ab87c371415da87dfc925fdb88ea', 'project_name': 'tempest-GroupsV3TestJSON-195933477', 'tenant_id': 'ba16ab87c371415da87dfc925fdb88ea', 'tenant_name': 'tempest-GroupsV3TestJSON-195933477', 'user_domain_id': 'f16d2ebb586e416c915c1c13bba6b2a4', 'user_domain_name': 'admin_domain', 'user_id': 'd5f1ed91c7c24d2a8588f03dbb64ba47'}, Network: None, Subnet: None, Router: None[00m
2018-10-04 09:48:09.629 5037 INFO tempest.lib.common.rest_client [req-17756d38-ea99-409a-9370-28b434ba2ede ] Request (GroupsV3TestJSON:setUpClass): 201 POST http://10.245.168.46:5000/v3/auth/tokens[00m
2018-10-04 09:48:09.708 5037 INFO tempest.lib.common.rest_client [req-2b145d15-d062-4e9c-aad2-b5f6ef312939 ] Request (GroupsV3TestJSON:setUpClass): 201 POST http://10.245.168.46:35357/v3/projects 0.074s[00m
2018-10-04 09:48:10.090 5037 INFO tempest.lib.common.rest_client [req-2c2ddde2-5bd4-4346-81a4-d66e937bd93e ] Request (GroupsV3TestJSON:setUpClass): 201 POST http://10.245.168.46:35357/v3/users 0.379s[00m
2018-10-04 09:48:10.120 5037 INFO tempest.lib.common.rest_client [req-3f99d182-3eb5-4e1b-bbc0-877610d87dab ] Request (GroupsV3TestJSON:setUpClass): 200 GET http://10.245.168.46:35357/v3/roles 0.027s[00m
2018-10-04 09:48:10.178 5037 INFO tempest.lib.common.rest_client [req-f8305b8b-5e6b-42a3-8588-5887a4a77068 ] Request (GroupsV3TestJSON:setUpClass): 204 PUT http://10.245.168.46:35357/v3/projects/1f425f3025c148d5b01cc8b6bf5cebad/users/5d1ccc30d76640f98d472f1a21b11a12/roles/8a07a4996ed44969ba9a22d552620f78 0.055s[00m
2018-10-04 09:48:10.236 5037 INFO tempest.lib.common.rest_client [req-9b25b922-0e88-4573-88a1-5bccccffafb7 ] Request (GroupsV3TestJSON:setUpClass): 200 GET http://10.245.168.46:35357/v3/roles 0.055s[00m
2018-10-04 09:48:10.274 5037 INFO tempest.lib.common.rest_client [req-413e5fef-e040-49e5-a1eb-f349a76791a6 ] Request (GroupsV3TestJSON:setUpClass): 204 PUT http://10.245.168.46:35357/v3/domains/f16d2ebb586e416c915c1c13bba6b2a4/users/5d1ccc30d76640f98d472f1a21b11a12/roles/8a07a4996ed44969ba9a22d552620f78 0.034s[00m
2018-10-04 09:48:10.278 5037 INFO tempest.lib.common.dynamic_creds [-] Acquired dynamic creds:
 credentials: Credentials: {'domain_id': 'f16d2ebb586e416c915c1c13bba6b2a4', 'domain_name': 'admin_domain', 'username': 'tempest-GroupsV3TestJSON-565527623', 'project_domain_id': 'f16d2ebb586e416c915c1c13bba6b2a4', 'project_domain_name': 'admin_domain', 'project_id': '1f425f3025c148d5b01cc8b6bf5cebad', 'project_name': 'tempest-GroupsV3TestJSON-565527623', 'tenant_id': '1f425f3025c148d5b01cc8b6bf5cebad', 'tenant_name': 'tempest-GroupsV3TestJSON-565527623', 'user_domain_id': 'f16d2ebb586e416c915c1c13bba6b2a4', 'user_domain_name': 'admin_domain', 'user_id': '5d1ccc30d76640f98d472f1a21b11a12'}, Network: None, Subnet: None, Router: None[00m
2018-10-04 09:48:10.283 5037 INFO tempest.lib.common.dynamic_creds [-] Created isolated network resources for:
 credentials: Credentials: {'domain_id': 'f16d2ebb586e416c915c1c13bba6b2a4', 'domain_name': 'admin_domain', 'username': 'tempest-GroupsV3TestJSON-565527623', 'project_domain_id': 'f16d2ebb586e416c915c1c13bba6b2a4', 'project_domain_name': 'admin_domain', 'project_id': '1f425f3025c148d5b01cc8b6bf5cebad', 'project_name': 'tempest-GroupsV3TestJSON-565527623', 'tenant_id': '1f425f3025c148d5b01cc8b6bf5cebad', 'tenant_name': 'tempest-GroupsV3TestJSON-565527623', 'user_domain_id': 'f16d2ebb586e416c915c1c13bba6b2a4', 'user_domain_name': 'admin_domain', 'user_id': '5d1ccc30d76640f98d472f1a21b11a12'}, Network: None, Subnet: None, Router: None[00m
2018-10-04 09:48:10.385 5040 INFO tempest.lib.common.rest_client [req-9fcb4689-63ae-4790-83e6-71cdf6017d92 ] Request (ServersTestManualDisk:tearDownClass): 200 PUT http://10.245.168.43:9696/v2.0/routers/c2d2fa38-65d0-46bd-8ea0-509dff7a8447/remove_router_interface 2.075s[00m
2018-10-04 09:48:10.714 5037 INFO tempest.lib.common.rest_client [req-95c52eec-58b4-4064-8457-790b2ea8ad73 ] Request (GroupsV3TestJSON:setUpClass): 201 POST http://10.245.168.46:5000/v3/auth/tokens[00m
2018-10-04 09:48:11.099 5037 INFO tempest.lib.common.rest_client [req-f6acaab0-ae7e-41aa-b98e-df83964c2ae2 ] Request (GroupsV3TestJSON:setUpClass): 201 POST http://10.245.168.46:5000/v3/auth/tokens[00m
2018-10-04 09:48:11.169 5037 INFO tempest.lib.common.rest_client [req-2283fb5c-aba6-4565-916b-54cefd7b659e ] Request (GroupsV3TestJSON:setUpClass): 201 POST http://10.245.168.46:35357/v3/domains 0.068s[00m
2018-10-04 09:48:11.243 5037 INFO tempest.lib.common.rest_client [req-0f5a2312-42c1-45b4-ae75-83df212dba06 ] Request (GroupsV3TestJSON:test_group_users_add_list_delete): 201 POST http://10.245.168.46:35357/v3/groups 0.069s[00m
2018-10-04 09:48:11.598 5037 INFO tempest.lib.common.rest_client [req-6b9de8b3-9680-478e-8f21-dad3db26cd5a ] Request (GroupsV3TestJSON:test_group_users_add_list_delete): 201 POST http://10.245.168.46:35357/v3/users 0.352s[00m
2018-10-04 09:48:11.681 5040 INFO tempest.lib.common.rest_client [req-ac79a790-d481-4966-8cc0-08603ee55232 ] Request (ServersTestManualDisk:tearDownClass): 204 DELETE http://10.245.168.43:9696/v2.0/routers/c2d2fa38-65d0-46bd-8ea0-509dff7a8447 1.294s[00m
2018-10-04 09:48:11.691 5037 INFO tempest.lib.common.rest_client [req-dc9efba7-4bd5-4c13-828f-170b2ff2c3d9 ] Request (GroupsV3TestJSON:test_group_users_add_list_delete): 204 PUT http://10.245.168.46:35357/v3/groups/36123be12dd44e3aa4692adb10790bbf/users/dd21da1651424279bf629bc2944a78ba 0.091s[00m
2018-10-04 09:48:12.083 5037 INFO tempest.lib.common.rest_client [req-ae21d9d8-360c-4265-96b9-66cdc753313b ] Request (GroupsV3TestJSON:test_group_users_add_list_delete): 201 POST http://10.245.168.46:35357/v3/users 0.391s[00m
2018-10-04 09:48:12.170 5037 INFO tempest.lib.common.rest_client [req-08b5a980-4888-4a8e-a496-3069b1fdb890 ] Request (GroupsV3TestJSON:test_group_users_add_list_delete): 204 PUT http://10.245.168.46:35357/v3/groups/36123be12dd44e3aa4692adb10790bbf/users/b9cc14eeafea48edaf43bfd5ab0479d7 0.086s[00m
2018-10-04 09:48:12.551 5037 INFO tempest.lib.common.rest_client [req-e5471a5a-5787-454a-ad1f-421b99c24841 ] Request (GroupsV3TestJSON:test_group_users_add_list_delete): 201 POST http://10.245.168.46:35357/v3/users 0.380s[00m
2018-10-04 09:48:12.656 5037 INFO tempest.lib.common.rest_client [req-cb4d2780-b0a6-465e-9658-fe1c55ca55e0 ] Request (GroupsV3TestJSON:test_group_users_add_list_delete): 204 PUT http://10.245.168.46:35357/v3/groups/36123be12dd44e3aa4692adb10790bbf/users/c1ea2e3b49a1462ab29f3c0aee014fdc 0.104s[00m
2018-10-04 09:48:12.729 5037 INFO tempest.lib.common.rest_client [req-3cb3b926-88d2-4204-b2de-9baf001d88a4 ] Request (GroupsV3TestJSON:test_group_users_add_list_delete): 200 GET http://10.245.168.46:35357/v3/groups/36123be12dd44e3aa4692adb10790bbf/users 0.072s[00m
2018-10-04 09:48:12.735 5040 INFO tempest.lib.common.rest_client [req-a90563a0-892b-4ee2-9847-8d143727979f ] Request (ServersTestManualDisk:tearDownClass): 204 DELETE http://10.245.168.43:9696/v2.0/subnets/4d375a19-e83b-46fd-bfc2-78e5bcd5291e 1.052s[00m
2018-10-04 09:48:12.775 5037 INFO tempest.lib.common.rest_client [req-37fe6eb0-0b1d-449d-a1b2-adb220416391 ] Request (GroupsV3TestJSON:test_group_users_add_list_delete): 204 HEAD http://10.245.168.46:35357/v3/groups/36123be12dd44e3aa4692adb10790bbf/users/dd21da1651424279bf629bc2944a78ba 0.045s[00m
2018-10-04 09:48:12.832 5037 INFO tempest.lib.common.rest_client [req-bac2a8bb-1bee-45c5-af4b-2cb9be1b62bd ] Request (GroupsV3TestJSON:test_group_users_add_list_delete): 204 DELETE http://10.245.168.46:35357/v3/groups/36123be12dd44e3aa4692adb10790bbf/users/dd21da1651424279bf629bc2944a78ba 0.056s[00m
2018-10-04 09:48:12.899 5037 INFO tempest.lib.common.rest_client [req-bf7b6ce4-c8bf-4796-88d9-c5a225875a7f ] Request (GroupsV3TestJSON:test_group_users_add_list_delete): 204 HEAD http://10.245.168.46:35357/v3/groups/36123be12dd44e3aa4692adb10790bbf/users/b9cc14eeafea48edaf43bfd5ab0479d7 0.066s[00m
2018-10-04 09:48:12.949 5037 INFO tempest.lib.common.rest_client [req-af441a2f-d5fc-4b9a-8a95-17715824400b ] Request (GroupsV3TestJSON:test_group_users_add_list_delete): 204 DELETE http://10.245.168.46:35357/v3/groups/36123be12dd44e3aa4692adb10790bbf/users/b9cc14eeafea48edaf43bfd5ab0479d7 0.049s[00m
2018-10-04 09:48:13.017 5037 INFO tempest.lib.common.rest_client [req-beed9418-66ed-4121-86bf-6706a9f0631a ] Request (GroupsV3TestJSON:test_group_users_add_list_delete): 204 HEAD http://10.245.168.46:35357/v3/groups/36123be12dd44e3aa4692adb10790bbf/users/c1ea2e3b49a1462ab29f3c0aee014fdc 0.068s[00m
2018-10-04 09:48:13.068 5037 INFO tempest.lib.common.rest_client [req-1d83d4f9-80e7-41f4-8e75-aa2fe8d41c6c ] Request (GroupsV3TestJSON:test_group_users_add_list_delete): 204 DELETE http://10.245.168.46:35357/v3/groups/36123be12dd44e3aa4692adb10790bbf/users/c1ea2e3b49a1462ab29f3c0aee014fdc 0.049s[00m
2018-10-04 09:48:13.126 5037 INFO tempest.lib.common.rest_client [req-5fa7a28f-a41e-47fe-b4e0-788a41646282 ] Request (GroupsV3TestJSON:test_group_users_add_list_delete): 200 GET http://10.245.168.46:35357/v3/groups/36123be12dd44e3aa4692adb10790bbf/users 0.057s[00m
2018-10-04 09:48:13.223 5037 INFO tempest.lib.common.rest_client [req-a3049618-5846-448f-9183-edf42719c665 ] Request (GroupsV3TestJSON:_run_cleanups): 204 DELETE http://10.245.168.46:35357/v3/users/c1ea2e3b49a1462ab29f3c0aee014fdc 0.096s[00m
2018-10-04 09:48:13.344 5037 INFO tempest.lib.common.rest_client [req-f42cf62c-4f44-48eb-8736-5d9dab2ee234 ] Request (GroupsV3TestJSON:_run_cleanups): 204 DELETE http://10.245.168.46:35357/v3/users/b9cc14eeafea48edaf43bfd5ab0479d7 0.119s[00m
2018-10-04 09:48:13.466 5037 INFO tempest.lib.common.rest_client [req-d2b2731b-79ed-4947-a636-efc46cf4ce65 ] Request (GroupsV3TestJSON:_run_cleanups): 204 DELETE http://10.245.168.46:35357/v3/users/dd21da1651424279bf629bc2944a78ba 0.121s[00m
2018-10-04 09:48:13.564 5037 INFO tempest.lib.common.rest_client [req-ee6f909a-39bd-4c45-a9f4-4bd9226fe900 ] Request (GroupsV3TestJSON:_run_cleanups): 204 DELETE http://10.245.168.46:35357/v3/groups/36123be12dd44e3aa4692adb10790bbf 0.097s[00m
{0} tempest.api.identity.admin.v3.test_groups.GroupsV3TestJSON.test_group_users_add_list_delete [2.393131s] ... ok
2018-10-04 09:48:13.652 5037 INFO tempest.lib.common.rest_client [req-bb10f4dc-e197-4500-8efb-febc587735b7 ] Request (GroupsV3TestJSON:tearDownClass): 200 PATCH http://10.245.168.46:35357/v3/domains/49c1539d75c14de2ae00b80d1c80a0d7 0.084s[00m
2018-10-04 09:48:13.798 5037 INFO tempest.lib.common.rest_client [req-4488b931-6d24-4657-ad66-661ccaa6b5ea ] Request (GroupsV3TestJSON:tearDownClass): 204 DELETE http://10.245.168.46:35357/v3/domains/49c1539d75c14de2ae00b80d1c80a0d7 0.144s[00m
2018-10-04 09:48:13.953 5037 INFO tempest.lib.common.rest_client [req-6ce05d42-3bc2-4db7-a360-1b014b188a3a ] Request (GroupsV3TestJSON:tearDownClass): 204 DELETE http://10.245.168.46:35357/v3/users/d5f1ed91c7c24d2a8588f03dbb64ba47 0.154s[00m
2018-10-04 09:48:13.981 5040 INFO tempest.lib.common.rest_client [req-b591ec5b-3171-4f65-a5b6-6924d35014b6 ] Request (ServersTestManualDisk:tearDownClass): 204 DELETE http://10.245.168.43:9696/v2.0/networks/0400cae3-9498-4380-a663-ac1ecab18200 1.245s[00m
2018-10-04 09:48:14.107 5040 INFO tempest.lib.common.rest_client [req-617ea8d0-d95b-4c25-8df8-1f4428e35256 ] Request (ServersTestManualDisk:tearDownClass): 204 DELETE http://10.245.168.46:35357/v3/users/e02100ca21404d3880b3b43d7d203e1d 0.125s[00m
2018-10-04 09:48:14.153 5040 INFO tempest.lib.common.rest_client [req-17f31866-b635-403f-b0f2-66723fda3974 ] Request (ServersTestManualDisk:tearDownClass): 200 GET http://10.245.168.43:9696/v2.0/security-groups?tenant_id=c278619daa184edc834f7ce5ecb71755&name=default 0.045s[00m
2018-10-04 09:48:14.303 5040 INFO tempest.lib.common.rest_client [req-1c92a63a-356d-43da-bffd-1b9c3631ed68 ] Request (ServersTestManualDisk:tearDownClass): 204 DELETE http://10.245.168.43:9696/v2.0/security-groups/4a3e38da-a71e-45ba-b165-ae8931db4354 0.149s[00m
2018-10-04 09:48:14.350 5037 INFO tempest.lib.common.rest_client [req-b0054d69-dde4-446d-9e55-d7bb2ff5355e ] Request (GroupsV3TestJSON:tearDownClass): 201 POST http://10.245.168.46:5000/v3/auth/tokens[00m
2018-10-04 09:48:14.420 5040 INFO tempest.lib.common.rest_client [req-92e42b6f-13cd-41e0-88cb-e449bd5fcc07 ] Request (ServersTestManualDisk:tearDownClass): 204 DELETE http://10.245.168.46:35357/v3/projects/c278619daa184edc834f7ce5ecb71755 0.116s[00m
2018-10-04 09:48:14.708 5037 INFO tempest.lib.common.rest_client [req-e81e1d95-d48b-4809-bf94-259168514578 ] Request (GroupsV3TestJSON:tearDownClass): 200 GET http://10.245.168.43:9696/v2.0/security-groups?tenant_id=ba16ab87c371415da87dfc925fdb88ea&name=default 0.357s[00m
2018-10-04 09:48:14.777 5040 INFO tempest.lib.common.rest_client [req-3e4507a1-956e-47c3-8f71-ef7c77fb8337 ] Request (ServerActionsTestJSON:setUpClass): 201 POST http://10.245.168.46:5000/v3/auth/tokens[00m
2018-10-04 09:48:14.844 5037 INFO tempest.lib.common.rest_client [req-e3a6cb1c-69d3-444f-a912-d0fd0c13c028 ] Request (GroupsV3TestJSON:tearDownClass): 204 DELETE http://10.245.168.43:9696/v2.0/security-groups/be138014-463b-4fad-b38b-a862c5314f4a 0.135s[00m
2018-10-04 09:48:14.958 5037 INFO tempest.lib.common.rest_client [req-4b5b84fe-4a50-43f5-853d-f3aebf3a4f89 ] Request (GroupsV3TestJSON:tearDownClass): 204 DELETE http://10.245.168.46:35357/v3/projects/ba16ab87c371415da87dfc925fdb88ea 0.113s[00m
2018-10-04 09:48:15.102 5037 INFO tempest.lib.common.rest_client [req-ac044f72-0afe-4554-a584-cc2b4ba8ed59 ] Request (GroupsV3TestJSON:tearDownClass): 204 DELETE http://10.245.168.46:35357/v3/users/5d1ccc30d76640f98d472f1a21b11a12 0.143s[00m
2018-10-04 09:48:15.161 5040 INFO tempest.lib.common.rest_client [req-2d2f7ac0-6d68-4d30-bc60-54d09747b56a ] Request (ServerActionsTestJSON:setUpClass): 201 POST http://10.245.168.46:5000/v3/auth/tokens[00m
2018-10-04 09:48:15.191 5040 INFO tempest.lib.common.rest_client [req-61eee1d1-06a4-47a7-9da3-946272613935 ] Request (ServerActionsTestJSON:setUpClass): 200 GET http://10.245.168.46:35357/v3/domains?name=admin_domain 0.029s[00m
