2018-10-04 09:47:02.258 5040 INFO tempest.lib.common.rest_client [req-2e785ada-2c1f-4650-aabc-91abcddc3645 ] Request (AttachInterfacesUnderV243Test:test_add_remove_fixed_ip): 200 GET http://10.245.168.35:8774/v2.1/servers/26b54eef-93c1-4ad3-860b-4e617d28d4b9 0.168s[00m
2018-10-04 09:47:03.436 5040 INFO tempest.lib.common.rest_client [req-21e8dba4-d7a9-4c38-a67e-4de4de51b3a5 ] Request (AttachInterfacesUnderV243Test:test_add_remove_fixed_ip): 200 GET http://10.245.168.35:8774/v2.1/servers/26b54eef-93c1-4ad3-860b-4e617d28d4b9 0.168s[00m
2018-10-04 09:47:03.586 5037 INFO tempest.lib.common.rest_client [req-c7c4127b-625c-40c0-af60-873d6e340d9d ] Request (ServersTestBootFromVolume:setUpClass): 202 POST http://10.245.168.41:8776/v3/24bdd2cd304d4452b7c57f7c4fd01345/volumes 4.197s[00m
2018-10-04 09:47:04.624 5040 INFO tempest.lib.common.rest_client [req-2dfbb25b-8a24-4a98-85aa-0116980a796f ] Request (AttachInterfacesUnderV243Test:test_add_remove_fixed_ip): 200 GET http://10.245.168.35:8774/v2.1/servers/26b54eef-93c1-4ad3-860b-4e617d28d4b9 0.179s[00m
2018-10-04 09:47:05.800 5040 INFO tempest.lib.common.rest_client [req-62f6a5eb-36ad-4ad0-a4eb-8fbb3e81193b ] Request (AttachInterfacesUnderV243Test:test_add_remove_fixed_ip): 200 GET http://10.245.168.35:8774/v2.1/servers/26b54eef-93c1-4ad3-860b-4e617d28d4b9 0.167s[00m
2018-10-04 09:47:06.552 5037 INFO tempest.lib.common.rest_client [req-c5d6a283-00ab-4c76-880e-387634b41db0 ] Request (ServersTestBootFromVolume:setUpClass): 200 GET http://10.245.168.41:8776/v3/24bdd2cd304d4452b7c57f7c4fd01345/volumes/d1c8da0b-04a1-4aae-b27e-24396c77a6ac 2.965s[00m
2018-10-04 09:47:06.973 5040 INFO tempest.lib.common.rest_client [req-aeb23f0f-a9be-489f-8b2f-ba6e2d11b25b ] Request (AttachInterfacesUnderV243Test:test_add_remove_fixed_ip): 200 GET http://10.245.168.35:8774/v2.1/servers/26b54eef-93c1-4ad3-860b-4e617d28d4b9 0.166s[00m
2018-10-04 09:47:06.981 5040 INFO tempest.common.waiters [-] State transition "BUILD/spawning" ==> "ACTIVE/None" after 12 second wait[00m
2018-10-04 09:47:07.095 5040 INFO tempest.lib.common.rest_client [req-7d8b742c-7f10-4452-94b3-337e1059d52f ] Request (AttachInterfacesUnderV243Test:test_add_remove_fixed_ip): 200 GET http://10.245.168.35:8774/v2.1/servers/26b54eef-93c1-4ad3-860b-4e617d28d4b9/os-interface 0.114s[00m
2018-10-04 09:47:07.194 5040 INFO tempest.lib.common.rest_client [req-859944ba-94d5-400a-8555-8cadf7ad3fdd ] Request (AttachInterfacesUnderV243Test:test_add_remove_fixed_ip): 200 GET http://10.245.168.35:8774/v2.1/servers/26b54eef-93c1-4ad3-860b-4e617d28d4b9/os-interface/ac669c6d-2b39-4de3-af08-cf5239189ea3 0.093s[00m
2018-10-04 09:47:07.258 5040 INFO tempest.lib.common.rest_client [req-b5eef1ae-1238-4b42-96b2-eb8fefdc8f5c ] Request (AttachInterfacesUnderV243Test:test_add_remove_fixed_ip): 202 POST http://10.245.168.35:8774/v2.1/servers/26b54eef-93c1-4ad3-860b-4e617d28d4b9/action 0.060s[00m
2018-10-04 09:47:07.526 5040 INFO tempest.lib.common.rest_client [req-7faf4485-2c22-4af6-9d10-a7b9555a2b1a ] Request (AttachInterfacesUnderV243Test:test_add_remove_fixed_ip): 200 GET http://10.245.168.35:8774/v2.1/servers/26b54eef-93c1-4ad3-860b-4e617d28d4b9 0.265s[00m
2018-10-04 09:47:07.584 5040 INFO tempest.lib.common.rest_client [req-b6aa1d6b-6bcc-4e08-9864-c5223d36b4f6 ] Request (AttachInterfacesUnderV243Test:test_add_remove_fixed_ip): 202 POST http://10.245.168.35:8774/v2.1/servers/26b54eef-93c1-4ad3-860b-4e617d28d4b9/action 0.048s[00m
{1} tempest.api.compute.servers.test_attach_interfaces.AttachInterfacesUnderV243Test.test_add_remove_fixed_ip [15.072320s] ... ok
2018-10-04 09:47:07.643 5037 INFO tempest.lib.common.rest_client [req-7703a831-a0a9-414d-9039-baee8ebc0aaa ] Request (ServersTestBootFromVolume:setUpClass): 200 GET http://10.245.168.41:8776/v3/24bdd2cd304d4452b7c57f7c4fd01345/volumes/d1c8da0b-04a1-4aae-b27e-24396c77a6ac 0.088s[00m
2018-10-04 09:47:07.877 5040 INFO tempest.lib.common.rest_client [req-cadd6baf-e3c7-4679-9ebd-cfd6fb74afa2 ] Request (AttachInterfacesUnderV243Test:tearDownClass): 204 DELETE http://10.245.168.35:8774/v2.1/servers/26b54eef-93c1-4ad3-860b-4e617d28d4b9 0.287s[00m
2018-10-04 09:47:08.363 5040 INFO tempest.lib.common.rest_client [req-a5d9f412-bdf1-4aac-af33-f4c794a8e863 ] Request (AttachInterfacesUnderV243Test:tearDownClass): 200 GET http://10.245.168.35:8774/v2.1/servers/26b54eef-93c1-4ad3-860b-4e617d28d4b9 0.484s[00m
2018-10-04 09:47:10.241 5040 INFO tempest.lib.common.rest_client [req-271dfe83-274e-441a-b687-fd410545062a ] Request (AttachInterfacesUnderV243Test:tearDownClass): 200 GET http://10.245.168.35:8774/v2.1/servers/26b54eef-93c1-4ad3-860b-4e617d28d4b9 0.867s[00m
2018-10-04 09:47:11.302 5040 INFO tempest.lib.common.rest_client [req-07eae931-86cc-41cd-88ba-0f230cc1712b ] Request (AttachInterfacesUnderV243Test:tearDownClass): 404 GET http://10.245.168.35:8774/v2.1/servers/26b54eef-93c1-4ad3-860b-4e617d28d4b9 0.051s[00m
2018-10-04 09:47:11.539 5037 INFO tempest.lib.common.rest_client [req-33fc94dc-8cc4-4362-a84e-4101f4cebdd8 ] Request (ServersTestBootFromVolume:setUpClass): 200 GET http://10.245.168.41:8776/v3/24bdd2cd304d4452b7c57f7c4fd01345/volumes/d1c8da0b-04a1-4aae-b27e-24396c77a6ac 2.891s[00m
2018-10-04 09:47:11.541 5037 INFO tempest.common.waiters [-] volume d1c8da0b-04a1-4aae-b27e-24396c77a6ac reached available after waiting for 5.541408 seconds[00m
2018-10-04 09:47:11.737 5040 INFO tempest.lib.common.rest_client [req-dd4c458c-5430-4055-893a-f745b1759517 ] Request (AttachInterfacesUnderV243Test:tearDownClass): 204 DELETE http://10.245.168.43:9696/v2.0/subnets/1d2363c3-5d5a-457c-bdb3-904b92f05a87 0.434s[00m
2018-10-04 09:47:12.518 5040 INFO tempest.lib.common.rest_client [req-85a81b0d-3a15-4b40-b163-743b0bc2d06e ] Request (AttachInterfacesUnderV243Test:tearDownClass): 204 DELETE http://10.245.168.43:9696/v2.0/networks/3e2f11f5-c6cc-4efd-a436-d9c90121b3e9 0.780s[00m
2018-10-04 09:47:12.645 5040 INFO tempest.lib.common.rest_client [req-ad962338-f846-4217-878e-3c61d2814114 ] Request (AttachInterfacesUnderV243Test:tearDownClass): 204 DELETE http://10.245.168.46:35357/v3/users/e0507f9d906a4110bf25fdc6e4bc0638 0.126s[00m
2018-10-04 09:47:12.694 5040 INFO tempest.lib.common.rest_client [req-be31b646-75a6-4172-889d-2cfcf9044a50 ] Request (AttachInterfacesUnderV243Test:tearDownClass): 200 GET http://10.245.168.43:9696/v2.0/security-groups?tenant_id=a1f04bef180f4780b4150f3beea33a21&name=default 0.048s[00m
2018-10-04 09:47:12.833 5040 INFO tempest.lib.common.rest_client [req-4f4b5412-5deb-40d0-a97e-21b808b41501 ] Request (AttachInterfacesUnderV243Test:tearDownClass): 204 DELETE http://10.245.168.43:9696/v2.0/security-groups/a9ec8b62-bb48-464e-96ad-3b2f1e6bf698 0.138s[00m
2018-10-04 09:47:12.956 5040 INFO tempest.lib.common.rest_client [req-d2b6fe86-2c01-4a6f-a928-e724ac5eea5d ] Request (AttachInterfacesUnderV243Test:tearDownClass): 204 DELETE http://10.245.168.46:35357/v3/projects/a1f04bef180f4780b4150f3beea33a21 0.122s[00m
2018-10-04 09:47:13.366 5040 INFO tempest.lib.common.rest_client [req-9c16ce9e-40df-4100-9516-12a20d0f7a2b ] Request (ServersTestJSON:setUpClass): 201 POST http://10.245.168.46:5000/v3/auth/tokens[00m
2018-10-04 09:47:13.751 5040 INFO tempest.lib.common.rest_client [req-8d06d62b-da3e-4027-b846-3b7a1b5ab119 ] Request (ServersTestJSON:setUpClass): 201 POST http://10.245.168.46:5000/v3/auth/tokens[00m
2018-10-04 09:47:13.781 5040 INFO tempest.lib.common.rest_client [req-e8783ea7-f381-4409-a56e-c361802af5f3 ] Request (ServersTestJSON:setUpClass): 200 GET http://10.245.168.46:35357/v3/domains?name=admin_domain 0.029s[00m
2018-10-04 09:47:13.825 5040 INFO tempest.lib.common.rest_client [req-5c24c9d8-0cff-46b0-b12e-68329c3b134c ] Request (ServersTestJSON:setUpClass): 201 POST http://10.245.168.46:35357/v3/projects 0.042s[00m
2018-10-04 09:47:14.204 5040 INFO tempest.lib.common.rest_client [req-d73ba1ad-09df-41d9-ac1f-4d85066c612c ] Request (ServersTestJSON:setUpClass): 201 POST http://10.245.168.46:35357/v3/users 0.378s[00m
2018-10-04 09:47:14.231 5040 INFO tempest.lib.common.rest_client [req-bae9e368-5b2f-46f5-8ebe-229ef66c8320 ] Request (ServersTestJSON:setUpClass): 200 GET http://10.245.168.46:35357/v3/roles 0.025s[00m
2018-10-04 09:47:14.256 5040 INFO tempest.lib.common.rest_client [req-2fb4d28d-58c6-4ca9-9eeb-bc9fc0c2ae4f ] Request (ServersTestJSON:setUpClass): 200 GET http://10.245.168.46:35357/v3/roles 0.024s[00m
2018-10-04 09:47:14.317 5040 INFO tempest.lib.common.rest_client [req-0083e859-ab55-4f23-a60b-ddb95128eca0 ] Request (ServersTestJSON:setUpClass): 204 PUT http://10.245.168.46:35357/v3/projects/6d0dc200ae35469eb1d03e5545db7914/users/ee3a5901b80648aa9ebdf962e5c38057/roles/fb352b97e58f4c41aa90f686a3b4ae71 0.060s[00m
2018-10-04 09:47:14.317 5040 INFO tempest.lib.common.dynamic_creds [-] Acquired dynamic creds:
 credentials: Credentials: {'domain_id': 'f16d2ebb586e416c915c1c13bba6b2a4', 'domain_name': 'admin_domain', 'username': 'tempest-ServersTestJSON-1600665162', 'project_domain_id': 'f16d2ebb586e416c915c1c13bba6b2a4', 'project_domain_name': 'admin_domain', 'project_id': '6d0dc200ae35469eb1d03e5545db7914', 'project_name': 'tempest-ServersTestJSON-1600665162', 'tenant_id': '6d0dc200ae35469eb1d03e5545db7914', 'tenant_name': 'tempest-ServersTestJSON-1600665162', 'user_domain_id': 'f16d2ebb586e416c915c1c13bba6b2a4', 'user_domain_name': 'admin_domain', 'user_id': 'ee3a5901b80648aa9ebdf962e5c38057'}, Network: None, Subnet: None, Router: None[00m
2018-10-04 09:47:14.710 5040 INFO tempest.lib.common.rest_client [req-50f6784e-5876-4b16-a2de-b0c744c0146f ] Request (ServersTestJSON:setUpClass): 201 POST http://10.245.168.46:5000/v3/auth/tokens[00m
2018-10-04 09:47:15.133 5040 INFO tempest.lib.common.rest_client [req-4bfc8391-165d-470f-a41f-c24b41bfa5aa ] Request (ServersTestJSON:setUpClass): 201 POST http://10.245.168.43:9696/v2.0/networks 0.423s[00m
2018-10-04 09:47:15.433 5037 INFO tempest.lib.common.rest_client [req-eba040dd-93d4-4ed2-8742-1c669d487321 ] Request (ServersTestBootFromVolume:setUpClass): 202 POST http://10.245.168.35:8774/v2.1/servers 3.891s[00m
2018-10-04 09:47:15.510 5037 INFO tempest.lib.common.rest_client [req-a662185b-41ab-4709-b3ba-6c0e69eb94e0 ] Request (ServersTestBootFromVolume:setUpClass): 200 GET http://10.245.168.35:8774/v2.1/servers/9ac3cdb0-505e-4e53-bf96-459aeeacdfec 0.071s[00m
2018-10-04 09:47:15.607 5040 INFO tempest.lib.common.rest_client [req-79d0c704-5efc-4484-8fbe-149c9d51d9b1 ] Request (ServersTestJSON:setUpClass): 201 POST http://10.245.168.43:9696/v2.0/subnets 0.472s[00m
2018-10-04 09:47:16.592 5037 INFO tempest.lib.common.rest_client [req-9471626b-4486-4e10-b187-f0fd9356c6eb ] Request (ServersTestBootFromVolume:setUpClass): 200 GET http://10.245.168.35:8774/v2.1/servers/9ac3cdb0-505e-4e53-bf96-459aeeacdfec 0.070s[00m
2018-10-04 09:47:17.049 5040 INFO tempest.lib.common.rest_client [req-1a7414a6-3f62-45cf-ab7a-10e5b3dbaac3 ] Request (ServersTestJSON:setUpClass): 201 POST http://10.245.168.43:9696/v2.0/routers 1.440s[00m
2018-10-04 09:47:17.709 5037 INFO tempest.lib.common.rest_client [req-2dc8036b-50a5-4da8-af3b-e6a95db9dd86 ] Request (ServersTestBootFromVolume:setUpClass): 200 GET http://10.245.168.35:8774/v2.1/servers/9ac3cdb0-505e-4e53-bf96-459aeeacdfec 0.105s[00m
2018-10-04 09:47:17.719 5037 INFO tempest.common.waiters [-] State transition "BUILD/scheduling" ==> "BUILD/block_device_mapping" after 2 second wait[00m
2018-10-04 09:47:19.093 5037 INFO tempest.lib.common.rest_client [req-271b342c-d98d-4618-a29b-6486d9c5adc3 ] Request (ServersTestBootFromVolume:setUpClass): 200 GET http://10.245.168.35:8774/v2.1/servers/9ac3cdb0-505e-4e53-bf96-459aeeacdfec 0.372s[00m
2018-10-04 09:47:19.083 5040 INFO tempest.lib.common.rest_client [req-037c616c-05c1-479b-933b-2fdf88b0d257 ] Request (ServersTestJSON:setUpClass): 200 PUT http://10.245.168.43:9696/v2.0/routers/11352d5f-90b8-4621-a2b6-21898331ba08/add_router_interface 2.033s[00m
2018-10-04 09:47:19.084 5040 INFO tempest.lib.common.dynamic_creds [-] Created isolated network resources for:
 credentials: Credentials: {'domain_id': 'f16d2ebb586e416c915c1c13bba6b2a4', 'domain_name': 'admin_domain', 'username': 'tempest-ServersTestJSON-1600665162', 'project_domain_id': 'f16d2ebb586e416c915c1c13bba6b2a4', 'project_domain_name': 'admin_domain', 'project_id': '6d0dc200ae35469eb1d03e5545db7914', 'project_name': 'tempest-ServersTestJSON-1600665162', 'tenant_id': '6d0dc200ae35469eb1d03e5545db7914', 'tenant_name': 'tempest-ServersTestJSON-1600665162', 'user_domain_id': 'f16d2ebb586e416c915c1c13bba6b2a4', 'user_domain_name': 'admin_domain', 'user_id': 'ee3a5901b80648aa9ebdf962e5c38057'}, Network: {'id': 'b501a26b-6460-49b2-9e5d-2ac11860c89c', 'name': 'tempest-ServersTestJSON-1886699229-network', 'tenant_id': '6d0dc200ae35469eb1d03e5545db7914', 'admin_state_up': True, 'mtu': 1458, 'status': 'ACTIVE', 'subnets': [], 'shared': False, 'project_id': '6d0dc200ae35469eb1d03e5545db7914', 'dns_domain': '', 'router:external': False, 'provider:network_type': 'gre', 'provider:physical_network': None, 'provider:segmentation_id': 8, 'availability_zone_hints': [], 'is_default': False, 'availability_zones': [], 'ipv4_address_scope': None, 'ipv6_address_scope': None, 'description': '', 'l2_adjacency': True, 'tags': [], 'created_at': '2018-10-04T09:47:14Z', 'updated_at': '2018-10-04T09:47:15Z', 'revision_number': 1}, Subnet: {'id': '5b6e1ef1-2af7-4425-8f75-33f0c660709a', 'name': 'tempest-ServersTestJSON-1886699229-subnet', 'tenant_id': '6d0dc200ae35469eb1d03e5545db7914', 'network_id': 'b501a26b-6460-49b2-9e5d-2ac11860c89c', 'ip_version': 4, 'subnetpool_id': None, 'enable_dhcp': True, 'ipv6_ra_mode': None, 'ipv6_address_mode': None, 'gateway_ip': '172.16.0.1', 'cidr': '172.16.0.0/28', 'allocation_pools': [{'start': '172.16.0.2', 'end': '172.16.0.14'}], 'host_routes': [], 'dns_nameservers': [], 'description': '', 'service_types': [], 'segment_id': None, 'tags': [], 'created_at': '2018-10-04T09:47:15Z', 'updated_at': '2018-10-04T09:47:15Z', 'revision_number': 0, 'project_id': '6d0dc200ae35469eb1d03e5545db7914'}, Router: {'id': '11352d5f-90b8-4621-a2b6-21898331ba08', 'name': 'tempest-ServersTestJSON-1886699229-router', 'tenant_id': '6d0dc200ae35469eb1d03e5545db7914', 'admin_state_up': True, 'status': 'ACTIVE', 'external_gateway_info': {'network_id': 'd4162451-26f5-41e6-bdbf-4c9ea3937d94', 'enable_snat': True, 'external_fixed_ips': [{'subnet_id': '7ee7b5c0-9d9e-4942-9630-14a0ed1e768e', 'ip_address': '10.245.173.8'}]}, 'description': '', 'availability_zones': [], 'distributed': False, 'ha': False, 'availability_zone_hints': [], 'routes': [], 'flavor_id': None, 'tags': [], 'created_at': '2018-10-04T09:47:15Z', 'updated_at': '2018-10-04T09:47:16Z', 'revision_number': 2, 'project_id': '6d0dc200ae35469eb1d03e5545db7914'}[00m
2018-10-04 09:47:19.518 5040 INFO tempest.lib.common.rest_client [req-97543a16-e73d-4e0b-b4fc-f432686847b6 ] Request (ServersTestJSON:setUpClass): 201 POST http://10.245.168.46:5000/v3/auth/tokens[00m
2018-10-04 09:47:19.749 5040 INFO tempest.lib.common.rest_client [req-8a9ef77c-3a00-44b6-96ec-96263058cbe9 ] Request (ServersTestJSON:setUpClass): 200 POST http://10.245.168.35:8774/v2.1/os-keypairs 0.229s[00m
2018-10-04 09:47:19.940 5040 INFO tempest.lib.common.rest_client [req-da2eef62-700d-4e9b-bfa6-85ae343e722e ] Request (ServersTestJSON:setUpClass): 201 POST http://10.245.168.43:9696/v2.0/security-groups 0.186s[00m
2018-10-04 09:47:20.085 5040 INFO tempest.lib.common.rest_client [req-13850d5a-e09a-44a8-aa95-1848ba3a6050 ] Request (ServersTestJSON:setUpClass): 201 POST http://10.245.168.43:9696/v2.0/security-group-rules 0.143s[00m
2018-10-04 09:47:20.220 5040 INFO tempest.lib.common.rest_client [req-b38b962b-4ddd-46c9-8c50-69b49f9cf91f ] Request (ServersTestJSON:setUpClass): 201 POST http://10.245.168.43:9696/v2.0/security-group-rules 0.133s[00m
2018-10-04 09:47:20.428 5037 INFO tempest.lib.common.rest_client [req-b9b74cd7-0826-4bd6-a2cc-b0dcafc82d1f ] Request (ServersTestBootFromVolume:setUpClass): 200 GET http://10.245.168.35:8774/v2.1/servers/9ac3cdb0-505e-4e53-bf96-459aeeacdfec 0.323s[00m
2018-10-04 09:47:21.608 5040 INFO tempest.lib.common.rest_client [req-f8101fff-ff44-4810-8e91-678f2edcf74b ] Request (ServersTestJSON:setUpClass): 201 POST http://10.245.168.43:9696/v2.0/floatingips 1.387s[00m
2018-10-04 09:47:21.603 5037 INFO tempest.lib.common.rest_client [req-aef394dc-3e6c-4180-87b5-b2efd1a8f887 ] Request (ServersTestBootFromVolume:setUpClass): 200 GET http://10.245.168.35:8774/v2.1/servers/9ac3cdb0-505e-4e53-bf96-459aeeacdfec 0.166s[00m
2018-10-04 09:47:21.612 5037 INFO tempest.common.waiters [-] State transition "BUILD/block_device_mapping" ==> "BUILD/spawning" after 6 second wait[00m
2018-10-04 09:47:21.972 5040 INFO tempest.lib.common.rest_client [req-8b8e08f9-9c7f-4d6f-bf4f-a25c00b72056 ] Request (ServersTestJSON:setUpClass): 201 POST http://10.245.168.46:5000/v3/auth/tokens[00m
2018-10-04 09:47:21.973 5040 INFO tempest.lib.common.fixed_network [-] (ServersTestJSON:setUpClass) Found network {'id': 'b501a26b-6460-49b2-9e5d-2ac11860c89c', 'name': 'tempest-ServersTestJSON-1886699229-network', 'tenant_id': '6d0dc200ae35469eb1d03e5545db7914', 'admin_state_up': True, 'mtu': 1458, 'status': 'ACTIVE', 'subnets': [], 'shared': False, 'project_id': '6d0dc200ae35469eb1d03e5545db7914', 'dns_domain': '', 'router:external': False, 'provider:network_type': 'gre', 'provider:physical_network': None, 'provider:segmentation_id': 8, 'availability_zone_hints': [], 'is_default': False, 'availability_zones': [], 'ipv4_address_scope': None, 'ipv6_address_scope': None, 'description': '', 'l2_adjacency': True, 'tags': [], 'created_at': '2018-10-04T09:47:14Z', 'updated_at': '2018-10-04T09:47:15Z', 'revision_number': 1} available for tenant[00m
2018-10-04 09:47:22.778 5037 INFO tempest.lib.common.rest_client [req-641cc921-3f39-409b-8495-b97a7cf04d25 ] Request (ServersTestBootFromVolume:setUpClass): 200 GET http://10.245.168.35:8774/v2.1/servers/9ac3cdb0-505e-4e53-bf96-459aeeacdfec 0.164s[00m
2018-10-04 09:47:23.143 5040 INFO tempest.lib.common.rest_client [req-8bf55d58-8e50-4d55-a4ad-dd798562ecbe ] Request (ServersTestJSON:setUpClass): 202 POST http://10.245.168.35:8774/v2.1/servers 1.169s[00m
2018-10-04 09:47:23.211 5040 INFO tempest.lib.common.rest_client [req-1f289a60-4239-4512-a220-bdd9ae0c9e52 ] Request (ServersTestJSON:setUpClass): 200 GET http://10.245.168.35:8774/v2.1/servers/436defcd-6108-4f19-ae3c-790fd8ac770e 0.065s[00m
2018-10-04 09:47:23.950 5037 INFO tempest.lib.common.rest_client [req-f2cf6c92-9b97-4242-811d-72750e5a2f06 ] Request (ServersTestBootFromVolume:setUpClass): 200 GET http://10.245.168.35:8774/v2.1/servers/9ac3cdb0-505e-4e53-bf96-459aeeacdfec 0.162s[00m
2018-10-04 09:47:24.296 5040 INFO tempest.lib.common.rest_client [req-11b99682-d73d-408b-9d0c-e8caaa2cf15e ] Request (ServersTestJSON:setUpClass): 200 GET http://10.245.168.35:8774/v2.1/servers/436defcd-6108-4f19-ae3c-790fd8ac770e 0.076s[00m
2018-10-04 09:47:25.131 5037 INFO tempest.lib.common.rest_client [req-c2c8d6a3-a7b8-45d0-8c17-6c803d41b2da ] Request (ServersTestBootFromVolume:setUpClass): 200 GET http://10.245.168.35:8774/v2.1/servers/9ac3cdb0-505e-4e53-bf96-459aeeacdfec 0.171s[00m
2018-10-04 09:47:25.145 5037 INFO tempest.common.waiters [-] State transition "BUILD/spawning" ==> "ACTIVE/None" after 10 second wait[00m
2018-10-04 09:47:25.258 5037 INFO tempest.lib.common.rest_client [req-6d2eb2a4-1205-4b06-9afb-d58dd62f1008 ] Request (ServersTestBootFromVolume:setUpClass): 200 GET http://10.245.168.35:8774/v2.1/servers/9ac3cdb0-505e-4e53-bf96-459aeeacdfec/os-interface 0.110s[00m
2018-10-04 09:47:25.425 5040 INFO tempest.lib.common.rest_client [req-2fd591a7-bf51-4ca9-90e8-83e71bd14466 ] Request (ServersTestJSON:setUpClass): 200 GET http://10.245.168.35:8774/v2.1/servers/436defcd-6108-4f19-ae3c-790fd8ac770e 0.118s[00m
2018-10-04 09:47:25.431 5040 INFO tempest.common.waiters [-] State transition "BUILD/scheduling" ==> "BUILD/block_device_mapping" after 2 second wait[00m
2018-10-04 09:47:26.598 5037 INFO tempest.lib.common.rest_client [req-4de9c001-0e80-4f74-b4cf-0d11f64da61f ] Request (ServersTestBootFromVolume:setUpClass): 200 PUT http://10.245.168.43:9696/v2.0/floatingips/9bf36d3e-8d37-4e28-90da-428d5cdcb61f 1.333s[00m
2018-10-04 09:47:26.817 5040 INFO tempest.lib.common.rest_client [req-e8637815-1b5e-441f-9817-0913b01b4f38 ] Request (ServersTestJSON:setUpClass): 200 GET http://10.245.168.35:8774/v2.1/servers/436defcd-6108-4f19-ae3c-790fd8ac770e 0.384s[00m
2018-10-04 09:47:26.822 5040 INFO tempest.common.waiters [-] State transition "BUILD/block_device_mapping" ==> "BUILD/spawning" after 3 second wait[00m
2018-10-04 09:47:26.853 5037 INFO tempest.lib.common.rest_client [req-36a2b2ba-e973-4639-a95d-1ee408c77e06 ] Request (ServersTestBootFromVolume:setUpClass): 200 GET http://10.245.168.35:8774/v2.1/servers/9ac3cdb0-505e-4e53-bf96-459aeeacdfec 0.252s[00m
2018-10-04 09:47:26.927 5037 INFO tempest.lib.common.rest_client [req-e0c886b3-543c-46be-ae57-200671833917 ] Request (ServersTestBootFromVolume:test_list_servers): 200 GET http://10.245.168.35:8774/v2.1/servers 0.062s[00m
{0} tempest.api.compute.servers.test_create_server.ServersTestBootFromVolume.test_list_servers [0.067911s] ... ok
{0} tempest.api.compute.servers.test_create_server.ServersTestBootFromVolume.test_verify_server_details [0.000829s] ... ok
2018-10-04 09:47:27.076 5037 INFO tempest.lib.common.rest_client [req-3e193094-ded4-4bb7-a144-2a13e1b76fe4 ] Request (ServersTestBootFromVolume:tearDownClass): 204 DELETE http://10.245.168.35:8774/v2.1/servers/9ac3cdb0-505e-4e53-bf96-459aeeacdfec 0.141s[00m
2018-10-04 09:47:27.255 5037 INFO tempest.lib.common.rest_client [req-8e06a416-74b0-46d3-b737-287e731fa67d ] Request (ServersTestBootFromVolume:tearDownClass): 200 GET http://10.245.168.35:8774/v2.1/servers/9ac3cdb0-505e-4e53-bf96-459aeeacdfec 0.178s[00m
2018-10-04 09:47:28.226 5040 INFO tempest.lib.common.rest_client [req-f117c74d-bc4d-422b-9252-c16486dfd69a ] Request (ServersTestJSON:setUpClass): 200 GET http://10.245.168.35:8774/v2.1/servers/436defcd-6108-4f19-ae3c-790fd8ac770e 0.402s[00m
2018-10-04 09:47:28.501 5037 INFO tempest.lib.common.rest_client [req-6f21b21a-273f-4fe5-a6c1-8aedf6f0609a ] Request (ServersTestBootFromVolume:tearDownClass): 200 GET http://10.245.168.35:8774/v2.1/servers/9ac3cdb0-505e-4e53-bf96-459aeeacdfec 0.237s[00m
2018-10-04 09:47:29.408 5040 INFO tempest.lib.common.rest_client [req-e48bb43b-ff29-4f2f-b26a-7a46a1d27ecd ] Request (ServersTestJSON:setUpClass): 200 GET http://10.245.168.35:8774/v2.1/servers/436defcd-6108-4f19-ae3c-790fd8ac770e 0.174s[00m
2018-10-04 09:47:29.607 5037 INFO tempest.lib.common.rest_client [req-db6b2de7-1d30-4e2a-95b6-c6325ae22591 ] Request (ServersTestBootFromVolume:tearDownClass): 200 GET http://10.245.168.35:8774/v2.1/servers/9ac3cdb0-505e-4e53-bf96-459aeeacdfec 0.097s[00m
2018-10-04 09:47:30.610 5040 INFO tempest.lib.common.rest_client [req-75ddfb64-d41c-4dde-b443-89e10714ac8b ] Request (ServersTestJSON:setUpClass): 200 GET http://10.245.168.35:8774/v2.1/servers/436defcd-6108-4f19-ae3c-790fd8ac770e 0.188s[00m
2018-10-04 09:47:30.665 5037 INFO tempest.lib.common.rest_client [req-678eacd6-f610-49ff-b968-91e150ebbd23 ] Request (ServersTestBootFromVolume:tearDownClass): 404 GET http://10.245.168.35:8774/v2.1/servers/9ac3cdb0-505e-4e53-bf96-459aeeacdfec 0.050s[00m
2018-10-04 09:47:30.693 5037 INFO tempest.lib.common.rest_client [req-f1300291-0df2-4072-ac31-812553b45a32 ] Request (ServersTestBootFromVolume:tearDownClass): 202 DELETE http://10.245.168.35:8774/v2.1/os-keypairs/tempest-keypair-382679473 0.026s[00m
2018-10-04 09:47:30.838 5037 INFO tempest.lib.common.rest_client [req-ebf7d7c8-e374-4f3e-8456-1960f63e9ef0 ] Request (ServersTestBootFromVolume:tearDownClass): 204 DELETE http://10.245.168.43:9696/v2.0/security-groups/cb30b67b-e381-4a75-8af5-da79617b2d53 0.144s[00m
2018-10-04 09:47:30.861 5037 INFO tempest.lib.common.rest_client [req-b2b1cc4e-3a3c-49ed-8e41-e41180dece40 ] Request (ServersTestBootFromVolume:tearDownClass): 404 GET http://10.245.168.43:9696/v2.0/security-groups/cb30b67b-e381-4a75-8af5-da79617b2d53 0.022s[00m
2018-10-04 09:47:31.504 5037 INFO tempest.lib.common.rest_client [req-38fc35b5-9e25-424c-ac3a-6a9b8b94a427 ] Request (ServersTestBootFromVolume:tearDownClass): 204 DELETE http://10.245.168.43:9696/v2.0/floatingips/9bf36d3e-8d37-4e28-90da-428d5cdcb61f 0.642s[00m
2018-10-04 09:47:31.857 5040 INFO tempest.lib.common.rest_client [req-115eafc0-729a-41aa-bb64-d04f297bccf6 ] Request (ServersTestJSON:setUpClass): 200 GET http://10.245.168.35:8774/v2.1/servers/436defcd-6108-4f19-ae3c-790fd8ac770e 0.236s[00m
2018-10-04 09:47:31.864 5040 INFO tempest.common.waiters [-] State transition "BUILD/spawning" ==> "ACTIVE/None" after 8 second wait[00m
2018-10-04 09:47:32.225 5040 INFO tempest.lib.common.rest_client [req-1e5b2290-7708-4223-8d47-51c564b9cd52 ] Request (ServersTestJSON:setUpClass): 200 GET http://10.245.168.35:8774/v2.1/servers/436defcd-6108-4f19-ae3c-790fd8ac770e/os-interface 0.358s[00m
2018-10-04 09:47:33.515 5040 INFO tempest.lib.common.rest_client [req-9381b278-1120-4e67-b22f-b5fe400d7e96 ] Request (ServersTestJSON:setUpClass): 200 PUT http://10.245.168.43:9696/v2.0/floatingips/8bfa2481-bb3e-46f4-9b11-639dbc19e108 1.286s[00m
2018-10-04 09:47:33.696 5040 INFO tempest.lib.common.rest_client [req-e2d25688-9f8b-4675-9f9e-e62801dc9d14 ] Request (ServersTestJSON:setUpClass): 200 GET http://10.245.168.35:8774/v2.1/servers/436defcd-6108-4f19-ae3c-790fd8ac770e 0.180s[00m
2018-10-04 09:47:33.766 5040 INFO tempest.lib.common.rest_client [req-8327ab0c-a017-4405-9e67-ca6edc9815c1 ] Request (ServersTestJSON:test_list_servers): 200 GET http://10.245.168.35:8774/v2.1/servers 0.062s[00m
{1} tempest.api.compute.servers.test_create_server.ServersTestJSON.test_list_servers [0.065933s] ... ok
{1} tempest.api.compute.servers.test_create_server.ServersTestJSON.test_verify_server_details [0.000794s] ... ok
2018-10-04 09:47:33.912 5040 INFO tempest.lib.common.rest_client [req-8e69e917-e6b0-4d13-9c59-279236be7b20 ] Request (ServersTestJSON:tearDownClass): 204 DELETE http://10.245.168.35:8774/v2.1/servers/436defcd-6108-4f19-ae3c-790fd8ac770e 0.140s[00m
2018-10-04 09:47:34.010 5037 INFO tempest.lib.common.rest_client [req-a128d1b2-daf7-45d4-872f-34ae989c1559 ] Request (ServersTestBootFromVolume:tearDownClass): 200 PUT http://10.245.168.43:9696/v2.0/routers/01efbaea-a64f-4047-a51d-6963a6df2151/remove_router_interface 2.505s[00m
2018-10-04 09:47:34.093 5040 INFO tempest.lib.common.rest_client [req-728b57a4-dcb9-429f-abc8-225a9d9e7bbc ] Request (ServersTestJSON:tearDownClass): 200 GET http://10.245.168.35:8774/v2.1/servers/436defcd-6108-4f19-ae3c-790fd8ac770e 0.180s[00m
2018-10-04 09:47:35.281 5040 INFO tempest.lib.common.rest_client [req-1181456c-ecc0-414f-a2b7-1c425bd8a680 ] Request (ServersTestJSON:tearDownClass): 200 GET http://10.245.168.35:8774/v2.1/servers/436defcd-6108-4f19-ae3c-790fd8ac770e 0.180s[00m
2018-10-04 09:47:35.355 5037 INFO tempest.lib.common.rest_client [req-675a321d-b858-4e30-87cb-4ae9d4dc0b9c ] Request (ServersTestBootFromVolume:tearDownClass): 204 DELETE http://10.245.168.43:9696/v2.0/routers/01efbaea-a64f-4047-a51d-6963a6df2151 1.344s[00m
2018-10-04 09:47:36.337 5040 INFO tempest.lib.common.rest_client [req-42497ddc-7e65-4555-94e8-e4a32e51e558 ] Request (ServersTestJSON:tearDownClass): 404 GET http://10.245.168.35:8774/v2.1/servers/436defcd-6108-4f19-ae3c-790fd8ac770e 0.047s[00m
2018-10-04 09:47:36.368 5040 INFO tempest.lib.common.rest_client [req-e04af2a6-89c1-4cd7-bf8c-da715d2e19fc ] Request (ServersTestJSON:tearDownClass): 202 DELETE http://10.245.168.35:8774/v2.1/os-keypairs/tempest-keypair-1754998764 0.026s[00m
2018-10-04 09:47:36.506 5040 INFO tempest.lib.common.rest_client [req-28196ea1-595a-4fb1-9816-f9ee145b6b40 ] Request (ServersTestJSON:tearDownClass): 204 DELETE http://10.245.168.43:9696/v2.0/security-groups/19f46fd4-7d04-4159-a368-691856d65df8 0.137s[00m
2018-10-04 09:47:36.512 5037 INFO tempest.lib.common.rest_client [req-c23b7429-babc-423f-9b28-54cf01f5e9b8 ] Request (ServersTestBootFromVolume:tearDownClass): 204 DELETE http://10.245.168.43:9696/v2.0/subnets/9dd93e0a-8649-4d46-bee3-ff4189cc7b1a 1.153s[00m
2018-10-04 09:47:36.531 5040 INFO tempest.lib.common.rest_client [req-26b56c5f-9f29-493b-b91c-8f885c955bbc ] Request (ServersTestJSON:tearDownClass): 404 GET http://10.245.168.43:9696/v2.0/security-groups/19f46fd4-7d04-4159-a368-691856d65df8 0.024s[00m
2018-10-04 09:47:37.199 5040 INFO tempest.lib.common.rest_client [req-f2ebeec2-ef77-4f84-92ce-2523e030c6fc ] Request (ServersTestJSON:tearDownClass): 204 DELETE http://10.245.168.43:9696/v2.0/floatingips/8bfa2481-bb3e-46f4-9b11-639dbc19e108 0.667s[00m
2018-10-04 09:47:37.723 5037 INFO tempest.lib.common.rest_client [req-0078946d-8977-4a33-a677-508bf4dd8a05 ] Request (ServersTestBootFromVolume:tearDownClass): 204 DELETE http://10.245.168.43:9696/v2.0/networks/4876b5a5-29a5-49ac-9635-5533458b63de 1.210s[00m
2018-10-04 09:47:37.923 5037 INFO tempest.lib.common.rest_client [req-881c3d8b-a9a9-493d-a91d-9fc7863e7a5b ] Request (ServersTestBootFromVolume:tearDownClass): 204 DELETE http://10.245.168.46:35357/v3/users/66ea8a606afd4ce9ace9e175c22453e4 0.198s[00m
2018-10-04 09:47:37.977 5037 INFO tempest.lib.common.rest_client [req-725abfa3-dcc4-4401-b96f-5f0db4bbfd1d ] Request (ServersTestBootFromVolume:tearDownClass): 200 GET http://10.245.168.43:9696/v2.0/security-groups?tenant_id=24bdd2cd304d4452b7c57f7c4fd01345&name=default 0.050s[00m
2018-10-04 09:47:38.116 5037 INFO tempest.lib.common.rest_client [req-5e93da7a-77b8-45e9-897f-82f452649c5c ] Request (ServersTestBootFromVolume:tearDownClass): 204 DELETE http://10.245.168.43:9696/v2.0/security-groups/947072b1-6429-4856-bb93-153ef0df6819 0.135s[00m
2018-10-04 09:47:38.255 5037 INFO tempest.lib.common.rest_client [req-cc830c1b-9259-43f4-bd8d-64c7217c9199 ] Request (ServersTestBootFromVolume:tearDownClass): 204 DELETE http://10.245.168.46:35357/v3/projects/24bdd2cd304d4452b7c57f7c4fd01345 0.136s[00m
2018-10-04 09:47:38.651 5037 INFO tempest.lib.common.rest_client [req-5bacff46-5d51-4224-8c3c-86969d3d3a49 ] Request (ServerAddressesTestJSON:setUpClass): 201 POST http://10.245.168.46:5000/v3/auth/tokens[00m
2018-10-04 09:47:39.046 5037 INFO tempest.lib.common.rest_client [req-0a714af6-9481-4707-9591-c4265f1f726d ] Request (ServerAddressesTestJSON:setUpClass): 201 POST http://10.245.168.46:5000/v3/auth/tokens[00m
2018-10-04 09:47:39.082 5037 INFO tempest.lib.common.rest_client [req-dcfa2e33-7c17-414a-a8ee-f9b77827d312 ] Request (ServerAddressesTestJSON:setUpClass): 200 GET http://10.245.168.46:35357/v3/domains?name=admin_domain 0.032s[00m
2018-10-04 09:47:39.136 5037 INFO tempest.lib.common.rest_client [req-f683bff4-0301-4f01-bb94-e6d0a374f997 ] Request (ServerAddressesTestJSON:setUpClass): 201 POST http://10.245.168.46:35357/v3/projects 0.052s[00m
2018-10-04 09:47:39.373 5040 INFO tempest.lib.common.rest_client [req-83627d32-98ab-4b42-b792-3b0050171478 ] Request (ServersTestJSON:tearDownClass): 200 PUT http://10.245.168.43:9696/v2.0/routers/11352d5f-90b8-4621-a2b6-21898331ba08/remove_router_interface 2.173s[00m
2018-10-04 09:47:39.514 5037 INFO tempest.lib.common.rest_client [req-533ad7f8-c2bc-4872-a801-31aeb16d8291 ] Request (ServerAddressesTestJSON:setUpClass): 201 POST http://10.245.168.46:35357/v3/users 0.378s[00m
2018-10-04 09:47:39.542 5037 INFO tempest.lib.common.rest_client [req-eccc4b98-8e57-41ad-a478-174e8aa7646a ] Request (ServerAddressesTestJSON:setUpClass): 200 GET http://10.245.168.46:35357/v3/roles 0.026s[00m
2018-10-04 09:47:39.565 5037 INFO tempest.lib.common.rest_client [req-26102041-cf76-40b4-aa18-a37dadc0f814 ] Request (ServerAddressesTestJSON:setUpClass): 200 GET http://10.245.168.46:35357/v3/roles 0.023s[00m
2018-10-04 09:47:39.637 5037 INFO tempest.lib.common.rest_client [req-d3beee9e-fd0c-4572-ba54-4f0cddb731ff ] Request (ServerAddressesTestJSON:setUpClass): 204 PUT http://10.245.168.46:35357/v3/projects/c2fd9e9ccaa54c6f8df447a5e0282ede/users/4015649464f84486bde6bffc6ed99f0d/roles/fb352b97e58f4c41aa90f686a3b4ae71 0.070s[00m
2018-10-04 09:47:39.637 5037 INFO tempest.lib.common.dynamic_creds [-] Acquired dynamic creds:
 credentials: Credentials: {'domain_id': 'f16d2ebb586e416c915c1c13bba6b2a4', 'domain_name': 'admin_domain', 'username': 'tempest-ServerAddressesTestJSON-1929411530', 'project_domain_id': 'f16d2ebb586e416c915c1c13bba6b2a4', 'project_domain_name': 'admin_domain', 'project_id': 'c2fd9e9ccaa54c6f8df447a5e0282ede', 'project_name': 'tempest-ServerAddressesTestJSON-1929411530', 'tenant_id': 'c2fd9e9ccaa54c6f8df447a5e0282ede', 'tenant_name': 'tempest-ServerAddressesTestJSON-1929411530', 'user_domain_id': 'f16d2ebb586e416c915c1c13bba6b2a4', 'user_domain_name': 'admin_domain', 'user_id': '4015649464f84486bde6bffc6ed99f0d'}, Network: None, Subnet: None, Router: None[00m
2018-10-04 09:47:40.031 5037 INFO tempest.lib.common.rest_client [req-fa831d79-06c5-4531-bb7c-351ab14aa255 ] Request (ServerAddressesTestJSON:setUpClass): 201 POST http://10.245.168.46:5000/v3/auth/tokens[00m
2018-10-04 09:47:40.451 5037 INFO tempest.lib.common.rest_client [req-1f3668ec-1d84-4b2b-84d7-c0328dd14d17 ] Request (ServerAddressesTestJSON:setUpClass): 201 POST http://10.245.168.43:9696/v2.0/networks 0.419s[00m
2018-10-04 09:47:40.744 5040 INFO tempest.lib.common.rest_client [req-4ffb4089-0072-402d-a18f-2efb27a55c3a ] Request (ServersTestJSON:tearDownClass): 204 DELETE http://10.245.168.43:9696/v2.0/routers/11352d5f-90b8-4621-a2b6-21898331ba08 1.369s[00m
2018-10-04 09:47:40.934 5037 INFO tempest.lib.common.rest_client [req-25ae6bc9-cbbe-4d4f-8b27-cdd0dae5aa39 ] Request (ServerAddressesTestJSON:setUpClass): 201 POST http://10.245.168.43:9696/v2.0/subnets 0.482s[00m
2018-10-04 09:47:40.935 5037 INFO tempest.lib.common.dynamic_creds [-] Created isolated network resources for:
 credentials: Credentials: {'domain_id': 'f16d2ebb586e416c915c1c13bba6b2a4', 'domain_name': 'admin_domain', 'username': 'tempest-ServerAddressesTestJSON-1929411530', 'project_domain_id': 'f16d2ebb586e416c915c1c13bba6b2a4', 'project_domain_name': 'admin_domain', 'project_id': 'c2fd9e9ccaa54c6f8df447a5e0282ede', 'project_name': 'tempest-ServerAddressesTestJSON-1929411530', 'tenant_id': 'c2fd9e9ccaa54c6f8df447a5e0282ede', 'tenant_name': 'tempest-ServerAddressesTestJSON-1929411530', 'user_domain_id': 'f16d2ebb586e416c915c1c13bba6b2a4', 'user_domain_name': 'admin_domain', 'user_id': '4015649464f84486bde6bffc6ed99f0d'}, Network: {'id': 'ffd4a2cf-5ae2-46bf-a845-eb43a447d606', 'name': 'tempest-ServerAddressesTestJSON-1861072659-network', 'tenant_id': 'c2fd9e9ccaa54c6f8df447a5e0282ede', 'admin_state_up': True, 'mtu': 1458, 'status': 'ACTIVE', 'subnets': [], 'shared': False, 'project_id': 'c2fd9e9ccaa54c6f8df447a5e0282ede', 'dns_domain': '', 'router:external': False, 'provider:network_type': 'gre', 'provider:physical_network': None, 'provider:segmentation_id': 55, 'availability_zone_hints': [], 'is_default': False, 'availability_zones': [], 'ipv4_address_scope': None, 'ipv6_address_scope': None, 'description': '', 'l2_adjacency': True, 'tags': [], 'created_at': '2018-10-04T09:47:40Z', 'updated_at': '2018-10-04T09:47:40Z', 'revision_number': 1}, Subnet: {'id': 'e7196333-15b2-4db3-b9e2-0be60b46f9d6', 'name': 'tempest-ServerAddressesTestJSON-1861072659-subnet', 'tenant_id': 'c2fd9e9ccaa54c6f8df447a5e0282ede', 'network_id': 'ffd4a2cf-5ae2-46bf-a845-eb43a447d606', 'ip_version': 4, 'subnetpool_id': None, 'enable_dhcp': False, 'ipv6_ra_mode': None, 'ipv6_address_mode': None, 'gateway_ip': '172.16.0.1', 'cidr': '172.16.0.0/28', 'allocation_pools': [{'start': '172.16.0.2', 'end': '172.16.0.14'}], 'host_routes': [], 'dns_nameservers': [], 'description': '', 'service_types': [], 'segment_id': None, 'tags': [], 'created_at': '2018-10-04T09:47:40Z', 'updated_at': '2018-10-04T09:47:40Z', 'revision_number': 0, 'project_id': 'c2fd9e9ccaa54c6f8df447a5e0282ede'}, Router: None[00m
2018-10-04 09:47:41.364 5037 INFO tempest.lib.common.rest_client [req-48b93f97-95dd-4c8d-b1b0-05ab37f36c02 ] Request (ServerAddressesTestJSON:setUpClass): 201 POST http://10.245.168.46:5000/v3/auth/tokens[00m
2018-10-04 09:47:41.717 5037 INFO tempest.lib.common.rest_client [req-e49aa61e-e6bf-4312-9eba-72d0dd96adab ] Request (ServerAddressesTestJSON:setUpClass): 201 POST http://10.245.168.46:5000/v3/auth/tokens[00m
2018-10-04 09:47:41.718 5037 INFO tempest.lib.common.fixed_network [-] (ServerAddressesTestJSON:setUpClass) Found network {'id': 'ffd4a2cf-5ae2-46bf-a845-eb43a447d606', 'name': 'tempest-ServerAddressesTestJSON-1861072659-network', 'tenant_id': 'c2fd9e9ccaa54c6f8df447a5e0282ede', 'admin_state_up': True, 'mtu': 1458, 'status': 'ACTIVE', 'subnets': [], 'shared': False, 'project_id': 'c2fd9e9ccaa54c6f8df447a5e0282ede', 'dns_domain': '', 'router:external': False, 'provider:network_type': 'gre', 'provider:physical_network': None, 'provider:segmentation_id': 55, 'availability_zone_hints': [], 'is_default': False, 'availability_zones': [], 'ipv4_address_scope': None, 'ipv6_address_scope': None, 'description': '', 'l2_adjacency': True, 'tags': [], 'created_at': '2018-10-04T09:47:40Z', 'updated_at': '2018-10-04T09:47:40Z', 'revision_number': 1} available for tenant[00m
2018-10-04 09:47:41.767 5040 INFO tempest.lib.common.rest_client [req-af178410-846e-4d06-a3ca-6ca2fbdc0d49 ] Request (ServersTestJSON:tearDownClass): 204 DELETE http://10.245.168.43:9696/v2.0/subnets/5b6e1ef1-2af7-4425-8f75-33f0c660709a 1.022s[00m
2018-10-04 09:47:42.484 5037 INFO tempest.lib.common.rest_client [req-7fdf031b-70f8-4578-80cf-4681901890e1 ] Request (ServerAddressesTestJSON:setUpClass): 202 POST http://10.245.168.35:8774/v2.1/servers 0.765s[00m
2018-10-04 09:47:42.545 5037 INFO tempest.lib.common.rest_client [req-9d02111a-8c56-4b4f-8f14-09be85735fe3 ] Request (ServerAddressesTestJSON:setUpClass): 200 GET http://10.245.168.35:8774/v2.1/servers/b4387775-8b0e-4c9e-9f7a-443d5e0479ed 0.058s[00m
2018-10-04 09:47:43.068 5040 INFO tempest.lib.common.rest_client [req-217c99c4-407c-493d-bbe7-3ae969856279 ] Request (ServersTestJSON:tearDownClass): 204 DELETE http://10.245.168.43:9696/v2.0/networks/b501a26b-6460-49b2-9e5d-2ac11860c89c 1.300s[00m
2018-10-04 09:47:43.202 5040 INFO tempest.lib.common.rest_client [req-60f5818a-3cce-43e9-beb5-8502c3aefb35 ] Request (ServersTestJSON:tearDownClass): 204 DELETE http://10.245.168.46:35357/v3/users/ee3a5901b80648aa9ebdf962e5c38057 0.128s[00m
2018-10-04 09:47:43.254 5040 INFO tempest.lib.common.rest_client [req-a28f6c9b-4fed-4114-8db6-784b8e0a5b66 ] Request (ServersTestJSON:tearDownClass): 200 GET http://10.245.168.43:9696/v2.0/security-groups?tenant_id=6d0dc200ae35469eb1d03e5545db7914&name=default 0.049s[00m
2018-10-04 09:47:43.391 5040 INFO tempest.lib.common.rest_client [req-06723c8d-de3d-4b61-92b1-5c826b13824a ] Request (ServersTestJSON:tearDownClass): 204 DELETE http://10.245.168.43:9696/v2.0/security-groups/a33141c2-1ddf-4994-bad2-f72919737228 0.136s[00m
2018-10-04 09:47:43.549 5040 INFO tempest.lib.common.rest_client [req-5e11a607-9c22-45fe-9a94-1f39d6a98af3 ] Request (ServersTestJSON:tearDownClass): 204 DELETE http://10.245.168.46:35357/v3/projects/6d0dc200ae35469eb1d03e5545db7914 0.157s[00m
2018-10-04 09:47:43.623 5037 INFO tempest.lib.common.rest_client [req-33b2c954-a8a1-417c-9911-6899e70a47a9 ] Request (ServerAddressesTestJSON:setUpClass): 200 GET http://10.245.168.35:8774/v2.1/servers/b4387775-8b0e-4c9e-9f7a-443d5e0479ed 0.069s[00m
2018-10-04 09:47:43.945 5040 INFO tempest.lib.common.rest_client [req-a9efd56d-f821-414c-912b-e761c72cc699 ] Request (ServersTestManualDisk:setUpClass): 201 POST http://10.245.168.46:5000/v3/auth/tokens[00m
2018-10-04 09:47:44.331 5040 INFO tempest.lib.common.rest_client [req-9c76d9de-48f3-4ec2-9856-7f2406510f6d ] Request (ServersTestManualDisk:setUpClass): 201 POST http://10.245.168.46:5000/v3/auth/tokens[00m
2018-10-04 09:47:44.370 5040 INFO tempest.lib.common.rest_client [req-2a31e1b7-3830-4668-9141-960b03c99bd8 ] Request (ServersTestManualDisk:setUpClass): 200 GET http://10.245.168.46:35357/v3/domains?name=admin_domain 0.038s[00m
2018-10-04 09:47:44.424 5040 INFO tempest.lib.common.rest_client [req-ba007312-6e06-49d4-bbf4-1938af30a72e ] Request (ServersTestManualDisk:setUpClass): 201 POST http://10.245.168.46:35357/v3/projects 0.053s[00m
2018-10-04 09:47:44.731 5037 INFO tempest.lib.common.rest_client [req-15d0f6f8-a6aa-4a49-bc73-42544edb21ff ] Request (ServerAddressesTestJSON:setUpClass): 200 GET http://10.245.168.35:8774/v2.1/servers/b4387775-8b0e-4c9e-9f7a-443d5e0479ed 0.098s[00m
2018-10-04 09:47:44.738 5037 INFO tempest.common.waiters [-] State transition "BUILD/scheduling" ==> "BUILD/spawning" after 2 second wait[00m
2018-10-04 09:47:44.801 5040 INFO tempest.lib.common.rest_client [req-001fc579-1309-473c-8d83-7f2ff660816a ] Request (ServersTestManualDisk:setUpClass): 201 POST http://10.245.168.46:35357/v3/users 0.376s[00m
2018-10-04 09:47:44.831 5040 INFO tempest.lib.common.rest_client [req-0fa85243-7aab-47da-ac5e-e1048c67eeb0 ] Request (ServersTestManualDisk:setUpClass): 200 GET http://10.245.168.46:35357/v3/roles 0.028s[00m
2018-10-04 09:47:44.856 5040 INFO tempest.lib.common.rest_client [req-2365688a-e93d-4ebb-9d94-af458d978f6f ] Request (ServersTestManualDisk:setUpClass): 200 GET http://10.245.168.46:35357/v3/roles 0.023s[00m
2018-10-04 09:47:44.920 5040 INFO tempest.lib.common.rest_client [req-d209dca3-885d-4f28-9b89-195c3eda79ec ] Request (ServersTestManualDisk:setUpClass): 204 PUT http://10.245.168.46:35357/v3/projects/c278619daa184edc834f7ce5ecb71755/users/e02100ca21404d3880b3b43d7d203e1d/roles/fb352b97e58f4c41aa90f686a3b4ae71 0.063s[00m
2018-10-04 09:47:44.921 5040 INFO tempest.lib.common.dynamic_creds [-] Acquired dynamic creds:
 credentials: Credentials: {'domain_id': 'f16d2ebb586e416c915c1c13bba6b2a4', 'domain_name': 'admin_domain', 'username': 'tempest-ServersTestManualDisk-1385125423', 'project_domain_id': 'f16d2ebb586e416c915c1c13bba6b2a4', 'project_domain_name': 'admin_domain', 'project_id': 'c278619daa184edc834f7ce5ecb71755', 'project_name': 'tempest-ServersTestManualDisk-1385125423', 'tenant_id': 'c278619daa184edc834f7ce5ecb71755', 'tenant_name': 'tempest-ServersTestManualDisk-1385125423', 'user_domain_id': 'f16d2ebb586e416c915c1c13bba6b2a4', 'user_domain_name': 'admin_domain', 'user_id': 'e02100ca21404d3880b3b43d7d203e1d'}, Network: None, Subnet: None, Router: None[00m
2018-10-04 09:47:45.323 5040 INFO tempest.lib.common.rest_client [req-33774cf8-ab1a-4fb7-8b8c-2d06bfa6438c ] Request (ServersTestManualDisk:setUpClass): 201 POST http://10.245.168.46:5000/v3/auth/tokens[00m
2018-10-04 09:47:45.745 5040 INFO tempest.lib.common.rest_client [req-3af04ad3-c559-491b-b23c-85115b8a1ac1 ] Request (ServersTestManualDisk:setUpClass): 201 POST http://10.245.168.43:9696/v2.0/networks 0.422s[00m
2018-10-04 09:47:46.133 5037 INFO tempest.lib.common.rest_client [req-6890b09c-6b5c-4eca-b0fd-f88d6a6e3f3d ] Request (ServerAddressesTestJSON:setUpClass): 200 GET http://10.245.168.35:8774/v2.1/servers/b4387775-8b0e-4c9e-9f7a-443d5e0479ed 0.392s[00m
2018-10-04 09:47:46.425 5040 INFO tempest.lib.common.rest_client [req-885e9fb9-bf34-4f2d-8027-aeac52a8e9e8 ] Request (ServersTestManualDisk:setUpClass): 201 POST http://10.245.168.43:9696/v2.0/subnets 0.678s[00m
2018-10-04 09:47:47.302 5037 INFO tempest.lib.common.rest_client [req-a61ebca4-ca9d-4cf5-bda6-8cfc713a201a ] Request (ServerAddressesTestJSON:setUpClass): 200 GET http://10.245.168.35:8774/v2.1/servers/b4387775-8b0e-4c9e-9f7a-443d5e0479ed 0.161s[00m
2018-10-04 09:47:47.896 5040 INFO tempest.lib.common.rest_client [req-45880fae-679f-48a7-bbbb-78397102fb8f ] Request (ServersTestManualDisk:setUpClass): 201 POST http://10.245.168.43:9696/v2.0/routers 1.470s[00m
2018-10-04 09:47:48.484 5037 INFO tempest.lib.common.rest_client [req-31560de6-aa74-4e2a-88ff-97fa8c36bea9 ] Request (ServerAddressesTestJSON:setUpClass): 200 GET http://10.245.168.35:8774/v2.1/servers/b4387775-8b0e-4c9e-9f7a-443d5e0479ed 0.172s[00m
2018-10-04 09:47:49.676 5037 INFO tempest.lib.common.rest_client [req-77a8f6a0-3192-4aaf-9e7d-327620086a0f ] Request (ServerAddressesTestJSON:setUpClass): 200 GET http://10.245.168.35:8774/v2.1/servers/b4387775-8b0e-4c9e-9f7a-443d5e0479ed 0.180s[00m
2018-10-04 09:47:49.847 5040 INFO tempest.lib.common.rest_client [req-b8345d0a-fac8-46e8-907f-5484a468a2ad ] Request (ServersTestManualDisk:setUpClass): 200 PUT http://10.245.168.43:9696/v2.0/routers/c2d2fa38-65d0-46bd-8ea0-509dff7a8447/add_router_interface 1.949s[00m
2018-10-04 09:47:49.847 5040 INFO tempest.lib.common.dynamic_creds [-] Created isolated network resources for:
 credentials: Credentials: {'domain_id': 'f16d2ebb586e416c915c1c13bba6b2a4', 'domain_name': 'admin_domain', 'username': 'tempest-ServersTestManualDisk-1385125423', 'project_domain_id': 'f16d2ebb586e416c915c1c13bba6b2a4', 'project_domain_name': 'admin_domain', 'project_id': 'c278619daa184edc834f7ce5ecb71755', 'project_name': 'tempest-ServersTestManualDisk-1385125423', 'tenant_id': 'c278619daa184edc834f7ce5ecb71755', 'tenant_name': 'tempest-ServersTestManualDisk-1385125423', 'user_domain_id': 'f16d2ebb586e416c915c1c13bba6b2a4', 'user_domain_name': 'admin_domain', 'user_id': 'e02100ca21404d3880b3b43d7d203e1d'}, Network: {'id': '0400cae3-9498-4380-a663-ac1ecab18200', 'name': 'tempest-ServersTestManualDisk-1003268141-network', 'tenant_id': 'c278619daa184edc834f7ce5ecb71755', 'admin_state_up': True, 'mtu': 1458, 'status': 'ACTIVE', 'subnets': [], 'shared': False, 'project_id': 'c278619daa184edc834f7ce5ecb71755', 'dns_domain': '', 'router:external': False, 'provider:network_type': 'gre', 'provider:physical_network': None, 'provider:segmentation_id': 54, 'availability_zone_hints': [], 'is_default': False, 'availability_zones': [], 'ipv4_address_scope': None, 'ipv6_address_scope': None, 'description': '', 'l2_adjacency': True, 'tags': [], 'created_at': '2018-10-04T09:47:45Z', 'updated_at': '2018-10-04T09:47:45Z', 'revision_number': 1}, Subnet: {'id': '4d375a19-e83b-46fd-bfc2-78e5bcd5291e', 'name': 'tempest-ServersTestManualDisk-1003268141-subnet', 'tenant_id': 'c278619daa184edc834f7ce5ecb71755', 'network_id': '0400cae3-9498-4380-a663-ac1ecab18200', 'ip_version': 4, 'subnetpool_id': None, 'enable_dhcp': True, 'ipv6_ra_mode': None, 'ipv6_address_mode': None, 'gateway_ip': '172.16.0.1', 'cidr': '172.16.0.0/28', 'allocation_pools': [{'start': '172.16.0.2', 'end': '172.16.0.14'}], 'host_routes': [], 'dns_nameservers': [], 'description': '', 'service_types': [], 'segment_id': None, 'tags': [], 'created_at': '2018-10-04T09:47:46Z', 'updated_at': '2018-10-04T09:47:46Z', 'revision_number': 0, 'project_id': 'c278619daa184edc834f7ce5ecb71755'}, Router: {'id': 'c2d2fa38-65d0-46bd-8ea0-509dff7a8447', 'name': 'tempest-ServersTestManualDisk-1003268141-router', 'tenant_id': 'c278619daa184edc834f7ce5ecb71755', 'admin_state_up': True, 'status': 'ACTIVE', 'external_gateway_info': {'network_id': 'd4162451-26f5-41e6-bdbf-4c9ea3937d94', 'enable_snat': True, 'external_fixed_ips': [{'subnet_id': '7ee7b5c0-9d9e-4942-9630-14a0ed1e768e', 'ip_address': '10.245.173.6'}]}, 'description': '', 'availability_zones': [], 'distributed': False, 'ha': False, 'availability_zone_hints': [], 'routes': [], 'flavor_id': None, 'tags': [], 'created_at': '2018-10-04T09:47:46Z', 'updated_at': '2018-10-04T09:47:47Z', 'revision_number': 2, 'project_id': 'c278619daa184edc834f7ce5ecb71755'}[00m
2018-10-04 09:47:50.275 5040 INFO tempest.lib.common.rest_client [req-81fa1c9e-d40a-4f38-bca8-ff2201fd2621 ] Request (ServersTestManualDisk:setUpClass): 201 POST http://10.245.168.46:5000/v3/auth/tokens[00m
2018-10-04 09:47:50.600 5040 INFO tempest.lib.common.rest_client [req-fb84564d-abc9-4b26-91dc-417f18e86fc5 ] Request (ServersTestManualDisk:setUpClass): 200 POST http://10.245.168.35:8774/v2.1/os-keypairs 0.324s[00m
2018-10-04 09:47:50.808 5040 INFO tempest.lib.common.rest_client [req-0a240c76-2883-4b89-8349-625c0cfc8198 ] Request (ServersTestManualDisk:setUpClass): 201 POST http://10.245.168.43:9696/v2.0/security-groups 0.205s[00m
2018-10-04 09:47:50.855 5037 INFO tempest.lib.common.rest_client [req-5d421a20-5463-436b-85c7-ccdd1d689990 ] Request (ServerAddressesTestJSON:setUpClass): 200 GET http://10.245.168.35:8774/v2.1/servers/b4387775-8b0e-4c9e-9f7a-443d5e0479ed 0.169s[00m
2018-10-04 09:47:50.953 5040 INFO tempest.lib.common.rest_client [req-ca69a232-8732-4d78-b3d8-1182f5044ced ] Request (ServersTestManualDisk:setUpClass): 201 POST http://10.245.168.43:9696/v2.0/security-group-rules 0.144s[00m
2018-10-04 09:47:51.339 5040 INFO tempest.lib.common.rest_client [req-8e749caa-9801-4518-916b-acd9c3e8ae91 ] Request (ServersTestManualDisk:setUpClass): 201 POST http://10.245.168.43:9696/v2.0/security-group-rules 0.385s[00m
2018-10-04 09:47:52.033 5037 INFO tempest.lib.common.rest_client [req-8a2fa437-e299-427a-943d-f2678691a00f ] Request (ServerAddressesTestJSON:setUpClass): 200 GET http://10.245.168.35:8774/v2.1/servers/b4387775-8b0e-4c9e-9f7a-443d5e0479ed 0.165s[00m
2018-10-04 09:47:52.040 5037 INFO tempest.common.waiters [-] State transition "BUILD/spawning" ==> "ACTIVE/None" after 10 second wait[00m
2018-10-04 09:47:52.092 5037 INFO tempest.lib.common.rest_client [req-cd15f6de-73ee-4d8b-a482-a68663935795 ] Request (ServerAddressesTestJSON:test_list_server_addresses): 200 GET http://10.245.168.35:8774/v2.1/servers/b4387775-8b0e-4c9e-9f7a-443d5e0479ed/ips 0.050s[00m
{0} tempest.api.compute.servers.test_server_addresses.ServerAddressesTestJSON.test_list_server_addresses [0.056366s] ... ok
